PSO EXECUTION
============================
Seed: 677807
Particles: 20
Relays: 2
Iterations: 20
Backend: Simulation
Network Configuration: 2
Area: 500 x 500
Sink: 0, 0
Simulated Relay range: 155
w: 0.8
c1: 1.7
c2: 1.3

Relay Nodes Positions: 
PARTICLE 1: 
55.6663, 88.3789
198.178, 50.52
PARTICLE 2: 
30.5728, 197.514
44.7905, 135.976
PARTICLE 3: 
10.3582, 126.666
53.4975, 9.8619
PARTICLE 4: 
79.6272, 114.44
97.94, 148.009
PARTICLE 5: 
74.9846, 52.0823
132.92, 80.5298
PARTICLE 6: 
165.088, 156.775
43.4364, 102.934
PARTICLE 7: 
119.534, 88.2863
114.711, 160.751
PARTICLE 8: 
20.0476, 44.6305
30.3807, 169.055
PARTICLE 9: 
200.556, 130.893
98.9734, 108.419
PARTICLE 10: 
98.3982, 146.466
115.309, 10.3811
PARTICLE 11: 
130.293, 39.5244
109.96, 173.989
PARTICLE 12: 
56.5204, 201.82
59.694, 127.795
PARTICLE 13: 
52.682, 102.003
156.727, 5.9388
PARTICLE 14: 
214.102, 100.982
68.5939, 92.4785
PARTICLE 15: 
25.1478, 12.4196
30.4311, 62.2374
PARTICLE 16: 
30.7804, 123.63
178.045, 163.366
PARTICLE 17: 
104.996, 111.812
146.342, 200.642
PARTICLE 18: 
162.348, 140.464
29.4788, 70.7291
PARTICLE 19: 
2.98632, 131.941
45.9243, 92.7589
PARTICLE 20: 
42.17, 52.6395
100.833, 167.839
Nodes Positions: 
348.839, 145.731
458.714, 262.122
296.686, 379.924
26.5911, 233.818
326.073, 36.6443
4.86929, 78.7502
155.964, 276.4
414.749, 445.988
428.708, 490.783
176.472, 207.214
445.881, 311.182
11.4878, 126.702
235.83, 464.202
285.89, 140.214
103.284, 69.0493
356.032, 408.389
467.315, 163.937
380.463, 499.806
223.409, 473.389
433.733, 388.728
244.815, 52.8379
42.549, 298.268
259.246, 334.042
24.7262, 218.176
84.738, 404.219
158.466, 182.197
402.989, 7.79621
184.036, 226.404
277.64, 13.7896
318.419, 95.989
98.2772, 24.2165
117.439, 274.542
270.22, 193.58
305.532, 185.983
368.671, 456.231
225.49, 174.203
61.4245, 344.738
51.1051, 106.625
75.5975, 109.317
391.405, 323.666
392.535, 87.4085
198.334, 367.753
135.568, 358.845
416.93, 326.544
200.336, 25.9019
173.89, 247.465
70.4882, 45.4234
308.988, 441.612
485.929, 357.909
38.3399, 63.0491
340.944, 478.738
210.713, 124.691
111, 420.002
496.341, 396.781
125.671, 288.912
144.011, 256.922
480.461, 154.517
364.345, 216.102
456.54, 425.016
255.982, 302.98
All particles start with velocity zero
-- ITERATION 0 --
-------------
Particle: 1:
Relays Coordinates:
55.6663, 88.3789
198.178, 50.52
Evaluation Time: 1.25473 seconds
Resulting Fitness: 0.230556
New local best!
New global best!
-------------
Particle: 2:
Relays Coordinates:
30.5728, 197.514
44.7905, 135.976
Evaluation Time: 1.21344 seconds
Resulting Fitness: 0.191667
New local best!
-------------
Particle: 3:
Relays Coordinates:
10.3582, 126.666
53.4975, 9.8619
Evaluation Time: 1.08697 seconds
Resulting Fitness: 0.152778
New local best!
-------------
Particle: 4:
Relays Coordinates:
79.6272, 114.44
97.94, 148.009
Evaluation Time: 1.25077 seconds
Resulting Fitness: 0.238889
New local best!
New global best!
-------------
Particle: 5:
Relays Coordinates:
74.9846, 52.0823
132.92, 80.5298
Evaluation Time: 1.17668 seconds
Resulting Fitness: 0.175
New local best!
-------------
Particle: 6:
Relays Coordinates:
165.088, 156.775
43.4364, 102.934
Evaluation Time: 1.36639 seconds
Resulting Fitness: 0.311111
New local best!
New global best!
-------------
Particle: 7:
Relays Coordinates:
119.534, 88.2863
114.711, 160.751
Evaluation Time: 1.28652 seconds
Resulting Fitness: 0.319444
New local best!
New global best!
-------------
Particle: 8:
Relays Coordinates:
20.0476, 44.6305
30.3807, 169.055
Evaluation Time: 1.13921 seconds
Resulting Fitness: 0.172222
New local best!
-------------
Particle: 9:
Relays Coordinates:
200.556, 130.893
98.9734, 108.419
Evaluation Time: 1.35947 seconds
Resulting Fitness: 0.283333
New local best!
-------------
Particle: 10:
Relays Coordinates:
98.3982, 146.466
115.309, 10.3811
Evaluation Time: 1.20968 seconds
Resulting Fitness: 0.261111
New local best!
-------------
Particle: 11:
Relays Coordinates:
130.293, 39.5244
109.96, 173.989
Evaluation Time: 1.25717 seconds
Resulting Fitness: 0.330556
New local best!
New global best!
-------------
Particle: 12:
Relays Coordinates:
56.5204, 201.82
59.694, 127.795
Evaluation Time: 1.21741 seconds
Resulting Fitness: 0.258333
New local best!
-------------
Particle: 13:
Relays Coordinates:
52.682, 102.003
156.727, 5.9388
Evaluation Time: 1.11413 seconds
Resulting Fitness: 0.191667
New local best!
-------------
Particle: 14:
Relays Coordinates:
214.102, 100.982
68.5939, 92.4785
Evaluation Time: 1.2882 seconds
Resulting Fitness: 0.297222
New local best!
-------------
Particle: 15:
Relays Coordinates:
25.1478, 12.4196
30.4311, 62.2374
Evaluation Time: 0.996602 seconds
Resulting Fitness: 0.113889
New local best!
-------------
Particle: 16:
Relays Coordinates:
30.7804, 123.63
178.045, 163.366
Evaluation Time: 1.34917 seconds
Resulting Fitness: 0.316667
New local best!
-------------
Particle: 17:
Relays Coordinates:
104.996, 111.812
146.342, 200.642
Evaluation Time: 1.39981 seconds
Resulting Fitness: 0.3
New local best!
-------------
Particle: 18:
Relays Coordinates:
162.348, 140.464
29.4788, 70.7291
Evaluation Time: 1.25953 seconds
Resulting Fitness: 0.291667
New local best!
-------------
Particle: 19:
Relays Coordinates:
2.98632, 131.941
45.9243, 92.7589
Evaluation Time: 1.09857 seconds
Resulting Fitness: 0.147222
New local best!
-------------
Particle: 20:
Relays Coordinates:
42.17, 52.6395
100.833, 167.839
Evaluation Time: 1.2229 seconds
Resulting Fitness: 0.311111
New local best!
Current global best fitness: 0.330556
Current global best relays: 130.293, 39.5244
109.96, 173.989
Particle 1 new velocities: 69.9601, -32.6058
-67.6929, 7.50797
Particle 2 new velocities: 124.466, -101.712
65.7183, 6.07681
Particle 3 new velocities: 59.7242, -98.9477
72.9815, 70.7492
Particle 4 new velocities: 30.8832, -40.3133
1.81546, 23.0523
Particle 5 new velocities: 20.1166, -8.44136
-16.3083, 109.755
Particle 6 new velocities: -1.69228, -7.6753
36.893, 47.3372
Particle 7 new velocities: 0.489119, -15.7075
-4.44173, 14.8814
Particle 8 new velocities: 125.4, -0.468379
29.1401, 3.1189
Particle 9 new velocities: -34.5874, -33.635
10.7899, 14.3329
Particle 10 new velocities: 8.63498, -74.5298
-1.97023, 99.1166
Particle 11 new velocities: 0, 0
0, 0
Particle 12 new velocities: 18.2458, -92.2533
53.7069, 42.9829
Particle 13 new velocities: 72.5483, -41.8954
-26.2808, 26.0419
Particle 14 new velocities: -49.0019, -3.09713
43.3736, 91.7064
Particle 15 new velocities: 49.5381, 22.4997
21.6278, 7.28126
Particle 16 new velocities: 71.0881, -41.1775
-52.6516, 5.28441
Particle 17 new velocities: 18.5556, -64.4322
-7.23998, -33.1685
Particle 18 new velocities: -11.0138, -25.6987
64.0673, 30.6151
Particle 19 new velocities: 7.3411, -68.9156
17.9811, 39.3157
Particle 20 new velocities: 39.8206, -11.4271
6.08734, 4.40191
-- ITERATION 1 --
-------------
Particle: 1:
Relays Coordinates:
125.626, 55.7732
130.485, 58.028
Evaluation Time: 1.07068 seconds
Resulting Fitness: 0.169444
-------------
Particle: 2:
Relays Coordinates:
125.581, 77.5997
89.5122, 115.062
Evaluation Time: 1.17608 seconds
Resulting Fitness: 0.186111
-------------
Particle: 3:
Relays Coordinates:
70.0823, 27.7183
126.479, 80.6111
Evaluation Time: 1.15131 seconds
Resulting Fitness: 0.177778
New local best!
-------------
Particle: 4:
Relays Coordinates:
110.51, 74.1272
99.7554, 171.061
Evaluation Time: 1.27578 seconds
Resulting Fitness: 0.319444
New local best!
-------------
Particle: 5:
Relays Coordinates:
95.1012, 43.641
116.612, 190.284
Evaluation Time: 1.26225 seconds
Resulting Fitness: 0.333333
New local best!
New global best!
-------------
Particle: 6:
Relays Coordinates:
147.057, 134.19
72.2964, 135.244
Evaluation Time: 1.24641 seconds
Resulting Fitness: 0.258333
-------------
Particle: 7:
Relays Coordinates:
120.023, 72.5788
110.269, 175.633
Evaluation Time: 1.27387 seconds
Resulting Fitness: 0.330556
New local best!
-------------
Particle: 8:
Relays Coordinates:
145.448, 44.1621
59.5208, 172.174
Evaluation Time: 1.23681 seconds
Resulting Fitness: 0.238889
New local best!
-------------
Particle: 9:
Relays Coordinates:
149.372, 87.5326
98.787, 110.477
Evaluation Time: 1.23824 seconds
Resulting Fitness: 0.197222
-------------
Particle: 10:
Relays Coordinates:
107.033, 71.936
113.339, 109.498
Evaluation Time: 1.2056 seconds
Resulting Fitness: 0.183333
-------------
Particle: 11:
Relays Coordinates:
130.293, 39.5244
109.96, 173.989
Evaluation Time: 1.29681 seconds
Resulting Fitness: 0.330556
-------------
Particle: 12:
Relays Coordinates:
74.7661, 109.567
113.401, 170.778
Evaluation Time: 1.28746 seconds
Resulting Fitness: 0.305556
New local best!
-------------
Particle: 13:
Relays Coordinates:
125.23, 60.1078
130.446, 31.9807
Evaluation Time: 1.09465 seconds
Resulting Fitness: 0.175
-------------
Particle: 14:
Relays Coordinates:
120.358, 71.3583
81.6243, 134.271
Evaluation Time: 1.21062 seconds
Resulting Fitness: 0.216667
-------------
Particle: 15:
Relays Coordinates:
74.6859, 34.9193
52.0589, 69.5186
Evaluation Time: 1.03087 seconds
Resulting Fitness: 0.127778
New local best!
-------------
Particle: 16:
Relays Coordinates:
101.869, 82.4522
125.393, 168.651
Evaluation Time: 1.27095 seconds
Resulting Fitness: 0.336111
New local best!
New global best!
-------------
Particle: 17:
Relays Coordinates:
123.552, 47.3799
139.102, 167.474
Evaluation Time: 1.31791 seconds
Resulting Fitness: 0.322222
New local best!
-------------
Particle: 18:
Relays Coordinates:
151.335, 114.766
93.5461, 101.344
Evaluation Time: 1.26048 seconds
Resulting Fitness: 0.222222
-------------
Particle: 19:
Relays Coordinates:
10.3274, 63.0257
63.9054, 132.075
Evaluation Time: 1.13643 seconds
Resulting Fitness: 0.172222
New local best!
-------------
Particle: 20:
Relays Coordinates:
81.9906, 41.2123
106.92, 172.241
Evaluation Time: 1.26926 seconds
Resulting Fitness: 0.333333
New local best!
Current global best fitness: 0.336111
Current global best relays: 101.869, 82.4522
125.393, 168.651
Particle 1 new velocities: -25.0189, 29.7808
-43.8465, 133.203
Particle 2 new velocities: -19.1586, -63.5475
37.8255, 35.0102
Particle 3 new velocities: 62.5425, -26.2872
57.0136, 61.8072
Particle 4 new velocities: 22.9529, -27.4948
4.17632, 15.9945
Particle 5 new velocities: 21.552, 37.3995
-10.5164, 80.1188
Particle 6 new velocities: 3.33108, -27.3695
33.5156, 8.27956
Particle 7 new velocities: -4.39221, -9.27128
15.7283, 7.37969
Particle 8 new velocities: 85.996, 29.8089
104.331, 0.639057
Particle 9 new velocities: -43.244, -17.2352
39.7697, 78.029
Particle 10 new velocities: 2.23943, 8.36154
14.8188, 56.6881
Particle 11 new velocities: -7.64345, 52.3762
9.92816, -2.16466
Particle 12 new velocities: 49.7539, -84.6108
44.9469, 32.8691
Particle 13 new velocities: 28.2735, 31.5325
-15.7472, -20.7116
Particle 14 new velocities: -1.86054, 52.8876
65.021, 60.7478
Particle 15 new velocities: 61.6646, 48.7963
33.169, 25.3669
Particle 16 new velocities: 56.8705, -32.942
-42.1213, 4.22753
Particle 17 new velocities: 11.5365, -12.5691
-22.6484, -25.09
Particle 18 new velocities: -9.59945, -17.2165
-1.24948, 36.5475
Particle 19 new velocities: 64.2403, -44.4656
48.5948, 66.0497
Particle 20 new velocities: 38.7665, 2.09786
27.4885, -0.763016
-- ITERATION 2 --
-------------
Particle: 1:
Relays Coordinates:
100.608, 85.5539
86.6382, 191.231
Evaluation Time: 1.25717 seconds
Resulting Fitness: 0.347222
New local best!
New global best!
-------------
Particle: 2:
Relays Coordinates:
106.423, 14.0522
127.338, 150.073
Evaluation Time: 1.26023 seconds
Resulting Fitness: 0.283333
New local best!
-------------
Particle: 3:
Relays Coordinates:
132.625, 1.43114
183.493, 142.418
Evaluation Time: 1.30366 seconds
Resulting Fitness: 0.263889
New local best!
-------------
Particle: 4:
Relays Coordinates:
133.463, 46.6323
103.932, 187.056
Evaluation Time: 1.31147 seconds
Resulting Fitness: 0.319444
-------------
Particle: 5:
Relays Coordinates:
94.4891, 65.6428
85.9374, 219.027
Evaluation Time: 1.28304 seconds
Resulting Fitness: 0.316667
-------------
Particle: 6:
Relays Coordinates:
121.814, 86.5246
85.7077, 116.254
Evaluation Time: 1.18481 seconds
Resulting Fitness: 0.183333
-------------
Particle: 7:
Relays Coordinates:
115.631, 63.3075
125.998, 183.012
Evaluation Time: 1.34864 seconds
Resulting Fitness: 0.336111
New local best!
-------------
Particle: 8:
Relays Coordinates:
136.665, 43.6791
96.7527, 102.044
Evaluation Time: 1.1942 seconds
Resulting Fitness: 0.158333
-------------
Particle: 9:
Relays Coordinates:
106.128, 70.2974
138.557, 188.506
Evaluation Time: 1.29995 seconds
Resulting Fitness: 0.336111
New local best!
-------------
Particle: 10:
Relays Coordinates:
109.273, 80.2976
128.157, 166.186
Evaluation Time: 1.26578 seconds
Resulting Fitness: 0.319444
New local best!
-------------
Particle: 11:
Relays Coordinates:
122.649, 91.9006
119.888, 171.824
Evaluation Time: 1.29154 seconds
Resulting Fitness: 0.302778
-------------
Particle: 12:
Relays Coordinates:
100.861, 20.2146
128.262, 164.954
Evaluation Time: 1.28666 seconds
Resulting Fitness: 0.338889
New local best!
-------------
Particle: 13:
Relays Coordinates:
153.504, 91.6402
114.699, 11.2691
Evaluation Time: 1.1868 seconds
Resulting Fitness: 0.197222
New local best!
-------------
Particle: 14:
Relays Coordinates:
106.648, 111.821
131.981, 175.517
Evaluation Time: 1.32427 seconds
Resulting Fitness: 0.302778
New local best!
-------------
Particle: 15:
Relays Coordinates:
136.351, 83.7155
85.2279, 94.8855
Evaluation Time: 1.17447 seconds
Resulting Fitness: 0.191667
New local best!
-------------
Particle: 16:
Relays Coordinates:
142.865, 44.5591
74.9447, 155.59
Evaluation Time: 1.2385 seconds
Resulting Fitness: 0.241667
-------------
Particle: 17:
Relays Coordinates:
135.088, 34.8108
116.453, 142.384
Evaluation Time: 1.25535 seconds
Resulting Fitness: 0.283333
-------------
Particle: 18:
Relays Coordinates:
127.562, 87.7943
83.0669, 124.103
Evaluation Time: 1.20504 seconds
Resulting Fitness: 0.194444
-------------
Particle: 19:
Relays Coordinates:
60.3998, 15.0337
91.1252, 160.481
Evaluation Time: 1.21649 seconds
Resulting Fitness: 0.261111
New local best!
-------------
Particle: 20:
Relays Coordinates:
120.757, 43.3102
134.409, 171.478
Evaluation Time: 1.26586 seconds
Resulting Fitness: 0.330556
Current global best fitness: 0.347222
Current global best relays: 100.608, 85.5539
86.6382, 191.231
Particle 1 new velocities: -20.0152, 23.8246
-35.0772, 106.562
Particle 2 new velocities: -16.4585, -35.3968
-2.46416, 68.4398
Particle 3 new velocities: 44.9391, 87.1032
31.5863, 63.9108
Particle 4 new velocities: -43.8539, 2.766
-10.8042, -7.59753
Particle 5 new velocities: 25.8435, 46.6525
22.719, 11.0805
Particle 6 new velocities: 16.0395, -0.667779
-42.2209, -2.82574
Particle 7 new velocities: -15.0426, 12.7307
-12.3428, 15.2218
Particle 8 new velocities: 56.576, 74.1913
28.1801, 196.326
Particle 9 new velocities: -38.9697, -2.37506
24.0033, 65.8513
Particle 10 new velocities: 0.622847, 12.0198
-33.215, 61.1765
Particle 11 new velocities: -19.7908, 38.6819
-16.9741, 14.7482
Particle 12 new velocities: 39.4744, 2.81267
6.38589, 50.1571
Particle 13 new velocities: -32.0376, 21.8282
-23.3748, 66.4239
Particle 14 new velocities: -7.97974, 31.0241
49.5903, 55.1356
Particle 15 new velocities: 47.1687, 39.7471
28.1281, 104.114
Particle 16 new velocities: -8.86762, -3.48201
-4.91147, 10.4813
Particle 17 new velocities: -43.5297, 48.5928
-6.33274, 20.493
Particle 18 new velocities: 29.3437, 38.836
-65.1588, 15.4862
Particle 19 new velocities: 67.0022, -7.61305
34.0032, 64.3794
Particle 20 new velocities: 7.07453, 41.8357
-57.2222, 20.5674
-- ITERATION 3 --
-------------
Particle: 1:
Relays Coordinates:
65.2798, 88.5966
41.7644, 241.212
Evaluation Time: 1.23197 seconds
Resulting Fitness: 0.208333
-------------
Particle: 2:
Relays Coordinates:
59.0255, 0
81.9295, 143.366
Evaluation Time: 1.16404 seconds
Resulting Fitness: 0.202778
-------------
Particle: 3:
Relays Coordinates:
129.444, 64.5416
156.793, 150.414
Evaluation Time: 1.29379 seconds
Resulting Fitness: 0.286111
New local best!
-------------
Particle: 4:
Relays Coordinates:
89.6094, 49.3983
93.1276, 179.458
Evaluation Time: 1.2471 seconds
Resulting Fitness: 0.313889
-------------
Particle: 5:
Relays Coordinates:
108.299, 101.066
97.7908, 207.096
Evaluation Time: 1.26916 seconds
Resulting Fitness: 0.311111
-------------
Particle: 6:
Relays Coordinates:
137.853, 85.8568
43.4868, 113.428
Evaluation Time: 1.15258 seconds
Resulting Fitness: 0.216667
-------------
Particle: 7:
Relays Coordinates:
100.589, 76.0383
113.655, 198.234
Evaluation Time: 1.33488 seconds
Resulting Fitness: 0.355556
New local best!
New global best!
-------------
Particle: 8:
Relays Coordinates:
126.786, 77.3348
81.9684, 195.761
Evaluation Time: 1.27488 seconds
Resulting Fitness: 0.327778
New local best!
-------------
Particle: 9:
Relays Coordinates:
48.9583, 49.5153
118.506, 185.427
Evaluation Time: 1.35197 seconds
Resulting Fitness: 0.311111
-------------
Particle: 10:
Relays Coordinates:
109.895, 92.3174
94.9423, 227.362
Evaluation Time: 1.29114 seconds
Resulting Fitness: 0.327778
New local best!
-------------
Particle: 11:
Relays Coordinates:
92.5728, 117.524
92.6225, 167.915
Evaluation Time: 1.27044 seconds
Resulting Fitness: 0.269444
-------------
Particle: 12:
Relays Coordinates:
102.305, 16.7869
98.1581, 156.816
Evaluation Time: 1.28124 seconds
Resulting Fitness: 0.286111
-------------
Particle: 13:
Relays Coordinates:
121.466, 113.468
91.3242, 77.693
Evaluation Time: 1.16878 seconds
Resulting Fitness: 0.191667
-------------
Particle: 14:
Relays Coordinates:
79.9209, 115.705
147.073, 186.828
Evaluation Time: 1.2802 seconds
Resulting Fitness: 0.302778
-------------
Particle: 15:
Relays Coordinates:
120.407, 81.0039
74.3729, 130.564
Evaluation Time: 1.20376 seconds
Resulting Fitness: 0.197222
New local best!
-------------
Particle: 16:
Relays Coordinates:
133.997, 41.0771
70.0332, 166.072
Evaluation Time: 1.2772 seconds
Resulting Fitness: 0.258333
-------------
Particle: 17:
Relays Coordinates:
91.5584, 83.4036
110.121, 162.877
Evaluation Time: 1.26683 seconds
Resulting Fitness: 0.308333
-------------
Particle: 18:
Relays Coordinates:
156.905, 126.63
17.9081, 139.589
Evaluation Time: 1.31228 seconds
Resulting Fitness: 0.277778
-------------
Particle: 19:
Relays Coordinates:
83.5885, 4.86867
82.0967, 147.531
Evaluation Time: 1.2174 seconds
Resulting Fitness: 0.230556
-------------
Particle: 20:
Relays Coordinates:
127.832, 85.1459
77.1863, 192.046
Evaluation Time: 1.34101 seconds
Resulting Fitness: 0.330556
Current global best fitness: 0.355556
Current global best relays: 100.589, 76.0383
113.655, 198.234
Particle 1 new velocities: 35.6338, 14.5908
69.5252, 32.6753
Particle 2 new velocities: 16.2036, 47.1986
8.90778, 121.925
Particle 3 new velocities: 31.901, 78.4262
-0.449081, 79.3912
Particle 4 new velocities: -2.81514, 7.00529
2.90083, 12.5813
Particle 5 new velocities: 16.1184, -79.2765
60.9518, -5.26475
Particle 6 new velocities: -5.14763, 96.4861
17.8292, 7.48296
Particle 7 new velocities: -12.0341, 10.1846
-9.87426, 12.1774
Particle 8 new velocities: 18.201, 59.1702
53.1945, 158.072
Particle 9 new velocities: 31.4276, 32.5969
51.2912, 66.8125
Particle 10 new velocities: -6.42432, -8.96362
-10.5849, 28.4166
Particle 11 new velocities: 47.2409, -93.3539
23.1689, 35.443
Particle 12 new velocities: 29.0813, 34.4433
56.1455, 69.422
Particle 13 new velocities: -2.70798, -35.267
29.9009, 51.7079
Particle 14 new velocities: 13.1842, 5.97013
20.1601, 52.0281
Particle 15 new velocities: 31.6074, 27.9344
62.9482, 150.912
Particle 16 new velocities: -39.0151, 78.9345
89.3581, 49.2926
Particle 17 new velocities: -13.9723, 1.23617
13.1071, 46.5953
Particle 18 new velocities: 19.6509, 6.76702
-6.87966, -48.4539
Particle 19 new velocities: 51.6989, 46.9894
61.3216, 110.413
Particle 20 new velocities: -13.5917, -47.229
36.7437, -1.80547
-- ITERATION 4 --
-------------
Particle: 1:
Relays Coordinates:
90.8223, 92.8687
100.161, 246.499
Evaluation Time: 1.36422 seconds
Resulting Fitness: 0.294444
-------------
Particle: 2:
Relays Coordinates:
49.3578, 30.967
59.5983, 174.057
Evaluation Time: 1.20139 seconds
Resulting Fitness: 0.241667
-------------
Particle: 3:
Relays Coordinates:
105.858, 93.8012
102.577, 150.775
Evaluation Time: 1.26822 seconds
Resulting Fitness: 0.266667
-------------
Particle: 4:
Relays Coordinates:
86.7943, 56.4036
96.0284, 192.039
Evaluation Time: 1.29317 seconds
Resulting Fitness: 0.327778
New local best!
-------------
Particle: 5:
Relays Coordinates:
100.778, 17.6493
128.581, 163.484
Evaluation Time: 1.31616 seconds
Resulting Fitness: 0.330556
-------------
Particle: 6:
Relays Coordinates:
132.706, 182.343
61.3161, 120.911
Evaluation Time: 1.28301 seconds
Resulting Fitness: 0.313889
New local best!
-------------
Particle: 7:
Relays Coordinates:
88.5545, 86.2228
103.781, 210.412
Evaluation Time: 1.32802 seconds
Resulting Fitness: 0.336111
-------------
Particle: 8:
Relays Coordinates:
95.1258, 89.5609
88.6804, 232.15
Evaluation Time: 1.30193 seconds
Resulting Fitness: 0.361111
New local best!
New global best!
-------------
Particle: 9:
Relays Coordinates:
58.6014, 59.8598
123.782, 183.882
Evaluation Time: 1.29298 seconds
Resulting Fitness: 0.316667
-------------
Particle: 10:
Relays Coordinates:
83.8116, 67.5165
68.3295, 207.181
Evaluation Time: 1.24986 seconds
Resulting Fitness: 0.3
-------------
Particle: 11:
Relays Coordinates:
113.249, 19.578
93.7911, 164.72
Evaluation Time: 1.24108 seconds
Resulting Fitness: 0.275
-------------
Particle: 12:
Relays Coordinates:
106.423, 41.4965
124.986, 183.253
Evaluation Time: 1.31047 seconds
Resulting Fitness: 0.325
-------------
Particle: 13:
Relays Coordinates:
118.758, 78.2014
121.225, 129.401
Evaluation Time: 1.1953 seconds
Resulting Fitness: 0.233333
New local best!
-------------
Particle: 14:
Relays Coordinates:
93.1051, 121.675
167.233, 238.856
Evaluation Time: 1.33842 seconds
Resulting Fitness: 0.288889
-------------
Particle: 15:
Relays Coordinates:
123.132, 88.24
111.23, 227.995
Evaluation Time: 1.39964 seconds
Resulting Fitness: 0.316667
New local best!
-------------
Particle: 16:
Relays Coordinates:
94.9824, 120.012
159.391, 215.364
Evaluation Time: 1.41516 seconds
Resulting Fitness: 0.305556
-------------
Particle: 17:
Relays Coordinates:
77.5861, 84.6397
123.228, 209.472
Evaluation Time: 1.35439 seconds
Resulting Fitness: 0.322222
-------------
Particle: 18:
Relays Coordinates:
158.901, 120.058
9.92558, 82.0215
Evaluation Time: 1.25735 seconds
Resulting Fitness: 0.236111
-------------
Particle: 19:
Relays Coordinates:
98.6245, 37.8046
104.552, 188.041
Evaluation Time: 1.26257 seconds
Resulting Fitness: 0.322222
New local best!
-------------
Particle: 20:
Relays Coordinates:
114.24, 37.9168
113.93, 190.24
Evaluation Time: 1.33257 seconds
Resulting Fitness: 0.308333
Current global best fitness: 0.361111
Current global best relays: 95.1258, 89.5609
88.6804, 232.15
Particle 1 new velocities: 38.0655, 5.19348
49.0769, -28.5313
Particle 2 new velocities: 98.8862, 83.2303
65.2846, 115.874
Particle 3 new velocities: 31.6965, 34.8174
83.6285, 92.0634
Particle 4 new velocities: -1.37849, 7.59331
-3.18341, 60.5423
Particle 5 new velocities: 5.51041, -13.4626
34.6715, 110.8
Particle 6 new velocities: -49.5733, 5.85876
49.2556, 122.549
Particle 7 new velocities: 6.16108, 10.1397
5.39611, 34.7428
Particle 8 new velocities: 14.5608, 47.3362
42.5556, 126.457
Particle 9 new velocities: 75.6031, 68.8746
48.8875, 93.751
Particle 10 new velocities: 40.8383, 30.8925
31.754, 65.163
Particle 11 new velocities: 44.0424, 8.16343
31.8919, 101.805
Particle 12 new velocities: 10.7813, 19.7712
13.4071, 60.6941
Particle 13 new velocities: -6.33129, -23.9902
21.2057, 59.3185
Particle 14 new velocities: 29.5179, -37.4222
-98.0725, -54.4479
Particle 15 new velocities: 5.0295, 22.4784
39.3229, 121.693
Particle 16 new velocities: -30.6964, -36.8601
-53.5837, -6.95258
Particle 17 new velocities: 74.854, -18.6689
26.3885, 18.2965
Particle 18 new velocities: -15.8434, 6.85293
61.771, 75.5276
Particle 19 new velocities: 37.6073, 63.1834
30.9197, 117.305
Particle 20 new velocities: -69.2682, -17.5396
18.0896, 1.74249
-- ITERATION 5 --
-------------
Particle: 1:
Relays Coordinates:
115.999, 88.2559
134.314, 196.171
Evaluation Time: 1.30863 seconds
Resulting Fitness: 0.327778
-------------
Particle: 2:
Relays Coordinates:
120.078, 92.4998
101.155, 234.844
Evaluation Time: 1.35121 seconds
Resulting Fitness: 0.311111
New local best!
-------------
Particle: 3:
Relays Coordinates:
111.42, 104.181
150.826, 196.699
Evaluation Time: 1.34401 seconds
Resulting Fitness: 0.302778
New local best!
-------------
Particle: 4:
Relays Coordinates:
69.1868, 51.8375
75.2045, 204.591
Evaluation Time: 1.28814 seconds
Resulting Fitness: 0.297222
-------------
Particle: 5:
Relays Coordinates:
56.4862, 2.22501
86.7593, 145.765
Evaluation Time: 1.16908 seconds
Resulting Fitness: 0.219444
-------------
Particle: 6:
Relays Coordinates:
60.6036, 137.199
80.6067, 177.483
Evaluation Time: 1.22531 seconds
Resulting Fitness: 0.275
-------------
Particle: 7:
Relays Coordinates:
94.7156, 96.3625
109.177, 245.154
Evaluation Time: 1.38952 seconds
Resulting Fitness: 0.308333
-------------
Particle: 8:
Relays Coordinates:
71.9653, 89.8182
86.1039, 235.282
Evaluation Time: 1.28668 seconds
Resulting Fitness: 0.305556
-------------
Particle: 9:
Relays Coordinates:
108.706, 104.275
139.862, 224.883
Evaluation Time: 1.34012 seconds
Resulting Fitness: 0.333333
-------------
Particle: 10:
Relays Coordinates:
100.966, 79.7113
81.0676, 220.599
Evaluation Time: 1.34858 seconds
Resulting Fitness: 0.358333
New local best!
-------------
Particle: 11:
Relays Coordinates:
92.879, 16.381
74.2145, 157.38
Evaluation Time: 1.24687 seconds
Resulting Fitness: 0.233333
-------------
Particle: 12:
Relays Coordinates:
94.9352, 49.6268
112.098, 197.597
Evaluation Time: 1.29375 seconds
Resulting Fitness: 0.302778
-------------
Particle: 13:
Relays Coordinates:
112.427, 54.2113
142.431, 188.719
Evaluation Time: 1.29202 seconds
Resulting Fitness: 0.327778
New local best!
-------------
Particle: 14:
Relays Coordinates:
122.623, 84.2527
69.1602, 184.409
Evaluation Time: 1.25861 seconds
Resulting Fitness: 0.311111
New local best!
-------------
Particle: 15:
Relays Coordinates:
75.6779, 65.3781
88.9, 206.487
Evaluation Time: 1.25563 seconds
Resulting Fitness: 0.313889
-------------
Particle: 16:
Relays Coordinates:
64.286, 83.1515
105.808, 208.412
Evaluation Time: 1.28706 seconds
Resulting Fitness: 0.316667
-------------
Particle: 17:
Relays Coordinates:
137.196, 59.3737
134.655, 204.992
Evaluation Time: 1.34259 seconds
Resulting Fitness: 0.3
-------------
Particle: 18:
Relays Coordinates:
115.876, 102.798
58.0742, 127.615
Evaluation Time: 1.16914 seconds
Resulting Fitness: 0.197222
-------------
Particle: 19:
Relays Coordinates:
99.313, 73.6202
98.7589, 222.598
Evaluation Time: 1.3 seconds
Resulting Fitness: 0.330556
New local best!
-------------
Particle: 20:
Relays Coordinates:
32.7844, 14.855
96.2423, 139.955
Evaluation Time: 1.20279 seconds
Resulting Fitness: 0.225
Current global best fitness: 0.361111
Current global best relays: 95.1258, 89.5609
88.6804, 232.15
Particle 1 new velocities: -3.96081, 3.20511
-13.9657, -6.42469
Particle 2 new velocities: 74.7446, 66.1102
46.146, 91.1796
Particle 3 new velocities: 10.4208, 15.4765
39.7116, 103.676
Particle 4 new velocities: 30.0583, 56.5321
36.4956, 59.913
Particle 5 new velocities: 90.816, 43.1892
35.9959, 172.12
Particle 6 new velocities: 28.0731, 26.9166
20.3245, 92.9694
Particle 7 new velocities: 6.94928, -19.6942
-11.4116, -3.99261
Particle 8 new velocities: 44.0395, 37.2466
36.5335, 93.842
Particle 9 new velocities: 52.387, 20.6923
20.1269, 72.6408
Particle 10 new velocities: 31.1767, 28.6105
34.8186, 58.4914
Particle 11 new velocities: 64.8709, 51.4885
40.5505, 104.106
Particle 12 new velocities: 8.76844, -14.663
24.084, 45.1118
Particle 13 new velocities: -17.505, 5.12152
-41.2471, 55.2916
Particle 14 new velocities: 13.5049, -27.5668
-59.5527, -34.1961
Particle 15 new velocities: 26.4455, 53.6773
36.2773, 126.524
Particle 16 new velocities: 23.997, -24.608
-44.601, -17.2938
Particle 17 new velocities: 24.1005, -13.4956
19.5804, 0.721602
Particle 18 new velocities: 12.861, 10.488
15.2814, 76.9536
Particle 19 new velocities: 28.9403, 59.1638
14.3199, 97.5401
Particle 20 new velocities: -6.07656, 13.603
12.3702, 141.998
-- ITERATION 6 --
-------------
Particle: 1:
Relays Coordinates:
112.038, 91.4611
120.348, 189.746
Evaluation Time: 1.31092 seconds
Resulting Fitness: 0.330556
-------------
Particle: 2:
Relays Coordinates:
115.041, 93.6576
86.9799, 192.514
Evaluation Time: 1.2904 seconds
Resulting Fitness: 0.322222
New local best!
-------------
Particle: 3:
Relays Coordinates:
88.8217, 87.2303
138.902, 218.973
Evaluation Time: 1.35037 seconds
Resulting Fitness: 0.35
New local best!
-------------
Particle: 4:
Relays Coordinates:
89.3206, 97.5327
100.53, 238.054
Evaluation Time: 1.27166 seconds
Resulting Fitness: 0.302778
-------------
Particle: 5:
Relays Coordinates:
78.2825, 24.135
65.2372, 168.938
Evaluation Time: 1.23283 seconds
Resulting Fitness: 0.238889
-------------
Particle: 6:
Relays Coordinates:
71.8281, 132.934
81.7543, 219.066
Evaluation Time: 1.22856 seconds
Resulting Fitness: 0.291667
-------------
Particle: 7:
Relays Coordinates:
91.4984, 69.0015
87.9887, 217.046
Evaluation Time: 1.28554 seconds
Resulting Fitness: 0.313889
-------------
Particle: 8:
Relays Coordinates:
84.5676, 92.6302
89.4027, 239.931
Evaluation Time: 1.24229 seconds
Resulting Fitness: 0.294444
-------------
Particle: 9:
Relays Coordinates:
117.436, 91.1011
116.632, 216.895
Evaluation Time: 1.32687 seconds
Resulting Fitness: 0.341667
New local best!
-------------
Particle: 10:
Relays Coordinates:
118.929, 97.4896
104.298, 251.181
Evaluation Time: 1.34723 seconds
Resulting Fitness: 0.280556
-------------
Particle: 11:
Relays Coordinates:
115, 49.4768
83.6637, 190.623
Evaluation Time: 1.23643 seconds
Resulting Fitness: 0.311111
-------------
Particle: 12:
Relays Coordinates:
75.5999, 25.4886
99.2769, 176.935
Evaluation Time: 1.24864 seconds
Resulting Fitness: 0.302778
-------------
Particle: 13:
Relays Coordinates:
76.8868, 48.0596
81.9588, 197.649
Evaluation Time: 1.22437 seconds
Resulting Fitness: 0.311111
-------------
Particle: 14:
Relays Coordinates:
136.128, 56.6858
9.60748, 150.213
Evaluation Time: 1.11614 seconds
Resulting Fitness: 0.208333
-------------
Particle: 15:
Relays Coordinates:
67.0031, 78.1123
82.1288, 218.489
Evaluation Time: 1.22227 seconds
Resulting Fitness: 0.294444
-------------
Particle: 16:
Relays Coordinates:
88.283, 58.5435
61.2066, 191.118
Evaluation Time: 1.23045 seconds
Resulting Fitness: 0.302778
-------------
Particle: 17:
Relays Coordinates:
145.167, 41.2903
138.811, 185.142
Evaluation Time: 1.34578 seconds
Resulting Fitness: 0.308333
-------------
Particle: 18:
Relays Coordinates:
115.864, 101.957
66.02, 184.111
Evaluation Time: 1.2543 seconds
Resulting Fitness: 0.269444
-------------
Particle: 19:
Relays Coordinates:
103.885, 107.555
91.5938, 259.312
Evaluation Time: 1.34038 seconds
Resulting Fitness: 0.288889
-------------
Particle: 20:
Relays Coordinates:
14.1937, 15.1238
57.7211, 149.841
Evaluation Time: 1.1389 seconds
Resulting Fitness: 0.177778
Current global best fitness: 0.361111
Current global best relays: 95.1258, 89.5609
88.6804, 232.15
Particle 1 new velocities: -21.3373, -1.11283
-71.7331, 47.7781
Particle 2 new velocities: 53.8031, 51.0087
37.4788, 77.3696
Particle 3 new velocities: 10.8436, 13.4748
10.6263, 87.5757
Particle 4 new velocities: 24.3272, -23.7006
12.5444, 45.7817
Particle 5 new velocities: 105.097, 55.285
91.7268, 220.172
Particle 6 new velocities: 94.3051, 27.0352
-6.2248, -6.49448
Particle 7 new velocities: 12.9798, 11.6825
25.773, -22.4311
Particle 8 new velocities: 55.5731, 22.2818
28.0576, 66.6063
Particle 9 new velocities: 27.8773, 15.5687
-11.6546, 68.1205
Particle 10 new velocities: 6.20136, 16.9435
-1.7552, 26.0183
Particle 11 new velocities: 59.3496, 55.6978
38.5404, 87.5537
Particle 12 new velocities: 22.7087, 47.2383
41.9798, 59.2255
Particle 13 new velocities: 40.8155, 38.3642
67.7552, 70.9083
Particle 14 new velocities: -23.5555, -6.91439
54.9599, 8.42358
Particle 15 new velocities: 56.2446, 50.6668
45.8952, 107.537
Particle 16 new velocities: 43.0704, 41.9857
26.0612, 1.60214
Particle 17 new velocities: -5.17841, 26.8859
-19.7572, 4.30813
Particle 18 new velocities: 31.5899, 31.214
-8.47483, 6.62894
Particle 19 new velocities: 10.2963, 29.2733
22.2021, 15.2977
Particle 20 new velocities: 145.612, 53.6327
78.2442, 142.983
-- ITERATION 7 --
-------------
Particle: 1:
Relays Coordinates:
90.7008, 90.3482
48.6149, 237.524
Evaluation Time: 1.21131 seconds
Resulting Fitness: 0.277778
-------------
Particle: 2:
Relays Coordinates:
110.778, 94.9156
81.6574, 177.071
Evaluation Time: 1.21977 seconds
Resulting Fitness: 0.319444
-------------
Particle: 3:
Relays Coordinates:
72.656, 73.414
109.006, 223.474
Evaluation Time: 1.28368 seconds
Resulting Fitness: 0.272222
-------------
Particle: 4:
Relays Coordinates:
82.8492, 53.8235
82.4313, 206.916
Evaluation Time: 1.2857 seconds
Resulting Fitness: 0.283333
-------------
Particle: 5:
Relays Coordinates:
87.7101, 37.9863
75.0754, 186.11
Evaluation Time: 1.2306 seconds
Resulting Fitness: 0.313889
-------------
Particle: 6:
Relays Coordinates:
109, 104.956
49.5549, 139.468
Evaluation Time: 1.20769 seconds
Resulting Fitness: 0.191667
-------------
Particle: 7:
Relays Coordinates:
104.478, 80.684
113.762, 194.614
Evaluation Time: 1.3169 seconds
Resulting Fitness: 0.352778
-------------
Particle: 8:
Relays Coordinates:
102.163, 83.7708
85.6285, 223.466
Evaluation Time: 1.3123 seconds
Resulting Fitness: 0.352778
-------------
Particle: 9:
Relays Coordinates:
117.704, 86.4025
85.0319, 230.862
Evaluation Time: 1.3348 seconds
Resulting Fitness: 0.316667
-------------
Particle: 10:
Relays Coordinates:
112.617, 102.99
92.2881, 249.479
Evaluation Time: 1.34557 seconds
Resulting Fitness: 0.3
-------------
Particle: 11:
Relays Coordinates:
127.101, 76.6723
89.0868, 202.791
Evaluation Time: 1.31452 seconds
Resulting Fitness: 0.327778
-------------
Particle: 12:
Relays Coordinates:
88.4778, 65.4542
127.131, 212.544
Evaluation Time: 1.37824 seconds
Resulting Fitness: 0.313889
-------------
Particle: 13:
Relays Coordinates:
95.3389, 70.0032
121.268, 217.531
Evaluation Time: 1.36584 seconds
Resulting Fitness: 0.336111
New local best!
-------------
Particle: 14:
Relays Coordinates:
112.572, 49.7715
64.5674, 158.636
Evaluation Time: 1.22319 seconds
Resulting Fitness: 0.227778
-------------
Particle: 15:
Relays Coordinates:
89.8476, 93.88
93.3295, 237.673
Evaluation Time: 1.35039 seconds
Resulting Fitness: 0.297222
-------------
Particle: 16:
Relays Coordinates:
118.218, 90.4763
78.541, 173.448
Evaluation Time: 1.30337 seconds
Resulting Fitness: 0.291667
-------------
Particle: 17:
Relays Coordinates:
125.99, 61.3586
107.149, 170.505
Evaluation Time: 1.27684 seconds
Resulting Fitness: 0.333333
New local best!
-------------
Particle: 18:
Relays Coordinates:
107.494, 97.0816
41.9504, 139.05
Evaluation Time: 1.17501 seconds
Resulting Fitness: 0.194444
-------------
Particle: 19:
Relays Coordinates:
92.487, 110.831
92.1747, 222.434
Evaluation Time: 1.26325 seconds
Resulting Fitness: 0.294444
-------------
Particle: 20:
Relays Coordinates:
104.849, 45.1111
89.2068, 192.122
Evaluation Time: 1.27744 seconds
Resulting Fitness: 0.297222
Current global best fitness: 0.361111
Current global best relays: 95.1258, 89.5609
88.6804, 232.15
Particle 1 new velocities: -4.22539, -7.9902
21.4437, 26.243
Particle 2 new velocities: 32.0239, 39.0716
36.0824, 126.359
Particle 3 new velocities: 28.0057, 24.7345
-11.9018, 66.4917
Particle 4 new velocities: 32.2557, 24.579
31.3347, 40.4506
Particle 5 new velocities: 101.472, 100.11
127.211, 179.729
Particle 6 new velocities: 67.366, 79.9642
22.2892, 97.8164
Particle 7 new velocities: 8.37252, 14.9856
19.1661, 29.6755
Particle 8 new velocities: 24.0478, 21.9935
25.719, 65.4925
Particle 9 new velocities: -4.16528, 17.2184
5.41029, 48.1788
Particle 10 new velocities: -8.29363, 4.45804
-10.2852, -35.2444
Particle 11 new velocities: 44.9373, 20.1711
43.8835, 52.5489
Particle 12 new velocities: 42.5711, -9.18223
27.7825, -24.1353
Particle 13 new velocities: 32.5204, 46.9028
29.1584, 73.0728
Particle 14 new velocities: -14.9206, 89.4701
68.5058, 62.8852
Particle 15 new velocities: 61.3583, 38.6487
44.6074, 72.5211
Particle 16 new velocities: 15.8428, 23.1014
95.5716, -4.55823
Particle 17 new velocities: -7.47777, 51.8769
-19.0676, 57.2267
Particle 18 new velocities: 48.4447, 42.0093
30.2579, -31.7073
Particle 19 new velocities: 10.6202, 7.75005
28.4146, 21.0287
Particle 20 new velocities: 91.1035, 46.4814
81.363, 111.819
-- ITERATION 8 --
-------------
Particle: 1:
Relays Coordinates:
70.0451, 66.71
56.7474, 213.651
Evaluation Time: 1.25593 seconds
Resulting Fitness: 0.288889
-------------
Particle: 2:
Relays Coordinates:
104.103, 97.6767
85.8323, 221.2
Evaluation Time: 1.27302 seconds
Resulting Fitness: 0.333333
New local best!
-------------
Particle: 3:
Relays Coordinates:
73.3824, 71.5502
70.7892, 211.385
Evaluation Time: 1.19414 seconds
Resulting Fitness: 0.286111
-------------
Particle: 4:
Relays Coordinates:
103.594, 70.5623
102.389, 222.63
Evaluation Time: 1.30907 seconds
Resulting Fitness: 0.316667
-------------
Particle: 5:
Relays Coordinates:
124.122, 90.6048
132.72, 240.027
Evaluation Time: 1.37888 seconds
Resulting Fitness: 0.311111
-------------
Particle: 6:
Relays Coordinates:
104.142, 109.193
42.4232, 140.114
Evaluation Time: 1.14393 seconds
Resulting Fitness: 0.186111
-------------
Particle: 7:
Relays Coordinates:
112.851, 95.6695
132.928, 224.29
Evaluation Time: 1.33477 seconds
Resulting Fitness: 0.327778
-------------
Particle: 8:
Relays Coordinates:
102.23, 85.6691
90.1915, 234.056
Evaluation Time: 1.27586 seconds
Resulting Fitness: 0.330556
-------------
Particle: 9:
Relays Coordinates:
91.9665, 83.9329
73.2582, 226.023
Evaluation Time: 1.27952 seconds
Resulting Fitness: 0.347222
New local best!
-------------
Particle: 10:
Relays Coordinates:
104.324, 107.448
82.003, 214.235
Evaluation Time: 1.22336 seconds
Resulting Fitness: 0.308333
-------------
Particle: 11:
Relays Coordinates:
125.416, 70.5989
96.9354, 186.143
Evaluation Time: 1.319 seconds
Resulting Fitness: 0.341667
New local best!
-------------
Particle: 12:
Relays Coordinates:
131.049, 56.272
154.914, 188.409
Evaluation Time: 1.36455 seconds
Resulting Fitness: 0.308333
-------------
Particle: 13:
Relays Coordinates:
103.566, 94.6939
121.846, 235.389
Evaluation Time: 1.32531 seconds
Resulting Fitness: 0.347222
New local best!
-------------
Particle: 14:
Relays Coordinates:
87.8866, 125.317
119.766, 199.369
Evaluation Time: 1.29509 seconds
Resulting Fitness: 0.305556
-------------
Particle: 15:
Relays Coordinates:
110.229, 96.6134
100.556, 226.131
Evaluation Time: 1.30868 seconds
Resulting Fitness: 0.325
New local best!
-------------
Particle: 16:
Relays Coordinates:
108.589, 91.998
141.031, 136.801
Evaluation Time: 1.24433 seconds
Resulting Fitness: 0.230556
-------------
Particle: 17:
Relays Coordinates:
106.661, 101.912
79.2732, 204.959
Evaluation Time: 1.26864 seconds
Resulting Fitness: 0.305556
-------------
Particle: 18:
Relays Coordinates:
155.938, 139.091
72.2083, 107.343
Evaluation Time: 1.23793 seconds
Resulting Fitness: 0.280556
-------------
Particle: 19:
Relays Coordinates:
92.7964, 106.723
108.53, 219.116
Evaluation Time: 1.31747 seconds
Resulting Fitness: 0.313889
-------------
Particle: 20:
Relays Coordinates:
128.564, 60.0939
111.911, 199.416
Evaluation Time: 1.34522 seconds
Resulting Fitness: 0.341667
New local best!
Current global best fitness: 0.361111
Current global best relays: 95.1258, 89.5609
88.6804, 232.15
Particle 1 new velocities: 8.14013, 12.5511
43.2936, 37.5554
Particle 2 new velocities: 17.1129, 22.6282
30.3704, 102.883
Particle 3 new velocities: 63.1637, 61.0846
39.435, 87.7897
Particle 4 new velocities: 19.0482, 35.652
5.1834, 16.9155
Particle 5 new velocities: 47.5608, 37.6175
41.0405, 108.405
Particle 6 new velocities: 60.0738, 155.866
68.5997, 68.9062
Particle 7 new velocities: -6.88242, -11.752
-55.4072, 2.06573
Particle 8 new velocities: 11.6459, 20.537
20.0296, 51.9869
Particle 9 new velocities: -2.57986, 19.417
21.0806, 42.5929
Particle 10 new velocities: -16.0578, -12.9365
-1.3466, 2.14785
Particle 11 new velocities: 3.40177, 22.6376
32.5044, 71.7555
Particle 12 new velocities: -22.3985, -47.7509
-104.1, 31.2182
Particle 13 new velocities: 17.6012, 35.5122
-11.634, 56.9841
Particle 14 new velocities: 16.0951, 2.61285
-35.2178, 66.0851
Particle 15 new velocities: 47.1339, 24.3263
22.2802, 60.5035
Particle 16 new velocities: -5.33724, 4.65147
55.3396, 125.19
Particle 17 new velocities: 0.862463, -3.7468
27.0519, 57.5738
Particle 18 new velocities: 5.58729, 23.2354
13.2872, 53.4018
Particle 19 new velocities: 15.6384, -28.1308
14.8944, 26.677
Particle 20 new velocities: 37.1345, 46.0188
61.2911, 105.592
-- ITERATION 9 --
-------------
Particle: 1:
Relays Coordinates:
63.33, 64.2015
81.0332, 203.477
Evaluation Time: 1.22546 seconds
Resulting Fitness: 0.308333
-------------
Particle: 2:
Relays Coordinates:
88.3663, 87.7022
84.7118, 236.257
Evaluation Time: 1.26556 seconds
Resulting Fitness: 0.302778
-------------
Particle: 3:
Relays Coordinates:
110.602, 107.434
89.2816, 242.332
Evaluation Time: 1.34635 seconds
Resulting Fitness: 0.327778
-------------
Particle: 4:
Relays Coordinates:
110.378, 95.5928
96.8155, 215.591
Evaluation Time: 1.30274 seconds
Resulting Fitness: 0.316667
-------------
Particle: 5:
Relays Coordinates:
112.641, 84.1267
114.004, 228.606
Evaluation Time: 1.31982 seconds
Resulting Fitness: 0.325
-------------
Particle: 6:
Relays Coordinates:
96.968, 156.515
65.5579, 123.425
Evaluation Time: 1.22623 seconds
Resulting Fitness: 0.272222
-------------
Particle: 7:
Relays Coordinates:
105.968, 83.9175
77.5206, 226.356
Evaluation Time: 1.3284 seconds
Resulting Fitness: 0.325
-------------
Particle: 8:
Relays Coordinates:
92.2397, 86.0269
89.2791, 231.695
Evaluation Time: 1.31243 seconds
Resulting Fitness: 0.35
-------------
Particle: 9:
Relays Coordinates:
80.448, 93.015
84.9049, 241.755
Evaluation Time: 1.3737 seconds
Resulting Fitness: 0.302778
-------------
Particle: 10:
Relays Coordinates:
88.2657, 94.5114
80.6564, 216.383
Evaluation Time: 1.25159 seconds
Resulting Fitness: 0.322222
-------------
Particle: 11:
Relays Coordinates:
115.936, 83.9128
116.496, 232.109
Evaluation Time: 1.40386 seconds
Resulting Fitness: 0.327778
-------------
Particle: 12:
Relays Coordinates:
71.2855, 5.59072
33.3387, 144.097
Evaluation Time: 1.15117 seconds
Resulting Fitness: 0.169444
-------------
Particle: 13:
Relays Coordinates:
98.1455, 105.467
89.2715, 236.823
Evaluation Time: 1.31993 seconds
Resulting Fitness: 0.313889
-------------
Particle: 14:
Relays Coordinates:
93.5836, 115.137
76.0932, 238.909
Evaluation Time: 1.29836 seconds
Resulting Fitness: 0.313889
New local best!
-------------
Particle: 15:
Relays Coordinates:
114.718, 88.165
89.5476, 208.957
Evaluation Time: 1.29345 seconds
Resulting Fitness: 0.333333
New local best!
-------------
Particle: 16:
Relays Coordinates:
83.6341, 78.286
159.06, 212.212
Evaluation Time: 1.31613 seconds
Resulting Fitness: 0.269444
-------------
Particle: 17:
Relays Coordinates:
96.7708, 88.3487
95.6925, 236.279
Evaluation Time: 1.32714 seconds
Resulting Fitness: 0.336111
New local best!
-------------
Particle: 18:
Relays Coordinates:
130.836, 131.484
69.2514, 130.203
Evaluation Time: 1.25074 seconds
Resulting Fitness: 0.247222
-------------
Particle: 19:
Relays Coordinates:
97.5914, 70.7329
111.082, 221.214
Evaluation Time: 1.36838 seconds
Resulting Fitness: 0.330556
-------------
Particle: 20:
Relays Coordinates:
120.794, 77.3561
126.264, 222.351
Evaluation Time: 1.37889 seconds
Resulting Fitness: 0.313889
Current global best fitness: 0.361111
Current global best relays: 95.1258, 89.5609
88.6804, 232.15
Particle 1 new velocities: 44.4248, 41.9288
41.747, 35.3414
Particle 2 new velocities: 31.7268, 27.1353
28.1617, 77.5867
Particle 3 new velocities: -1.12857, 16.7097
67.8332, 35.9452
Particle 4 new velocities: -14.9299, -5.76737
-2.82358, -2.61613
Particle 5 new velocities: 13.9592, 9.60891
20.8825, 83.3682
Particle 6 new velocities: 91.8347, 69.5003
52.8678, 106.731
Particle 7 new velocities: -14.1474, -11.2051
-28.6411, -40.6076
Particle 8 new velocities: 15.3381, 22.0662
15.0379, 42.3109
Particle 9 new velocities: 28.4196, 8.26082
12.822, 2.3328
Particle 10 new velocities: 8.32501, -21.7915
2.95001, 7.84005
Particle 11 new velocities: 12.5034, 18.8908
12.0288, 28.5556
Particle 12 new velocities: 19.776, 20.2095
46.9858, 101.877
Particle 13 new velocities: 12.8921, 5.15043
15.1332, 41.0867
Particle 14 new velocities: 14.1389, -25.4562
-21.5406, 48.6938
Particle 15 new velocities: 21.9929, 20.0937
16.9505, 59.9769
Particle 16 new velocities: 12.5611, 19.8378
-82.8575, 111.531
Particle 17 new velocities: -0.330942, -1.4524
17.4659, 42.6072
Particle 18 new velocities: 5.62067, -18.3478
-11.9531, 54.6564
Particle 19 new velocities: 13.5189, -11.3058
-7.47952, 32.1206
Particle 20 new velocities: 12.2153, 35.2105
5.76169, 67.3931
-- ITERATION 10 --
-------------
Particle: 1:
Relays Coordinates:
107.755, 106.13
122.78, 238.819
Evaluation Time: 1.40641 seconds
Resulting Fitness: 0.352778
New local best!
-------------
Particle: 2:
Relays Coordinates:
87.5478, 83.7166
82.2848, 228.792
Evaluation Time: 1.25337 seconds
Resulting Fitness: 0.341667
New local best!
-------------
Particle: 3:
Relays Coordinates:
98.5263, 111.73
141.403, 250.449
Evaluation Time: 1.43495 seconds
Resulting Fitness: 0.308333
-------------
Particle: 4:
Relays Coordinates:
95.4484, 89.8254
93.9919, 212.975
Evaluation Time: 1.29611 seconds
Resulting Fitness: 0.333333
New local best!
-------------
Particle: 5:
Relays Coordinates:
83.0627, 61.4999
88.4992, 204.686
Evaluation Time: 1.24987 seconds
Resulting Fitness: 0.302778
-------------
Particle: 6:
Relays Coordinates:
111.486, 133.46
69.9292, 135.904
Evaluation Time: 1.17921 seconds
Resulting Fitness: 0.211111
-------------
Particle: 7:
Relays Coordinates:
91.8209, 72.7124
48.8794, 185.748
Evaluation Time: 1.21711 seconds
Resulting Fitness: 0.244444
-------------
Particle: 8:
Relays Coordinates:
96.8201, 97.2839
93.8853, 246.605
Evaluation Time: 1.31064 seconds
Resulting Fitness: 0.305556
-------------
Particle: 9:
Relays Coordinates:
108.868, 101.276
97.7269, 244.088
Evaluation Time: 1.33153 seconds
Resulting Fitness: 0.333333
-------------
Particle: 10:
Relays Coordinates:
96.5907, 72.72
83.6064, 224.223
Evaluation Time: 1.35084 seconds
Resulting Fitness: 0.305556
-------------
Particle: 11:
Relays Coordinates:
115.595, 92.5233
115.672, 234.598
Evaluation Time: 1.39583 seconds
Resulting Fitness: 0.322222
-------------
Particle: 12:
Relays Coordinates:
59.7455, 16.9276
52.7009, 161.384
Evaluation Time: 1.19997 seconds
Resulting Fitness: 0.175
-------------
Particle: 13:
Relays Coordinates:
99.9339, 99.5556
93.9642, 250.118
Evaluation Time: 1.27368 seconds
Resulting Fitness: 0.313889
-------------
Particle: 14:
Relays Coordinates:
78.5297, 65.3775
39.7688, 209.662
Evaluation Time: 1.23786 seconds
Resulting Fitness: 0.233333
-------------
Particle: 15:
Relays Coordinates:
110.736, 87.6896
86.2634, 217.836
Evaluation Time: 1.31485 seconds
Resulting Fitness: 0.327778
-------------
Particle: 16:
Relays Coordinates:
63.1137, 64.3791
49.9967, 212.408
Evaluation Time: 1.2679 seconds
Resulting Fitness: 0.272222
-------------
Particle: 17:
Relays Coordinates:
70.3047, 63.3474
82.4925, 203.308
Evaluation Time: 1.26173 seconds
Resulting Fitness: 0.311111
-------------
Particle: 18:
Relays Coordinates:
110.53, 91.6406
46.4116, 149.736
Evaluation Time: 1.21939 seconds
Resulting Fitness: 0.188889
-------------
Particle: 19:
Relays Coordinates:
80.9994, 43.3224
75.5264, 184.681
Evaluation Time: 1.24491 seconds
Resulting Fitness: 0.327778
-------------
Particle: 20:
Relays Coordinates:
107.738, 91.179
106.941, 234.693
Evaluation Time: 1.34045 seconds
Resulting Fitness: 0.322222
Current global best fitness: 0.361111
Current global best relays: 95.1258, 89.5609
88.6804, 232.15
Particle 1 new velocities: 27.2915, 19.9239
4.11575, 28.0388
Particle 2 new velocities: 27.798, 23.4984
22.6513, 62.7037
Particle 3 new velocities: -9.66644, -9.20282
44.3898, -10.2333
Particle 4 new velocities: -12.1716, -4.88342
-6.21031, 13.4034
Particle 5 new velocities: 32.6553, 26.9718
36.2885, 59.4475
Particle 6 new velocities: 80.5636, 73.5333
41.1491, 192.536
Particle 7 new velocities: -4.0881, 2.26627
82.2002, 19.1112
Particle 8 new velocities: 9.14136, 5.97941
2.83861, 6.37265
Particle 9 new velocities: 1.02819, -25.9694
-12.0647, -15.3854
Particle 10 new velocities: 6.58839, 1.30102
4.86208, 7.60553
Particle 11 new velocities: 0.0302163, 3.57269
-33.1105, -12.4907
Particle 12 new velocities: 80.3843, 20.19
105.848, 86.5316
Particle 13 new velocities: 12.5384, -2.98484
43.3149, 14.5418
Particle 14 new velocities: 34.4109, 82.5773
39.1653, 80.9106
Particle 15 new velocities: 2.42308, 18.3526
14.9947, 51.0395
Particle 16 new velocities: 60.2882, 44.4025
37.7129, 98.5355
Particle 17 new velocities: 54.16, 26.666
35.1958, 80.2637
Particle 18 new velocities: 17.2704, 62.267
-25.733, 34.2978
Particle 19 new velocities: 39.9995, 62.4259
16.2836, 71.3818
Particle 20 new velocities: 23.6979, 11.4875
4.58088, 38.7343
-- ITERATION 11 --
-------------
Particle: 1:
Relays Coordinates:
109.387, 102.104
102.786, 216.155
Evaluation Time: 1.31461 seconds
Resulting Fitness: 0.308333
-------------
Particle: 2:
Relays Coordinates:
93.4301, 86.8441
84.9983, 236.111
Evaluation Time: 1.29265 seconds
Resulting Fitness: 0.305556
-------------
Particle: 3:
Relays Coordinates:
79.9739, 92.274
167.214, 216.194
Evaluation Time: 1.33049 seconds
Resulting Fitness: 0.286111
-------------
Particle: 4:
Relays Coordinates:
83.2768, 84.942
87.7816, 226.378
Evaluation Time: 1.33554 seconds
Resulting Fitness: 0.319444
-------------
Particle: 5:
Relays Coordinates:
93.7316, 71.6621
101.078, 213.948
Evaluation Time: 1.29854 seconds
Resulting Fitness: 0.333333
-------------
Particle: 6:
Relays Coordinates:
102.063, 110.005
59.0316, 174.547
Evaluation Time: 1.19434 seconds
Resulting Fitness: 0.222222
-------------
Particle: 7:
Relays Coordinates:
87.7328, 74.9787
131.08, 204.859
Evaluation Time: 1.32551 seconds
Resulting Fitness: 0.322222
-------------
Particle: 8:
Relays Coordinates:
105.961, 103.263
96.7239, 252.978
Evaluation Time: 1.32683 seconds
Resulting Fitness: 0.3
-------------
Particle: 9:
Relays Coordinates:
98.9062, 67.7757
77.096, 205.832
Evaluation Time: 1.22829 seconds
Resulting Fitness: 0.327778
-------------
Particle: 10:
Relays Coordinates:
92.8612, 66.6189
79.6216, 208.646
Evaluation Time: 1.24022 seconds
Resulting Fitness: 0.316667
-------------
Particle: 11:
Relays Coordinates:
115.625, 96.096
82.5616, 222.107
Evaluation Time: 1.35307 seconds
Resulting Fitness: 0.313889
-------------
Particle: 12:
Relays Coordinates:
102.155, 27.0587
115.582, 180.73
Evaluation Time: 1.33091 seconds
Resulting Fitness: 0.308333
-------------
Particle: 13:
Relays Coordinates:
101.225, 86.9137
123.551, 238.194
Evaluation Time: 1.34882 seconds
Resulting Fitness: 0.311111
-------------
Particle: 14:
Relays Coordinates:
91.4819, 119.843
63.9367, 235.364
Evaluation Time: 1.24314 seconds
Resulting Fitness: 0.294444
-------------
Particle: 15:
Relays Coordinates:
101.843, 95.438
91.1323, 241.988
Evaluation Time: 1.33106 seconds
Resulting Fitness: 0.311111
-------------
Particle: 16:
Relays Coordinates:
89.96, 79.3017
63.9403, 226.678
Evaluation Time: 1.25029 seconds
Resulting Fitness: 0.327778
-------------
Particle: 17:
Relays Coordinates:
90.7348, 65.6197
85.7947, 206.724
Evaluation Time: 1.22923 seconds
Resulting Fitness: 0.302778
-------------
Particle: 18:
Relays Coordinates:
103.518, 124.665
16.7497, 149.067
Evaluation Time: 1.23579 seconds
Resulting Fitness: 0.202778
-------------
Particle: 19:
Relays Coordinates:
108.899, 95.1735
82.629, 230.456
Evaluation Time: 1.35314 seconds
Resulting Fitness: 0.322222
-------------
Particle: 20:
Relays Coordinates:
118.292, 92.3999
100.37, 246.084
Evaluation Time: 1.39254 seconds
Resulting Fitness: 0.313889
Current global best fitness: 0.361111
Current global best relays: 95.1258, 89.5609
88.6804, 232.15
Particle 1 new velocities: 14.4768, 7.30574
-0.75828, 45.6985
Particle 2 new velocities: 15.5387, 18.7074
17.5976, 45.5996
Particle 3 new velocities: 2.18991, -12.4677
-69.0584, 16.3212
Particle 4 new velocities: 20.1506, 3.23371
5.97693, 6.86588
Particle 5 new velocities: 28.0992, 28.2441
41.7223, 59.3839
Particle 6 new velocities: 103.599, 165.156
51.4713, 124.807
Particle 7 new velocities: 3.27057, 11.1069
7.54451, 20.8899
Particle 8 new velocities: -15.0261, -12.5927
-10.0747, -23.1187
Particle 9 new velocities: -14.4505, -9.20664
-8.57955, 40.2795
Particle 10 new velocities: 8.5222, 38.7899
5.68281, 26.4463
Particle 11 new velocities: 0.181341, -40.3642
-13.8048, -31.5501
Particle 12 new velocities: 61.5811, 36.0032
76.0491, 86.489
Particle 13 new velocities: 8.02478, 2.05638
10.9472, 5.10102
Particle 14 new velocities: 31.4869, 55.9951
74.4924, 63.6801
Particle 15 new velocities: 0.325545, 8.31039
9.43189, 12.3183
Particle 16 new velocities: 53.2424, 40.382
139.778, 57.9269
Particle 17 new velocities: 48.9471, 68.1554
31.2689, 128.875
Particle 18 new velocities: 84.6394, 30.7193
13.6844, -49.3049
Particle 19 new velocities: 21.8431, 29.403
30.5758, 49.7944
Particle 20 new velocities: 1.68398, -31.4569
-2.62975, -52.3933
-- ITERATION 12 --
-------------
Particle: 1:
Relays Coordinates:
111.478, 98.4687
91.8247, 235.668
Evaluation Time: 1.32336 seconds
Resulting Fitness: 0.322222
-------------
Particle: 2:
Relays Coordinates:
88.2648, 85.4967
83.1026, 228.186
Evaluation Time: 1.30292 seconds
Resulting Fitness: 0.322222
-------------
Particle: 3:
Relays Coordinates:
82.1638, 79.8064
98.1555, 232.516
Evaluation Time: 1.3687 seconds
Resulting Fitness: 0.280556
-------------
Particle: 4:
Relays Coordinates:
103.427, 88.1757
93.7585, 233.244
Evaluation Time: 1.31217 seconds
Resulting Fitness: 0.322222
-------------
Particle: 5:
Relays Coordinates:
98.683, 80.924
115.668, 221.399
Evaluation Time: 1.30773 seconds
Resulting Fitness: 0.355556
New local best!
-------------
Particle: 6:
Relays Coordinates:
98.3676, 131.609
52.8532, 143.18
Evaluation Time: 1.17953 seconds
Resulting Fitness: 0.211111
-------------
Particle: 7:
Relays Coordinates:
91.0034, 86.0856
138.624, 225.749
Evaluation Time: 1.34115 seconds
Resulting Fitness: 0.333333
-------------
Particle: 8:
Relays Coordinates:
90.9354, 90.6706
86.6492, 229.859
Evaluation Time: 1.32147 seconds
Resulting Fitness: 0.325
-------------
Particle: 9:
Relays Coordinates:
68.4091, 47.441
55.4983, 199.35
Evaluation Time: 1.25382 seconds
Resulting Fitness: 0.269444
-------------
Particle: 10:
Relays Coordinates:
101.383, 105.409
85.3044, 235.092
Evaluation Time: 1.31093 seconds
Resulting Fitness: 0.308333
-------------
Particle: 11:
Relays Coordinates:
115.807, 55.7317
68.7568, 190.557
Evaluation Time: 1.28562 seconds
Resulting Fitness: 0.308333
-------------
Particle: 12:
Relays Coordinates:
119.363, 45.9722
139.699, 194.803
Evaluation Time: 1.45682 seconds
Resulting Fitness: 0.327778
-------------
Particle: 13:
Relays Coordinates:
98.3248, 80.0731
121.048, 218.966
Evaluation Time: 1.43167 seconds
Resulting Fitness: 0.358333
New local best!
-------------
Particle: 14:
Relays Coordinates:
80.6798, 115.368
90.8233, 196.203
Evaluation Time: 1.28387 seconds
Resulting Fitness: 0.294444
-------------
Particle: 15:
Relays Coordinates:
102.168, 103.748
100.564, 254.307
Evaluation Time: 1.33578 seconds
Resulting Fitness: 0.283333
-------------
Particle: 16:
Relays Coordinates:
115.994, 96.9439
165.012, 230.53
Evaluation Time: 1.33537 seconds
Resulting Fitness: 0.291667
-------------
Particle: 17:
Relays Coordinates:
101.828, 97.522
85.3394, 244.652
Evaluation Time: 1.33109 seconds
Resulting Fitness: 0.305556
-------------
Particle: 18:
Relays Coordinates:
169.342, 139.846
27.3907, 89.7863
Evaluation Time: 1.3294 seconds
Resulting Fitness: 0.288889
-------------
Particle: 19:
Relays Coordinates:
105.901, 100.907
91.6959, 227.003
Evaluation Time: 1.40443 seconds
Resulting Fitness: 0.302778
-------------
Particle: 20:
Relays Coordinates:
119.976, 60.943
97.7399, 193.691
Evaluation Time: 1.2877 seconds
Resulting Fitness: 0.330556
Current global best fitness: 0.361111
Current global best relays: 95.1258, 89.5609
88.6804, 232.15
Particle 1 new velocities: -7.62998, 0.180547
0.358014, 35.4843
Particle 2 new velocities: 18.4342, 16.5332
19.6421, 38.0561
Particle 3 new velocities: 16.4672, 0.163125
-44.2055, 12.3213
Particle 4 new velocities: 7.57799, 5.86344
-1.29747, -28.5862
Particle 5 new velocities: 19.5428, 30.8603
20.3042, 59.4179
Particle 6 new velocities: 106.484, 99.7165
87.2571, 131.737
Particle 7 new velocities: 5.48506, -4.70146
-24.5158, 18.9905
Particle 8 new velocities: -8.8262, -13.0175
-5.53946, -12.7739
Particle 9 new velocities: 18.6666, 88.2689
21.5142, 65.0785
Particle 10 new velocities: 4.61476, -12.9176
5.94027, -6.21048
Particle 11 new velocities: 10.1636, 10.2112
17.8942, -19.0652
Particle 12 new velocities: 29.4296, 50.7823
23.4232, 52.1506
Particle 13 new velocities: 4.58654, 6.18276
-17.4017, 14.3416
Particle 14 new velocities: 40.5452, 22.4572
36.3744, 97.6421
Particle 15 new velocities: 12.1339, -13.9843
4.06041, -23.9326
Particle 16 new velocities: 17.1627, 27.1852
90.1145, 12.8652
Particle 17 new velocities: 27.8596, 42.6173
37.962, 84.6868
Particle 18 new velocities: 44.5924, -14.7492
31.7181, 127.302
Particle 19 new velocities: 3.44482, -5.86078
23.8941, 39.4429
Particle 20 new velocities: 0.0221209, 0.734932
2.71316, -5.16145
-- ITERATION 13 --
-------------
Particle: 1:
Relays Coordinates:
84.1168, 79.9059
74.668, 219.633
Evaluation Time: 1.24207 seconds
Resulting Fitness: 0.322222
-------------
Particle: 2:
Relays Coordinates:
96.0291, 91.8269
92.4702, 239.618
Evaluation Time: 1.31121 seconds
Resulting Fitness: 0.305556
-------------
Particle: 3:
Relays Coordinates:
88.7679, 71.9725
48.555, 220.353
Evaluation Time: 1.2552 seconds
Resulting Fitness: 0.280556
-------------
Particle: 4:
Relays Coordinates:
111.005, 94.0392
92.461, 204.658
Evaluation Time: 1.27907 seconds
Resulting Fitness: 0.330556
-------------
Particle: 5:
Relays Coordinates:
106.403, 100.606
122.375, 252.735
Evaluation Time: 1.35507 seconds
Resulting Fitness: 0.294444
-------------
Particle: 6:
Relays Coordinates:
97.9798, 110.642
67.0143, 131.492
Evaluation Time: 1.16801 seconds
Resulting Fitness: 0.169444
-------------
Particle: 7:
Relays Coordinates:
86.8396, 73.2457
102.698, 220.266
Evaluation Time: 1.28856 seconds
Resulting Fitness: 0.316667
-------------
Particle: 8:
Relays Coordinates:
82.1092, 77.6531
81.1097, 217.085
Evaluation Time: 1.23804 seconds
Resulting Fitness: 0.308333
-------------
Particle: 9:
Relays Coordinates:
78.3682, 122.139
69.3113, 237.986
Evaluation Time: 1.27948 seconds
Resulting Fitness: 0.316667
-------------
Particle: 10:
Relays Coordinates:
105.998, 92.4912
91.2447, 228.881
Evaluation Time: 1.32013 seconds
Resulting Fitness: 0.316667
-------------
Particle: 11:
Relays Coordinates:
125.97, 65.943
86.651, 171.492
Evaluation Time: 1.25583 seconds
Resulting Fitness: 0.302778
-------------
Particle: 12:
Relays Coordinates:
120.522, 78.3711
132.129, 200.032
Evaluation Time: 1.33658 seconds
Resulting Fitness: 0.333333
-------------
Particle: 13:
Relays Coordinates:
102.911, 86.2558
103.647, 233.307
Evaluation Time: 1.28451 seconds
Resulting Fitness: 0.327778
-------------
Particle: 14:
Relays Coordinates:
98.1923, 111.638
103.03, 238.015
Evaluation Time: 1.31181 seconds
Resulting Fitness: 0.311111
-------------
Particle: 15:
Relays Coordinates:
114.302, 89.7641
104.625, 230.374
Evaluation Time: 1.31827 seconds
Resulting Fitness: 0.333333
-------------
Particle: 16:
Relays Coordinates:
107.857, 100.545
206.652, 197.15
Evaluation Time: 1.33018 seconds
Resulting Fitness: 0.336111
-------------
Particle: 17:
Relays Coordinates:
105.047, 113.513
99.8741, 266.764
Evaluation Time: 1.33797 seconds
Resulting Fitness: 0.263889
-------------
Particle: 18:
Relays Coordinates:
140.362, 82.076
38.7812, 142.432
Evaluation Time: 1.22612 seconds
Resulting Fitness: 0.205556
-------------
Particle: 19:
Relays Coordinates:
98.4113, 85.5416
104.031, 239.801
Evaluation Time: 1.30829 seconds
Resulting Fitness: 0.333333
New local best!
-------------
Particle: 20:
Relays Coordinates:
119.998, 61.678
100.453, 188.529
Evaluation Time: 1.32117 seconds
Resulting Fitness: 0.333333
Current global best fitness: 0.361111
Current global best relays: 95.1258, 89.5609
88.6804, 232.15
Particle 1 new velocities: 28.0171, 8.92509
38.1129, 53.3885
Particle 2 new velocities: 8.84141, -1.84341
5.78833, 7.8972
Particle 3 new velocities: 17.1121, 31.3899
-11.4887, 24.4515
Particle 4 new velocities: -31.6644, -2.2609
-0.107263, 0.635926
Particle 5 new velocities: -1.56513, -6.07847
-0.424113, 18.6419
Particle 6 new velocities: 108.848, 61.5055
76.6672, 98.131
Particle 7 new velocities: 13.7451, 12.3663
-25.3454, 17.9776
Particle 8 new velocities: 30.3952, 10.7167
-0.302543, 9.86661
Particle 9 new velocities: 46.4846, 1.56604
27.3676, 42.669
Particle 10 new velocities: -6.54876, -32.7648
-7.9537, -8.54805
Particle 11 new velocities: 1.41752, 30.6826
17.1419, -4.79382
Particle 12 new velocities: 10.4438, 51.1477
15.0414, 6.29563
Particle 13 new velocities: -8.60729, 3.12233
-18.3334, -2.68296
Particle 14 new velocities: 23.2998, -9.20513
-17.4178, 77.3677
Particle 15 new velocities: -6.5472, -11.389
-26.1821, -53.9054
Particle 16 new velocities: -2.85637, -9.28397
-76.0519, 18.0006
Particle 17 new velocities: 3.41483, -15.4248
21.2303, 20.7819
Particle 18 new velocities: 12.0237, -1.47422
69.8979, 136.477
Particle 19 new velocities: -0.134575, -0.650047
18.3999, 28.5215
Particle 20 new velocities: -12.0588, 12.2983
6.22595, 37.0842
-- ITERATION 14 --
-------------
Particle: 1:
Relays Coordinates:
90.8285, 71.9531
91.3526, 221.148
Evaluation Time: 1.30377 seconds
Resulting Fitness: 0.316667
-------------
Particle: 2:
Relays Coordinates:
94.3835, 80.9852
88.4327, 222.764
Evaluation Time: 1.28956 seconds
Resulting Fitness: 0.347222
New local best!
-------------
Particle: 3:
Relays Coordinates:
95.2921, 93.0262
33.3596, 220.324
Evaluation Time: 1.22354 seconds
Resulting Fitness: 0.255556
-------------
Particle: 4:
Relays Coordinates:
79.3409, 91.7783
92.3538, 205.294
Evaluation Time: 1.24526 seconds
Resulting Fitness: 0.297222
-------------
Particle: 5:
Relays Coordinates:
84.9188, 76.5673
98.7804, 219.816
Evaluation Time: 1.3057 seconds
Resulting Fitness: 0.294444
-------------
Particle: 6:
Relays Coordinates:
109.917, 91.4862
76.3582, 122.031
Evaluation Time: 1.1801 seconds
Resulting Fitness: 0.197222
-------------
Particle: 7:
Relays Coordinates:
100.585, 85.612
77.3521, 238.243
Evaluation Time: 1.29714 seconds
Resulting Fitness: 0.305556
-------------
Particle: 8:
Relays Coordinates:
112.504, 88.3697
80.8072, 226.952
Evaluation Time: 1.31602 seconds
Resulting Fitness: 0.316667
-------------
Particle: 9:
Relays Coordinates:
101.131, 100.201
78.3099, 227.33
Evaluation Time: 1.2613 seconds
Resulting Fitness: 0.341667
-------------
Particle: 10:
Relays Coordinates:
89.5045, 53.7538
74.9619, 198.3
Evaluation Time: 1.25125 seconds
Resulting Fitness: 0.316667
-------------
Particle: 11:
Relays Coordinates:
114.649, 86.963
93.4136, 150.028
Evaluation Time: 1.29818 seconds
Resulting Fitness: 0.241667
-------------
Particle: 12:
Relays Coordinates:
106.083, 104.91
119.208, 167.126
Evaluation Time: 1.28654 seconds
Resulting Fitness: 0.3
-------------
Particle: 13:
Relays Coordinates:
94.3041, 89.3781
85.3133, 230.624
Evaluation Time: 1.33047 seconds
Resulting Fitness: 0.333333
-------------
Particle: 14:
Relays Coordinates:
79.711, 67.2062
56.1703, 206.922
Evaluation Time: 1.31352 seconds
Resulting Fitness: 0.275
-------------
Particle: 15:
Relays Coordinates:
107.755, 78.3751
78.4424, 176.469
Evaluation Time: 1.25112 seconds
Resulting Fitness: 0.313889
-------------
Particle: 16:
Relays Coordinates:
105.001, 91.2606
130.601, 215.151
Evaluation Time: 1.35455 seconds
Resulting Fitness: 0.333333
-------------
Particle: 17:
Relays Coordinates:
87.8541, 79.4513
98.0946, 232.913
Evaluation Time: 1.31939 seconds
Resulting Fitness: 0.294444
-------------
Particle: 18:
Relays Coordinates:
111.089, 58.7587
79.2271, 203.325
Evaluation Time: 1.27145 seconds
Resulting Fitness: 0.319444
New local best!
-------------
Particle: 19:
Relays Coordinates:
79.6042, 68.7621
99.1691, 217.341
Evaluation Time: 1.32516 seconds
Resulting Fitness: 0.280556
-------------
Particle: 20:
Relays Coordinates:
107.939, 73.9763
106.679, 225.614
Evaluation Time: 1.29722 seconds
Resulting Fitness: 0.333333
Current global best fitness: 0.361111
Current global best relays: 95.1258, 89.5609
88.6804, 232.15
Particle 1 new velocities: 39.4002, 54.9379
59.8453, 65.1875
Particle 2 new velocities: 7.77334, 4.85749
4.68748, 14.6904
Particle 3 new velocities: 10.5945, 12.2138
69.2803, 22.8679
Particle 4 new velocities: 5.44305, -4.0134
-0.686161, 13.0814
Particle 5 new velocities: 18.3794, 16.5908
0.0975017, 27.306
Particle 6 new velocities: 91.9394, 92.992
71.3974, 152.304
Particle 7 new velocities: 9.39764, 7.36369
1.58869, -54.4187
Particle 8 new velocities: -2.68368, 10.4256
8.97315, 12.0103
Particle 9 new velocities: 21.1776, -12.3568
25.8536, 32.9875
Particle 10 new velocities: 1.15603, -9.57003
15.645, 37.3059
Particle 11 new velocities: -0.0572873, 2.031
15.5703, 102.185
Particle 12 new velocities: 5.78375, -54.8298
13.9437, 22.4256
Particle 13 new velocities: -4.59551, 2.16471
-0.247285, -7.79447
Particle 14 new velocities: 46.7253, 55.9062
9.32662, 91.9732
Particle 15 new velocities: -4.60148, 10.3401
-1.70839, -5.94561
Particle 16 new velocities: -12.154, -9.07592
-95.0999, 25.3964
Particle 17 new velocities: 13.1133, 2.84649
2.45934, 21.3212
Particle 18 new velocities: -8.64263, 38.0708
58.092, 114.567
Particle 19 new velocities: 19.5843, 36.5175
6.62423, 46.5576
Particle 20 new velocities: -10.9778, 12.0138
-0.601878, 5.13096
-- ITERATION 15 --
-------------
Particle: 1:
Relays Coordinates:
105.485, 102.782
122.47, 231.931
Evaluation Time: 1.32977 seconds
Resulting Fitness: 0.333333
-------------
Particle: 2:
Relays Coordinates:
102.157, 85.8427
93.1202, 237.454
Evaluation Time: 1.32024 seconds
Resulting Fitness: 0.325
-------------
Particle: 3:
Relays Coordinates:
105.887, 105.24
102.64, 243.192
Evaluation Time: 1.33958 seconds
Resulting Fitness: 0.341667
-------------
Particle: 4:
Relays Coordinates:
84.784, 87.7649
91.6676, 218.375
Evaluation Time: 1.28325 seconds
Resulting Fitness: 0.322222
-------------
Particle: 5:
Relays Coordinates:
103.298, 93.1581
98.8779, 247.122
Evaluation Time: 1.34298 seconds
Resulting Fitness: 0.316667
-------------
Particle: 6:
Relays Coordinates:
107.275, 98.0393
78.5234, 145.793
Evaluation Time: 1.15799 seconds
Resulting Fitness: 0.213889
-------------
Particle: 7:
Relays Coordinates:
109.982, 92.9757
78.9408, 183.825
Evaluation Time: 1.24126 seconds
Resulting Fitness: 0.308333
-------------
Particle: 8:
Relays Coordinates:
109.821, 98.7953
89.7803, 238.962
Evaluation Time: 1.31629 seconds
Resulting Fitness: 0.330556
-------------
Particle: 9:
Relays Coordinates:
99.0698, 71.1538
84.3724, 210.858
Evaluation Time: 1.23285 seconds
Resulting Fitness: 0.322222
-------------
Particle: 10:
Relays Coordinates:
66.0915, 32.21
66.0525, 171.757
Evaluation Time: 1.19265 seconds
Resulting Fitness: 0.252778
-------------
Particle: 11:
Relays Coordinates:
103.133, 80.0946
98.0855, 226.992
Evaluation Time: 1.32198 seconds
Resulting Fitness: 0.338889
-------------
Particle: 12:
Relays Coordinates:
111.866, 50.0805
133.152, 189.551
Evaluation Time: 1.32886 seconds
Resulting Fitness: 0.316667
-------------
Particle: 13:
Relays Coordinates:
89.7086, 91.5429
85.066, 222.83
Evaluation Time: 1.28751 seconds
Resulting Fitness: 0.327778
-------------
Particle: 14:
Relays Coordinates:
102.413, 99.7211
53.0525, 242.105
Evaluation Time: 1.27574 seconds
Resulting Fitness: 0.269444
-------------
Particle: 15:
Relays Coordinates:
103.154, 88.7152
76.734, 170.523
Evaluation Time: 1.24523 seconds
Resulting Fitness: 0.288889
-------------
Particle: 16:
Relays Coordinates:
83.5619, 73.9662
31.9506, 216.492
Evaluation Time: 1.21638 seconds
Resulting Fitness: 0.233333
-------------
Particle: 17:
Relays Coordinates:
90.8707, 74.068
90.4986, 228.81
Evaluation Time: 1.3122 seconds
Resulting Fitness: 0.319444
-------------
Particle: 18:
Relays Coordinates:
67.2153, 63.5299
90.0951, 208.569
Evaluation Time: 1.2415 seconds
Resulting Fitness: 0.302778
-------------
Particle: 19:
Relays Coordinates:
89.2696, 94.7516
95.214, 237.509
Evaluation Time: 1.33366 seconds
Resulting Fitness: 0.313889
-------------
Particle: 20:
Relays Coordinates:
96.9617, 85.9901
106.077, 230.745
Evaluation Time: 1.30318 seconds
Resulting Fitness: 0.341667
Current global best fitness: 0.361111
Current global best relays: 95.1258, 89.5609
88.6804, 232.15
Particle 1 new velocities: 20.3742, 35.7247
47.8499, 60.5722
Particle 2 new velocities: -10.7734, 7.04431
-6.81902, 7.41362
Particle 3 new velocities: -15.557, -28.4053
56.904, 0.523036
Particle 4 new velocities: 14.6432, -1.78209
-1.65706, 11.4089
Particle 5 new velocities: 7.54192, 3.86959
-2.85457, -2.34183
Particle 6 new velocities: 105.283, 141.538
51.6035, 171.805
Particle 7 new velocities: -25.3389, -20.7288
35.8106, -41.07
Particle 8 new velocities: -17.1398, -2.58549
5.7609, -3.26043
Particle 9 new velocities: 9.81823, -5.67457
9.33199, 47.9354
Particle 10 new velocities: 82.6308, 53.708
46.5168, 111.826
Particle 11 new velocities: 32.99, 1.5451
-0.198854, 71.685
Particle 12 new velocities: -17.4419, -30.4077
-30.5199, 43.9831
Particle 13 new velocities: 1.01799, 0.951656
38.9718, 5.6276
Particle 14 new velocities: 32.0462, 49.4277
58.4904, 70.8698
Particle 15 new velocities: -2.0593, 9.04073
32.1745, 43.469
Particle 16 new velocities: 31.4787, 9.05484
71.1549, 22.1996
Particle 17 new velocities: 18.3793, 23.2549
7.14918, 29.4218
Particle 18 new velocities: 48.6616, 30.705
36.845, 96.8798
Particle 19 new velocities: 31.0079, 15.0142
8.23061, 34.7965
Particle 20 new velocities: 37.1336, 8.98903
-13.7965, 3.65226
-- ITERATION 16 --
-------------
Particle: 1:
Relays Coordinates:
101.946, 112.19
137.959, 236.928
Evaluation Time: 1.37936 seconds
Resulting Fitness: 0.308333
-------------
Particle: 2:
Relays Coordinates:
91.3834, 92.887
86.3012, 244.868
Evaluation Time: 1.31811 seconds
Resulting Fitness: 0.311111
-------------
Particle: 3:
Relays Coordinates:
73.167, 62.2361
129.231, 197.409
Evaluation Time: 1.35147 seconds
Resulting Fitness: 0.319444
-------------
Particle: 4:
Relays Coordinates:
99.4272, 85.9828
90.0105, 229.784
Evaluation Time: 1.28144 seconds
Resulting Fitness: 0.338889
New local best!
-------------
Particle: 5:
Relays Coordinates:
110.84, 97.0277
96.0233, 244.78
Evaluation Time: 1.37414 seconds
Resulting Fitness: 0.344444
-------------
Particle: 6:
Relays Coordinates:
101.666, 114.589
62.2393, 151.906
Evaluation Time: 1.15664 seconds
Resulting Fitness: 0.188889
-------------
Particle: 7:
Relays Coordinates:
84.6434, 72.2469
114.751, 142.755
Evaluation Time: 1.26433 seconds
Resulting Fitness: 0.286111
-------------
Particle: 8:
Relays Coordinates:
92.6809, 96.2098
95.5412, 235.702
Evaluation Time: 1.32343 seconds
Resulting Fitness: 0.3
-------------
Particle: 9:
Relays Coordinates:
79.3794, 47.7343
68.3105, 188.66
Evaluation Time: 1.27519 seconds
Resulting Fitness: 0.322222
-------------
Particle: 10:
Relays Coordinates:
108.419, 62.6342
82.063, 206.732
Evaluation Time: 1.29694 seconds
Resulting Fitness: 0.322222
-------------
Particle: 11:
Relays Coordinates:
89.3101, 53.5638
64.2234, 195.962
Evaluation Time: 1.23106 seconds
Resulting Fitness: 0.322222
-------------
Particle: 12:
Relays Coordinates:
61.9518, 12.9073
67.337, 153.222
Evaluation Time: 1.18119 seconds
Resulting Fitness: 0.197222
-------------
Particle: 13:
Relays Coordinates:
90.7265, 92.4945
124.038, 228.457
Evaluation Time: 1.31747 seconds
Resulting Fitness: 0.347222
-------------
Particle: 14:
Relays Coordinates:
98.021, 108.729
81.3148, 228.159
Evaluation Time: 1.27058 seconds
Resulting Fitness: 0.308333
-------------
Particle: 15:
Relays Coordinates:
101.094, 97.7559
108.909, 213.992
Evaluation Time: 1.28384 seconds
Resulting Fitness: 0.325
-------------
Particle: 16:
Relays Coordinates:
103.537, 74.7189
92.795, 214.823
Evaluation Time: 1.32377 seconds
Resulting Fitness: 0.330556
-------------
Particle: 17:
Relays Coordinates:
98.3251, 87.5906
87.883, 232.409
Evaluation Time: 1.34629 seconds
Resulting Fitness: 0.333333
-------------
Particle: 18:
Relays Coordinates:
84.4743, 68.6972
92.5393, 222.672
Evaluation Time: 1.30271 seconds
Resulting Fitness: 0.3
-------------
Particle: 19:
Relays Coordinates:
108.25, 98.7893
93.1001, 245.075
Evaluation Time: 1.31684 seconds
Resulting Fitness: 0.308333
-------------
Particle: 20:
Relays Coordinates:
120.686, 85.4812
83.0526, 210.957
Evaluation Time: 1.34962 seconds
Resulting Fitness: 0.325
Current global best fitness: 0.361111
Current global best relays: 95.1258, 89.5609
88.6804, 232.15
Particle 1 new velocities: 19.3663, 4.11098
-0.561183, 45.922
Particle 2 new velocities: -3.36727, -2.46226
-1.08021, -24.3446
Particle 3 new velocities: 22.88, -3.89704
15.5142, 45.1624
Particle 4 new velocities: 6.30297, 0.341514
-2.74568, 10.9991
Particle 5 new velocities: -16.2688, -1.49582
4.26696, -9.40555
Particle 6 new velocities: 105.102, 178.43
43.5174, 210.293
Particle 7 new velocities: -17.0875, -5.27798
14.6825, 133.798
Particle 8 new velocities: -13.3591, -8.37842
-1.01446, -8.74029
Particle 9 new velocities: 31.1926, 35.3153
35.6602, 80.0897
Particle 10 new velocities: 52.9871, 89.0026
39.2461, 135.976
Particle 11 new velocities: 60.3831, 29.2888
42.3947, 77.9701
Particle 12 new velocities: 8.43855, 73.1625
97.2787, 145.028
Particle 13 new velocities: 11.6236, -4.12489
7.36748, -3.79284
Particle 14 new velocities: 16.3429, 31.6161
54.2373, 75.6911
Particle 15 new velocities: 2.11549, 0.299085
-31.1854, 42.7702
Particle 16 new velocities: 17.8804, 22.0106
73.7148, -38.624
Particle 17 new velocities: 13.27, 19.9884
10.9058, 27.4038
Particle 18 new velocities: 89.2203, 41.2416
16.3825, 70.8707
Particle 19 new velocities: 2.27997, -12.1074
17.0465, 13.9527
Particle 20 new velocities: 18.8731, -9.92825
2.65122, 0.165459
-- ITERATION 17 --
-------------
Particle: 1:
Relays Coordinates:
109.181, 104.671
123.658, 254.565
Evaluation Time: 1.33654 seconds
Resulting Fitness: 0.3
-------------
Particle: 2:
Relays Coordinates:
88.0162, 90.4247
85.2209, 220.523
Evaluation Time: 1.24269 seconds
Resulting Fitness: 0.336111
-------------
Particle: 3:
Relays Coordinates:
77.7981, 47.2546
117.243, 196.483
Evaluation Time: 1.34807 seconds
Resulting Fitness: 0.308333
-------------
Particle: 4:
Relays Coordinates:
95.1571, 77.6919
78.5384, 216.705
Evaluation Time: 1.30472 seconds
Resulting Fitness: 0.35
New local best!
-------------
Particle: 5:
Relays Coordinates:
94.5713, 95.5319
100.29, 235.374
Evaluation Time: 1.30411 seconds
Resulting Fitness: 0.325
-------------
Particle: 6:
Relays Coordinates:
89.0068, 126.135
45.5248, 155.915
Evaluation Time: 1.18874 seconds
Resulting Fitness: 0.175
-------------
Particle: 7:
Relays Coordinates:
44.3234, 43.9383
84.9216, 181.446
Evaluation Time: 1.28279 seconds
Resulting Fitness: 0.305556
-------------
Particle: 8:
Relays Coordinates:
79.3218, 87.8314
94.5268, 226.962
Evaluation Time: 1.29332 seconds
Resulting Fitness: 0.316667
-------------
Particle: 9:
Relays Coordinates:
89.5633, 67.2702
84.2163, 217.687
Evaluation Time: 1.23371 seconds
Resulting Fitness: 0.308333
-------------
Particle: 10:
Relays Coordinates:
105.898, 99.4889
79.5909, 224.85
Evaluation Time: 1.26533 seconds
Resulting Fitness: 0.330556
-------------
Particle: 11:
Relays Coordinates:
109.126, 60.3995
77.7246, 199.697
Evaluation Time: 1.25028 seconds
Resulting Fitness: 0.327778
-------------
Particle: 12:
Relays Coordinates:
46.1831, 56.4704
108.004, 195.682
Evaluation Time: 1.2859 seconds
Resulting Fitness: 0.325
-------------
Particle: 13:
Relays Coordinates:
102.35, 88.3696
131.405, 224.664
Evaluation Time: 1.35703 seconds
Resulting Fitness: 0.338889
-------------
Particle: 14:
Relays Coordinates:
92.6348, 113.68
109.797, 246.118
Evaluation Time: 1.30645 seconds
Resulting Fitness: 0.311111
-------------
Particle: 15:
Relays Coordinates:
92.8888, 88.2495
69.9508, 231.086
Evaluation Time: 1.27411 seconds
Resulting Fitness: 0.344444
New local best!
-------------
Particle: 16:
Relays Coordinates:
109.275, 87.0565
149.859, 158.579
Evaluation Time: 1.31995 seconds
Resulting Fitness: 0.275
-------------
Particle: 17:
Relays Coordinates:
100.436, 96.8211
88.9099, 233.831
Evaluation Time: 1.26798 seconds
Resulting Fitness: 0.319444
-------------
Particle: 18:
Relays Coordinates:
126.623, 80.1454
79.404, 213.993
Evaluation Time: 1.27745 seconds
Resulting Fitness: 0.302778
-------------
Particle: 19:
Relays Coordinates:
89.5291, 70.2123
89.2188, 209.813
Evaluation Time: 1.31354 seconds
Resulting Fitness: 0.308333
-------------
Particle: 20:
Relays Coordinates:
125.603, 67.9977
77.1335, 190.01
Evaluation Time: 1.27191 seconds
Resulting Fitness: 0.316667
Current global best fitness: 0.361111
Current global best relays: 95.1258, 89.5609
88.6804, 232.15
Particle 1 new velocities: 4.40506, -5.28233
-6.29877, 11.5923
Particle 2 new velocities: 5.95414, -12.0789
2.97334, -3.62604
Particle 3 new velocities: 28.8194, 7.814
13.3702, 83.8994
Particle 4 new velocities: 5.02144, 15.2779
0.18977, 15.7209
Particle 5 new velocities: -12.4487, -18.7146
6.75348, -18.856
Particle 6 new velocities: 133.034, 113.104
55.2311, 195.186
Particle 7 new velocities: 10.6426, 53.9606
50.5007, 174.256
Particle 8 new velocities: 9.61878, -3.45337
-9.88339, 1.48725
Particle 9 new velocities: 28.6333, 71.7261
13.9313, 90.621
Particle 10 new velocities: 34.1117, 31.7735
36.8934, 115.117
Particle 11 new velocities: 33.4336, 59.6825
35.0015, 82.4849
Particle 12 new velocities: 54.3457, 40.9654
77.295, 114.218
Particle 13 new velocities: 0.884274, -3.05469
-19.3059, -8.11907
Particle 14 new velocities: 15.3059, -2.40186
13.3354, 38.7364
Particle 15 new velocities: 3.7486, 1.76716
-10.4574, 34.4295
Particle 16 new velocities: -2.72445, 15.8205
-3.69557, 9.86617
Particle 17 new velocities: 1.37618, 7.38958
14.0242, 25.3319
Particle 18 new velocities: 15.7525, 17.8042
16.5347, 56.0198
Particle 19 new velocities: 15.9269, 9.27355
19.3301, 86.2174
Particle 20 new velocities: -20.0454, 1.01623
37.0198, 19.0041
-- ITERATION 18 --
-------------
Particle: 1:
Relays Coordinates:
102.228, 89.4498
105.624, 239.541
Evaluation Time: 1.36127 seconds
Resulting Fitness: 0.338889
-------------
Particle: 2:
Relays Coordinates:
93.9703, 78.3458
88.1943, 216.897
Evaluation Time: 1.26751 seconds
Resulting Fitness: 0.330556
-------------
Particle: 3:
Relays Coordinates:
69.9518, 36.1305
85.6956, 183.959
Evaluation Time: 1.28454 seconds
Resulting Fitness: 0.3
-------------
Particle: 4:
Relays Coordinates:
100.179, 92.9698
78.7282, 232.426
Evaluation Time: 1.2908 seconds
Resulting Fitness: 0.319444
-------------
Particle: 5:
Relays Coordinates:
82.1227, 76.8172
107.044, 216.518
Evaluation Time: 1.31273 seconds
Resulting Fitness: 0.305556
-------------
Particle: 6:
Relays Coordinates:
95.5813, 102.985
43.3721, 151.137
Evaluation Time: 1.19215 seconds
Resulting Fitness: 0.161111
-------------
Particle: 7:
Relays Coordinates:
29.2112, 52.0275
71.969, 189.035
Evaluation Time: 1.20758 seconds
Resulting Fitness: 0.311111
-------------
Particle: 8:
Relays Coordinates:
88.9406, 84.378
84.6434, 228.449
Evaluation Time: 1.27042 seconds
Resulting Fitness: 0.330556
-------------
Particle: 9:
Relays Coordinates:
95.7392, 112.587
79.4995, 249.73
Evaluation Time: 1.27813 seconds
Resulting Fitness: 0.311111
-------------
Particle: 10:
Relays Coordinates:
102.067, 95.6903
84.9171, 247.836
Evaluation Time: 1.30007 seconds
Resulting Fitness: 0.311111
-------------
Particle: 11:
Relays Coordinates:
115.474, 97.2664
91.3082, 228.567
Evaluation Time: 1.36395 seconds
Resulting Fitness: 0.319444
-------------
Particle: 12:
Relays Coordinates:
65.957, 63.9276
121.575, 203.326
Evaluation Time: 1.36467 seconds
Resulting Fitness: 0.336111
-------------
Particle: 13:
Relays Coordinates:
103.234, 85.3149
112.099, 216.545
Evaluation Time: 1.32805 seconds
Resulting Fitness: 0.333333
-------------
Particle: 14:
Relays Coordinates:
87.4319, 90.1352
99.7375, 230.732
Evaluation Time: 1.3288 seconds
Resulting Fitness: 0.344444
New local best!
-------------
Particle: 15:
Relays Coordinates:
78.2763, 72.9135
48.1897, 215.068
Evaluation Time: 1.21984 seconds
Resulting Fitness: 0.252778
-------------
Particle: 16:
Relays Coordinates:
106.551, 102.877
146.163, 168.445
Evaluation Time: 1.33698 seconds
Resulting Fitness: 0.305556
-------------
Particle: 17:
Relays Coordinates:
101.812, 104.211
102.934, 259.163
Evaluation Time: 1.35351 seconds
Resulting Fitness: 0.280556
-------------
Particle: 18:
Relays Coordinates:
115.324, 79.3392
77.7103, 218.71
Evaluation Time: 1.29363 seconds
Resulting Fitness: 0.308333
-------------
Particle: 19:
Relays Coordinates:
69.1897, 52.1507
71.2189, 194.225
Evaluation Time: 1.26721 seconds
Resulting Fitness: 0.305556
-------------
Particle: 20:
Relays Coordinates:
105.558, 69.0139
114.153, 209.014
Evaluation Time: 1.30038 seconds
Resulting Fitness: 0.336111
Current global best fitness: 0.361111
Current global best relays: 95.1258, 89.5609
88.6804, 232.15
Particle 1 new velocities: 5.85999, 9.05953
-12.4344, 1.15724
Particle 2 new velocities: 5.29298, 5.54977
2.77173, 8.0038
Particle 3 new velocities: 63.8218, 149.615
74.8163, 96.3247
Particle 4 new velocities: -2.16325, 10.2446
10.5545, 1.77471
Particle 5 new velocities: 26.0736, -8.07296
-3.57875, 11.8626
Particle 6 new velocities: 155.686, 190.17
98.1834, 180.145
Particle 7 new velocities: 161.889, 82.01
124.126, 150.38
Particle 8 new velocities: 18.3926, 5.10659
-2.97876, 7.46528
Particle 9 new velocities: 22.6188, -10.0531
13.1386, 30.1286
Particle 10 new velocities: 22.3092, 21.8028
31.494, 56.65
Particle 11 new velocities: 21.9004, 40.5417
25.154, 26.2642
Particle 12 new velocities: 63.7695, -30.7276
59.6081, 81.662
Particle 13 new velocities: -8.69595, -1.62437
-30.829, 5.01942
Particle 14 new velocities: 16.9636, -2.49709
10.1251, 32.5209
Particle 15 new velocities: 26.9051, 13.7918
53.0793, 51.6934
Particle 16 new velocities: -14.5168, -9.20817
-86.27, 31.0272
Particle 17 new velocities: -2.24808, -6.96902
-12.4759, -37.4086
Particle 18 new velocities: 2.32938, 14.4802
23.3611, 39.8107
Particle 19 new velocities: 59.6927, 43.5064
72.44, 151.107
Particle 20 new velocities: -28.1863, -8.04941
13.3092, 27.8602
-- ITERATION 19 --
-------------
Particle: 1:
Relays Coordinates:
108.088, 98.5094
93.1892, 240.699
Evaluation Time: 1.34511 seconds
Resulting Fitness: 0.336111
-------------
Particle: 2:
Relays Coordinates:
99.2633, 83.8955
90.966, 224.901
Evaluation Time: 1.33182 seconds
Resulting Fitness: 0.35
New local best!
-------------
Particle: 3:
Relays Coordinates:
87.7688, 121.868
105.312, 183.894
Evaluation Time: 1.27076 seconds
Resulting Fitness: 0.266667
-------------
Particle: 4:
Relays Coordinates:
98.0153, 103.214
89.2826, 234.2
Evaluation Time: 1.33548 seconds
Resulting Fitness: 0.3
-------------
Particle: 5:
Relays Coordinates:
97.3767, 61.8698
93.1185, 205.543
Evaluation Time: 1.2636 seconds
Resulting Fitness: 0.311111
-------------
Particle: 6:
Relays Coordinates:
97.3462, 113.574
54.8415, 128.346
Evaluation Time: 1.15558 seconds
Resulting Fitness: 0.172222
-------------
Particle: 7:
Relays Coordinates:
125.381, 87.942
128.658, 222.69
Evaluation Time: 1.34415 seconds
Resulting Fitness: 0.319444
-------------
Particle: 8:
Relays Coordinates:
107.333, 89.4846
81.6646, 235.914
Evaluation Time: 1.28629 seconds
Resulting Fitness: 0.319444
-------------
Particle: 9:
Relays Coordinates:
95.87, 83.0525
75.0369, 226.685
Evaluation Time: 1.34156 seconds
Resulting Fitness: 0.341667
-------------
Particle: 10:
Relays Coordinates:
100.745, 95.1694
94.2929, 246.634
Evaluation Time: 1.35284 seconds
Resulting Fitness: 0.308333
-------------
Particle: 11:
Relays Coordinates:
100.146, 100.462
84.9009, 185.772
Evaluation Time: 1.26952 seconds
Resulting Fitness: 0.308333
-------------
Particle: 12:
Relays Coordinates:
76.6022, 19.6043
106.987, 168.282
Evaluation Time: 1.30359 seconds
Resulting Fitness: 0.330556
-------------
Particle: 13:
Relays Coordinates:
94.5385, 83.6906
81.2704, 221.565
Evaluation Time: 1.31848 seconds
Resulting Fitness: 0.344444
-------------
Particle: 14:
Relays Coordinates:
84.5604, 70.9869
88.9887, 213.235
Evaluation Time: 1.24704 seconds
Resulting Fitness: 0.3
-------------
Particle: 15:
Relays Coordinates:
85.1969, 70.2313
82.0279, 216.076
Evaluation Time: 1.247 seconds
Resulting Fitness: 0.308333
-------------
Particle: 16:
Relays Coordinates:
92.034, 93.6689
59.8932, 199.472
Evaluation Time: 1.21716 seconds
Resulting Fitness: 0.305556
-------------
Particle: 17:
Relays Coordinates:
99.5637, 97.2417
90.4582, 221.755
Evaluation Time: 1.32805 seconds
Resulting Fitness: 0.333333
-------------
Particle: 18:
Relays Coordinates:
105.888, 84.4375
90.9643, 232.669
Evaluation Time: 1.29081 seconds
Resulting Fitness: 0.316667
-------------
Particle: 19:
Relays Coordinates:
76.1037, 56.4846
84.8292, 203.915
Evaluation Time: 1.27657 seconds
Resulting Fitness: 0.313889
-------------
Particle: 20:
Relays Coordinates:
62.6708, 49.3812
103.245, 191.868
Evaluation Time: 1.2825 seconds
Resulting Fitness: 0.316667
Current global best fitness: 0.361111
Current global best relays: 95.1258, 89.5609
88.6804, 232.15
Particle 1 new velocities: 0.923989, 6.34761
-2.13379, -9.71805
Particle 2 new velocities: 3.06159, 8.21371
0.503938, 12.3116
Particle 3 new velocities: 54.3746, 63.6214
42.7967, 174.469
Particle 4 new velocities: -5.45544, -32.7663
3.95365, -2.94072
Particle 5 new velocities: 20.5794, 9.49922
-7.12212, 50.3563
Particle 6 new velocities: 164.686, 206.418
119.28, 250.33
Particle 7 new velocities: 92.4312, 46.7093
51.0554, 105.266
Particle 8 new velocities: -14.6464, 4.15385
4.0424, 3.19933
Particle 9 new velocities: 12.329, -5.43162
21.0818, 27.6066
Particle 10 new velocities: 11.5213, -0.416853
19.7594, 2.48487
Particle 11 new velocities: 25.5974, -2.86118
42.2941, 38.7508
Particle 12 new velocities: 71.6134, 49.9654
68.5271, 140.708
Particle 13 new velocities: -4.93437, -1.72811
-1.77392, 12.0485
Particle 14 new velocities: 22.4756, 31.1031
21.8729, 79.0788
Particle 15 new velocities: 34.5541, 51.6388
42.5957, 73.0652
Particle 16 new velocities: -0.00312758, -20.1049
26.3019, 28.0373
Particle 17 new velocities: -7.32646, -22.3729
-9.99509, 4.03446
Particle 18 new velocities: -4.83477, -21.4778
2.61055, -10.7419
Particle 19 new velocities: 59.1018, 50.195
89.2536, 193.55
Particle 20 new velocities: 84.9897, 41.5098
2.41774, 58.1855
-- ITERATION 20 --
-------------
Particle: 1:
Relays Coordinates:
109.012, 104.857
91.0554, 230.981
Evaluation Time: 1.34837 seconds
Resulting Fitness: 0.316667
-------------
Particle: 2:
Relays Coordinates:
102.325, 92.1093
91.4699, 237.212
Evaluation Time: 1.35893 seconds
Resulting Fitness: 0.330556
-------------
Particle: 3:
Relays Coordinates:
93.2603, 121.699
97.174, 235.122
Evaluation Time: 1.35683 seconds
Resulting Fitness: 0.305556
-------------
Particle: 4:
Relays Coordinates:
83.3039, 63.4033
83.9126, 208.134
Evaluation Time: 1.30511 seconds
Resulting Fitness: 0.291667
-------------
Particle: 5:
Relays Coordinates:
95.5444, 57.8089
69.6571, 207.278
Evaluation Time: 1.25607 seconds
Resulting Fitness: 0.297222
-------------
Particle: 6:
Relays Coordinates:
91.365, 111.574
60.7123, 132.036
Evaluation Time: 1.21498 seconds
Resulting Fitness: 0.166667
-------------
Particle: 7:
Relays Coordinates:
128.616, 79.5103
106.119, 193.655
Evaluation Time: 1.36224 seconds
Resulting Fitness: 0.338889
-------------
Particle: 8:
Relays Coordinates:
92.6868, 93.6385
85.707, 239.114
Evaluation Time: 1.32012 seconds
Resulting Fitness: 0.305556
-------------
Particle: 9:
Relays Coordinates:
87.6412, 62.8729
77.8562, 205.976
Evaluation Time: 1.22682 seconds
Resulting Fitness: 0.3
-------------
Particle: 10:
Relays Coordinates:
112.266, 94.7526
114.052, 249.119
Evaluation Time: 1.37554 seconds
Resulting Fitness: 0.297222
-------------
Particle: 11:
Relays Coordinates:
113.169, 87.8408
114.476, 202.07
Evaluation Time: 1.35633 seconds
Resulting Fitness: 0.338889
-------------
Particle: 12:
Relays Coordinates:
87.5198, 41.0802
103.639, 182.456
Evaluation Time: 1.30318 seconds
Resulting Fitness: 0.330556
-------------
Particle: 13:
Relays Coordinates:
89.6041, 81.9624
79.4965, 233.613
Evaluation Time: 1.29233 seconds
Resulting Fitness: 0.322222
-------------
Particle: 14:
Relays Coordinates:
86.6992, 82.6929
89.7979, 236.774
Evaluation Time: 1.3454 seconds
Resulting Fitness: 0.302778
-------------
Particle: 15:
Relays Coordinates:
107.776, 109.683
112.161, 260.227
Evaluation Time: 1.3246 seconds
Resulting Fitness: 0.280556
-------------
Particle: 16:
Relays Coordinates:
92.0308, 73.564
86.1951, 227.51
Evaluation Time: 1.33068 seconds
Resulting Fitness: 0.330556
-------------
Particle: 17:
Relays Coordinates:
92.2372, 74.8688
80.4631, 225.789
Evaluation Time: 1.311 seconds
Resulting Fitness: 0.325
-------------
Particle: 18:
Relays Coordinates:
90.9483, 56.6637
84.2173, 199.734
Evaluation Time: 1.21415 seconds
Resulting Fitness: 0.308333
-------------
Particle: 19:
Relays Coordinates:
64.6684, 51.0245
83.2632, 190.106
Evaluation Time: 1.28826 seconds
Resulting Fitness: 0.311111
-------------
Particle: 20:
Relays Coordinates:
119.605, 73.6217
85.5865, 202.544
Evaluation Time: 1.334 seconds
Resulting Fitness: 0.311111
Final Evaluation Time: 538.621 seconds
Final global best fitness: 0.361111
Final global best relays:
95.1258, 89.5609
88.6804, 232.15
