PSO EXECUTION
============================
Seed: 806219
Particles: 20
Relays: 2
Iterations: 20
Backend: Simulation
Network Configuration: 1
Area: 500 x 500
Sink: 0, 0
Simulated Relay range: 155
w: 0.8
c1: 1.7
c2: 1.3

Relay Nodes Positions: 
PARTICLE 1: 
34.687, 31.4031
142.778, 19.9335
PARTICLE 2: 
228.091, 31.3254
110.768, 64.0386
PARTICLE 3: 
144.539, 13.8482
186.556, 138.788
PARTICLE 4: 
72.1602, 65.0549
83.3083, 164.515
PARTICLE 5: 
148.339, 155.493
101.705, 24.1013
PARTICLE 6: 
120.391, 60.7518
244.646, 105.508
PARTICLE 7: 
215.138, 120.428
100.389, 17.9161
PARTICLE 8: 
96.859, 44.3653
197.608, 149.926
PARTICLE 9: 
60.2258, 26.8893
135.497, 62.9379
PARTICLE 10: 
25.1523, 36.0127
107.701, 135.025
PARTICLE 11: 
95.9478, 78.1847
120.31, 96.2375
PARTICLE 12: 
158.116, 160.375
59.4271, 142.531
PARTICLE 13: 
128.529, 125.742
112.157, 7.02856
PARTICLE 14: 
162.56, 49.6574
85.3364, 72.1025
PARTICLE 15: 
58.736, 55.9481
172.144, 121.406
PARTICLE 16: 
48.1329, 146.895
15.9013, 93.7102
PARTICLE 17: 
220.369, 80.9955
129.958, 53.6324
PARTICLE 18: 
12.3222, 138.354
114.159, 0.0646007
PARTICLE 19: 
84.3176, 14.6897
214.866, 34.9713
PARTICLE 20: 
131.475, 12.5312
240.282, 119.328
Nodes Positions: 
315.092, 18.8337
175.822, 232.446
372.161, 423.127
243.829, 235.964
218.368, 434.991
303.445, 102.108
436.464, 130.245
258.448, 143.075
138.117, 1.37031
420.339, 270.84
44.3349, 402.306
15.1498, 28.0566
110.75, 284.114
26.1225, 380.505
65.2394, 80.3055
480.206, 370.582
80.3382, 449.101
429.056, 480.646
162.859, 95.9315
72.5476, 387.369
498.965, 217.886
233.224, 112.825
326.849, 341.503
255.587, 313.147
104.395, 327.438
359.385, 72.7651
375.718, 280.236
273.078, 292.301
350.173, 353.601
132.001, 153.073
412.733, 56.592
149.354, 64.6122
383.613, 451.042
454.476, 458.763
280.833, 409.112
153.474, 166.197
193.874, 191.256
334.085, 247.469
208.848, 431.883
347.277, 359.473
93.74, 210.298
19.0965, 472.23
168.109, 167.68
123.489, 16.2121
465.503, 34.5297
393.877, 45.8529
490.505, 179.805
54.9124, 265.533
407.777, 194.806
38.991, 322.219
86.8583, 257.981
449.88, 205.224
283.373, 345.534
299.996, 392.546
234.744, 122.148
7.41129, 304.058
467.263, 87.1939
322.923, 485.216
205.931, 141.38
188.525, 493.627
All particles start with velocity zero
-- ITERATION 0 --
-------------
Particle: 1:
Relays Coordinates:
34.687, 31.4031
142.778, 19.9335
Evaluation Time: 1.09009 seconds
Resulting Fitness: 0.2
New local best!
New global best!
-------------
Particle: 2:
Relays Coordinates:
228.091, 31.3254
110.768, 64.0386
Evaluation Time: 1.19828 seconds
Resulting Fitness: 0.3
New local best!
New global best!
-------------
Particle: 3:
Relays Coordinates:
144.539, 13.8482
186.556, 138.788
Evaluation Time: 1.27841 seconds
Resulting Fitness: 0.325
New local best!
New global best!
-------------
Particle: 4:
Relays Coordinates:
72.1602, 65.0549
83.3083, 164.515
Evaluation Time: 1.24392 seconds
Resulting Fitness: 0.313889
New local best!
-------------
Particle: 5:
Relays Coordinates:
148.339, 155.493
101.705, 24.1013
Evaluation Time: 1.23209 seconds
Resulting Fitness: 0.347222
New local best!
New global best!
-------------
Particle: 6:
Relays Coordinates:
120.391, 60.7518
244.646, 105.508
Evaluation Time: 1.26866 seconds
Resulting Fitness: 0.341667
New local best!
-------------
Particle: 7:
Relays Coordinates:
215.138, 120.428
100.389, 17.9161
Evaluation Time: 1.30172 seconds
Resulting Fitness: 0.322222
New local best!
-------------
Particle: 8:
Relays Coordinates:
96.859, 44.3653
197.608, 149.926
Evaluation Time: 1.31191 seconds
Resulting Fitness: 0.333333
New local best!
-------------
Particle: 9:
Relays Coordinates:
60.2258, 26.8893
135.497, 62.9379
Evaluation Time: 1.13463 seconds
Resulting Fitness: 0.25
New local best!
-------------
Particle: 10:
Relays Coordinates:
25.1523, 36.0127
107.701, 135.025
Evaluation Time: 1.23111 seconds
Resulting Fitness: 0.316667
New local best!
-------------
Particle: 11:
Relays Coordinates:
95.9478, 78.1847
120.31, 96.2375
Evaluation Time: 1.16473 seconds
Resulting Fitness: 0.272222
New local best!
-------------
Particle: 12:
Relays Coordinates:
158.116, 160.375
59.4271, 142.531
Evaluation Time: 1.33317 seconds
Resulting Fitness: 0.338889
New local best!
-------------
Particle: 13:
Relays Coordinates:
128.529, 125.742
112.157, 7.02856
Evaluation Time: 1.24192 seconds
Resulting Fitness: 0.330556
New local best!
-------------
Particle: 14:
Relays Coordinates:
162.56, 49.6574
85.3364, 72.1025
Evaluation Time: 1.13465 seconds
Resulting Fitness: 0.266667
New local best!
-------------
Particle: 15:
Relays Coordinates:
58.736, 55.9481
172.144, 121.406
Evaluation Time: 1.21598 seconds
Resulting Fitness: 0.313889
New local best!
-------------
Particle: 16:
Relays Coordinates:
48.1329, 146.895
15.9013, 93.7102
Evaluation Time: 1.16061 seconds
Resulting Fitness: 0.272222
New local best!
-------------
Particle: 17:
Relays Coordinates:
220.369, 80.9955
129.958, 53.6324
Evaluation Time: 1.19264 seconds
Resulting Fitness: 0.325
New local best!
-------------
Particle: 18:
Relays Coordinates:
12.3222, 138.354
114.159, 0.0646007
Evaluation Time: 1.09437 seconds
Resulting Fitness: 0.216667
New local best!
-------------
Particle: 19:
Relays Coordinates:
84.3176, 14.6897
214.866, 34.9713
Evaluation Time: 1.20299 seconds
Resulting Fitness: 0.283333
New local best!
-------------
Particle: 20:
Relays Coordinates:
131.475, 12.5312
240.282, 119.328
Evaluation Time: 1.25597 seconds
Resulting Fitness: 0.308333
New local best!
Current global best fitness: 0.347222
Current global best relays: 148.339, 155.493
101.705, 24.1013
Particle 1 new velocities: 102.586, 139.389
-26.9216, 0.332299
Particle 2 new velocities: -7.4421, 58.9406
-1.70277, -7.80233
Particle 3 new velocities: 2.77325, 68.7781
-53.6575, -75.5936
Particle 4 new velocities: 24.7653, 8.34781
0.303513, -30.2443
Particle 5 new velocities: 0, 0
0, 0
Particle 6 new velocities: 12.1163, 115.605
-139.79, -43.7676
Particle 7 new velocities: -63.7077, 23.2094
1.01442, 1.79701
Particle 8 new velocities: 57.9303, 27.0658
-58.177, -132.079
Particle 9 new velocities: 64.7279, 64.2126
-31.0235, -22.142
Particle 10 new velocities: 55.9075, 59.0401
-0.901963, -13.1685
Particle 11 new velocities: 43.5628, 90.9384
-7.06149, -21.6158
Particle 12 new velocities: -0.277836, -4.06345
27.798, -35.9251
Particle 13 new velocities: 24.7195, 12.3291
-1.59667, 13.7715
Particle 14 new velocities: -9.90323, 39.2578
14.6867, -31.6035
Particle 15 new velocities: 95.564, 39.0671
-21.6752, -99.4204
Particle 16 new velocities: 82.6144, 3.534
59.5986, -59.9319
Particle 17 new velocities: -38.9118, 93.498
-0.772345, -25.8259
Particle 18 new velocities: 63.2706, 15.5951
-7.50166, 25.1704
Particle 19 new velocities: 31.7394, 36.6698
-9.05011, -5.17126
Particle 20 new velocities: 20.2805, 14.0697
-101.566, -91.2982
-- ITERATION 1 --
-------------
Particle: 1:
Relays Coordinates:
137.273, 170.792
115.856, 20.2658
Evaluation Time: 1.27033 seconds
Resulting Fitness: 0.347222
New local best!
-------------
Particle: 2:
Relays Coordinates:
220.649, 90.266
109.065, 56.2363
Evaluation Time: 1.20944 seconds
Resulting Fitness: 0.319444
New local best!
-------------
Particle: 3:
Relays Coordinates:
147.313, 82.6263
132.899, 63.1944
Evaluation Time: 1.17003 seconds
Resulting Fitness: 0.272222
-------------
Particle: 4:
Relays Coordinates:
96.9255, 73.4028
83.6118, 134.27
Evaluation Time: 1.1707 seconds
Resulting Fitness: 0.3
-------------
Particle: 5:
Relays Coordinates:
148.339, 155.493
101.705, 24.1013
Evaluation Time: 1.24479 seconds
Resulting Fitness: 0.347222
-------------
Particle: 6:
Relays Coordinates:
132.507, 176.357
104.856, 61.7404
Evaluation Time: 1.2453 seconds
Resulting Fitness: 0.35
New local best!
New global best!
-------------
Particle: 7:
Relays Coordinates:
151.431, 143.637
101.403, 19.7131
Evaluation Time: 1.22768 seconds
Resulting Fitness: 0.341667
New local best!
-------------
Particle: 8:
Relays Coordinates:
154.789, 71.4311
139.431, 17.8466
Evaluation Time: 1.15139 seconds
Resulting Fitness: 0.269444
-------------
Particle: 9:
Relays Coordinates:
124.954, 91.1018
104.473, 40.7959
Evaluation Time: 1.1487 seconds
Resulting Fitness: 0.266667
New local best!
-------------
Particle: 10:
Relays Coordinates:
81.0597, 95.0528
106.799, 121.857
Evaluation Time: 1.18391 seconds
Resulting Fitness: 0.311111
-------------
Particle: 11:
Relays Coordinates:
139.511, 169.123
113.248, 74.6217
Evaluation Time: 1.24029 seconds
Resulting Fitness: 0.341667
New local best!
-------------
Particle: 12:
Relays Coordinates:
157.839, 156.311
87.225, 106.606
Evaluation Time: 1.24948 seconds
Resulting Fitness: 0.347222
New local best!
-------------
Particle: 13:
Relays Coordinates:
153.249, 138.071
110.561, 20.8001
Evaluation Time: 1.2364 seconds
Resulting Fitness: 0.347222
New local best!
-------------
Particle: 14:
Relays Coordinates:
152.657, 88.9152
100.023, 40.499
Evaluation Time: 1.19136 seconds
Resulting Fitness: 0.275
New local best!
-------------
Particle: 15:
Relays Coordinates:
154.3, 95.0152
150.469, 21.9856
Evaluation Time: 1.26187 seconds
Resulting Fitness: 0.269444
-------------
Particle: 16:
Relays Coordinates:
130.747, 150.429
75.4999, 33.7783
Evaluation Time: 1.26945 seconds
Resulting Fitness: 0.333333
New local best!
-------------
Particle: 17:
Relays Coordinates:
163.311, 157.044
116.267, 25.0258
Evaluation Time: 1.27392 seconds
Resulting Fitness: 0.347222
New local best!
-------------
Particle: 18:
Relays Coordinates:
75.5928, 153.949
106.657, 25.235
Evaluation Time: 1.21109 seconds
Resulting Fitness: 0.305556
New local best!
-------------
Particle: 19:
Relays Coordinates:
116.057, 51.3595
205.815, 29.8001
Evaluation Time: 1.12711 seconds
Resulting Fitness: 0.286111
New local best!
-------------
Particle: 20:
Relays Coordinates:
151.755, 26.6009
138.716, 28.0295
Evaluation Time: 1.10294 seconds
Resulting Fitness: 0.227778
Current global best fitness: 0.35
Current global best relays: 132.507, 176.357
104.856, 61.7404
Particle 1 new velocities: 80.5894, 116.151
-35.104, 10.8625
Particle 2 new velocities: -28.3812, 93.848
-4.94274, -2.15028
Particle 3 new velocities: -5.67414, 124.695
-6.74579, 43.3646
Particle 4 new velocities: 35.291, 26.7516
14.8921, -75.5079
Particle 5 new velocities: -0.769496, 19.36
3.55205, 21.4385
Particle 6 new velocities: 9.69304, 92.4842
-111.832, -35.0141
Particle 7 new velocities: -66.0966, 54.0106
2.50692, 6.93474
Particle 8 new velocities: -53.362, 109.24
22.7376, -90.0956
Particle 9 new velocities: 55.3738, 124.21
-24.6464, 1.19928
Particle 10 new velocities: 47.6297, 2.95696
-2.28874, -46.7371
Particle 11 new velocities: 27.7442, 72.9228
-15.7767, -27.3519
Particle 12 new velocities: -3.4809, 11.5296
24.2987, -66.5247
Particle 13 new velocities: 14.2913, 19.3379
-8.47311, 25.1603
Particle 14 new velocities: -29.415, 79.2555
16.2163, -24.4262
Particle 15 new velocities: -33.8556, 66.2918
-21.6801, -31.6044
Particle 16 new velocities: 67.0724, 4.07423
71.2289, -47.5417
Particle 17 new velocities: -70.1837, 88.2031
-8.60345, -1.87064
Particle 18 new velocities: 93.874, 13.7855
-6.82435, 27.1365
Particle 19 new velocities: 32.0055, 44.5124
-126.051, 20.9473
Particle 20 new velocities: -6.73863, 187.315
11.7754, 1.30679
-- ITERATION 2 --
-------------
Particle: 1:
Relays Coordinates:
115.781, 152.493
42.915, 16.5428
Evaluation Time: 1.24852 seconds
Resulting Fitness: 0.327778
-------------
Particle: 2:
Relays Coordinates:
173.041, 165.703
93.7105, 48.6774
Evaluation Time: 1.29408 seconds
Resulting Fitness: 0.358333
New local best!
New global best!
-------------
Particle: 3:
Relays Coordinates:
127.475, 186.59
113.537, 95.9031
Evaluation Time: 1.27243 seconds
Resulting Fitness: 0.355556
New local best!
-------------
Particle: 4:
Relays Coordinates:
132.216, 100.154
98.504, 58.7625
Evaluation Time: 1.17062 seconds
Resulting Fitness: 0.272222
-------------
Particle: 5:
Relays Coordinates:
147.569, 174.853
105.257, 45.5398
Evaluation Time: 1.28886 seconds
Resulting Fitness: 0.35
New local best!
-------------
Particle: 6:
Relays Coordinates:
75.571, 142.873
0, 14.2034
Evaluation Time: 1.28154 seconds
Resulting Fitness: 0.294444
-------------
Particle: 7:
Relays Coordinates:
76.8006, 177.883
93.5189, 23.9831
Evaluation Time: 1.28318 seconds
Resulting Fitness: 0.308333
-------------
Particle: 8:
Relays Coordinates:
82.1561, 146.343
131.357, 0
Evaluation Time: 1.27626 seconds
Resulting Fitness: 0.280556
-------------
Particle: 9:
Relays Coordinates:
131.459, 156.962
58.1936, 30.6145
Evaluation Time: 1.27245 seconds
Resulting Fitness: 0.333333
New local best!
-------------
Particle: 10:
Relays Coordinates:
128.689, 98.0097
104.51, 75.1196
Evaluation Time: 1.18888 seconds
Resulting Fitness: 0.266667
-------------
Particle: 11:
Relays Coordinates:
121.929, 176.451
71.0569, 34.4597
Evaluation Time: 1.2954 seconds
Resulting Fitness: 0.35
New local best!
-------------
Particle: 12:
Relays Coordinates:
154.358, 167.841
111.524, 40.0809
Evaluation Time: 1.24657 seconds
Resulting Fitness: 0.344444
-------------
Particle: 13:
Relays Coordinates:
167.54, 157.409
102.087, 45.9604
Evaluation Time: 1.28549 seconds
Resulting Fitness: 0.35
New local best!
-------------
Particle: 14:
Relays Coordinates:
123.242, 168.171
116.239, 16.0728
Evaluation Time: 1.24676 seconds
Resulting Fitness: 0.327778
New local best!
-------------
Particle: 15:
Relays Coordinates:
108.4, 145.176
115.91, 0
Evaluation Time: 1.25654 seconds
Resulting Fitness: 0.325
New local best!
-------------
Particle: 16:
Relays Coordinates:
178.038, 139.053
132.056, 0
Evaluation Time: 1.28261 seconds
Resulting Fitness: 0.322222
-------------
Particle: 17:
Relays Coordinates:
61.1011, 160.907
70.6379, 15.1921
Evaluation Time: 1.19627 seconds
Resulting Fitness: 0.280556
-------------
Particle: 18:
Relays Coordinates:
169.467, 167.735
99.8326, 52.3715
Evaluation Time: 1.28934 seconds
Resulting Fitness: 0.355556
New local best!
-------------
Particle: 19:
Relays Coordinates:
148.062, 95.8719
79.7645, 50.7473
Evaluation Time: 1.19522 seconds
Resulting Fitness: 0.272222
-------------
Particle: 20:
Relays Coordinates:
117.463, 173.272
121.898, 23.7624
Evaluation Time: 1.22662 seconds
Resulting Fitness: 0.35
New local best!
Current global best fitness: 0.358333
Current global best relays: 173.041, 165.703
93.7105, 48.6774
Particle 1 new velocities: 146.26, 123.464
95.3977, 37.4661
Particle 2 new velocities: -22.705, 75.0784
-3.95419, -1.72022
Particle 3 new velocities: 46.9735, 81.3566
-30.0213, 24.9244
Particle 4 new velocities: 46.8154, 31.4582
9.14255, 65.5487
Particle 5 new velocities: 21.6876, 6.03929
-3.14978, 19.7326
Particle 6 new velocities: 29.7079, 110.175
86.2544, 46.7479
Particle 7 new velocities: 119.859, 16.5032
7.40529, 3.11077
Particle 8 new velocities: -11.25, 57.1403
62.2123, 80.9392
Particle 9 new velocities: 47.0016, 100.547
7.32951, 1.6243
Particle 10 new velocities: 44.1124, -88.8878
-9.19688, -38.5964
Particle 11 new velocities: 27.5828, 50.2559
14.237, -17.3145
Particle 12 new velocities: 22.0157, -9.98159
0.0721283, -2.89821
Particle 13 new velocities: 13.5662, 23.082
-15.2678, 22.5291
Particle 14 new velocities: -21.2946, 60.5991
8.78044, -14.1074
Particle 15 new velocities: 22.6314, 63.8094
-32.8632, 29.634
Particle 16 new velocities: 26.6953, 33.9965
21.8161, 43.3497
Particle 17 new velocities: 218.892, 66.8964
91.5633, 29.2575
Particle 18 new velocities: 76.9155, 8.43217
-11.7847, 16.9687
Particle 19 new velocities: 21.1697, 55.9958
108.596, 10.1298
Particle 20 new velocities: 49.4344, 144.796
6.60641, 10.4014
-- ITERATION 3 --
-------------
Particle: 1:
Relays Coordinates:
154.733, 162.95
81.6722, 31.8917
Evaluation Time: 1.27971 seconds
Resulting Fitness: 0.336111
-------------
Particle: 2:
Relays Coordinates:
109.595, 175.529
65.4323, 34.2318
Evaluation Time: 1.28144 seconds
Resulting Fitness: 0.35
-------------
Particle: 3:
Relays Coordinates:
141.303, 217.036
67.6481, 97.8702
Evaluation Time: 1.30414 seconds
Resulting Fitness: 0.397222
New local best!
New global best!
-------------
Particle: 4:
Relays Coordinates:
161.129, 118.451
96.8819, 111.88
Evaluation Time: 1.20438 seconds
Resulting Fitness: 0.327778
New local best!
-------------
Particle: 5:
Relays Coordinates:
169.257, 180.892
102.107, 65.2724
Evaluation Time: 1.27915 seconds
Resulting Fitness: 0.388889
New local best!
-------------
Particle: 6:
Relays Coordinates:
76.7483, 184.472
62.8795, 44.4335
Evaluation Time: 1.27219 seconds
Resulting Fitness: 0.322222
-------------
Particle: 7:
Relays Coordinates:
143.365, 141.708
73.5737, 19.7514
Evaluation Time: 1.25602 seconds
Resulting Fitness: 0.338889
-------------
Particle: 8:
Relays Coordinates:
51.6906, 148.34
141.112, 59.0046
Evaluation Time: 1.24672 seconds
Resulting Fitness: 0.311111
-------------
Particle: 9:
Relays Coordinates:
105.379, 152.056
38.6907, 19.0367
Evaluation Time: 1.29056 seconds
Resulting Fitness: 0.325
-------------
Particle: 10:
Relays Coordinates:
172.802, 9.12198
95.3131, 36.5232
Evaluation Time: 1.1183 seconds
Resulting Fitness: 0.238889
-------------
Particle: 11:
Relays Coordinates:
98.0946, 148.743
55.9613, 11.249
Evaluation Time: 1.25535 seconds
Resulting Fitness: 0.3
-------------
Particle: 12:
Relays Coordinates:
176.373, 157.859
111.596, 37.1827
Evaluation Time: 1.37108 seconds
Resulting Fitness: 0.341667
-------------
Particle: 13:
Relays Coordinates:
181.106, 180.491
86.8197, 68.4896
Evaluation Time: 1.32 seconds
Resulting Fitness: 0.397222
New local best!
-------------
Particle: 14:
Relays Coordinates:
66.8877, 150.096
82.0255, 1.28948
Evaluation Time: 1.3394 seconds
Resulting Fitness: 0.277778
-------------
Particle: 15:
Relays Coordinates:
106.135, 169.278
67.268, 24.0035
Evaluation Time: 1.27428 seconds
Resulting Fitness: 0.341667
New local best!
-------------
Particle: 16:
Relays Coordinates:
184.26, 155.744
138.485, 39.0148
Evaluation Time: 1.27788 seconds
Resulting Fitness: 0.341667
New local best!
-------------
Particle: 17:
Relays Coordinates:
183.704, 149.462
106.42, 29.1634
Evaluation Time: 1.27729 seconds
Resulting Fitness: 0.336111
-------------
Particle: 18:
Relays Coordinates:
199.57, 142.695
71.3188, 56.1656
Evaluation Time: 1.26077 seconds
Resulting Fitness: 0.308333
-------------
Particle: 19:
Relays Coordinates:
123.37, 110.712
137.315, 44.3795
Evaluation Time: 1.16066 seconds
Resulting Fitness: 0.283333
-------------
Particle: 20:
Relays Coordinates:
88.6963, 169.034
68.2927, 18.156
Evaluation Time: 1.2435 seconds
Resulting Fitness: 0.325
Current global best fitness: 0.397222
Current global best relays: 141.303, 217.036
67.6481, 97.8702
Particle 1 new velocities: 102.487, 147.048
102.002, 82.669
Particle 2 new velocities: 81.7176, 91.638
1.54259, 85.927
Particle 3 new velocities: 37.5788, 65.0853
-24.017, 19.9395
Particle 4 new velocities: 14.1657, 35.0473
-2.08382, 37.8499
Particle 5 new velocities: 4.44971, 49.6833
-19.054, 21.5703
Particle 6 new velocities: 137.745, 95.0132
112.847, 83.841
Particle 7 new velocities: 99.8883, 58.0307
12.2411, 4.96704
Particle 8 new velocities: 72.612, -63.6713
-18.3925, 169.405
Particle 9 new velocities: 80.7831, 131.366
45.8239, 28.0406
Particle 10 new velocities: -234.929, 125.62
-12.8694, 82.1485
Particle 11 new velocities: 48.0219, 88.1777
43.9101, 13.1783
Particle 12 new velocities: 2.82834, 21.397
-48.0707, 104.914
Particle 13 new velocities: 9.03802, 53.8284
-28.8029, 27.064
Particle 14 new velocities: 93.2329, 161.79
54.8803, 44.1974
Particle 15 new velocities: 59.1288, 103.177
-26.1544, 114.342
Particle 16 new velocities: -32.9651, 72.8441
-12.1555, 71.2626
Particle 17 new velocities: 127.531, 145.232
43.2365, 99.908
Particle 18 new velocities: 27.5848, 80.3826
32.9539, 13.7054
Particle 19 new velocities: 11.1774, 82.908
45.8305, 3.27864
Particle 20 new velocities: 144.336, 139.828
58.7586, 71.6111
-- ITERATION 4 --
-------------
Particle: 1:
Relays Coordinates:
168.762, 203.39
120.509, 75.1633
Evaluation Time: 1.29359 seconds
Resulting Fitness: 0.380556
New local best!
-------------
Particle: 2:
Relays Coordinates:
139.467, 194.765
48.8247, 87.5957
Evaluation Time: 1.29167 seconds
Resulting Fitness: 0.363889
New local best!
-------------
Particle: 3:
Relays Coordinates:
117.364, 185.1
28.6264, 77.295
Evaluation Time: 1.2647 seconds
Resulting Fitness: 0.333333
-------------
Particle: 4:
Relays Coordinates:
141.988, 124.334
76.7864, 121.281
Evaluation Time: 1.19802 seconds
Resulting Fitness: 0.333333
New local best!
-------------
Particle: 5:
Relays Coordinates:
156.336, 207.518
74.7479, 78.1584
Evaluation Time: 1.33154 seconds
Resulting Fitness: 0.388889
-------------
Particle: 6:
Relays Coordinates:
140.729, 183.37
115.294, 84.1609
Evaluation Time: 1.24554 seconds
Resulting Fitness: 0.35
-------------
Particle: 7:
Relays Coordinates:
159.598, 131.048
56.3031, 16.2178
Evaluation Time: 1.31186 seconds
Resulting Fitness: 0.325
-------------
Particle: 8:
Relays Coordinates:
124.303, 84.6683
122.719, 228.41
Evaluation Time: 1.32039 seconds
Resulting Fitness: 0.405556
New local best!
New global best!
-------------
Particle: 9:
Relays Coordinates:
109.927, 167.358
49.905, 27.7987
Evaluation Time: 1.30576 seconds
Resulting Fitness: 0.344444
New local best!
-------------
Particle: 10:
Relays Coordinates:
0, 134.742
82.4437, 118.672
Evaluation Time: 1.25193 seconds
Resulting Fitness: 0.280556
-------------
Particle: 11:
Relays Coordinates:
95.867, 155.443
65.5256, 16.0267
Evaluation Time: 1.2865 seconds
Resulting Fitness: 0.3
-------------
Particle: 12:
Relays Coordinates:
161.281, 161.331
57.1727, 127.887
Evaluation Time: 1.26197 seconds
Resulting Fitness: 0.344444
-------------
Particle: 13:
Relays Coordinates:
138.615, 170.819
42.2943, 69.6585
Evaluation Time: 1.34448 seconds
Resulting Fitness: 0.35
-------------
Particle: 14:
Relays Coordinates:
85.0947, 165.749
72.7574, 24.1736
Evaluation Time: 1.27616 seconds
Resulting Fitness: 0.322222
-------------
Particle: 15:
Relays Coordinates:
133.864, 220.689
33.3021, 112.06
Evaluation Time: 1.32306 seconds
Resulting Fitness: 0.4
New local best!
-------------
Particle: 16:
Relays Coordinates:
136.165, 205.729
113.696, 99.2496
Evaluation Time: 1.26013 seconds
Resulting Fitness: 0.386111
New local best!
-------------
Particle: 17:
Relays Coordinates:
204.201, 193.348
98.1898, 84.6837
Evaluation Time: 1.28748 seconds
Resulting Fitness: 0.391667
New local best!
-------------
Particle: 18:
Relays Coordinates:
165.596, 162.624
76.0148, 50.9359
Evaluation Time: 1.34035 seconds
Resulting Fitness: 0.35
-------------
Particle: 19:
Relays Coordinates:
108.984, 156.832
148.348, 38.6031
Evaluation Time: 1.31265 seconds
Resulting Fitness: 0.322222
New local best!
-------------
Particle: 20:
Relays Coordinates:
137.603, 182.38
75.0225, 53.0066
Evaluation Time: 1.31798 seconds
Resulting Fitness: 0.347222
Current global best fitness: 0.405556
Current global best relays: 124.303, 84.6683
122.719, 228.41
Particle 1 new velocities: 24.9211, 33.0218
81.8912, 232.048
Particle 2 new velocities: 46.9582, -7.42418
35.0733, 128.578
Particle 3 new velocities: 61.5477, 58.0128
30.0007, 97.3507
Particle 4 new velocities: -10.1379, -0.628357
19.9939, 57.0631
Particle 5 new velocities: -11.2966, -30.4897
40.2733, 141.979
Particle 6 new velocities: 92.9059, -58.5025
78.4159, 149.836
Particle 7 new velocities: 42.7489, 23.8702
42.6127, 223.898
Particle 8 new velocities: 58.0896, -50.937
-14.714, 135.524
Particle 9 new velocities: 81.2024, 95.6859
83.9806, 136.094
Particle 10 new velocities: 95.8337, 83.2427
37.9945, 136.884
Particle 11 new velocities: 49.3841, -1.77753
47.0452, 251.56
Particle 12 new velocities: -11.1405, -38.5118
76.0842, 118.488
Particle 13 new velocities: 56.4253, -68.8009
62.1434, 202.758
Particle 14 new velocities: 127.037, 122.067
137.507, 246.823
Particle 15 new velocities: 38.6882, -44.9494
-11.9276, 160.23
Particle 16 new velocities: -38.0871, -42.1101
-0.758499, 142.371
Particle 17 new velocities: 71.0824, -11.1309
34.6196, 103.713
Particle 18 new velocities: 9.03229, 20.0482
108.263, 179.832
Particle 19 new velocities: 13.8105, 6.40767
16.7848, 38.8173
Particle 20 new velocities: 86.2128, 48.2302
146.549, 160.368
-- ITERATION 5 --
-------------
Particle: 1:
Relays Coordinates:
92.6381, 113.075
96.8072, 146.938
Evaluation Time: 1.2301 seconds
Resulting Fitness: 0.305556
-------------
Particle: 2:
Relays Coordinates:
122.314, 122.914
55.0455, 141.831
Evaluation Time: 1.25525 seconds
Resulting Fitness: 0.319444
-------------
Particle: 3:
Relays Coordinates:
144.919, 196.921
47.4879, 141.463
Evaluation Time: 1.27608 seconds
Resulting Fitness: 0.388889
-------------
Particle: 4:
Relays Coordinates:
106.799, 100.201
78.3921, 144.459
Evaluation Time: 1.15795 seconds
Resulting Fitness: 0.305556
-------------
Particle: 5:
Relays Coordinates:
95.1603, 116.148
75.4654, 144.432
Evaluation Time: 1.16764 seconds
Resulting Fitness: 0.3
-------------
Particle: 6:
Relays Coordinates:
124.163, 66.3598
102.945, 124.356
Evaluation Time: 1.25231 seconds
Resulting Fitness: 0.311111
-------------
Particle: 7:
Relays Coordinates:
119.484, 91.4779
58.4088, 141.786
Evaluation Time: 1.19984 seconds
Resulting Fitness: 0.305556
-------------
Particle: 8:
Relays Coordinates:
78.5138, 14.5202
46.4928, 156.662
Evaluation Time: 1.27658 seconds
Resulting Fitness: 0.286111
-------------
Particle: 9:
Relays Coordinates:
139.333, 191.759
97.6026, 119.478
Evaluation Time: 1.33742 seconds
Resulting Fitness: 0.35
New local best!
-------------
Particle: 10:
Relays Coordinates:
56.5889, 128.718
71.1175, 150.903
Evaluation Time: 1.17712 seconds
Resulting Fitness: 0.277778
-------------
Particle: 11:
Relays Coordinates:
105.888, 112.022
82.0641, 195.071
Evaluation Time: 1.24664 seconds
Resulting Fitness: 0.355556
New local best!
-------------
Particle: 12:
Relays Coordinates:
109.453, 89.535
97.1442, 179.607
Evaluation Time: 1.25306 seconds
Resulting Fitness: 0.372222
New local best!
-------------
Particle: 13:
Relays Coordinates:
127.966, 66.9341
68.5215, 178.732
Evaluation Time: 1.27942 seconds
Resulting Fitness: 0.35
-------------
Particle: 14:
Relays Coordinates:
91.3156, 123.895
90.5121, 116.655
Evaluation Time: 1.19784 seconds
Resulting Fitness: 0.291667
-------------
Particle: 15:
Relays Coordinates:
101.89, 103.773
12.6214, 160.784
Evaluation Time: 1.18986 seconds
Resulting Fitness: 0.316667
-------------
Particle: 16:
Relays Coordinates:
79.4433, 132.532
91.4797, 195.713
Evaluation Time: 1.25755 seconds
Resulting Fitness: 0.358333
-------------
Particle: 17:
Relays Coordinates:
180.614, 119.553
87.1362, 123.607
Evaluation Time: 1.2479 seconds
Resulting Fitness: 0.344444
-------------
Particle: 18:
Relays Coordinates:
103.116, 107.866
108.814, 136.266
Evaluation Time: 1.16056 seconds
Resulting Fitness: 0.322222
-------------
Particle: 19:
Relays Coordinates:
99.4631, 132.224
133.757, 62.7105
Evaluation Time: 1.18772 seconds
Resulting Fitness: 0.316667
-------------
Particle: 20:
Relays Coordinates:
107.05, 110.3
105.977, 102.056
Evaluation Time: 1.11201 seconds
Resulting Fitness: 0.286111
Current global best fitness: 0.405556
Current global best relays: 124.303, 84.6683
122.719, 228.41
Particle 1 new velocities: 73.3497, 34.4081
95.6438, 139.844
Particle 2 new velocities: 67.0519, 60.4598
82.7408, 196.122
Particle 3 new velocities: 40.9553, 53.634
66.9868, 44.4159
Particle 4 new velocities: 49.6818, 2.6447
21.2844, 43.5432
Particle 5 new velocities: 32.073, 68.0452
59.9954, 83.4378
Particle 6 new velocities: 82.1675, 106.444
88.1949, 67.8086
Particle 7 new velocities: 50.1816, 73.0289
114.717, 115.931
Particle 8 new velocities: 134.793, 74.5931
116.853, 251.712
Particle 9 new velocities: 53.3256, 74.1311
69.4166, 240.931
Particle 10 new velocities: 83.3294, -73.6798
102.716, 166.679
Particle 11 new velocities: 54.2049, -30.6428
50.6599, 216.475
Particle 12 new velocities: -5.59361, -34.1851
81.27, 127.759
Particle 13 new velocities: 76.8846, -18.8034
78.4236, 6.72
Particle 14 new velocities: 154.095, 82.0903
179.589, 63.9473
Particle 15 new velocities: 42.8164, -30.3028
34.2654, 115.736
Particle 16 new velocities: 46.3874, -61.4879
53.0402, 30.8932
Particle 17 new velocities: 86.0074, 70.9534
47.5744, 151.626
Particle 18 new velocities: 134.515, 106.738
80.1591, 170.645
Particle 19 new velocities: 49.7167, 5.03637
13.7043, 77.2917
Particle 20 new velocities: 105.72, 59.3497
132.965, 124.57
-- ITERATION 6 --
-------------
Particle: 1:
Relays Coordinates:
108.905, 96.7637
126.267, 188.158
Evaluation Time: 1.27099 seconds
Resulting Fitness: 0.363889
-------------
Particle: 2:
Relays Coordinates:
100.637, 97.4525
73.2253, 179.603
Evaluation Time: 1.24913 seconds
Resulting Fitness: 0.35
-------------
Particle: 3:
Relays Coordinates:
121.952, 164.389
75.1069, 121.955
Evaluation Time: 1.24929 seconds
Resulting Fitness: 0.333333
-------------
Particle: 4:
Relays Coordinates:
126.749, 83.3054
80.7379, 152.282
Evaluation Time: 1.21798 seconds
Resulting Fitness: 0.316667
-------------
Particle: 5:
Relays Coordinates:
83.4778, 120.849
88.8758, 149.505
Evaluation Time: 1.22159 seconds
Resulting Fitness: 0.297222
-------------
Particle: 6:
Relays Coordinates:
109.653, 91.8351
101.58, 102.124
Evaluation Time: 1.15225 seconds
Resulting Fitness: 0.283333
-------------
Particle: 7:
Relays Coordinates:
100.186, 97.1396
102.229, 152.179
Evaluation Time: 1.20236 seconds
Resulting Fitness: 0.313889
-------------
Particle: 8:
Relays Coordinates:
102.024, 42.6226
78.1277, 195.324
Evaluation Time: 1.21504 seconds
Resulting Fitness: 0.35
-------------
Particle: 9:
Relays Coordinates:
82.9333, 114.457
71.8963, 155.144
Evaluation Time: 1.17305 seconds
Resulting Fitness: 0.302778
-------------
Particle: 10:
Relays Coordinates:
74.3583, 29.2496
92.3821, 168.776
Evaluation Time: 1.24828 seconds
Resulting Fitness: 0.330556
New local best!
-------------
Particle: 11:
Relays Coordinates:
68.9148, 35.0313
57.1333, 177.157
Evaluation Time: 1.17495 seconds
Resulting Fitness: 0.308333
-------------
Particle: 12:
Relays Coordinates:
55.195, 29.4152
94.8166, 163.347
Evaluation Time: 1.26702 seconds
Resulting Fitness: 0.327778
-------------
Particle: 13:
Relays Coordinates:
149.336, 35.0873
107.123, 135.195
Evaluation Time: 1.23494 seconds
Resulting Fitness: 0.313889
-------------
Particle: 14:
Relays Coordinates:
117.379, 98.5223
129.189, 86.3816
Evaluation Time: 1.21766 seconds
Resulting Fitness: 0.280556
-------------
Particle: 15:
Relays Coordinates:
94.9422, 48.2035
30.7624, 181.425
Evaluation Time: 1.26508 seconds
Resulting Fitness: 0.333333
-------------
Particle: 16:
Relays Coordinates:
113.248, 63.9393
130.068, 203.945
Evaluation Time: 1.34044 seconds
Resulting Fitness: 0.372222
-------------
Particle: 17:
Relays Coordinates:
127.524, 91.1185
64.4317, 131.643
Evaluation Time: 1.22832 seconds
Resulting Fitness: 0.313889
-------------
Particle: 18:
Relays Coordinates:
113.658, 102.644
90.3854, 146.795
Evaluation Time: 1.20078 seconds
Resulting Fitness: 0.311111
-------------
Particle: 19:
Relays Coordinates:
108.752, 100.063
107.5, 102.062
Evaluation Time: 1.12102 seconds
Resulting Fitness: 0.277778
-------------
Particle: 20:
Relays Coordinates:
113.075, 90.159
126.984, 120.439
Evaluation Time: 1.19229 seconds
Resulting Fitness: 0.308333
Current global best fitness: 0.405556
Current global best relays: 124.303, 84.6683
122.719, 228.41
Particle 1 new velocities: 113.053, 193.045
74.3499, 7.02904
Particle 2 new velocities: 118.802, 130.597
49.965, 88.2981
Particle 3 new velocities: 35.4016, -3.18078
104.396, 92.5038
Particle 4 new velocities: 46.7502, 56.9728
48.5364, 88.0252
Particle 5 new velocities: 103.02, 41.7911
61.5827, 53.1027
Particle 6 new velocities: 96.2834, 166.904
75.1874, 118.972
Particle 7 new velocities: 73.9606, 107.444
100.27, 95.8308
Particle 8 new velocities: 133.716, 118.491
152.45, 221.048
Particle 9 new velocities: 50.6238, 68.881
133.972, 201.331
Particle 10 new velocities: 120.486, -56.2999
117.259, 135.638
Particle 11 new velocities: 120.388, 98.1682
59.519, 264.853
Particle 12 new velocities: 75.048, 75.9156
71.9933, 199.53
Particle 13 new velocities: 53.8441, 188.61
47.8145, 17.8461
Particle 14 new velocities: 129.43, 74.4573
124.641, 59.9947
Particle 15 new velocities: 93.7095, 79.8077
55.0585, 122.093
Particle 16 new velocities: 55.0178, 73.1972
33.9074, -37.6925
Particle 17 new velocities: 100.078, 123.859
86.7837, 159.207
Particle 18 new velocities: 184.876, 143.567
92.028, 7.8388
Particle 19 new velocities: 58.2095, 64.3603
40.6864, 21.0976
Particle 20 new velocities: 99.9827, 104.419
98.0794, 177.68
-- ITERATION 7 --
-------------
Particle: 1:
Relays Coordinates:
117.957, 154.016
106.616, 103.73
Evaluation Time: 1.19875 seconds
Resulting Fitness: 0.336111
-------------
Particle: 2:
Relays Coordinates:
104.957, 109.075
58.9215, 128.136
Evaluation Time: 1.23832 seconds
Resulting Fitness: 0.288889
-------------
Particle: 3:
Relays Coordinates:
103.24, 105.769
117.772, 140.707
Evaluation Time: 1.17934 seconds
Resulting Fitness: 0.330556
-------------
Particle: 4:
Relays Coordinates:
113.833, 92.0366
84.8169, 157.665
Evaluation Time: 1.19861 seconds
Resulting Fitness: 0.322222
-------------
Particle: 5:
Relays Coordinates:
110.125, 96.0375
88.8443, 119.638
Evaluation Time: 1.12205 seconds
Resulting Fitness: 0.305556
-------------
Particle: 6:
Relays Coordinates:
109.443, 137.504
93.9413, 117.499
Evaluation Time: 1.16501 seconds
Resulting Fitness: 0.313889
-------------
Particle: 7:
Relays Coordinates:
92.5486, 108.724
107.616, 131.803
Evaluation Time: 1.21636 seconds
Resulting Fitness: 0.316667
-------------
Particle: 8:
Relays Coordinates:
125.282, 85.6222
122.538, 221.277
Evaluation Time: 1.35512 seconds
Resulting Fitness: 0.380556
-------------
Particle: 9:
Relays Coordinates:
87.6268, 120.288
135.07, 233.883
Evaluation Time: 1.3319 seconds
Resulting Fitness: 0.397222
New local best!
-------------
Particle: 10:
Relays Coordinates:
93.1933, 0
100.271, 145.601
Evaluation Time: 1.23843 seconds
Resulting Fitness: 0.3
-------------
Particle: 11:
Relays Coordinates:
90.5427, 63.7089
55.7945, 211.412
Evaluation Time: 1.20328 seconds
Resulting Fitness: 0.35
-------------
Particle: 12:
Relays Coordinates:
76.9072, 62.1968
98.4996, 214.276
Evaluation Time: 1.25958 seconds
Resulting Fitness: 0.344444
-------------
Particle: 13:
Relays Coordinates:
133.307, 146.768
101.655, 100.41
Evaluation Time: 1.20187 seconds
Resulting Fitness: 0.333333
-------------
Particle: 14:
Relays Coordinates:
118.048, 82.7356
121.406, 70.0113
Evaluation Time: 1.08204 seconds
Resulting Fitness: 0.263889
-------------
Particle: 15:
Relays Coordinates:
123.774, 83.9881
56.3071, 199.138
Evaluation Time: 1.20705 seconds
Resulting Fitness: 0.352778
-------------
Particle: 16:
Relays Coordinates:
110.399, 89.9752
107.584, 109.078
Evaluation Time: 1.14341 seconds
Resulting Fitness: 0.291667
-------------
Particle: 17:
Relays Coordinates:
108.861, 102.823
72.3258, 139.113
Evaluation Time: 1.15582 seconds
Resulting Fitness: 0.313889
-------------
Particle: 18:
Relays Coordinates:
176.281, 145.385
107.713, 91.3094
Evaluation Time: 1.20533 seconds
Resulting Fitness: 0.333333
-------------
Particle: 19:
Relays Coordinates:
121.715, 119.864
108.028, 89.783
Evaluation Time: 1.16939 seconds
Resulting Fitness: 0.302778
-------------
Particle: 20:
Relays Coordinates:
113.228, 103.407
119.608, 158.432
Evaluation Time: 1.22218 seconds
Resulting Fitness: 0.327778
Current global best fitness: 0.405556
Current global best relays: 124.303, 84.6683
122.719, 228.41
Particle 1 new velocities: 109.067, 156.324
90.6076, -6.29936
Particle 2 new velocities: 114.652, 125.883
46.2778, 121.443
Particle 3 new velocities: 79.0042, 130.486
44.4282, 162.411
Particle 4 new velocities: 50.8946, 46.5271
75.3666, 62.2821
Particle 5 new velocities: 166.235, 90.5927
80.696, 55.0429
Particle 6 new velocities: 119.609, 161.332
105.706, 150.144
Particle 7 new velocities: 167.26, 115.046
73.9823, -55.2487
Particle 8 new velocities: 105.716, 92.5245
122.252, 190.826
Particle 9 new velocities: 51.7035, 52.2584
92.5713, 160.151
Particle 10 new velocities: 101.144, 87.3542
113.441, 136.215
Particle 11 new velocities: 134.691, 94.5486
113.255, 203.804
Particle 12 new velocities: 154.505, 101.606
81.9878, 121.785
Particle 13 new velocities: 117.384, 139.297
46.5453, 60.7062
Particle 14 new velocities: 111.719, 95.5781
98.5073, 203.826
Particle 15 new velocities: 90.9984, 105.687
53.9072, 73.2554
Particle 16 new velocities: 81.6798, 240.209
43.9289, 67.7164
Particle 17 new velocities: 167.961, 189.822
105.39, 159.29
Particle 18 new velocities: 90.9489, 124.81
87.2392, 22.6655
Particle 19 new velocities: 33.8372, 79.1086
91.1966, 23.443
Particle 20 new velocities: 87.179, 94.268
81.1591, 55.2868
-- ITERATION 8 --
-------------
Particle: 1:
Relays Coordinates:
148.95, 203.614
129.399, 63.9246
Evaluation Time: 1.30239 seconds
Resulting Fitness: 0.394444
New local best!
-------------
Particle: 2:
Relays Coordinates:
116.709, 124.866
55.9072, 132.637
Evaluation Time: 1.19658 seconds
Resulting Fitness: 0.319444
-------------
Particle: 3:
Relays Coordinates:
87.1667, 113
77.5797, 144.98
Evaluation Time: 1.16178 seconds
Resulting Fitness: 0.3
-------------
Particle: 4:
Relays Coordinates:
108.078, 90.9116
105.096, 144.308
Evaluation Time: 1.17141 seconds
Resulting Fitness: 0.322222
-------------
Particle: 5:
Relays Coordinates:
163.188, 110.203
100.112, 103.147
Evaluation Time: 1.20545 seconds
Resulting Fitness: 0.316667
-------------
Particle: 6:
Relays Coordinates:
98.5993, 128.639
85.9415, 115.212
Evaluation Time: 1.21824 seconds
Resulting Fitness: 0.308333
-------------
Particle: 7:
Relays Coordinates:
189.401, 163.129
132.385, 55.808
Evaluation Time: 1.24459 seconds
Resulting Fitness: 0.361111
New local best!
-------------
Particle: 8:
Relays Coordinates:
110.485, 85.207
117.083, 197.107
Evaluation Time: 1.29902 seconds
Resulting Fitness: 0.369444
-------------
Particle: 9:
Relays Coordinates:
82.2731, 101.887
134.42, 232.673
Evaluation Time: 1.36933 seconds
Resulting Fitness: 0.4
New local best!
-------------
Particle: 10:
Relays Coordinates:
127.504, 57.3131
140.216, 184.899
Evaluation Time: 1.294 seconds
Resulting Fitness: 0.352778
New local best!
-------------
Particle: 11:
Relays Coordinates:
119.698, 84.1046
89.8396, 220.663
Evaluation Time: 1.25005 seconds
Resulting Fitness: 0.366667
New local best!
-------------
Particle: 12:
Relays Coordinates:
122.982, 87.0513
95.9184, 178.596
Evaluation Time: 1.2833 seconds
Resulting Fitness: 0.366667
-------------
Particle: 13:
Relays Coordinates:
164.478, 187.687
97.2339, 105.708
Evaluation Time: 1.33299 seconds
Resulting Fitness: 0.386111
-------------
Particle: 14:
Relays Coordinates:
122.108, 94.7632
116.871, 145.529
Evaluation Time: 1.21618 seconds
Resulting Fitness: 0.330556
New local best!
-------------
Particle: 15:
Relays Coordinates:
114.139, 100.801
58.5724, 144.761
Evaluation Time: 1.20883 seconds
Resulting Fitness: 0.316667
-------------
Particle: 16:
Relays Coordinates:
126.023, 216.634
99.4077, 115.995
Evaluation Time: 1.27636 seconds
Resulting Fitness: 0.372222
-------------
Particle: 17:
Relays Coordinates:
119.163, 125.974
76.5009, 128.453
Evaluation Time: 1.21165 seconds
Resulting Fitness: 0.319444
-------------
Particle: 18:
Relays Coordinates:
175.33, 177.275
127.908, 74.779
Evaluation Time: 1.30141 seconds
Resulting Fitness: 0.383333
New local best!
-------------
Particle: 19:
Relays Coordinates:
102.058, 130.546
130.711, 74.2876
Evaluation Time: 1.2024 seconds
Resulting Fitness: 0.311111
-------------
Particle: 20:
Relays Coordinates:
106.504, 105.052
106.696, 113.579
Evaluation Time: 1.16571 seconds
Resulting Fitness: 0.294444
Current global best fitness: 0.405556
Current global best relays: 124.303, 84.6683
122.719, 228.41
Particle 1 new velocities: 63.3764, 75.2088
70.8625, 182.566
Particle 2 new velocities: 122.971, 100.04
115.578, 155.607
Particle 3 new velocities: 122.162, 81.7659
63.9588, 66.2858
Particle 4 new velocities: 77.2743, 85.7874
32.0472, 87.7832
Particle 5 new velocities: 100.601, 108.179
89.1932, 129.175
Particle 6 new velocities: 140.304, 133.95
119.14, 243.549
Particle 7 new velocities: 63.1014, 78.4636
51.3543, 147.716
Particle 8 new velocities: 112.245, 73.5817
109.965, 189.733
Particle 9 new velocities: 67.6155, 41.3939
67.3271, 126.037
Particle 10 new velocities: 77.2498, 94.1831
86.2585, 112.469
Particle 11 new velocities: 107.794, 76.0336
107.222, 166.607
Particle 12 new velocities: 118.648, 82.1754
68.7194, 115.717
Particle 13 new velocities: 85.242, 40.1532
35.7227, 111.483
Particle 14 new velocities: 89.4562, 66.9852
81.8173, 166.491
Particle 15 new velocities: 93.684, 240.454
86.9019, 137.637
Particle 16 new velocities: 63.6243, 70.4394
64.8405, 183.061
Particle 17 new velocities: 142.47, 207.388
102.515, 120.965
Particle 18 new velocities: 66.9641, 97.8381
65.8092, 31.6715
Particle 19 new velocities: 41.8365, 52.0394
82.5201, -16.3412
Particle 20 new velocities: 73.8005, 136.892
78.7497, 66.713
-- ITERATION 9 --
-------------
Particle: 1:
Relays Coordinates:
101.555, 133.36
95.7842, 117.896
Evaluation Time: 1.1661 seconds
Resulting Fitness: 0.313889
-------------
Particle: 2:
Relays Coordinates:
103.174, 96.8148
73.8189, 124.079
Evaluation Time: 1.14705 seconds
Resulting Fitness: 0.294444
-------------
Particle: 3:
Relays Coordinates:
123.607, 115.007
83.5771, 124.751
Evaluation Time: 1.2128 seconds
Resulting Fitness: 0.308333
-------------
Particle: 4:
Relays Coordinates:
109.449, 104.339
80.9819, 137.047
Evaluation Time: 1.18457 seconds
Resulting Fitness: 0.313889
-------------
Particle: 5:
Relays Coordinates:
126.17, 104.451
90.544, 111.119
Evaluation Time: 1.20011 seconds
Resulting Fitness: 0.297222
-------------
Particle: 6:
Relays Coordinates:
102.84, 113.036
88.2808, 154.435
Evaluation Time: 1.2315 seconds
Resulting Fitness: 0.308333
-------------
Particle: 7:
Relays Coordinates:
134.19, 128.392
97.6468, 108.161
Evaluation Time: 1.22356 seconds
Resulting Fitness: 0.333333
-------------
Particle: 8:
Relays Coordinates:
118.368, 84.3868
120.662, 205.583
Evaluation Time: 1.27638 seconds
Resulting Fitness: 0.377778
-------------
Particle: 9:
Relays Coordinates:
98.3419, 94.0065
132.366, 235.35
Evaluation Time: 1.30389 seconds
Resulting Fitness: 0.402778
New local best!
-------------
Particle: 10:
Relays Coordinates:
120.905, 89.457
133.731, 175.593
Evaluation Time: 1.24087 seconds
Resulting Fitness: 0.347222
-------------
Particle: 11:
Relays Coordinates:
120.899, 85.104
104.727, 205.811
Evaluation Time: 1.26614 seconds
Resulting Fitness: 0.372222
New local best!
-------------
Particle: 12:
Relays Coordinates:
115.571, 80.9406
78.7458, 140.769
Evaluation Time: 1.1743 seconds
Resulting Fitness: 0.308333
-------------
Particle: 13:
Relays Coordinates:
147.457, 134.537
78.5095, 128.249
Evaluation Time: 1.19994 seconds
Resulting Fitness: 0.338889
-------------
Particle: 14:
Relays Coordinates:
112.434, 85.9597
105.591, 165.82
Evaluation Time: 1.24011 seconds
Resulting Fitness: 0.341667
New local best!
-------------
Particle: 15:
Relays Coordinates:
99.4011, 163.221
69.5799, 135.07
Evaluation Time: 1.2475 seconds
Resulting Fitness: 0.319444
-------------
Particle: 16:
Relays Coordinates:
81.6369, 123.576
70.7034, 128.734
Evaluation Time: 1.19853 seconds
Resulting Fitness: 0.297222
-------------
Particle: 17:
Relays Coordinates:
125.138, 159.446
85.6229, 119.296
Evaluation Time: 1.23861 seconds
Resulting Fitness: 0.336111
-------------
Particle: 18:
Relays Coordinates:
158.969, 180.502
127.098, 69.8421
Evaluation Time: 1.29657 seconds
Resulting Fitness: 0.375
-------------
Particle: 19:
Relays Coordinates:
94.4091, 119.794
139.901, 38.0186
Evaluation Time: 1.20827 seconds
Resulting Fitness: 0.302778
-------------
Particle: 20:
Relays Coordinates:
106.468, 142.866
109.504, 106.461
Evaluation Time: 1.2283 seconds
Resulting Fitness: 0.319444
Current global best fitness: 0.405556
Current global best relays: 124.303, 84.6683
122.719, 228.41
Particle 1 new velocities: 85.6011, 79.0311
79.441, 173.579
Particle 2 new velocities: 140.714, 202.626
59.7919, 225.495
Particle 3 new velocities: 111.354, 99.7172
59.8602, 63.002
Particle 4 new velocities: 104.792, 66.9568
27.8196, 51.454
Particle 5 new velocities: 112.177, 167.596
103.301, 54.2538
Particle 6 new velocities: 138.257, 208.045
151.773, 159.37
Particle 7 new velocities: 68.4344, 101.604
81.5344, 188.172
Particle 8 new velocities: 106.267, 59.2613
90.9563, 195.275
Particle 9 new velocities: 85.6267, 30.1911
42.7957, 98.4441
Particle 10 new velocities: 75.9494, 52.4539
64.0657, 147.102
Particle 11 new velocities: 88.2489, 60.2738
104.88, 158.154
Particle 12 new velocities: 97.5399, 75.0928
119.564, 199.572
Particle 13 new velocities: 81.5572, 79.2048
46.7909, 21.0246
Particle 14 new velocities: 73.2196, 53.4209
82.5025, 150.508
Particle 15 new velocities: 134.723, 188.458
75.9314, 165.301
Particle 16 new velocities: 108.235, 107.769
113.851, 120.859
Particle 17 new velocities: 131.695, 117.551
119.909, 146.589
Particle 18 new velocities: 27.2538, -27.4153
51.654, 56.2257
Particle 19 new velocities: 83.7111, 66.993
70.2858, 213.049
Particle 20 new velocities: 82.1724, 141.446
82.1689, 64.0528
-- ITERATION 10 --
-------------
Particle: 1:
Relays Coordinates:
99.4626, 112.873
93.1219, 154.902
Evaluation Time: 1.20718 seconds
Resulting Fitness: 0.302778
-------------
Particle: 2:
Relays Coordinates:
94.4872, 116.009
51.7636, 135.432
Evaluation Time: 1.17747 seconds
Resulting Fitness: 0.297222
-------------
Particle: 3:
Relays Coordinates:
138.742, 126.793
84.6983, 110.866
Evaluation Time: 1.20187 seconds
Resulting Fitness: 0.336111
-------------
Particle: 4:
Relays Coordinates:
140.563, 112.387
71.3846, 123.676
Evaluation Time: 1.19125 seconds
Resulting Fitness: 0.327778
-------------
Particle: 5:
Relays Coordinates:
140.741, 160.641
114.463, 97.6509
Evaluation Time: 1.18712 seconds
Resulting Fitness: 0.336111
-------------
Particle: 6:
Relays Coordinates:
93.4059, 124.393
93.0017, 121.574
Evaluation Time: 1.22212 seconds
Resulting Fitness: 0.3
-------------
Particle: 7:
Relays Coordinates:
96.9146, 110.007
85.7019, 141.735
Evaluation Time: 1.22169 seconds
Resulting Fitness: 0.297222
-------------
Particle: 8:
Relays Coordinates:
119.38, 76.3405
112.463, 213.032
Evaluation Time: 1.29582 seconds
Resulting Fitness: 0.377778
-------------
Particle: 9:
Relays Coordinates:
120.702, 81.4861
114.924, 219.002
Evaluation Time: 1.32008 seconds
Resulting Fitness: 0.380556
-------------
Particle: 10:
Relays Coordinates:
116.241, 83.7969
116.797, 190.548
Evaluation Time: 1.24707 seconds
Resulting Fitness: 0.352778
-------------
Particle: 11:
Relays Coordinates:
123.5, 85.8441
123.771, 214.918
Evaluation Time: 1.28686 seconds
Resulting Fitness: 0.369444
-------------
Particle: 12:
Relays Coordinates:
113.256, 82.9225
105.39, 180.871
Evaluation Time: 1.2302 seconds
Resulting Fitness: 0.366667
-------------
Particle: 13:
Relays Coordinates:
166.951, 155.818
91.344, 108.821
Evaluation Time: 1.2965 seconds
Resulting Fitness: 0.341667
-------------
Particle: 14:
Relays Coordinates:
121.807, 91.4476
123.408, 207.543
Evaluation Time: 1.27247 seconds
Resulting Fitness: 0.369444
New local best!
-------------
Particle: 15:
Relays Coordinates:
100.783, 151.386
62.6378, 129.3
Evaluation Time: 1.29144 seconds
Resulting Fitness: 0.316667
-------------
Particle: 16:
Relays Coordinates:
90.8151, 110.651
88.2717, 119.38
Evaluation Time: 1.14262 seconds
Resulting Fitness: 0.288889
-------------
Particle: 17:
Relays Coordinates:
110.559, 119.238
88.4749, 114.455
Evaluation Time: 1.18441 seconds
Resulting Fitness: 0.305556
-------------
Particle: 18:
Relays Coordinates:
122.181, 100.44
117.279, 82.7131
Evaluation Time: 1.20777 seconds
Resulting Fitness: 0.266667
-------------
Particle: 19:
Relays Coordinates:
105.178, 110.296
124.113, 148.253
Evaluation Time: 1.25649 seconds
Resulting Fitness: 0.327778
New local best!
-------------
Particle: 20:
Relays Coordinates:
111.39, 167.883
113.181, 100.686
Evaluation Time: 1.26462 seconds
Resulting Fitness: 0.338889
Current global best fitness: 0.405556
Current global best relays: 124.303, 84.6683
122.719, 228.41
Particle 1 new velocities: 168.499, 159.16
91.0201, 132.174
Particle 2 new velocities: 125.032, 235.581
59.0816, 190.799
Particle 3 new velocities: 79.3196, 69.7359
86.8313, 131.05
Particle 4 new velocities: 70.8759, 45.7127
37.1749, 102.377
Particle 5 new velocities: 116.127, 102.496
84.2203, 105.86
Particle 6 new velocities: 180.865, 208.533
136.848, 160.266
Particle 7 new velocities: 199.054, 118.55
131.791, 226.134
Particle 8 new velocities: 91.0867, 56.8196
83.7889, 185.362
Particle 9 new velocities: 51.7863, 26.9649
53.4852, 83.8591
Particle 10 new velocities: 80.0456, 12.6282
84.6994, 146.876
Particle 11 new velocities: 71.1033, 45.8923
58.8404, 124.735
Particle 12 new velocities: 85.3354, 67.4532
108.037, 185.621
Particle 13 new velocities: 47.6903, 76.3361
68.2336, 105.606
Particle 14 new velocities: 60.298, 34.7022
65.8014, 122.466
Particle 15 new velocities: 147.972, 119.735
55.0182, 145.477
Particle 16 new velocities: 120.646, 91.4682
158.34, 144.128
Particle 17 new velocities: 258.239, 139.046
135.803, 138.911
Particle 18 new velocities: 76.3647, 15.0875
59.2168, 53.5368
Particle 19 new velocities: 83.0741, 51.0433
54.523, 269.433
Particle 20 new velocities: 75.8092, 12.2966
79.1958, -59.945
-- ITERATION 11 --
-------------
Particle: 1:
Relays Coordinates:
115.349, 117.101
79.2671, 123.577
Evaluation Time: 1.19491 seconds
Resulting Fitness: 0.305556
-------------
Particle: 2:
Relays Coordinates:
94.4957, 151.348
47.7152, 140.432
Evaluation Time: 1.25177 seconds
Resulting Fitness: 0.3
-------------
Particle: 3:
Relays Coordinates:
104.298, 93.999
82.0421, 115.708
Evaluation Time: 1.12016 seconds
Resulting Fitness: 0.288889
-------------
Particle: 4:
Relays Coordinates:
124.853, 93.3564
64.1033, 133.482
Evaluation Time: 1.24108 seconds
Resulting Fitness: 0.308333
-------------
Particle: 5:
Relays Coordinates:
136.51, 139.842
105.589, 108.154
Evaluation Time: 1.25475 seconds
Resulting Fitness: 0.330556
-------------
Particle: 6:
Relays Coordinates:
106.258, 128.982
89.0485, 109.191
Evaluation Time: 1.19609 seconds
Resulting Fitness: 0.308333
-------------
Particle: 7:
Relays Coordinates:
114.664, 88.5474
84.2613, 142.52
Evaluation Time: 1.13933 seconds
Resulting Fitness: 0.311111
-------------
Particle: 8:
Relays Coordinates:
111.851, 70.7668
104.296, 211.723
Evaluation Time: 1.26395 seconds
Resulting Fitness: 0.366667
-------------
Particle: 9:
Relays Coordinates:
125.744, 79.0608
122.77, 220.786
Evaluation Time: 1.31478 seconds
Resulting Fitness: 0.391667
-------------
Particle: 10:
Relays Coordinates:
115.905, 56.9381
118.982, 199.246
Evaluation Time: 1.32168 seconds
Resulting Fitness: 0.372222
New local best!
-------------
Particle: 11:
Relays Coordinates:
127.679, 86.4322
119.811, 222.846
Evaluation Time: 1.3201 seconds
Resulting Fitness: 0.369444
-------------
Particle: 12:
Relays Coordinates:
117.266, 88.7954
126.027, 216.41
Evaluation Time: 1.24899 seconds
Resulting Fitness: 0.380556
New local best!
-------------
Particle: 13:
Relays Coordinates:
114.069, 123.376
84.8061, 113.955
Evaluation Time: 1.19923 seconds
Resulting Fitness: 0.311111
-------------
Particle: 14:
Relays Coordinates:
119.479, 82.7669
124.14, 216.519
Evaluation Time: 1.30373 seconds
Resulting Fitness: 0.388889
New local best!
-------------
Particle: 15:
Relays Coordinates:
118.979, 129.676
56.2745, 131.425
Evaluation Time: 1.22859 seconds
Resulting Fitness: 0.322222
-------------
Particle: 16:
Relays Coordinates:
101.141, 96.6731
117.954, 126.035
Evaluation Time: 1.19288 seconds
Resulting Fitness: 0.322222
-------------
Particle: 17:
Relays Coordinates:
158.755, 111.183
96.5444, 109.066
Evaluation Time: 1.20515 seconds
Resulting Fitness: 0.330556
-------------
Particle: 18:
Relays Coordinates:
130.266, 75.7976
115.799, 89.3935
Evaluation Time: 1.10217 seconds
Resulting Fitness: 0.266667
-------------
Particle: 19:
Relays Coordinates:
111.161, 95.2693
105.483, 246.639
Evaluation Time: 1.33416 seconds
Resulting Fitness: 0.411111
New local best!
New global best!
-------------
Particle: 20:
Relays Coordinates:
136.468, 131.351
140.243, 29.7005
Evaluation Time: 1.26628 seconds
Resulting Fitness: 0.327778
Current global best fitness: 0.411111
Current global best relays: 111.161, 95.2693
105.483, 246.639
Particle 1 new velocities: 146.746, 214.582
154.48, 144.483
Particle 2 new velocities: 147.453, 198.9
60.179, 193.676
Particle 3 new velocities: 101.554, 165.438
70.6848, 150.695
Particle 4 new velocities: 70.4183, 74.0068
74.9365, 147.337
Particle 5 new velocities: 122.571, 91.7384
65.6465, 166.85
Particle 6 new velocities: 180.455, 168.112
156.658, 99.9757
Particle 7 new velocities: 198.345, 103.947
144.798, 200.777
Particle 8 new velocities: 72.646, 79.1781
78.486, 197.765
Particle 9 new velocities: 9.44404, 38.7823
24.7038, 79.5826
Particle 10 new velocities: 62.9641, 35.3001
57.8989, 130.361
Particle 11 new velocities: 36.9028, 39.8106
25.332, 119.305
Particle 12 new velocities: 62.3999, 58.9093
81.976, 149.988
Particle 13 new velocities: 146.377, 73.8766
79.1671, 137.2
Particle 14 new velocities: 38.9545, 43.6215
42.5275, 111.411
Particle 15 new velocities: 117.558, 152.857
98.2078, 120.359
Particle 16 new velocities: 131.922, 200.909
107.57, 120.085
Particle 17 new velocities: 231.995, 206.745
120.901, 182.669
Particle 18 new velocities: 107.4, 166.452
42.6832, 232.825
Particle 19 new velocities: 66.4593, 40.8347
43.6184, 215.546
Particle 20 new velocities: 32.6267, 24.8831
32.1714, 191.623
-- ITERATION 12 --
-------------
Particle: 1:
Relays Coordinates:
112.823, 142.779
100.621, 115.391
Evaluation Time: 1.22929 seconds
Resulting Fitness: 0.313889
-------------
Particle: 2:
Relays Coordinates:
104.151, 150.771
46.4449, 143.822
Evaluation Time: 1.26333 seconds
Resulting Fitness: 0.322222
-------------
Particle: 3:
Relays Coordinates:
98.4586, 124.088
73.0488, 127.42
Evaluation Time: 1.18283 seconds
Resulting Fitness: 0.302778
-------------
Particle: 4:
Relays Coordinates:
115.306, 98.8263
82.1016, 165.82
Evaluation Time: 1.23592 seconds
Resulting Fitness: 0.338889
New local best!
-------------
Particle: 5:
Relays Coordinates:
123.918, 110.764
81.9012, 131.534
Evaluation Time: 1.20807 seconds
Resulting Fitness: 0.308333
-------------
Particle: 6:
Relays Coordinates:
137.134, 142.099
117.521, 100.044
Evaluation Time: 1.21459 seconds
Resulting Fitness: 0.330556
-------------
Particle: 7:
Relays Coordinates:
121.266, 74.5762
88.7421, 133
Evaluation Time: 1.1814 seconds
Resulting Fitness: 0.316667
-------------
Particle: 8:
Relays Coordinates:
108.943, 88.5409
107.931, 241.798
Evaluation Time: 1.32545 seconds
Resulting Fitness: 0.394444
-------------
Particle: 9:
Relays Coordinates:
109.502, 95.4529
119.454, 243.299
Evaluation Time: 1.32822 seconds
Resulting Fitness: 0.416667
New local best!
New global best!
-------------
Particle: 10:
Relays Coordinates:
105.621, 54.4657
104.446, 194.629
Evaluation Time: 1.25604 seconds
Resulting Fitness: 0.363889
-------------
Particle: 11:
Relays Coordinates:
107.982, 82.828
95.2284, 224.486
Evaluation Time: 1.247 seconds
Resulting Fitness: 0.375
New local best!
-------------
Particle: 12:
Relays Coordinates:
117.879, 96.909
136.47, 240.394
Evaluation Time: 1.40142 seconds
Resulting Fitness: 0.411111
New local best!
-------------
Particle: 13:
Relays Coordinates:
124.571, 94.3454
78.4279, 120.127
Evaluation Time: 1.20758 seconds
Resulting Fitness: 0.305556
-------------
Particle: 14:
Relays Coordinates:
115.498, 92.1371
121.501, 239.061
Evaluation Time: 1.35311 seconds
Resulting Fitness: 0.411111
New local best!
-------------
Particle: 15:
Relays Coordinates:
113.135, 135.135
73.8884, 120.427
Evaluation Time: 1.17673 seconds
Resulting Fitness: 0.319444
-------------
Particle: 16:
Relays Coordinates:
100.326, 128.099
97.0807, 105.947
Evaluation Time: 1.27915 seconds
Resulting Fitness: 0.316667
-------------
Particle: 17:
Relays Coordinates:
151.385, 123.172
84.2428, 113.024
Evaluation Time: 1.20594 seconds
Resulting Fitness: 0.336111
-------------
Particle: 18:
Relays Coordinates:
102.307, 104.28
68.2214, 138.705
Evaluation Time: 1.16901 seconds
Resulting Fitness: 0.3
-------------
Particle: 19:
Relays Coordinates:
76.4598, 58.5883
64.1832, 198.956
Evaluation Time: 1.21538 seconds
Resulting Fitness: 0.308333
-------------
Particle: 20:
Relays Coordinates:
110.943, 102.505
113.121, 145.21
Evaluation Time: 1.2015 seconds
Resulting Fitness: 0.330556
Current global best fitness: 0.416667
Current global best relays: 109.502, 95.4529
119.454, 243.299
Particle 1 new velocities: 125.888, 227.372
170.367, 196.897
Particle 2 new velocities: 158.248, 139.92
68.333, 200.905
Particle 3 new velocities: 130.821, 257.807
100.815, 166.298
Particle 4 new velocities: 50.8938, 56.5075
107.855, 215.989
Particle 5 new velocities: 98.6387, 172.339
92.2196, 135.164
Particle 6 new velocities: 122.169, 114.02
126.387, 169.163
Particle 7 new velocities: 219.547, 227.238
153.098, 198.294
Particle 8 new velocities: 68.6613, 62.4146
97.3256, 137.888
Particle 9 new velocities: 7.55523, 31.0258
19.763, 63.6661
Particle 10 new velocities: 66.687, 44.6958
50.956, 126.301
Particle 11 new velocities: 31.3759, 33.8707
42.4846, 101.962
Particle 12 new velocities: 45.7497, 46.0225
59.3987, 121.88
Particle 13 new velocities: 153.202, 92.8799
102.764, 204.486
Particle 14 new velocities: 28.0285, 37.9955
32.7003, 89.5031
Particle 15 new velocities: 104.101, 126.432
14.2544, 156.349
Particle 16 new velocities: 152.051, 165.625
127.174, 175.673
Particle 17 new velocities: 208.988, 261.829
119.931, 284.493
Particle 18 new velocities: 156.848, 211.398
174.361, 147.285
Particle 19 new velocities: 91.823, 74.3365
150.067, 251.649
Particle 20 new velocities: 31.0147, 37.5925
30.1117, 158.227
-- ITERATION 13 --
-------------
Particle: 1:
Relays Coordinates:
83.2336, 129.064
94.4875, 108.888
Evaluation Time: 1.1264 seconds
Resulting Fitness: 0.305556
-------------
Particle: 2:
Relays Coordinates:
101.659, 112.619
44.4673, 133.555
Evaluation Time: 1.16712 seconds
Resulting Fitness: 0.291667
-------------
Particle: 3:
Relays Coordinates:
98.6974, 164.393
74.8425, 126.436
Evaluation Time: 1.296 seconds
Resulting Fitness: 0.327778
-------------
Particle: 4:
Relays Coordinates:
109.043, 101.915
124.63, 250.505
Evaluation Time: 1.3804 seconds
Resulting Fitness: 0.416667
New local best!
-------------
Particle: 5:
Relays Coordinates:
106.448, 135.407
83.2815, 127.56
Evaluation Time: 1.19436 seconds
Resulting Fitness: 0.316667
-------------
Particle: 6:
Relays Coordinates:
100.459, 99.2258
94.4947, 104.296
Evaluation Time: 1.15349 seconds
Resulting Fitness: 0.286111
-------------
Particle: 7:
Relays Coordinates:
118.834, 105.236
84.3246, 115.515
Evaluation Time: 1.18477 seconds
Resulting Fitness: 0.3
-------------
Particle: 8:
Relays Coordinates:
116.527, 99.0419
134.669, 249.113
Evaluation Time: 1.39287 seconds
Resulting Fitness: 0.416667
New local best!
-------------
Particle: 9:
Relays Coordinates:
94.8165, 102.448
112.766, 248.641
Evaluation Time: 1.29614 seconds
Resulting Fitness: 0.413889
-------------
Particle: 10:
Relays Coordinates:
113.051, 65.0598
101.959, 210.563
Evaluation Time: 1.25231 seconds
Resulting Fitness: 0.366667
-------------
Particle: 11:
Relays Coordinates:
101.592, 85.0733
100.393, 237.98
Evaluation Time: 1.35365 seconds
Resulting Fitness: 0.383333
New local best!
-------------
Particle: 12:
Relays Coordinates:
107.357, 93.7773
128.51, 237.688
Evaluation Time: 1.33653 seconds
Resulting Fitness: 0.408333
-------------
Particle: 13:
Relays Coordinates:
119.572, 80.5944
77.997, 139.735
Evaluation Time: 1.15977 seconds
Resulting Fitness: 0.316667
-------------
Particle: 14:
Relays Coordinates:
104.631, 94.8667
112.413, 239.523
Evaluation Time: 1.33292 seconds
Resulting Fitness: 0.408333
-------------
Particle: 15:
Relays Coordinates:
115.448, 139.007
46.8427, 147.09
Evaluation Time: 1.31517 seconds
Resulting Fitness: 0.322222
-------------
Particle: 16:
Relays Coordinates:
108.64, 126.439
96.5342, 121.228
Evaluation Time: 1.28806 seconds
Resulting Fitness: 0.311111
-------------
Particle: 17:
Relays Coordinates:
113.089, 120.817
64.0719, 124.745
Evaluation Time: 1.18231 seconds
Resulting Fitness: 0.311111
-------------
Particle: 18:
Relays Coordinates:
100.402, 122.3
93.9814, 110.798
Evaluation Time: 1.20377 seconds
Resulting Fitness: 0.311111
-------------
Particle: 19:
Relays Coordinates:
80.4891, 63.5775
102.475, 215.523
Evaluation Time: 1.34792 seconds
Resulting Fitness: 0.347222
-------------
Particle: 20:
Relays Coordinates:
103.487, 102.131
104.416, 221.206
Evaluation Time: 1.29583 seconds
Resulting Fitness: 0.363889
New local best!
Current global best fitness: 0.416667
Current global best relays: 109.502, 95.4529
119.454, 243.299
Particle 1 new velocities: 220.099, 240.718
197.23, 218.666
Particle 2 new velocities: 144.514, 154.522
65.4052, 160.022
Particle 3 new velocities: 154.442, 254.069
95.4151, 244.27
Particle 4 new velocities: 41.1855, 37.9925
84.4503, 167.927
Particle 5 new velocities: 126.961, 116.576
79.1494, 99.3143
Particle 6 new velocities: 145.166, 106.282
124.53, 286.332
Particle 7 new velocities: 191.329, 260.627
234.964, 277.049
Particle 8 new velocities: 54.339, 45.5046
59.6394, 104.831
Particle 9 new velocities: 25.5386, 12.8104
33.3746, 48.3992
Particle 10 new velocities: 53.9113, 42.1224
87.749, 95.1931
Particle 11 new velocities: 33.1695, 32.3642
53.2985, 87.0238
Particle 12 new velocities: 52.8063, 40.4794
51.505, 104.003
Particle 13 new velocities: 177.492, 97.8094
107.477, 274.838
Particle 14 new velocities: 31.6584, 30.0555
36.7173, 71.2447
Particle 15 new velocities: 80.4313, 67.8216
50.9088, 153.173
Particle 16 new velocities: 164.678, 98.8623
104.044, 239.204
Particle 17 new velocities: 311.549, 204.425
145.599, 248.076
Particle 18 new velocities: 248.97, 211.037
155.001, 218.956
Particle 19 new velocities: 152.628, 109.585
145.089, 237.27
Particle 20 new velocities: 30.4311, 26.6028
40.8691, 153.696
-- ITERATION 14 --
-------------
Particle: 1:
Relays Coordinates:
105.765, 128.935
101.716, 114.211
Evaluation Time: 1.23961 seconds
Resulting Fitness: 0.308333
-------------
Particle: 2:
Relays Coordinates:
117.744, 127.773
52.5517, 140.417
Evaluation Time: 1.24445 seconds
Resulting Fitness: 0.319444
-------------
Particle: 3:
Relays Coordinates:
88.2641, 145.909
59.3651, 129.257
Evaluation Time: 1.21035 seconds
Resulting Fitness: 0.3
-------------
Particle: 4:
Relays Coordinates:
79.8378, 74.3523
111.114, 222.372
Evaluation Time: 1.33127 seconds
Resulting Fitness: 0.366667
-------------
Particle: 5:
Relays Coordinates:
124.043, 133.914
86.3224, 120.571
Evaluation Time: 1.21784 seconds
Resulting Fitness: 0.330556
-------------
Particle: 6:
Relays Coordinates:
117.482, 98.2935
104.759, 186.836
Evaluation Time: 1.24209 seconds
Resulting Fitness: 0.369444
New local best!
-------------
Particle: 7:
Relays Coordinates:
97.3326, 114.812
100.196, 123.191
Evaluation Time: 1.27037 seconds
Resulting Fitness: 0.313889
-------------
Particle: 8:
Relays Coordinates:
112.105, 94.8369
127.486, 232.223
Evaluation Time: 1.29134 seconds
Resulting Fitness: 0.402778
-------------
Particle: 9:
Relays Coordinates:
97.4876, 93.3591
118.374, 240.603
Evaluation Time: 1.37911 seconds
Resulting Fitness: 0.397222
-------------
Particle: 10:
Relays Coordinates:
121.715, 78.1358
138.297, 222.896
Evaluation Time: 1.36131 seconds
Resulting Fitness: 0.402778
New local best!
-------------
Particle: 11:
Relays Coordinates:
98.2411, 85.6119
112.041, 236.928
Evaluation Time: 1.41415 seconds
Resulting Fitness: 0.391667
New local best!
-------------
Particle: 12:
Relays Coordinates:
116.759, 97.8732
131.231, 249.092
Evaluation Time: 1.35373 seconds
Resulting Fitness: 0.413889
New local best!
-------------
Particle: 13:
Relays Coordinates:
127.876, 76.797
79.8407, 178.46
Evaluation Time: 1.29295 seconds
Resulting Fitness: 0.361111
-------------
Particle: 14:
Relays Coordinates:
110.394, 101.187
120.795, 251.722
Evaluation Time: 1.42607 seconds
Resulting Fitness: 0.422222
New local best!
New global best!
-------------
Particle: 15:
Relays Coordinates:
104.098, 109.917
51.9491, 159.572
Evaluation Time: 1.2449 seconds
Resulting Fitness: 0.330556
-------------
Particle: 16:
Relays Coordinates:
117.655, 96.9847
86.3425, 155.154
Evaluation Time: 1.24128 seconds
Resulting Fitness: 0.316667
-------------
Particle: 17:
Relays Coordinates:
148.062, 113.405
73.1077, 129.995
Evaluation Time: 1.18103 seconds
Resulting Fitness: 0.338889
-------------
Particle: 18:
Relays Coordinates:
121.818, 116.228
86.815, 114.978
Evaluation Time: 1.16631 seconds
Resulting Fitness: 0.3
-------------
Particle: 19:
Relays Coordinates:
123.888, 92.0257
131.566, 240.633
Evaluation Time: 1.41335 seconds
Resulting Fitness: 0.402778
-------------
Particle: 20:
Relays Coordinates:
79.0776, 76.0162
85.7897, 221.376
Evaluation Time: 1.27458 seconds
Resulting Fitness: 0.347222
Current global best fitness: 0.422222
Current global best relays: 110.394, 101.187
120.795, 251.722
Particle 1 new velocities: 205.471, 271.966
171.282, 226.295
Particle 2 new velocities: 122.574, 219.372
100.28, 151.085
Particle 3 new velocities: 194.711, 241.747
130.277, 185.074
Particle 4 new velocities: 83.3344, 47.3419
92.6569, 172.031
Particle 5 new velocities: 162.451, 130.482
76.7783, 193.383
Particle 6 new velocities: 112.563, 88.565
111.443, 250.187
Particle 7 new velocities: 247.038, 275.755
237.889, 161.335
Particle 8 new velocities: 50.8749, 49.6005
58.5093, 112.883
Particle 9 new velocities: 33.7781, 17.079
28.4919, 43.8026
Particle 10 new velocities: 30.8492, 61.8694
53.1898, 106.117
Particle 11 new velocities: 28.408, 32.1611
53.5113, 83.5075
Particle 12 new velocities: 34.693, 34.7309
36.2778, 86.2721
Particle 13 new velocities: 200.366, 109.373
122.652, 142.593
Particle 14 new velocities: 25.3267, 24.0444
29.3738, 56.9957
Particle 15 new velocities: 111.87, 181.864
62.8204, 110.844
Particle 16 new velocities: 147.547, 252.341
129.8, 191.796
Particle 17 new velocities: 280.081, 166.156
157.604, 146.602
Particle 18 new velocities: 265.53, 236.035
211.27, 200.915
Particle 19 new velocities: 88.0767, 94.1453
76.7829, 205.938
Particle 20 new velocities: 45.9876, 77.0634
87.1195, 159.483
-- ITERATION 15 --
-------------
Particle: 1:
Relays Coordinates:
108.521, 139.786
95.1885, 118.727
Evaluation Time: 1.20432 seconds
Resulting Fitness: 0.322222
-------------
Particle: 2:
Relays Coordinates:
103.449, 149.434
65.7891, 125.482
Evaluation Time: 1.27156 seconds
Resulting Fitness: 0.313889
-------------
Particle: 3:
Relays Coordinates:
109.63, 150.186
73.4713, 121.778
Evaluation Time: 1.24177 seconds
Resulting Fitness: 0.325
-------------
Particle: 4:
Relays Coordinates:
86.7164, 64.6733
108.292, 209.602
Evaluation Time: 1.33604 seconds
Resulting Fitness: 0.363889
-------------
Particle: 5:
Relays Coordinates:
123.327, 113.814
70.2095, 135.147
Evaluation Time: 1.2806 seconds
Resulting Fitness: 0.308333
-------------
Particle: 6:
Relays Coordinates:
110.03, 89.3739
103.409, 209.027
Evaluation Time: 1.30269 seconds
Resulting Fitness: 0.377778
New local best!
-------------
Particle: 7:
Relays Coordinates:
120.074, 136.182
117.883, 99.2081
Evaluation Time: 1.21872 seconds
Resulting Fitness: 0.330556
-------------
Particle: 8:
Relays Coordinates:
106.931, 94.7654
122.031, 226.424
Evaluation Time: 1.29896 seconds
Resulting Fitness: 0.386111
-------------
Particle: 9:
Relays Coordinates:
106.325, 89.4549
118.961, 230.368
Evaluation Time: 1.31364 seconds
Resulting Fitness: 0.394444
-------------
Particle: 10:
Relays Coordinates:
111.22, 102.064
139.594, 239.85
Evaluation Time: 1.36389 seconds
Resulting Fitness: 0.402778
-------------
Particle: 11:
Relays Coordinates:
92.3272, 85.8565
120.688, 233.597
Evaluation Time: 1.28401 seconds
Resulting Fitness: 0.394444
New local best!
-------------
Particle: 12:
Relays Coordinates:
110.408, 96.6684
122.114, 244.481
Evaluation Time: 1.3032 seconds
Resulting Fitness: 0.419444
New local best!
-------------
Particle: 13:
Relays Coordinates:
127.168, 72.1262
78.45, 124.383
Evaluation Time: 1.14821 seconds
Resulting Fitness: 0.313889
-------------
Particle: 14:
Relays Coordinates:
109.934, 101.437
121.637, 250.061
Evaluation Time: 1.34905 seconds
Resulting Fitness: 0.430556
New local best!
New global best!
-------------
Particle: 15:
Relays Coordinates:
103.297, 139.558
54.8939, 129.339
Evaluation Time: 1.18485 seconds
Resulting Fitness: 0.313889
-------------
Particle: 16:
Relays Coordinates:
92.4702, 121.802
75.3644, 120.974
Evaluation Time: 1.16322 seconds
Resulting Fitness: 0.291667
-------------
Particle: 17:
Relays Coordinates:
165.871, 108.308
89.3826, 107.159
Evaluation Time: 1.20479 seconds
Resulting Fitness: 0.333333
-------------
Particle: 18:
Relays Coordinates:
135.06, 122.826
103.936, 110.145
Evaluation Time: 1.20241 seconds
Resulting Fitness: 0.319444
-------------
Particle: 19:
Relays Coordinates:
112.647, 98.9389
110.725, 237.326
Evaluation Time: 1.37748 seconds
Resulting Fitness: 0.4
-------------
Particle: 20:
Relays Coordinates:
82.0552, 100.436
113.446, 249.882
Evaluation Time: 1.31464 seconds
Resulting Fitness: 0.405556
New local best!
Current global best fitness: 0.430556
Current global best relays: 109.934, 101.437
121.637, 250.061
Particle 1 new velocities: 221.69, 222.322
187.981, 238.625
Particle 2 new velocities: 117.956, 179.748
126.781, 168.511
Particle 3 new velocities: 190.684, 166.615
96.5676, 275.585
Particle 4 new velocities: 87.7781, 82.3249
96.0045, 169.776
Particle 5 new velocities: 182.832, 142.203
127.827, 112.739
Particle 6 new velocities: 89.9418, 76.291
96.3409, 220.083
Particle 7 new velocities: 239.059, 256.049
203.103, 242.787
Particle 8 new velocities: 59.6105, 44.9001
50.0494, 150.693
Particle 9 new velocities: 31.8264, 32.5145
25.4711, 56.5033
Particle 10 new velocities: 26.9167, 18.2547
38.708, 79.5424
Particle 11 new velocities: 33.1414, 35.9184
44.0277, 84.4812
Particle 12 new velocities: 27.5507, 29.5368
28.5702, 73.7702
Particle 13 new velocities: 176.521, 163.535
147.839, 249.139
Particle 14 new velocities: 20.2614, 19.2355
23.499, 45.5966
Particle 15 new velocities: 141.154, 196.539
84.6159, 86.9244
Particle 16 new velocities: 186.793, 245.53
177.021, 237.059
Particle 17 new velocities: 202.563, 257.03
148.179, 136.598
Particle 18 new velocities: 202.729, 201.703
197.459, 264.975
Particle 19 new velocities: 66.6565, 75.396
71.8815, 176.167
Particle 20 new velocities: 52.8467, 62.0999
73.4594, 127.815
-- ITERATION 16 --
-------------
Particle: 1:
Relays Coordinates:
103.624, 113.633
88.8616, 112.141
Evaluation Time: 1.18395 seconds
Resulting Fitness: 0.297222
-------------
Particle: 2:
Relays Coordinates:
95.3075, 141.702
82.895, 126.554
Evaluation Time: 1.22365 seconds
Resulting Fitness: 0.297222
-------------
Particle: 3:
Relays Coordinates:
104.713, 110.462
59.2889, 138.552
Evaluation Time: 1.19902 seconds
Resulting Fitness: 0.308333
-------------
Particle: 4:
Relays Coordinates:
114.486, 96.4455
134.039, 248.91
Evaluation Time: 1.41123 seconds
Resulting Fitness: 0.419444
New local best!
-------------
Particle: 5:
Relays Coordinates:
146.435, 122.452
94.7204, 118.563
Evaluation Time: 1.18566 seconds
Resulting Fitness: 0.338889
-------------
Particle: 6:
Relays Coordinates:
106.273, 88.0411
106.155, 228.047
Evaluation Time: 1.2912 seconds
Resulting Fitness: 0.386111
New local best!
-------------
Particle: 7:
Relays Coordinates:
112.7, 123.086
100.729, 107.322
Evaluation Time: 1.18278 seconds
Resulting Fitness: 0.311111
-------------
Particle: 8:
Relays Coordinates:
98.3411, 82.4711
101.612, 222.684
Evaluation Time: 1.24791 seconds
Resulting Fitness: 0.369444
-------------
Particle: 9:
Relays Coordinates:
111.903, 98.7952
116.99, 232.366
Evaluation Time: 1.31703 seconds
Resulting Fitness: 0.411111
-------------
Particle: 10:
Relays Coordinates:
100.701, 87.7122
129.982, 232.837
Evaluation Time: 1.31231 seconds
Resulting Fitness: 0.413889
New local best!
-------------
Particle: 11:
Relays Coordinates:
91.4666, 88.7739
120.077, 231.879
Evaluation Time: 1.33397 seconds
Resulting Fitness: 0.4
New local best!
-------------
Particle: 12:
Relays Coordinates:
100.572, 92.0036
109.849, 232.005
Evaluation Time: 1.3046 seconds
Resulting Fitness: 0.383333
-------------
Particle: 13:
Relays Coordinates:
117.655, 91.3001
87.669, 144.71
Evaluation Time: 1.19682 seconds
Resulting Fitness: 0.305556
-------------
Particle: 14:
Relays Coordinates:
105.458, 97.7451
117.56, 239.483
Evaluation Time: 1.31578 seconds
Resulting Fitness: 0.402778
-------------
Particle: 15:
Relays Coordinates:
144.346, 198.462
82.3792, 127.702
Evaluation Time: 1.38416 seconds
Resulting Fitness: 0.383333
-------------
Particle: 16:
Relays Coordinates:
97.3729, 128.081
88.0014, 124.839
Evaluation Time: 1.20371 seconds
Resulting Fitness: 0.302778
-------------
Particle: 17:
Relays Coordinates:
158.599, 157.266
102.262, 104.929
Evaluation Time: 1.23936 seconds
Resulting Fitness: 0.344444
-------------
Particle: 18:
Relays Coordinates:
106.002, 101.841
94.5809, 117.716
Evaluation Time: 1.16808 seconds
Resulting Fitness: 0.297222
-------------
Particle: 19:
Relays Coordinates:
105.877, 102.943
107.827, 244.164
Evaluation Time: 1.36498 seconds
Resulting Fitness: 0.4
-------------
Particle: 20:
Relays Coordinates:
88.5091, 106.64
122.628, 247.807
Evaluation Time: 1.29337 seconds
Resulting Fitness: 0.413889
New local best!
Current global best fitness: 0.430556
Current global best relays: 109.934, 101.437
121.637, 250.061
Particle 1 new velocities: 228.447, 300.718
195.084, 283.245
Particle 2 new velocities: 117.437, 166.433
103.906, 141.08
Particle 3 new velocities: 186.213, 265.89
88.1178, 311.477
Particle 4 new velocities: 69.0883, 68.4562
70.8885, 137.059
Particle 5 new velocities: 147.695, 134.221
110.455, 93.7394
Particle 6 new velocities: 73.0279, 74.7692
77.9353, 177.975
Particle 7 new velocities: 292.391, 197.518
221.242, 342.696
Particle 8 new velocities: 59.5177, 53.4021
79.8472, 143.198
Particle 9 new velocities: 22.9661, 26.6166
27.6086, 55.694
Particle 10 new velocities: 29.9048, 26.6589
26.8898, 73.8506
Particle 11 new velocities: 39.4896, 33.8068
35.8865, 71.6252
Particle 12 new velocities: 38.8927, 34.4436
53.2909, 94.6342
Particle 13 new velocities: 219.73, 266.241
140.248, 192.957
Particle 14 new velocities: 23.5233, 20.8681
23.6689, 56.2006
Particle 15 new velocities: 96.9023, 101.937
38.1275, 79.5729
Particle 16 new velocities: 178.326, 283.842
185.455, 170.608
Particle 17 new velocities: 114.896, 142.83
125.756, 125.179
Particle 18 new velocities: 198.452, 192.237
178.183, 193.648
Particle 19 new velocities: 57.2773, 56.8771
75.3097, 150.483
Particle 20 new velocities: 50.1724, 44.1287
58.6856, 102.473
-- ITERATION 17 --
-------------
Particle: 1:
Relays Coordinates:
104.207, 130.028
89.1051, 124.076
Evaluation Time: 1.26914 seconds
Resulting Fitness: 0.313889
-------------
Particle: 2:
Relays Coordinates:
91.5796, 132.642
80.4115, 115.208
Evaluation Time: 1.16328 seconds
Resulting Fitness: 0.302778
-------------
Particle: 3:
Relays Coordinates:
91.2958, 118.103
46.2578, 141.224
Evaluation Time: 1.16313 seconds
Resulting Fitness: 0.302778
-------------
Particle: 4:
Relays Coordinates:
108.399, 97.3728
121.008, 227.911
Evaluation Time: 1.28957 seconds
Resulting Fitness: 0.386111
-------------
Particle: 5:
Relays Coordinates:
140.681, 122.766
98.1346, 101.544
Evaluation Time: 1.19877 seconds
Resulting Fitness: 0.316667
-------------
Particle: 6:
Relays Coordinates:
105.875, 96.1379
108.704, 239.752
Evaluation Time: 1.3422 seconds
Resulting Fitness: 0.394444
New local best!
-------------
Particle: 7:
Relays Coordinates:
114.409, 90.548
90.9342, 127.098
Evaluation Time: 1.1396 seconds
Resulting Fitness: 0.316667
-------------
Particle: 8:
Relays Coordinates:
103.571, 89.1464
119.055, 240.055
Evaluation Time: 1.32704 seconds
Resulting Fitness: 0.405556
-------------
Particle: 9:
Relays Coordinates:
109.244, 101.584
117.125, 233.329
Evaluation Time: 1.36479 seconds
Resulting Fitness: 0.402778
-------------
Particle: 10:
Relays Coordinates:
95.2119, 83.3765
114.36, 223.576
Evaluation Time: 1.29466 seconds
Resulting Fitness: 0.363889
-------------
Particle: 11:
Relays Coordinates:
106.074, 99.2904
126.331, 245.839
Evaluation Time: 1.34043 seconds
Resulting Fitness: 0.411111
New local best!
-------------
Particle: 12:
Relays Coordinates:
101.67, 92.18
118.929, 238.12
Evaluation Time: 1.29866 seconds
Resulting Fitness: 0.4
-------------
Particle: 13:
Relays Coordinates:
117.639, 124.667
79.4698, 117.737
Evaluation Time: 1.18316 seconds
Resulting Fitness: 0.316667
-------------
Particle: 14:
Relays Coordinates:
104.475, 96.0767
114.396, 239.504
Evaluation Time: 1.31454 seconds
Resulting Fitness: 0.394444
-------------
Particle: 15:
Relays Coordinates:
142.455, 177.383
71.158, 122.393
Evaluation Time: 1.30839 seconds
Resulting Fitness: 0.35
-------------
Particle: 16:
Relays Coordinates:
96.1302, 143.628
95.3483, 103.016
Evaluation Time: 1.19948 seconds
Resulting Fitness: 0.302778
-------------
Particle: 17:
Relays Coordinates:
130.812, 143.535
109.061, 110.06
Evaluation Time: 1.23027 seconds
Resulting Fitness: 0.319444
-------------
Particle: 18:
Relays Coordinates:
106.156, 102.538
95.1069, 108.566
Evaluation Time: 1.143 seconds
Resulting Fitness: 0.3
-------------
Particle: 19:
Relays Coordinates:
107.045, 104.858
120.156, 258.928
Evaluation Time: 1.36838 seconds
Resulting Fitness: 0.430556
New local best!
-------------
Particle: 20:
Relays Coordinates:
101.099, 109.91
132.178, 255.354
Evaluation Time: 1.37075 seconds
Resulting Fitness: 0.422222
New local best!
Current global best fitness: 0.430556
Current global best relays: 109.934, 101.437
121.637, 250.061
Particle 1 new velocities: 191.93, 244.32
229.469, 187.406
Particle 2 new velocities: 165.907, 160.23
109.108, 90.2197
Particle 3 new velocities: 198.791, 353.422
104.503, 306.411
Particle 4 new velocities: 63.5662, 55.5096
66.0606, 147.635
Particle 5 new velocities: 129.646, 173.3
94.5225, 111.136
Particle 6 new velocities: 60.2561, 60.0911
68.2629, 144.319
Particle 7 new velocities: 342.819, 281.2
249.104, 262.765
Particle 8 new velocities: 57.4536, 59.7202
86.9642, 138.806
Particle 9 new velocities: 19.0295, 11.1817
27.3557, 65.2175
Particle 10 new velocities: 27.933, 40.6974
33.1473, 76.3389
Particle 11 new velocities: 35.6805, 28.3268
28.6445, 57.6918
Particle 12 new velocities: 43.5205, 33.8185
43.8956, 89.1762
Particle 13 new velocities: 236.191, 199.111
143.349, 121.992
Particle 14 new velocities: 32.3685, 21.054
32.9217, 59.6605
Particle 15 new velocities: 36.9232, 76.9665
58.0703, 64.3575
Particle 16 new velocities: 164.973, 271.288
197.994, 142.065
Particle 17 new velocities: 141.394, 85.9793
92.9159, 150.025
Particle 18 new velocities: 182.288, 252.519
188.328, 180.05
Particle 19 new velocities: 47.0925, 44.5052
60.6251, 112.177
Particle 20 new velocities: 41.7109, 26.0729
34.0531, 80.1634
-- ITERATION 18 --
-------------
Particle: 1:
Relays Coordinates:
92.9312, 117.474
99.9718, 97.7464
Evaluation Time: 1.16713 seconds
Resulting Fitness: 0.291667
-------------
Particle: 2:
Relays Coordinates:
136.839, 155.644
100.718, 109.173
Evaluation Time: 1.2617 seconds
Resulting Fitness: 0.333333
-------------
Particle: 3:
Relays Coordinates:
91.0323, 147.97
47.3102, 140.472
Evaluation Time: 1.20034 seconds
Resulting Fitness: 0.3
-------------
Particle: 4:
Relays Coordinates:
112.826, 100.306
122.735, 246.395
Evaluation Time: 1.32134 seconds
Resulting Fitness: 0.425
New local best!
-------------
Particle: 5:
Relays Coordinates:
143.663, 157.342
102.386, 113.027
Evaluation Time: 1.23168 seconds
Resulting Fitness: 0.330556
-------------
Particle: 6:
Relays Coordinates:
108.999, 102.502
116.108, 251.989
Evaluation Time: 1.34465 seconds
Resulting Fitness: 0.425
New local best!
-------------
Particle: 7:
Relays Coordinates:
129.135, 104.993
96.0369, 110.109
Evaluation Time: 1.21514 seconds
Resulting Fitness: 0.297222
-------------
Particle: 8:
Relays Coordinates:
105.648, 97.6714
135.169, 248.57
Evaluation Time: 1.3198 seconds
Resulting Fitness: 0.416667
-------------
Particle: 9:
Relays Coordinates:
103.901, 91.3399
117.029, 241.822
Evaluation Time: 1.3089 seconds
Resulting Fitness: 0.4
-------------
Particle: 10:
Relays Coordinates:
99.7473, 100.5
119.481, 242.931
Evaluation Time: 1.28909 seconds
Resulting Fitness: 0.413889
-------------
Particle: 11:
Relays Coordinates:
114.822, 103.37
125.53, 245.86
Evaluation Time: 1.31666 seconds
Resulting Fitness: 0.402778
-------------
Particle: 12:
Relays Coordinates:
105.844, 91.8529
118.699, 238.599
Evaluation Time: 2.07155 seconds
Resulting Fitness: 0.416667
-------------
Particle: 13:
Relays Coordinates:
152.312, 139.376
95.9161, 103.195
Evaluation Time: 1.2014 seconds
Resulting Fitness: 0.336111
-------------
Particle: 14:
Relays Coordinates:
110.843, 94.8759
119.327, 242.323
Evaluation Time: 1.32741 seconds
Resulting Fitness: 0.416667
-------------
Particle: 15:
Relays Coordinates:
117.69, 166.878
84.7867, 122.527
Evaluation Time: 1.24745 seconds
Resulting Fitness: 0.35
-------------
Particle: 16:
Relays Coordinates:
101.157, 160.747
113.647, 94.9494
Evaluation Time: 1.21918 seconds
Resulting Fitness: 0.322222
-------------
Particle: 17:
Relays Coordinates:
117.176, 98.7983
86.9443, 111.958
Evaluation Time: 1.16161 seconds
Resulting Fitness: 0.297222
-------------
Particle: 18:
Relays Coordinates:
100.575, 123.801
98.8277, 100.634
Evaluation Time: 1.19076 seconds
Resulting Fitness: 0.311111
-------------
Particle: 19:
Relays Coordinates:
101.13, 97.9972
118.611, 243.482
Evaluation Time: 1.34918 seconds
Resulting Fitness: 0.413889
-------------
Particle: 20:
Relays Coordinates:
104.108, 99.1315
121.182, 244.592
Evaluation Time: 1.40814 seconds
Resulting Fitness: 0.411111
Current global best fitness: 0.430556
Current global best relays: 109.934, 101.437
121.637, 250.061
Particle 1 new velocities: 180.89, 304.243
196.777, 126.27
Particle 2 new velocities: 100.045, 148.65
93.293, 195.413
Particle 3 new velocities: 233.224, 275.899
187.363, 219.77
Particle 4 new velocities: 50.8101, 44.645
52.4381, 120.141
Particle 5 new velocities: 78.6001, 144.416
92.6999, 158.159
Particle 6 new velocities: 48.3406, 46.9804
61.2334, 113.202
Particle 7 new velocities: 288.466, 302.845
234.19, 219.423
Particle 8 new velocities: 54.8603, 51.3152
59.8609, 113.434
Particle 9 new velocities: 22.2851, 27.5177
29.7619, 58.7368
Particle 10 new velocities: 36.1979, 13.3384
42.7063, 57.2563
Particle 11 new velocities: 24.8418, 15.7321
18.8398, 50.7078
Particle 12 new velocities: 40.7809, 44.3135
40.8473, 81.892
Particle 13 new velocities: 218.877, 188.544
136.753, 79.4029
Particle 14 new velocities: 23.4155, 31.7574
29.673, 59.6773
Particle 15 new velocities: 27.064, 115.563
-11.6128, 172.812
Particle 16 new velocities: 156.881, 215.555
168.472, 180.367
Particle 17 new velocities: 243.312, 173.01
88.0327, 152.257
Particle 18 new velocities: 238.108, 252.002
184.227, 250.111
Particle 19 new velocities: 57.81, 41.3575
53.4741, 115.766
Particle 20 new velocities: 30.8727, 26.5687
32.1463, 72.447
-- ITERATION 19 --
-------------
Particle: 1:
Relays Coordinates:
106.084, 163.382
114.966, 86.7885
Evaluation Time: 1.23948 seconds
Resulting Fitness: 0.336111
-------------
Particle: 2:
Relays Coordinates:
91.7737, 117.89
75.164, 118.003
Evaluation Time: 1.18432 seconds
Resulting Fitness: 0.283333
-------------
Particle: 3:
Relays Coordinates:
113.061, 147.794
81.8256, 125.609
Evaluation Time: 1.25039 seconds
Resulting Fitness: 0.333333
-------------
Particle: 4:
Relays Coordinates:
107.362, 95.1024
114.931, 240.485
Evaluation Time: 1.3617 seconds
Resulting Fitness: 0.416667
-------------
Particle: 5:
Relays Coordinates:
95.6771, 129.897
83.9781, 116.737
Evaluation Time: 1.17575 seconds
Resulting Fitness: 0.305556
-------------
Particle: 6:
Relays Coordinates:
103.23, 98.0753
116.353, 239.602
Evaluation Time: 1.32495 seconds
Resulting Fitness: 0.4
-------------
Particle: 7:
Relays Coordinates:
131.047, 127.984
103.629, 103.411
Evaluation Time: 1.24213 seconds
Resulting Fitness: 0.330556
-------------
Particle: 8:
Relays Coordinates:
105.31, 97.7501
127.959, 237.511
Evaluation Time: 1.28835 seconds
Resulting Fitness: 0.405556
-------------
Particle: 9:
Relays Coordinates:
102.211, 96.2747
118.901, 243.453
Evaluation Time: 1.34988 seconds
Resulting Fitness: 0.416667
-------------
Particle: 10:
Relays Coordinates:
110.116, 92.209
131.371, 243.151
Evaluation Time: 1.37916 seconds
Resulting Fitness: 0.422222
New local best!
-------------
Particle: 11:
Relays Coordinates:
113.127, 96.4727
116.94, 240.22
Evaluation Time: 1.30928 seconds
Resulting Fitness: 0.413889
New local best!
-------------
Particle: 12:
Relays Coordinates:
106.889, 99.2653
116.309, 233.638
Evaluation Time: 1.28966 seconds
Resulting Fitness: 0.402778
-------------
Particle: 13:
Relays Coordinates:
177.539, 156.843
111.285, 87.3362
Evaluation Time: 1.27342 seconds
Resulting Fitness: 0.338889
-------------
Particle: 14:
Relays Coordinates:
108.75, 102.573
120.69, 244.62
Evaluation Time: 1.33376 seconds
Resulting Fitness: 0.419444
-------------
Particle: 15:
Relays Coordinates:
69.2353, 135.091
34.9988, 141.26
Evaluation Time: 1.20392 seconds
Resulting Fitness: 0.286111
-------------
Particle: 16:
Relays Coordinates:
99.9689, 145.787
109.298, 106.663
Evaluation Time: 1.21178 seconds
Resulting Fitness: 0.311111
-------------
Particle: 17:
Relays Coordinates:
172.42, 130.005
83.691, 126.373
Evaluation Time: 1.22307 seconds
Resulting Fitness: 0.35
-------------
Particle: 18:
Relays Coordinates:
106.282, 117.931
88.8257, 110.068
Evaluation Time: 1.19838 seconds
Resulting Fitness: 0.305556
-------------
Particle: 19:
Relays Coordinates:
104.28, 91.4306
112.905, 235.703
Evaluation Time: 1.29873 seconds
Resulting Fitness: 0.397222
-------------
Particle: 20:
Relays Coordinates:
98.4012, 91.6355
111.777, 231.121
Evaluation Time: 1.27148 seconds
Resulting Fitness: 0.377778
Current global best fitness: 0.430556
Current global best relays: 109.934, 101.437
121.637, 250.061
Particle 1 new velocities: 213.72, 232.07
181.765, 128.328
Particle 2 new velocities: 94.9611, 224.934
84.621, 214.718
Particle 3 new velocities: 188.587, 302.076
148.453, 181.886
Particle 4 new velocities: 45.343, 40.9401
50.5275, 114.074
Particle 5 new velocities: 146.506, 126.645
117.999, 138.264
Particle 6 new velocities: 42.3064, 40.8014
50.5162, 106.995
Particle 7 new velocities: 218.812, 252.74
209.735, 121.521
Particle 8 new velocities: 56.4299, 43.3225
52.022, 107.483
Particle 9 new velocities: 33.1048, 24.6467
25.53, 48.0275
Particle 10 new velocities: 28.9301, 12.2154
31.3571, 54.3343
Particle 11 new velocities: 18.4898, 16.6038
18.9459, 43.1325
Particle 12 new velocities: 37.265, 36.8801
46.306, 72.5548
Particle 13 new velocities: 134.037, 128.236
77.7879, 226.2
Particle 14 new velocities: 19.6308, 24.05
25.6273, 51.9675
Particle 15 new velocities: 111.061, 170.367
-3.31891, 134.368
Particle 16 new velocities: 172.341, 191.737
150.707, 227.424
Particle 17 new velocities: 172.832, 118.289
109.016, 194.835
Particle 18 new velocities: 266.37, 196.884
196.475, 291.79
Particle 19 new velocities: 48.7355, 48.1197
56.7723, 106.651
Particle 20 new velocities: 37.8793, 37.4178
32.3729, 88.3886
-- ITERATION 20 --
-------------
Particle: 1:
Relays Coordinates:
123.899, 153.206
114.96, 83.3405
Evaluation Time: 1.16616 seconds
Resulting Fitness: 0.333333
-------------
Particle: 2:
Relays Coordinates:
72.3449, 132.817
61.904, 128.903
Evaluation Time: 1.1731 seconds
Resulting Fitness: 0.291667
-------------
Particle: 3:
Relays Coordinates:
116.865, 174.289
89.2148, 119.13
Evaluation Time: 1.24791 seconds
Resulting Fitness: 0.35
-------------
Particle: 4:
Relays Coordinates:
100.19, 89.2575
108.558, 232.626
Evaluation Time: 1.36244 seconds
Resulting Fitness: 0.383333
-------------
Particle: 5:
Relays Coordinates:
104.252, 110.433
86.9446, 109.769
Evaluation Time: 1.19948 seconds
Resulting Fitness: 0.297222
-------------
Particle: 6:
Relays Coordinates:
106.096, 101.241
121.648, 252.669
Evaluation Time: 1.40118 seconds
Resulting Fitness: 0.422222
-------------
Particle: 7:
Relays Coordinates:
135.543, 147.5
121.404, 87.1431
Evaluation Time: 1.2474 seconds
Resulting Fitness: 0.330556
-------------
Particle: 8:
Relays Coordinates:
106.117, 92.5577
118.086, 226.351
Evaluation Time: 1.26703 seconds
Resulting Fitness: 0.380556
-------------
Particle: 9:
Relays Coordinates:
109.606, 97.9464
116.989, 236.099
Evaluation Time: 1.38296 seconds
Resulting Fitness: 0.402778
-------------
Particle: 10:
Relays Coordinates:
101.364, 76.1254
118.629, 216.867
Evaluation Time: 1.24819 seconds
Resulting Fitness: 0.363889
-------------
Particle: 11:
Relays Coordinates:
106.61, 91.5919
110.067, 229.515
Evaluation Time: 1.30643 seconds
Resulting Fitness: 0.388889
-------------
Particle: 12:
Relays Coordinates:
105.089, 99.25
118.546, 223.214
Evaluation Time: 1.26986 seconds
Resulting Fitness: 0.366667
-------------
Particle: 13:
Relays Coordinates:
120.711, 110.445
73.2506, 121.47
Evaluation Time: 1.2212 seconds
Resulting Fitness: 0.305556
-------------
Particle: 14:
Relays Coordinates:
103.988, 102.565
118.517, 240.236
Evaluation Time: 1.29918 seconds
Resulting Fitness: 0.402778
-------------
Particle: 15:
Relays Coordinates:
95.8166, 162.333
16.836, 146.48
Evaluation Time: 1.3004 seconds
Resulting Fitness: 0.316667
-------------
Particle: 16:
Relays Coordinates:
94.9485, 117.688
90.6583, 116.489
Evaluation Time: 1.18671 seconds
Resulting Fitness: 0.291667
-------------
Particle: 17:
Relays Coordinates:
133.758, 96.1942
74.6585, 124.442
Evaluation Time: 1.18316 seconds
Resulting Fitness: 0.311111
-------------
Particle: 18:
Relays Coordinates:
116.942, 98.7923
89.5304, 126.107
Evaluation Time: 1.19654 seconds
Resulting Fitness: 0.316667
-------------
Particle: 19:
Relays Coordinates:
111.549, 101.732
123.695, 249.576
Evaluation Time: 1.33532 seconds
Resulting Fitness: 0.430556
-------------
Particle: 20:
Relays Coordinates:
110.387, 104.533
116.761, 258.803
Evaluation Time: 1.38585 seconds
Resulting Fitness: 0.422222
Final Evaluation Time: 525.44 seconds
Final global best fitness: 0.430556
Final global best relays:
109.934, 101.437
121.637, 250.061
