PSO EXECUTION
============================
Seed: 525339
Particles: 20
Relays: 2
Iterations: 20
Backend: Simulation
Network Configuration: 1
Area: 500 x 500
Sink: 0, 0
Simulated Relay range: 155
w: 0.8
c1: 1.7
c2: 1.3

Relay Nodes Positions: 
PARTICLE 1: 
6.76018, 45.9257
17.4696, 59.6826
PARTICLE 2: 
109.226, 109.579
86.2615, 224.453
PARTICLE 3: 
13.0683, 17.249
10.1329, 132.909
PARTICLE 4: 
117.524, 181.764
99.9187, 58.9747
PARTICLE 5: 
80.041, 47.5112
0.755735, 117.66
PARTICLE 6: 
114.236, 26.003
211.831, 141.97
PARTICLE 7: 
209.45, 71.6831
107.693, 13.5854
PARTICLE 8: 
138.758, 26.0424
263.035, 24.6127
PARTICLE 9: 
65.3973, 98.9991
0.942603, 216.787
PARTICLE 10: 
56.7187, 86.1777
115.153, 124.133
PARTICLE 11: 
74.4962, 192.776
27.212, 125.512
PARTICLE 12: 
144.215, 53.3776
194.638, 28.1459
PARTICLE 13: 
47.0786, 106.455
137.999, 212.757
PARTICLE 14: 
56.9173, 103.311
178.677, 92.9417
PARTICLE 15: 
99.3222, 7.95486
211.142, 52.921
PARTICLE 16: 
151.197, 45.0597
33.7091, 94.0702
PARTICLE 17: 
141.369, 47.7717
94.0068, 106.61
PARTICLE 18: 
83.9347, 3.08083
97.4827, 65.8579
PARTICLE 19: 
113.596, 4.13391
181.216, 94.597
PARTICLE 20: 
77.8182, 38.7109
19.3266, 50.0275
Nodes Positions: 
92.8318, 431.924
264.756, 212.797
78.4016, 110.451
176.434, 166.459
375.211, 11.346
408.52, 420.007
276.028, 59.969
219.487, 384.547
236.936, 2.94979
302.086, 476.433
148.696, 251.347
484.223, 246.192
310.683, 147.045
167.142, 444.705
284.622, 474.139
269.537, 117.962
163.234, 207.053
297.157, 178.36
357.83, 66.8783
127.681, 168.066
71.4098, 151.038
339.012, 408.39
474.642, 381.966
47.3843, 367.899
150.626, 357.713
249.473, 84.4318
205.23, 83.2034
227.068, 486.386
478.421, 105.978
319.69, 405.49
444.089, 462.795
20.2492, 336.189
460.518, 51.6354
117.061, 42.2838
251.266, 302.589
209.315, 297.713
408.041, 240.521
32.6609, 496.639
3.76852, 218.521
452.592, 436.412
107.391, 279.405
393.526, 360.673
52.5182, 317.937
85.2804, 291.001
419.218, 136.262
198.987, 450.595
370.39, 130.929
391.205, 20.6257
436.191, 31.4886
358.852, 233.08
491.896, 271.003
112.283, 98.2627
12.3777, 198.455
191.195, 332.733
33.3972, 394.695
342.03, 346.324
327.391, 190.812
428.468, 39.1359
65.574, 313.445
134.897, 264.636
All particles start with velocity zero
-- ITERATION 0 --
-------------
Particle: 1:
Relays Coordinates:
6.76018, 45.9257
17.4696, 59.6826
Evaluation Time: 1.28529 seconds
Resulting Fitness: 0.113889
New local best!
New global best!
-------------
Particle: 2:
Relays Coordinates:
109.226, 109.579
86.2615, 224.453
Evaluation Time: 1.71943 seconds
Resulting Fitness: 0.372222
New local best!
New global best!
-------------
Particle: 3:
Relays Coordinates:
13.0683, 17.249
10.1329, 132.909
Evaluation Time: 1.36746 seconds
Resulting Fitness: 0.122222
New local best!
-------------
Particle: 4:
Relays Coordinates:
117.524, 181.764
99.9187, 58.9747
Evaluation Time: 1.66952 seconds
Resulting Fitness: 0.330556
New local best!
-------------
Particle: 5:
Relays Coordinates:
80.041, 47.5112
0.755735, 117.66
Evaluation Time: 1.33173 seconds
Resulting Fitness: 0.163889
New local best!
-------------
Particle: 6:
Relays Coordinates:
114.236, 26.003
211.831, 141.97
Evaluation Time: 1.62495 seconds
Resulting Fitness: 0.338889
New local best!
-------------
Particle: 7:
Relays Coordinates:
209.45, 71.6831
107.693, 13.5854
Evaluation Time: 1.53129 seconds
Resulting Fitness: 0.269444
New local best!
-------------
Particle: 8:
Relays Coordinates:
138.758, 26.0424
263.035, 24.6127
Evaluation Time: 1.5225 seconds
Resulting Fitness: 0.286111
New local best!
-------------
Particle: 9:
Relays Coordinates:
65.3973, 98.9991
0.942603, 216.787
Evaluation Time: 1.57617 seconds
Resulting Fitness: 0.3
New local best!
-------------
Particle: 10:
Relays Coordinates:
56.7187, 86.1777
115.153, 124.133
Evaluation Time: 1.52062 seconds
Resulting Fitness: 0.236111
New local best!
-------------
Particle: 11:
Relays Coordinates:
74.4962, 192.776
27.212, 125.512
Evaluation Time: 1.54942 seconds
Resulting Fitness: 0.255556
New local best!
-------------
Particle: 12:
Relays Coordinates:
144.215, 53.3776
194.638, 28.1459
Evaluation Time: 1.42933 seconds
Resulting Fitness: 0.2
New local best!
-------------
Particle: 13:
Relays Coordinates:
47.0786, 106.455
137.999, 212.757
Evaluation Time: 1.73753 seconds
Resulting Fitness: 0.369444
New local best!
-------------
Particle: 14:
Relays Coordinates:
56.9173, 103.311
178.677, 92.9417
Evaluation Time: 1.64506 seconds
Resulting Fitness: 0.294444
New local best!
-------------
Particle: 15:
Relays Coordinates:
99.3222, 7.95486
211.142, 52.921
Evaluation Time: 1.41583 seconds
Resulting Fitness: 0.25
New local best!
-------------
Particle: 16:
Relays Coordinates:
151.197, 45.0597
33.7091, 94.0702
Evaluation Time: 1.34062 seconds
Resulting Fitness: 0.225
New local best!
-------------
Particle: 17:
Relays Coordinates:
141.369, 47.7717
94.0068, 106.61
Evaluation Time: 1.39654 seconds
Resulting Fitness: 0.252778
New local best!
-------------
Particle: 18:
Relays Coordinates:
83.9347, 3.08083
97.4827, 65.8579
Evaluation Time: 1.29095 seconds
Resulting Fitness: 0.180556
New local best!
-------------
Particle: 19:
Relays Coordinates:
113.596, 4.13391
181.216, 94.597
Evaluation Time: 1.67584 seconds
Resulting Fitness: 0.263889
New local best!
-------------
Particle: 20:
Relays Coordinates:
77.8182, 38.7109
19.3266, 50.0275
Evaluation Time: 1.22808 seconds
Resulting Fitness: 0.141667
New local best!
Current global best fitness: 0.372222
Current global best relays: 109.226, 109.579
86.2615, 224.453
Particle 1 new velocities: 9.0302, 37.8925
59.2158, 14.2741
Particle 2 new velocities: 0, 0
0, 0
Particle 3 new velocities: 1.3276, 39.7893
57.6116, 108.354
Particle 4 new velocities: -5.67706, -90.8528
-7.08021, 83.5673
Particle 5 new velocities: 8.16609, 47.4631
93.5403, 90.8102
Particle 6 new velocities: -6.31083, 3.59421
-59.6198, 11.4402
Particle 7 new velocities: -8.99894, 1.88809
-25.9722, 47.4032
Particle 8 new velocities: -10.4504, 88.0646
-45.4524, 160.362
Particle 9 new velocities: 27.0548, 13.183
4.9935, 2.51171
Particle 10 new velocities: 8.47954, 24.7471
-19.4901, 68.7302
Particle 11 new velocities: 4.53074, -26.1519
63.6801, 16.5066
Particle 12 new velocities: -35.7754, 3.08817
-15.0023, 183.85
Particle 13 new velocities: 11.9197, 2.8989
-26.522, 3.92778
Particle 14 new velocities: 65.38, 6.94483
-27.661, 132.403
Particle 15 new velocities: 5.0801, 41.472
-26.422, 221.531
Particle 16 new velocities: -48.1422, 44.4824
16.5828, 73.7791
Particle 17 new velocities: -33.8445, 63.9496
-7.17865, 121.848
Particle 18 new velocities: 4.34901, 24.2374
-2.86041, 34.9119
Particle 19 new velocities: -4.90517, 38.6899
-57.0812, 46.7326
Particle 20 new velocities: 11.7508, 43.0285
59.3373, 18.0202
-- ITERATION 1 --
-------------
Particle: 1:
Relays Coordinates:
15.7904, 83.8182
76.6853, 73.9567
Evaluation Time: 1.20707 seconds
Resulting Fitness: 0.166667
New local best!
-------------
Particle: 2:
Relays Coordinates:
109.226, 109.579
86.2615, 224.453
Evaluation Time: 1.4912 seconds
Resulting Fitness: 0.372222
-------------
Particle: 3:
Relays Coordinates:
10.4946, 41.5809
49.3858, 175.881
Evaluation Time: 1.3265 seconds
Resulting Fitness: 0.258333
New local best!
-------------
Particle: 4:
Relays Coordinates:
111.847, 90.9112
92.8385, 142.542
Evaluation Time: 1.29471 seconds
Resulting Fitness: 0.283333
-------------
Particle: 5:
Relays Coordinates:
88.2071, 94.9743
94.296, 208.471
Evaluation Time: 1.47377 seconds
Resulting Fitness: 0.344444
New local best!
-------------
Particle: 6:
Relays Coordinates:
107.925, 29.5972
152.211, 153.411
Evaluation Time: 1.49723 seconds
Resulting Fitness: 0.338889
-------------
Particle: 7:
Relays Coordinates:
200.451, 73.5712
81.7209, 60.9886
Evaluation Time: 1.33369 seconds
Resulting Fitness: 0.283333
New local best!
-------------
Particle: 8:
Relays Coordinates:
115.477, 102.696
195.824, 166.477
Evaluation Time: 1.46331 seconds
Resulting Fitness: 0.347222
New local best!
-------------
Particle: 9:
Relays Coordinates:
92.4521, 112.182
5.9361, 219.299
Evaluation Time: 1.31409 seconds
Resulting Fitness: 0.308333
New local best!
-------------
Particle: 10:
Relays Coordinates:
65.1982, 110.925
95.6632, 192.863
Evaluation Time: 1.32329 seconds
Resulting Fitness: 0.297222
New local best!
-------------
Particle: 11:
Relays Coordinates:
71.1243, 149.962
81.8029, 127.817
Evaluation Time: 1.30003 seconds
Resulting Fitness: 0.252778
-------------
Particle: 12:
Relays Coordinates:
97.5954, 50.8192
161.672, 190.796
Evaluation Time: 1.65153 seconds
Resulting Fitness: 0.405556
New local best!
New global best!
-------------
Particle: 13:
Relays Coordinates:
58.9983, 109.354
111.477, 216.685
Evaluation Time: 1.37718 seconds
Resulting Fitness: 0.369444
-------------
Particle: 14:
Relays Coordinates:
110.068, 99.2301
135.915, 202.811
Evaluation Time: 1.48717 seconds
Resulting Fitness: 0.388889
New local best!
-------------
Particle: 15:
Relays Coordinates:
61.6485, 29.1861
109.076, 162.061
Evaluation Time: 1.36509 seconds
Resulting Fitness: 0.288889
New local best!
-------------
Particle: 16:
Relays Coordinates:
103.055, 89.542
50.292, 167.849
Evaluation Time: 1.37808 seconds
Resulting Fitness: 0.288889
New local best!
-------------
Particle: 17:
Relays Coordinates:
96.7721, 100.549
78.1453, 205.613
Evaluation Time: 1.44449 seconds
Resulting Fitness: 0.319444
New local best!
-------------
Particle: 18:
Relays Coordinates:
88.2837, 27.3182
94.6223, 100.77
Evaluation Time: 1.27938 seconds
Resulting Fitness: 0.205556
New local best!
-------------
Particle: 19:
Relays Coordinates:
108.69, 42.8238
124.135, 141.33
Evaluation Time: 1.40891 seconds
Resulting Fitness: 0.288889
New local best!
-------------
Particle: 20:
Relays Coordinates:
89.569, 81.7394
78.6639, 68.0477
Evaluation Time: 1.34678 seconds
Resulting Fitness: 0.177778
New local best!
Current global best fitness: 0.405556
Current global best relays: 97.5954, 50.8192
161.672, 190.796
Particle 1 new velocities: 26.801, -7.63309
119.683, 137.275
Particle 2 new velocities: -4.0646, -1.54737
38.3025, -37.1223
Particle 3 new velocities: 70.7865, 38.716
163.092, 91.1205
Particle 4 new velocities: 1.93338, 2.1568
62.0938, 74.7518
Particle 5 new velocities: 16.4793, 4.97654
101.23, 72.5328
Particle 6 new velocities: -4.0374, 20.3365
-10.3273, 16.6227
Particle 7 new velocities: -73.4007, -17.2149
20.6426, 122.613
Particle 8 new velocities: -15.5733, 68.3957
-39.7843, 130.667
Particle 9 new velocities: 28.2133, -28.0329
65.8697, -21.7721
Particle 10 new velocities: 17.4618, -41.4894
6.13723, 54.228
Particle 11 new velocities: 8.78558, -60.9517
69.9718, 89.3513
Particle 12 new velocities: -28.6203, 2.47053
-12.0018, 147.08
Particle 13 new velocities: 0.26316, -8.6208
80.0373, -9.41416
Particle 14 new velocities: 43.1181, -23.1591
7.9702, 103.471
Particle 15 new velocities: 27.7556, 52.6487
30.4275, 212.487
Particle 16 new velocities: -42.8427, 7.96183
121.415, 84.5604
Particle 17 new velocities: -26.0784, -9.0415
50.7735, 90.126
Particle 18 new velocities: 12.1378, 48.3773
28.3702, 106.972
Particle 19 new velocities: -11.2341, 31.203
-10.1672, 88.885
Particle 20 new velocities: 19.8124, 5.74825
63.7329, 131.573
-- ITERATION 2 --
-------------
Particle: 1:
Relays Coordinates:
31.0491, 55.5389
143.153, 153.988
Evaluation Time: 1.42822 seconds
Resulting Fitness: 0.316667
New local best!
-------------
Particle: 2:
Relays Coordinates:
105.161, 108.031
124.564, 187.33
Evaluation Time: 1.50538 seconds
Resulting Fitness: 0.347222
-------------
Particle: 3:
Relays Coordinates:
53.3285, 52.6827
139.406, 175.18
Evaluation Time: 1.50565 seconds
Resulting Fitness: 0.347222
New local best!
-------------
Particle: 4:
Relays Coordinates:
113.78, 93.068
154.932, 217.294
Evaluation Time: 1.59485 seconds
Resulting Fitness: 0.402778
New local best!
-------------
Particle: 5:
Relays Coordinates:
76.3164, 72.8641
142.538, 204.851
Evaluation Time: 1.55127 seconds
Resulting Fitness: 0.383333
New local best!
-------------
Particle: 6:
Relays Coordinates:
103.887, 49.9337
141.884, 170.033
Evaluation Time: 1.50069 seconds
Resulting Fitness: 0.344444
New local best!
-------------
Particle: 7:
Relays Coordinates:
127.05, 56.3562
102.364, 183.602
Evaluation Time: 1.42092 seconds
Resulting Fitness: 0.333333
New local best!
-------------
Particle: 8:
Relays Coordinates:
72.8294, 124.726
113.753, 216.618
Evaluation Time: 1.49478 seconds
Resulting Fitness: 0.361111
New local best!
-------------
Particle: 9:
Relays Coordinates:
120.665, 84.1492
71.8058, 197.527
Evaluation Time: 1.52258 seconds
Resulting Fitness: 0.327778
New local best!
-------------
Particle: 10:
Relays Coordinates:
66.9546, 56.2427
82.4583, 200.144
Evaluation Time: 1.40016 seconds
Resulting Fitness: 0.291667
-------------
Particle: 11:
Relays Coordinates:
79.9098, 89.0103
151.775, 217.168
Evaluation Time: 1.54692 seconds
Resulting Fitness: 0.372222
New local best!
-------------
Particle: 12:
Relays Coordinates:
32.9906, 25.4883
71.5869, 161.605
Evaluation Time: 1.32077 seconds
Resulting Fitness: 0.263889
-------------
Particle: 13:
Relays Coordinates:
53.3353, 90.6595
172.363, 186.544
Evaluation Time: 1.49955 seconds
Resulting Fitness: 0.369444
-------------
Particle: 14:
Relays Coordinates:
100.505, 49.9102
94.403, 200.951
Evaluation Time: 1.48897 seconds
Resulting Fitness: 0.319444
-------------
Particle: 15:
Relays Coordinates:
42.7617, 39.1413
66.7239, 179.145
Evaluation Time: 1.28497 seconds
Resulting Fitness: 0.255556
-------------
Particle: 16:
Relays Coordinates:
48.7721, 78.9781
139.083, 204.452
Evaluation Time: 1.57731 seconds
Resulting Fitness: 0.386111
New local best!
-------------
Particle: 17:
Relays Coordinates:
51.5357, 66.7091
93.9818, 215.593
Evaluation Time: 1.47458 seconds
Resulting Fitness: 0.344444
New local best!
-------------
Particle: 18:
Relays Coordinates:
100.422, 75.6956
122.992, 207.742
Evaluation Time: 1.5576 seconds
Resulting Fitness: 0.386111
New local best!
-------------
Particle: 19:
Relays Coordinates:
87.7107, 66.6241
102.571, 207.193
Evaluation Time: 1.51392 seconds
Resulting Fitness: 0.35
New local best!
-------------
Particle: 20:
Relays Coordinates:
109.381, 87.4877
142.397, 199.621
Evaluation Time: 1.55147 seconds
Resulting Fitness: 0.408333
New local best!
New global best!
Current global best fitness: 0.408333
Current global best relays: 109.381, 87.4877
142.397, 199.621
Particle 1 new velocities: 76.2341, 34.8575
94.8583, 121.377
Particle 2 new velocities: 4.96034, -16.447
-8.41046, 20.4366
Particle 3 new velocities: 117.709, 51.2833
131.745, 82.4788
Particle 4 new velocities: -1.00111, -2.64222
48.6094, 56.5853
Particle 5 new velocities: 52.3977, 22.9714
80.8069, 52.0911
Particle 6 new velocities: -1.14812, 27.5619
-8.14351, 46.0599
Particle 7 new velocities: -77.914, 21.154
54.4442, 109.941
Particle 8 new velocities: -9.53288, 20.3903
-9.58829, 98.9376
Particle 9 new velocities: 14.3733, -19.0851
100.822, -16.859
Particle 10 new velocities: 50.3828, 32.0528
29.5905, 38.4029
Particle 11 new velocities: 35.0658, -50.5016
43.7899, 58.8858
Particle 12 new velocities: 67.1489, 18.2841
65.2253, 187.159
Particle 13 new velocities: 48.1205, 7.34706
42.7652, 5.89851
Particle 14 new velocities: 44.4093, 30.8632
80.0967, 82.8797
Particle 15 new velocities: 110.683, 73.571
118.164, 172.121
Particle 16 new velocities: 35.1719, 13.3182
100.99, 67.6414
Particle 17 new velocities: 0.909692, -5.70031
77.6704, 58.9147
Particle 18 new velocities: 14.1304, 51.8321
24.7913, 79.4572
Particle 19 new velocities: -6.30504, 30.3649
41.076, 68.9585
Particle 20 new velocities: 15.8499, 4.5986
50.9863, 105.258
-- ITERATION 3 --
-------------
Particle: 1:
Relays Coordinates:
70.3885, 59.3091
156.159, 180.667
Evaluation Time: 1.59503 seconds
Resulting Fitness: 0.369444
New local best!
-------------
Particle: 2:
Relays Coordinates:
110.122, 91.5843
116.154, 207.767
Evaluation Time: 1.50621 seconds
Resulting Fitness: 0.380556
New local best!
-------------
Particle: 3:
Relays Coordinates:
124.686, 75.7912
197.67, 187.833
Evaluation Time: 1.54885 seconds
Resulting Fitness: 0.375
New local best!
-------------
Particle: 4:
Relays Coordinates:
82.2161, 65.9204
148.382, 199.658
Evaluation Time: 1.5274 seconds
Resulting Fitness: 0.383333
-------------
Particle: 5:
Relays Coordinates:
104.258, 77.6268
180.91, 208.123
Evaluation Time: 1.64584 seconds
Resulting Fitness: 0.408333
New local best!
-------------
Particle: 6:
Relays Coordinates:
102.739, 77.4955
133.74, 216.093
Evaluation Time: 1.55228 seconds
Resulting Fitness: 0.366667
New local best!
-------------
Particle: 7:
Relays Coordinates:
29.0145, 45.769
92.5934, 173.334
Evaluation Time: 1.48634 seconds
Resulting Fitness: 0.266667
-------------
Particle: 8:
Relays Coordinates:
51.2702, 117.544
84.3735, 255.6
Evaluation Time: 1.46837 seconds
Resulting Fitness: 0.361111
-------------
Particle: 9:
Relays Coordinates:
135.039, 65.0641
172.628, 180.668
Evaluation Time: 1.5175 seconds
Resulting Fitness: 0.391667
New local best!
-------------
Particle: 10:
Relays Coordinates:
117.337, 88.2955
112.049, 238.547
Evaluation Time: 1.54695 seconds
Resulting Fitness: 0.4
New local best!
-------------
Particle: 11:
Relays Coordinates:
67.892, 22.739
115.479, 163.007
Evaluation Time: 1.39769 seconds
Resulting Fitness: 0.291667
-------------
Particle: 12:
Relays Coordinates:
47.8964, 20.9362
65.4369, 166.813
Evaluation Time: 1.30364 seconds
Resulting Fitness: 0.255556
-------------
Particle: 13:
Relays Coordinates:
101.456, 98.0066
215.128, 192.442
Evaluation Time: 1.48931 seconds
Resulting Fitness: 0.388889
New local best!
-------------
Particle: 14:
Relays Coordinates:
105.643, 58.8838
127.21, 206.913
Evaluation Time: 1.50161 seconds
Resulting Fitness: 0.35
-------------
Particle: 15:
Relays Coordinates:
90.6075, 66.5555
109.175, 207.419
Evaluation Time: 1.46955 seconds
Resulting Fitness: 0.347222
New local best!
-------------
Particle: 16:
Relays Coordinates:
49.5681, 54.5001
141.761, 160.668
Evaluation Time: 1.57256 seconds
Resulting Fitness: 0.313889
-------------
Particle: 17:
Relays Coordinates:
30.9685, 36.0251
101.359, 162.094
Evaluation Time: 1.35529 seconds
Resulting Fitness: 0.261111
-------------
Particle: 18:
Relays Coordinates:
103.097, 114.775
133.005, 258.479
Evaluation Time: 1.46266 seconds
Resulting Fitness: 0.383333
-------------
Particle: 19:
Relays Coordinates:
65.9386, 78.5612
116.354, 223.683
Evaluation Time: 1.3316 seconds
Resulting Fitness: 0.375
New local best!
-------------
Particle: 20:
Relays Coordinates:
82.1643, 60.4178
126.879, 200.031
Evaluation Time: 1.34066 seconds
Resulting Fitness: 0.333333
Current global best fitness: 0.408333
Current global best relays: 109.381, 87.4877
142.397, 199.621
Particle 1 new velocities: 95.0669, 57.5977
74.637, 113.125
Particle 2 new velocities: 3.82452, -17.4842
8.47896, 7.94574
Particle 3 new velocities: 85.2735, 49.5701
39.1855, 80.1768
Particle 4 new velocities: 34.4846, 40.9598
36.86, 68.3054
Particle 5 new velocities: 44.4345, 29.511
61.7816, 37.7248
Particle 6 new velocities: 3.00475, 29.6969
-1.01267, 25.5875
Particle 7 new velocities: 48.8557, 38.4276
51.9765, 115.888
Particle 8 new velocities: 4.88457, 3.10723
78.3837, 5.99535
Particle 9 new velocities: -19.7696, -5.12342
46.3679, -9.32257
Particle 10 new velocities: 30.3767, 25.2301
24.9984, -8.90473
Particle 11 new velocities: 69.1104, 28.5524
128.461, 81.7551
Particle 12 new velocities: 191.468, 130.687
227.065, 208.154
Particle 13 new velocities: 41.0793, 4.34271
7.4356, 4.72781
Particle 14 new velocities: 37.6307, 68.2671
90.7106, 55.0896
Particle 15 new velocities: 88.7998, 76.1683
128.032, 129.862
Particle 16 new velocities: 52.0052, 48.3268
80.7177, 96.2686
Particle 17 new velocities: 86.5081, 61.4752
74.7382, 86.7721
Particle 18 new velocities: 14.7828, -11.0206
28.7157, 13.7408
Particle 19 new velocities: 25.2883, 34.5057
39.4883, 44.5776
Particle 20 new velocities: 49.2042, 50.8528
63.9574, 83.5382
-- ITERATION 4 --
-------------
Particle: 1:
Relays Coordinates:
120.617, 85.2251
168.25, 214.175
Evaluation Time: 1.40724 seconds
Resulting Fitness: 0.411111
New local best!
New global best!
-------------
Particle: 2:
Relays Coordinates:
113.946, 74.1
124.633, 215.713
Evaluation Time: 1.37732 seconds
Resulting Fitness: 0.361111
-------------
Particle: 3:
Relays Coordinates:
123.979, 74.0246
139.861, 158.257
Evaluation Time: 1.38858 seconds
Resulting Fitness: 0.333333
-------------
Particle: 4:
Relays Coordinates:
94.5276, 86.573
150.046, 217.05
Evaluation Time: 1.40037 seconds
Resulting Fitness: 0.380556
-------------
Particle: 5:
Relays Coordinates:
120.441, 86.7816
196.58, 199.137
Evaluation Time: 1.45036 seconds
Resulting Fitness: 0.397222
-------------
Particle: 6:
Relays Coordinates:
105.744, 107.192
132.728, 241.681
Evaluation Time: 1.38437 seconds
Resulting Fitness: 0.397222
New local best!
-------------
Particle: 7:
Relays Coordinates:
51.0906, 55.2414
94.8523, 189.759
Evaluation Time: 1.26679 seconds
Resulting Fitness: 0.291667
-------------
Particle: 8:
Relays Coordinates:
45.4854, 97.7277
131.833, 211.892
Evaluation Time: 1.32505 seconds
Resulting Fitness: 0.355556
-------------
Particle: 9:
Relays Coordinates:
115.269, 59.9407
218.996, 171.345
Evaluation Time: 1.38976 seconds
Resulting Fitness: 0.377778
-------------
Particle: 10:
Relays Coordinates:
119.648, 91.9558
111.008, 186.01
Evaluation Time: 1.37699 seconds
Resulting Fitness: 0.338889
-------------
Particle: 11:
Relays Coordinates:
89.8873, 33.6523
160.049, 160.588
Evaluation Time: 1.30966 seconds
Resulting Fitness: 0.352778
-------------
Particle: 12:
Relays Coordinates:
127.208, 80.579
155.447, 199.273
Evaluation Time: 1.49433 seconds
Resulting Fitness: 0.413889
New local best!
New global best!
-------------
Particle: 13:
Relays Coordinates:
115.453, 82.9029
180.277, 159.708
Evaluation Time: 1.42173 seconds
Resulting Fitness: 0.358333
-------------
Particle: 14:
Relays Coordinates:
104.446, 92.693
158.864, 191
Evaluation Time: 1.50804 seconds
Resulting Fitness: 0.386111
-------------
Particle: 15:
Relays Coordinates:
117.709, 93.6411
155.632, 221.29
Evaluation Time: 1.45317 seconds
Resulting Fitness: 0.397222
New local best!
-------------
Particle: 16:
Relays Coordinates:
74.0469, 74.9608
162.187, 187.307
Evaluation Time: 1.42035 seconds
Resulting Fitness: 0.377778
-------------
Particle: 17:
Relays Coordinates:
105.729, 87.7503
158.487, 223.98
Evaluation Time: 1.84828 seconds
Resulting Fitness: 0.377778
New local best!
-------------
Particle: 18:
Relays Coordinates:
95.4824, 84.041
130.994, 220.498
Evaluation Time: 1.36444 seconds
Resulting Fitness: 0.372222
-------------
Particle: 19:
Relays Coordinates:
82.1042, 101.76
140.258, 241.434
Evaluation Time: 1.45532 seconds
Resulting Fitness: 0.377778
New local best!
-------------
Particle: 20:
Relays Coordinates:
106.408, 90.1292
154.577, 229.691
Evaluation Time: 1.4374 seconds
Resulting Fitness: 0.366667
Current global best fitness: 0.413889
Current global best relays: 127.208, 80.579
155.447, 199.273
Particle 1 new velocities: 81.8569, 43.4158
45.8054, 72.9257
Particle 2 new velocities: 16.4671, 9.02381
34.2128, -11.0376
Particle 3 new velocities: 69.8522, 47.3101
43.8211, 141.331
Particle 4 new velocities: 58.5198, 32.7905
39.924, 40.7571
Particle 5 new velocities: 15.7465, 12.7139
22.652, 37.788
Particle 6 new velocities: 16.1399, -0.613873
1.52119, -13.3102
Particle 7 new velocities: 101.738, 33.7226
70.3171, 100.572
Particle 8 new velocities: 49.6198, -0.260347
81.445, -8.43337
Particle 9 new velocities: 5.90052, 16.6557
-39.1481, 26.1436
Particle 10 new velocities: 25.9903, 14.1431
59.3369, 60.4003
Particle 11 new velocities: 62.6376, 65.6143
90.7733, 150.916
Particle 12 new velocities: 153.174, 104.55
181.652, 166.523
Particle 13 new velocities: 31.5906, 11.0556
36.2447, 100.771
Particle 14 new velocities: 34.9702, 53.719
69.478, 66.4461
Particle 15 new velocities: 79.248, 45.7283
102.382, 81.6634
Particle 16 new velocities: 51.8778, 42.071
50.7805, 114.771
Particle 17 new velocities: 85.7813, 45.8699
57.69, 56.1229
Particle 18 new velocities: 43.505, -20.8606
20.5054, -15.7139
Particle 19 new velocities: 39.4934, 3.89988
45.8242, 14.1589
Particle 20 new velocities: 51.3625, 35.8104
45.7237, 43.2022
-- ITERATION 5 --
-------------
Particle: 1:
Relays Coordinates:
119.559, 75.9611
126.398, 169.53
Evaluation Time: 1.41807 seconds
Resulting Fitness: 0.341667
-------------
Particle: 2:
Relays Coordinates:
130.413, 83.1239
158.845, 204.675
Evaluation Time: 1.45671 seconds
Resulting Fitness: 0.408333
New local best!
-------------
Particle: 3:
Relays Coordinates:
127.173, 79.6077
120.514, 196.56
Evaluation Time: 1.33236 seconds
Resulting Fitness: 0.361111
-------------
Particle: 4:
Relays Coordinates:
111.572, 87.016
138.488, 187.942
Evaluation Time: 1.4471 seconds
Resulting Fitness: 0.383333
-------------
Particle: 5:
Relays Coordinates:
122.569, 89.5459
197.309, 213.233
Evaluation Time: 1.39768 seconds
Resulting Fitness: 0.411111
New local best!
-------------
Particle: 6:
Relays Coordinates:
109.696, 95.9208
120.824, 205.533
Evaluation Time: 1.43988 seconds
Resulting Fitness: 0.386111
-------------
Particle: 7:
Relays Coordinates:
111.412, 64.8548
120.408, 211.651
Evaluation Time: 1.42023 seconds
Resulting Fitness: 0.358333
New local best!
-------------
Particle: 8:
Relays Coordinates:
85.5947, 87.7206
191.95, 183.113
Evaluation Time: 1.3568 seconds
Resulting Fitness: 0.394444
New local best!
-------------
Particle: 9:
Relays Coordinates:
121.17, 76.5964
179.848, 197.489
Evaluation Time: 1.40046 seconds
Resulting Fitness: 0.402778
New local best!
-------------
Particle: 10:
Relays Coordinates:
117.967, 85.9401
137.98, 199.593
Evaluation Time: 1.4191 seconds
Resulting Fitness: 0.413889
New local best!
-------------
Particle: 11:
Relays Coordinates:
100.072, 65.1288
164.564, 204.378
Evaluation Time: 1.38584 seconds
Resulting Fitness: 0.408333
New local best!
-------------
Particle: 12:
Relays Coordinates:
120.695, 79.692
145.11, 157.463
Evaluation Time: 1.30055 seconds
Resulting Fitness: 0.333333
-------------
Particle: 13:
Relays Coordinates:
119.106, 76.1064
175.382, 210.988
Evaluation Time: 1.38537 seconds
Resulting Fitness: 0.413889
New local best!
-------------
Particle: 14:
Relays Coordinates:
101.635, 106.734
166.462, 187.678
Evaluation Time: 1.40132 seconds
Resulting Fitness: 0.397222
New local best!
-------------
Particle: 15:
Relays Coordinates:
116.301, 82.2962
152.354, 178.891
Evaluation Time: 1.52718 seconds
Resulting Fitness: 0.388889
-------------
Particle: 16:
Relays Coordinates:
91.7992, 85.3162
155.253, 220.215
Evaluation Time: 1.4253 seconds
Resulting Fitness: 0.375
-------------
Particle: 17:
Relays Coordinates:
125.65, 87.6682
141.834, 183.775
Evaluation Time: 1.36462 seconds
Resulting Fitness: 0.372222
-------------
Particle: 18:
Relays Coordinates:
138.987, 63.1803
151.499, 204.784
Evaluation Time: 1.4348 seconds
Resulting Fitness: 0.419444
New local best!
New global best!
-------------
Particle: 19:
Relays Coordinates:
109.438, 95.094
167.474, 230.034
Evaluation Time: 1.43666 seconds
Resulting Fitness: 0.397222
New local best!
-------------
Particle: 20:
Relays Coordinates:
115.015, 91.8099
146.019, 198.939
Evaluation Time: 1.42466 seconds
Resulting Fitness: 0.397222
Current global best fitness: 0.419444
Current global best relays: 138.987, 63.1803
151.499, 204.784
Particle 1 new velocities: 74.9693, 44.0918
73.825, 152.223
Particle 2 new velocities: 13.2166, -6.90121
20.9533, -8.8005
Particle 3 new velocities: 69.9712, 25.8292
159.99, 108.399
Particle 4 new velocities: 63.7175, 29.3336
55.6587, 46.5319
Particle 5 new velocities: 26.5367, 4.63963
-0.861478, 23.337
Particle 6 new velocities: 30.6332, 5.95165
26.04, 38.3507
Particle 7 new velocities: 93.4997, 25.8571
78.9938, 74.9178
Particle 8 new velocities: 40.5218, -3.24037
18.7065, 2.29425
Particle 9 new velocities: 12.2075, -2.21869
-48.0247, 23.0658
Particle 10 new velocities: 43.9376, -17.0581
60.4197, 52.3309
Particle 11 new velocities: 70.667, 51.96
67.941, 120.978
Particle 12 new velocities: 127.22, 64.9342
156.517, 216.07
Particle 13 new velocities: 39.4394, 7.70387
21.03, 78.1375
Particle 14 new velocities: 40.9946, -7.85926
55.4119, 61.282
Particle 15 new velocities: 92.5814, 39.722
86.3957, 105.698
Particle 16 new velocities: 48.2517, 12.1869
28.2637, 54.3691
Particle 17 new velocities: 46.608, 32.8972
62.2536, 123.53
Particle 18 new velocities: 34.804, -16.6885
16.4043, -12.5711
Particle 19 new velocities: 69.8538, -22.3322
16.314, 9.26745
Particle 20 new velocities: 47.4737, 16.988
39.7761, 37.0648
-- ITERATION 6 --
-------------
Particle: 1:
Relays Coordinates:
127.63, 78.7667
131.366, 211.102
Evaluation Time: 1.3734 seconds
Resulting Fitness: 0.383333
-------------
Particle: 2:
Relays Coordinates:
129.267, 68.6004
161.819, 176.287
Evaluation Time: 1.40696 seconds
Resulting Fitness: 0.388889
-------------
Particle: 3:
Relays Coordinates:
129.346, 69.1771
184.038, 200.083
Evaluation Time: 1.36547 seconds
Resulting Fitness: 0.383333
New local best!
-------------
Particle: 4:
Relays Coordinates:
127.786, 84.8188
141.533, 170.931
Evaluation Time: 1.3253 seconds
Resulting Fitness: 0.347222
-------------
Particle: 5:
Relays Coordinates:
120.776, 76.2903
159.122, 191.621
Evaluation Time: 1.36524 seconds
Resulting Fitness: 0.411111
-------------
Particle: 6:
Relays Coordinates:
113.666, 82.5166
118.96, 197.546
Evaluation Time: 1.3388 seconds
Resulting Fitness: 0.369444
-------------
Particle: 7:
Relays Coordinates:
134.442, 59.5161
130.828, 188.018
Evaluation Time: 1.32871 seconds
Resulting Fitness: 0.375
New local best!
-------------
Particle: 8:
Relays Coordinates:
126.117, 84.4803
210.657, 185.407
Evaluation Time: 1.4047 seconds
Resulting Fitness: 0.408333
New local best!
-------------
Particle: 9:
Relays Coordinates:
133.377, 74.3777
131.823, 220.555
Evaluation Time: 1.63966 seconds
Resulting Fitness: 0.405556
New local best!
-------------
Particle: 10:
Relays Coordinates:
131.143, 55.7944
160.703, 204.058
Evaluation Time: 1.41336 seconds
Resulting Fitness: 0.444444
New local best!
New global best!
-------------
Particle: 11:
Relays Coordinates:
112.022, 76.822
152.547, 213.466
Evaluation Time: 1.42064 seconds
Resulting Fitness: 0.397222
-------------
Particle: 12:
Relays Coordinates:
131.752, 76.8603
160.297, 198.511
Evaluation Time: 1.38104 seconds
Resulting Fitness: 0.419444
New local best!
-------------
Particle: 13:
Relays Coordinates:
115.579, 61.0977
143.185, 210.772
Evaluation Time: 1.4327 seconds
Resulting Fitness: 0.380556
-------------
Particle: 14:
Relays Coordinates:
115.53, 80.0888
179.717, 201.658
Evaluation Time: 1.40878 seconds
Resulting Fitness: 0.411111
New local best!
-------------
Particle: 15:
Relays Coordinates:
123.343, 72.0506
140.98, 168.047
Evaluation Time: 1.34045 seconds
Resulting Fitness: 0.347222
-------------
Particle: 16:
Relays Coordinates:
113.441, 78.9775
148.649, 222.413
Evaluation Time: 1.41402 seconds
Resulting Fitness: 0.372222
-------------
Particle: 17:
Relays Coordinates:
125.576, 87.8922
148.78, 224.026
Evaluation Time: 1.51077 seconds
Resulting Fitness: 0.380556
New local best!
-------------
Particle: 18:
Relays Coordinates:
140.771, 37.6584
136.002, 155.692
Evaluation Time: 1.33525 seconds
Resulting Fitness: 0.338889
-------------
Particle: 19:
Relays Coordinates:
130.704, 53.0434
133.981, 174.451
Evaluation Time: 1.32489 seconds
Resulting Fitness: 0.363889
-------------
Particle: 20:
Relays Coordinates:
118.454, 79.3137
135.445, 172.047
Evaluation Time: 1.30924 seconds
Resulting Fitness: 0.35
Current global best fitness: 0.444444
Current global best relays: 131.143, 55.7944
160.703, 204.058
Particle 1 new velocities: 58.8488, 43.6737
100.539, 119.303
Particle 2 new velocities: 13.059, -20.6589
13.9538, 33.9235
Particle 3 new velocities: 58.1186, 3.7493
111.977, 87.8255
Particle 4 new velocities: 37.4984, -2.59044
63.0308, 81.6703
Particle 5 new velocities: 22.1998, 3.69177
48.9475, 36.4653
Particle 6 new velocities: 23.3403, 17.224
57.6946, 43.4969
Particle 7 new velocities: 72.5456, 19.1971
85.2596, 73.8182
Particle 8 new velocities: 36.917, -3.63091
-49.3677, 14.7415
Particle 9 new velocities: 7.91326, -12.5169
-3.88738, 10.7881
Particle 10 new velocities: 35.1501, -13.6465
48.3358, 41.8647
Particle 11 new velocities: 56.9064, 33.6253
59.659, 79.6314
Particle 12 new velocities: 101.34, 30.4276
125.6, 178.319
Particle 13 new velocities: 42.639, 10.1325
45.3876, 56.4151
Particle 14 new velocities: 49.8598, -13.7257
28.5925, 50.2239
Particle 15 new velocities: 73.7628, 46.8157
108.485, 124.111
Particle 16 new velocities: -1.44953, 7.46947
31.9199, 30.0646
Particle 17 new velocities: 43.9242, 9.75421
52.34, 91.7036
Particle 18 new velocities: 16.6656, 42.1103
37.9047, 90.5684
Particle 19 new velocities: 25.7652, 27.4477
49.9812, 69.951
Particle 20 new velocities: 35.8807, -10.8047
55.9118, 48.1757
-- ITERATION 7 --
-------------
Particle: 1:
Relays Coordinates:
122.349, 80.3331
152.153, 216.779
Evaluation Time: 1.39272 seconds
Resulting Fitness: 0.4
-------------
Particle: 2:
Relays Coordinates:
128.093, 43.1473
158.195, 189.19
Evaluation Time: 1.42661 seconds
Resulting Fitness: 0.413889
New local best!
-------------
Particle: 3:
Relays Coordinates:
110.696, 43.0623
174.794, 170.007
Evaluation Time: 1.39355 seconds
Resulting Fitness: 0.366667
-------------
Particle: 4:
Relays Coordinates:
133.88, 66.605
165.697, 204.607
Evaluation Time: 1.38131 seconds
Resulting Fitness: 0.436111
New local best!
-------------
Particle: 5:
Relays Coordinates:
128.678, 71.9839
187.263, 205.278
Evaluation Time: 1.39338 seconds
Resulting Fitness: 0.402778
-------------
Particle: 6:
Relays Coordinates:
123.306, 89.7666
158.989, 216.939
Evaluation Time: 1.41782 seconds
Resulting Fitness: 0.4
New local best!
-------------
Particle: 7:
Relays Coordinates:
135.805, 51.6437
141.775, 171.791
Evaluation Time: 1.3046 seconds
Resulting Fitness: 0.358333
-------------
Particle: 8:
Relays Coordinates:
132.057, 65.488
130.644, 162.121
Evaluation Time: 1.27738 seconds
Resulting Fitness: 0.330556
-------------
Particle: 9:
Relays Coordinates:
127.161, 55.6747
115.142, 208.209
Evaluation Time: 1.40419 seconds
Resulting Fitness: 0.4
-------------
Particle: 10:
Relays Coordinates:
121.228, 30.7258
152.39, 179.278
Evaluation Time: 1.41642 seconds
Resulting Fitness: 0.383333
-------------
Particle: 11:
Relays Coordinates:
123.148, 80.5161
154.698, 213.668
Evaluation Time: 1.43023 seconds
Resulting Fitness: 0.408333
-------------
Particle: 12:
Relays Coordinates:
123.875, 57.0172
151.938, 200.263
Evaluation Time: 1.40122 seconds
Resulting Fitness: 0.408333
-------------
Particle: 13:
Relays Coordinates:
115.341, 51.9268
137.469, 194.78
Evaluation Time: 1.42875 seconds
Resulting Fitness: 0.391667
-------------
Particle: 14:
Relays Coordinates:
133.965, 53.7541
168.731, 204.024
Evaluation Time: 1.39206 seconds
Resulting Fitness: 0.430556
New local best!
-------------
Particle: 15:
Relays Coordinates:
129.321, 77.9882
163.674, 191.685
Evaluation Time: 1.44453 seconds
Resulting Fitness: 0.416667
New local best!
-------------
Particle: 16:
Relays Coordinates:
90.7133, 70.0221
146.261, 204.507
Evaluation Time: 1.4268 seconds
Resulting Fitness: 0.402778
New local best!
-------------
Particle: 17:
Relays Coordinates:
111.209, 64.0658
131.955, 207.15
Evaluation Time: 1.42092 seconds
Resulting Fitness: 0.352778
-------------
Particle: 18:
Relays Coordinates:
127.524, 64.6127
140.864, 199.471
Evaluation Time: 1.39793 seconds
Resulting Fitness: 0.402778
-------------
Particle: 19:
Relays Coordinates:
126.74, 65.1978
149.01, 197.965
Evaluation Time: 1.42084 seconds
Resulting Fitness: 0.388889
-------------
Particle: 20:
Relays Coordinates:
138.901, 61.6581
172.221, 198.2
Evaluation Time: 1.38409 seconds
Resulting Fitness: 0.425
New local best!
Current global best fitness: 0.444444
Current global best relays: 131.143, 55.7944
160.703, 204.058
Particle 1 new velocities: 50.761, 26.2682
109.635, 91.2449
Particle 2 new velocities: 12.2676, -1.61653
11.4475, 27.9891
Particle 3 new velocities: 57.604, 29.3241
101.39, 120.069
Particle 4 new velocities: 27.0949, -5.84381
44.7321, 65.2268
Particle 5 new velocities: 17.204, 11.6449
29.5417, 31.9934
Particle 6 new velocities: 19.9979, -19.2564
46.5737, 20.7053
Particle 7 new velocities: 53.9329, 20.7269
57.7752, 111.995
Particle 8 new velocities: 24.204, 12.5559
64.7396, 35.4279
Particle 9 new velocities: 14.6836, 15.7777
28.822, 14.9012
Particle 10 new velocities: 29.4785, -2.05578
55.457, 101.163
Particle 11 new velocities: 33.1512, 22.0842
64.1887, 38.5655
Particle 12 new velocities: 91.0549, 22.9439
112.845, 141.764
Particle 13 new velocities: 54.222, 15.1036
112.403, 63.8982
Particle 14 new velocities: 36.292, -8.73308
22.5647, 40.2145
Particle 15 new velocities: 61.2767, 36.7997
84.4623, 101.2
Particle 16 new velocities: 44.7943, 5.66563
39.6341, 23.8159
Particle 17 new velocities: 68.241, 28.1574
85.002, 78.5433
Particle 18 new velocities: 30.1247, 28.6403
66.7158, 84.1382
Particle 19 new velocities: 6.12031, 38.9742
59.2041, 117.439
Particle 20 new velocities: 21.3574, -9.12315
40.2956, 40.684
-- ITERATION 8 --
-------------
Particle: 1:
Relays Coordinates:
113.577, 69.9411
171.759, 202.094
Evaluation Time: 1.36735 seconds
Resulting Fitness: 0.430556
New local best!
-------------
Particle: 2:
Relays Coordinates:
113.692, 33.6399
137.411, 175.915
Evaluation Time: 1.32519 seconds
Resulting Fitness: 0.358333
-------------
Particle: 3:
Relays Coordinates:
99.3795, 42.7435
163.084, 171.287
Evaluation Time: 1.32885 seconds
Resulting Fitness: 0.352778
-------------
Particle: 4:
Relays Coordinates:
105.616, 39.8654
138.062, 177.038
Evaluation Time: 1.38533 seconds
Resulting Fitness: 0.355556
-------------
Particle: 5:
Relays Coordinates:
131.294, 75.2658
195.124, 213.544
Evaluation Time: 1.33521 seconds
Resulting Fitness: 0.386111
-------------
Particle: 6:
Relays Coordinates:
116.076, 57.1132
166.506, 192.492
Evaluation Time: 1.35495 seconds
Resulting Fitness: 0.4
-------------
Particle: 7:
Relays Coordinates:
138.319, 52.7582
145.472, 206.879
Evaluation Time: 1.40644 seconds
Resulting Fitness: 0.425
New local best!
-------------
Particle: 8:
Relays Coordinates:
126.571, 63.2155
158.261, 160.014
Evaluation Time: 1.31755 seconds
Resulting Fitness: 0.338889
-------------
Particle: 9:
Relays Coordinates:
127.66, 64.3072
129.568, 200.799
Evaluation Time: 1.36028 seconds
Resulting Fitness: 0.394444
-------------
Particle: 10:
Relays Coordinates:
88.9905, 16.9294
122.731, 165.597
Evaluation Time: 1.2796 seconds
Resulting Fitness: 0.327778
-------------
Particle: 11:
Relays Coordinates:
126.603, 83.1062
177.298, 204.309
Evaluation Time: 1.39314 seconds
Resulting Fitness: 0.419444
New local best!
-------------
Particle: 12:
Relays Coordinates:
114.223, 42.4946
140.716, 181.767
Evaluation Time: 1.31773 seconds
Resulting Fitness: 0.375
-------------
Particle: 13:
Relays Coordinates:
123.612, 48.8651
182.157, 188.576
Evaluation Time: 1.37962 seconds
Resulting Fitness: 0.369444
-------------
Particle: 14:
Relays Coordinates:
124.118, 32.8203
139.455, 178.05
Evaluation Time: 1.36062 seconds
Resulting Fitness: 0.377778
-------------
Particle: 15:
Relays Coordinates:
125.051, 75.3123
162.802, 192.162
Evaluation Time: 1.45311 seconds
Resulting Fitness: 0.413889
-------------
Particle: 16:
Relays Coordinates:
121.957, 68.1189
167.305, 205.491
Evaluation Time: 1.36578 seconds
Resulting Fitness: 0.422222
New local best!
-------------
Particle: 17:
Relays Coordinates:
130.819, 67.2307
158.161, 208.27
Evaluation Time: 1.34527 seconds
Resulting Fitness: 0.427778
New local best!
-------------
Particle: 18:
Relays Coordinates:
114.926, 67.9814
151.326, 206.751
Evaluation Time: 1.41657 seconds
Resulting Fitness: 0.408333
-------------
Particle: 19:
Relays Coordinates:
87.1695, 68.3472
136.609, 206.937
Evaluation Time: 1.39715 seconds
Resulting Fitness: 0.352778
-------------
Particle: 20:
Relays Coordinates:
116.829, 38.298
154.925, 174.147
Evaluation Time: 1.38307 seconds
Resulting Fitness: 0.369444
Current global best fitness: 0.444444
Current global best relays: 131.143, 55.7944
160.703, 204.058
Particle 1 new velocities: 46.888, 13.4462
77.9615, 73.9577
Particle 2 new velocities: 20.0497, 36.1589
66.7479, 43.7964
Particle 3 new velocities: 86.4404, 55.6718
82.4598, 145.249
Particle 4 new velocities: 86.7007, 17.2735
55.929, 74.2643
Particle 5 new velocities: 0.224004, 19.6357
13.3262, 16.9088
Particle 6 new velocities: 38.563, 6.88798
20.9553, 40.3376
Particle 7 new velocities: 38.7609, 17.1386
52.703, 89.0187
Particle 8 new velocities: 24.7417, 11.3995
114.525, 77.3448
Particle 9 new velocities: 19.3528, 14.9987
40.8626, 31.8468
Particle 10 new velocities: 104.786, 80.47
142.056, 173.474
Particle 11 new velocities: 27.4535, 11.8685
41.0812, 30.5424
Particle 12 new velocities: 80.6591, 76.8441
139.243, 137.876
Particle 13 new velocities: 47.8623, 39.4666
63.2678, 60.0141
Particle 14 new velocities: 36.2913, 11.2117
49.3217, 71.617
Particle 15 new velocities: 56.0202, 21.6824
66.0484, 95.3526
Particle 16 new velocities: 47.5542, -10.6925
31.6489, 18.7338
Particle 17 new velocities: 54.9446, 8.31509
68.1056, 57.7901
Particle 18 new velocities: 62.7677, 12.4201
55.4092, 63.8393
Particle 19 new velocities: 62.8232, 19.2343
67.0301, 106.454
Particle 20 new velocities: 37.708, 9.11636
63.0066, 49.8941
-- ITERATION 9 --
-------------
Particle: 1:
Relays Coordinates:
116.979, 60.7894
182.046, 201.242
Evaluation Time: 1.40338 seconds
Resulting Fitness: 0.383333
-------------
Particle: 2:
Relays Coordinates:
120.368, 62.8189
183.743, 197.74
Evaluation Time: 1.38532 seconds
Resulting Fitness: 0.391667
-------------
Particle: 3:
Relays Coordinates:
121.916, 64.5703
161.101, 207.679
Evaluation Time: 1.36412 seconds
Resulting Fitness: 0.419444
New local best!
-------------
Particle: 4:
Relays Coordinates:
140.199, 41.6543
141.42, 183.199
Evaluation Time: 1.29994 seconds
Resulting Fitness: 0.4
-------------
Particle: 5:
Relays Coordinates:
118.366, 85.4113
187.605, 207.408
Evaluation Time: 1.36499 seconds
Resulting Fitness: 0.411111
-------------
Particle: 6:
Relays Coordinates:
139.175, 57.6011
168.715, 209.546
Evaluation Time: 1.43576 seconds
Resulting Fitness: 0.433333
New local best!
-------------
Particle: 7:
Relays Coordinates:
116.182, 45.8593
130.023, 194.139
Evaluation Time: 1.39491 seconds
Resulting Fitness: 0.386111
-------------
Particle: 8:
Relays Coordinates:
110.307, 54.3943
198.861, 173.035
Evaluation Time: 1.31658 seconds
Resulting Fitness: 0.369444
-------------
Particle: 9:
Relays Coordinates:
132.312, 71.3753
153.387, 209.381
Evaluation Time: 1.39697 seconds
Resulting Fitness: 0.413889
New local best!
-------------
Particle: 10:
Relays Coordinates:
114.423, 57.5134
156.354, 200.218
Evaluation Time: 1.36117 seconds
Resulting Fitness: 0.405556
-------------
Particle: 11:
Relays Coordinates:
124.786, 76.9295
176.887, 190.23
Evaluation Time: 1.32099 seconds
Resulting Fitness: 0.383333
-------------
Particle: 12:
Relays Coordinates:
127.862, 78.2981
183.681, 209.718
Evaluation Time: 1.38907 seconds
Resulting Fitness: 0.405556
-------------
Particle: 13:
Relays Coordinates:
125.004, 64.3939
178.914, 181.222
Evaluation Time: 1.32198 seconds
Resulting Fitness: 0.366667
-------------
Particle: 14:
Relays Coordinates:
116.938, 32.0993
137.618, 182.007
Evaluation Time: 1.34733 seconds
Resulting Fitness: 0.375
-------------
Particle: 15:
Relays Coordinates:
132.001, 70.7091
166.832, 209.598
Evaluation Time: 1.39613 seconds
Resulting Fitness: 0.430556
New local best!
-------------
Particle: 16:
Relays Coordinates:
137.304, 46.5154
161.153, 181.622
Evaluation Time: 1.41039 seconds
Resulting Fitness: 0.405556
-------------
Particle: 17:
Relays Coordinates:
135.422, 55.0729
164.949, 193.958
Evaluation Time: 1.33865 seconds
Resulting Fitness: 0.433333
New local best!
-------------
Particle: 18:
Relays Coordinates:
129.538, 58.6128
150.71, 197.261
Evaluation Time: 1.4047 seconds
Resulting Fitness: 0.405556
-------------
Particle: 19:
Relays Coordinates:
98.4101, 57.4622
133.608, 205.616
Evaluation Time: 1.39218 seconds
Resulting Fitness: 0.383333
-------------
Particle: 20:
Relays Coordinates:
125.175, 38.4056
176.524, 181.473
Evaluation Time: 1.35965 seconds
Resulting Fitness: 0.375
Current global best fitness: 0.444444
Current global best relays: 131.143, 55.7944
160.703, 204.058
Particle 1 new velocities: 36.1318, 24.1458
23.2697, 61.7523
Particle 2 new velocities: 37.1435, 6.83188
23.5804, 25.9411
Particle 3 new velocities: 71.2315, 35.1102
65.8957, 113.915
Particle 4 new velocities: 66.155, 20.2205
47.5902, 81.6163
Particle 5 new velocities: 19.039, -5.05926
-18.6826, 17.5027
Particle 6 new velocities: 25.2465, 4.57721
11.6266, 30.7537
Particle 7 new velocities: 78.4475, 26.1663
55.782, 91.3144
Particle 8 new velocities: 35.6449, 41.9498
90.4981, 91.4578
Particle 9 new velocities: 15.3208, 11.2938
35.6226, 24.9711
Particle 10 new velocities: 104.408, 61.9837
121.397, 147.533
Particle 11 new velocities: 28.3469, 13.5585
30.3568, 44.0956
Particle 12 new velocities: 73.2453, 54.3216
62.8941, 100.029
Particle 13 new velocities: 38.1552, 45.6481
46.4519, 93.9355
Particle 14 new velocities: 61.6441, 40.8342
115.483, 97.4033
Particle 15 new velocities: 44.6194, 0.20374
47.9604, 73.1722
Particle 16 new velocities: 10.2255, 25.2623
34.3917, 57.1555
Particle 17 new velocities: 42.9409, 7.5091
50.9808, 50.8385
Particle 18 new velocities: 67.3783, 13.2618
46.7404, 64.5557
Particle 19 new velocities: 106.761, 72.1378
83.9489, 85.7602
Particle 20 new velocities: 51.2866, 47.2804
36.6668, 59.6985
-- ITERATION 10 --
-------------
Particle: 1:
Relays Coordinates:
124.02, 68.7975
166.306, 213.025
Evaluation Time: 1.41824 seconds
Resulting Fitness: 0.430556
-------------
Particle: 2:
Relays Coordinates:
127.584, 56.4171
167.932, 181.182
Evaluation Time: 1.33977 seconds
Resulting Fitness: 0.388889
-------------
Particle: 3:
Relays Coordinates:
126.724, 65.4004
148.933, 210.998
Evaluation Time: 1.36362 seconds
Resulting Fitness: 0.419444
-------------
Particle: 4:
Relays Coordinates:
135.389, 40.5961
124.009, 173.746
Evaluation Time: 1.28001 seconds
Resulting Fitness: 0.344444
-------------
Particle: 5:
Relays Coordinates:
123.664, 72.3169
152.03, 202.419
Evaluation Time: 1.36306 seconds
Resulting Fitness: 0.411111
-------------
Particle: 6:
Relays Coordinates:
133.182, 50.3644
146.077, 194.643
Evaluation Time: 1.35535 seconds
Resulting Fitness: 0.416667
-------------
Particle: 7:
Relays Coordinates:
127.696, 47.256
121.906, 187.286
Evaluation Time: 1.34155 seconds
Resulting Fitness: 0.363889
-------------
Particle: 8:
Relays Coordinates:
95.7592, 63.2114
189.848, 173.534
Evaluation Time: 1.32725 seconds
Resulting Fitness: 0.358333
-------------
Particle: 9:
Relays Coordinates:
132.869, 74.4022
170.109, 210.917
Evaluation Time: 1.47371 seconds
Resulting Fitness: 0.430556
New local best!
-------------
Particle: 10:
Relays Coordinates:
129.218, 70.5618
164.009, 205.344
Evaluation Time: 1.36775 seconds
Resulting Fitness: 0.425
-------------
Particle: 11:
Relays Coordinates:
124.037, 73.2952
167.868, 189.804
Evaluation Time: 1.37958 seconds
Resulting Fitness: 0.391667
-------------
Particle: 12:
Relays Coordinates:
118.752, 78.3106
145.6, 182.902
Evaluation Time: 1.36728 seconds
Resulting Fitness: 0.386111
-------------
Particle: 13:
Relays Coordinates:
118.943, 80.2206
164.292, 200.59
Evaluation Time: 1.33769 seconds
Resulting Fitness: 0.419444
New local best!
-------------
Particle: 14:
Relays Coordinates:
117.168, 47.8517
166.06, 183.321
Evaluation Time: 1.35372 seconds
Resulting Fitness: 0.383333
-------------
Particle: 15:
Relays Coordinates:
115.881, 46.5259
140.925, 185.526
Evaluation Time: 1.37154 seconds
Resulting Fitness: 0.377778
-------------
Particle: 16:
Relays Coordinates:
119.499, 58.1399
158.391, 193.41
Evaluation Time: 1.34586 seconds
Resulting Fitness: 0.411111
-------------
Particle: 17:
Relays Coordinates:
144.474, 50.6914
174.903, 198.285
Evaluation Time: 1.39358 seconds
Resulting Fitness: 0.411111
-------------
Particle: 18:
Relays Coordinates:
143.552, 52.3966
143.941, 190.864
Evaluation Time: 1.36873 seconds
Resulting Fitness: 0.411111
-------------
Particle: 19:
Relays Coordinates:
121.152, 76.5275
128.465, 172.055
Evaluation Time: 1.28976 seconds
Resulting Fitness: 0.35
-------------
Particle: 20:
Relays Coordinates:
128.64, 62.4651
155.416, 175.814
Evaluation Time: 1.36042 seconds
Resulting Fitness: 0.391667
Current global best fitness: 0.444444
Current global best relays: 131.143, 55.7944
160.703, 204.058
Particle 1 new velocities: 21.2766, 6.83304
20.3959, 39.7293
Particle 2 new velocities: 30.1718, -15.9598
10.9085, 44.9443
Particle 3 new velocities: 57.4762, 26.8547
86.6766, 83.3959
Particle 4 new velocities: 48.8541, 57.1414
110.847, 83.0036
Particle 5 new velocities: 18.3748, -0.375026
42.0441, 17.4228
Particle 6 new velocities: 18.5003, 13.7988
12.9433, 27.9964
Particle 7 new velocities: 82.4829, 33.899
115.499, 94.9518
Particle 8 new velocities: 77.175, 43.8013
72.0824, 100.125
Particle 9 new velocities: 10.8966, 2.53044
21.6858, 15.2011
Particle 10 new velocities: 88.7805, 17.2422
90.349, 116.931
Particle 11 new velocities: 32.828, 20.2213
22.5537, 48.9244
Particle 12 new velocities: 73.595, 13.0452
90.5779, 105.044
Particle 13 new velocities: 39.9827, 33.8867
34.6761, 75.5628
Particle 14 new velocities: 63.9946, 37.7953
95.08, 106.402
Particle 15 new velocities: 61.9992, 31.733
63.5399, 98.8543
Particle 16 new velocities: 11.9076, 25.6577
34.1132, 55.7723
Particle 17 new velocities: 19.4097, 10.9028
15.7897, 38.2706
Particle 18 new velocities: 46.3653, 18.1873
61.0575, 70.7736
Particle 19 new velocities: 77.9906, 82.6109
103.757, 114.013
Particle 20 new velocities: 51.9147, 31.6933
50.5452, 75.9581
-- ITERATION 11 --
-------------
Particle: 1:
Relays Coordinates:
117.69, 61.2608
151.229, 204.731
Evaluation Time: 1.36589 seconds
Resulting Fitness: 0.419444
-------------
Particle: 2:
Relays Coordinates:
127.782, 32.7704
144.861, 183.162
Evaluation Time: 1.42295 seconds
Resulting Fitness: 0.391667
-------------
Particle: 3:
Relays Coordinates:
134.282, 67.2539
171.759, 214.613
Evaluation Time: 1.35414 seconds
Resulting Fitness: 0.408333
-------------
Particle: 4:
Relays Coordinates:
134.313, 71.2506
171.21, 187.17
Evaluation Time: 1.3404 seconds
Resulting Fitness: 0.386111
-------------
Particle: 5:
Relays Coordinates:
127.835, 64.7477
174.667, 197.858
Evaluation Time: 1.3615 seconds
Resulting Fitness: 0.408333
-------------
Particle: 6:
Relays Coordinates:
136.514, 57.7469
143.118, 200.376
Evaluation Time: 1.38749 seconds
Resulting Fitness: 0.419444
-------------
Particle: 7:
Relays Coordinates:
137.899, 53.2458
155.762, 185.176
Evaluation Time: 1.35221 seconds
Resulting Fitness: 0.416667
-------------
Particle: 8:
Relays Coordinates:
126.069, 78.0122
190.948, 199.497
Evaluation Time: 1.3433 seconds
Resulting Fitness: 0.383333
-------------
Particle: 9:
Relays Coordinates:
129.389, 69.2393
172.615, 203.506
Evaluation Time: 1.37034 seconds
Resulting Fitness: 0.430556
-------------
Particle: 10:
Relays Coordinates:
128.726, 51.8474
150.196, 190.3
Evaluation Time: 1.37034 seconds
Resulting Fitness: 0.402778
-------------
Particle: 11:
Relays Coordinates:
127.061, 75.7484
154.241, 193.37
Evaluation Time: 1.3844 seconds
Resulting Fitness: 0.411111
-------------
Particle: 12:
Relays Coordinates:
126.199, 59.9385
154.956, 188.922
Evaluation Time: 1.39527 seconds
Resulting Fitness: 0.413889
-------------
Particle: 13:
Relays Coordinates:
115.857, 83.1843
145.048, 201.315
Evaluation Time: 1.3488 seconds
Resulting Fitness: 0.402778
-------------
Particle: 14:
Relays Coordinates:
118.861, 56.193
171.334, 190.087
Evaluation Time: 1.39887 seconds
Resulting Fitness: 0.397222
-------------
Particle: 15:
Relays Coordinates:
129.674, 57.0508
149.055, 207.313
Evaluation Time: 1.41137 seconds
Resulting Fitness: 0.419444
-------------
Particle: 16:
Relays Coordinates:
106.439, 67.8761
155.928, 201.837
Evaluation Time: 1.38167 seconds
Resulting Fitness: 0.413889
-------------
Particle: 17:
Relays Coordinates:
132.746, 49.8913
154.461, 191.61
Evaluation Time: 1.38443 seconds
Resulting Fitness: 0.408333
-------------
Particle: 18:
Relays Coordinates:
138.45, 51.4557
149.444, 190.734
Evaluation Time: 1.3892 seconds
Resulting Fitness: 0.416667
-------------
Particle: 19:
Relays Coordinates:
117.591, 93.9696
137.125, 168.92
Evaluation Time: 1.31411 seconds
Resulting Fitness: 0.338889
-------------
Particle: 20:
Relays Coordinates:
131.625, 68.6415
150.146, 183.542
Evaluation Time: 1.37345 seconds
Resulting Fitness: 0.394444
Current global best fitness: 0.444444
Current global best relays: 131.143, 55.7944
160.703, 204.058
Particle 1 new velocities: 15.5402, 14.9062
37.9625, 27.2208
Particle 2 new velocities: 27.6563, 7.39719
13.7539, 57.7661
Particle 3 new velocities: 21.7912, 12.7482
59.3745, 57.3073
Particle 4 new velocities: 36.3427, 38.0095
79.7403, 102.813
Particle 5 new velocities: 11.07, 24.3985
41.0789, 19.478
Particle 6 new velocities: 13.3802, 9.78306
31.2185, 26.2886
Particle 7 new velocities: 60.6777, 28.6918
89.1473, 93.1574
Particle 8 new velocities: 68.1337, 38.5589
55.1581, 70.4683
Particle 9 new velocities: 11.2094, -10.0214
8.49469, 22.8974
Particle 10 new velocities: 76.0263, 20.4039
88.5082, 111.417
Particle 11 new velocities: 28.6166, 5.71408
60.8635, 46.2086
Particle 12 new velocities: 66.3819, 27.2518
81.3072, 105.218
Particle 13 new velocities: 42.923, 18.1872
37.6056, 61.1727
Particle 14 new velocities: 87.5871, 28.4859
63.6058, 88.2839
Particle 15 new velocities: 52.2171, 35.1056
70.591, 80.2265
Particle 16 new velocities: 36.8291, 12.0196
45.3695, 50.5186
Particle 17 new velocities: 15.0793, 19.218
26.5404, 45.5464
Particle 18 new velocities: 34.4103, 27.7903
55.7685, 70.186
Particle 19 new velocities: 60.837, 28.772
100.017, 127.219
Particle 20 new velocities: 43.7283, 19.167
77.3966, 80.3144
-- ITERATION 12 --
-------------
Particle: 1:
Relays Coordinates:
119.907, 68.5503
170.272, 208.757
Evaluation Time: 1.37945 seconds
Resulting Fitness: 0.419444
-------------
Particle: 2:
Relays Coordinates:
113.315, 29.2822
115.63, 175.637
Evaluation Time: 1.28249 seconds
Resulting Fitness: 0.319444
-------------
Particle: 3:
Relays Coordinates:
113.778, 58.3215
168.497, 198.23
Evaluation Time: 1.46375 seconds
Resulting Fitness: 0.419444
-------------
Particle: 4:
Relays Coordinates:
124.408, 79.6506
182.943, 211.398
Evaluation Time: 1.44211 seconds
Resulting Fitness: 0.413889
-------------
Particle: 5:
Relays Coordinates:
125.015, 80.2316
194.171, 195.602
Evaluation Time: 1.40579 seconds
Resulting Fitness: 0.380556
-------------
Particle: 6:
Relays Coordinates:
134.904, 60.7769
156.903, 203.998
Evaluation Time: 1.39281 seconds
Resulting Fitness: 0.430556
-------------
Particle: 7:
Relays Coordinates:
130.286, 53.7592
160.685, 182.615
Evaluation Time: 1.36731 seconds
Resulting Fitness: 0.416667
-------------
Particle: 8:
Relays Coordinates:
127.416, 76.4824
161.47, 177.124
Evaluation Time: 1.36971 seconds
Resulting Fitness: 0.402778
-------------
Particle: 9:
Relays Coordinates:
126.539, 53.2961
162.999, 203.763
Evaluation Time: 1.37768 seconds
Resulting Fitness: 0.408333
-------------
Particle: 10:
Relays Coordinates:
134.338, 47.4041
156.614, 197.956
Evaluation Time: 1.3917 seconds
Resulting Fitness: 0.433333
-------------
Particle: 11:
Relays Coordinates:
126.099, 65.9846
174.235, 194.058
Evaluation Time: 1.3744 seconds
Resulting Fitness: 0.388889
-------------
Particle: 12:
Relays Coordinates:
140.391, 63.5617
172.236, 214.428
Evaluation Time: 1.48645 seconds
Resulting Fitness: 0.430556
New local best!
-------------
Particle: 13:
Relays Coordinates:
128.612, 82.1109
147.949, 212.615
Evaluation Time: 1.42791 seconds
Resulting Fitness: 0.386111
-------------
Particle: 14:
Relays Coordinates:
135.45, 55.5578
154.144, 182.639
Evaluation Time: 1.34416 seconds
Resulting Fitness: 0.402778
-------------
Particle: 15:
Relays Coordinates:
132.599, 67.182
160.122, 209.616
Evaluation Time: 1.37156 seconds
Resulting Fitness: 0.425
-------------
Particle: 16:
Relays Coordinates:
116.047, 64.7155
163.051, 204.408
Evaluation Time: 1.41615 seconds
Resulting Fitness: 0.416667
-------------
Particle: 17:
Relays Coordinates:
133.042, 62.1984
162.901, 213.441
Evaluation Time: 1.4062 seconds
Resulting Fitness: 0.419444
-------------
Particle: 18:
Relays Coordinates:
140.017, 64.1892
166.222, 211.345
Evaluation Time: 1.37966 seconds
Resulting Fitness: 0.433333
New local best!
-------------
Particle: 19:
Relays Coordinates:
117.067, 80.5307
155.588, 194.297
Evaluation Time: 1.40092 seconds
Resulting Fitness: 0.416667
New local best!
-------------
Particle: 20:
Relays Coordinates:
127.832, 64.0124
165.878, 192.351
Evaluation Time: 1.39004 seconds
Resulting Fitness: 0.419444
Current global best fitness: 0.444444
Current global best relays: 131.143, 55.7944
160.703, 204.058
Particle 1 new velocities: 9.01737, 10.6248
29.3158, 10.2336
Particle 2 new velocities: 51.8432, 39.4599
95.5596, 97.2778
Particle 3 new velocities: 23.7732, 18.3393
27.1946, 55.5767
Particle 4 new velocities: 46.4688, 2.62879
34.2486, 78.4026
Particle 5 new velocities: 10.8347, 21.1603
12.0248, 42.062
Particle 6 new velocities: 11.5347, 1.4988
36.1294, 23.4142
Particle 7 new velocities: 59.7725, 22.958
49.4746, 83.9054
Particle 8 new velocities: 53.7273, 15.3533
114.646, 94.4318
Particle 9 new velocities: 18.6757, -2.86829
6.09269, 20.3138
Particle 10 new velocities: 53.9609, 39.3437
73.9008, 101.257
Particle 11 new velocities: 26.5838, 26.6218
45.7026, 54.4698
Particle 12 new velocities: 41.9648, 11.9689
51.203, 77.9937
Particle 13 new velocities: 26.4968, -16.8562
67.9772, 26.2626
Particle 14 new velocities: 67.0901, 20.8339
69.6895, 111.763
Particle 15 new velocities: 40.6228, 25.3125
63.4427, 57.3172
Particle 16 new velocities: 33.5883, 7.70506
35.3062, 40.3099
Particle 17 new velocities: 11.7411, -1.68717
21.4565, 9.16337
Particle 18 new velocities: 27.5228, 14.0175
39.9202, 50.4589
Particle 19 new velocities: 55.3285, 8.88353
81.9432, 113.699
Particle 20 new velocities: 51.3122, 12.3287
63.4844, 85.3835
-- ITERATION 13 --
-------------
Particle: 1:
Relays Coordinates:
116.032, 71.2576
179.629, 197.091
Evaluation Time: 1.37723 seconds
Resulting Fitness: 0.380556
-------------
Particle: 2:
Relays Coordinates:
120.4, 50.113
153.957, 198.955
Evaluation Time: 1.37532 seconds
Resulting Fitness: 0.4
-------------
Particle: 3:
Relays Coordinates:
111.416, 62.0952
158.51, 205.583
Evaluation Time: 1.39574 seconds
Resulting Fitness: 0.413889
-------------
Particle: 4:
Relays Coordinates:
112.112, 53.9835
142.499, 190.138
Evaluation Time: 1.32463 seconds
Resulting Fitness: 0.380556
-------------
Particle: 5:
Relays Coordinates:
122.264, 91.2527
185.576, 213.898
Evaluation Time: 1.40663 seconds
Resulting Fitness: 0.411111
-------------
Particle: 6:
Relays Coordinates:
131.795, 56.0482
173.729, 204.671
Evaluation Time: 1.42792 seconds
Resulting Fitness: 0.436111
New local best!
-------------
Particle: 7:
Relays Coordinates:
138.553, 55.9268
153.206, 194.293
Evaluation Time: 1.3891 seconds
Resulting Fitness: 0.419444
-------------
Particle: 8:
Relays Coordinates:
132.054, 66.9482
201.289, 197.965
Evaluation Time: 1.36719 seconds
Resulting Fitness: 0.383333
-------------
Particle: 9:
Relays Coordinates:
117.624, 40.8465
136.964, 181.502
Evaluation Time: 1.34643 seconds
Resulting Fitness: 0.372222
-------------
Particle: 10:
Relays Coordinates:
123.543, 56.9152
151.241, 196.314
Evaluation Time: 1.39828 seconds
Resulting Fitness: 0.416667
-------------
Particle: 11:
Relays Coordinates:
123.673, 75.0112
178.149, 201.308
Evaluation Time: 1.35278 seconds
Resulting Fitness: 0.397222
-------------
Particle: 12:
Relays Coordinates:
119.644, 49.5557
146.598, 191.858
Evaluation Time: 1.37321 seconds
Resulting Fitness: 0.4
-------------
Particle: 13:
Relays Coordinates:
125.638, 52.8563
174.9, 193.491
Evaluation Time: 1.40224 seconds
Resulting Fitness: 0.388889
-------------
Particle: 14:
Relays Coordinates:
132.887, 50.1206
146.857, 193.158
Evaluation Time: 1.38257 seconds
Resulting Fitness: 0.405556
-------------
Particle: 15:
Relays Coordinates:
126.279, 67.4285
162.979, 194.594
Evaluation Time: 1.39108 seconds
Resulting Fitness: 0.411111
-------------
Particle: 16:
Relays Coordinates:
121.205, 58.6607
160.67, 198.222
Evaluation Time: 1.42534 seconds
Resulting Fitness: 0.427778
New local best!
-------------
Particle: 17:
Relays Coordinates:
130.305, 54.4601
165.922, 200.344
Evaluation Time: 1.40822 seconds
Resulting Fitness: 0.425
-------------
Particle: 18:
Relays Coordinates:
135.707, 63.3475
166.975, 212.061
Evaluation Time: 1.39563 seconds
Resulting Fitness: 0.436111
New local best!
-------------
Particle: 19:
Relays Coordinates:
113.109, 58.6647
155.845, 202.076
Evaluation Time: 1.40814 seconds
Resulting Fitness: 0.411111
-------------
Particle: 20:
Relays Coordinates:
130.596, 55.6527
167.206, 202.469
Evaluation Time: 1.37396 seconds
Resulting Fitness: 0.425
Current global best fitness: 0.444444
Current global best relays: 131.143, 55.7944
160.703, 204.058
Particle 1 new velocities: 20.4618, -5.32775
5.62809, 18.8039
Particle 2 new velocities: 55.6133, 32.6254
83.4698, 73.927
Particle 3 new velocities: 53.767, 11.7757
25.6272, 46.9436
Particle 4 new velocities: 88.1201, 3.90197
47.754, 82.654
Particle 5 new velocities: 19.9939, 4.67707
5.99997, 29.6928
Particle 6 new velocities: 9.14361, 1.142
23.0306, 18.1369
Particle 7 new velocities: 44.8549, 13.2511
39.2256, 92.903
Particle 8 new velocities: 41.2475, 21.4057
65.5952, 64.9447
Particle 9 new velocities: 27.4265, 56.9383
22.32, 83.1493
Particle 10 new velocities: 61.8457, 30.5174
66.7135, 94.6828
Particle 11 new velocities: 29.156, 8.40848
29.1385, 45.1387
Particle 12 new velocities: 80.9534, 28.7556
73.9265, 98.3534
Particle 13 new velocities: 25.9438, 28.6258
39.9378, 38.0739
Particle 14 new velocities: 51.7766, 20.0436
88.8995, 116.469
Particle 15 new velocities: 40.0195, 20.1094
54.6312, 77.1219
Particle 16 new velocities: 36.7575, 5.38224
28.2624, 38.972
Particle 17 new velocities: 10.3927, -0.112537
11.3337, 8.06477
Particle 18 new velocities: 18.9821, 3.76241
31.1679, 35.2739
Particle 19 new velocities: 50.9147, 27.8392
67.114, 86.1074
Particle 20 new velocities: 49.8556, 17.6522
51.8691, 68.7201
-- ITERATION 14 --
-------------
Particle: 1:
Relays Coordinates:
122.845, 59.3368
166.731, 194.306
Evaluation Time: 1.39448 seconds
Resulting Fitness: 0.430556
-------------
Particle: 2:
Relays Coordinates:
128.314, 60.3163
173.084, 198.931
Evaluation Time: 1.40147 seconds
Resulting Fitness: 0.422222
New local best!
-------------
Particle: 3:
Relays Coordinates:
133.798, 59.8355
149.151, 204.547
Evaluation Time: 1.4296 seconds
Resulting Fitness: 0.416667
-------------
Particle: 4:
Relays Coordinates:
131.372, 37.9787
124.825, 178.979
Evaluation Time: 1.32318 seconds
Resulting Fitness: 0.35
-------------
Particle: 5:
Relays Coordinates:
128.033, 86.3368
172.419, 219.232
Evaluation Time: 1.40429 seconds
Resulting Fitness: 0.408333
-------------
Particle: 6:
Relays Coordinates:
114.16, 46.324
159.375, 180.474
Evaluation Time: 1.40166 seconds
Resulting Fitness: 0.388889
-------------
Particle: 7:
Relays Coordinates:
120.334, 45.3876
126.255, 188.429
Evaluation Time: 1.34545 seconds
Resulting Fitness: 0.363889
-------------
Particle: 8:
Relays Coordinates:
126.337, 64.41
194.558, 191.661
Evaluation Time: 1.36458 seconds
Resulting Fitness: 0.366667
-------------
Particle: 9:
Relays Coordinates:
117.491, 79.2057
129.02, 214.368
Evaluation Time: 1.3353 seconds
Resulting Fitness: 0.386111
-------------
Particle: 10:
Relays Coordinates:
135.148, 63.7384
158.889, 212.137
Evaluation Time: 1.38337 seconds
Resulting Fitness: 0.422222
-------------
Particle: 11:
Relays Coordinates:
123.791, 67.5699
167.903, 199.622
Evaluation Time: 1.42735 seconds
Resulting Fitness: 0.416667
-------------
Particle: 12:
Relays Coordinates:
131.612, 51.3801
144.686, 190.408
Evaluation Time: 1.3621 seconds
Resulting Fitness: 0.408333
-------------
Particle: 13:
Relays Coordinates:
136.424, 73.3339
193.354, 208.409
Evaluation Time: 1.386 seconds
Resulting Fitness: 0.388889
-------------
Particle: 14:
Relays Coordinates:
109.042, 41.4313
139.212, 182.831
Evaluation Time: 1.34431 seconds
Resulting Fitness: 0.369444
-------------
Particle: 15:
Relays Coordinates:
134.701, 70.9057
176.264, 220.09
Evaluation Time: 1.43443 seconds
Resulting Fitness: 0.411111
-------------
Particle: 16:
Relays Coordinates:
127.949, 51.8748
153.035, 192.127
Evaluation Time: 1.35443 seconds
Resulting Fitness: 0.408333
-------------
Particle: 17:
Relays Coordinates:
126.628, 48.9128
159.53, 187.568
Evaluation Time: 1.3702 seconds
Resulting Fitness: 0.405556
-------------
Particle: 18:
Relays Coordinates:
125.298, 54.359
160.496, 200.342
Evaluation Time: 1.42251 seconds
Resulting Fitness: 0.436111
-------------
Particle: 19:
Relays Coordinates:
119.573, 63.0614
162.537, 210.085
Evaluation Time: 1.44528 seconds
Resulting Fitness: 0.413889
-------------
Particle: 20:
Relays Coordinates:
131.549, 53.4393
159.705, 197.697
Evaluation Time: 1.41316 seconds
Resulting Fitness: 0.425
Current global best fitness: 0.444444
Current global best relays: 131.143, 55.7944
160.703, 204.058
Particle 1 new velocities: 11.4544, -6.92109
1.60771, 19.3793
Particle 2 new velocities: 46.6294, 25.6502
59.0008, 63.4947
Particle 3 new velocities: 36.6619, 12.8606
32.0765, 40.9378
Particle 4 new velocities: 71.7942, 13.7526
61.1163, 123.6
Particle 5 new velocities: 15.2108, -18.6459
17.6944, 18.2647
Particle 6 new velocities: 28.8575, 11.4094
41.651, 57.697
Particle 7 new velocities: 46.157, 24.6836
89.9056, 117.723
Particle 8 new velocities: 38.8392, 34.6488
26.5022, 61.0445
Particle 9 new velocities: 32.8594, 33.8228
63.4611, 52.647
Particle 10 new velocities: 38.8348, 10.7628
54.2659, 53.8574
Particle 11 new velocities: 29.7247, 29.3615
34.8745, 37.8749
Particle 12 new velocities: 70.9477, 47.8084
79.5243, 120.938
Particle 13 new velocities: 19.0933, 23.0679
-21.5217, 29.8039
Particle 14 new velocities: 82.7978, 39.1638
107.034, 143.597
Particle 15 new velocities: 26.4088, 10.1263
24.7261, 57.6238
Particle 16 new velocities: 27.7325, 13.877
27.693, 42.2478
Particle 17 new velocities: 16.3351, 13.1732
9.67693, 14.8037
Particle 18 new velocities: 31.6201, 6.55097
29.4812, 51.2241
Particle 19 new velocities: 48.8363, 28.7616
41.6553, 47.3956
Particle 20 new velocities: 50.1921, 23.9604
46.36, 57.0872
-- ITERATION 15 --
-------------
Particle: 1:
Relays Coordinates:
120.869, 47.1742
151.505, 192.316
Evaluation Time: 1.39539 seconds
Resulting Fitness: 0.408333
-------------
Particle: 2:
Relays Coordinates:
127.534, 62.6696
169.19, 191.308
Evaluation Time: 1.3752 seconds
Resulting Fitness: 0.419444
-------------
Particle: 3:
Relays Coordinates:
138.073, 58.8838
146.794, 198.843
Evaluation Time: 1.40142 seconds
Resulting Fitness: 0.422222
New local best!
-------------
Particle: 4:
Relays Coordinates:
119.968, 30.5468
109.797, 178.67
Evaluation Time: 1.31852 seconds
Resulting Fitness: 0.330556
-------------
Particle: 5:
Relays Coordinates:
116.027, 54.8296
153.992, 192.372
Evaluation Time: 1.44198 seconds
Resulting Fitness: 0.408333
-------------
Particle: 6:
Relays Coordinates:
115.844, 46.7641
162.831, 192.919
Evaluation Time: 1.46747 seconds
Resulting Fitness: 0.419444
-------------
Particle: 7:
Relays Coordinates:
98.3111, 41.3764
127.64, 180.78
Evaluation Time: 1.31379 seconds
Resulting Fitness: 0.322222
-------------
Particle: 8:
Relays Coordinates:
120.413, 72.2138
161.153, 184.222
Evaluation Time: 1.4272 seconds
Resulting Fitness: 0.402778
-------------
Particle: 9:
Relays Coordinates:
121.784, 91.5531
155.91, 216.282
Evaluation Time: 1.45958 seconds
Resulting Fitness: 0.402778
-------------
Particle: 10:
Relays Coordinates:
126.834, 54.3114
155.39, 193.91
Evaluation Time: 1.43597 seconds
Resulting Fitness: 0.416667
-------------
Particle: 11:
Relays Coordinates:
124.348, 78.5144
164.25, 192.372
Evaluation Time: 1.38106 seconds
Resulting Fitness: 0.419444
-------------
Particle: 12:
Relays Coordinates:
132.899, 65.0775
147.105, 204.274
Evaluation Time: 1.43943 seconds
Resulting Fitness: 0.422222
-------------
Particle: 13:
Relays Coordinates:
125.969, 78.0855
139.184, 192.952
Evaluation Time: 1.41707 seconds
Resulting Fitness: 0.397222
-------------
Particle: 14:
Relays Coordinates:
113.279, 47.5906
145.406, 192.753
Evaluation Time: 1.36575 seconds
Resulting Fitness: 0.388889
-------------
Particle: 15:
Relays Coordinates:
117.449, 59.0723
146.522, 202.454
Evaluation Time: 1.3945 seconds
Resulting Fitness: 0.388889
-------------
Particle: 16:
Relays Coordinates:
140.114, 59.1766
162.655, 210.937
Evaluation Time: 1.44144 seconds
Resulting Fitness: 0.427778
-------------
Particle: 17:
Relays Coordinates:
128.667, 55.8774
152.286, 182.134
Evaluation Time: 1.41576 seconds
Resulting Fitness: 0.408333
-------------
Particle: 18:
Relays Coordinates:
114.393, 44.4034
138.493, 183.391
Evaluation Time: 1.38824 seconds
Resulting Fitness: 0.375
-------------
Particle: 19:
Relays Coordinates:
122.77, 66.9389
148.856, 187.704
Evaluation Time: 1.40621 seconds
Resulting Fitness: 0.383333
-------------
Particle: 20:
Relays Coordinates:
132.49, 56.4244
150.222, 185.737
Evaluation Time: 1.39335 seconds
Resulting Fitness: 0.411111
Current global best fitness: 0.444444
Current global best relays: 131.143, 55.7944
160.703, 204.058
Particle 1 new velocities: 13.8369, 3.88254
30.2069, 34.6077
Particle 2 new velocities: 41.0356, 13.7479
48.0658, 77.4334
Particle 3 new velocities: 28.8185, 10.0613
40.0587, 36.2663
Particle 4 new velocities: 74.5157, 69.919
87.5231, 139.067
Particle 5 new velocities: 32.8241, 40.184
84.9413, 31.5542
Particle 6 new velocities: 46.6761, 19.8053
47.1439, 68.9123
Particle 7 new velocities: 99.7862, 36.3923
113.251, 113.975
Particle 8 new velocities: 43.6876, 19.8907
61.3653, 68.2543
Particle 9 new velocities: 39.8743, -8.6146
54.0695, 32.9574
Particle 10 new velocities: 41.404, 11.4163
47.5928, 61.0954
Particle 11 new velocities: 28.5946, 2.30642
37.575, 51.8066
Particle 12 new velocities: 59.8734, 32.5171
107.597, 111.101
Particle 13 new velocities: 12.0211, 1.89568
33.6166, 31.3455
Particle 14 new velocities: 68.7388, 45.1178
106.556, 123.607
Particle 15 new velocities: 38.8731, 17.4268
44.0054, 49.4448
Particle 16 new velocities: -7.94883, 6.38282
18.2555, 12.1837
Particle 17 new velocities: 13.8378, 10.2884
39.0084, 56.4211
Particle 18 new velocities: 63.3592, 49.1656
72.047, 89.0195
Particle 19 new velocities: 43.569, 18.4933
53.0878, 50.1776
Particle 20 new velocities: 45.5455, 21.9281
65.1107, 53.7946
-- ITERATION 16 --
-------------
Particle: 1:
Relays Coordinates:
109.112, 41.3559
147.187, 183.809
Evaluation Time: 1.41721 seconds
Resulting Fitness: 0.375
-------------
Particle: 2:
Relays Coordinates:
122.887, 55.7083
158.38, 195.913
Evaluation Time: 1.46518 seconds
Resulting Fitness: 0.419444
-------------
Particle: 3:
Relays Coordinates:
135.182, 55.8456
151.351, 190.438
Evaluation Time: 1.35549 seconds
Resulting Fitness: 0.411111
-------------
Particle: 4:
Relays Coordinates:
127.601, 65.9156
129.461, 208.467
Evaluation Time: 1.30353 seconds
Resulting Fitness: 0.386111
-------------
Particle: 5:
Relays Coordinates:
120.569, 76.961
193.536, 181.38
Evaluation Time: 1.40689 seconds
Resulting Fitness: 0.383333
-------------
Particle: 6:
Relays Coordinates:
118.478, 48.5291
153.072, 190.875
Evaluation Time: 1.43637 seconds
Resulting Fitness: 0.4
-------------
Particle: 7:
Relays Coordinates:
129.972, 51.024
158.049, 193.389
Evaluation Time: 1.37003 seconds
Resulting Fitness: 0.427778
New local best!
-------------
Particle: 8:
Relays Coordinates:
132.922, 74.6046
180.24, 204.506
Evaluation Time: 1.49437 seconds
Resulting Fitness: 0.408333
-------------
Particle: 9:
Relays Coordinates:
130.943, 67.1802
170.083, 201.884
Evaluation Time: 1.46093 seconds
Resulting Fitness: 0.416667
-------------
Particle: 10:
Relays Coordinates:
122.645, 47.9155
147.974, 185.899
Evaluation Time: 1.38831 seconds
Resulting Fitness: 0.4
-------------
Particle: 11:
Relays Coordinates:
123.884, 65.4649
163.478, 197.785
Evaluation Time: 1.49447 seconds
Resulting Fitness: 0.413889
-------------
Particle: 12:
Relays Coordinates:
126.478, 64.0319
167.11, 206.918
Evaluation Time: 1.41931 seconds
Resulting Fitness: 0.430556
-------------
Particle: 13:
Relays Coordinates:
124.191, 71.983
155.521, 201.868
Evaluation Time: 1.402 seconds
Resulting Fitness: 0.413889
-------------
Particle: 14:
Relays Coordinates:
119.422, 60.8259
165.312, 207.564
Evaluation Time: 1.43679 seconds
Resulting Fitness: 0.416667
-------------
Particle: 15:
Relays Coordinates:
126.621, 61.9643
154.327, 204.038
Evaluation Time: 1.4007 seconds
Resulting Fitness: 0.411111
-------------
Particle: 16:
Relays Coordinates:
118.948, 59.0035
162.82, 200.809
Evaluation Time: 1.39098 seconds
Resulting Fitness: 0.427778
-------------
Particle: 17:
Relays Coordinates:
115.429, 53.5943
154.949, 193.23
Evaluation Time: 1.36571 seconds
Resulting Fitness: 0.405556
-------------
Particle: 18:
Relays Coordinates:
129.582, 68.2118
153.484, 198.588
Evaluation Time: 1.39247 seconds
Resulting Fitness: 0.4
-------------
Particle: 19:
Relays Coordinates:
134.735, 69.2001
163.574, 192.684
Evaluation Time: 1.39993 seconds
Resulting Fitness: 0.411111
-------------
Particle: 20:
Relays Coordinates:
129.788, 57.119
156.977, 174.619
Evaluation Time: 1.36277 seconds
Resulting Fitness: 0.388889
Current global best fitness: 0.444444
Current global best relays: 131.143, 55.7944
160.703, 204.058
Particle 1 new velocities: 26.224, 50.3793
54.1242, 65.9856
Particle 2 new velocities: 43.476, 14.6358
50.8775, 64.5399
Particle 3 new velocities: 20.76, 12.0053
40.7793, 39.0876
Particle 4 new velocities: 70.3573, 54.3674
113.572, 102.363
Particle 5 new velocities: 33.2024, 25.1831
66.4537, 57.2272
Particle 6 new velocities: 42.2625, 31.8588
75.2393, 75.5211
Particle 7 new velocities: 81.2833, 31.8169
91.1729, 101.749
Particle 8 new velocities: 23.4507, 20.1012
98.9106, 37.8531
Particle 9 new velocities: 34.143, -9.21028
38.704, 34.6326
Particle 10 new velocities: 39.7689, 20.3296
50.1292, 62.5996
Particle 11 new velocities: 23.5302, 3.94461
49.6666, 51.813
Particle 12 new velocities: 61.8958, 22.4663
84.7481, 96.5793
Particle 13 new velocities: 14.1027, 1.25868
27.6758, 24.9294
Particle 14 new velocities: 79.3236, 33.2204
83.857, 93.5701
Particle 15 new velocities: 40.4154, 13.1298
50.5791, 46.2731
Particle 16 new velocities: 5.5844, 2.39829
12.7908, 9.98025
Particle 17 new velocities: 30.6675, 9.66752
45.1411, 52.1022
Particle 18 new velocities: 60.917, 21.5855
78.2171, 88.8243
Particle 19 new velocities: 8.21072, 23.7908
28.3396, 51.0677
Particle 20 new velocities: 43.7252, 21.6483
58.0361, 66.8286
-- ITERATION 17 --
-------------
Particle: 1:
Relays Coordinates:
121.802, 82.5617
181.18, 224.815
Evaluation Time: 1.45892 seconds
Resulting Fitness: 0.425
-------------
Particle: 2:
Relays Coordinates:
121.279, 51.2809
152.548, 189.87
Evaluation Time: 1.37737 seconds
Resulting Fitness: 0.394444
-------------
Particle: 3:
Relays Coordinates:
140.348, 61.0658
172.917, 206.573
Evaluation Time: 1.41257 seconds
Resulting Fitness: 0.430556
New local best!
-------------
Particle: 4:
Relays Coordinates:
129.88, 78.9176
159.454, 203.935
Evaluation Time: 1.36932 seconds
Resulting Fitness: 0.413889
-------------
Particle: 5:
Relays Coordinates:
124.555, 82.7367
210.591, 193.272
Evaluation Time: 1.38289 seconds
Resulting Fitness: 0.405556
-------------
Particle: 6:
Relays Coordinates:
117.179, 58.6028
166.439, 194.203
Evaluation Time: 1.3932 seconds
Resulting Fitness: 0.408333
-------------
Particle: 7:
Relays Coordinates:
138.604, 54.3519
163.514, 193.64
Evaluation Time: 1.36817 seconds
Resulting Fitness: 0.427778
-------------
Particle: 8:
Relays Coordinates:
113.995, 69.0405
203.501, 176.68
Evaluation Time: 1.3394 seconds
Resulting Fitness: 0.369444
-------------
Particle: 9:
Relays Coordinates:
133.72, 46.9556
169.118, 191.578
Evaluation Time: 1.35951 seconds
Resulting Fitness: 0.411111
-------------
Particle: 10:
Relays Coordinates:
131.555, 55.2785
160.464, 201.284
Evaluation Time: 1.39785 seconds
Resulting Fitness: 0.427778
-------------
Particle: 11:
Relays Coordinates:
107.465, 50.5995
155.383, 181.957
Evaluation Time: 1.37877 seconds
Resulting Fitness: 0.388889
-------------
Particle: 12:
Relays Coordinates:
123.592, 56.7514
165.244, 199.124
Evaluation Time: 1.36743 seconds
Resulting Fitness: 0.422222
-------------
Particle: 13:
Relays Coordinates:
124.464, 65.9175
164.877, 204.117
Evaluation Time: 1.37493 seconds
Resulting Fitness: 0.427778
New local best!
-------------
Particle: 14:
Relays Coordinates:
130.397, 61.7038
163.48, 197.574
Evaluation Time: 1.39917 seconds
Resulting Fitness: 0.444444
New local best!
-------------
Particle: 15:
Relays Coordinates:
135.3, 60.8262
165.974, 202.752
Evaluation Time: 1.40856 seconds
Resulting Fitness: 0.430556
-------------
Particle: 16:
Relays Coordinates:
112.08, 55.2616
158.049, 189.71
Evaluation Time: 1.35418 seconds
Resulting Fitness: 0.391667
-------------
Particle: 17:
Relays Coordinates:
118.338, 51.2421
162.073, 198.719
Evaluation Time: 1.42473 seconds
Resulting Fitness: 0.419444
-------------
Particle: 18:
Relays Coordinates:
138.874, 65.4622
168.91, 209.523
Evaluation Time: 1.39958 seconds
Resulting Fitness: 0.433333
-------------
Particle: 19:
Relays Coordinates:
128.651, 83.6918
172.723, 219.376
Evaluation Time: 1.42801 seconds
Resulting Fitness: 0.425
New local best!
-------------
Particle: 20:
Relays Coordinates:
140.545, 63.8015
174.161, 195.572
Evaluation Time: 1.40097 seconds
Resulting Fitness: 0.4
Current global best fitness: 0.444444
Current global best relays: 131.143, 55.7944
160.703, 204.058
Particle 1 new velocities: 15.0643, 30.9525
26.4894, 23.8273
Particle 2 new velocities: 45.7469, 17.5499
78.6925, 65.9886
Particle 3 new velocities: 8.11203, 5.0799
21.3344, 30.0684
Particle 4 new velocities: 60.8909, 11.4303
97.2477, 82.9394
Particle 5 new velocities: 31.7636, -4.09306
3.50195, 75.6025
Particle 6 new velocities: 70.5037, 21.5963
63.0375, 77.403
Particle 7 new velocities: 49.7862, 25.1018
72.4026, 84.3668
Particle 8 new velocities: 47.4692, 23.0187
68.9188, 49.6661
Particle 9 new velocities: 23.808, 19.9501
29.3226, 58.9896
Particle 10 new velocities: 31.4009, 17.1356
40.4794, 53.7122
Particle 11 new velocities: 64.9148, 17.3076
48.4127, 73.9177
Particle 12 new velocities: 59.1437, 19.9289
67.803, 77.9191
Particle 13 new velocities: 15.7964, -10.407
16.9373, 19.9042
Particle 14 new velocities: 64.2051, 21.8023
63.9236, 78.8612
Particle 15 new velocities: 28.1259, 19.9314
40.0414, 41.2798
Particle 16 new velocities: 40.4783, 4.16305
14.8046, 16.9137
Particle 17 new velocities: 47.3034, 13.1943
38.332, 40.1268
Particle 18 new velocities: 41.379, 5.0512
61.0712, 73.7791
Particle 19 new velocities: 8.04658, 17.4013
15.2293, 37.3079
Particle 20 new velocities: 29.2914, 3.7886
43.9642, 59.4791
-- ITERATION 18 --
-------------
Particle: 1:
Relays Coordinates:
110.862, 91.9465
168.212, 201.4
Evaluation Time: 1.38177 seconds
Resulting Fitness: 0.405556
-------------
Particle: 2:
Relays Coordinates:
121.762, 50.1776
168.575, 186.521
Evaluation Time: 1.38665 seconds
Resulting Fitness: 0.397222
-------------
Particle: 3:
Relays Coordinates:
120.252, 53.578
157.344, 191.68
Evaluation Time: 1.40038 seconds
Resulting Fitness: 0.405556
-------------
Particle: 4:
Relays Coordinates:
139.072, 65.8637
187.136, 209.132
Evaluation Time: 1.44514 seconds
Resulting Fitness: 0.413889
-------------
Particle: 5:
Relays Coordinates:
113.956, 57.3312
156.074, 196.01
Evaluation Time: 1.37874 seconds
Resulting Fitness: 0.405556
-------------
Particle: 6:
Relays Coordinates:
136.821, 58.4651
167.288, 198
Evaluation Time: 1.42662 seconds
Resulting Fitness: 0.422222
-------------
Particle: 7:
Relays Coordinates:
137.337, 57.9217
171.983, 202.667
Evaluation Time: 1.40852 seconds
Resulting Fitness: 0.427778
-------------
Particle: 8:
Relays Coordinates:
130.786, 74.568
220.66, 183.34
Evaluation Time: 1.37459 seconds
Resulting Fitness: 0.377778
-------------
Particle: 9:
Relays Coordinates:
127.597, 54.1937
160.737, 202.96
Evaluation Time: 1.464 seconds
Resulting Fitness: 0.427778
-------------
Particle: 10:
Relays Coordinates:
131.995, 58.6554
162.764, 206.547
Evaluation Time: 1.41644 seconds
Resulting Fitness: 0.419444
-------------
Particle: 11:
Relays Coordinates:
139.627, 55.0047
165.074, 207.258
Evaluation Time: 1.45173 seconds
Resulting Fitness: 0.430556
New local best!
-------------
Particle: 12:
Relays Coordinates:
133.214, 55.9
169.891, 201.965
Evaluation Time: 1.40817 seconds
Resulting Fitness: 0.430556
-------------
Particle: 13:
Relays Coordinates:
113.611, 44.9636
147.27, 181.458
Evaluation Time: 1.40529 seconds
Resulting Fitness: 0.386111
-------------
Particle: 14:
Relays Coordinates:
141.865, 60.876
165.777, 201.521
Evaluation Time: 1.45671 seconds
Resulting Fitness: 0.413889
-------------
Particle: 15:
Relays Coordinates:
132.375, 65.4137
166.872, 197.666
Evaluation Time: 1.42536 seconds
Resulting Fitness: 0.422222
-------------
Particle: 16:
Relays Coordinates:
137.302, 53.4822
155.568, 185.962
Evaluation Time: 1.39682 seconds
Resulting Fitness: 0.413889
-------------
Particle: 17:
Relays Coordinates:
134.17, 52.1935
162.328, 193.465
Evaluation Time: 1.38786 seconds
Resulting Fitness: 0.413889
-------------
Particle: 18:
Relays Coordinates:
118.264, 46.2639
150.891, 185.875
Evaluation Time: 1.34846 seconds
Resulting Fitness: 0.388889
-------------
Particle: 19:
Relays Coordinates:
123.028, 90.9838
169.157, 231.016
Evaluation Time: 1.44919 seconds
Resulting Fitness: 0.386111
-------------
Particle: 20:
Relays Coordinates:
123.811, 49.2732
159.013, 185.933
Evaluation Time: 1.42184 seconds
Resulting Fitness: 0.402778
Current global best fitness: 0.444444
Current global best relays: 131.143, 55.7944
160.703, 204.058
Particle 1 new velocities: 33.6963, -37.1733
13.9096, 19.8808
Particle 2 new velocities: 50.6164, 19.218
60.5929, 87.132
Particle 3 new velocities: 25.9899, 12.9051
25.0514, 46.829
Particle 4 new velocities: 46.0161, -1.54632
51.1659, 60.1153
Particle 5 new velocities: 52.3225, 24.3458
18.9609, 68.7219
Particle 6 new velocities: 51.5872, 14.1893
55.0818, 69.2284
Particle 7 new velocities: 36.6143, 16.4569
22.1736, 52.9905
Particle 8 new velocities: 37.583, 20.0996
26.6483, 64.079
Particle 9 new velocities: 20.2313, 22.369
37.7346, 48.5166
Particle 10 new velocities: 24.9831, 7.09781
28.9934, 40.5247
Particle 11 new velocities: 40.9028, 14.0856
38.6009, 55.9628
Particle 12 new velocities: 59.3571, 20.4102
48.3421, 68.2944
Particle 13 new velocities: 35.3931, 15.4596
45.4741, 58.4132
Particle 14 new velocities: 32.9016, 14.6843
42.3562, 65.4125
Particle 15 new velocities: 20.9373, 14.3939
24.6097, 47.6681
Particle 16 new velocities: -0.267013, 7.56158
19.9297, 37.287
Particle 17 new velocities: 38.1413, 14.009
29.5068, 45.7352
Particle 18 new velocities: 61.7401, 23.3889
59.4146, 83.0983
Particle 19 new velocities: 7.86347, -0.526291
8.72439, -3.66556
Particle 20 new velocities: 44.4922, 22.811
47.7426, 69.3825
-- ITERATION 19 --
-------------
Particle: 1:
Relays Coordinates:
130.102, 49.2959
163.91, 199.153
Evaluation Time: 1.46613 seconds
Resulting Fitness: 0.438889
New local best!
-------------
Particle: 2:
Relays Coordinates:
125.663, 50.5894
167.063, 199.493
Evaluation Time: 1.47033 seconds
Resulting Fitness: 0.427778
New local best!
-------------
Particle: 3:
Relays Coordinates:
118.456, 53.8513
147.74, 193.192
Evaluation Time: 1.42542 seconds
Resulting Fitness: 0.391667
-------------
Particle: 4:
Relays Coordinates:
134.929, 46.8874
173.722, 196.281
Evaluation Time: 1.37394 seconds
Resulting Fitness: 0.405556
-------------
Particle: 5:
Relays Coordinates:
134.686, 66.1584
141.778, 214.432
Evaluation Time: 1.38281 seconds
Resulting Fitness: 0.411111
-------------
Particle: 6:
Relays Coordinates:
137.35, 52.965
162.108, 194.81
Evaluation Time: 1.40283 seconds
Resulting Fitness: 0.427778
-------------
Particle: 7:
Relays Coordinates:
140.9, 60.2467
157.267, 207.082
Evaluation Time: 1.41903 seconds
Resulting Fitness: 0.425
-------------
Particle: 8:
Relays Coordinates:
122.741, 69.0126
180.288, 180.369
Evaluation Time: 1.35273 seconds
Resulting Fitness: 0.377778
-------------
Particle: 9:
Relays Coordinates:
119.741, 62.0158
160.762, 203.696
Evaluation Time: 1.39284 seconds
Resulting Fitness: 0.427778
-------------
Particle: 10:
Relays Coordinates:
127.152, 53.2601
155.323, 200.128
Evaluation Time: 1.45102 seconds
Resulting Fitness: 0.425
-------------
Particle: 11:
Relays Coordinates:
131.606, 50.3669
148.479, 191.888
Evaluation Time: 1.42434 seconds
Resulting Fitness: 0.416667
-------------
Particle: 12:
Relays Coordinates:
140.385, 55.6301
159.092, 197.019
Evaluation Time: 1.41795 seconds
Resulting Fitness: 0.422222
-------------
Particle: 13:
Relays Coordinates:
120.693, 48.9428
156.122, 194.295
Evaluation Time: 1.37811 seconds
Resulting Fitness: 0.416667
-------------
Particle: 14:
Relays Coordinates:
127.405, 55.0834
151.729, 194.595
Evaluation Time: 1.40282 seconds
Resulting Fitness: 0.422222
-------------
Particle: 15:
Relays Coordinates:
124.183, 64.6442
155.101, 198.72
Evaluation Time: 1.42816 seconds
Resulting Fitness: 0.416667
-------------
Particle: 16:
Relays Coordinates:
123.332, 54.9394
157.948, 200.924
Evaluation Time: 1.42693 seconds
Resulting Fitness: 0.416667
-------------
Particle: 17:
Relays Coordinates:
139.572, 53.624
155.386, 193.752
Evaluation Time: 1.3788 seconds
Resulting Fitness: 0.425
-------------
Particle: 18:
Relays Coordinates:
131.223, 50.7768
153.313, 196.081
Evaluation Time: 1.40199 seconds
Resulting Fitness: 0.416667
-------------
Particle: 19:
Relays Coordinates:
117.802, 81.4117
160.093, 204.615
Evaluation Time: 1.40745 seconds
Resulting Fitness: 0.416667
-------------
Particle: 20:
Relays Coordinates:
136.326, 58.3882
167.472, 206.805
Evaluation Time: 1.45247 seconds
Resulting Fitness: 0.444444
New local best!
Current global best fitness: 0.444444
Current global best relays: 131.143, 55.7944
160.703, 204.058
Particle 1 new velocities: 27.0511, -28.1821
7.88576, 16.5841
Particle 2 new velocities: 45.1237, 18.0232
43.227, 72.6658
Particle 3 new velocities: 63.1993, 22.3502
59.6092, 67.0825
Particle 4 new velocities: 32.2155, 22.3673
37.7137, 60.8281
Particle 5 new velocities: 39.7499, 41.5276
98.6363, 40.8694
Particle 6 new velocities: 27.6747, 14.7896
57.7272, 77.6788
Particle 7 new velocities: 5.8536, 11.4669
21.7299, 39.2401
Particle 8 new velocities: 33.5174, 24.5117
29.0312, 83.9591
Particle 9 new velocities: 28.998, 21.2173
32.4952, 42.0605
Particle 10 new velocities: 21.1146, 10.1435
28.9485, 36.7325
Particle 11 new velocities: 45.7073, 12.2029
43.4722, 69.6692
Particle 12 new velocities: 45.8043, 18.9512
46.0889, 54.8007
Particle 13 new velocities: 40.0392, 30.42
39.4792, 59.2189
Particle 14 new velocities: 31.8253, 13.3881
46.7979, 64.0599
Particle 15 new velocities: 29.4872, 6.16272
32.3891, 41.5293
Particle 16 new velocities: -0.724209, 6.43747
17.6596, 26.3954
Particle 17 new velocities: 19.5287, 12.0483
36.0004, 46.6654
Particle 18 new velocities: 52.4862, 25.2044
63.7755, 77.8775
Particle 19 new velocities: 17.316, -0.186397
19.7631, 4.04643
Particle 20 new velocities: 31.5112, 17.5879
35.9571, 52.538
-- ITERATION 20 --
-------------
Particle: 1:
Relays Coordinates:
114.565, 15.3919
125.239, 157.272
Evaluation Time: 1.26774 seconds
Resulting Fitness: 0.302778
-------------
Particle: 2:
Relays Coordinates:
124.504, 50.0186
153.301, 198.404
Evaluation Time: 1.39355 seconds
Resulting Fitness: 0.413889
-------------
Particle: 3:
Relays Coordinates:
132.427, 55.5509
151.158, 189.74
Evaluation Time: 1.38996 seconds
Resulting Fitness: 0.405556
-------------
Particle: 4:
Relays Coordinates:
121.849, 50.4867
154.136, 187.433
Evaluation Time: 1.38658 seconds
Resulting Fitness: 0.402778
-------------
Particle: 5:
Relays Coordinates:
127.164, 78.5031
175.262, 186.115
Evaluation Time: 1.38299 seconds
Resulting Fitness: 0.383333
-------------
Particle: 6:
Relays Coordinates:
120.303, 49.3932
160.26, 198.644
Evaluation Time: 1.38517 seconds
Resulting Fitness: 0.402778
-------------
Particle: 7:
Relays Coordinates:
118.871, 58.088
144.988, 199.521
Evaluation Time: 1.41104 seconds
Resulting Fitness: 0.408333
-------------
Particle: 8:
Relays Coordinates:
126.569, 75.7547
169.548, 214.105
Evaluation Time: 1.43592 seconds
Resulting Fitness: 0.411111
New local best!
-------------
Particle: 9:
Relays Coordinates:
133.865, 74.9097
173.931, 221.181
Evaluation Time: 1.47854 seconds
Resulting Fitness: 0.422222
-------------
Particle: 10:
Relays Coordinates:
120.096, 51.3569
149.26, 191.857
Evaluation Time: 1.423 seconds
Resulting Fitness: 0.397222
-------------
Particle: 11:
Relays Coordinates:
129.262, 45.6134
139.932, 190.675
Evaluation Time: 1.32525 seconds
Resulting Fitness: 0.397222
-------------
Particle: 12:
Relays Coordinates:
135.732, 54.3697
149.577, 183.576
Evaluation Time: 1.35628 seconds
Resulting Fitness: 0.4
-------------
Particle: 13:
Relays Coordinates:
130.193, 64.2839
158.437, 205.346
Evaluation Time: 1.36016 seconds
Resulting Fitness: 0.422222
-------------
Particle: 14:
Relays Coordinates:
116.079, 49.9158
144.726, 188.559
Evaluation Time: 1.35109 seconds
Resulting Fitness: 0.388889
-------------
Particle: 15:
Relays Coordinates:
124.473, 57.3536
151.867, 194.602
Evaluation Time: 1.35392 seconds
Resulting Fitness: 0.411111
-------------
Particle: 16:
Relays Coordinates:
99.312, 49.7153
142.242, 184.129
Evaluation Time: 1.36026 seconds
Resulting Fitness: 0.380556
-------------
Particle: 17:
Relays Coordinates:
128.871, 53.1945
155.023, 194.738
Evaluation Time: 1.37199 seconds
Resulting Fitness: 0.405556
-------------
Particle: 18:
Relays Coordinates:
133.924, 55.3903
158.257, 199.716
Evaluation Time: 1.39818 seconds
Resulting Fitness: 0.433333
-------------
Particle: 19:
Relays Coordinates:
121.606, 73.1028
161.871, 187.796
Evaluation Time: 1.35949 seconds
Resulting Fitness: 0.394444
-------------
Particle: 20:
Relays Coordinates:
135.948, 61.5407
164.778, 210.068
Evaluation Time: 1.41216 seconds
Resulting Fitness: 0.438889
Final Evaluation Time: 590.237 seconds
Final global best fitness: 0.444444
Final global best relays:
131.143, 55.7944
160.703, 204.058
