ITERATION: 0
new best fitness: 0.463889
ITERATION: 1
new best fitness: 0.638889
ITERATION: 2
new best fitness: 0.688889
ITERATION: 18
new best fitness: 0.702778
ITERATION: 22
new best fitness: 0.711111
ITERATION: 34
new best fitness: 0.725
ITERATION: 62
new best fitness: 0.75
ITERATION: 126
new best fitness: 0.758333
ITERATION: 137
new best fitness: 0.772222
ITERATION: 143
new best fitness: 0.802778
Final Evaluation Time: 796.729 seconds
Final global best fitness: 0.802778
Final global best relays:
234.975, 155.948
176.251, 100.236
291.364, 414.758
74.8713, 17.1526
264.217, 278.782
378.299, 252.523
