ITERATION: 0
new best fitness: 0.452778
ITERATION: 1
new best fitness: 0.519444
ITERATION: 2
new best fitness: 0.6
ITERATION: 3
new best fitness: 0.641667
ITERATION: 5
new best fitness: 0.663889
ITERATION: 7
new best fitness: 0.708333
ITERATION: 31
new best fitness: 0.727778
ITERATION: 41
new best fitness: 0.755556
ITERATION: 149
new best fitness: 0.780556
ITERATION: 325
new best fitness: 0.786111
Final Evaluation Time: 792.93 seconds
Final global best fitness: 0.786111
Final global best relays:
76.0639, 114.962
357.721, 237.625
173.193, 160.551
143.376, 146.483
228.14, 264.391
313.186, 371.742
