ITERATION: 0
new best fitness: 0.358333
ITERATION: 1
new best fitness: 0.363889
ITERATION: 3
new best fitness: 0.458333
ITERATION: 12
new best fitness: 0.461111
ITERATION: 52
new best fitness: 0.463889
ITERATION: 56
new best fitness: 0.469444
ITERATION: 76
new best fitness: 0.483333
ITERATION: 98
new best fitness: 0.5
ITERATION: 157
new best fitness: 0.505556
ITERATION: 373
new best fitness: 0.527778
Final Evaluation Time: 597.767 seconds
Final global best fitness: 0.527778
Final global best relays:
38.4408, 120.638
267.036, 239.443
340.715, 367.817
183.316, 130.658
