PSO EXECUTION
============================
Seed: 67358
Particles: 20
Relays: 2
Iterations: 20
Backend: Simulation
Network Configuration: 1
Area: 500 x 500
Sink: 0, 0
Simulated Relay range: 155
w: 0.8
c1: 1.7
c2: 1.3

Relay Nodes Positions: 
PARTICLE 1: 
107.132, 88.1758
45.7679, 180.401
PARTICLE 2: 
139.932, 14.1676
181.857, 28.9774
PARTICLE 3: 
106.865, 69.9732
107.713, 73.6214
PARTICLE 4: 
20.9015, 134.001
102.488, 9.38908
PARTICLE 5: 
139.539, 12.5819
127.947, 109.434
PARTICLE 6: 
101.848, 37.7639
60.8819, 125.238
PARTICLE 7: 
144.807, 120.626
131.307, 44.2391
PARTICLE 8: 
24.5989, 0.765159
126.286, 100.71
PARTICLE 9: 
54.3148, 138.494
69.0013, 226.868
PARTICLE 10: 
167.932, 102.569
49.4452, 16.0362
PARTICLE 11: 
49.6728, 66.9612
10.4832, 111.294
PARTICLE 12: 
45.8449, 165.588
114.179, 99.167
PARTICLE 13: 
7.49055, 299.161
17.0597, 152.868
PARTICLE 14: 
1.08384, 133.218
119.311, 100.314
PARTICLE 15: 
71.0231, 121.308
85.7232, 9.8787
PARTICLE 16: 
249.53, 41.384
151.154, 16.0648
PARTICLE 17: 
120.033, 108.78
23.6864, 68.6388
PARTICLE 18: 
200.992, 131.211
61.2281, 97.2372
PARTICLE 19: 
46.7229, 283.158
4.95558, 134.091
PARTICLE 20: 
29.6959, 56.6173
174.542, 68.1208
Nodes Positions: 
358.425, 460.172
45.791, 121.585
35.6145, 250.491
188.554, 162.452
150.613, 289.488
196.646, 334.764
63.8133, 380.396
26.0958, 323.389
244.608, 30.766
412.319, 485.239
459.503, 36.8402
103.69, 154.192
442.124, 350.469
52.1841, 1.00865
179.251, 52.9721
258.343, 451.119
202.884, 72.8322
494.977, 126.385
422.823, 366.216
158.666, 325.584
383.919, 309.438
484.054, 60.5797
331.235, 406.526
338.712, 171.382
255.452, 270.705
229.33, 12.3311
350.652, 408.538
374.83, 437.836
20.3722, 108.859
283.032, 84.4391
133.544, 494.099
120.047, 102.658
94.0018, 226.463
83.3266, 266.227
312.947, 280.351
16.4654, 481.958
342.7, 139.9
285.346, 209.12
470.537, 423.548
480.325, 235.583
401.818, 307.33
319.498, 189.88
234.122, 97.3534
268.38, 193.331
399.959, 147.436
307.36, 219.275
216.179, 49.7162
1.287, 201.1
89.4402, 393.299
145.41, 391.194
299.53, 248.379
450.055, 347.752
68.4069, 441.877
436.283, 23.7375
378.195, 178.516
109.049, 298.052
173.337, 427.632
218.959, 82.8506
132.31, 374.529
430.521, 473.859
All particles start with velocity zero
-- ITERATION 0 --
-------------
Particle: 1:
Relays Coordinates:
107.132, 88.1758
45.7679, 180.401
Evaluation Time: 1.26483 seconds
Resulting Fitness: 0.333333
New local best!
New global best!
-------------
Particle: 2:
Relays Coordinates:
139.932, 14.1676
181.857, 28.9774
Evaluation Time: 1.07314 seconds
Resulting Fitness: 0.233333
New local best!
-------------
Particle: 3:
Relays Coordinates:
106.865, 69.9732
107.713, 73.6214
Evaluation Time: 1.09454 seconds
Resulting Fitness: 0.233333
New local best!
-------------
Particle: 4:
Relays Coordinates:
20.9015, 134.001
102.488, 9.38908
Evaluation Time: 1.15027 seconds
Resulting Fitness: 0.266667
New local best!
-------------
Particle: 5:
Relays Coordinates:
139.539, 12.5819
127.947, 109.434
Evaluation Time: 1.19129 seconds
Resulting Fitness: 0.255556
New local best!
-------------
Particle: 6:
Relays Coordinates:
101.848, 37.7639
60.8819, 125.238
Evaluation Time: 1.14957 seconds
Resulting Fitness: 0.283333
New local best!
-------------
Particle: 7:
Relays Coordinates:
144.807, 120.626
131.307, 44.2391
Evaluation Time: 1.23347 seconds
Resulting Fitness: 0.283333
New local best!
-------------
Particle: 8:
Relays Coordinates:
24.5989, 0.765159
126.286, 100.71
Evaluation Time: 1.20317 seconds
Resulting Fitness: 0.233333
New local best!
-------------
Particle: 9:
Relays Coordinates:
54.3148, 138.494
69.0013, 226.868
Evaluation Time: 1.28722 seconds
Resulting Fitness: 0.288889
New local best!
-------------
Particle: 10:
Relays Coordinates:
167.932, 102.569
49.4452, 16.0362
Evaluation Time: 1.30922 seconds
Resulting Fitness: 0.280556
New local best!
-------------
Particle: 11:
Relays Coordinates:
49.6728, 66.9612
10.4832, 111.294
Evaluation Time: 1.101 seconds
Resulting Fitness: 0.183333
New local best!
-------------
Particle: 12:
Relays Coordinates:
45.8449, 165.588
114.179, 99.167
Evaluation Time: 1.29298 seconds
Resulting Fitness: 0.319444
New local best!
-------------
Particle: 13:
Relays Coordinates:
7.49055, 299.161
17.0597, 152.868
Evaluation Time: 1.24308 seconds
Resulting Fitness: 0.283333
New local best!
-------------
Particle: 14:
Relays Coordinates:
1.08384, 133.218
119.311, 100.314
Evaluation Time: 1.23398 seconds
Resulting Fitness: 0.288889
New local best!
-------------
Particle: 15:
Relays Coordinates:
71.0231, 121.308
85.7232, 9.8787
Evaluation Time: 1.2116 seconds
Resulting Fitness: 0.272222
New local best!
-------------
Particle: 16:
Relays Coordinates:
249.53, 41.384
151.154, 16.0648
Evaluation Time: 1.18105 seconds
Resulting Fitness: 0.280556
New local best!
-------------
Particle: 17:
Relays Coordinates:
120.033, 108.78
23.6864, 68.6388
Evaluation Time: 1.26264 seconds
Resulting Fitness: 0.272222
New local best!
-------------
Particle: 18:
Relays Coordinates:
200.992, 131.211
61.2281, 97.2372
Evaluation Time: 1.35253 seconds
Resulting Fitness: 0.419444
New local best!
New global best!
-------------
Particle: 19:
Relays Coordinates:
46.7229, 283.158
4.95558, 134.091
Evaluation Time: 1.28808 seconds
Resulting Fitness: 0.294444
New local best!
-------------
Particle: 20:
Relays Coordinates:
29.6959, 56.6173
174.542, 68.1208
Evaluation Time: 1.22068 seconds
Resulting Fitness: 0.252778
New local best!
Current global best fitness: 0.419444
Current global best relays: 200.992, 131.211
61.2281, 97.2372
Particle 1 new velocities: 74.6526, 31.8618
8.96455, -6.41613
Particle 2 new velocities: 34.5667, 50.0721
-48.493, 60.1661
Particle 3 new velocities: 65.5013, 18.997
-35.7522, 4.36694
Particle 4 new velocities: 59.6464, -2.85939
-30.7461, 16.3969
Particle 5 new velocities: 12.4696, 106.557
-35.1936, -2.58854
Particle 6 new velocities: 109.243, 11.9848
0.447611, -36.2504
Particle 7 new velocities: 7.06822, 10.0105
-87.0998, 0.94536
Particle 8 new velocities: 79.5134, 153.476
-20.9823, -4.30182
Particle 9 new velocities: 146.75, -2.73447
-8.64022, -25.212
Particle 10 new velocities: 3.1507, 22.8944
3.2786, 84.5332
Particle 11 new velocities: 89.0247, 3.34707
23.4015, -7.79523
Particle 12 new velocities: 49.4241, -5.80975
-18.5164, -0.25634
Particle 13 new velocities: 83.8298, -13.8254
4.3449, -25.8236
Particle 14 new velocities: 110.02, -0.112673
-22.8403, -0.880818
Particle 15 new velocities: 38.0538, 7.43419
-16.9872, 37.0204
Particle 16 new velocities: -38.5331, 82.1495
-14.3734, 50.1801
Particle 17 new velocities: 65.7854, 28.0014
1.68757, 23.1135
Particle 18 new velocities: 0, 0
0, 0
Particle 19 new velocities: 18.5837, -162.814
64.8508, -42.2078
Particle 20 new velocities: 217.266, 61.7975
-74.8589, 15.0197
-- ITERATION 1 --
-------------
Particle: 1:
Relays Coordinates:
147.245, 97.2305
44.3332, 140.928
Evaluation Time: 1.24054 seconds
Resulting Fitness: 0.311111
-------------
Particle: 2:
Relays Coordinates:
157.049, 57.8157
120.028, 80.2291
Evaluation Time: 1.19139 seconds
Resulting Fitness: 0.25
New local best!
-------------
Particle: 3:
Relays Coordinates:
172.366, 88.9703
71.9603, 77.9883
Evaluation Time: 1.26361 seconds
Resulting Fitness: 0.291667
New local best!
-------------
Particle: 4:
Relays Coordinates:
80.548, 131.142
71.7416, 25.786
Evaluation Time: 1.2155 seconds
Resulting Fitness: 0.263889
-------------
Particle: 5:
Relays Coordinates:
152.008, 119.139
92.7529, 106.845
Evaluation Time: 1.29883 seconds
Resulting Fitness: 0.330556
New local best!
-------------
Particle: 6:
Relays Coordinates:
211.091, 49.7487
61.3295, 88.988
Evaluation Time: 1.31959 seconds
Resulting Fitness: 0.297222
New local best!
-------------
Particle: 7:
Relays Coordinates:
151.875, 130.636
44.2072, 45.1844
Evaluation Time: 1.31815 seconds
Resulting Fitness: 0.305556
New local best!
-------------
Particle: 8:
Relays Coordinates:
104.112, 154.241
105.304, 96.4087
Evaluation Time: 1.22088 seconds
Resulting Fitness: 0.319444
New local best!
-------------
Particle: 9:
Relays Coordinates:
146.576, 98.969
44.0032, 147.007
Evaluation Time: 1.30623 seconds
Resulting Fitness: 0.302778
New local best!
-------------
Particle: 10:
Relays Coordinates:
171.083, 125.464
52.7238, 100.569
Evaluation Time: 1.44141 seconds
Resulting Fitness: 0.333333
New local best!
-------------
Particle: 11:
Relays Coordinates:
138.698, 70.3082
33.8847, 103.499
Evaluation Time: 1.18225 seconds
Resulting Fitness: 0.286111
New local best!
-------------
Particle: 12:
Relays Coordinates:
95.2691, 159.778
95.6622, 98.9107
Evaluation Time: 1.19462 seconds
Resulting Fitness: 0.302778
-------------
Particle: 13:
Relays Coordinates:
73.9694, 231.122
17.3377, 102.906
Evaluation Time: 1.22733 seconds
Resulting Fitness: 0.286111
New local best!
-------------
Particle: 14:
Relays Coordinates:
111.104, 133.105
96.4704, 99.4327
Evaluation Time: 1.17624 seconds
Resulting Fitness: 0.288889
-------------
Particle: 15:
Relays Coordinates:
109.077, 128.742
68.736, 46.8991
Evaluation Time: 1.23274 seconds
Resulting Fitness: 0.263889
-------------
Particle: 16:
Relays Coordinates:
210.996, 123.534
136.78, 66.2449
Evaluation Time: 1.29438 seconds
Resulting Fitness: 0.375
New local best!
-------------
Particle: 17:
Relays Coordinates:
167.237, 123.103
22.8366, 82.5771
Evaluation Time: 1.73434 seconds
Resulting Fitness: 0.305556
New local best!
-------------
Particle: 18:
Relays Coordinates:
200.992, 131.211
61.2281, 97.2372
Evaluation Time: 1.41028 seconds
Resulting Fitness: 0.419444
-------------
Particle: 19:
Relays Coordinates:
65.3065, 120.344
69.8064, 91.8837
Evaluation Time: 1.18661 seconds
Resulting Fitness: 0.241667
-------------
Particle: 20:
Relays Coordinates:
246.962, 118.415
99.6833, 83.1405
Evaluation Time: 1.40859 seconds
Resulting Fitness: 0.397222
New local best!
Current global best fitness: 0.419444
Current global best relays: 200.992, 131.211
61.2281, 97.2372
Particle 1 new velocities: 50.7841, 47.4925
14.1011, -6.7564
Particle 2 new velocities: 55.3354, 100.53
-85.013, 68.175
Particle 3 new velocities: 63.0174, 55.7368
-29.3284, 18.1098
Particle 4 new velocities: 54.4237, 0.326749
14.6408, 38.0958
Particle 5 new velocities: 48.5157, 96.2007
-58.2068, -3.09322
Particle 6 new velocities: 78.9689, 29.3172
0.335061, -23.9883
Particle 7 new velocities: 27.0406, 8.65665
-50.715, 59.122
Particle 8 new velocities: 119.797, 98.6474
-50.5672, -2.42484
Particle 9 new velocities: 147.75, 19.3201
4.0445, -43.7909
Particle 10 new velocities: 12.0696, 21.124
8.47291, 67.5505
Particle 11 new velocities: 150.667, 39.0405
28.899, -6.87649
Particle 12 new velocities: 2.61586, -33.8474
-23.943, -0.223637
Particle 13 new velocities: 188.575, -126.93
6.26383, -21.4195
Particle 14 new velocities: 83.2707, -0.909745
-8.04909, -3.23863
Particle 15 new velocities: 92.1057, -2.0079
10.9818, 44.6302
Particle 16 new velocities: -32.1941, 71.0232
-93.4692, 73.454
Particle 17 new velocities: 91.2665, 28.1346
16.9882, 26.1224
Particle 18 new velocities: 0, 0
0, 0
Particle 19 new velocities: 109.012, 42.9797
23.3574, 14.3712
Particle 20 new velocities: 159.852, 53.6912
-105.191, 26.0545
-- ITERATION 2 --
-------------
Particle: 1:
Relays Coordinates:
198.029, 144.723
58.4344, 134.172
Evaluation Time: 1.46432 seconds
Resulting Fitness: 0.444444
New local best!
New global best!
-------------
Particle: 2:
Relays Coordinates:
172.032, 128.26
28.3621, 120.207
Evaluation Time: 1.36734 seconds
Resulting Fitness: 0.386111
New local best!
-------------
Particle: 3:
Relays Coordinates:
171.594, 105.491
31.0787, 70.0555
Evaluation Time: 1.33876 seconds
Resulting Fitness: 0.297222
New local best!
-------------
Particle: 4:
Relays Coordinates:
134.972, 131.469
86.3823, 63.8818
Evaluation Time: 1.30723 seconds
Resulting Fitness: 0.308333
New local best!
-------------
Particle: 5:
Relays Coordinates:
146.182, 156.982
25.1841, 75.6352
Evaluation Time: 1.40557 seconds
Resulting Fitness: 0.355556
New local best!
-------------
Particle: 6:
Relays Coordinates:
190.308, 51.8751
40.4581, 42.6463
Evaluation Time: 1.26114 seconds
Resulting Fitness: 0.244444
-------------
Particle: 7:
Relays Coordinates:
144.922, 112.827
0, 84.4882
Evaluation Time: 1.25659 seconds
Resulting Fitness: 0.291667
-------------
Particle: 8:
Relays Coordinates:
146.907, 165.92
35.9125, 61.6628
Evaluation Time: 1.36395 seconds
Resulting Fitness: 0.338889
New local best!
-------------
Particle: 9:
Relays Coordinates:
173.797, 69.8485
28.3717, 60.9484
Evaluation Time: 1.22227 seconds
Resulting Fitness: 0.258333
-------------
Particle: 10:
Relays Coordinates:
148.353, 118.736
49.5693, 136.177
Evaluation Time: 1.2339 seconds
Resulting Fitness: 0.322222
-------------
Particle: 11:
Relays Coordinates:
189.852, 71.7437
41.1924, 63.3941
Evaluation Time: 1.23958 seconds
Resulting Fitness: 0.269444
-------------
Particle: 12:
Relays Coordinates:
97.8849, 125.931
71.7192, 98.6871
Evaluation Time: 1.19897 seconds
Resulting Fitness: 0.25
-------------
Particle: 13:
Relays Coordinates:
155.03, 61.5245
13.9365, 48.1169
Evaluation Time: 1.18623 seconds
Resulting Fitness: 0.230556
-------------
Particle: 14:
Relays Coordinates:
194.375, 132.196
88.4213, 96.1941
Evaluation Time: 1.37832 seconds
Resulting Fitness: 0.413889
New local best!
-------------
Particle: 15:
Relays Coordinates:
201.183, 126.734
79.7178, 91.5294
Evaluation Time: 1.39928 seconds
Resulting Fitness: 0.394444
New local best!
-------------
Particle: 16:
Relays Coordinates:
178.802, 194.557
43.3113, 139.699
Evaluation Time: 1.49194 seconds
Resulting Fitness: 0.422222
New local best!
-------------
Particle: 17:
Relays Coordinates:
169.604, 99.2272
26.129, 71.3177
Evaluation Time: 1.26833 seconds
Resulting Fitness: 0.288889
-------------
Particle: 18:
Relays Coordinates:
200.992, 131.211
61.2281, 97.2372
Evaluation Time: 1.35287 seconds
Resulting Fitness: 0.419444
-------------
Particle: 19:
Relays Coordinates:
174.319, 163.324
93.1638, 106.255
Evaluation Time: 1.44476 seconds
Resulting Fitness: 0.430556
New local best!
-------------
Particle: 20:
Relays Coordinates:
141.847, 60.0097
0, 38.0739
Evaluation Time: 1.1853 seconds
Resulting Fitness: 0.230556
Current global best fitness: 0.444444
Current global best relays: 198.029, 144.723
58.4344, 134.172
Particle 1 new velocities: 40.6273, 37.994
11.2809, -5.40512
Particle 2 new velocities: 45.0683, 80.6965
-35.2969, 71.8674
Particle 3 new velocities: 79.881, 51.9167
11.5833, 62.0962
Particle 4 new velocities: 46.3641, 9.70875
-23.9114, 91.9658
Particle 5 new velocities: 66.8126, 76.8723
-12.4648, 9.38359
Particle 6 new velocities: 66.0089, 101.578
12.1322, 113.335
Particle 7 new velocities: 78.5112, 58.2917
90.0457, 54.6126
Particle 8 new velocities: 105.427, 60.4503
-22.0431, 33.1324
Particle 9 new velocities: 139.867, 107.663
27.8572, 86.0233
Particle 10 new velocities: 31.7589, 41.3171
21.3285, 39.6807
Particle 11 new velocities: 94.0237, 112.974
24.6745, 56.2512
Particle 12 new velocities: 46.6783, 43.2557
13.4105, 0.351184
Particle 13 new velocities: 49.4394, 31.3444
46.0072, 41.0155
Particle 14 new velocities: 70.532, 13.0929
-37.0351, 30.9591
Particle 15 new velocities: 72.7715, 20.9918
-7.06294, 81.7331
Particle 16 new velocities: -19.3606, 20.579
-62.1278, 51.8312
Particle 17 new velocities: 106.001, 66.684
12.6672, 90.2502
Particle 18 new velocities: -0.278367, 13.998
-1.38806, 34.6055
Particle 19 new velocities: 96.6473, 14.6471
-20.592, 18.5698
Particle 20 new velocities: 340.538, 85.9127
133.652, 141.874
-- ITERATION 3 --
-------------
Particle: 1:
Relays Coordinates:
193.312, 148.001
56.4694, 104.301
Evaluation Time: 1.41872 seconds
Resulting Fitness: 0.447222
New local best!
New global best!
-------------
Particle: 2:
Relays Coordinates:
142.439, 137.096
0, 126.02
Evaluation Time: 1.28671 seconds
Resulting Fitness: 0.347222
-------------
Particle: 3:
Relays Coordinates:
183.326, 114.751
31.1006, 96.3386
Evaluation Time: 1.35519 seconds
Resulting Fitness: 0.358333
New local best!
-------------
Particle: 4:
Relays Coordinates:
163.202, 127.06
56.2238, 140.263
Evaluation Time: 1.38397 seconds
Resulting Fitness: 0.35
New local best!
-------------
Particle: 5:
Relays Coordinates:
125.771, 138.089
7.51065, 50.2027
Evaluation Time: 1.28269 seconds
Resulting Fitness: 0.297222
-------------
Particle: 6:
Relays Coordinates:
186.855, 111.867
38.3384, 113.71
Evaluation Time: 1.37246 seconds
Resulting Fitness: 0.377778
New local best!
-------------
Particle: 7:
Relays Coordinates:
201.089, 154.007
81.0412, 125.191
Evaluation Time: 1.48801 seconds
Resulting Fitness: 0.447222
New local best!
-------------
Particle: 8:
Relays Coordinates:
134.101, 120.303
7.37079, 50.378
Evaluation Time: 1.28128 seconds
Resulting Fitness: 0.288889
-------------
Particle: 9:
Relays Coordinates:
185.215, 104.819
33.2026, 86.7853
Evaluation Time: 1.33744 seconds
Resulting Fitness: 0.344444
New local best!
-------------
Particle: 10:
Relays Coordinates:
145.891, 129.643
57.4272, 142.445
Evaluation Time: 1.36143 seconds
Resulting Fitness: 0.338889
New local best!
-------------
Particle: 11:
Relays Coordinates:
186.251, 121.193
43.2152, 78.4993
Evaluation Time: 1.42332 seconds
Resulting Fitness: 0.377778
New local best!
-------------
Particle: 12:
Relays Coordinates:
144.563, 169.186
85.1298, 99.0383
Evaluation Time: 1.37613 seconds
Resulting Fitness: 0.347222
New local best!
-------------
Particle: 13:
Relays Coordinates:
204.47, 92.8689
59.9436, 89.1324
Evaluation Time: 1.30379 seconds
Resulting Fitness: 0.355556
New local best!
-------------
Particle: 14:
Relays Coordinates:
173.805, 95.3237
33.7145, 83.4252
Evaluation Time: 1.24188 seconds
Resulting Fitness: 0.3
-------------
Particle: 15:
Relays Coordinates:
199.712, 107.692
52.9654, 126.308
Evaluation Time: 1.3863 seconds
Resulting Fitness: 0.397222
New local best!
-------------
Particle: 16:
Relays Coordinates:
116.233, 156.834
0, 139.625
Evaluation Time: 1.258 seconds
Resulting Fitness: 0.3
-------------
Particle: 17:
Relays Coordinates:
162.742, 97.9689
22.9088, 95.4042
Evaluation Time: 1.28887 seconds
Resulting Fitness: 0.305556
-------------
Particle: 18:
Relays Coordinates:
200.714, 145.208
59.84, 131.843
Evaluation Time: 1.47156 seconds
Resulting Fitness: 0.45
New local best!
New global best!
-------------
Particle: 19:
Relays Coordinates:
197.534, 129.741
52.9049, 90.9972
Evaluation Time: 1.44698 seconds
Resulting Fitness: 0.413889
-------------
Particle: 20:
Relays Coordinates:
207.651, 62.8148
57.5326, 77.4616
Evaluation Time: 1.3061 seconds
Resulting Fitness: 0.308333
Current global best fitness: 0.45
Current global best relays: 200.714, 145.208
59.84, 131.843
Particle 1 new velocities: 36.4373, 28.8166
9.26103, 3.03026
Particle 2 new velocities: 58.7675, 63.8382
20.3094, 56.7102
Particle 3 new velocities: 65.8408, 70.1975
32.7236, 61.759
Particle 4 new velocities: 59.8973, 13.2292
-16.2717, 70.4643
Particle 5 new velocities: 101.146, 92.8878
48.5678, 125.944
Particle 6 new velocities: 61.2562, 87.1708
35.9947, 109.407
Particle 7 new velocities: 62.4113, 45.3853
45.7433, 50.7777
Particle 8 new velocities: 134.824, 156.464
67.6377, 105.642
Particle 9 new velocities: 117.113, 101.813
23.7086, 82.0067
Particle 10 new velocities: 43.9602, 44.2048
18.9649, 19.3906
Particle 11 new velocities: 78.7993, 91.1945
37.8371, 107.482
Particle 12 new velocities: 108.735, 4.26748
7.61397, 26.9791
Particle 13 new velocities: 37.123, 76.4618
36.6821, 67.99
Particle 14 new velocities: 71.359, 72.8108
-2.466, 77.943
Particle 15 new velocities: 58.6882, 48.7344
-2.95309, 70.4203
Particle 16 new velocities: 75.6838, 50.3451
94.3004, 37.1384
Particle 17 new velocities: 100.669, 71.3756
47.3169, 80.9003
Particle 18 new velocities: -0.222694, 11.1984
-1.11045, 27.6844
Particle 19 new velocities: 62.9433, 31.4807
-7.86351, 35.3488
Particle 20 new velocities: 275.014, 108.259
146.469, 149.989
-- ITERATION 4 --
-------------
Particle: 1:
Relays Coordinates:
186.097, 143.222
53.2416, 86.9383
Evaluation Time: 1.47536 seconds
Resulting Fitness: 0.441667
-------------
Particle: 2:
Relays Coordinates:
162.977, 162.757
16.4506, 148.012
Evaluation Time: 1.40898 seconds
Resulting Fitness: 0.4
New local best!
-------------
Particle: 3:
Relays Coordinates:
201.825, 149.808
51.6976, 128.059
Evaluation Time: 1.45612 seconds
Resulting Fitness: 0.438889
New local best!
-------------
Particle: 4:
Relays Coordinates:
146.376, 92.0436
26.2126, 138.258
Evaluation Time: 1.23529 seconds
Resulting Fitness: 0.311111
-------------
Particle: 5:
Relays Coordinates:
183.803, 187.091
45.4236, 142.679
Evaluation Time: 1.44581 seconds
Resulting Fitness: 0.444444
New local best!
-------------
Particle: 6:
Relays Coordinates:
162.786, 130.589
48.77, 146.387
Evaluation Time: 1.37237 seconds
Resulting Fitness: 0.344444
-------------
Particle: 7:
Relays Coordinates:
172.883, 130.821
83.1833, 115.453
Evaluation Time: 1.32746 seconds
Resulting Fitness: 0.375
-------------
Particle: 8:
Relays Coordinates:
176.441, 181.587
49.2131, 102.365
Evaluation Time: 1.46905 seconds
Resulting Fitness: 0.427778
New local best!
-------------
Particle: 9:
Relays Coordinates:
178.522, 122.014
33.6055, 99.67
Evaluation Time: 1.34058 seconds
Resulting Fitness: 0.355556
New local best!
-------------
Particle: 10:
Relays Coordinates:
153.779, 140.817
61.8776, 131.087
Evaluation Time: 1.37661 seconds
Resulting Fitness: 0.355556
New local best!
-------------
Particle: 11:
Relays Coordinates:
193.221, 154.831
59.0872, 135.58
Evaluation Time: 1.45879 seconds
Resulting Fitness: 0.455556
New local best!
New global best!
-------------
Particle: 12:
Relays Coordinates:
227.968, 156.108
83.4693, 113.416
Evaluation Time: 1.52573 seconds
Resulting Fitness: 0.483333
New local best!
New global best!
-------------
Particle: 13:
Relays Coordinates:
195.69, 137.158
78.2668, 127.269
Evaluation Time: 1.41821 seconds
Resulting Fitness: 0.444444
New local best!
-------------
Particle: 14:
Relays Coordinates:
160.852, 110.313
20.5021, 105.874
Evaluation Time: 1.27252 seconds
Resulting Fitness: 0.316667
-------------
Particle: 15:
Relays Coordinates:
188.374, 114.035
36.459, 143.415
Evaluation Time: 1.39345 seconds
Resulting Fitness: 0.386111
-------------
Particle: 16:
Relays Coordinates:
139.907, 151.034
68.745, 128.861
Evaluation Time: 1.3119 seconds
Resulting Fitness: 0.336111
-------------
Particle: 17:
Relays Coordinates:
192.026, 123.452
51.1945, 128.526
Evaluation Time: 1.42991 seconds
Resulting Fitness: 0.413889
New local best!
-------------
Particle: 18:
Relays Coordinates:
180.442, 140.766
52.8566, 143.574
Evaluation Time: 1.41061 seconds
Resulting Fitness: 0.408333
-------------
Particle: 19:
Relays Coordinates:
170.899, 105.778
29.5517, 82.8956
Evaluation Time: 1.30793 seconds
Resulting Fitness: 0.297222
-------------
Particle: 20:
Relays Coordinates:
230.857, 81.8243
97.5735, 108.789
Evaluation Time: 1.30208 seconds
Resulting Fitness: 0.386111
Current global best fitness: 0.483333
Current global best relays: 227.968, 156.108
83.4693, 113.416
Particle 1 new velocities: 58.8717, 37.2453
36.0843, 54.8562
Particle 2 new velocities: 95.656, 45.707
63.537, 30.3471
Particle 3 new velocities: 54.4817, 56.9616
29.701, 33.9954
Particle 4 new velocities: 134.987, 93.7854
58.5113, 37.9141
Particle 5 new velocities: 127.302, 52.2723
65.355, 65.5942
Particle 6 new velocities: 107.541, 56.0949
53.1389, 21.9773
Particle 7 new velocities: 79.0962, 90.0278
35.6923, 43.129
Particle 8 new velocities: 170.028, 103.64
82.8495, 96.7324
Particle 9 new velocities: 104.922, 125.359
34.2065, 69.1736
Particle 10 new velocities: 99.7242, 39.9978
29.5236, 5.16375
Particle 11 new velocities: 102.988, 74.3432
54.8389, 65.1872
Particle 12 new velocities: 86.9878, 3.41398
6.09117, 21.5833
Particle 13 new velocities: 50.0582, 61.4226
33.0167, 52.3587
Particle 14 new velocities: 147.155, 142.195
39.5443, 51.7863
Particle 15 new velocities: 51.9945, 33.1001
36.0592, 9.21293
Particle 16 new velocities: 174.068, 47.102
68.9179, 21.547
Particle 17 new velocities: 90.2697, 67.3
65.3028, 52.8035
Particle 18 new velocities: 71.7052, 18.1878
6.36522, -9.38787
Particle 19 new velocities: 122.815, 147.701
64.5423, 65.6721
Particle 20 new velocities: 234.331, 173.703
110.528, 84.9992
-- ITERATION 5 --
-------------
Particle: 1:
Relays Coordinates:
220.472, 162.421
80.3933, 127.615
Evaluation Time: 1.47285 seconds
Resulting Fitness: 0.466667
New local best!
-------------
Particle: 2:
Relays Coordinates:
188.544, 151.97
58.311, 130.024
Evaluation Time: 1.46043 seconds
Resulting Fitness: 0.455556
New local best!
-------------
Particle: 3:
Relays Coordinates:
207.608, 167.483
65.9329, 131.264
Evaluation Time: 1.47905 seconds
Resulting Fitness: 0.483333
New local best!
-------------
Particle: 4:
Relays Coordinates:
205.113, 135.469
61.7637, 128.43
Evaluation Time: 1.49521 seconds
Resulting Fitness: 0.444444
New local best!
-------------
Particle: 5:
Relays Coordinates:
204.116, 157.046
72.6818, 136.648
Evaluation Time: 1.51734 seconds
Resulting Fitness: 0.413889
-------------
Particle: 6:
Relays Coordinates:
197.068, 136.092
74.2916, 122.738
Evaluation Time: 1.4163 seconds
Resulting Fitness: 0.441667
New local best!
-------------
Particle: 7:
Relays Coordinates:
183.693, 160.999
86.6603, 115.606
Evaluation Time: 1.4231 seconds
Resulting Fitness: 0.452778
New local best!
-------------
Particle: 8:
Relays Coordinates:
204.587, 168.423
77.9817, 117.565
Evaluation Time: 1.48365 seconds
Resulting Fitness: 0.483333
New local best!
-------------
Particle: 9:
Relays Coordinates:
185.968, 162.301
44.4914, 110.778
Evaluation Time: 1.45619 seconds
Resulting Fitness: 0.472222
New local best!
-------------
Particle: 10:
Relays Coordinates:
228.153, 162.733
82.2611, 122.625
Evaluation Time: 1.49409 seconds
Resulting Fitness: 0.477778
New local best!
-------------
Particle: 11:
Relays Coordinates:
194.343, 150.361
74.7469, 131.723
Evaluation Time: 1.49417 seconds
Resulting Fitness: 0.427778
-------------
Particle: 12:
Relays Coordinates:
206.643, 104.663
58.7607, 88.5728
Evaluation Time: 1.38293 seconds
Resulting Fitness: 0.375
-------------
Particle: 13:
Relays Coordinates:
179.15, 144.765
81.1257, 130.949
Evaluation Time: 1.40964 seconds
Resulting Fitness: 0.388889
-------------
Particle: 14:
Relays Coordinates:
163.688, 134.193
31.9111, 83.787
Evaluation Time: 1.39494 seconds
Resulting Fitness: 0.347222
-------------
Particle: 15:
Relays Coordinates:
216.332, 132.422
65.2664, 137.365
Evaluation Time: 1.42894 seconds
Resulting Fitness: 0.425
New local best!
-------------
Particle: 16:
Relays Coordinates:
228.888, 144.441
100.356, 109.647
Evaluation Time: 1.38414 seconds
Resulting Fitness: 0.444444
New local best!
-------------
Particle: 17:
Relays Coordinates:
185.214, 125.152
76.4339, 118.97
Evaluation Time: 1.42012 seconds
Resulting Fitness: 0.413889
-------------
Particle: 18:
Relays Coordinates:
183.815, 115.877
43.1727, 97.822
Evaluation Time: 1.39312 seconds
Resulting Fitness: 0.361111
-------------
Particle: 19:
Relays Coordinates:
192.706, 166.307
61.7351, 97.4753
Evaluation Time: 1.45237 seconds
Resulting Fitness: 0.472222
New local best!
-------------
Particle: 20:
Relays Coordinates:
247.22, 135.798
110.594, 102.987
Evaluation Time: 1.46282 seconds
Resulting Fitness: 0.422222
New local best!
Current global best fitness: 0.483333
Current global best relays: 227.968, 156.108
83.4693, 113.416
Particle 1 new velocities: 52.7873, 21.7351
32.0255, 41.9704
Particle 2 new velocities: 122.74, 37.6039
70.4971, 16.1648
Particle 3 new velocities: 43.9928, 33.9929
24.3889, 13.2126
Particle 4 new velocities: 122.962, 87.4722
69.8548, 28.2085
Particle 5 new velocities: 95.5577, 47.3523
47.6453, 48.3463
Particle 6 new velocities: 105.886, 70.5726
47.4351, 8.69857
Particle 7 new velocities: 65.4394, 71.3192
28.3315, 32.1886
Particle 8 new velocities: 136.559, 74.8303
67.6422, 76.3889
Particle 9 new velocities: 130.423, 96.6263
45.5208, 58.5291
Particle 10 new velocities: 79.5694, 27.4916
25.1431, -1.07823
Particle 11 new velocities: 95.6363, 67.0047
36.0451, 49.3331
Particle 12 new velocities: 109.782, 115.02
47.4969, 47.7643
Particle 13 new velocities: 69.3576, 59.2055
26.2141, 35.3344
Particle 14 new velocities: 212.279, 135.709
179.477, 57.669
Particle 15 new velocities: 49.9183, 43.4446
33.5518, 2.21595
Particle 16 new velocities: 138.835, 45.6717
41.5719, 17.8147
Particle 17 new velocities: 118.047, 64.2203
56.3654, 42.6038
Particle 18 new velocities: 87.345, 82.4234
55.0857, 4.63954
Particle 19 new velocities: 107.908, 109.274
75.4861, 59.0076
Particle 20 new velocities: 184.144, 151.03
84.548, 75.3657
-- ITERATION 6 --
-------------
Particle: 1:
Relays Coordinates:
199.206, 134.25
81.9533, 123.628
Evaluation Time: 1.42524 seconds
Resulting Fitness: 0.427778
-------------
Particle: 2:
Relays Coordinates:
226.926, 138.199
93.9011, 106.571
Evaluation Time: 1.44327 seconds
Resulting Fitness: 0.441667
-------------
Particle: 3:
Relays Coordinates:
226.441, 181.329
81.2896, 130.029
Evaluation Time: 1.52759 seconds
Resulting Fitness: 0.447222
-------------
Particle: 4:
Relays Coordinates:
239.167, 162.524
95.9499, 114.189
Evaluation Time: 1.4826 seconds
Resulting Fitness: 0.483333
New local best!
-------------
Particle: 5:
Relays Coordinates:
196.616, 134.106
78.9466, 121.375
Evaluation Time: 1.37934 seconds
Resulting Fitness: 0.438889
-------------
Particle: 6:
Relays Coordinates:
220.853, 150.659
88.7387, 95.8172
Evaluation Time: 1.42096 seconds
Resulting Fitness: 0.427778
-------------
Particle: 7:
Relays Coordinates:
201.797, 188.178
93.1434, 119.714
Evaluation Time: 1.54592 seconds
Resulting Fitness: 0.469444
New local best!
-------------
Particle: 8:
Relays Coordinates:
201.443, 143.639
85.9894, 114.528
Evaluation Time: 1.42319 seconds
Resulting Fitness: 0.438889
-------------
Particle: 9:
Relays Coordinates:
186.825, 152.894
53.1513, 99.9743
Evaluation Time: 1.51 seconds
Resulting Fitness: 0.444444
-------------
Particle: 10:
Relays Coordinates:
224.33, 138.674
78.2976, 88.6079
Evaluation Time: 1.39058 seconds
Resulting Fitness: 0.405556
-------------
Particle: 11:
Relays Coordinates:
211.395, 158.46
80.7673, 131.99
Evaluation Time: 1.49101 seconds
Resulting Fitness: 0.419444
-------------
Particle: 12:
Relays Coordinates:
207.606, 144.134
69.7156, 89.4508
Evaluation Time: 1.42149 seconds
Resulting Fitness: 0.408333
-------------
Particle: 13:
Relays Coordinates:
181.162, 148.695
78.2507, 121.22
Evaluation Time: 1.39605 seconds
Resulting Fitness: 0.433333
-------------
Particle: 14:
Relays Coordinates:
222.004, 159.375
124.823, 83.5283
Evaluation Time: 1.46293 seconds
Resulting Fitness: 0.425
New local best!
-------------
Particle: 15:
Relays Coordinates:
239.625, 158.28
88.9363, 125.623
Evaluation Time: 1.53194 seconds
Resulting Fitness: 0.463889
New local best!
-------------
Particle: 16:
Relays Coordinates:
241.263, 124.733
93.1191, 83.6278
Evaluation Time: 1.36402 seconds
Resulting Fitness: 0.402778
-------------
Particle: 17:
Relays Coordinates:
221.078, 138.053
96.8107, 117.788
Evaluation Time: 1.45262 seconds
Resulting Fitness: 0.444444
New local best!
-------------
Particle: 18:
Relays Coordinates:
197.676, 144.561
71.6304, 74.6945
Evaluation Time: 1.44425 seconds
Resulting Fitness: 0.413889
-------------
Particle: 19:
Relays Coordinates:
219.148, 200.898
100.034, 114.076
Evaluation Time: 1.53406 seconds
Resulting Fitness: 0.486111
New local best!
New global best!
-------------
Particle: 20:
Relays Coordinates:
229.245, 152.432
103.706, 94.784
Evaluation Time: 1.5138 seconds
Resulting Fitness: 0.427778
New local best!
Current global best fitness: 0.486111
Current global best relays: 219.148, 200.898
100.034, 114.076
Particle 1 new velocities: 66.3499, 70.5467
40.6686, 25.2538
Particle 2 new velocities: 84.9836, 82.7581
37.6408, 26.7585
Particle 3 new velocities: 31.8814, 41.9568
5.82402, -8.99121
Particle 4 new velocities: 84.0379, 112.525
56.3987, 22.424
Particle 5 new velocities: 70.9153, 109.204
49.4809, 37.8878
Particle 6 new velocities: 79.209, 97.1759
34.2148, 52.4143
Particle 7 new velocities: 69.0381, 71.3497
29.482, 21.9498
Particle 8 new velocities: 114.495, 97.5866
54.9895, 65.2053
Particle 9 new velocities: 135.068, 94.394
44.4641, 57.6198
Particle 10 new velocities: 65.2617, 62.523
29.4045, 52.133
Particle 11 new velocities: 66.834, 65.5283
8.39293, 38.2246
Particle 12 new velocities: 118.973, 151.505
71.1632, 89.8184
Particle 13 new velocities: 112.224, 66.0986
39.7314, 36.298
Particle 14 new velocities: 169.495, 139.124
124.907, 58.3186
Particle 15 new velocities: 26.6794, 50.4347
29.6677, 0.821334
Particle 16 new velocities: 86.2059, 70.4581
48.7264, 74.7514
Particle 17 new velocities: 92.9176, 98.7406
45.8814, 32.7128
Particle 18 new velocities: 77.4852, 70.7991
60.7377, 118.124
Particle 19 new velocities: 86.3264, 87.4191
60.3889, 47.2061
Particle 20 new velocities: 145.012, 178.736
63.8916, 70.6864
-- ITERATION 7 --
-------------
Particle: 1:
Relays Coordinates:
193.59, 149.296
89.3914, 108.535
Evaluation Time: 1.43421 seconds
Resulting Fitness: 0.444444
-------------
Particle: 2:
Relays Coordinates:
227.382, 161.078
95.894, 97.1975
Evaluation Time: 1.56454 seconds
Resulting Fitness: 0.430556
-------------
Particle: 3:
Relays Coordinates:
188.317, 162.775
63.5058, 88.2366
Evaluation Time: 1.52335 seconds
Resulting Fitness: 0.441667
-------------
Particle: 4:
Relays Coordinates:
212.054, 180.46
99.9559, 89.6319
Evaluation Time: 1.41252 seconds
Resulting Fitness: 0.466667
-------------
Particle: 5:
Relays Coordinates:
195.03, 177.373
93.6236, 116.102
Evaluation Time: 1.51579 seconds
Resulting Fitness: 0.472222
New local best!
-------------
Particle: 6:
Relays Coordinates:
218.746, 180.672
89.6331, 108.061
Evaluation Time: 1.44583 seconds
Resulting Fitness: 0.488889
New local best!
New global best!
-------------
Particle: 7:
Relays Coordinates:
219.376, 210.217
99.3266, 114.747
Evaluation Time: 1.5205 seconds
Resulting Fitness: 0.452778
-------------
Particle: 8:
Relays Coordinates:
207.287, 158.268
92.4963, 117.923
Evaluation Time: 1.48387 seconds
Resulting Fitness: 0.447222
-------------
Particle: 9:
Relays Coordinates:
190.075, 146.021
57.6409, 93.0578
Evaluation Time: 1.40011 seconds
Resulting Fitness: 0.441667
-------------
Particle: 10:
Relays Coordinates:
211.112, 146.673
78.5149, 102.6
Evaluation Time: 1.36326 seconds
Resulting Fitness: 0.441667
-------------
Particle: 11:
Relays Coordinates:
202.829, 163.287
64.9978, 124.087
Evaluation Time: 1.45437 seconds
Resulting Fitness: 0.469444
New local best!
-------------
Particle: 12:
Relays Coordinates:
214.269, 193.968
92.4305, 117.619
Evaluation Time: 1.50763 seconds
Resulting Fitness: 0.477778
-------------
Particle: 13:
Relays Coordinates:
213.879, 156.584
86.009, 114.831
Evaluation Time: 1.51477 seconds
Resulting Fitness: 0.458333
New local best!
-------------
Particle: 14:
Relays Coordinates:
208.059, 158.635
132.716, 75.3833
Evaluation Time: 1.42266 seconds
Resulting Fitness: 0.411111
-------------
Particle: 15:
Relays Coordinates:
215.707, 169.059
96.0693, 102.42
Evaluation Time: 1.49402 seconds
Resulting Fitness: 0.452778
-------------
Particle: 16:
Relays Coordinates:
238.725, 142.294
103.405, 115.458
Evaluation Time: 1.47089 seconds
Resulting Fitness: 0.444444
-------------
Particle: 17:
Relays Coordinates:
228.902, 172.622
104.023, 109.715
Evaluation Time: 1.47946 seconds
Resulting Fitness: 0.447222
New local best!
-------------
Particle: 18:
Relays Coordinates:
180.533, 141.298
86.8467, 126.508
Evaluation Time: 1.40734 seconds
Resulting Fitness: 0.386111
-------------
Particle: 19:
Relays Coordinates:
200.422, 189.165
105.254, 105.817
Evaluation Time: 1.47816 seconds
Resulting Fitness: 0.486111
-------------
Particle: 20:
Relays Coordinates:
198.896, 175.996
89.0683, 87.9377
Evaluation Time: 1.47914 seconds
Resulting Fitness: 0.458333
New local best!
Current global best fitness: 0.488889
Current global best relays: 218.746, 180.672
89.6331, 108.061
Particle 1 new velocities: 100.404, 99.5083
21.6431, 22.9987
Particle 2 new velocities: 41.8924, 70.264
3.93356, 86.348
Particle 3 new velocities: 79.3846, 45.7267
37.1958, 39.7578
Particle 4 new velocities: 87.0034, 66.1693
25.763, 25.9144
Particle 5 new velocities: 72.8378, 89.0177
39.4625, 26.5745
Particle 6 new velocities: 63.3672, 77.7407
27.3718, 41.9314
Particle 7 new velocities: 47.8427, 11.747
11.9888, 16.8481
Particle 8 new velocities: 93.2735, 86.1062
34.3336, 47.4591
Particle 9 new velocities: 109.857, 114.09
61.2068, 77.3276
Particle 10 new velocities: 77.3563, 95.8419
41.1216, 46.9709
Particle 11 new velocities: 69.098, 60.8678
16.5718, 24.9118
Particle 12 new velocities: 115.331, 105.666
43.2728, 66.5145
Particle 13 new velocities: 91.5791, 61.3542
32.3838, 23.0752
Particle 14 new velocities: 145.583, 116.477
52.7584, 51.6727
Particle 15 new velocities: 51.4325, 33.1509
11.1466, 6.01585
Particle 16 new velocities: 37.9243, 75.9779
20.6512, 56.9332
Particle 17 new velocities: 61.527, 83.2947
35.6336, 25.9573
Particle 18 new velocities: 126.282, 61.9409
44.4015, 82.9994
Particle 19 new velocities: 74.3556, 81.2482
29.9233, 50.2122
Particle 20 new velocities: 127.963, 145.071
51.7311, 71.0398
-- ITERATION 8 --
-------------
Particle: 1:
Relays Coordinates:
192.889, 163.241
72.8497, 86.299
Evaluation Time: 1.45801 seconds
Resulting Fitness: 0.444444
-------------
Particle: 2:
Relays Coordinates:
196.301, 168.648
72.7743, 133.805
Evaluation Time: 1.48831 seconds
Resulting Fitness: 0.45
-------------
Particle: 3:
Relays Coordinates:
216.838, 168.886
81.5683, 103.675
Evaluation Time: 1.45435 seconds
Resulting Fitness: 0.45
-------------
Particle: 4:
Relays Coordinates:
196.212, 161.814
82.4842, 75.8099
Evaluation Time: 1.42512 seconds
Resulting Fitness: 0.436111
-------------
Particle: 5:
Relays Coordinates:
195.276, 194.199
97.0198, 104.011
Evaluation Time: 1.52927 seconds
Resulting Fitness: 0.486111
New local best!
-------------
Particle: 6:
Relays Coordinates:
205.66, 188.383
85.2966, 109.344
Evaluation Time: 1.44587 seconds
Resulting Fitness: 0.472222
-------------
Particle: 7:
Relays Coordinates:
216.447, 179.791
90.1654, 106.592
Evaluation Time: 1.52009 seconds
Resulting Fitness: 0.488889
New local best!
-------------
Particle: 8:
Relays Coordinates:
219.109, 178.149
92.459, 120.563
Evaluation Time: 1.46442 seconds
Resulting Fitness: 0.475
-------------
Particle: 9:
Relays Coordinates:
218.65, 189.621
86.64, 124.211
Evaluation Time: 1.49132 seconds
Resulting Fitness: 0.497222
New local best!
New global best!
-------------
Particle: 10:
Relays Coordinates:
210.294, 176.793
87.215, 109.037
Evaluation Time: 1.44919 seconds
Resulting Fitness: 0.491667
New local best!
-------------
Particle: 11:
Relays Coordinates:
198.235, 163.409
59.4643, 108.62
Evaluation Time: 1.5196 seconds
Resulting Fitness: 0.455556
-------------
Particle: 12:
Relays Coordinates:
216.251, 196.59
89.035, 120.81
Evaluation Time: 1.55294 seconds
Resulting Fitness: 0.480556
-------------
Particle: 13:
Relays Coordinates:
222.679, 158.877
86.3083, 100.534
Evaluation Time: 1.45299 seconds
Resulting Fitness: 0.466667
New local best!
-------------
Particle: 14:
Relays Coordinates:
232.025, 180.501
121.69, 83.3614
Evaluation Time: 1.47848 seconds
Resulting Fitness: 0.433333
New local best!
-------------
Particle: 15:
Relays Coordinates:
216.383, 163.79
86.8449, 87.833
Evaluation Time: 1.45294 seconds
Resulting Fitness: 0.419444
-------------
Particle: 16:
Relays Coordinates:
201.677, 159.12
90.4372, 125.674
Evaluation Time: 1.50989 seconds
Resulting Fitness: 0.447222
New local best!
-------------
Particle: 17:
Relays Coordinates:
211.723, 186.564
101.809, 98.9049
Evaluation Time: 1.46133 seconds
Resulting Fitness: 0.461111
New local best!
-------------
Particle: 18:
Relays Coordinates:
181.172, 120.01
77.5007, 123.712
Evaluation Time: 1.37117 seconds
Resulting Fitness: 0.369444
-------------
Particle: 19:
Relays Coordinates:
200.313, 197.131
98.544, 113.745
Evaluation Time: 1.4808 seconds
Resulting Fitness: 0.477778
-------------
Particle: 20:
Relays Coordinates:
193.007, 189.587
83.1406, 93.8746
Evaluation Time: 1.42665 seconds
Resulting Fitness: 0.466667
New local best!
Current global best fitness: 0.497222
Current global best relays: 218.65, 189.621
86.64, 124.211
Particle 1 new velocities: 89.8209, 107.218
37.4887, 32.3099
Particle 2 new velocities: 47.9589, 69.3847
14.8522, 54.2214
Particle 3 new velocities: 58.903, 50.2226
7.31203, 53.5676
Particle 4 new velocities: 122.502, 68.5656
39.6431, 77.4796
Particle 5 new velocities: 83.5007, 67.7419
23.8031, 32.351
Particle 6 new velocities: 86.3442, 53.1414
23.5958, 45.8154
Particle 7 new velocities: 40.7924, 11.9782
8.04375, 15.8813
Particle 8 new velocities: 63.7344, 60.7644
8.38833, 37.7035
Particle 9 new velocities: 87.8857, 91.2722
48.9655, 61.8621
Particle 10 new velocities: 72.124, 82.9879
32.6192, 40.7401
Particle 11 new velocities: 67.4364, 49.4494
43.7364, 46.6191
Particle 12 new velocities: 100.065, 12.8585
29.886, 53.9283
Particle 13 new velocities: 68.4082, 82.2651
26.0805, 24.5262
Particle 14 new velocities: 109.785, 104.574
16.3762, 52.6827
Particle 15 new velocities: 82.7929, 40.4079
9.49152, 58.0252
Particle 16 new velocities: 30.9038, 65.9881
15.0667, 44.9491
Particle 17 new velocities: 50.8253, 69.7732
9.57581, 41.6209
Particle 18 new velocities: 140.035, 138.743
16.7951, 76.8157
Particle 19 new velocities: 96.3096, 57.916
10.2997, 53.3287
Particle 20 new velocities: 128.379, 116.083
45.4291, 57.7415
-- ITERATION 9 --
-------------
Particle: 1:
Relays Coordinates:
185.486, 177.448
72.393, 77.8193
Evaluation Time: 1.4444 seconds
Resulting Fitness: 0.447222
-------------
Particle: 2:
Relays Coordinates:
178.065, 173.526
63.8797, 137.071
Evaluation Time: 1.45995 seconds
Resulting Fitness: 0.427778
-------------
Particle: 3:
Relays Coordinates:
201.015, 159.73
64.7938, 114.63
Evaluation Time: 1.44589 seconds
Resulting Fitness: 0.463889
-------------
Particle: 4:
Relays Coordinates:
232.343, 167.946
89.0308, 111.748
Evaluation Time: 1.50717 seconds
Resulting Fitness: 0.466667
-------------
Particle: 5:
Relays Coordinates:
203.228, 190.955
88.0799, 99.4082
Evaluation Time: 1.4699 seconds
Resulting Fitness: 0.477778
-------------
Particle: 6:
Relays Coordinates:
212.871, 176.071
79.3826, 113.111
Evaluation Time: 1.4951 seconds
Resulting Fitness: 0.483333
-------------
Particle: 7:
Relays Coordinates:
208.364, 155.333
79.5494, 99.2037
Evaluation Time: 1.47413 seconds
Resulting Fitness: 0.444444
-------------
Particle: 8:
Relays Coordinates:
206.193, 174.168
73.5177, 115.377
Evaluation Time: 1.49997 seconds
Resulting Fitness: 0.483333
-------------
Particle: 9:
Relays Coordinates:
201.118, 184.294
88.9708, 122.082
Evaluation Time: 1.5481 seconds
Resulting Fitness: 0.472222
-------------
Particle: 10:
Relays Coordinates:
205.882, 189.38
87.3591, 109.188
Evaluation Time: 1.40865 seconds
Resulting Fitness: 0.469444
-------------
Particle: 11:
Relays Coordinates:
215.194, 172.415
83.5925, 125.744
Evaluation Time: 1.51767 seconds
Resulting Fitness: 0.463889
-------------
Particle: 12:
Relays Coordinates:
230.594, 152.688
86.6934, 127.384
Evaluation Time: 1.51224 seconds
Resulting Fitness: 0.463889
-------------
Particle: 13:
Relays Coordinates:
190.982, 158.213
73.7383, 82.0517
Evaluation Time: 1.46211 seconds
Resulting Fitness: 0.433333
-------------
Particle: 14:
Relays Coordinates:
201.835, 168.334
81.5267, 80.3327
Evaluation Time: 1.42363 seconds
Resulting Fitness: 0.441667
New local best!
-------------
Particle: 15:
Relays Coordinates:
218.099, 148.86
70.2292, 106.331
Evaluation Time: 1.44636 seconds
Resulting Fitness: 0.455556
-------------
Particle: 16:
Relays Coordinates:
169.552, 164.104
76.9124, 124.384
Evaluation Time: 1.4534 seconds
Resulting Fitness: 0.427778
-------------
Particle: 17:
Relays Coordinates:
212.664, 207.633
90.2219, 113.826
Evaluation Time: 1.42729 seconds
Resulting Fitness: 0.461111
-------------
Particle: 18:
Relays Coordinates:
210.744, 169.768
61.8675, 131.566
Evaluation Time: 1.46536 seconds
Resulting Fitness: 0.452778
New local best!
-------------
Particle: 19:
Relays Coordinates:
216.238, 185.93
79.347, 121.797
Evaluation Time: 1.47859 seconds
Resulting Fitness: 0.486111
-------------
Particle: 20:
Relays Coordinates:
189.775, 180.495
75.9191, 89.5278
Evaluation Time: 1.4079 seconds
Resulting Fitness: 0.458333
Current global best fitness: 0.497222
Current global best relays: 218.65, 189.621
86.64, 124.211
Particle 1 new velocities: 108.379, 94.684
46.7697, 32.6579
Particle 2 new velocities: 92.999, 74.9969
18.2902, 28.3962
Particle 3 new velocities: 61.0573, 85.8629
27.1878, 60.7771
Particle 4 new velocities: 93.5306, 50.5195
41.6707, 71.4842
Particle 5 new velocities: 63.622, 54.0879
33.2567, 47.829
Particle 6 new velocities: 74.1956, 60.7829
37.4468, 33.1303
Particle 7 new velocities: 41.5004, 51.7598
13.5205, 41.9888
Particle 8 new velocities: 51.7515, 54.4686
12.284, 39.9661
Particle 9 new velocities: 96.3075, 82.6852
36.963, 53.1779
Particle 10 new velocities: 73.438, 62.9168
25.5741, 38.2218
Particle 11 new velocities: 38.2045, 39.3327
15.4336, 34.1031
Particle 12 new velocities: 64.3392, 37.3737
22.0642, 24.4163
Particle 13 new velocities: 98.2819, 83.3479
48.5051, 34.7219
Particle 14 new velocities: 101.786, 96.5785
18.0663, 65.0896
Particle 15 new velocities: 88.9102, 51.6412
31.062, 78.9957
Particle 16 new velocities: 78.992, 75.8971
25.7398, 36.1869
Particle 17 new velocities: 41.5675, 26.4241
15.9511, 39.9022
Particle 18 new velocities: 120.097, 127.245
27.2673, 59.0039
Particle 19 new velocities: 81.379, 53.1066
24.0767, 44.3342
Particle 20 new velocities: 114.051, 98.5255
53.1892, 51.2591
-- ITERATION 10 --
-------------
Particle: 1:
Relays Coordinates:
173.524, 160.691
70.3644, 65.2357
Evaluation Time: 1.42118 seconds
Resulting Fitness: 0.416667
-------------
Particle: 2:
Relays Coordinates:
197.606, 181.173
59.9019, 120.626
Evaluation Time: 1.51689 seconds
Resulting Fitness: 0.488889
New local best!
-------------
Particle: 3:
Relays Coordinates:
191.051, 179.038
67.0546, 127.872
Evaluation Time: 1.46895 seconds
Resulting Fitness: 0.472222
-------------
Particle: 4:
Relays Coordinates:
213.805, 143.335
85.7532, 120.219
Evaluation Time: 1.45674 seconds
Resulting Fitness: 0.45
-------------
Particle: 5:
Relays Coordinates:
216.149, 198.484
98.2826, 119.262
Evaluation Time: 1.53891 seconds
Resulting Fitness: 0.463889
-------------
Particle: 6:
Relays Coordinates:
209.272, 172.666
85.1686, 106.61
Evaluation Time: 1.51663 seconds
Resulting Fitness: 0.483333
-------------
Particle: 7:
Relays Coordinates:
224.878, 186.384
83.763, 127.073
Evaluation Time: 1.58151 seconds
Resulting Fitness: 0.475
-------------
Particle: 8:
Relays Coordinates:
208.935, 185.195
69.4994, 125.828
Evaluation Time: 1.4727 seconds
Resulting Fitness: 0.477778
-------------
Particle: 9:
Relays Coordinates:
195.141, 175.165
82.6251, 114.988
Evaluation Time: 1.4649 seconds
Resulting Fitness: 0.477778
-------------
Particle: 10:
Relays Coordinates:
203.625, 183.925
82.3283, 107.461
Evaluation Time: 1.49011 seconds
Resulting Fitness: 0.483333
-------------
Particle: 11:
Relays Coordinates:
205.252, 171.516
80.2111, 129.476
Evaluation Time: 1.53624 seconds
Resulting Fitness: 0.447222
-------------
Particle: 12:
Relays Coordinates:
238.896, 153.95
88.0936, 122.958
Evaluation Time: 1.46986 seconds
Resulting Fitness: 0.480556
-------------
Particle: 13:
Relays Coordinates:
210.873, 176.098
89.1154, 85.1279
Evaluation Time: 1.4384 seconds
Resulting Fitness: 0.463889
-------------
Particle: 14:
Relays Coordinates:
179.285, 156.428
58.8086, 85.8704
Evaluation Time: 1.51797 seconds
Resulting Fitness: 0.444444
New local best!
-------------
Particle: 15:
Relays Coordinates:
223.81, 146.165
73.8413, 135.103
Evaluation Time: 1.53579 seconds
Resulting Fitness: 0.438889
-------------
Particle: 16:
Relays Coordinates:
201.32, 194.401
83.1482, 130.062
Evaluation Time: 1.54103 seconds
Resulting Fitness: 0.455556
New local best!
-------------
Particle: 17:
Relays Coordinates:
205.928, 189.586
86.0002, 124.52
Evaluation Time: 1.53088 seconds
Resulting Fitness: 0.480556
New local best!
-------------
Particle: 18:
Relays Coordinates:
175.823, 157.845
47.3699, 101.277
Evaluation Time: 1.47614 seconds
Resulting Fitness: 0.441667
-------------
Particle: 19:
Relays Coordinates:
216.963, 174.257
75.3959, 121.11
Evaluation Time: 1.51292 seconds
Resulting Fitness: 0.475
-------------
Particle: 20:
Relays Coordinates:
199.34, 183.065
84.7079, 92.3703
Evaluation Time: 1.49907 seconds
Resulting Fitness: 0.463889
Current global best fitness: 0.497222
Current global best relays: 218.65, 189.621
86.64, 124.211
Particle 1 new velocities: 160.774, 108.196
62.4263, 107.236
Particle 2 new velocities: 94.0194, 68.7863
46.8575, 24.3665
Particle 3 new velocities: 66.9158, 66.6926
32.6455, 50.434
Particle 4 new velocities: 90.6644, 90.8709
48.9642, 52.9773
Particle 5 new velocities: 48.1856, 36.5926
15.1104, 40.1845
Particle 6 new velocities: 63.0993, 81.1387
36.5449, 46.7505
Particle 7 new velocities: 29.0492, 39.5703
17.66, 18.9715
Particle 8 new velocities: 48.0769, 22.34
22.9519, 20.0428
Particle 9 new velocities: 102.62, 80.0267
33.4811, 58.0707
Particle 10 new velocities: 80.6633, 48.1532
26.074, 35.543
Particle 11 new velocities: 44.9572, 28.829
13.3238, 15.2482
Particle 12 new velocities: 38.8393, 79.6902
12.6789, 16.8272
Particle 13 new velocities: 108.057, 55.8902
35.4116, 55.1497
Particle 14 new velocities: 106.07, 110.253
29.4469, 99.7979
Particle 15 new velocities: 74.7974, 94.7313
58.4347, 43.21
Particle 16 new velocities: 64.829, 58.0342
21.6743, 24.5443
Particle 17 new velocities: 37.5138, 21.1687
13.248, 31.7085
Particle 18 new velocities: 151.235, 127.038
80.7644, 94.8105
Particle 19 new velocities: 68.6879, 91.7229
53.4533, 28.5819
Particle 20 new velocities: 87.5022, 86.4705
43.5704, 55.941
-- ITERATION 11 --
-------------
Particle: 1:
Relays Coordinates:
219.333, 176.417
87.124, 113.159
Evaluation Time: 1.52048 seconds
Resulting Fitness: 0.483333
New local best!
-------------
Particle: 2:
Relays Coordinates:
212.595, 182.221
77.8276, 105.699
Evaluation Time: 1.53626 seconds
Resulting Fitness: 0.486111
-------------
Particle: 3:
Relays Coordinates:
188.058, 179.137
72.6814, 129.985
Evaluation Time: 1.5566 seconds
Resulting Fitness: 0.480556
-------------
Particle: 4:
Relays Coordinates:
199.763, 153.663
88.3881, 113.634
Evaluation Time: 1.48269 seconds
Resulting Fitness: 0.444444
-------------
Particle: 5:
Relays Coordinates:
192.7, 171.371
82.6635, 116.237
Evaluation Time: 1.52786 seconds
Resulting Fitness: 0.488889
New local best!
-------------
Particle: 6:
Relays Coordinates:
198.558, 185.024
88.7291, 111.8
Evaluation Time: 1.52265 seconds
Resulting Fitness: 0.469444
-------------
Particle: 7:
Relays Coordinates:
205.681, 183.023
82.1526, 118.296
Evaluation Time: 1.51586 seconds
Resulting Fitness: 0.491667
New local best!
-------------
Particle: 8:
Relays Coordinates:
208.179, 168.104
74.8856, 118.155
Evaluation Time: 1.51781 seconds
Resulting Fitness: 0.472222
-------------
Particle: 9:
Relays Coordinates:
217.068, 186.035
84.6414, 126.16
Evaluation Time: 1.53158 seconds
Resulting Fitness: 0.480556
-------------
Particle: 10:
Relays Coordinates:
207.246, 169.185
79.0253, 104.25
Evaluation Time: 1.42871 seconds
Resulting Fitness: 0.480556
-------------
Particle: 11:
Relays Coordinates:
202.67, 162.279
75.7633, 117.226
Evaluation Time: 1.41085 seconds
Resulting Fitness: 0.455556
-------------
Particle: 12:
Relays Coordinates:
202.469, 170.324
73.4632, 101.904
Evaluation Time: 1.47259 seconds
Resulting Fitness: 0.483333
-------------
Particle: 13:
Relays Coordinates:
209.25, 152.208
81.7022, 92.0362
Evaluation Time: 1.44923 seconds
Resulting Fitness: 0.427778
-------------
Particle: 14:
Relays Coordinates:
187.222, 174.969
57.9045, 121.817
Evaluation Time: 1.45462 seconds
Resulting Fitness: 0.466667
New local best!
-------------
Particle: 15:
Relays Coordinates:
195.916, 158.052
86.7863, 116.991
Evaluation Time: 1.44256 seconds
Resulting Fitness: 0.447222
-------------
Particle: 16:
Relays Coordinates:
215.581, 204.472
84.9062, 125.231
Evaluation Time: 1.48033 seconds
Resulting Fitness: 0.45
-------------
Particle: 17:
Relays Coordinates:
197.188, 170.711
80.391, 126.545
Evaluation Time: 1.5281 seconds
Resulting Fitness: 0.461111
-------------
Particle: 18:
Relays Coordinates:
214.583, 186.912
84.0689, 128.653
Evaluation Time: 1.47551 seconds
Resulting Fitness: 0.458333
New local best!
-------------
Particle: 19:
Relays Coordinates:
208.239, 193.9
93.9311, 109.125
Evaluation Time: 1.4389 seconds
Resulting Fitness: 0.469444
-------------
Particle: 20:
Relays Coordinates:
209.108, 196.492
93.5149, 108.119
Evaluation Time: 1.46246 seconds
Resulting Fitness: 0.475
New local best!
Current global best fitness: 0.497222
Current global best relays: 218.65, 189.621
86.64, 124.211
Particle 1 new velocities: 127.936, 89.9838
49.3782, 91.1354
Particle 2 new velocities: 54.3879, 56.6864
42.8605, 55.2541
Particle 3 new velocities: 112.043, 55.4406
16.4708, 37.0288
Particle 4 new velocities: 112.492, 94.3714
50.6194, 50.6224
Particle 5 new velocities: 59.4937, 35.3825
13.3996, 37.2897
Particle 6 new velocities: 100.189, 60.7795
29.3048, 38.9805
Particle 7 new velocities: 24.2452, 36.2207
14.4373, 21.5368
Particle 8 new velocities: 45.9737, 41.5962
25.5545, 19.0745
Particle 9 new velocities: 86.1528, 72.3463
30.0663, 43.2286
Particle 10 new velocities: 74.9359, 46.1291
28.1831, 31.9352
Particle 11 new velocities: 47.3138, 45.0142
8.05599, 16.7352
Particle 12 new velocities: 75.8197, 60.8006
26.2978, 30.1358
Particle 13 new velocities: 111.278, 94.1722
40.1231, 60.7396
Particle 14 new velocities: 90.5002, 106.266
26.4466, 82.7865
Particle 15 new velocities: 85.8572, 105.652
49.1637, 45.5201
Particle 16 new velocities: 42.1412, 40.7046
16.647, 26.6297
Particle 17 new velocities: 56.9314, 61.8695
18.0201, 19.9
Particle 18 new velocities: 121.096, 103.586
65.4623, 72.176
Particle 19 new velocities: 74.8979, 72.1728
46.8355, 40.3617
Particle 20 new velocities: 74.6507, 68.3982
29.9915, 59.7337
-- ITERATION 12 --
-------------
Particle: 1:
Relays Coordinates:
205.059, 157.307
80.6032, 120.634
Evaluation Time: 1.41502 seconds
Resulting Fitness: 0.455556
-------------
Particle: 2:
Relays Coordinates:
194.63, 174.163
87.9816, 117.335
Evaluation Time: 1.46884 seconds
Resulting Fitness: 0.466667
-------------
Particle: 3:
Relays Coordinates:
196.896, 153.907
58.4927, 109.578
Evaluation Time: 1.4356 seconds
Resulting Fitness: 0.444444
-------------
Particle: 4:
Relays Coordinates:
204.87, 162.735
91.2028, 107.769
Evaluation Time: 1.45388 seconds
Resulting Fitness: 0.452778
-------------
Particle: 5:
Relays Coordinates:
204.277, 167.471
77.8111, 124.356
Evaluation Time: 1.47922 seconds
Resulting Fitness: 0.463889
-------------
Particle: 6:
Relays Coordinates:
217.787, 179.191
86.0467, 109.919
Evaluation Time: 1.46712 seconds
Resulting Fitness: 0.483333
-------------
Particle: 7:
Relays Coordinates:
206.934, 197.319
86.9309, 125.85
Evaluation Time: 1.48557 seconds
Resulting Fitness: 0.463889
-------------
Particle: 8:
Relays Coordinates:
228.738, 188.73
90.396, 123.507
Evaluation Time: 1.47365 seconds
Resulting Fitness: 0.486111
New local best!
-------------
Particle: 9:
Relays Coordinates:
221.048, 188.36
83.6219, 123.484
Evaluation Time: 1.55555 seconds
Resulting Fitness: 0.491667
-------------
Particle: 10:
Relays Coordinates:
205.711, 156.964
78.1549, 99.2792
Evaluation Time: 1.40023 seconds
Resulting Fitness: 0.447222
-------------
Particle: 11:
Relays Coordinates:
202.487, 167.908
67.8936, 108.509
Evaluation Time: 1.50534 seconds
Resulting Fitness: 0.475
New local best!
-------------
Particle: 12:
Relays Coordinates:
202.872, 168.49
72.7258, 96.2567
Evaluation Time: 1.4416 seconds
Resulting Fitness: 0.463889
-------------
Particle: 13:
Relays Coordinates:
210.298, 161.65
79.9296, 100.236
Evaluation Time: 1.47185 seconds
Resulting Fitness: 0.452778
-------------
Particle: 14:
Relays Coordinates:
182.213, 184.518
55.3428, 134.24
Evaluation Time: 1.47957 seconds
Resulting Fitness: 0.444444
-------------
Particle: 15:
Relays Coordinates:
205.413, 192.241
99.1075, 118.471
Evaluation Time: 1.5143 seconds
Resulting Fitness: 0.444444
-------------
Particle: 16:
Relays Coordinates:
208.755, 198.593
82.2581, 123.008
Evaluation Time: 1.46202 seconds
Resulting Fitness: 0.461111
New local best!
-------------
Particle: 17:
Relays Coordinates:
205.836, 188.39
79.7129, 118.62
Evaluation Time: 1.46034 seconds
Resulting Fitness: 0.486111
New local best!
-------------
Particle: 18:
Relays Coordinates:
198.215, 171.536
88.2967, 118.587
Evaluation Time: 1.4772 seconds
Resulting Fitness: 0.472222
New local best!
-------------
Particle: 19:
Relays Coordinates:
206.407, 193.967
102.619, 108.976
Evaluation Time: 1.42534 seconds
Resulting Fitness: 0.461111
-------------
Particle: 20:
Relays Coordinates:
206.86, 193.105
90.0362, 122.365
Evaluation Time: 1.44586 seconds
Resulting Fitness: 0.475
Current global best fitness: 0.497222
Current global best relays: 218.65, 189.621
86.64, 124.211
Particle 1 new velocities: 127.946, 91.7
49.6523, 65.0738
Particle 2 new velocities: 47.0718, 68.4807
-9.40071, 48.7263
Particle 3 new velocities: 121.805, 55.9417
23.5098, 47.1001
Particle 4 new velocities: 131.363, 94.936
46.2691, 53.1919
Particle 5 new velocities: 50.5062, 52.7998
22.4836, 24.033
Particle 6 new velocities: 81.0877, 58.2925
26.236, 31.716
Particle 7 new velocities: 22.0504, 25.3752
10.9821, 13.0719
Particle 8 new velocities: 26.8654, 34.0958
18.5452, 15.5554
Particle 9 new velocities: 67.3998, 58.5783
27.8022, 35.8509
Particle 10 new velocities: 75.3524, 75.88
39.3953, 69.1098
Particle 11 new velocities: 40.7441, 52.6305
16.2662, 28.8236
Particle 12 new velocities: 92.5399, 43.623
43.0527, 62.1343
Particle 13 new velocities: 99.3921, 82.8041
40.72, 63.6532
Particle 14 new velocities: 99.906, 90.5554
32.201, 60.0593
Particle 15 new velocities: 122.57, 73.8983
17.8895, 49.0262
Particle 16 new velocities: 34.6792, 24.0279
16.8392, 21.412
Particle 17 new velocities: 48.9736, 50.9915
22.3438, 16.1318
Particle 18 new velocities: 97.139, 105.472
50.8242, 62.8768
Particle 19 new velocities: 71.7198, 56.2928
22.977, 39.6102
Particle 20 new velocities: 74.3252, 52.2288
26.114, 41.3176
-- ITERATION 13 --
-------------
Particle: 1:
Relays Coordinates:
218.484, 163.374
85.4606, 121.843
Evaluation Time: 1.50702 seconds
Resulting Fitness: 0.469444
-------------
Particle: 2:
Relays Coordinates:
195.779, 196.542
63.6505, 134.51
Evaluation Time: 1.49314 seconds
Resulting Fitness: 0.463889
-------------
Particle: 3:
Relays Coordinates:
188.19, 123.913
48.4217, 92.5167
Evaluation Time: 1.32021 seconds
Resulting Fitness: 0.391667
-------------
Particle: 4:
Relays Coordinates:
220.602, 169.058
90.1953, 105.606
Evaluation Time: 1.48675 seconds
Resulting Fitness: 0.466667
-------------
Particle: 5:
Relays Coordinates:
206.374, 178.419
81.2387, 120.195
Evaluation Time: 1.41959 seconds
Resulting Fitness: 0.483333
-------------
Particle: 6:
Relays Coordinates:
217.879, 173.125
81.8541, 103.252
Evaluation Time: 1.46465 seconds
Resulting Fitness: 0.475
-------------
Particle: 7:
Relays Coordinates:
206.086, 200.425
88.1217, 125.029
Evaluation Time: 1.44935 seconds
Resulting Fitness: 0.45
-------------
Particle: 8:
Relays Coordinates:
207.039, 180.489
88.2424, 112.64
Evaluation Time: 1.44499 seconds
Resulting Fitness: 0.486111
-------------
Particle: 9:
Relays Coordinates:
210.278, 180.018
81.2282, 116.155
Evaluation Time: 1.42596 seconds
Resulting Fitness: 0.497222
-------------
Particle: 10:
Relays Coordinates:
204.895, 169.743
85.6941, 122.756
Evaluation Time: 1.47367 seconds
Resulting Fitness: 0.469444
-------------
Particle: 11:
Relays Coordinates:
197.017, 178.636
68.1694, 111.239
Evaluation Time: 1.4699 seconds
Resulting Fitness: 0.491667
New local best!
-------------
Particle: 12:
Relays Coordinates:
215.356, 154.63
84.4025, 115.467
Evaluation Time: 1.49049 seconds
Resulting Fitness: 0.466667
-------------
Particle: 13:
Relays Coordinates:
225.764, 178.207
87.9535, 119.475
Evaluation Time: 1.45956 seconds
Resulting Fitness: 0.486111
New local best!
-------------
Particle: 14:
Relays Coordinates:
185.098, 180.476
57.4374, 127.48
Evaluation Time: 1.50202 seconds
Resulting Fitness: 0.466667
-------------
Particle: 15:
Relays Coordinates:
215.19, 174.614
76.7617, 109.895
Evaluation Time: 1.46028 seconds
Resulting Fitness: 0.475
New local best!
-------------
Particle: 16:
Relays Coordinates:
197.182, 180.323
80.2688, 116.98
Evaluation Time: 1.44307 seconds
Resulting Fitness: 0.486111
New local best!
-------------
Particle: 17:
Relays Coordinates:
206.396, 193.899
82.666, 109.149
Evaluation Time: 1.47109 seconds
Resulting Fitness: 0.472222
-------------
Particle: 18:
Relays Coordinates:
193.782, 181.745
91.2772, 119.059
Evaluation Time: 1.46236 seconds
Resulting Fitness: 0.466667
-------------
Particle: 19:
Relays Coordinates:
202.754, 182.439
91.5594, 108.319
Evaluation Time: 1.47889 seconds
Resulting Fitness: 0.486111
-------------
Particle: 20:
Relays Coordinates:
204.984, 178.848
84.6735, 119.324
Evaluation Time: 1.43629 seconds
Resulting Fitness: 0.477778
New local best!
Current global best fitness: 0.497222
Current global best relays: 218.65, 189.621
86.64, 124.211
Particle 1 new velocities: 102.767, 106.589
42.4319, 53.0323
Particle 2 new velocities: 59.007, 44.83
-1.28179, 23.4332
Particle 3 new velocities: 143.682, 163.918
64.0823, 80.2713
Particle 4 new velocities: 123.243, 71.6846
39.9375, 57.6411
Particle 5 new velocities: 31.741, 42.2915
21.6724, 17.7404
Particle 6 new velocities: 65.6412, 68.3612
30.3453, 35.6979
Particle 7 new velocities: 30.1275, -2.71038
-1.56466, 2.0698
Particle 8 new velocities: 47.4506, 38.4601
14.1272, 28.569
Particle 9 new velocities: 66.1602, 60.3674
36.8907, 36.7294
Particle 10 new velocities: 69.5414, 92.8753
34.3585, 38.9018
Particle 11 new velocities: 42.9783, 48.3423
18.9246, 27.4326
Particle 12 new velocities: 93.6868, 36.1492
35.3739, 56.48
Particle 13 new velocities: 78.6404, 73.3487
31.8744, 54.4341
Particle 14 new velocities: 118.258, 67.8611
29.1089, 47.3323
Particle 15 new velocities: 100.733, 72.8071
23.9098, 45.035
Particle 16 new velocities: 34.924, 27.5781
14.7064, 26.4076
Particle 17 new velocities: 45.7175, 32.9344
18.7356, 25.891
Particle 18 new velocities: 110.641, 81.5252
32.6588, 54.797
Particle 19 new velocities: 76.7937, 75.578
21.7667, 53.9992
Particle 20 new velocities: 75.5072, 44.3085
23.2393, 35.9846
-- ITERATION 14 --
-------------
Particle: 1:
Relays Coordinates:
210.773, 177.122
83.9103, 114.735
Evaluation Time: 1.45574 seconds
Resulting Fitness: 0.491667
New local best!
-------------
Particle: 2:
Relays Coordinates:
185.739, 175.96
45.4668, 115.14
Evaluation Time: 1.43258 seconds
Resulting Fitness: 0.458333
-------------
Particle: 3:
Relays Coordinates:
195.967, 169.961
66.4325, 102.03
Evaluation Time: 1.4356 seconds
Resulting Fitness: 0.477778
-------------
Particle: 4:
Relays Coordinates:
225.597, 157.951
85.3801, 107.107
Evaluation Time: 1.4712 seconds
Resulting Fitness: 0.469444
-------------
Particle: 5:
Relays Coordinates:
214.303, 198.639
92.62, 124.142
Evaluation Time: 1.51757 seconds
Resulting Fitness: 0.461111
-------------
Particle: 6:
Relays Coordinates:
206.687, 176.044
81.7934, 101.294
Evaluation Time: 1.48634 seconds
Resulting Fitness: 0.472222
-------------
Particle: 7:
Relays Coordinates:
212.592, 177.943
77.9013, 114.389
Evaluation Time: 1.41569 seconds
Resulting Fitness: 0.483333
-------------
Particle: 8:
Relays Coordinates:
206.136, 177.349
82.9194, 114.379
Evaluation Time: 1.46109 seconds
Resulting Fitness: 0.488889
New local best!
-------------
Particle: 9:
Relays Coordinates:
201.524, 175.241
86.1087, 111.453
Evaluation Time: 1.46924 seconds
Resulting Fitness: 0.483333
-------------
Particle: 10:
Relays Coordinates:
200.064, 191.449
87.5183, 117.848
Evaluation Time: 1.48281 seconds
Resulting Fitness: 0.469444
-------------
Particle: 11:
Relays Coordinates:
194.396, 183.852
70.5462, 112.324
Evaluation Time: 1.47468 seconds
Resulting Fitness: 0.483333
-------------
Particle: 12:
Relays Coordinates:
225.292, 139.078
87.317, 125.349
Evaluation Time: 1.50365 seconds
Resulting Fitness: 0.444444
-------------
Particle: 13:
Relays Coordinates:
221.911, 183.384
87.3546, 126.78
Evaluation Time: 1.51646 seconds
Resulting Fitness: 0.483333
-------------
Particle: 14:
Relays Coordinates:
199.032, 162.934
56.7831, 114.694
Evaluation Time: 1.44105 seconds
Resulting Fitness: 0.458333
-------------
Particle: 15:
Relays Coordinates:
207.277, 162.333
66.0506, 101.649
Evaluation Time: 1.48421 seconds
Resulting Fitness: 0.433333
-------------
Particle: 16:
Relays Coordinates:
208.895, 187.111
85.4777, 129.049
Evaluation Time: 1.4978 seconds
Resulting Fitness: 0.461111
-------------
Particle: 17:
Relays Coordinates:
204.212, 183.735
82.1353, 109.383
Evaluation Time: 1.49016 seconds
Resulting Fitness: 0.491667
New local best!
-------------
Particle: 18:
Relays Coordinates:
199.732, 172.731
81.3145, 114.067
Evaluation Time: 1.50433 seconds
Resulting Fitness: 0.475
New local best!
-------------
Particle: 19:
Relays Coordinates:
203.791, 188.095
82.6147, 118.33
Evaluation Time: 1.47 seconds
Resulting Fitness: 0.488889
New local best!
-------------
Particle: 20:
Relays Coordinates:
227.198, 180.757
87.4094, 125.8
Evaluation Time: 1.53811 seconds
Resulting Fitness: 0.466667
Current global best fitness: 0.497222
Current global best relays: 218.65, 189.621
86.64, 124.211
Particle 1 new velocities: 88.7379, 100.075
37.4425, 51.0148
Particle 2 new velocities: 82.5614, 44.9062
51.0877, 37.5068
Particle 3 new velocities: 162.451, 131.729
69.8928, 118.815
Particle 4 new velocities: 107.893, 74.8945
37.5251, 74.7383
Particle 5 new velocities: -2.54357, 24.2689
8.77064, 1.32198
Particle 6 new velocities: 71.9984, 72.1343
38.5259, 30.5122
Particle 7 new velocities: 24.4232, 3.5211
6.32091, 16.3496
Particle 8 new velocities: 51.9067, 37.1845
13.3944, 31.6551
Particle 9 new velocities: 91.8715, 85.747
30.2196, 48.3116
Particle 10 new velocities: 81.4398, 53.9414
26.9904, 35.2621
Particle 11 new velocities: 41.527, 39.7502
17.2874, 27.3546
Particle 12 new velocities: 75.3452, 98.728
24.8324, 24.4145
Particle 13 new velocities: 62.7252, 52.7336
24.9954, 40.3857
Particle 14 new velocities: 96.4963, 86.7444
62.2483, 44.4919
Particle 15 new velocities: 88.8897, 66.1331
49.1966, 39.0235
Particle 16 new velocities: 12.9131, 19.2041
8.85152, 10.2198
Particle 17 new velocities: 51.8855, 33.8097
18.9917, 32.6256
Particle 18 new velocities: 92.3877, 69.9282
27.2991, 45.2145
Particle 19 new velocities: 73.5655, 61.3582
22.3786, 43.7937
Particle 20 new velocities: 56.5491, 39.6858
17.553, 21.9154
-- ITERATION 15 --
-------------
Particle: 1:
Relays Coordinates:
218.344, 202.077
88.4662, 120.832
Evaluation Time: 1.53966 seconds
Resulting Fitness: 0.463889
-------------
Particle: 2:
Relays Coordinates:
217.323, 178.902
78.2092, 123.644
Evaluation Time: 1.54539 seconds
Resulting Fitness: 0.475
-------------
Particle: 3:
Relays Coordinates:
211.642, 178.145
80.4987, 130.407
Evaluation Time: 1.59587 seconds
Resulting Fitness: 0.455556
-------------
Particle: 4:
Relays Coordinates:
218.803, 152.77
80.6381, 119.308
Evaluation Time: 1.53634 seconds
Resulting Fitness: 0.463889
-------------
Particle: 5:
Relays Coordinates:
190.584, 200.617
91.2516, 112.918
Evaluation Time: 1.46439 seconds
Resulting Fitness: 0.475
-------------
Particle: 6:
Relays Coordinates:
203.161, 180.922
87.7127, 96.087
Evaluation Time: 1.45866 seconds
Resulting Fitness: 0.469444
-------------
Particle: 7:
Relays Coordinates:
213.314, 163.318
75.8, 117.665
Evaluation Time: 1.46716 seconds
Resulting Fitness: 0.472222
-------------
Particle: 8:
Relays Coordinates:
209.015, 173.772
78.0142, 118.288
Evaluation Time: 1.46774 seconds
Resulting Fitness: 0.472222
-------------
Particle: 9:
Relays Coordinates:
213.885, 190.26
84.8034, 116.468
Evaluation Time: 1.44486 seconds
Resulting Fitness: 0.477778
-------------
Particle: 10:
Relays Coordinates:
228.018, 198.766
92.7521, 124.019
Evaluation Time: 1.56048 seconds
Resulting Fitness: 0.461111
-------------
Particle: 11:
Relays Coordinates:
212.331, 201.242
79.0502, 125.711
Evaluation Time: 1.4396 seconds
Resulting Fitness: 0.466667
-------------
Particle: 12:
Relays Coordinates:
219.164, 173.361
81.7569, 109.178
Evaluation Time: 1.55468 seconds
Resulting Fitness: 0.486111
New local best!
-------------
Particle: 13:
Relays Coordinates:
207.5, 172.13
81.9031, 121.864
Evaluation Time: 1.46641 seconds
Resulting Fitness: 0.480556
-------------
Particle: 14:
Relays Coordinates:
215.44, 182.015
86.7739, 116.047
Evaluation Time: 1.45149 seconds
Resulting Fitness: 0.491667
New local best!
-------------
Particle: 15:
Relays Coordinates:
215.906, 166.552
84.0152, 102.551
Evaluation Time: 1.46693 seconds
Resulting Fitness: 0.466667
-------------
Particle: 16:
Relays Coordinates:
199.627, 185.684
84.8963, 125.342
Evaluation Time: 1.51894 seconds
Resulting Fitness: 0.486111
-------------
Particle: 17:
Relays Coordinates:
207.439, 176.212
81.9128, 115.027
Evaluation Time: 1.43215 seconds
Resulting Fitness: 0.475
-------------
Particle: 18:
Relays Coordinates:
212.955, 176.899
79.1793, 116.116
Evaluation Time: 1.39881 seconds
Resulting Fitness: 0.491667
New local best!
-------------
Particle: 19:
Relays Coordinates:
202.193, 181.851
76.5401, 118.188
Evaluation Time: 1.44143 seconds
Resulting Fitness: 0.491667
New local best!
-------------
Particle: 20:
Relays Coordinates:
206.852, 160.703
76.5176, 107.685
Evaluation Time: 1.46908 seconds
Resulting Fitness: 0.452778
Current global best fitness: 0.497222
Current global best relays: 218.65, 189.621
86.64, 124.211
Particle 1 new velocities: 68.6888, 74.3047
26.2505, 40.4795
Particle 2 new velocities: 60.3632, 47.4633
27.7469, 27.1233
Particle 3 new velocities: 132.746, 95.8049
58.1947, 91.2053
Particle 4 new velocities: 95.5518, 86.3051
44.3619, 60.9367
Particle 5 new velocities: 34.5762, 1.50898
1.95679, 8.25596
Particle 6 new velocities: 74.0396, 65.4292
29.9795, 61.3494
Particle 7 new velocities: 20.328, 32.2034
18.6776, 20.3979
Particle 8 new velocities: 40.143, 34.4546
19.0843, 23.5814
Particle 9 new velocities: 82.0155, 67.124
26.3487, 46.9437
Particle 10 new velocities: 59.5089, 6.53396
13.5311, 19.8071
Particle 11 new velocities: 25.0005, 4.71655
19.2462, 13.9777
Particle 12 new velocities: 60.095, 92.5749
20.0942, 25.9254
Particle 13 new velocities: 53.3019, 51.8589
25.8702, 31.4246
Particle 14 new velocities: 77.9638, 73.4258
49.6997, 40.2343
Particle 15 new velocities: 74.3861, 73.3589
30.6692, 62.5698
Particle 16 new velocities: 19.4137, 14.7195
0.187135, -4.11538
Particle 17 new velocities: 47.1848, 53.287
19.1316, 22.9677
Particle 18 new velocities: 80.6207, 66.7318
24.2611, 42.9879
Particle 19 new velocities: 77.0858, 55.2111
24.5146, 40.7685
Particle 20 new velocities: 43.813, 58.9443
22.5052, 51.8282
-- ITERATION 16 --
-------------
Particle: 1:
Relays Coordinates:
209.247, 201.482
83.6285, 117.596
Evaluation Time: 1.47043 seconds
Resulting Fitness: 0.475
-------------
Particle: 2:
Relays Coordinates:
224.926, 183.356
85.8244, 122.122
Evaluation Time: 1.4844 seconds
Resulting Fitness: 0.480556
-------------
Particle: 3:
Relays Coordinates:
203.358, 161.765
81.8971, 130.86
Evaluation Time: 1.51181 seconds
Resulting Fitness: 0.402778
-------------
Particle: 4:
Relays Coordinates:
206.248, 156.857
82.0125, 118.259
Evaluation Time: 1.39601 seconds
Resulting Fitness: 0.45
-------------
Particle: 5:
Relays Coordinates:
225.16, 202.126
93.2084, 121.174
Evaluation Time: 1.46705 seconds
Resulting Fitness: 0.45
-------------
Particle: 6:
Relays Coordinates:
202.079, 179.59
85.7976, 114.771
Evaluation Time: 1.43004 seconds
Resulting Fitness: 0.475
-------------
Particle: 7:
Relays Coordinates:
210.278, 175.969
85.0298, 124.257
Evaluation Time: 1.42548 seconds
Resulting Fitness: 0.472222
-------------
Particle: 8:
Relays Coordinates:
224.242, 187.404
87.3887, 127.682
Evaluation Time: 1.59544 seconds
Resulting Fitness: 0.466667
-------------
Particle: 9:
Relays Coordinates:
215.712, 187.633
81.0298, 119.127
Evaluation Time: 1.49832 seconds
Resulting Fitness: 0.475
-------------
Particle: 10:
Relays Coordinates:
209.607, 149.664
77.4805, 104.849
Evaluation Time: 1.40969 seconds
Resulting Fitness: 0.438889
-------------
Particle: 11:
Relays Coordinates:
213.598, 185.363
88.4667, 125.72
Evaluation Time: 1.53965 seconds
Resulting Fitness: 0.488889
-------------
Particle: 12:
Relays Coordinates:
183.222, 174.48
66.8246, 88.6413
Evaluation Time: 1.48316 seconds
Resulting Fitness: 0.463889
-------------
Particle: 13:
Relays Coordinates:
211.249, 181.431
87.2963, 124.164
Evaluation Time: 1.48997 seconds
Resulting Fitness: 0.483333
-------------
Particle: 14:
Relays Coordinates:
213.891, 186.217
99.4892, 113.929
Evaluation Time: 1.51118 seconds
Resulting Fitness: 0.475
-------------
Particle: 15:
Relays Coordinates:
211.623, 174.895
83.605, 120.373
Evaluation Time: 1.46138 seconds
Resulting Fitness: 0.469444
-------------
Particle: 16:
Relays Coordinates:
197.137, 180.363
76.5751, 109.104
Evaluation Time: 1.50997 seconds
Resulting Fitness: 0.483333
-------------
Particle: 17:
Relays Coordinates:
206.245, 185.894
81.846, 111.775
Evaluation Time: 1.4779 seconds
Resulting Fitness: 0.483333
-------------
Particle: 18:
Relays Coordinates:
214.017, 177.607
75.4081, 115.987
Evaluation Time: 1.44903 seconds
Resulting Fitness: 0.480556
-------------
Particle: 19:
Relays Coordinates:
203.594, 172.818
73.6688, 115.88
Evaluation Time: 1.44977 seconds
Resulting Fitness: 0.488889
-------------
Particle: 20:
Relays Coordinates:
203.038, 177.914
80.2085, 129.205
Evaluation Time: 1.45507 seconds
Resulting Fitness: 0.475
Current global best fitness: 0.497222
Current global best relays: 218.65, 189.621
86.64, 124.211
Particle 1 new velocities: 63.7828, 35.4251
24.5052, 30.1999
Particle 2 new velocities: 9.13502, 42.6492
17.8246, 23.0495
Particle 3 new velocities: 119.826, 97.3774
35.2459, 66.3296
Particle 4 new velocities: 116.509, 90.0636
47.907, 49.1808
Particle 5 new velocities: 17.2981, -15.3591
-8.01705, -0.163098
Particle 6 new velocities: 79.464, 59.1866
26.3435, 51.6036
Particle 7 new velocities: 22.7451, 32.8533
13.5892, 7.14853
Particle 8 new velocities: 4.40264, 15.8503
11.6979, 1.71809
Particle 9 new velocities: 70.3521, 56.2641
34.9387, 47.019
Particle 10 new velocities: 48.1118, 86.3373
26.9991, 27.4569
Particle 11 new velocities: 22.1489, 1.33566
-20.0894, -0.320758
Particle 12 new velocities: 77.4425, 82.6034
45.7877, 30.8081
Particle 13 new velocities: 62.2891, 42.4642
20.2261, 22.8008
Particle 14 new velocities: 65.5639, 59.9865
4.26004, 35.6266
Particle 15 new velocities: 66.5183, 60.4782
19.7343, 46.1738
Particle 16 new velocities: 29.7434, 15.7117
8.45021, 8.8496
Particle 17 new velocities: 37.6679, 45.9444
19.2441, 23.74
Particle 18 new velocities: 68.9695, 55.1039
35.2843, 44.4027
Particle 19 new velocities: 69.9101, 67.6866
30.6326, 34.9776
Particle 20 new velocities: 50.9854, 56.1482
26.304, 34.8214
-- ITERATION 17 --
-------------
Particle: 1:
Relays Coordinates:
221.154, 191.895
87.5882, 119.715
Evaluation Time: 1.48835 seconds
Resulting Fitness: 0.491667
-------------
Particle: 2:
Relays Coordinates:
189.589, 183.064
83.9557, 117.589
Evaluation Time: 1.42622 seconds
Resulting Fitness: 0.483333
-------------
Particle: 3:
Relays Coordinates:
212.041, 170.023
76.8575, 129.376
Evaluation Time: 1.48467 seconds
Resulting Fitness: 0.480556
-------------
Particle: 4:
Relays Coordinates:
235.29, 180.005
94.7113, 122.063
Evaluation Time: 1.49046 seconds
Resulting Fitness: 0.452778
-------------
Particle: 5:
Relays Coordinates:
218.212, 168.091
76.6722, 108.91
Evaluation Time: 1.59889 seconds
Resulting Fitness: 0.472222
-------------
Particle: 6:
Relays Coordinates:
205.245, 174.068
81.7509, 121.287
Evaluation Time: 1.47441 seconds
Resulting Fitness: 0.488889
-------------
Particle: 7:
Relays Coordinates:
209.72, 187.94
88.7571, 118.265
Evaluation Time: 1.51374 seconds
Resulting Fitness: 0.494444
New local best!
-------------
Particle: 8:
Relays Coordinates:
205.78, 182.929
89.1779, 116.46
Evaluation Time: 1.44645 seconds
Resulting Fitness: 0.488889
-------------
Particle: 9:
Relays Coordinates:
208.54, 177.801
84.5411, 121.121
Evaluation Time: 1.49775 seconds
Resulting Fitness: 0.483333
-------------
Particle: 10:
Relays Coordinates:
208.752, 191.161
84.6284, 107.168
Evaluation Time: 1.48953 seconds
Resulting Fitness: 0.488889
-------------
Particle: 11:
Relays Coordinates:
190.955, 151.226
55.3856, 101.573
Evaluation Time: 1.40788 seconds
Resulting Fitness: 0.447222
-------------
Particle: 12:
Relays Coordinates:
190.025, 187.414
82.0943, 87.0786
Evaluation Time: 1.40218 seconds
Resulting Fitness: 0.441667
-------------
Particle: 13:
Relays Coordinates:
221.566, 181.355
87.0932, 119.041
Evaluation Time: 1.43289 seconds
Resulting Fitness: 0.475
-------------
Particle: 14:
Relays Coordinates:
203.723, 179.482
75.6332, 109.026
Evaluation Time: 1.57578 seconds
Resulting Fitness: 0.494444
New local best!
-------------
Particle: 15:
Relays Coordinates:
202.765, 171.587
75.3343, 121.412
Evaluation Time: 1.45687 seconds
Resulting Fitness: 0.477778
New local best!
-------------
Particle: 16:
Relays Coordinates:
204.192, 176.467
76.5228, 106.158
Evaluation Time: 1.42578 seconds
Resulting Fitness: 0.475
-------------
Particle: 17:
Relays Coordinates:
197.57, 187.789
81.883, 109.768
Evaluation Time: 1.5801 seconds
Resulting Fitness: 0.475
-------------
Particle: 18:
Relays Coordinates:
206.297, 169.646
80.6948, 116.924
Evaluation Time: 1.44202 seconds
Resulting Fitness: 0.469444
-------------
Particle: 19:
Relays Coordinates:
199.384, 175.328
76.0357, 109.975
Evaluation Time: 1.52517 seconds
Resulting Fitness: 0.491667
-------------
Particle: 20:
Relays Coordinates:
185.183, 170.631
77.6476, 119.576
Evaluation Time: 1.49641 seconds
Resulting Fitness: 0.469444
Current global best fitness: 0.497222
Current global best relays: 218.65, 189.621
86.64, 124.211
Particle 1 new velocities: 38.1272, 6.7588
13.2278, 29.182
Particle 2 new velocities: 54.3442, 39.0623
11.021, 25.9587
Particle 3 new velocities: 96.7045, 83.2704
28.2261, 51.6033
Particle 4 new velocities: 83.0452, 50.0295
36.2726, 30.3446
Particle 5 new velocities: -4.0824, -6.14608
5.39081, 18.3944
Particle 6 new velocities: 80.0833, 58.4481
37.472, 39.7196
Particle 7 new velocities: 24.452, 27.2067
9.01634, 11.722
Particle 8 new velocities: 11.0573, 15.5105
5.09304, 2.46351
Particle 9 new velocities: 68.5953, 51.8858
28.9837, 41.5532
Particle 10 new velocities: 50.812, 51.1341
24.5969, 41.712
Particle 11 new velocities: 23.2571, 67.2983
22.0218, 15.4424
Particle 12 new velocities: 96.8944, 48.0557
40.3316, 42.8353
Particle 13 new velocities: 51.3437, 32.7967
16.2091, 24.5965
Particle 14 new velocities: 58.7334, 59.0388
10.8594, 41.6123
Particle 15 new velocities: 71.2302, 50.4065
24.7346, 37.4866
Particle 16 new velocities: 34.3543, 22.0314
13.5156, 31.6831
Particle 17 new velocities: 37.1043, 31.4658
18.1439, 19.8041
Particle 18 new velocities: 68.0659, 63.4429
32.4721, 39.4277
Particle 19 new velocities: 69.2451, 61.4822
31.918, 45.1353
Particle 20 new velocities: 82.7444, 77.9904
27.2928, 32.262
-- ITERATION 18 --
-------------
Particle: 1:
Relays Coordinates:
210.018, 160.909
81.661, 120.606
Evaluation Time: 1.47905 seconds
Resulting Fitness: 0.45
-------------
Particle: 2:
Relays Coordinates:
219.54, 199.914
85.4791, 129.193
Evaluation Time: 1.57333 seconds
Resulting Fitness: 0.441667
-------------
Particle: 3:
Relays Coordinates:
202.568, 166.186
68.9454, 118.74
Evaluation Time: 1.48244 seconds
Resulting Fitness: 0.466667
-------------
Particle: 4:
Relays Coordinates:
232.066, 167.695
95.4873, 111.105
Evaluation Time: 1.54568 seconds
Resulting Fitness: 0.477778
-------------
Particle: 5:
Relays Coordinates:
214.13, 161.945
82.063, 127.304
Evaluation Time: 1.54524 seconds
Resulting Fitness: 0.452778
-------------
Particle: 6:
Relays Coordinates:
208.004, 169.504
86.9135, 117.374
Evaluation Time: 1.50403 seconds
Resulting Fitness: 0.469444
-------------
Particle: 7:
Relays Coordinates:
210.755, 193.632
87.9961, 116.988
Evaluation Time: 1.45041 seconds
Resulting Fitness: 0.483333
-------------
Particle: 8:
Relays Coordinates:
216.838, 198.439
94.2709, 118.924
Evaluation Time: 1.43516 seconds
Resulting Fitness: 0.472222
-------------
Particle: 9:
Relays Coordinates:
202.032, 167.442
82.7596, 118.589
Evaluation Time: 1.46986 seconds
Resulting Fitness: 0.466667
-------------
Particle: 10:
Relays Coordinates:
210.247, 196.259
88.4725, 120.593
Evaluation Time: 1.41253 seconds
Resulting Fitness: 0.472222
-------------
Particle: 11:
Relays Coordinates:
192.791, 196.672
69.6667, 105.314
Evaluation Time: 1.53119 seconds
Resulting Fitness: 0.458333
-------------
Particle: 12:
Relays Coordinates:
209.164, 171.657
89.2485, 94.7072
Evaluation Time: 1.47892 seconds
Resulting Fitness: 0.452778
-------------
Particle: 13:
Relays Coordinates:
221.057, 173.463
83.6748, 116.347
Evaluation Time: 1.42958 seconds
Resulting Fitness: 0.475
-------------
Particle: 14:
Relays Coordinates:
191.331, 173.882
63.0531, 109.815
Evaluation Time: 1.51692 seconds
Resulting Fitness: 0.483333
-------------
Particle: 15:
Relays Coordinates:
221.936, 179.815
81.0558, 128.708
Evaluation Time: 1.47356 seconds
Resulting Fitness: 0.45
-------------
Particle: 16:
Relays Coordinates:
214.692, 178.649
81.0345, 124.057
Evaluation Time: 1.46266 seconds
Resulting Fitness: 0.486111
-------------
Particle: 17:
Relays Coordinates:
211.207, 197.329
90.0242, 116.614
Evaluation Time: 1.45166 seconds
Resulting Fitness: 0.463889
-------------
Particle: 18:
Relays Coordinates:
200.011, 169.922
82.4986, 113.98
Evaluation Time: 1.47417 seconds
Resulting Fitness: 0.486111
-------------
Particle: 19:
Relays Coordinates:
217.59, 191.816
87.4425, 125.639
Evaluation Time: 1.49748 seconds
Resulting Fitness: 0.488889
-------------
Particle: 20:
Relays Coordinates:
217.021, 201.384
85.0017, 122.988
Evaluation Time: 1.4816 seconds
Resulting Fitness: 0.466667
Current global best fitness: 0.497222
Current global best relays: 218.65, 189.621
86.64, 124.211
Particle 1 new velocities: 38.9034, 38.5527
16.3214, 23.7276
Particle 2 new velocities: 33.9179, 17.4767
-22.1644, 13.3509
Particle 3 new velocities: 84.4706, 83.9085
29.5331, 58.6021
Particle 4 new velocities: 54.1723, 52.8986
29.6521, 29.7753
Particle 5 new velocities: -13.339, 10.4076
10.3743, 12.7862
Particle 6 new velocities: 82.6153, 78.3762
33.3116, 27.03
Particle 7 new velocities: 27.7955, 15.5375
6.97947, 14.8879
Particle 8 new velocities: 5.87219, -29.8853
-17.7091, -2.75899
Particle 9 new velocities: 97.4961, 97.2964
29.9005, 45.3518
Particle 10 new velocities: 47.7158, 14.5782
15.9325, 20.6544
Particle 11 new velocities: 36.6919, 38.3058
20.5552, 33.8901
Particle 12 new velocities: 85.0835, 47.2588
21.4679, 50.3854
Particle 13 new velocities: 40.2072, 40.7076
17.5828, 27.4479
Particle 14 new velocities: 72.0269, 62.7338
24.0051, 40.1958
Particle 15 new velocities: 48.8244, 41.1629
14.5258, 25.6211
Particle 16 new velocities: 18.406, 21.2237
13.3881, 20.5686
Particle 17 new velocities: 24.9227, 16.9307
3.23411, 22.1368
Particle 18 new velocities: 72.2438, 53.9324
28.63, 34.0794
Particle 19 new velocities: 32.0739, 46.4379
17.7201, 33.7321
Particle 20 new velocities: 58.3337, 41.2236
22.2602, 20.1841
-- ITERATION 19 --
-------------
Particle: 1:
Relays Coordinates:
201.626, 161.564
79.3658, 116.911
Evaluation Time: 1.49112 seconds
Resulting Fitness: 0.458333
-------------
Particle: 2:
Relays Coordinates:
184.771, 158.477
46.1564, 103.914
Evaluation Time: 1.46287 seconds
Resulting Fitness: 0.458333
-------------
Particle: 3:
Relays Coordinates:
209.251, 182.319
71.7908, 129.283
Evaluation Time: 1.48265 seconds
Resulting Fitness: 0.480556
-------------
Particle: 4:
Relays Coordinates:
231.853, 178.681
101.363, 114.113
Evaluation Time: 1.52814 seconds
Resulting Fitness: 0.461111
-------------
Particle: 5:
Relays Coordinates:
180.712, 155.117
83.1936, 126.081
Evaluation Time: 1.51877 seconds
Resulting Fitness: 0.436111
-------------
Particle: 6:
Relays Coordinates:
211.862, 180.705
87.6441, 105.27
Evaluation Time: 1.46031 seconds
Resulting Fitness: 0.483333
-------------
Particle: 7:
Relays Coordinates:
214.696, 188.253
85.478, 118.688
Evaluation Time: 1.45538 seconds
Resulting Fitness: 0.497222
New local best!
-------------
Particle: 8:
Relays Coordinates:
200.439, 151.698
68.9057, 104.548
Evaluation Time: 1.46208 seconds
Resulting Fitness: 0.447222
-------------
Particle: 9:
Relays Coordinates:
218.356, 192.994
82.1292, 119.513
Evaluation Time: 1.51862 seconds
Resulting Fitness: 0.472222
-------------
Particle: 10:
Relays Coordinates:
208.95, 170.778
84.568, 114.41
Evaluation Time: 1.42385 seconds
Resulting Fitness: 0.475
-------------
Particle: 11:
Relays Coordinates:
206.535, 211.48
81.1997, 125.284
Evaluation Time: 1.46799 seconds
Resulting Fitness: 0.469444
-------------
Particle: 12:
Relays Coordinates:
214.506, 159.59
80.7122, 105.773
Evaluation Time: 1.42848 seconds
Resulting Fitness: 0.463889
-------------
Particle: 13:
Relays Coordinates:
211.624, 173.478
82.0187, 116.473
Evaluation Time: 1.38985 seconds
Resulting Fitness: 0.466667
-------------
Particle: 14:
Relays Coordinates:
191.988, 172.493
63.4655, 109.358
Evaluation Time: 1.42005 seconds
Resulting Fitness: 0.477778
-------------
Particle: 15:
Relays Coordinates:
219.316, 178.992
77.4212, 125.007
Evaluation Time: 1.56125 seconds
Resulting Fitness: 0.480556
New local best!
-------------
Particle: 16:
Relays Coordinates:
188.809, 161.897
76.4823, 117.147
Evaluation Time: 1.41752 seconds
Resulting Fitness: 0.461111
-------------
Particle: 17:
Relays Coordinates:
212.516, 192.834
83.9325, 124.876
Evaluation Time: 1.45773 seconds
Resulting Fitness: 0.480556
-------------
Particle: 18:
Relays Coordinates:
220.526, 181.322
90.0142, 119.928
Evaluation Time: 1.49403 seconds
Resulting Fitness: 0.488889
-------------
Particle: 19:
Relays Coordinates:
202.228, 192.986
85.1817, 129.091
Evaluation Time: 1.50231 seconds
Resulting Fitness: 0.444444
-------------
Particle: 20:
Relays Coordinates:
200.734, 176.861
78.194, 104.373
Evaluation Time: 1.45887 seconds
Resulting Fitness: 0.488889
New local best!
Current global best fitness: 0.497222
Current global best relays: 218.65, 189.621
86.64, 124.211
Particle 1 new velocities: 64.8337, 68.653
22.2914, 22.682
Particle 2 new velocities: 55.9067, 53.6888
-0.514764, 50.8729
Particle 3 new velocities: 77.0617, 69.643
14.7387, 43.5612
Particle 4 new velocities: 37.3459, 47.0248
8.33921, 26.914
Particle 5 new velocities: 33.7755, 35.7698
9.72222, 8.65491
Particle 6 new velocities: 77.1053, 66.2223
28.782, 30.0112
Particle 7 new velocities: 25.6628, 12.9259
5.59992, 16.8147
Particle 8 new velocities: 31.6097, 28.1682
2.77153, 6.94913
Particle 9 new velocities: 78.4466, 76.0346
31.1908, 49.5116
Particle 10 new velocities: 39.9079, 27.4926
17.0027, 22.2604
Particle 11 new velocities: 26.8485, -11.4311
2.72651, 25.3057
Particle 12 new velocities: 76.5346, 63.347
23.3455, 67.6227
Particle 13 new velocities: 42.2127, 49.3692
20.6786, 27.5632
Particle 14 new velocities: 95.212, 56.5739
36.2432, 32.4177
Particle 15 new velocities: 38.3301, 39.7192
15.9631, 20.0185
Particle 16 new velocities: 32.0248, 51.6873
27.9525, 23.0952
Particle 17 new velocities: 9.47213, 11.1185
4.86499, 14.3072
Particle 18 new velocities: 53.7434, 42.4631
10.3105, 30.0915
Particle 19 new velocities: 35.6723, 15.8872
14.0757, 5.0282
Particle 20 new velocities: 64.5934, 37.6364
26.7667, 27.9067
-- ITERATION 20 --
-------------
Particle: 1:
Relays Coordinates:
215.832, 186.476
82.3423, 113.07
Evaluation Time: 1.46618 seconds
Resulting Fitness: 0.488889
-------------
Particle: 2:
Relays Coordinates:
175.454, 154.669
33.2727, 112.84
Evaluation Time: 1.44261 seconds
Resulting Fitness: 0.430556
-------------
Particle: 3:
Relays Coordinates:
187.85, 165.312
56.772, 113.403
Evaluation Time: 1.49756 seconds
Resulting Fitness: 0.472222
-------------
Particle: 4:
Relays Coordinates:
218.051, 182.822
88.8587, 114.232
Evaluation Time: 1.42517 seconds
Resulting Fitness: 0.497222
New local best!
-------------
Particle: 5:
Relays Coordinates:
193.039, 171.798
83.6242, 121.262
Evaluation Time: 1.47978 seconds
Resulting Fitness: 0.466667
-------------
Particle: 6:
Relays Coordinates:
210.657, 180.01
84.8746, 98.6203
Evaluation Time: 1.48133 seconds
Resulting Fitness: 0.491667
New local best!
-------------
Particle: 7:
Relays Coordinates:
216.323, 181.061
81.9701, 121.953
Evaluation Time: 1.44089 seconds
Resulting Fitness: 0.497222
-------------
Particle: 8:
Relays Coordinates:
187.959, 145.692
58.0585, 90.3131
Evaluation Time: 1.45012 seconds
Resulting Fitness: 0.441667
-------------
Particle: 9:
Relays Coordinates:
216.369, 196.122
82.6103, 123.219
Evaluation Time: 1.43618 seconds
Resulting Fitness: 0.469444
-------------
Particle: 10:
Relays Coordinates:
223.972, 178.444
91.4136, 123.004
Evaluation Time: 1.49035 seconds
Resulting Fitness: 0.466667
-------------
Particle: 11:
Relays Coordinates:
189.04, 162.039
67.9802, 121.977
Evaluation Time: 1.42694 seconds
Resulting Fitness: 0.463889
-------------
Particle: 12:
Relays Coordinates:
212.169, 162.521
75.8581, 126.405
Evaluation Time: 1.4752 seconds
Resulting Fitness: 0.463889
-------------
Particle: 13:
Relays Coordinates:
205.608, 180.506
83.1848, 116.67
Evaluation Time: 1.48708 seconds
Resulting Fitness: 0.488889
New local best!
-------------
Particle: 14:
Relays Coordinates:
209.369, 166.99
72.6876, 103.355
Evaluation Time: 1.43543 seconds
Resulting Fitness: 0.475
-------------
Particle: 15:
Relays Coordinates:
208.693, 177.156
75.6412, 117.47
Evaluation Time: 1.44571 seconds
Resulting Fitness: 0.483333
New local best!
-------------
Particle: 16:
Relays Coordinates:
178.876, 173.003
84.5922, 113.596
Evaluation Time: 1.43181 seconds
Resulting Fitness: 0.447222
-------------
Particle: 17:
Relays Coordinates:
199.79, 183.557
79.9178, 125.265
Evaluation Time: 1.46621 seconds
Resulting Fitness: 0.486111
-------------
Particle: 18:
Relays Coordinates:
222.158, 181.266
81.263, 121.516
Evaluation Time: 1.51395 seconds
Resulting Fitness: 0.480556
-------------
Particle: 19:
Relays Coordinates:
214.11, 187.986
89.3317, 120.707
Evaluation Time: 1.46055 seconds
Resulting Fitness: 0.488889
-------------
Particle: 20:
Relays Coordinates:
214.915, 173.743
85.0182, 107.146
Evaluation Time: 1.46858 seconds
Resulting Fitness: 0.475
Final Evaluation Time: 602.611 seconds
Final global best fitness: 0.497222
Final global best relays:
218.65, 189.621
86.64, 124.211
