ITERATION: 0
new best fitness: 0.563889
ITERATION: 1
new best fitness: 0.644444
ITERATION: 3
new best fitness: 0.725
ITERATION: 8
new best fitness: 0.733333
ITERATION: 27
new best fitness: 0.75
ITERATION: 28
new best fitness: 0.758333
ITERATION: 48
new best fitness: 0.761111
ITERATION: 103
new best fitness: 0.8
Final Evaluation Time: 791.719 seconds
Final global best fitness: 0.8
Final global best relays:
188.585, 364.221
371.102, 255.978
144.809, 243.384
135.206, 45.5003
311.202, 299.852
173.991, 174.3
