ITERATION: 0
new best fitness: 0.2
ITERATION: 1
new best fitness: 0.233333
ITERATION: 2
new best fitness: 0.252778
ITERATION: 9
new best fitness: 0.3
ITERATION: 18
new best fitness: 0.302778
ITERATION: 31
new best fitness: 0.308333
ITERATION: 34
new best fitness: 0.319444
ITERATION: 53
new best fitness: 0.322222
ITERATION: 79
new best fitness: 0.330556
ITERATION: 101
new best fitness: 0.336111
ITERATION: 108
new best fitness: 0.338889
ITERATION: 122
new best fitness: 0.355556
Final Evaluation Time: 481.429 seconds
Final global best fitness: 0.355556
Final global best relays:
166.793, 181.171
83.3136, 126.705
