PSO EXECUTION
============================
Seed: 38032146
Particles: 20
Relays: 2
Iterations: 20
Backend: Simulation
Network Configuration: 1
Area: 500 x 500
Sink: 0, 0
Simulated Relay range: 155
w: 0.8
c1: 1.7
c2: 1.3

Relay Nodes Positions: 
PARTICLE 1: 
15.44, 40.7457
155.453, 26.467
PARTICLE 2: 
5.06979, 96.2523
74.5045, 53.5955
PARTICLE 3: 
113.33, 99.7298
257.246, 73.7608
PARTICLE 4: 
47.455, 129.94
144.567, 78.082
PARTICLE 5: 
102.619, 66.0596
147.044, 158.789
PARTICLE 6: 
27.3249, 138.683
56.5402, 32.1132
PARTICLE 7: 
176.221, 68.0124
61.8273, 128.877
PARTICLE 8: 
21.295, 155.715
74.9765, 25.4902
PARTICLE 9: 
93.9458, 3.89902
36.5466, 55.7847
PARTICLE 10: 
22.8497, 111.683
13.9843, 176.188
PARTICLE 11: 
150.28, 105.524
52.832, 20.4356
PARTICLE 12: 
97.4278, 97.4531
19.3447, 51.0254
PARTICLE 13: 
10.1514, 128.991
10.954, 69.9422
PARTICLE 14: 
142.822, 0.378449
226.013, 43.0155
PARTICLE 15: 
101.778, 88.9002
166.099, 223.222
PARTICLE 16: 
66.8994, 125.502
9.92337, 247.545
PARTICLE 17: 
135.613, 4.59655
132.187, 1.60335
PARTICLE 18: 
29.2746, 6.64515
22.534, 13.8721
PARTICLE 19: 
50.2653, 250.735
69.561, 123.085
PARTICLE 20: 
33.2146, 57.7218
138.245, 64.7284
Nodes Positions: 
212.828, 222.84
107.363, 153.193
475.283, 68.5636
401.713, 141.699
170.663, 436.535
138.044, 247.146
388.31, 471.686
366.365, 180.139
299.176, 330.097
199.066, 462.497
328.449, 236.039
189.337, 369.215
92.8593, 51.5685
442.629, 124.61
393.852, 478.595
411.305, 382.928
124.667, 58.9531
60.5114, 279.597
47.1227, 491.819
216.776, 484.162
276.369, 78.9104
465.459, 216.409
22.2418, 195.582
487.586, 324.483
203.361, 413.515
454.297, 187.375
322.907, 25.0791
419.439, 16.1993
127.638, 453.108
116.187, 133.31
228.151, 286.784
27.5189, 2.77928
256.876, 295.217
153.965, 337.978
50.0003, 233.236
429.262, 346.488
354.528, 265.833
310.496, 169.881
337, 267.443
381.089, 307.598
258.755, 49.8207
494.287, 87.1463
1.07688, 422.19
373.712, 441.895
88.4086, 96.3657
159.56, 116.463
74.4156, 104.167
439.615, 159.016
176.244, 313.476
307.361, 396.727
468.599, 430.93
343.218, 133.728
245.337, 407.473
77.6845, 41.222
149.57, 387.698
234.896, 366.006
9.83831, 22.8835
274.219, 258.131
284.825, 204.411
33.6105, 352.91
All particles start with velocity zero
-- ITERATION 0 --
-------------
Particle: 1:
Relays Coordinates:
15.44, 40.7457
155.453, 26.467
Evaluation Time: 1.1154 seconds
Resulting Fitness: 0.219444
New local best!
New global best!
-------------
Particle: 2:
Relays Coordinates:
5.06979, 96.2523
74.5045, 53.5955
Evaluation Time: 1.02936 seconds
Resulting Fitness: 0.2
New local best!
-------------
Particle: 3:
Relays Coordinates:
113.33, 99.7298
257.246, 73.7608
Evaluation Time: 1.2771 seconds
Resulting Fitness: 0.336111
New local best!
New global best!
-------------
Particle: 4:
Relays Coordinates:
47.455, 129.94
144.567, 78.082
Evaluation Time: 1.11933 seconds
Resulting Fitness: 0.277778
New local best!
-------------
Particle: 5:
Relays Coordinates:
102.619, 66.0596
147.044, 158.789
Evaluation Time: 1.26874 seconds
Resulting Fitness: 0.347222
New local best!
New global best!
-------------
Particle: 6:
Relays Coordinates:
27.3249, 138.683
56.5402, 32.1132
Evaluation Time: 1.11067 seconds
Resulting Fitness: 0.230556
New local best!
-------------
Particle: 7:
Relays Coordinates:
176.221, 68.0124
61.8273, 128.877
Evaluation Time: 1.15634 seconds
Resulting Fitness: 0.283333
New local best!
-------------
Particle: 8:
Relays Coordinates:
21.295, 155.715
74.9765, 25.4902
Evaluation Time: 1.08266 seconds
Resulting Fitness: 0.233333
New local best!
-------------
Particle: 9:
Relays Coordinates:
93.9458, 3.89902
36.5466, 55.7847
Evaluation Time: 1.04137 seconds
Resulting Fitness: 0.183333
New local best!
-------------
Particle: 10:
Relays Coordinates:
22.8497, 111.683
13.9843, 176.188
Evaluation Time: 1.06 seconds
Resulting Fitness: 0.233333
New local best!
-------------
Particle: 11:
Relays Coordinates:
150.28, 105.524
52.832, 20.4356
Evaluation Time: 1.14732 seconds
Resulting Fitness: 0.258333
New local best!
-------------
Particle: 12:
Relays Coordinates:
97.4278, 97.4531
19.3447, 51.0254
Evaluation Time: 1.11617 seconds
Resulting Fitness: 0.213889
New local best!
-------------
Particle: 13:
Relays Coordinates:
10.1514, 128.991
10.954, 69.9422
Evaluation Time: 1.04989 seconds
Resulting Fitness: 0.213889
New local best!
-------------
Particle: 14:
Relays Coordinates:
142.822, 0.378449
226.013, 43.0155
Evaluation Time: 1.13612 seconds
Resulting Fitness: 0.25
New local best!
-------------
Particle: 15:
Relays Coordinates:
101.778, 88.9002
166.099, 223.222
Evaluation Time: 1.39323 seconds
Resulting Fitness: 0.419444
New local best!
New global best!
-------------
Particle: 16:
Relays Coordinates:
66.8994, 125.502
9.92337, 247.545
Evaluation Time: 1.11428 seconds
Resulting Fitness: 0.244444
New local best!
-------------
Particle: 17:
Relays Coordinates:
135.613, 4.59655
132.187, 1.60335
Evaluation Time: 1.07159 seconds
Resulting Fitness: 0.197222
New local best!
-------------
Particle: 18:
Relays Coordinates:
29.2746, 6.64515
22.534, 13.8721
Evaluation Time: 1.01772 seconds
Resulting Fitness: 0.144444
New local best!
-------------
Particle: 19:
Relays Coordinates:
50.2653, 250.735
69.561, 123.085
Evaluation Time: 1.22727 seconds
Resulting Fitness: 0.297222
New local best!
-------------
Particle: 20:
Relays Coordinates:
33.2146, 57.7218
138.245, 64.7284
Evaluation Time: 1.10498 seconds
Resulting Fitness: 0.216667
New local best!
Current global best fitness: 0.419444
Current global best relays: 101.778, 88.9002
166.099, 223.222
Particle 1 new velocities: 79.3677, 5.55211
9.59954, 68.141
Particle 2 new velocities: 21.9491, -4.30379
50.9496, 27.805
Particle 3 new velocities: -14.9926, -3.09462
-93.9909, 131.491
Particle 4 new velocities: 30.9308, -42.4942
9.92231, 106.328
Particle 5 new velocities: -0.412134, 16.3059
24.3913, 19.7
Particle 6 new velocities: 45.3006, -26.7304
39.5694, 60.2493
Particle 7 new velocities: -14.7732, 1.49894
122.284, 27.9166
Particle 8 new velocities: 48.0573, -49.9633
40.3038, 245.774
Particle 9 new velocities: 4.09663, 76.7655
90.2131, 47.1209
Particle 10 new velocities: 45.4203, -23.9474
40.0968, 8.51501
Particle 11 new velocities: -9.17748, -2.15126
100.795, 182.337
Particle 12 new velocities: 0.71569, -7.31607
187.325, 143.363
Particle 13 new velocities: 83.2066, -20.6784
106.772, 52.1241
Particle 14 new velocities: -5.12541, 42.3937
-42.2871, 115.977
Particle 15 new velocities: 0, 0
0, 0
Particle 16 new velocities: 26.4664, -7.57543
102.505, -18.7638
Particle 17 new velocities: -37.4227, 81.5779
30.6639, 186.593
Particle 18 new velocities: 13.1142, 50.6816
103.485, 160.832
Particle 19 new velocities: 45.8263, -126.168
111.436, 130.076
Particle 20 new velocities: 70.5034, 30.092
9.74254, 94.3354
-- ITERATION 1 --
-------------
Particle: 1:
Relays Coordinates:
94.8077, 46.2978
165.052, 94.608
Evaluation Time: 1.19329 seconds
Resulting Fitness: 0.252778
New local best!
-------------
Particle: 2:
Relays Coordinates:
27.0189, 91.9485
125.454, 81.4004
Evaluation Time: 1.09598 seconds
Resulting Fitness: 0.238889
New local best!
-------------
Particle: 3:
Relays Coordinates:
98.3372, 96.6352
163.255, 205.252
Evaluation Time: 1.34756 seconds
Resulting Fitness: 0.383333
New local best!
-------------
Particle: 4:
Relays Coordinates:
78.3858, 87.4462
154.49, 184.41
Evaluation Time: 1.27282 seconds
Resulting Fitness: 0.377778
New local best!
-------------
Particle: 5:
Relays Coordinates:
102.207, 82.3655
171.435, 178.489
Evaluation Time: 1.31197 seconds
Resulting Fitness: 0.397222
New local best!
-------------
Particle: 6:
Relays Coordinates:
72.6254, 111.953
96.1096, 92.3624
Evaluation Time: 1.06935 seconds
Resulting Fitness: 0.227778
-------------
Particle: 7:
Relays Coordinates:
130.773, 56.3042
149.13, 127.003
Evaluation Time: 1.15851 seconds
Resulting Fitness: 0.291667
New local best!
-------------
Particle: 8:
Relays Coordinates:
62.4171, 95.1764
103.752, 244.138
Evaluation Time: 1.23878 seconds
Resulting Fitness: 0.363889
New local best!
-------------
Particle: 9:
Relays Coordinates:
98.0424, 80.6646
126.76, 102.906
Evaluation Time: 1.12403 seconds
Resulting Fitness: 0.266667
New local best!
-------------
Particle: 10:
Relays Coordinates:
68.27, 87.7357
54.081, 184.703
Evaluation Time: 1.10191 seconds
Resulting Fitness: 0.244444
New local best!
-------------
Particle: 11:
Relays Coordinates:
114.293, 83.7323
124.438, 164.246
Evaluation Time: 1.21156 seconds
Resulting Fitness: 0.311111
New local best!
-------------
Particle: 12:
Relays Coordinates:
98.1435, 90.137
206.67, 194.388
Evaluation Time: 1.42046 seconds
Resulting Fitness: 0.452778
New local best!
New global best!
-------------
Particle: 13:
Relays Coordinates:
93.358, 108.312
117.726, 122.066
Evaluation Time: 1.11975 seconds
Resulting Fitness: 0.255556
New local best!
-------------
Particle: 14:
Relays Coordinates:
137.697, 42.7722
183.726, 158.992
Evaluation Time: 1.27721 seconds
Resulting Fitness: 0.35
New local best!
-------------
Particle: 15:
Relays Coordinates:
101.778, 88.9002
166.099, 223.222
Evaluation Time: 1.35739 seconds
Resulting Fitness: 0.419444
-------------
Particle: 16:
Relays Coordinates:
93.3657, 117.927
112.428, 228.781
Evaluation Time: 1.26759 seconds
Resulting Fitness: 0.361111
New local best!
-------------
Particle: 17:
Relays Coordinates:
98.1907, 86.1744
162.851, 188.196
Evaluation Time: 1.28949 seconds
Resulting Fitness: 0.391667
New local best!
-------------
Particle: 18:
Relays Coordinates:
42.3888, 57.3268
126.019, 174.704
Evaluation Time: 1.25551 seconds
Resulting Fitness: 0.3
New local best!
-------------
Particle: 19:
Relays Coordinates:
86.4825, 112.11
162.897, 227.845
Evaluation Time: 1.39261 seconds
Resulting Fitness: 0.425
New local best!
-------------
Particle: 20:
Relays Coordinates:
103.718, 87.8138
147.988, 159.064
Evaluation Time: 1.25492 seconds
Resulting Fitness: 0.347222
New local best!
Current global best fitness: 0.452778
Current global best relays: 98.1435, 90.137
206.67, 194.388
Particle 1 new velocities: 67.6494, 22.6591
42.8001, 175.342
Particle 2 new velocities: 40.5456, -4.67883
127.447, 99.5177
Particle 3 new velocities: -12.0935, -9.14017
-67.3625, 99.243
Particle 4 new velocities: 47.2214, -32.8809
35.0924, 92.8444
Particle 5 new velocities: -3.69408, 14.5278
23.352, 30.3978
Particle 6 new velocities: 45.3384, 2.25291
98.8486, 13.1964
Particle 7 new velocities: -34.6241, 31.4751
121.739, 77.9469
Particle 8 new velocities: 42.6379, -41.6517
59.4653, 175.619
Particle 9 new velocities: 3.32725, 67.8035
165.941, 100.633
Particle 10 new velocities: 53.3606, -18.1782
131.583, 10.7345
Particle 11 new velocities: -8.4373, -0.36647
159.063, 178.396
Particle 12 new velocities: 0.572552, -5.85286
149.86, 114.69
Particle 13 new velocities: 69.0208, -17.3047
192.52, 75.7348
Particle 14 new velocities: -54.6361, 84.2434
-7.24002, 104.704
Particle 15 new velocities: -2.78383, 0.658872
6.74815, -8.19235
Particle 16 new velocities: 23.2187, -23.8138
115.315, -22.5272
Particle 17 new velocities: -29.9884, 69.1463
67.3718, 151.631
Particle 18 new velocities: 13.3229, 44.2619
159.626, 144.536
Particle 19 new velocities: 37.7299, -127.215
130.836, 66.5684
Particle 20 new velocities: 52.2934, 25.2371
49.7246, 104.365
-- ITERATION 2 --
-------------
Particle: 1:
Relays Coordinates:
118.431, 50.2696
151.524, 196.793
Evaluation Time: 1.28128 seconds
Resulting Fitness: 0.388889
New local best!
-------------
Particle: 2:
Relays Coordinates:
49.2546, 63.6196
184.365, 131.889
Evaluation Time: 1.26999 seconds
Resulting Fitness: 0.302778
New local best!
-------------
Particle: 3:
Relays Coordinates:
56.5845, 57.4055
62.9151, 199.779
Evaluation Time: 1.13673 seconds
Resulting Fitness: 0.283333
-------------
Particle: 4:
Relays Coordinates:
82.4109, 35.8003
124.385, 181.906
Evaluation Time: 1.24557 seconds
Resulting Fitness: 0.313889
-------------
Particle: 5:
Relays Coordinates:
98.5125, 96.8933
194.787, 208.887
Evaluation Time: 1.50593 seconds
Resulting Fitness: 0.452778
New local best!
-------------
Particle: 6:
Relays Coordinates:
106.167, 102.785
175.462, 95.0029
Evaluation Time: 1.1592 seconds
Resulting Fitness: 0.294444
New local best!
-------------
Particle: 7:
Relays Coordinates:
70.0924, 63.9911
197.463, 149.408
Evaluation Time: 1.32436 seconds
Resulting Fitness: 0.341667
New local best!
-------------
Particle: 8:
Relays Coordinates:
40.7005, 20.7366
63.2339, 162.622
Evaluation Time: 1.09463 seconds
Resulting Fitness: 0.244444
-------------
Particle: 9:
Relays Coordinates:
73.8985, 108.233
213.379, 148.379
Evaluation Time: 1.38991 seconds
Resulting Fitness: 0.375
New local best!
-------------
Particle: 10:
Relays Coordinates:
121.631, 69.5574
185.664, 195.438
Evaluation Time: 1.38322 seconds
Resulting Fitness: 0.416667
New local best!
-------------
Particle: 11:
Relays Coordinates:
50.6305, 39.8736
135.598, 163.884
Evaluation Time: 1.23898 seconds
Resulting Fitness: 0.305556
-------------
Particle: 12:
Relays Coordinates:
42.494, 36.2816
153.474, 133.048
Evaluation Time: 1.2011 seconds
Resulting Fitness: 0.291667
-------------
Particle: 13:
Relays Coordinates:
131.527, 73.7162
251.299, 160.219
Evaluation Time: 1.33397 seconds
Resulting Fitness: 0.4
New local best!
-------------
Particle: 14:
Relays Coordinates:
74.7546, 114.314
158.837, 237.326
Evaluation Time: 1.34723 seconds
Resulting Fitness: 0.405556
New local best!
-------------
Particle: 15:
Relays Coordinates:
98.9947, 89.5591
172.847, 215.029
Evaluation Time: 1.35173 seconds
Resulting Fitness: 0.416667
-------------
Particle: 16:
Relays Coordinates:
104.926, 84.7018
204.969, 185.628
Evaluation Time: 1.39681 seconds
Resulting Fitness: 0.422222
New local best!
-------------
Particle: 17:
Relays Coordinates:
40.2728, 91.7153
135.944, 200.665
Evaluation Time: 1.25591 seconds
Resulting Fitness: 0.35
-------------
Particle: 18:
Relays Coordinates:
26.6468, 48.5895
136.623, 152.691
Evaluation Time: 1.24334 seconds
Resulting Fitness: 0.316667
New local best!
-------------
Particle: 19:
Relays Coordinates:
53.4694, 0
126.442, 126.735
Evaluation Time: 1.18606 seconds
Resulting Fitness: 0.272222
-------------
Particle: 20:
Relays Coordinates:
113.732, 82.4141
144.132, 192.04
Evaluation Time: 1.27211 seconds
Resulting Fitness: 0.377778
New local best!
Current global best fitness: 0.452778
Current global best relays: 98.1435, 90.137
206.67, 194.388
Particle 1 new velocities: 31.6687, 51.366
42.1582, 137.6
Particle 2 new velocities: 51.4533, 10.9679
108.342, 92.5235
Particle 3 new velocities: 30.382, 73.5532
79.2389, 83.7048
Particle 4 new velocities: 57.8275, 27.4112
94.217, 82.0691
Particle 5 new velocities: -2.9584, 6.78254
29.228, 16.6608
Particle 6 new velocities: 28.4018, -2.18205
79.4688, 138.594
Particle 7 new velocities: -11.8441, 34.488
99.0279, 68.1226
Particle 8 new velocities: 43.7133, 60.2199
115.866, 269.004
Particle 9 new velocities: 15.88, 30.7864
128.074, 116.381
Particle 10 new velocities: 33.3889, 11.8091
123.955, 7.37655
Particle 11 new velocities: 140.01, 66.2382
141.805, 168.01
Particle 12 new velocities: 128.568, 61.6814
226.231, 177.015
Particle 13 new velocities: 16.0184, -7.62453
150.051, 69.4215
Particle 14 new velocities: -39.2267, 65.0623
21.8723, 39.5355
Particle 15 new velocities: -0.40248, 0.0659762
20.4099, -18.2583
Particle 16 new velocities: 15.9917, -17.3706
93.4918, -15.2677
Particle 17 new velocities: 69.1773, 47.2322
134.763, 112.775
Particle 18 new velocities: 24.0567, 38.3744
141.149, 122.933
Particle 19 new velocities: 76.3734, 110.896
119.718, 215.433
Particle 20 new velocities: 36.5962, 20.6438
102.218, 83.8013
-- ITERATION 3 --
-------------
Particle: 1:
Relays Coordinates:
88.6325, 60.0148
114.368, 197.456
Evaluation Time: 1.19477 seconds
Resulting Fitness: 0.302778
-------------
Particle: 2:
Relays Coordinates:
59.467, 44.0432
172.84, 132.514
Evaluation Time: 1.26171 seconds
Resulting Fitness: 0.311111
New local best!
-------------
Particle: 3:
Relays Coordinates:
78.2698, 117.863
127.939, 255.136
Evaluation Time: 1.2474 seconds
Resulting Fitness: 0.397222
New local best!
-------------
Particle: 4:
Relays Coordinates:
92.0105, 41.473
143.425, 173.194
Evaluation Time: 1.22966 seconds
Resulting Fitness: 0.355556
-------------
Particle: 5:
Relays Coordinates:
77.3988, 83.9774
181.452, 182.694
Evaluation Time: 1.30108 seconds
Resulting Fitness: 0.416667
-------------
Particle: 6:
Relays Coordinates:
109.001, 81.4884
206.494, 189.213
Evaluation Time: 1.41095 seconds
Resulting Fitness: 0.422222
New local best!
-------------
Particle: 7:
Relays Coordinates:
30.9556, 52.3359
157.568, 115.605
Evaluation Time: 1.16001 seconds
Resulting Fitness: 0.294444
-------------
Particle: 8:
Relays Coordinates:
32.7036, 31.3642
69.3869, 167.221
Evaluation Time: 1.10491 seconds
Resulting Fitness: 0.25
-------------
Particle: 9:
Relays Coordinates:
47.712, 73.8807
181.462, 140.705
Evaluation Time: 1.27794 seconds
Resulting Fitness: 0.319444
-------------
Particle: 10:
Relays Coordinates:
113.009, 59.3162
225.712, 147.852
Evaluation Time: 1.34211 seconds
Resulting Fitness: 0.366667
-------------
Particle: 11:
Relays Coordinates:
112.571, 62.6579
163.804, 195.98
Evaluation Time: 1.33061 seconds
Resulting Fitness: 0.388889
New local best!
-------------
Particle: 12:
Relays Coordinates:
81.8184, 46.8554
181.612, 148.302
Evaluation Time: 1.25351 seconds
Resulting Fitness: 0.35
-------------
Particle: 13:
Relays Coordinates:
70.5704, 31.6114
191.964, 109.836
Evaluation Time: 1.17007 seconds
Resulting Fitness: 0.269444
-------------
Particle: 14:
Relays Coordinates:
28.7776, 145.295
146.375, 224.258
Evaluation Time: 1.31069 seconds
Resulting Fitness: 0.377778
-------------
Particle: 15:
Relays Coordinates:
98.5922, 89.6251
193.257, 196.771
Evaluation Time: 1.40445 seconds
Resulting Fitness: 0.427778
New local best!
-------------
Particle: 16:
Relays Coordinates:
88.149, 49.0844
217.578, 124.193
Evaluation Time: 1.26665 seconds
Resulting Fitness: 0.330556
-------------
Particle: 17:
Relays Coordinates:
64.6292, 82.0471
159.85, 185.083
Evaluation Time: 1.25681 seconds
Resulting Fitness: 0.383333
-------------
Particle: 18:
Relays Coordinates:
24.2513, 41.5946
132.858, 131.83
Evaluation Time: 1.19882 seconds
Resulting Fitness: 0.269444
-------------
Particle: 19:
Relays Coordinates:
76.6708, 65.4831
145.355, 202.047
Evaluation Time: 1.29034 seconds
Resulting Fitness: 0.35
-------------
Particle: 20:
Relays Coordinates:
109.589, 75.1292
179.59, 201.088
Evaluation Time: 1.38138 seconds
Resulting Fitness: 0.419444
New local best!
Current global best fitness: 0.452778
Current global best relays: 98.1435, 90.137
206.67, 194.388
Particle 1 new velocities: 58.2805, 56.0453
137.126, 109.644
Particle 2 new velocities: 45.4666, 60.2552
123.621, 128.68
Particle 3 new velocities: 46.1311, 33.7088
105.367, 32.5269
Particle 4 new velocities: 35.6814, 45.8261
151.527, 83.8089
Particle 5 new velocities: 39.7098, 14.7653
60.553, 48.6747
Particle 6 new velocities: 20.1055, 3.20238
63.7188, 111.809
Particle 7 new velocities: 26.4239, 61.9439
140.034, 130.001
Particle 8 new velocities: 121.179, 99.9919
130.39, 318.956
Particle 9 new velocities: 78.9664, 80.1202
121.915, 162.343
Particle 10 new velocities: 15.1423, 22.9026
71.8935, 62.392
Particle 11 new velocities: 102.875, 87.349
130.585, 133.269
Particle 12 new velocities: 121.966, 139.647
214.403, 197.668
Particle 13 new velocities: 140.807, 75.9509
192.661, 119.487
Particle 14 new velocities: 69.5583, -39.2142
49.2873, 14.4209
Particle 15 new velocities: -0.451532, 0.112552
22.7801, -17.4593
Particle 16 new velocities: 32.2271, 67.9156
67.2522, 85.436
Particle 17 new velocities: 85.913, 47.0809
153.984, 103.214
Particle 18 new velocities: 107.687, 78.4224
179.489, 136.384
Particle 19 new velocities: 86.6353, 121.953
152.788, 183.812
Particle 20 new velocities: 28.6832, 27.3925
106.682, 65.2402
-- ITERATION 4 --
-------------
Particle: 1:
Relays Coordinates:
96.3896, 76.147
165.005, 201.488
Evaluation Time: 1.32808 seconds
Resulting Fitness: 0.375
-------------
Particle: 2:
Relays Coordinates:
61.9623, 61.5871
175.058, 154.232
Evaluation Time: 1.28055 seconds
Resulting Fitness: 0.352778
New local best!
-------------
Particle: 3:
Relays Coordinates:
90.6883, 110.496
170.08, 209.706
Evaluation Time: 1.38537 seconds
Resulting Fitness: 0.397222
-------------
Particle: 4:
Relays Coordinates:
75.4008, 51.5493
174.166, 151.758
Evaluation Time: 1.28827 seconds
Resulting Fitness: 0.330556
-------------
Particle: 5:
Relays Coordinates:
94.858, 79.9816
196.024, 187.409
Evaluation Time: 1.44369 seconds
Resulting Fitness: 0.427778
-------------
Particle: 6:
Relays Coordinates:
76.2361, 50.0091
159.558, 177.751
Evaluation Time: 1.35073 seconds
Resulting Fitness: 0.394444
-------------
Particle: 7:
Relays Coordinates:
30.4938, 60.7329
158.157, 130.525
Evaluation Time: 1.22094 seconds
Resulting Fitness: 0.294444
-------------
Particle: 8:
Relays Coordinates:
66.2414, 56.5445
85.9976, 209.283
Evaluation Time: 1.20737 seconds
Resulting Fitness: 0.308333
-------------
Particle: 9:
Relays Coordinates:
83.1136, 101.04
199.046, 198.83
Evaluation Time: 1.44802 seconds
Resulting Fitness: 0.433333
New local best!
-------------
Particle: 10:
Relays Coordinates:
93.4225, 59.9375
216.955, 153.268
Evaluation Time: 1.34638 seconds
Resulting Fitness: 0.358333
-------------
Particle: 11:
Relays Coordinates:
114.497, 79.7198
156.45, 174.977
Evaluation Time: 1.23256 seconds
Resulting Fitness: 0.391667
New local best!
-------------
Particle: 12:
Relays Coordinates:
108.299, 99.1148
210.459, 183.863
Evaluation Time: 1.36503 seconds
Resulting Fitness: 0.419444
-------------
Particle: 13:
Relays Coordinates:
124.816, 63.5145
227.117, 135.413
Evaluation Time: 1.44671 seconds
Resulting Fitness: 0.35
-------------
Particle: 14:
Relays Coordinates:
88.5023, 95.4726
176.096, 214.811
Evaluation Time: 1.32911 seconds
Resulting Fitness: 0.405556
-------------
Particle: 15:
Relays Coordinates:
98.1406, 89.7376
216.037, 179.312
Evaluation Time: 1.36377 seconds
Resulting Fitness: 0.433333
New local best!
-------------
Particle: 16:
Relays Coordinates:
97.5046, 94.77
230.712, 169.799
Evaluation Time: 1.41317 seconds
Resulting Fitness: 0.430556
New local best!
-------------
Particle: 17:
Relays Coordinates:
98.7707, 84.7209
205.906, 189.151
Evaluation Time: 1.48941 seconds
Resulting Fitness: 0.436111
New local best!
-------------
Particle: 18:
Relays Coordinates:
86.5649, 78.7432
204.931, 175.975
Evaluation Time: 1.3813 seconds
Resulting Fitness: 0.416667
New local best!
-------------
Particle: 19:
Relays Coordinates:
96.4306, 110.679
176.05, 227.846
Evaluation Time: 1.40388 seconds
Resulting Fitness: 0.441667
New local best!
-------------
Particle: 20:
Relays Coordinates:
90.7207, 67.2645
187.823, 174.738
Evaluation Time: 1.30893 seconds
Resulting Fitness: 0.388889
Current global best fitness: 0.452778
Current global best relays: 98.1435, 90.137
206.67, 194.388
Particle 1 new velocities: 54.5935, 25.4529
92.8087, 76.7024
Particle 2 new velocities: 52.5839, 77.2935
100.685, 153.743
Particle 3 new velocities: 40.7347, 37.7527
112.866, 38.099
Particle 4 new velocities: 46.2718, 78.0452
121.432, 140.195
Particle 5 new velocities: 40.5673, 17.7304
61.1413, 52.0906
Particle 6 new velocities: 54.2068, 38.8406
86.7376, 107.319
Particle 7 new velocities: 80.6617, 70.0959
201.083, 125.091
Particle 8 new velocities: 95.0081, 111.46
159.254, 266.058
Particle 9 new velocities: 75.3826, 55.9156
103.094, 129.065
Particle 10 new velocities: 13.223, 22.4019
15.4907, 136.835
Particle 11 new velocities: 61.7186, 74.5583
133.034, 114.521
Particle 12 new velocities: 89.5795, 98.4447
162.909, 173.698
Particle 13 new velocities: 85.5254, 85.8601
168.765, 176.972
Particle 14 new velocities: 56.6174, -3.15327
58.686, 18.4705
Particle 15 new velocities: -0.358086, 0.333896
12.5259, 4.0295
Particle 16 new velocities: 26.2418, 50.3662
26.2039, 80.9304
Particle 17 new velocities: 68.2659, 42.9213
123.556, 89.1146
Particle 18 new velocities: 88.7791, 66.2858
145.14, 109.539
Particle 19 new velocities: 69.9667, 95.7044
122.998, 115.126
Particle 20 new velocities: 63.8204, 51.5939
92.9841, 94.0358
-- ITERATION 5 --
-------------
Particle: 1:
Relays Coordinates:
110.067, 74.0663
187.946, 202.801
Evaluation Time: 1.4091 seconds
Resulting Fitness: 0.436111
New local best!
-------------
Particle: 2:
Relays Coordinates:
75.1538, 91.1196
180.915, 202.063
Evaluation Time: 1.36274 seconds
Resulting Fitness: 0.394444
New local best!
-------------
Particle: 3:
Relays Coordinates:
95.8073, 108.073
206.268, 180.65
Evaluation Time: 1.35715 seconds
Resulting Fitness: 0.433333
New local best!
-------------
Particle: 4:
Relays Coordinates:
71.8464, 76.5243
174.548, 172.395
Evaluation Time: 1.30307 seconds
Resulting Fitness: 0.394444
New local best!
-------------
Particle: 5:
Relays Coordinates:
109.694, 79.1467
208.304, 193.994
Evaluation Time: 1.46769 seconds
Resulting Fitness: 0.441667
-------------
Particle: 6:
Relays Coordinates:
85.5836, 58.2943
161.595, 187.034
Evaluation Time: 1.29254 seconds
Resulting Fitness: 0.388889
-------------
Particle: 7:
Relays Coordinates:
59.0726, 69.5278
190.915, 135.845
Evaluation Time: 1.27908 seconds
Resulting Fitness: 0.325
-------------
Particle: 8:
Relays Coordinates:
77.1251, 80.3558
117.303, 227.354
Evaluation Time: 1.3132 seconds
Resulting Fitness: 0.358333
-------------
Particle: 9:
Relays Coordinates:
103.989, 102.979
198.234, 215.131
Evaluation Time: 1.46054 seconds
Resulting Fitness: 0.461111
New local best!
New global best!
-------------
Particle: 10:
Relays Coordinates:
62.9731, 48.6206
137.257, 171.302
Evaluation Time: 1.30113 seconds
Resulting Fitness: 0.322222
-------------
Particle: 11:
Relays Coordinates:
115.615, 101.222
189.93, 189.94
Evaluation Time: 1.3795 seconds
Resulting Fitness: 0.405556
New local best!
-------------
Particle: 12:
Relays Coordinates:
105.161, 104.991
198.423, 190.022
Evaluation Time: 1.44564 seconds
Resulting Fitness: 0.427778
-------------
Particle: 13:
Relays Coordinates:
124.205, 88.2042
233.764, 184.461
Evaluation Time: 1.45007 seconds
Resulting Fitness: 0.438889
New local best!
-------------
Particle: 14:
Relays Coordinates:
130.608, 83.0874
211.303, 209.954
Evaluation Time: 1.51908 seconds
Resulting Fitness: 0.455556
New local best!
-------------
Particle: 15:
Relays Coordinates:
88.0043, 81.0644
205.707, 165.007
Evaluation Time: 1.35918 seconds
Resulting Fitness: 0.391667
-------------
Particle: 16:
Relays Coordinates:
100.235, 117.56
208.102, 203.091
Evaluation Time: 1.51999 seconds
Resulting Fitness: 0.441667
New local best!
-------------
Particle: 17:
Relays Coordinates:
109.593, 83.7461
216.16, 182.57
Evaluation Time: 1.40495 seconds
Resulting Fitness: 0.433333
-------------
Particle: 18:
Relays Coordinates:
115.043, 95.1535
229.682, 187.326
Evaluation Time: 1.45797 seconds
Resulting Fitness: 0.45
New local best!
-------------
Particle: 19:
Relays Coordinates:
88.4304, 109.681
158.926, 182.269
Evaluation Time: 1.29378 seconds
Resulting Fitness: 0.394444
-------------
Particle: 20:
Relays Coordinates:
112.661, 86.6477
204.708, 195.936
Evaluation Time: 1.40684 seconds
Resulting Fitness: 0.425
New local best!
Current global best fitness: 0.461111
Current global best relays: 103.989, 102.979
198.234, 215.131
Particle 1 new velocities: 36.1664, 51.8447
82.5702, 76.289
Particle 2 new velocities: 64.4656, 70.7679
82.4101, 130.36
Particle 3 new velocities: 40.3041, 24.2221
83.5286, 71.1733
Particle 4 new velocities: 48.2709, 67.5378
102.552, 129.398
Particle 5 new velocities: 19.3193, 61.5731
31.3664, 62.1585
Particle 6 new velocities: 98.6469, 68.6506
172.709, 102.413
Particle 7 new velocities: 78.924, 68.917
179.033, 157.561
Particle 8 new velocities: 83.1041, 90.6041
121.568, 211.94
Particle 9 new velocities: 60.3061, 44.7325
82.4753, 103.252
Particle 10 new velocities: 107.812, 51.9085
40.5934, 141.026
Particle 11 new velocities: 34.3003, 60.3271
116.187, 122.35
Particle 12 new velocities: 62.9843, 69.0803
140.687, 148.574
Particle 13 new velocities: 68.3942, 86.6058
125.036, 155.169
Particle 14 new velocities: 31.161, 10.7602
41.6134, 15.7813
Particle 15 new velocities: 19.4492, 28.6463
14.6327, 15.9202
Particle 16 new velocities: 24.8364, 31.2319
18.7287, 72.4873
Particle 17 new velocities: 33.2982, 56.2776
92.4729, 118.026
Particle 18 new velocities: 65.5327, 56.5991
95.0313, 107.067
Particle 19 new velocities: 79.833, 74.9719
151.23, 143.345
Particle 20 new velocities: 45.6853, 59.8589
68.9308, 88.384
-- ITERATION 6 --
-------------
Particle: 1:
Relays Coordinates:
106.604, 91.7891
197.206, 203.456
Evaluation Time: 1.50726 seconds
Resulting Fitness: 0.447222
New local best!
-------------
Particle: 2:
Relays Coordinates:
91.6043, 106.214
172.767, 218.103
Evaluation Time: 1.40458 seconds
Resulting Fitness: 0.411111
New local best!
-------------
Particle: 3:
Relays Coordinates:
99.2252, 96.4432
211.262, 183.579
Evaluation Time: 1.43626 seconds
Resulting Fitness: 0.436111
New local best!
-------------
Particle: 4:
Relays Coordinates:
78.809, 94.5191
181.805, 198.007
Evaluation Time: 1.42098 seconds
Resulting Fitness: 0.411111
New local best!
-------------
Particle: 5:
Relays Coordinates:
104.501, 113.983
194.133, 207.484
Evaluation Time: 1.45702 seconds
Resulting Fitness: 0.433333
-------------
Particle: 6:
Relays Coordinates:
120.874, 83.2885
219.337, 189.906
Evaluation Time: 1.39188 seconds
Resulting Fitness: 0.441667
New local best!
-------------
Particle: 7:
Relays Coordinates:
73.3371, 73.5753
196.605, 155.928
Evaluation Time: 1.34514 seconds
Resulting Fitness: 0.380556
New local best!
-------------
Particle: 8:
Relays Coordinates:
85.1524, 90.8551
126.946, 233.459
Evaluation Time: 1.35542 seconds
Resulting Fitness: 0.388889
New local best!
-------------
Particle: 9:
Relays Coordinates:
107.794, 96.9132
184.173, 208.891
Evaluation Time: 1.41672 seconds
Resulting Fitness: 0.430556
-------------
Particle: 10:
Relays Coordinates:
124.503, 73.2857
129.653, 227.687
Evaluation Time: 1.31165 seconds
Resulting Fitness: 0.408333
-------------
Particle: 11:
Relays Coordinates:
98.3595, 105.992
200.843, 204.894
Evaluation Time: 1.4367 seconds
Resulting Fitness: 0.438889
New local best!
-------------
Particle: 12:
Relays Coordinates:
99.288, 102.788
200.241, 199.938
Evaluation Time: 1.43661 seconds
Resulting Fitness: 0.436111
-------------
Particle: 13:
Relays Coordinates:
113.728, 103.224
211.868, 200.548
Evaluation Time: 1.3824 seconds
Resulting Fitness: 0.447222
New local best!
-------------
Particle: 14:
Relays Coordinates:
131.033, 76.0166
204.863, 182.845
Evaluation Time: 1.37573 seconds
Resulting Fitness: 0.397222
-------------
Particle: 15:
Relays Coordinates:
107.453, 109.711
220.34, 180.927
Evaluation Time: 1.39625 seconds
Resulting Fitness: 0.438889
New local best!
-------------
Particle: 16:
Relays Coordinates:
91.1768, 108.47
165.36, 200.897
Evaluation Time: 1.37236 seconds
Resulting Fitness: 0.375
-------------
Particle: 17:
Relays Coordinates:
93.7507, 91.8695
202.494, 197.221
Evaluation Time: 1.48095 seconds
Resulting Fitness: 0.419444
-------------
Particle: 18:
Relays Coordinates:
118.476, 99.5649
213.044, 193.151
Evaluation Time: 1.38796 seconds
Resulting Fitness: 0.430556
-------------
Particle: 19:
Relays Coordinates:
99.3578, 109.035
183.144, 192.272
Evaluation Time: 1.41048 seconds
Resulting Fitness: 0.416667
-------------
Particle: 20:
Relays Coordinates:
103.891, 96.123
179.535, 186.542
Evaluation Time: 1.30285 seconds
Resulting Fitness: 0.411111
Current global best fitness: 0.461111
Current global best relays: 103.989, 102.979
198.234, 215.131
Particle 1 new velocities: 28.0227, 46.6594
66.9776, 74.6068
Particle 2 new velocities: 64.1792, 54.5455
79.3619, 103.545
Particle 3 new velocities: 33.585, 25.8937
53.2846, 57.8271
Particle 4 new velocities: 40.0759, 64.2727
99.4734, 113.359
Particle 5 new velocities: 7.52152, 33.8457
27.4155, 58.88
Particle 6 new velocities: 65.7452, 65.8374
138.16, 93.3524
Particle 7 new velocities: 73.2471, 77.1557
143.576, 184.162
Particle 8 new velocities: 67.5584, 75.439
156.883, 155.623
Particle 9 new velocities: 44.8098, 40.8631
91.4335, 96.2321
Particle 10 new velocities: 70.534, 74.4182
97.2536, 100.404
Particle 11 new velocities: 28.9918, 45.6234
90.0054, 101.717
Particle 12 new velocities: 53.4691, 41.999
112.737, 130.361
Particle 13 new velocities: 48.7151, 69.0505
99.9672, 125.025
Particle 14 new velocities: 5.29853, 24.3511
34.202, 42.0522
Particle 15 new velocities: 11.7071, 19.4869
-1.06884, 39.1538
Particle 16 new velocities: 44.5235, 34.2925
68.0813, 68.3921
Particle 17 new velocities: 30.6518, 45.6021
75.9526, 110.24
Particle 18 new velocities: 46.9845, 46.5206
97.9677, 95.0557
Particle 19 new velocities: 61.9732, 61.0303
124.788, 185.382
Particle 20 new velocities: 40.6934, 35.6808
113.288, 118.765
-- ITERATION 7 --
-------------
Particle: 1:
Relays Coordinates:
98.1428, 100.929
192.59, 202.708
Evaluation Time: 1.3708 seconds
Resulting Fitness: 0.419444
-------------
Particle: 2:
Relays Coordinates:
102.21, 105.475
165.422, 211.033
Evaluation Time: 1.34348 seconds
Resulting Fitness: 0.394444
-------------
Particle: 3:
Relays Coordinates:
107.576, 99.0929
214.282, 195.539
Evaluation Time: 1.4012 seconds
Resulting Fitness: 0.455556
New local best!
-------------
Particle: 4:
Relays Coordinates:
78.0003, 104.183
184.547, 204.287
Evaluation Time: 1.44679 seconds
Resulting Fitness: 0.425
New local best!
-------------
Particle: 5:
Relays Coordinates:
90.7384, 119.741
179.455, 215.755
Evaluation Time: 1.43396 seconds
Resulting Fitness: 0.422222
-------------
Particle: 6:
Relays Coordinates:
110.197, 88.0574
211.098, 167.261
Evaluation Time: 1.54274 seconds
Resulting Fitness: 0.408333
-------------
Particle: 7:
Relays Coordinates:
77.9009, 80.1046
180.786, 180.737
Evaluation Time: 1.34422 seconds
Resulting Fitness: 0.411111
New local best!
-------------
Particle: 8:
Relays Coordinates:
90.1742, 98.195
167.598, 229.749
Evaluation Time: 1.36309 seconds
Resulting Fitness: 0.433333
New local best!
-------------
Particle: 9:
Relays Coordinates:
111.248, 100.439
200.917, 222.435
Evaluation Time: 1.43772 seconds
Resulting Fitness: 0.472222
New local best!
New global best!
-------------
Particle: 10:
Relays Coordinates:
115.167, 87.2177
133.986, 193.735
Evaluation Time: 1.23376 seconds
Resulting Fitness: 0.369444
-------------
Particle: 11:
Relays Coordinates:
83.5552, 99.4751
190.826, 201.167
Evaluation Time: 1.38262 seconds
Resulting Fitness: 0.413889
-------------
Particle: 12:
Relays Coordinates:
90.2016, 85.495
184.811, 195.038
Evaluation Time: 1.42029 seconds
Resulting Fitness: 0.405556
-------------
Particle: 13:
Relays Coordinates:
95.9208, 101.726
184.136, 192.248
Evaluation Time: 1.41971 seconds
Resulting Fitness: 0.411111
-------------
Particle: 14:
Relays Coordinates:
122.698, 90.3309
215.158, 202.408
Evaluation Time: 1.49241 seconds
Resulting Fitness: 0.444444
-------------
Particle: 15:
Relays Coordinates:
96.5201, 104.65
177.609, 178.266
Evaluation Time: 1.28618 seconds
Resulting Fitness: 0.4
-------------
Particle: 16:
Relays Coordinates:
98.9255, 104.074
170.178, 196.311
Evaluation Time: 1.32841 seconds
Resulting Fitness: 0.391667
-------------
Particle: 17:
Relays Coordinates:
81.6205, 90.1952
182.689, 201.725
Evaluation Time: 1.4302 seconds
Resulting Fitness: 0.416667
-------------
Particle: 18:
Relays Coordinates:
108.559, 95.8467
204.055, 189.092
Evaluation Time: 1.39411 seconds
Resulting Fitness: 0.430556
-------------
Particle: 19:
Relays Coordinates:
95.2644, 100.422
181.831, 223.001
Evaluation Time: 1.42316 seconds
Resulting Fitness: 0.433333
-------------
Particle: 20:
Relays Coordinates:
94.8616, 86.4765
192.121, 200.312
Evaluation Time: 1.40742 seconds
Resulting Fitness: 0.416667
Current global best fitness: 0.472222
Current global best relays: 111.248, 100.439
200.917, 222.435
Particle 1 new velocities: 42.5572, 31.0141
54.1316, 75.4957
Particle 2 new velocities: 57.557, 37.3923
72.5231, 93.1417
Particle 3 new velocities: 27.6159, 20.7499
42.098, 52.3938
Particle 4 new velocities: 72.2432, 50.5443
82.1979, 94.5428
Particle 5 new velocities: 24.5344, -1.14822
28.47, 38.7041
Particle 6 new velocities: 70.4387, 49.5514
110.907, 126.357
Particle 7 new velocities: 85.7623, 83.986
134.576, 200.948
Particle 8 new velocities: 72.0971, 60.4862
159.964, 116.192
Particle 9 new velocities: 35.8479, 32.6905
73.1468, 76.9857
Particle 10 new velocities: 60.4363, 63.4411
140.516, 96.0439
Particle 11 new velocities: 79.8827, 38.6013
95.6263, 86.781
Particle 12 new velocities: 62.0944, 41.1211
127.542, 119.081
Particle 13 new velocities: 71.2791, 54.7903
108.903, 110.812
Particle 14 new velocities: 4.46507, 24.6006
14.8107, 49.8608
Particle 15 new velocities: 19.0419, 18.4743
85.8171, 83.5296
Particle 16 new velocities: 44.1648, 26.3935
88.4595, 75.6966
Particle 17 new velocities: 58.749, 43.8369
96.9648, 89.1047
Particle 18 new velocities: 41.9481, 40.9804
116.259, 86.8662
Particle 19 new velocities: 58.2264, 64.3463
99.4849, 149.274
Particle 20 new velocities: 58.8214, 46.6897
118.726, 91.2902
-- ITERATION 8 --
-------------
Particle: 1:
Relays Coordinates:
102.57, 96.1865
179.86, 202.811
Evaluation Time: 1.37894 seconds
Resulting Fitness: 0.408333
-------------
Particle: 2:
Relays Coordinates:
104.823, 93.7349
156.116, 199.569
Evaluation Time: 1.32366 seconds
Resulting Fitness: 0.386111
-------------
Particle: 3:
Relays Coordinates:
109.506, 97.0726
207.668, 200.826
Evaluation Time: 1.38866 seconds
Resulting Fitness: 0.455556
-------------
Particle: 4:
Relays Coordinates:
98.5748, 101.517
175.011, 196.062
Evaluation Time: 1.48069 seconds
Resulting Fitness: 0.402778
-------------
Particle: 5:
Relays Coordinates:
103.746, 106.734
187.132, 229.013
Evaluation Time: 1.40322 seconds
Resulting Fitness: 0.463889
New local best!
-------------
Particle: 6:
Relays Coordinates:
118.515, 90.2851
211.267, 192.643
Evaluation Time: 1.41458 seconds
Resulting Fitness: 0.427778
-------------
Particle: 7:
Relays Coordinates:
86.9773, 87.2045
167.596, 202.843
Evaluation Time: 1.37686 seconds
Resulting Fitness: 0.388889
-------------
Particle: 8:
Relays Coordinates:
95.8196, 93.6997
193.422, 204.275
Evaluation Time: 1.41838 seconds
Resulting Fitness: 0.444444
New local best!
-------------
Particle: 9:
Relays Coordinates:
107.233, 97.0514
199.793, 218.278
Evaluation Time: 1.46069 seconds
Resulting Fitness: 0.472222
-------------
Particle: 10:
Relays Coordinates:
115.213, 98.8472
180.101, 190.124
Evaluation Time: 1.34397 seconds
Resulting Fitness: 0.408333
-------------
Particle: 11:
Relays Coordinates:
107.232, 90.5919
187.941, 188.923
Evaluation Time: 1.35722 seconds
Resulting Fitness: 0.408333
-------------
Particle: 12:
Relays Coordinates:
89.9293, 74.7655
184.441, 185.484
Evaluation Time: 1.35668 seconds
Resulting Fitness: 0.413889
-------------
Particle: 13:
Relays Coordinates:
109.7, 102.69
192.262, 198.837
Evaluation Time: 1.43804 seconds
Resulting Fitness: 0.427778
-------------
Particle: 14:
Relays Coordinates:
114.447, 103.438
206.972, 227.042
Evaluation Time: 1.45825 seconds
Resulting Fitness: 0.463889
New local best!
-------------
Particle: 15:
Relays Coordinates:
84.2447, 89.7576
192.038, 190.849
Evaluation Time: 1.40873 seconds
Resulting Fitness: 0.419444
-------------
Particle: 16:
Relays Coordinates:
104.313, 95.1104
188.547, 198.294
Evaluation Time: 1.40135 seconds
Resulting Fitness: 0.416667
-------------
Particle: 17:
Relays Coordinates:
102.329, 97.7094
203.867, 212.015
Evaluation Time: 1.42349 seconds
Resulting Fitness: 0.466667
New local best!
-------------
Particle: 18:
Relays Coordinates:
98.7474, 89.7722
210.158, 181.056
Evaluation Time: 1.38594 seconds
Resulting Fitness: 0.425
-------------
Particle: 19:
Relays Coordinates:
90.6348, 97.2941
166.114, 219.825
Evaluation Time: 1.32451 seconds
Resulting Fitness: 0.4
-------------
Particle: 20:
Relays Coordinates:
100.831, 87.3703
203.947, 191.32
Evaluation Time: 1.38626 seconds
Resulting Fitness: 0.422222
Current global best fitness: 0.472222
Current global best relays: 111.248, 100.439
200.917, 222.435
Particle 1 new velocities: 45.8849, 26.5958
75.2354, 73.4304
Particle 2 new velocities: 43.6443, 47.6884
112.15, 126.455
Particle 3 new velocities: 20.613, 19.7708
30.8631, 62.2551
Particle 4 new velocities: 49.1084, 42.493
87.4349, 119.563
Particle 5 new velocities: 21.944, -3.06586
24.786, 28.912
Particle 6 new velocities: 55.9926, 37.447
80.2404, 108.863
Particle 7 new velocities: 60.5759, 74.171
116.128, 175.494
Particle 8 new velocities: 67.098, 56.6216
129.139, 106.212
Particle 9 new velocities: 33.49, 31.215
59.0425, 66.0553
Particle 10 new velocities: 57.9654, 11.4186
134.087, 118.093
Particle 11 new velocities: 55.886, 37.9206
98.9357, 88.9063
Particle 12 new velocities: 67.7856, 60.7435
148.828, 111.529
Particle 13 new velocities: 61.9513, 41.3673
118.294, 101.604
Particle 14 new velocities: 2.37044, 19.1067
4.46771, 37.7197
Particle 15 new velocities: 25.7457, 39.9583
80.9091, 73.2143
Particle 16 new velocities: 37.1073, 27.9323
96.2179, 85.2956
Particle 17 new velocities: 58.1749, 35.8241
77.2365, 77.3
Particle 18 new velocities: 57.1429, 48.5147
95.3917, 100.805
Particle 19 new velocities: 72.0735, 56.625
101.52, 134.29
Particle 20 new velocities: 75.4245, 38.2307
91.9676, 105.352
-- ITERATION 9 --
-------------
Particle: 1:
Relays Coordinates:
108.224, 89.5083
185.965, 201.38
Evaluation Time: 1.38065 seconds
Resulting Fitness: 0.411111
-------------
Particle: 2:
Relays Coordinates:
97.4093, 92.7878
176.009, 213.905
Evaluation Time: 1.37408 seconds
Resulting Fitness: 0.413889
New local best!
-------------
Particle: 3:
Relays Coordinates:
105.396, 94.6432
193.21, 213.095
Evaluation Time: 1.49182 seconds
Resulting Fitness: 0.452778
-------------
Particle: 4:
Relays Coordinates:
107.661, 104.983
191.323, 230.091
Evaluation Time: 1.48098 seconds
Resulting Fitness: 0.458333
New local best!
-------------
Particle: 5:
Relays Coordinates:
101.809, 83.971
171.654, 208.919
Evaluation Time: 1.3673 seconds
Resulting Fitness: 0.4
-------------
Particle: 6:
Relays Coordinates:
114.494, 83.8051
191.258, 197.818
Evaluation Time: 1.42349 seconds
Resulting Fitness: 0.438889
-------------
Particle: 7:
Relays Coordinates:
87.1287, 95.2906
167.536, 223.404
Evaluation Time: 1.39609 seconds
Resulting Fitness: 0.422222
New local best!
-------------
Particle: 8:
Relays Coordinates:
106.89, 98.6258
211.633, 203.71
Evaluation Time: 1.46814 seconds
Resulting Fitness: 0.452778
New local best!
-------------
Particle: 9:
Relays Coordinates:
102.587, 93.5062
188.691, 207.279
Evaluation Time: 1.45759 seconds
Resulting Fitness: 0.436111
-------------
Particle: 10:
Relays Coordinates:
102.26, 65.1109
185.525, 181.999
Evaluation Time: 1.38671 seconds
Resulting Fitness: 0.413889
-------------
Particle: 11:
Relays Coordinates:
118.913, 93.6856
209.133, 202.538
Evaluation Time: 1.43412 seconds
Resulting Fitness: 0.461111
New local best!
-------------
Particle: 12:
Relays Coordinates:
93.129, 80.0167
196.792, 175.383
Evaluation Time: 1.35844 seconds
Resulting Fitness: 0.408333
-------------
Particle: 13:
Relays Coordinates:
112.62, 94.5163
203.756, 197.119
Evaluation Time: 1.39118 seconds
Resulting Fitness: 0.45
New local best!
-------------
Particle: 14:
Relays Coordinates:
105.136, 110.29
190.296, 238.285
Evaluation Time: 1.45914 seconds
Resulting Fitness: 0.455556
-------------
Particle: 15:
Relays Coordinates:
80.183, 94.5629
198.978, 192.502
Evaluation Time: 1.43369 seconds
Resulting Fitness: 0.427778
-------------
Particle: 16:
Relays Coordinates:
92.7857, 80.7283
186.834, 186.063
Evaluation Time: 1.40159 seconds
Resulting Fitness: 0.425
-------------
Particle: 17:
Relays Coordinates:
117.008, 97.3459
204.925, 210.911
Evaluation Time: 1.47053 seconds
Resulting Fitness: 0.466667
-------------
Particle: 18:
Relays Coordinates:
113.644, 100.811
222.746, 205.477
Evaluation Time: 1.47769 seconds
Resulting Fitness: 0.458333
New local best!
-------------
Particle: 19:
Relays Coordinates:
106.753, 100.986
175.595, 232.335
Evaluation Time: 1.44361 seconds
Resulting Fitness: 0.461111
New local best!
-------------
Particle: 20:
Relays Coordinates:
115.641, 82.4068
194.149, 194.647
Evaluation Time: 1.38253 seconds
Resulting Fitness: 0.427778
New local best!
Current global best fitness: 0.472222
Current global best relays: 111.248, 100.439
200.917, 222.435
Particle 1 new velocities: 35.8986, 33.5828
69.2187, 75.82
Particle 2 new velocities: 40.462, 45.1869
118.89, 107.451
Particle 3 new velocities: 20.1817, 23.3482
36.4432, 40.4077
Particle 4 new velocities: 41.1466, 29.0269
72.9199, 94.89
Particle 5 new velocities: 22.0506, 32.6113
64.3097, 55.3876
Particle 6 new velocities: 49.6193, 48.51
78.1007, 87.5226
Particle 7 new velocities: 50.6962, 62.1295
132.575, 140.316
Particle 8 new velocities: 58.0185, 46.1187
94.3082, 95.8999
Particle 9 new velocities: 38.4116, 30.5458
63.7554, 72.7275
Particle 10 new velocities: 86.0593, 23.1122
126.156, 128.443
Particle 11 new velocities: 41.7734, 38.1432
73.6146, 85.0543
Particle 12 new velocities: 65.8193, 62.5944
131.057, 109.985
Particle 13 new velocities: 48.1941, 39.902
92.8913, 111.769
Particle 14 new velocities: 7.93248, -2.39142
28.0505, 10.2654
Particle 15 new velocities: 85.8083, 55.9394
101.621, 55.2332
Particle 16 new velocities: 57.9744, 56.9523
118.929, 122.726
Particle 17 new velocities: 24.1763, 31.2686
59.9185, 66.691
Particle 18 new velocities: 44.5704, 38.753
59.6356, 100.401
Particle 19 new velocities: 63.0459, 44.8307
104.153, 103.134
Particle 20 new velocities: 58.9921, 35.2598
76.1905, 109.716
-- ITERATION 10 --
-------------
Particle: 1:
Relays Coordinates:
116.739, 99.7038
206.699, 224.532
Evaluation Time: 1.51503 seconds
Resulting Fitness: 0.466667
New local best!
-------------
Particle: 2:
Relays Coordinates:
81.4116, 81.4727
174.135, 189.757
Evaluation Time: 1.35332 seconds
Resulting Fitness: 0.391667
-------------
Particle: 3:
Relays Coordinates:
101.718, 95.5731
186.019, 205.337
Evaluation Time: 1.43534 seconds
Resulting Fitness: 0.438889
-------------
Particle: 4:
Relays Coordinates:
97.6327, 87.924
173.37, 213.22
Evaluation Time: 1.43392 seconds
Resulting Fitness: 0.411111
-------------
Particle: 5:
Relays Coordinates:
100.326, 94.4317
191.13, 214.089
Evaluation Time: 1.50867 seconds
Resulting Fitness: 0.455556
-------------
Particle: 6:
Relays Coordinates:
119.639, 96.4577
196.363, 208.013
Evaluation Time: 1.49079 seconds
Resulting Fitness: 0.444444
New local best!
-------------
Particle: 7:
Relays Coordinates:
81.3842, 92.955
177.213, 214.773
Evaluation Time: 1.46342 seconds
Resulting Fitness: 0.402778
-------------
Particle: 8:
Relays Coordinates:
108.197, 94.9668
200.728, 196.574
Evaluation Time: 1.42527 seconds
Resulting Fitness: 0.441667
-------------
Particle: 9:
Relays Coordinates:
102.788, 90.4339
184.033, 204.124
Evaluation Time: 1.44796 seconds
Resulting Fitness: 0.430556
-------------
Particle: 10:
Relays Coordinates:
111.201, 52.0948
184.044, 183.313
Evaluation Time: 1.33077 seconds
Resulting Fitness: 0.405556
-------------
Particle: 11:
Relays Coordinates:
117.14, 96.1032
206.123, 209.654
Evaluation Time: 1.42185 seconds
Resulting Fitness: 0.458333
-------------
Particle: 12:
Relays Coordinates:
104.286, 93.5671
215.101, 187.23
Evaluation Time: 1.37441 seconds
Resulting Fitness: 0.425
-------------
Particle: 13:
Relays Coordinates:
105.51, 88.1918
194.63, 202.661
Evaluation Time: 1.44844 seconds
Resulting Fitness: 0.436111
-------------
Particle: 14:
Relays Coordinates:
91.5851, 87.3982
176.86, 201.326
Evaluation Time: 1.38045 seconds
Resulting Fitness: 0.4
-------------
Particle: 15:
Relays Coordinates:
108.907, 98.7446
197.223, 162.539
Evaluation Time: 1.32926 seconds
Resulting Fitness: 0.391667
-------------
Particle: 16:
Relays Coordinates:
98.9137, 90.3323
200.611, 202.596
Evaluation Time: 1.41222 seconds
Resulting Fitness: 0.430556
-------------
Particle: 17:
Relays Coordinates:
102.923, 93.76
193.071, 202.372
Evaluation Time: 1.3899 seconds
Resulting Fitness: 0.444444
-------------
Particle: 18:
Relays Coordinates:
115.338, 101.742
205.856, 222.985
Evaluation Time: 1.47449 seconds
Resulting Fitness: 0.477778
New local best!
New global best!
-------------
Particle: 19:
Relays Coordinates:
111.405, 95.6706
183.542, 220.101
Evaluation Time: 1.39424 seconds
Resulting Fitness: 0.455556
-------------
Particle: 20:
Relays Coordinates:
127.308, 85.779
197.078, 221.881
Evaluation Time: 1.51976 seconds
Resulting Fitness: 0.461111
New local best!
Current global best fitness: 0.477778
Current global best relays: 115.338, 101.742
205.856, 222.985
Particle 1 new velocities: 28.0684, 26.9615
55.3598, 59.252
Particle 2 new velocities: 70.5005, 49.5007
131.542, 130.469
Particle 3 new velocities: 21.6994, 27.4939
76.4061, 29.8321
Particle 4 new velocities: 52.0562, 48.9411
71.1633, 78.8418
Particle 5 new velocities: 35.6397, 33.1098
50.096, 65.6617
Particle 6 new velocities: 38.3536, 44.8986
68.598, 88.887
Particle 7 new velocities: 84.4412, 58.5462
129.103, 122.457
Particle 8 new velocities: 52.0928, 42.2114
85.8031, 105.107
Particle 9 new velocities: 39.5177, 41.2695
71.6967, 98.5843
Particle 10 new velocities: 77.0708, 84.9126
127.239, 149.821
Particle 11 new velocities: 33.8269, 28.7687
63.2804, 58.8192
Particle 12 new velocities: 50.7892, 57.2192
95.5937, 104.349
Particle 13 new velocities: 44.7163, 40.0261
86.9891, 103.43
Particle 14 new velocities: 54.6927, 26.8286
66.7841, 42.1512
Particle 15 new velocities: 68.363, 57.2123
95.6352, 137.542
Particle 16 new velocities: 60.6306, 61.5213
102.506, 113.017
Particle 17 new velocities: 30.9913, 29.6095
66.5089, 65.3976
Particle 18 new velocities: 35.6563, 31.0024
47.7085, 80.3208
Particle 19 new velocities: 50.4794, 40.7316
89.8921, 97.4711
Particle 20 new velocities: 45.1221, 38.6942
65.468, 88.0594
-- ITERATION 11 --
-------------
Particle: 1:
Relays Coordinates:
105.565, 92.339
191.041, 206.878
Evaluation Time: 1.39299 seconds
Resulting Fitness: 0.455556
-------------
Particle: 2:
Relays Coordinates:
89.7026, 77.3385
180.499, 189.091
Evaluation Time: 1.34755 seconds
Resulting Fitness: 0.413889
-------------
Particle: 3:
Relays Coordinates:
99.9682, 99.6843
212.565, 190.487
Evaluation Time: 1.41159 seconds
Resulting Fitness: 0.430556
-------------
Particle: 4:
Relays Coordinates:
109.123, 99.7747
178.265, 212.913
Evaluation Time: 1.45188 seconds
Resulting Fitness: 0.430556
-------------
Particle: 5:
Relays Coordinates:
110.132, 103.309
195.393, 226.598
Evaluation Time: 1.45973 seconds
Resulting Fitness: 0.452778
-------------
Particle: 6:
Relays Coordinates:
115.177, 103.049
193.156, 216.44
Evaluation Time: 1.51511 seconds
Resulting Fitness: 0.438889
-------------
Particle: 7:
Relays Coordinates:
108.798, 99.4
200.974, 221.257
Evaluation Time: 1.45279 seconds
Resulting Fitness: 0.472222
New local best!
-------------
Particle: 8:
Relays Coordinates:
116.851, 100.003
208.881, 219.925
Evaluation Time: 1.50203 seconds
Resulting Fitness: 0.480556
New local best!
New global best!
-------------
Particle: 9:
Relays Coordinates:
103.741, 96.0118
186.427, 220.675
Evaluation Time: 1.43323 seconds
Resulting Fitness: 0.452778
-------------
Particle: 10:
Relays Coordinates:
123.525, 89.8906
204.233, 218.569
Evaluation Time: 1.48497 seconds
Resulting Fitness: 0.472222
New local best!
-------------
Particle: 11:
Relays Coordinates:
110.055, 91.0317
196.395, 195.717
Evaluation Time: 1.4452 seconds
Resulting Fitness: 0.444444
-------------
Particle: 12:
Relays Coordinates:
101.745, 98.9309
203.847, 191.305
Evaluation Time: 1.39495 seconds
Resulting Fitness: 0.422222
-------------
Particle: 13:
Relays Coordinates:
98.5637, 84.1238
184.77, 200.827
Evaluation Time: 1.39741 seconds
Resulting Fitness: 0.413889
-------------
Particle: 14:
Relays Coordinates:
118.485, 92.5238
197.352, 197.217
Evaluation Time: 1.40993 seconds
Resulting Fitness: 0.433333
-------------
Particle: 15:
Relays Coordinates:
116.307, 102.323
192.144, 196.883
Evaluation Time: 1.42714 seconds
Resulting Fitness: 0.402778
-------------
Particle: 16:
Relays Coordinates:
104.677, 99.6311
198.876, 207.074
Evaluation Time: 1.41973 seconds
Resulting Fitness: 0.45
New local best!
-------------
Particle: 17:
Relays Coordinates:
97.6236, 89.9363
189.234, 195.204
Evaluation Time: 1.37569 seconds
Resulting Fitness: 0.413889
-------------
Particle: 18:
Relays Coordinates:
110.075, 96.7709
184.849, 221.11
Evaluation Time: 1.45738 seconds
Resulting Fitness: 0.455556
-------------
Particle: 19:
Relays Coordinates:
106.212, 89.4935
179.4, 208.359
Evaluation Time: 1.42976 seconds
Resulting Fitness: 0.433333
-------------
Particle: 20:
Relays Coordinates:
113.131, 81.6668
172.256, 203.352
Evaluation Time: 1.36867 seconds
Resulting Fitness: 0.411111
Current global best fitness: 0.480556
Current global best relays: 116.851, 100.003
208.881, 219.925
Particle 1 new velocities: 40.9478, 37.3787
74.1865, 69.0301
Particle 2 new velocities: 64.6345, 73.4282
115.259, 140.356
Particle 3 new velocities: 32.0157, 21.6641
60.4088, 48.9328
Particle 4 new velocities: 50.3709, 46.6732
84.3115, 87.7396
Particle 5 new velocities: 27.8083, 29.4578
31.2198, 52.4914
Particle 6 new velocities: 32.7329, 28.4263
75.3495, 72.7498
Particle 7 new velocities: 71.9832, 47.2745
103.633, 96.5774
Particle 8 new velocities: 41.6742, 33.7691
68.6425, 84.0855
Particle 9 new velocities: 47.0445, 41.0276
65.6715, 80.9162
Particle 10 new velocities: 58.0874, 71.9581
106.045, 120.591
Particle 11 new velocities: 36.2251, 37.6132
60.6345, 65.6916
Particle 12 new velocities: 43.2792, 40.7173
82.9155, 92.8476
Particle 13 new velocities: 79.334, 52.1467
87.8419, 84.8601
Particle 14 new velocities: 37.5044, 32.8323
71.0017, 55.8478
Particle 15 new velocities: 45.0976, 45.8867
96.5978, 134.797
Particle 16 new velocities: 53.3073, 49.3973
94.9113, 101.323
Particle 17 new velocities: 38.6846, 37.6525
97.5819, 83.6153
Particle 18 new velocities: 36.2512, 28.509
61.2116, 64.1049
Particle 19 new velocities: 45.0794, 48.782
101.129, 125.331
Particle 20 new velocities: 55.9548, 44.6629
117.467, 109.114
-- ITERATION 12 --
-------------
Particle: 1:
Relays Coordinates:
106.808, 94.5642
193.35, 201.137
Evaluation Time: 1.44872 seconds
Resulting Fitness: 0.438889
-------------
Particle: 2:
Relays Coordinates:
101.261, 98.918
194.047, 216.15
Evaluation Time: 1.41175 seconds
Resulting Fitness: 0.463889
New local best!
-------------
Particle: 3:
Relays Coordinates:
106.907, 98.2922
221.108, 193.93
Evaluation Time: 1.40969 seconds
Resulting Fitness: 0.461111
New local best!
-------------
Particle: 4:
Relays Coordinates:
104.644, 96.0845
172.276, 197.258
Evaluation Time: 1.36347 seconds
Resulting Fitness: 0.408333
-------------
Particle: 5:
Relays Coordinates:
100.559, 96.7867
165.201, 203.456
Evaluation Time: 1.30496 seconds
Resulting Fitness: 0.372222
-------------
Particle: 6:
Relays Coordinates:
107.826, 95.8453
195.741, 210.82
Evaluation Time: 1.46631 seconds
Resulting Fitness: 0.472222
New local best!
-------------
Particle: 7:
Relays Coordinates:
118.611, 96.2331
199.853, 208.531
Evaluation Time: 1.45881 seconds
Resulting Fitness: 0.463889
-------------
Particle: 8:
Relays Coordinates:
115.565, 97.5198
202.315, 221.624
Evaluation Time: 1.44603 seconds
Resulting Fitness: 0.463889
-------------
Particle: 9:
Relays Coordinates:
109.923, 99.9017
183.78, 219.86
Evaluation Time: 1.46909 seconds
Resulting Fitness: 0.447222
-------------
Particle: 10:
Relays Coordinates:
107.24, 95.57
183.216, 200.27
Evaluation Time: 1.41502 seconds
Resulting Fitness: 0.419444
-------------
Particle: 11:
Relays Coordinates:
106.638, 93.7821
187.375, 190.567
Evaluation Time: 1.37715 seconds
Resulting Fitness: 0.416667
-------------
Particle: 12:
Relays Coordinates:
105.723, 101.804
209.05, 207.147
Evaluation Time: 1.45393 seconds
Resulting Fitness: 0.455556
New local best!
-------------
Particle: 13:
Relays Coordinates:
116.719, 89.4071
178.861, 187.439
Evaluation Time: 1.32872 seconds
Resulting Fitness: 0.408333
-------------
Particle: 14:
Relays Coordinates:
113.716, 91.3845
195.63, 184.484
Evaluation Time: 1.36414 seconds
Resulting Fitness: 0.413889
-------------
Particle: 15:
Relays Coordinates:
105.897, 97.2405
189.444, 217.616
Evaluation Time: 1.40735 seconds
Resulting Fitness: 0.455556
New local best!
-------------
Particle: 16:
Relays Coordinates:
103.654, 97.7776
192.754, 202.339
Evaluation Time: 1.42093 seconds
Resulting Fitness: 0.427778
-------------
Particle: 17:
Relays Coordinates:
89.4318, 83.7111
188.18, 182.933
Evaluation Time: 1.42179 seconds
Resulting Fitness: 0.413889
-------------
Particle: 18:
Relays Coordinates:
106.672, 91.329
179.378, 207.922
Evaluation Time: 1.4038 seconds
Resulting Fitness: 0.416667
-------------
Particle: 19:
Relays Coordinates:
99.2625, 90.7226
184.056, 218.934
Evaluation Time: 1.42748 seconds
Resulting Fitness: 0.436111
-------------
Particle: 20:
Relays Coordinates:
110.937, 82.8849
190.088, 205.009
Evaluation Time: 1.40741 seconds
Resulting Fitness: 0.436111
Current global best fitness: 0.480556
Current global best relays: 116.851, 100.003
208.881, 219.925
Particle 1 new velocities: 48.1958, 31.9609
80.5818, 71.3676
Particle 2 new velocities: 66.3394, 60.0119
105.723, 114.758
Particle 3 new velocities: 28.087, 18.9669
47.7937, 63.7274
Particle 4 new velocities: 49.8995, 39.5619
120.013, 85.5106
Particle 5 new velocities: 36.191, 38.7414
74.787, 93.5512
Particle 6 new velocities: 35.964, 24.4819
61.613, 58.9574
Particle 7 new velocities: 50.6469, 41.8381
89.756, 92.7748
Particle 8 new velocities: 36.3956, 30.657
73.3954, 66.9175
Particle 9 new velocities: 41.7617, 33.7351
61.5579, 65.3543
Particle 10 new velocities: 60.8563, 53.9619
142.9, 118.48
Particle 11 new velocities: 58.273, 37.3703
99.7361, 72.9264
Particle 12 new velocities: 40.5712, 30.3399
66.2516, 81.2401
Particle 13 new velocities: 61.2618, 56.6055
117.116, 85.1317
Particle 14 new velocities: 32.208, 30.8537
76.2901, 145.252
Particle 15 new velocities: 43.7815, 37.1358
88.3636, 109.823
Particle 16 new velocities: 50.2174, 44.0743
97.0857, 93.6854
Particle 17 new velocities: 72.504, 38.0259
105.007, 85.8808
Particle 18 new velocities: 30.6316, 31.0092
88.7833, 75.0484
Particle 19 new velocities: 49.2278, 49.1501
102.808, 108.43
Particle 20 new velocities: 67.7831, 46.2733
106.654, 120.752
-- ITERATION 13 --
-------------
Particle: 1:
Relays Coordinates:
112.998, 92.2368
199.697, 198.656
Evaluation Time: 1.39911 seconds
Resulting Fitness: 0.45
-------------
Particle: 2:
Relays Coordinates:
109.962, 104.274
196.679, 217.109
Evaluation Time: 1.43327 seconds
Resulting Fitness: 0.452778
-------------
Particle: 3:
Relays Coordinates:
98.4105, 85.4819
196.03, 187.832
Evaluation Time: 1.39935 seconds
Resulting Fitness: 0.413889
-------------
Particle: 4:
Relays Coordinates:
112.662, 98.8862
213.079, 206.138
Evaluation Time: 1.47003 seconds
Resulting Fitness: 0.472222
New local best!
-------------
Particle: 5:
Relays Coordinates:
99.6905, 98.8
174.951, 216.518
Evaluation Time: 1.33943 seconds
Resulting Fitness: 0.408333
-------------
Particle: 6:
Relays Coordinates:
116.47, 97.465
208.457, 218.519
Evaluation Time: 1.50517 seconds
Resulting Fitness: 0.480556
New local best!
-------------
Particle: 7:
Relays Coordinates:
111.05, 90.5886
190.012, 197.687
Evaluation Time: 1.42632 seconds
Resulting Fitness: 0.425
-------------
Particle: 8:
Relays Coordinates:
110.779, 93.4409
200.993, 210.347
Evaluation Time: 1.43992 seconds
Resulting Fitness: 0.477778
-------------
Particle: 9:
Relays Coordinates:
110.578, 97.4212
178.851, 207.921
Evaluation Time: 1.42165 seconds
Resulting Fitness: 0.430556
-------------
Particle: 10:
Relays Coordinates:
110.288, 98.1079
213.965, 209.132
Evaluation Time: 1.41851 seconds
Resulting Fitness: 0.466667
-------------
Particle: 11:
Relays Coordinates:
120.22, 95.6101
209.304, 192.087
Evaluation Time: 1.40868 seconds
Resulting Fitness: 0.425
-------------
Particle: 12:
Relays Coordinates:
106.648, 96.3326
200.695, 210.234
Evaluation Time: 1.42103 seconds
Resulting Fitness: 0.475
New local best!
-------------
Particle: 13:
Relays Coordinates:
116.773, 95.7988
194.191, 178.834
Evaluation Time: 1.37317 seconds
Resulting Fitness: 0.402778
-------------
Particle: 14:
Relays Coordinates:
86.1668, 72.1804
160.566, 194.706
Evaluation Time: 1.31459 seconds
Resulting Fitness: 0.375
-------------
Particle: 15:
Relays Coordinates:
98.2044, 88.1643
182.269, 214.832
Evaluation Time: 1.45081 seconds
Resulting Fitness: 0.425
-------------
Particle: 16:
Relays Coordinates:
112.172, 103.41
211.293, 215.802
Evaluation Time: 1.45588 seconds
Resulting Fitness: 0.483333
New local best!
New global best!
-------------
Particle: 17:
Relays Coordinates:
118.051, 88.7462
213.733, 195.965
Evaluation Time: 1.44649 seconds
Resulting Fitness: 0.452778
-------------
Particle: 18:
Relays Coordinates:
100.094, 89.1846
195.489, 206.285
Evaluation Time: 1.40455 seconds
Resulting Fitness: 0.438889
-------------
Particle: 19:
Relays Coordinates:
97.4245, 91.7704
188.211, 214.783
Evaluation Time: 1.42504 seconds
Resulting Fitness: 0.427778
-------------
Particle: 20:
Relays Coordinates:
117.259, 84.7407
194.692, 213.731
Evaluation Time: 1.45888 seconds
Resulting Fitness: 0.469444
New local best!
Current global best fitness: 0.483333
Current global best relays: 112.172, 103.41
211.293, 215.802
Particle 1 new velocities: 41.3211, 37.2818
84.5442, 95.7712
Particle 2 new velocities: 42.9746, 42.4829
83.6958, 90.5214
Particle 3 new velocities: 36.1222, 35.7612
74.1781, 81.039
Particle 4 new velocities: 39.6352, 33.908
93.8927, 77.7636
Particle 5 new velocities: 39.662, 42.6801
94.8487, 86.9653
Particle 6 new velocities: 26.9962, 26.5829
51.8587, 45.1862
Particle 7 new velocities: 39.5862, 63.3164
73.7068, 105.854
Particle 8 new velocities: 35.8105, 39.747
80.9605, 68.3029
Particle 9 new velocities: 35.3108, 33.1584
96.5314, 61.3638
Particle 10 new velocities: 65.3178, 42.2508
107.728, 103.326
Particle 11 new velocities: 36.3063, 38.7179
80.5011, 84.8435
Particle 12 new velocities: 39.2789, 26.9084
61.1301, 72.1981
Particle 13 new velocities: 42.3109, 53.2215
117.057, 101.425
Particle 14 new velocities: 71.6373, 60.1793
101.888, 162.296
Particle 15 new velocities: 57.9602, 50.6406
89.2991, 91.1707
Particle 16 new velocities: 40.1739, 35.2594
77.6685, 74.9483
Particle 17 new velocities: 56.5648, 61.5562
73.9038, 94.0707
Particle 18 new velocities: 44.9757, 43.0671
99.5334, 84.41
Particle 19 new velocities: 62.5974, 59.4914
84.1248, 111.209
Particle 20 new velocities: 51.4282, 40.9261
101.057, 97.3674
-- ITERATION 14 --
-------------
Particle: 1:
Relays Coordinates:
112.498, 94.419
207.212, 214.637
Evaluation Time: 1.46153 seconds
Resulting Fitness: 0.475
New local best!
-------------
Particle: 2:
Relays Coordinates:
111.491, 106.986
204.393, 224.262
Evaluation Time: 1.54287 seconds
Resulting Fitness: 0.466667
New local best!
-------------
Particle: 3:
Relays Coordinates:
98.0744, 88.3863
196.981, 196.007
Evaluation Time: 1.4307 seconds
Resulting Fitness: 0.438889
-------------
Particle: 4:
Relays Coordinates:
99.9223, 87.1263
201.404, 186.268
Evaluation Time: 1.40005 seconds
Resulting Fitness: 0.427778
-------------
Particle: 5:
Relays Coordinates:
101.588, 103.139
196.684, 221.239
Evaluation Time: 1.46253 seconds
Resulting Fitness: 0.444444
-------------
Particle: 6:
Relays Coordinates:
116.207, 100.479
210.855, 213.601
Evaluation Time: 1.44715 seconds
Resulting Fitness: 0.466667
-------------
Particle: 7:
Relays Coordinates:
98.8323, 100.977
173.026, 199.153
Evaluation Time: 1.35586 seconds
Resulting Fitness: 0.394444
-------------
Particle: 8:
Relays Coordinates:
106.864, 97.0939
205.544, 203.136
Evaluation Time: 1.43941 seconds
Resulting Fitness: 0.463889
-------------
Particle: 9:
Relays Coordinates:
106.353, 95.1925
200.754, 196.309
Evaluation Time: 1.39727 seconds
Resulting Fitness: 0.436111
-------------
Particle: 10:
Relays Coordinates:
115.215, 92.0893
211.062, 205.004
Evaluation Time: 1.44339 seconds
Resulting Fitness: 0.475
New local best!
-------------
Particle: 11:
Relays Coordinates:
114.108, 97.9251
211.268, 201.882
Evaluation Time: 1.44595 seconds
Resulting Fitness: 0.461111
-------------
Particle: 12:
Relays Coordinates:
106.381, 89.8427
190.87, 205.893
Evaluation Time: 1.44228 seconds
Resulting Fitness: 0.45
-------------
Particle: 13:
Relays Coordinates:
104.375, 97.7722
204.209, 183.878
Evaluation Time: 1.38483 seconds
Resulting Fitness: 0.419444
-------------
Particle: 14:
Relays Coordinates:
93.1817, 78.1571
154.977, 210.806
Evaluation Time: 1.35058 seconds
Resulting Fitness: 0.380556
-------------
Particle: 15:
Relays Coordinates:
113.844, 101.189
197.973, 223.076
Evaluation Time: 1.52202 seconds
Resulting Fitness: 0.458333
New local best!
-------------
Particle: 16:
Relays Coordinates:
111.06, 101.09
210.653, 211.957
Evaluation Time: 1.47785 seconds
Resulting Fitness: 0.486111
New local best!
New global best!
-------------
Particle: 17:
Relays Coordinates:
114.566, 98.6134
188.719, 190.293
Evaluation Time: 1.37821 seconds
Resulting Fitness: 0.413889
-------------
Particle: 18:
Relays Coordinates:
95.1804, 86.7703
193.565, 190.725
Evaluation Time: 1.40122 seconds
Resulting Fitness: 0.419444
-------------
Particle: 19:
Relays Coordinates:
104.99, 99.2429
178.68, 213.884
Evaluation Time: 1.39909 seconds
Resulting Fitness: 0.422222
-------------
Particle: 20:
Relays Coordinates:
110.675, 82.45
194.041, 204.112
Evaluation Time: 1.42718 seconds
Resulting Fitness: 0.452778
Current global best fitness: 0.486111
Current global best relays: 111.06, 101.09
210.653, 211.957
Particle 1 new velocities: 31.4994, 37.6851
70.6092, 74.7758
Particle 2 new velocities: 33.8529, 26.9989
71.0054, 58.4382
Particle 3 new velocities: 45.9214, 44.2264
109.031, 79.4692
Particle 4 new velocities: 52.5538, 49.0183
94.3646, 97.1158
Particle 5 new velocities: 44.5274, 33.1939
79.0117, 62.7562
Particle 6 new velocities: 19.8592, 20.9981
39.9163, 37.4834
Particle 7 new velocities: 46.3847, 48.3445
87.4667, 125.899
Particle 8 new velocities: 31.4814, 41.6131
72.8409, 77.0038
Particle 9 new velocities: 36.851, 32.4969
87.7743, 86.0832
Particle 10 new velocities: 48.1399, 38.5527
85.9714, 91.0542
Particle 11 new velocities: 35.3226, 25.5665
61.9682, 69.8103
Particle 12 new velocities: 36.6031, 41.748
69.1622, 63.603
Particle 13 new velocities: 42.6546, 41.7805
99.0142, 105.865
Particle 14 new velocities: 85.3525, 111.098
188.708, 146.161
Particle 15 new velocities: 45.7998, 40.4284
80.5285, 68.3782
Particle 16 new velocities: 32.1391, 28.2075
62.1348, 59.9586
Particle 17 new velocities: 24.4018, 48.6683
91.0225, 95.4732
Particle 18 new velocities: 45.8668, 62.649
97.0256, 88.6112
Particle 19 new velocities: 58.2802, 50.1137
101.152, 94.0832
Particle 20 new velocities: 47.3573, 45.1929
94.5417, 89.8147
-- ITERATION 15 --
-------------
Particle: 1:
Relays Coordinates:
104.974, 96.3039
202.531, 210.982
Evaluation Time: 1.44542 seconds
Resulting Fitness: 0.472222
-------------
Particle: 2:
Relays Coordinates:
105.956, 97.6748
200.766, 206.089
Evaluation Time: 1.394 seconds
Resulting Fitness: 0.45
-------------
Particle: 3:
Relays Coordinates:
94.4756, 87.0071
200.775, 180.74
Evaluation Time: 1.35875 seconds
Resulting Fitness: 0.408333
-------------
Particle: 4:
Relays Coordinates:
111.155, 99.2494
215.615, 206.587
Evaluation Time: 1.43156 seconds
Resulting Fitness: 0.472222
-------------
Particle: 5:
Relays Coordinates:
106.518, 99.3867
200.982, 207.033
Evaluation Time: 1.37836 seconds
Resulting Fitness: 0.461111
-------------
Particle: 6:
Relays Coordinates:
110.214, 98.3963
203.125, 203.379
Evaluation Time: 1.42924 seconds
Resulting Fitness: 0.461111
-------------
Particle: 7:
Relays Coordinates:
105.863, 108.855
189.899, 236.963
Evaluation Time: 1.49516 seconds
Resulting Fitness: 0.452778
-------------
Particle: 8:
Relays Coordinates:
100.854, 101.117
202.942, 204.222
Evaluation Time: 1.46846 seconds
Resulting Fitness: 0.452778
-------------
Particle: 9:
Relays Coordinates:
104.396, 93.0856
210.337, 205.864
Evaluation Time: 1.44557 seconds
Resulting Fitness: 0.463889
-------------
Particle: 10:
Relays Coordinates:
107.177, 85.7142
194.884, 194.244
Evaluation Time: 1.36678 seconds
Resulting Fitness: 0.422222
-------------
Particle: 11:
Relays Coordinates:
108.935, 90.0254
199.189, 198.064
Evaluation Time: 1.37719 seconds
Resulting Fitness: 0.444444
-------------
Particle: 12:
Relays Coordinates:
104.235, 95.9296
189.564, 196.463
Evaluation Time: 1.37521 seconds
Resulting Fitness: 0.408333
-------------
Particle: 13:
Relays Coordinates:
96.4661, 91.5606
198.945, 190.101
Evaluation Time: 1.3885 seconds
Resulting Fitness: 0.425
-------------
Particle: 14:
Relays Coordinates:
105.423, 111.753
202.942, 210.785
Evaluation Time: 1.43479 seconds
Resulting Fitness: 0.436111
-------------
Particle: 15:
Relays Coordinates:
104.742, 92.915
182.725, 191.223
Evaluation Time: 1.37502 seconds
Resulting Fitness: 0.413889
-------------
Particle: 16:
Relays Coordinates:
104.392, 94.2579
198.862, 198.227
Evaluation Time: 1.38748 seconds
Resulting Fitness: 0.427778
-------------
Particle: 17:
Relays Coordinates:
101.307, 107.368
203.931, 208.323
Evaluation Time: 1.41448 seconds
Resulting Fitness: 0.455556
-------------
Particle: 18:
Relays Coordinates:
102.823, 108.927
211.84, 203.636
Evaluation Time: 1.42807 seconds
Resulting Fitness: 0.461111
-------------
Particle: 19:
Relays Coordinates:
107.122, 97.9928
183.598, 202.057
Evaluation Time: 1.36772 seconds
Resulting Fitness: 0.413889
-------------
Particle: 20:
Relays Coordinates:
115.206, 93.0517
210.377, 214.272
Evaluation Time: 1.4773 seconds
Resulting Fitness: 0.480556
New local best!
Current global best fitness: 0.486111
Current global best relays: 111.06, 101.09
210.653, 211.957
Particle 1 new velocities: 31.4295, 32.2679
64.5633, 63.3034
Particle 2 new velocities: 34.0517, 27.5114
71.6591, 64.9354
Particle 3 new velocities: 62.7015, 48.9815
119.534, 90.3275
Particle 4 new velocities: 44.403, 38.8865
67.2544, 79.5479
Particle 5 new velocities: 38.8591, 30.3862
47.2759, 84.2846
Particle 6 new velocities: 22.6865, 15.9993
43.1825, 55.4078
Particle 7 new velocities: 42.1689, 21.454
94.1053, 60.2061
Particle 8 new velocities: 51.9548, 31.9171
70.4994, 92.779
Particle 9 new velocities: 35.926, 33.639
54.5172, 85.5716
Particle 10 new velocities: 49.2354, 52.6483
108.461, 85.0134
Particle 11 new velocities: 41.6684, 27.7889
67.495, 68.9434
Particle 12 new velocities: 37.3426, 39.2341
95.4179, 75.1681
Particle 13 new velocities: 63.5383, 35.7825
95.6274, 110.199
Particle 14 new velocities: 74.7804, 66.5071
161.871, 129.904
Particle 15 new velocities: 45.5264, 37.8777
86.7384, 96.4278
Particle 16 new velocities: 38.3432, 37.7212
66.0613, 60.6649
Particle 17 new velocities: 21.8685, 24.7578
75.1577, 83.6866
Particle 18 new velocities: 45.1017, 41.4189
74.3396, 96.3823
Particle 19 new velocities: 49.0998, 42.1305
96.3571, 113.487
Particle 20 new velocities: 33.1284, 37.0795
75.8601, 71.3538
-- ITERATION 16 --
-------------
Particle: 1:
Relays Coordinates:
99.4384, 93.7288
194.712, 199.954
Evaluation Time: 1.40242 seconds
Resulting Fitness: 0.425
-------------
Particle: 2:
Relays Coordinates:
102.065, 91.2608
198.598, 197.576
Evaluation Time: 1.42839 seconds
Resulting Fitness: 0.438889
-------------
Particle: 3:
Relays Coordinates:
114.582, 99.1358
233.505, 197.608
Evaluation Time: 1.50742 seconds
Resulting Fitness: 0.455556
-------------
Particle: 4:
Relays Coordinates:
113.402, 100.701
206.212, 208.592
Evaluation Time: 1.43747 seconds
Resulting Fitness: 0.463889
-------------
Particle: 5:
Relays Coordinates:
105.98, 94.6045
180.98, 212.37
Evaluation Time: 1.37268 seconds
Resulting Fitness: 0.441667
-------------
Particle: 6:
Relays Coordinates:
107.649, 92.6604
199.509, 209.617
Evaluation Time: 1.47404 seconds
Resulting Fitness: 0.475
-------------
Particle: 7:
Relays Coordinates:
97.1239, 85.496
186.335, 194.973
Evaluation Time: 1.4389 seconds
Resulting Fitness: 0.394444
-------------
Particle: 8:
Relays Coordinates:
111.397, 96.9822
199.339, 216.513
Evaluation Time: 1.48493 seconds
Resulting Fitness: 0.469444
-------------
Particle: 9:
Relays Coordinates:
102.294, 92.3822
193.079, 212.456
Evaluation Time: 1.47684 seconds
Resulting Fitness: 0.45
-------------
Particle: 10:
Relays Coordinates:
114.025, 100.866
221.139, 203.578
Evaluation Time: 1.41585 seconds
Resulting Fitness: 0.45
-------------
Particle: 11:
Relays Coordinates:
121.989, 95.4296
216.014, 216.276
Evaluation Time: 1.45535 seconds
Resulting Fitness: 0.438889
-------------
Particle: 12:
Relays Coordinates:
103.21, 98.5343
207.752, 198.019
Evaluation Time: 1.38639 seconds
Resulting Fitness: 0.436111
-------------
Particle: 13:
Relays Coordinates:
104.979, 83.5498
193.269, 197.027
Evaluation Time: 1.37502 seconds
Resulting Fitness: 0.422222
-------------
Particle: 14:
Relays Coordinates:
106.408, 105.261
215.419, 201.173
Evaluation Time: 1.39226 seconds
Resulting Fitness: 0.452778
-------------
Particle: 15:
Relays Coordinates:
109.546, 95.3479
196.439, 209.698
Evaluation Time: 1.40653 seconds
Resulting Fitness: 0.461111
New local best!
-------------
Particle: 16:
Relays Coordinates:
104.054, 96.2128
193.129, 188.732
Evaluation Time: 1.76441 seconds
Resulting Fitness: 0.422222
-------------
Particle: 17:
Relays Coordinates:
80.8155, 86.688
183.11, 191.588
Evaluation Time: 1.3904 seconds
Resulting Fitness: 0.411111
-------------
Particle: 18:
Relays Coordinates:
107.837, 109.602
208.625, 218.713
Evaluation Time: 1.46531 seconds
Resulting Fitness: 0.45
-------------
Particle: 19:
Relays Coordinates:
102.497, 91.9349
183.678, 207.029
Evaluation Time: 1.44549 seconds
Resulting Fitness: 0.419444
-------------
Particle: 20:
Relays Coordinates:
108.136, 94.8656
208.667, 208.222
Evaluation Time: 1.42152 seconds
Resulting Fitness: 0.461111
Current global best fitness: 0.486111
Current global best relays: 111.06, 101.09
210.653, 211.957
Particle 1 new velocities: 53.1471, 34.9934
77.9273, 79.8397
Particle 2 new velocities: 52.8559, 44.3128
73.5263, 64.0175
Particle 3 new velocities: 47.5761, 39.2538
56.8184, 73.7416
Particle 4 new velocities: 35.2556, 30.1117
64.86, 66.2085
Particle 5 new velocities: 31.917, 29.0602
56.742, 79.6588
Particle 6 new velocities: 30.9318, 23.7647
53.9708, 54.2027
Particle 7 new velocities: 50.026, 45.0365
90.5152, 78.0853
Particle 8 new velocities: 48.3835, 31.2306
75.4989, 77.7365
Particle 9 new velocities: 42.2988, 43.8786
67.0057, 83.0611
Particle 10 new velocities: 38.7657, 30.053
74.3343, 69.9251
Particle 11 new velocities: 27.0194, 23.0015
42.1052, 46.4259
Particle 12 new velocities: 41.1085, 30.6749
66.9145, 91.4084
Particle 13 new velocities: 61.5869, 61.5769
99.393, 89.33
Particle 14 new velocities: 78.8112, 49.7416
126.557, 147.693
Particle 15 new velocities: 37.3325, 37.1194
86.294, 79.9386
Particle 16 new velocities: 39.414, 35.7887
78.5963, 83.2131
Particle 17 new velocities: 38.2485, 28.6762
122.908, 116.53
Particle 18 new velocities: 40.0318, 10.8367
59.3515, 79.6501
Particle 19 new velocities: 50.1747, 36.8663
96.8445, 133.258
Particle 20 new velocities: 36.9353, 30.4926
63.4889, 62.3027
-- ITERATION 17 --
-------------
Particle: 1:
Relays Coordinates:
111.235, 93.8385
198.754, 203.97
Evaluation Time: 1.4179 seconds
Resulting Fitness: 0.461111
-------------
Particle: 2:
Relays Coordinates:
112.938, 98.8331
198.378, 190.702
Evaluation Time: 1.46897 seconds
Resulting Fitness: 0.427778
-------------
Particle: 3:
Relays Coordinates:
106.392, 90.7974
190.481, 178.033
Evaluation Time: 1.32231 seconds
Resulting Fitness: 0.408333
-------------
Particle: 4:
Relays Coordinates:
108.371, 95.3625
197.612, 200.33
Evaluation Time: 1.38547 seconds
Resulting Fitness: 0.436111
-------------
Particle: 5:
Relays Coordinates:
100.527, 90.1516
173.299, 212.889
Evaluation Time: 1.38349 seconds
Resulting Fitness: 0.419444
-------------
Particle: 6:
Relays Coordinates:
112.251, 94.3044
205.319, 213.694
Evaluation Time: 1.43493 seconds
Resulting Fitness: 0.486111
New local best!
-------------
Particle: 7:
Relays Coordinates:
107.272, 95.1582
201.824, 199.059
Evaluation Time: 1.39467 seconds
Resulting Fitness: 0.430556
-------------
Particle: 8:
Relays Coordinates:
116.48, 93.4671
200.357, 214.508
Evaluation Time: 1.4705 seconds
Resulting Fitness: 0.477778
-------------
Particle: 9:
Relays Coordinates:
105.409, 99.3341
189.602, 215.432
Evaluation Time: 1.43651 seconds
Resulting Fitness: 0.455556
-------------
Particle: 10:
Relays Coordinates:
111.384, 95.4402
215.4, 199.384
Evaluation Time: 1.45676 seconds
Resulting Fitness: 0.455556
-------------
Particle: 11:
Relays Coordinates:
120.697, 95.9291
209.077, 212.788
Evaluation Time: 1.4846 seconds
Resulting Fitness: 0.469444
New local best!
-------------
Particle: 12:
Relays Coordinates:
105.208, 94.1936
200.232, 210.993
Evaluation Time: 1.43249 seconds
Resulting Fitness: 0.472222
-------------
Particle: 13:
Relays Coordinates:
109.284, 95.2176
192.015, 187.879
Evaluation Time: 1.39837 seconds
Resulting Fitness: 0.411111
-------------
Particle: 14:
Relays Coordinates:
109.37, 91.5275
201.933, 206.002
Evaluation Time: 1.39254 seconds
Resulting Fitness: 0.461111
-------------
Particle: 15:
Relays Coordinates:
107.074, 96.5687
206.112, 211.145
Evaluation Time: 1.40307 seconds
Resulting Fitness: 0.461111
-------------
Particle: 16:
Relays Coordinates:
104.588, 96.2291
198.088, 198.248
Evaluation Time: 1.43768 seconds
Resulting Fitness: 0.436111
-------------
Particle: 17:
Relays Coordinates:
63.2755, 61.3093
162.63, 163.747
Evaluation Time: 1.33407 seconds
Resulting Fitness: 0.372222
-------------
Particle: 18:
Relays Coordinates:
97.017, 79.0198
175.819, 195.756
Evaluation Time: 1.34026 seconds
Resulting Fitness: 0.402778
-------------
Particle: 19:
Relays Coordinates:
90.1511, 76.0558
165.646, 200.936
Evaluation Time: 1.7067 seconds
Resulting Fitness: 0.377778
-------------
Particle: 20:
Relays Coordinates:
105.757, 91.3861
198.401, 197.212
Evaluation Time: 1.42105 seconds
Resulting Fitness: 0.430556
Current global best fitness: 0.486111
Current global best relays: 111.06, 101.09
210.653, 211.957
Particle 1 new velocities: 43.1037, 30.6466
69.5765, 72.7908
Particle 2 new velocities: 38.9935, 40.1528
76.0208, 104.381
Particle 3 new velocities: 41.5283, 41.5612
86.5207, 88.6003
Particle 4 new velocities: 36.4326, 29.3237
65.6032, 69.032
Particle 5 new velocities: 27.7018, 36.0295
64.2636, 74.3877
Particle 6 new velocities: 23.5022, 24.4841
49.2048, 42.2796
Particle 7 new velocities: 46.8485, 46.0718
75.6602, 94.3652
Particle 8 new velocities: 36.1189, 38.2926
74.9932, 66.8111
Particle 9 new velocities: 43.0773, 38.1053
79.3718, 73.5502
Particle 10 new velocities: 32.1539, 25.3742
57.2442, 62.0553
Particle 11 new velocities: 20.746, 23.8217
33.8169, 36.2238
Particle 12 new velocities: 40.5358, 32.7643
60.4109, 72.8338
Particle 13 new velocities: 50.052, 55.4565
96.4617, 100.56
Particle 14 new velocities: 72.5738, 63.0138
111.874, 145.833
Particle 15 new velocities: 34.0995, 31.1643
56.1882, 63.8302
Particle 16 new velocities: 42.7302, 36.9892
82.7238, 90.1908
Particle 17 new velocities: 51.8495, 88.9785
119.326, 196.379
Particle 18 new velocities: 46.6794, 31.3798
89.9522, 111.269
Particle 19 new velocities: 57.6685, 57.6994
135.745, 155.784
Particle 20 new velocities: 50.8817, 30.3215
70.7064, 81.3332
-- ITERATION 18 --
-------------
Particle: 1:
Relays Coordinates:
112.513, 90.7496
195.613, 201.759
Evaluation Time: 1.41093 seconds
Resulting Fitness: 0.441667
-------------
Particle: 2:
Relays Coordinates:
110.758, 101.321
200.037, 215.116
Evaluation Time: 1.46108 seconds
Resulting Fitness: 0.466667
-------------
Particle: 3:
Relays Coordinates:
107.834, 96.4894
201.934, 194.375
Evaluation Time: 1.46487 seconds
Resulting Fitness: 0.433333
-------------
Particle: 4:
Relays Coordinates:
117.291, 100.996
213.204, 218.183
Evaluation Time: 1.52798 seconds
Resulting Fitness: 0.455556
-------------
Particle: 5:
Relays Coordinates:
93.4787, 91.986
173.184, 209.425
Evaluation Time: 1.45507 seconds
Resulting Fitness: 0.405556
-------------
Particle: 6:
Relays Coordinates:
109.96, 96.2186
206.164, 207.339
Evaluation Time: 1.43654 seconds
Resulting Fitness: 0.461111
-------------
Particle: 7:
Relays Coordinates:
112.354, 102.957
202.286, 213.906
Evaluation Time: 1.46393 seconds
Resulting Fitness: 0.472222
-------------
Particle: 8:
Relays Coordinates:
111.245, 96.0528
200.73, 205.082
Evaluation Time: 1.38225 seconds
Resulting Fitness: 0.45
-------------
Particle: 9:
Relays Coordinates:
108.246, 100.193
196.082, 210.668
Evaluation Time: 1.43596 seconds
Resulting Fitness: 0.461111
-------------
Particle: 10:
Relays Coordinates:
116.266, 97.8596
220.842, 211.766
Evaluation Time: 1.43109 seconds
Resulting Fitness: 0.447222
-------------
Particle: 11:
Relays Coordinates:
114.568, 96.9982
196.744, 201.7
Evaluation Time: 1.46905 seconds
Resulting Fitness: 0.438889
-------------
Particle: 12:
Relays Coordinates:
106.248, 92.5523
190.008, 206.909
Evaluation Time: 1.44083 seconds
Resulting Fitness: 0.452778
-------------
Particle: 13:
Relays Coordinates:
104.54, 98.8573
189.27, 189.245
Evaluation Time: 1.42617 seconds
Resulting Fitness: 0.425
-------------
Particle: 14:
Relays Coordinates:
107.436, 91.2551
185.3, 207.755
Evaluation Time: 1.40398 seconds
Resulting Fitness: 0.425
-------------
Particle: 15:
Relays Coordinates:
114.351, 103.464
212.463, 222.73
Evaluation Time: 1.49231 seconds
Resulting Fitness: 0.477778
New local best!
-------------
Particle: 16:
Relays Coordinates:
107.395, 97.1161
204.712, 210.272
Evaluation Time: 1.44727 seconds
Resulting Fitness: 0.483333
-------------
Particle: 17:
Relays Coordinates:
61.1822, 79.8691
149.843, 191.385
Evaluation Time: 1.27819 seconds
Resulting Fitness: 0.358333
-------------
Particle: 18:
Relays Coordinates:
94.2792, 72.4332
174.373, 201.439
Evaluation Time: 1.39495 seconds
Resulting Fitness: 0.402778
-------------
Particle: 19:
Relays Coordinates:
78.5574, 71.083
160.171, 189.575
Evaluation Time: 1.26312 seconds
Resulting Fitness: 0.369444
-------------
Particle: 20:
Relays Coordinates:
114.189, 88.7249
196.18, 203.06
Evaluation Time: 1.40027 seconds
Resulting Fitness: 0.438889
Current global best fitness: 0.486111
Current global best relays: 111.06, 101.09
210.653, 211.957
Particle 1 new velocities: 34.0418, 39.8635
78.9033, 79.3219
Particle 2 new velocities: 32.0403, 38.4459
67.2252, 82.1632
Particle 3 new velocities: 35.0533, 39.3096
93.8959, 88.4622
Particle 4 new velocities: 20.4345, 22.9823
51.2695, 36.4926
Particle 5 new velocities: 44.2063, 49.9042
98.5741, 90.7098
Particle 6 new velocities: 21.9626, 17.342
43.5499, 41.5344
Particle 7 new velocities: 37.1802, 31.565
60.998, 77.1121
Particle 8 new velocities: 31.0405, 39.8988
68.304, 68.8921
Particle 9 new velocities: 41.838, 31.0444
79.9753, 68.8547
Particle 10 new velocities: 23.4561, 22.7541
29.9855, 42.6439
Particle 11 new velocities: 21.0498, 20.7144
42.7832, 46.5958
Particle 12 new velocities: 37.4253, 29.5412
60.1568, 69.181
Particle 13 new velocities: 43.7148, 45.7844
94.1769, 108.41
Particle 14 new velocities: 65.2213, 68.6545
122.827, 129.308
Particle 15 new velocities: 23.952, 23.62
44.7615, 45.4877
Particle 16 new velocities: 40.5106, 35.9841
71.2146, 73.0258
Particle 17 new velocities: 116.938, 83.5455
197.597, 185.082
Particle 18 new velocities: 79.4982, 94.1424
121.55, 103.499
Particle 19 new velocities: 105.587, 83.3052
168.051, 198.774
Particle 20 new velocities: 40.9491, 43.8405
68.8485, 79.5445
-- ITERATION 19 --
-------------
Particle: 1:
Relays Coordinates:
106.838, 95.2169
200.122, 204.908
Evaluation Time: 1.4405 seconds
Resulting Fitness: 0.447222
-------------
Particle: 2:
Relays Coordinates:
104.1, 101.89
194.834, 216.716
Evaluation Time: 1.46932 seconds
Resulting Fitness: 0.472222
New local best!
-------------
Particle: 3:
Relays Coordinates:
104.165, 98.9975
215.66, 206.189
Evaluation Time: 1.46006 seconds
Resulting Fitness: 0.472222
New local best!
-------------
Particle: 4:
Relays Coordinates:
111.558, 100.422
214.223, 206.287
Evaluation Time: 1.46649 seconds
Resulting Fitness: 0.461111
-------------
Particle: 5:
Relays Coordinates:
100.372, 103.438
198.111, 218.798
Evaluation Time: 1.44958 seconds
Resulting Fitness: 0.452778
-------------
Particle: 6:
Relays Coordinates:
106.857, 91.9841
202.268, 201.587
Evaluation Time: 1.44737 seconds
Resulting Fitness: 0.45
-------------
Particle: 7:
Relays Coordinates:
109.01, 98.0663
191.934, 212.153
Evaluation Time: 1.47177 seconds
Resulting Fitness: 0.458333
-------------
Particle: 8:
Relays Coordinates:
103.726, 99.1087
196.126, 199.727
Evaluation Time: 1.41082 seconds
Resulting Fitness: 0.438889
-------------
Particle: 9:
Relays Coordinates:
109.411, 95.6723
201.246, 203.772
Evaluation Time: 1.46307 seconds
Resulting Fitness: 0.463889
-------------
Particle: 10:
Relays Coordinates:
113.175, 97.6971
203.17, 206.072
Evaluation Time: 1.45201 seconds
Resulting Fitness: 0.455556
-------------
Particle: 11:
Relays Coordinates:
109.851, 95.3472
194.017, 201.119
Evaluation Time: 1.44192 seconds
Resulting Fitness: 0.444444
-------------
Particle: 12:
Relays Coordinates:
116.375, 98.8957
202.634, 223.633
Evaluation Time: 1.47045 seconds
Resulting Fitness: 0.466667
-------------
Particle: 13:
Relays Coordinates:
108.078, 105.444
206.633, 216.99
Evaluation Time: 1.43982 seconds
Resulting Fitness: 0.483333
New local best!
-------------
Particle: 14:
Relays Coordinates:
113.281, 104.917
202.162, 221.147
Evaluation Time: 1.43305 seconds
Resulting Fitness: 0.469444
New local best!
-------------
Particle: 15:
Relays Coordinates:
112.025, 102.938
208.352, 217.256
Evaluation Time: 1.5199 seconds
Resulting Fitness: 0.469444
-------------
Particle: 16:
Relays Coordinates:
107.823, 97.0301
201.15, 206.524
Evaluation Time: 1.38416 seconds
Resulting Fitness: 0.458333
-------------
Particle: 17:
Relays Coordinates:
94.6602, 86.8452
184.644, 200.07
Evaluation Time: 1.39214 seconds
Resulting Fitness: 0.402778
-------------
Particle: 18:
Relays Coordinates:
102.614, 98.3612
174.74, 180.063
Evaluation Time: 1.28841 seconds
Resulting Fitness: 0.408333
-------------
Particle: 19:
Relays Coordinates:
97.8621, 82.0483
174.431, 206.385
Evaluation Time: 1.40314 seconds
Resulting Fitness: 0.4
-------------
Particle: 20:
Relays Coordinates:
113.096, 96.6401
193.205, 206.018
Evaluation Time: 1.43997 seconds
Resulting Fitness: 0.447222
Current global best fitness: 0.486111
Current global best relays: 111.06, 101.09
210.653, 211.957
Particle 1 new velocities: 33.8092, 31.4634
83.0509, 72.396
Particle 2 new velocities: 25.7216, 30.5441
70.1429, 65.1836
Particle 3 new velocities: 30.0386, 32.2739
70.5769, 76.8942
Particle 4 new velocities: 16.5665, 17.1355
37.8406, 32.0629
Particle 5 new velocities: 44.9442, 37.2128
89.1488, 81.3019
Particle 6 new velocities: 25.9425, 25.0205
42.5121, 62.4587
Particle 7 new velocities: 30.21, 29.3215
75.0719, 63.0784
Particle 8 new velocities: 27.3249, 34.148
75.0971, 64.6753
Particle 9 new velocities: 36.691, 29.177
72.0075, 67.0813
Particle 10 new velocities: 17.0923, 17.6
39.0912, 33.1887
Particle 11 new velocities: 19.7921, 20.9416
57.1008, 50.1663
Particle 12 new velocities: 14.8781, 21.9571
55.1922, 43.6318
Particle 13 new velocities: 38.7769, 36.1036
76.2629, 83.4095
Particle 14 new velocities: 49.38, 50.804
103.622, 101.709
Particle 15 new velocities: 20.19, 18.1089
41.7329, 36.1214
Particle 16 new velocities: 36.224, 34.1481
67.8828, 71.0379
Particle 17 new velocities: 107.63, 91.5199
172.282, 154.207
Particle 18 new velocities: 72.761, 83.4167
165.405, 153.231
Particle 19 new velocities: 102.002, 76.972
151.861, 167.102
Particle 20 new velocities: 35.0769, 37.0747
62.4468, 75.028
-- ITERATION 20 --
-------------
Particle: 1:
Relays Coordinates:
102.532, 92.35
206.433, 202.154
Evaluation Time: 1.43528 seconds
Resulting Fitness: 0.45
-------------
Particle: 2:
Relays Coordinates:
94.6398, 96.5444
193.168, 205.505
Evaluation Time: 1.45984 seconds
Resulting Fitness: 0.436111
-------------
Particle: 3:
Relays Coordinates:
88.0508, 86.1271
187.8, 185.731
Evaluation Time: 1.43424 seconds
Resulting Fitness: 0.402778
-------------
Particle: 4:
Relays Coordinates:
103.781, 95.2218
204.172, 193.064
Evaluation Time: 1.44029 seconds
Resulting Fitness: 0.438889
-------------
Particle: 5:
Relays Coordinates:
95.3422, 92.281
188.471, 196.896
Evaluation Time: 1.42182 seconds
Resulting Fitness: 0.413889
-------------
Particle: 6:
Relays Coordinates:
107.568, 94.7738
198.272, 213.877
Evaluation Time: 1.48351 seconds
Resulting Fitness: 0.477778
-------------
Particle: 7:
Relays Coordinates:
101.492, 92.8657
194.647, 200.643
Evaluation Time: 1.41332 seconds
Resulting Fitness: 0.444444
-------------
Particle: 8:
Relays Coordinates:
95.5361, 97.1442
197.722, 192.749
Evaluation Time: 1.44186 seconds
Resulting Fitness: 0.433333
-------------
Particle: 9:
Relays Coordinates:
106.509, 91.0152
199.201, 197.452
Evaluation Time: 1.38687 seconds
Resulting Fitness: 0.436111
-------------
Particle: 10:
Relays Coordinates:
105.516, 93.3907
196.232, 193.801
Evaluation Time: 1.38491 seconds
Resulting Fitness: 0.413889
-------------
Particle: 11:
Relays Coordinates:
105.011, 94.1939
203.405, 203.542
Evaluation Time: 1.36797 seconds
Resulting Fitness: 0.458333
-------------
Particle: 12:
Relays Coordinates:
95.6836, 88.1017
187.955, 194.836
Evaluation Time: 1.46887 seconds
Resulting Fitness: 0.419444
-------------
Particle: 13:
Relays Coordinates:
107.057, 103.188
206.231, 218.992
Evaluation Time: 1.45522 seconds
Resulting Fitness: 0.472222
-------------
Particle: 14:
Relays Coordinates:
106.722, 102.168
200.625, 211.826
Evaluation Time: 1.50011 seconds
Resulting Fitness: 0.469444
-------------
Particle: 15:
Relays Coordinates:
107.094, 98.0478
202.569, 205.236
Evaluation Time: 1.46212 seconds
Resulting Fitness: 0.469444
-------------
Particle: 16:
Relays Coordinates:
105.01, 95.6289
196.125, 202.343
Evaluation Time: 1.44023 seconds
Resulting Fitness: 0.425
-------------
Particle: 17:
Relays Coordinates:
107.505, 94.7905
189.685, 188.277
Evaluation Time: 1.37024 seconds
Resulting Fitness: 0.411111
-------------
Particle: 18:
Relays Coordinates:
103.557, 107.338
200.852, 196.807
Evaluation Time: 1.43499 seconds
Resulting Fitness: 0.438889
-------------
Particle: 19:
Relays Coordinates:
118.018, 93.8999
192.672, 220.54
Evaluation Time: 1.41689 seconds
Resulting Fitness: 0.455556
-------------
Particle: 20:
Relays Coordinates:
108.018, 97.4781
186.371, 204.883
Evaluation Time: 1.44508 seconds
Resulting Fitness: 0.413889
Final Evaluation Time: 579.536 seconds
Final global best fitness: 0.486111
Final global best relays:
111.06, 101.09
210.653, 211.957
