ITERATION: 0
new best fitness: 0.408333
ITERATION: 1
new best fitness: 0.411111
ITERATION: 2
new best fitness: 0.461111
ITERATION: 3
new best fitness: 0.513889
ITERATION: 5
new best fitness: 0.533333
ITERATION: 34
new best fitness: 0.566667
ITERATION: 74
new best fitness: 0.583333
ITERATION: 127
new best fitness: 0.591667
ITERATION: 318
new best fitness: 0.597222
ITERATION: 354
new best fitness: 0.6
Final Evaluation Time: 727.968 seconds
Final global best fitness: 0.6
Final global best relays:
274.897, 135.993
57.8937, 138.066
177.265, 197.869
301.926, 62.2337
79.9152, 236.383
104.266, 353.95
