PSO EXECUTION
============================
Seed: 864365
Particles: 20
Relays: 2
Iterations: 20
Backend: Simulation
Network Configuration: 1
Area: 500 x 500
Sink: 0, 0
Simulated Relay range: 155
w: 0.8
c1: 1.7
c2: 1.3

Relay Nodes Positions: 
PARTICLE 1: 
165.973, 12.1207
50.3721, 70.4653
PARTICLE 2: 
58.9189, 109.242
5.99221, 204.771
PARTICLE 3: 
99.7521, 174.15
6.23853, 53.2946
PARTICLE 4: 
67.2257, 140.154
5.18251, 145.404
PARTICLE 5: 
119.538, 28.8058
190.99, 125.787
PARTICLE 6: 
94.0322, 49.33
76.279, 154.125
PARTICLE 7: 
85.4151, 13.3745
95.7879, 142.909
PARTICLE 8: 
183.691, 127.844
77.9486, 125.912
PARTICLE 9: 
170.47, 165.473
142.82, 36.6548
PARTICLE 10: 
88.949, 65.4833
25.5696, 7.34448
PARTICLE 11: 
99.5474, 193.683
70.533, 85.193
PARTICLE 12: 
27.3286, 73.5334
73.012, 143.044
PARTICLE 13: 
202.434, 31.2469
88.7612, 85.4977
PARTICLE 14: 
112.883, 88.6144
42.9861, 44.6648
PARTICLE 15: 
17.8122, 145.691
9.82792, 163.799
PARTICLE 16: 
7.98938, 72.1498
56.2018, 186.461
PARTICLE 17: 
29.9578, 31.8791
64.0084, 128.463
PARTICLE 18: 
186.71, 102.311
92.7549, 28.9387
PARTICLE 19: 
163.381, 51.0145
135.789, 13.0543
PARTICLE 20: 
39.9118, 123.541
114.834, 230.272
Nodes Positions: 
340.941, 320.921
136.972, 406.758
294.487, 93.4682
283.875, 394.714
383.552, 469.634
444.6, 150.742
477.708, 457.739
432.665, 227.009
347.284, 16.1759
56.4057, 84.613
130.385, 222.569
464.578, 349.718
378.327, 33.6746
162.395, 313.584
62.4952, 448.254
263.181, 295.509
276.629, 58.6751
369.943, 201.524
3.63932, 82.8761
400.622, 43.0024
167.946, 410.518
364.658, 136.432
353.825, 26.9107
212.225, 428.05
457.463, 214.542
254.723, 21.6133
474.997, 118.068
439.983, 350.45
219.234, 171.427
48.2754, 488.877
302.952, 460.737
490.268, 482.804
411.069, 147.288
496.614, 252.714
185.59, 380.87
151.438, 132.464
96.3357, 494.02
30.2244, 290.201
198.926, 435.482
106.657, 244.696
118.004, 238.841
179.094, 330.305
314.523, 162.383
36.2019, 115.438
396.757, 100.227
75.9704, 269.386
332.481, 338.088
200.745, 7.89586
239.937, 194.044
15.1343, 419.606
244.634, 360.003
228.589, 175.068
267.876, 190.615
24.7857, 262.767
421.023, 280.513
143.161, 56.6772
324.369, 66.8494
73.2756, 387.819
115.059, 304.733
83.4577, 370.117
All particles start with velocity zero
-- ITERATION 0 --
-------------
Particle: 1:
Relays Coordinates:
165.973, 12.1207
50.3721, 70.4653
Evaluation Time: 1.14671 seconds
Resulting Fitness: 0.158333
New local best!
New global best!
-------------
Particle: 2:
Relays Coordinates:
58.9189, 109.242
5.99221, 204.771
Evaluation Time: 1.14519 seconds
Resulting Fitness: 0.202778
New local best!
New global best!
-------------
Particle: 3:
Relays Coordinates:
99.7521, 174.15
6.23853, 53.2946
Evaluation Time: 1.19302 seconds
Resulting Fitness: 0.266667
New local best!
New global best!
-------------
Particle: 4:
Relays Coordinates:
67.2257, 140.154
5.18251, 145.404
Evaluation Time: 1.11905 seconds
Resulting Fitness: 0.205556
New local best!
-------------
Particle: 5:
Relays Coordinates:
119.538, 28.8058
190.99, 125.787
Evaluation Time: 1.28447 seconds
Resulting Fitness: 0.3
New local best!
New global best!
-------------
Particle: 6:
Relays Coordinates:
94.0322, 49.33
76.279, 154.125
Evaluation Time: 1.21076 seconds
Resulting Fitness: 0.261111
New local best!
-------------
Particle: 7:
Relays Coordinates:
85.4151, 13.3745
95.7879, 142.909
Evaluation Time: 1.21825 seconds
Resulting Fitness: 0.247222
New local best!
-------------
Particle: 8:
Relays Coordinates:
183.691, 127.844
77.9486, 125.912
Evaluation Time: 1.30012 seconds
Resulting Fitness: 0.336111
New local best!
New global best!
-------------
Particle: 9:
Relays Coordinates:
170.47, 165.473
142.82, 36.6548
Evaluation Time: 1.33975 seconds
Resulting Fitness: 0.35
New local best!
New global best!
-------------
Particle: 10:
Relays Coordinates:
88.949, 65.4833
25.5696, 7.34448
Evaluation Time: 1.06709 seconds
Resulting Fitness: 0.113889
New local best!
-------------
Particle: 11:
Relays Coordinates:
99.5474, 193.683
70.533, 85.193
Evaluation Time: 1.29089 seconds
Resulting Fitness: 0.302778
New local best!
-------------
Particle: 12:
Relays Coordinates:
27.3286, 73.5334
73.012, 143.044
Evaluation Time: 1.20098 seconds
Resulting Fitness: 0.211111
New local best!
-------------
Particle: 13:
Relays Coordinates:
202.434, 31.2469
88.7612, 85.4977
Evaluation Time: 1.26117 seconds
Resulting Fitness: 0.280556
New local best!
-------------
Particle: 14:
Relays Coordinates:
112.883, 88.6144
42.9861, 44.6648
Evaluation Time: 1.16607 seconds
Resulting Fitness: 0.216667
New local best!
-------------
Particle: 15:
Relays Coordinates:
17.8122, 145.691
9.82792, 163.799
Evaluation Time: 1.06914 seconds
Resulting Fitness: 0.183333
New local best!
-------------
Particle: 16:
Relays Coordinates:
7.98938, 72.1498
56.2018, 186.461
Evaluation Time: 1.1495 seconds
Resulting Fitness: 0.219444
New local best!
-------------
Particle: 17:
Relays Coordinates:
29.9578, 31.8791
64.0084, 128.463
Evaluation Time: 1.13909 seconds
Resulting Fitness: 0.177778
New local best!
-------------
Particle: 18:
Relays Coordinates:
186.71, 102.311
92.7549, 28.9387
Evaluation Time: 1.22205 seconds
Resulting Fitness: 0.294444
New local best!
-------------
Particle: 19:
Relays Coordinates:
163.381, 51.0145
135.789, 13.0543
Evaluation Time: 1.12331 seconds
Resulting Fitness: 0.2
New local best!
-------------
Particle: 20:
Relays Coordinates:
39.9118, 123.541
114.834, 230.272
Evaluation Time: 1.30505 seconds
Resulting Fitness: 0.338889
New local best!
Current global best fitness: 0.35
Current global best relays: 170.47, 165.473
142.82, 36.6548
Particle 1 new velocities: 1.46825, 67.5224
90.17, -42.0179
Particle 2 new velocities: 2.2785, 58.9335
45.2023, -125.57
Particle 3 new velocities: 68.07, -4.93529
94.6457, -17.7917
Particle 4 new velocities: 11.5259, 1.83613
13.8737, -23.6825
Particle 5 new velocities: 28.1593, 9.88781
-2.71182, -1.8734
Particle 6 new velocities: 81.836, 71.8448
6.23529, -112.373
Particle 7 new velocities: 37.0523, 163.417
29.1946, -69.2526
Particle 8 new velocities: -9.67306, 5.898
71.8269, -45.7106
Particle 9 new velocities: 0, 0
0, 0
Particle 10 new velocities: 72.5906, 7.1592
40.5238, 16.8721
Particle 11 new velocities: 16.5693, -16.3385
10.5105, -35.7658
Particle 12 new velocities: 128.56, 41.9731
83.0776, -90.2227
Particle 13 new velocities: -17.8482, 122.795
65.108, -46.7694
Particle 14 new velocities: 16.6177, 11.3382
45.2788, -9.3671
Particle 15 new velocities: 68.0958, 20.069
79.9675, -19.6373
Particle 16 new velocities: 196.88, 44.4453
101.425, -87.5429
Particle 17 new velocities: 38.5291, 89.9344
15.1532, -22.938
Particle 18 new velocities: -18.7368, 34.0178
22.1521, 2.55562
Particle 19 new velocities: 7.33146, 72.7114
5.26182, 23.1757
Particle 20 new velocities: 68.2697, 9.38458
8.85583, -25.5895
-- ITERATION 1 --
-------------
Particle: 1:
Relays Coordinates:
167.441, 79.6431
140.542, 28.4474
Evaluation Time: 1.17678 seconds
Resulting Fitness: 0.255556
New local best!
-------------
Particle: 2:
Relays Coordinates:
61.1974, 168.176
51.1945, 79.2007
Evaluation Time: 1.11724 seconds
Resulting Fitness: 0.225
New local best!
-------------
Particle: 3:
Relays Coordinates:
167.822, 169.215
100.884, 35.5028
Evaluation Time: 1.34578 seconds
Resulting Fitness: 0.358333
New local best!
New global best!
-------------
Particle: 4:
Relays Coordinates:
78.7516, 141.99
19.0562, 121.722
Evaluation Time: 1.144 seconds
Resulting Fitness: 0.222222
New local best!
-------------
Particle: 5:
Relays Coordinates:
147.697, 38.6936
188.278, 123.913
Evaluation Time: 1.2634 seconds
Resulting Fitness: 0.297222
-------------
Particle: 6:
Relays Coordinates:
175.868, 121.175
82.5142, 41.7514
Evaluation Time: 1.23276 seconds
Resulting Fitness: 0.3
New local best!
-------------
Particle: 7:
Relays Coordinates:
122.467, 176.792
124.983, 73.6568
Evaluation Time: 1.29182 seconds
Resulting Fitness: 0.338889
New local best!
-------------
Particle: 8:
Relays Coordinates:
156.616, 120.368
134.798, 72.1812
Evaluation Time: 1.25491 seconds
Resulting Fitness: 0.269444
-------------
Particle: 9:
Relays Coordinates:
170.47, 165.473
142.82, 36.6548
Evaluation Time: 1.31099 seconds
Resulting Fitness: 0.35
-------------
Particle: 10:
Relays Coordinates:
161.54, 72.6425
66.0934, 24.2165
Evaluation Time: 1.17086 seconds
Resulting Fitness: 0.230556
New local best!
-------------
Particle: 11:
Relays Coordinates:
116.117, 177.345
81.0436, 49.4271
Evaluation Time: 1.23089 seconds
Resulting Fitness: 0.302778
-------------
Particle: 12:
Relays Coordinates:
140.3, 103.956
140.481, 47.5392
Evaluation Time: 1.15404 seconds
Resulting Fitness: 0.266667
New local best!
-------------
Particle: 13:
Relays Coordinates:
166.127, 138.638
138.482, 34.8555
Evaluation Time: 1.26811 seconds
Resulting Fitness: 0.294444
New local best!
-------------
Particle: 14:
Relays Coordinates:
129.501, 99.9526
88.2648, 35.2977
Evaluation Time: 1.16169 seconds
Resulting Fitness: 0.247222
New local best!
-------------
Particle: 15:
Relays Coordinates:
77.3172, 149.184
80.8159, 129.745
Evaluation Time: 1.15031 seconds
Resulting Fitness: 0.227778
New local best!
-------------
Particle: 16:
Relays Coordinates:
165.944, 94.4421
127.678, 80.1235
Evaluation Time: 1.21547 seconds
Resulting Fitness: 0.288889
New local best!
-------------
Particle: 17:
Relays Coordinates:
68.4869, 121.814
79.1616, 105.525
Evaluation Time: 1.12288 seconds
Resulting Fitness: 0.205556
New local best!
-------------
Particle: 18:
Relays Coordinates:
167.973, 136.329
114.907, 31.4943
Evaluation Time: 1.26336 seconds
Resulting Fitness: 0.297222
New local best!
-------------
Particle: 19:
Relays Coordinates:
170.712, 123.726
141.051, 36.2301
Evaluation Time: 1.18064 seconds
Resulting Fitness: 0.294444
New local best!
-------------
Particle: 20:
Relays Coordinates:
97.3634, 119.633
111.321, 184.214
Evaluation Time: 1.24262 seconds
Resulting Fitness: 0.305556
Current global best fitness: 0.358333
Current global best relays: 167.822, 169.215
100.884, 35.5028
Particle 1 new velocities: 1.24357, 144.893
68.9511, -29.115
Particle 2 new velocities: 78.2333, 48.0493
45.5399, -118.599
Particle 3 new velocities: 54.456, -3.94823
75.7166, -14.2334
Particle 4 new velocities: 91.2129, 32.4131
34.6868, -30.939
Particle 5 new velocities: 13.2558, 160.193
-44.7615, -12.9975
Particle 6 new velocities: 59.6612, 99.1612
24.1433, -95.8102
Particle 7 new velocities: 82.7835, 122.605
17.3528, -79.4281
Particle 8 new velocities: 39.9396, 28.7536
-15.9938, -20.5292
Particle 9 new velocities: -2.68106, 3.44094
-51.518, -0.143988
Particle 10 new velocities: 63.043, 27.5831
65.2773, 24.0155
Particle 11 new velocities: 43.7453, -15.3786
9.09599, -26.7186
Particle 12 new velocities: 128.4, 104.805
30.5018, -86.4795
Particle 13 new velocities: -13.9696, 127.163
12.7857, -37.2941
Particle 14 new velocities: 27.514, 10.7271
52.3458, -7.47453
Particle 15 new velocities: 60.9437, 39.3722
68.7, -64.9512
Particle 16 new velocities: 158.797, 101.877
48.318, -104.495
Particle 17 new velocities: 153.482, 93.4435
36.2219, -75.2109
Particle 18 new velocities: -15.1829, 52.0918
14.7285, 5.53649
Particle 19 new velocities: 2.37765, 94.7591
-13.5994, 18.275
Particle 20 new velocities: 13.3867, 21.8959
7.14021, -73.949
-- ITERATION 2 --
-------------
Particle: 1:
Relays Coordinates:
110.674, 147.318
137.448, 0
Evaluation Time: 1.24336 seconds
Resulting Fitness: 0.302778
New local best!
-------------
Particle: 2:
Relays Coordinates:
91.4805, 141.865
63.4674, 0
Evaluation Time: 1.16096 seconds
Resulting Fitness: 0.25
New local best!
-------------
Particle: 3:
Relays Coordinates:
180.045, 133.866
143.047, 17.2283
Evaluation Time: 1.25008 seconds
Resulting Fitness: 0.3
-------------
Particle: 4:
Relays Coordinates:
169.965, 174.404
53.743, 90.7825
Evaluation Time: 1.33669 seconds
Resulting Fitness: 0.327778
New local best!
-------------
Particle: 5:
Relays Coordinates:
130.372, 161.098
116.249, 89.8417
Evaluation Time: 1.24763 seconds
Resulting Fitness: 0.316667
New local best!
-------------
Particle: 6:
Relays Coordinates:
139.078, 130.106
62.9802, 0
Evaluation Time: 1.25562 seconds
Resulting Fitness: 0.277778
-------------
Particle: 7:
Relays Coordinates:
98.1708, 143.2
68.0786, 0
Evaluation Time: 1.17955 seconds
Resulting Fitness: 0.255556
-------------
Particle: 8:
Relays Coordinates:
196.555, 149.121
118.804, 51.652
Evaluation Time: 1.31712 seconds
Resulting Fitness: 0.319444
-------------
Particle: 9:
Relays Coordinates:
167.789, 168.914
91.3023, 36.5108
Evaluation Time: 1.29151 seconds
Resulting Fitness: 0.355556
New local best!
-------------
Particle: 10:
Relays Coordinates:
224.583, 100.226
131.371, 48.232
Evaluation Time: 1.27536 seconds
Resulting Fitness: 0.322222
New local best!
-------------
Particle: 11:
Relays Coordinates:
143.876, 145.769
81.1256, 20.4377
Evaluation Time: 1.23102 seconds
Resulting Fitness: 0.280556
-------------
Particle: 12:
Relays Coordinates:
176.294, 136.968
112.182, 0
Evaluation Time: 1.24486 seconds
Resulting Fitness: 0.3
New local best!
-------------
Particle: 13:
Relays Coordinates:
80.8626, 141.258
80.39, 0
Evaluation Time: 1.15288 seconds
Resulting Fitness: 0.227778
-------------
Particle: 14:
Relays Coordinates:
157.015, 110.68
140.611, 27.8232
Evaluation Time: 1.18621 seconds
Resulting Fitness: 0.269444
New local best!
-------------
Particle: 15:
Relays Coordinates:
124.435, 169.701
134.564, 58.3148
Evaluation Time: 1.32525 seconds
Resulting Fitness: 0.336111
New local best!
-------------
Particle: 16:
Relays Coordinates:
191.756, 115.925
103.924, 0
Evaluation Time: 1.19736 seconds
Resulting Fitness: 0.3
New local best!
-------------
Particle: 17:
Relays Coordinates:
145.634, 141.23
75.7032, 19.8889
Evaluation Time: 1.25252 seconds
Resulting Fitness: 0.277778
New local best!
-------------
Particle: 18:
Relays Coordinates:
152.79, 188.421
129.635, 37.0308
Evaluation Time: 1.35846 seconds
Resulting Fitness: 0.363889
New local best!
New global best!
-------------
Particle: 19:
Relays Coordinates:
155.781, 196.636
114.706, 49.0546
Evaluation Time: 1.29672 seconds
Resulting Fitness: 0.363889
New local best!
-------------
Particle: 20:
Relays Coordinates:
99.6751, 127.376
106.615, 99.2386
Evaluation Time: 1.21399 seconds
Resulting Fitness: 0.233333
Current global best fitness: 0.363889
Current global best relays: 152.79, 188.421
129.635, 37.0308
Particle 1 new velocities: 49.8735, 161.397
50.6656, 45.2883
Particle 2 new velocities: 92.5392, 46.3453
80.6154, 25.9244
Particle 3 new velocities: 34.7317, 60.5694
19.7896, 9.87867
Particle 4 new velocities: 52.1307, 42.4048
105.69, -94.2064
Particle 5 new velocities: 13.4307, 135.902
-28.0329, -45.316
Particle 6 new velocities: 86.7408, 130.407
78.2184, 87.4827
Particle 7 new velocities: 102.349, 130.657
90.2043, 141.125
Particle 8 new velocities: -23.3656, 31.3607
-9.87539, 28.8391
Particle 9 new velocities: -6.38955, 25.732
-17.8143, 0.553313
Particle 10 new velocities: 40.5517, 123.495
50.1181, 13.6308
Particle 11 new velocities: -3.97069, 70.0902
3.17987, -4.39611
Particle 12 new velocities: 87.4535, 123.267
34.317, 30.8702
Particle 13 new velocities: 168.599, 110.76
92.4755, 34.4877
Particle 14 new velocities: 21.4757, 44.717
32.9855, 3.05289
Particle 15 new velocities: 52.2033, 43.4786
54.0958, -60.7404
Particle 16 new velocities: 122.688, 105.697
63.4013, 24.4615
Particle 17 new velocities: 130.699, 121.872
88.4508, -49.3316
Particle 18 new velocities: -12.1463, 41.6735
11.7828, 4.42919
Particle 19 new velocities: 1.05878, 72.2068
-0.998774, 3.49787
Particle 20 new velocities: -73.0437, 18.8051
15.3939, -43.5509
-- ITERATION 3 --
-------------
Particle: 1:
Relays Coordinates:
85.3215, 164.064
99.9715, 24.0681
Evaluation Time: 1.22896 seconds
Resulting Fitness: 0.283333
-------------
Particle: 2:
Relays Coordinates:
165.618, 169.39
129.675, 23.332
Evaluation Time: 1.30064 seconds
Resulting Fitness: 0.355556
New local best!
-------------
Particle: 3:
Relays Coordinates:
173.969, 157.493
131.897, 21.9566
Evaluation Time: 1.28195 seconds
Resulting Fitness: 0.333333
-------------
Particle: 4:
Relays Coordinates:
145.717, 142.248
104.604, 0
Evaluation Time: 1.20795 seconds
Resulting Fitness: 0.291667
-------------
Particle: 5:
Relays Coordinates:
84.914, 175.376
52.0905, 26.292
Evaluation Time: 1.233 seconds
Resulting Fitness: 0.283333
-------------
Particle: 6:
Relays Coordinates:
164.622, 189.914
102.934, 63.7749
Evaluation Time: 1.29497 seconds
Resulting Fitness: 0.361111
New local best!
-------------
Particle: 7:
Relays Coordinates:
146.179, 199.642
115.388, 102.88
Evaluation Time: 1.31946 seconds
Resulting Fitness: 0.338889
-------------
Particle: 8:
Relays Coordinates:
173.19, 180.482
108.929, 80.4911
Evaluation Time: 1.29869 seconds
Resulting Fitness: 0.361111
New local best!
-------------
Particle: 9:
Relays Coordinates:
130.734, 157.664
59.5253, 30.022
Evaluation Time: 1.25741 seconds
Resulting Fitness: 0.291667
-------------
Particle: 10:
Relays Coordinates:
193.283, 163.092
132.305, 45.098
Evaluation Time: 1.29721 seconds
Resulting Fitness: 0.355556
New local best!
-------------
Particle: 11:
Relays Coordinates:
101.991, 157.362
61.4587, 11.6943
Evaluation Time: 1.20775 seconds
Resulting Fitness: 0.269444
-------------
Particle: 12:
Relays Coordinates:
155.74, 153.666
86.5059, 18.2286
Evaluation Time: 1.2946 seconds
Resulting Fitness: 0.308333
New local best!
-------------
Particle: 13:
Relays Coordinates:
163.671, 165.349
113.417, 22.6274
Evaluation Time: 1.3142 seconds
Resulting Fitness: 0.347222
New local best!
-------------
Particle: 14:
Relays Coordinates:
144.577, 125.871
140.613, 25.0096
Evaluation Time: 1.20409 seconds
Resulting Fitness: 0.280556
New local best!
-------------
Particle: 15:
Relays Coordinates:
115.892, 139.867
123.78, 0
Evaluation Time: 1.24593 seconds
Resulting Fitness: 0.275
-------------
Particle: 16:
Relays Coordinates:
185.676, 130.865
98.8038, 14.4442
Evaluation Time: 1.26708 seconds
Resulting Fitness: 0.297222
-------------
Particle: 17:
Relays Coordinates:
146.855, 139.823
87.2382, 0
Evaluation Time: 1.26616 seconds
Resulting Fitness: 0.280556
New local best!
-------------
Particle: 18:
Relays Coordinates:
113.921, 186.376
114.549, 33.5826
Evaluation Time: 1.27707 seconds
Resulting Fitness: 0.336111
-------------
Particle: 19:
Relays Coordinates:
102.903, 176.388
74.6033, 34.4796
Evaluation Time: 1.22868 seconds
Resulting Fitness: 0.288889
-------------
Particle: 20:
Relays Coordinates:
26.6314, 146.181
122.009, 55.6877
Evaluation Time: 1.1794 seconds
Resulting Fitness: 0.258333
Current global best fitness: 0.363889
Current global best relays: 152.79, 188.421
129.635, 37.0308
Particle 1 new velocities: 163.073, 119.242
55.6292, 11.3849
Particle 2 new velocities: 60.2231, 51.8198
64.457, 22.9161
Particle 3 new velocities: 3.85448, 55.1997
-5.21112, 16.205
Particle 4 new velocities: 52.8213, 69.0247
71.0475, 112.532
Particle 5 new velocities: 16.0103, 93.6368
-10.2528, 39.3223
Particle 6 new velocities: 64.2539, 103.426
71.8917, 64.06
Particle 7 new velocities: 79.8697, 74.5879
90.416, 40.504
Particle 8 new velocities: -30.5032, 30.3255
-0.560711, -4.30712
Particle 9 new velocities: 58.7271, 56.1119
106.271, 16.235
Particle 10 new velocities: -6.4617, 122.703
36.7487, 0.530598
Particle 11 new velocities: 18.9908, 136.767
64.3021, 127.47
Particle 12 new velocities: 68.8309, 136.269
36.8615, 47.2852
Particle 13 new velocities: 132.503, 114.662
93.9596, 33.3932
Particle 14 new velocities: 18.3101, 59.5382
15.3137, 14.2733
Particle 15 new velocities: 80.7865, 67.6867
63.3379, 108.508
Particle 16 new velocities: 72.9751, 131.802
86.8303, 3.98415
Particle 17 new velocities: 106.398, 148.469
116.828, 37.6625
Particle 18 new velocities: 46.3679, 37.7304
26.0189, 7.22733
Particle 19 new velocities: 109.351, 92.7513
53.3055, 24.535
Particle 20 new velocities: 111.697, 34.1896
11.6589, 240.951
-- ITERATION 4 --
-------------
Particle: 1:
Relays Coordinates:
132.007, 150.56
82.6926, 18.8411
Evaluation Time: 1.25431 seconds
Resulting Fitness: 0.275
-------------
Particle: 2:
Relays Coordinates:
164.638, 161.262
141.522, 33.7148
Evaluation Time: 1.30825 seconds
Resulting Fitness: 0.347222
-------------
Particle: 3:
Relays Coordinates:
144.037, 172.281
102.616, 30.9109
Evaluation Time: 1.35039 seconds
Resulting Fitness: 0.319444
-------------
Particle: 4:
Relays Coordinates:
144.734, 154.018
128.05, 82.0358
Evaluation Time: 1.36962 seconds
Resulting Fitness: 0.288889
-------------
Particle: 5:
Relays Coordinates:
73.5738, 196.11
30.4997, 47.8328
Evaluation Time: 1.41108 seconds
Resulting Fitness: 0.25
-------------
Particle: 6:
Relays Coordinates:
150.165, 192.46
114.703, 83.8725
Evaluation Time: 1.41811 seconds
Resulting Fitness: 0.355556
-------------
Particle: 7:
Relays Coordinates:
133.48, 161.93
121.525, 84.6668
Evaluation Time: 1.38421 seconds
Resulting Fitness: 0.319444
-------------
Particle: 8:
Relays Coordinates:
142.687, 210.808
108.368, 76.184
Evaluation Time: 1.35411 seconds
Resulting Fitness: 0.352778
-------------
Particle: 9:
Relays Coordinates:
170.515, 192.398
149.217, 41.6313
Evaluation Time: 1.43465 seconds
Resulting Fitness: 0.352778
-------------
Particle: 10:
Relays Coordinates:
110.316, 168.759
99.8247, 26.9432
Evaluation Time: 1.31782 seconds
Resulting Fitness: 0.313889
-------------
Particle: 11:
Relays Coordinates:
97.9952, 238.244
101.866, 112.723
Evaluation Time: 1.38951 seconds
Resulting Fitness: 0.338889
New local best!
-------------
Particle: 12:
Relays Coordinates:
132.607, 171.204
72.8472, 38.6852
Evaluation Time: 1.40152 seconds
Resulting Fitness: 0.305556
-------------
Particle: 13:
Relays Coordinates:
174.888, 165.343
122.454, 33.0796
Evaluation Time: 1.3272 seconds
Resulting Fitness: 0.361111
New local best!
-------------
Particle: 14:
Relays Coordinates:
146.598, 166.869
140.334, 35.3546
Evaluation Time: 1.27348 seconds
Resulting Fitness: 0.327778
New local best!
-------------
Particle: 15:
Relays Coordinates:
129.041, 136.176
122.768, 71.1921
Evaluation Time: 1.23211 seconds
Resulting Fitness: 0.286111
-------------
Particle: 16:
Relays Coordinates:
152.731, 155.103
109.615, 10.8818
Evaluation Time: 1.31586 seconds
Resulting Fitness: 0.327778
New local best!
-------------
Particle: 17:
Relays Coordinates:
149.543, 170.234
120.499, 22.2393
Evaluation Time: 1.32483 seconds
Resulting Fitness: 0.330556
New local best!
-------------
Particle: 18:
Relays Coordinates:
129.834, 181.526
113.86, 33.0561
Evaluation Time: 1.25488 seconds
Resulting Fitness: 0.330556
-------------
Particle: 19:
Relays Coordinates:
139.26, 176.582
83.921, 38.7195
Evaluation Time: 1.29838 seconds
Resulting Fitness: 0.305556
-------------
Particle: 20:
Relays Coordinates:
90.7575, 118.341
87.6993, 194.624
Evaluation Time: 1.19323 seconds
Resulting Fitness: 0.294444
Current global best fitness: 0.363889
Current global best relays: 152.79, 188.421
129.635, 37.0308
Particle 1 new velocities: 118.197, 110.838
106.631, 20.1997
Particle 2 new velocities: 45.6999, 50.7052
30.0954, 9.94645
Particle 3 new velocities: 47.7545, 55.2851
27.2514, 15.8455
Particle 4 new velocities: 46.1813, 56.5313
-9.5264, 92.1172
Particle 5 new velocities: 167.362, 57.7695
108.758, 40.5237
Particle 6 new velocities: 74.8735, 78.6538
59.243, -25.9039
Particle 7 new velocities: 70.013, 97.5721
81.1752, -23.7345
Particle 8 new velocities: -2.33812, -34.1502
18.5391, -38.5174
Particle 9 new velocities: 43.6839, 41.7331
57.6599, 6.18725
Particle 10 new velocities: 143.683, 90.4317
69.7331, 19.1767
Particle 11 new velocities: 36.0257, 74.4191
61.8476, 56.0692
Particle 12 new velocities: 74.7443, 105.01
102.143, 16.5549
Particle 13 new velocities: 88.2219, 116.294
77.7932, 31.3991
Particle 14 new velocities: 17.7872, 58.2889
7.22989, 12.857
Particle 15 new velocities: 83.3236, 110.952
63.743, 52.4772
Particle 16 new velocities: 58.4431, 129.809
87.0859, 36.5223
Particle 17 new velocities: 85.3573, 126.539
103.568, 44.5147
Particle 18 new velocities: 72.1739, 40.1616
47.0607, 13.029
Particle 19 new velocities: 99.1055, 118.911
115.674, 20.7084
Particle 20 new velocities: 131.712, 117.714
60.3301, 170.031
-- ITERATION 5 --
-------------
Particle: 1:
Relays Coordinates:
164.159, 171.503
124.216, 25.6147
Evaluation Time: 1.38125 seconds
Resulting Fitness: 0.355556
New local best!
-------------
Particle: 2:
Relays Coordinates:
170.374, 171.693
139.01, 35.3656
Evaluation Time: 1.3802 seconds
Resulting Fitness: 0.363889
New local best!
-------------
Particle: 3:
Relays Coordinates:
155.351, 184.328
105.193, 37.8727
Evaluation Time: 1.36149 seconds
Resulting Fitness: 0.341667
-------------
Particle: 4:
Relays Coordinates:
139.177, 153.49
86.4037, 126.957
Evaluation Time: 1.29637 seconds
Resulting Fitness: 0.283333
-------------
Particle: 5:
Relays Coordinates:
175.642, 185.078
101.519, 64.4119
Evaluation Time: 1.28693 seconds
Resulting Fitness: 0.358333
New local best!
-------------
Particle: 6:
Relays Coordinates:
147.648, 177.878
114.126, 38.0332
Evaluation Time: 1.36333 seconds
Resulting Fitness: 0.341667
-------------
Particle: 7:
Relays Coordinates:
148.346, 189.177
147.769, 44.4197
Evaluation Time: 1.38018 seconds
Resulting Fitness: 0.372222
New local best!
New global best!
-------------
Particle: 8:
Relays Coordinates:
140.349, 176.658
126.907, 37.6666
Evaluation Time: 1.32771 seconds
Resulting Fitness: 0.347222
-------------
Particle: 9:
Relays Coordinates:
156.151, 170.681
150.813, 34.8597
Evaluation Time: 1.38161 seconds
Resulting Fitness: 0.352778
-------------
Particle: 10:
Relays Coordinates:
166.649, 170.055
111.247, 30.2593
Evaluation Time: 1.35261 seconds
Resulting Fitness: 0.358333
New local best!
-------------
Particle: 11:
Relays Coordinates:
87.9311, 205.138
107.413, 110.744
Evaluation Time: 1.33185 seconds
Resulting Fitness: 0.297222
-------------
Particle: 12:
Relays Coordinates:
136.043, 181.224
114.811, 36.243
Evaluation Time: 1.29871 seconds
Resulting Fitness: 0.338889
New local best!
-------------
Particle: 13:
Relays Coordinates:
172.626, 184.782
131.382, 42.3045
Evaluation Time: 1.3961 seconds
Resulting Fitness: 0.363889
New local best!
-------------
Particle: 14:
Relays Coordinates:
133.152, 182.378
119.527, 39.0514
Evaluation Time: 1.30103 seconds
Resulting Fitness: 0.35
New local best!
-------------
Particle: 15:
Relays Coordinates:
139.332, 162.141
122.37, 81.1394
Evaluation Time: 1.30089 seconds
Resulting Fitness: 0.319444
-------------
Particle: 16:
Relays Coordinates:
124.696, 168.237
116.15, 27.9916
Evaluation Time: 1.24694 seconds
Resulting Fitness: 0.322222
-------------
Particle: 17:
Relays Coordinates:
154.118, 194.712
147.011, 43.7973
Evaluation Time: 1.3478 seconds
Resulting Fitness: 0.375
New local best!
New global best!
-------------
Particle: 18:
Relays Coordinates:
163.627, 179.567
130.346, 37.3289
Evaluation Time: 1.34581 seconds
Resulting Fitness: 0.369444
New local best!
-------------
Particle: 19:
Relays Coordinates:
140.752, 174.486
117.859, 35.0916
Evaluation Time: 1.3003 seconds
Resulting Fitness: 0.341667
-------------
Particle: 20:
Relays Coordinates:
95.766, 101.614
63.7218, 156.972
Evaluation Time: 1.18256 seconds
Resulting Fitness: 0.244444
Current global best fitness: 0.375
Current global best relays: 154.118, 194.712
147.011, 43.7973
Particle 1 new velocities: 88.1778, 116.638
109.743, 24.6887
Particle 2 new velocities: 33.1871, 44.5541
28.535, 8.41163
Particle 3 new velocities: 54.5335, 39.2338
40.2437, 12.6354
Particle 4 new velocities: 99.7591, 104.349
-3.07503, -43.2689
Particle 5 new velocities: 132.694, 57.8053
102.892, 10.9812
Particle 6 new velocities: 74.8503, 81.7388
62.3775, 10.6316
Particle 7 new velocities: 60.1227, 81.2569
64.4356, -19.5698
Particle 8 new velocities: 46.9123, -12.7224
30.8202, 17.2441
Particle 9 new velocities: 43.0904, 38.8549
43.2961, 11.7845
Particle 10 new velocities: 113.282, 87.0408
71.5059, 28.8359
Particle 11 new velocities: 75.1928, 71.0955
61.8474, 38.7802
Particle 12 new velocities: 70.3719, 87.0103
121.752, 18.9126
Particle 13 new velocities: 66.962, 102.407
68.1075, 25.5085
Particle 14 new velocities: 34.406, 55.6392
28.3576, 11.7704
Particle 15 new velocities: 63.3223, 110.749
84.4331, 9.4658
Particle 16 new velocities: 93.0428, 93.0935
70.4945, 4.76968
Particle 17 new velocities: 68.2859, 101.231
82.8547, 35.6117
Particle 18 new velocities: 55.0881, 39.3435
52.3447, 16.1982
Particle 19 new velocities: 86.1759, 122.384
89.7658, 36.6143
Particle 20 new velocities: 123.591, 228.553
140.396, 62.1684
-- ITERATION 6 --
-------------
Particle: 1:
Relays Coordinates:
149.002, 170.145
138.15, 29.7037
Evaluation Time: 1.30403 seconds
Resulting Fitness: 0.322222
-------------
Particle: 2:
Relays Coordinates:
164.884, 175.16
135.711, 35.4596
Evaluation Time: 1.32793 seconds
Resulting Fitness: 0.361111
-------------
Particle: 3:
Relays Coordinates:
170.007, 181.085
117.803, 40.9115
Evaluation Time: 1.31201 seconds
Resulting Fitness: 0.372222
New local best!
-------------
Particle: 4:
Relays Coordinates:
156.766, 169.168
54.6719, 54.9081
Evaluation Time: 1.31443 seconds
Resulting Fitness: 0.322222
-------------
Particle: 5:
Relays Coordinates:
202.3, 159.356
134.114, 49.4654
Evaluation Time: 1.33364 seconds
Resulting Fitness: 0.344444
-------------
Particle: 6:
Relays Coordinates:
145.981, 170.335
115.804, 31.929
Evaluation Time: 1.33234 seconds
Resulting Fitness: 0.319444
-------------
Particle: 7:
Relays Coordinates:
123.099, 159.688
125.305, 14.6736
Evaluation Time: 1.28661 seconds
Resulting Fitness: 0.327778
-------------
Particle: 8:
Relays Coordinates:
168.535, 147.542
141.955, 49.4197
Evaluation Time: 1.29854 seconds
Resulting Fitness: 0.313889
-------------
Particle: 9:
Relays Coordinates:
145.247, 152.752
141.506, 34.0036
Evaluation Time: 1.32422 seconds
Resulting Fitness: 0.319444
-------------
Particle: 10:
Relays Coordinates:
183.662, 168.681
119.904, 38.7724
Evaluation Time: 1.34492 seconds
Resulting Fitness: 0.347222
-------------
Particle: 11:
Relays Coordinates:
107.026, 181.237
111.052, 98.1031
Evaluation Time: 1.29446 seconds
Resulting Fitness: 0.311111
-------------
Particle: 12:
Relays Coordinates:
121.886, 158.39
139.688, 32.5689
Evaluation Time: 1.31701 seconds
Resulting Fitness: 0.327778
-------------
Particle: 13:
Relays Coordinates:
157.194, 188.425
130.885, 44.4921
Evaluation Time: 1.34302 seconds
Resulting Fitness: 0.366667
New local best!
-------------
Particle: 14:
Relays Coordinates:
135.722, 192.794
119.786, 41.1657
Evaluation Time: 1.27235 seconds
Resulting Fitness: 0.35
-------------
Particle: 15:
Relays Coordinates:
132.962, 179.043
135.683, 59.4461
Evaluation Time: 1.29215 seconds
Resulting Fitness: 0.347222
New local best!
-------------
Particle: 16:
Relays Coordinates:
142.859, 171.459
122.457, 21.4947
Evaluation Time: 1.33809 seconds
Resulting Fitness: 0.330556
New local best!
-------------
Particle: 17:
Relays Coordinates:
131.327, 174.752
135.733, 46.8902
Evaluation Time: 1.35496 seconds
Resulting Fitness: 0.35
-------------
Particle: 18:
Relays Coordinates:
177.159, 177.318
147.979, 43.357
Evaluation Time: 1.38236 seconds
Resulting Fitness: 0.361111
-------------
Particle: 19:
Relays Coordinates:
148.887, 194.776
136.223, 47.0462
Evaluation Time: 1.30979 seconds
Resulting Fitness: 0.369444
New local best!
-------------
Particle: 20:
Relays Coordinates:
104.918, 157.918
97.6287, 104.814
Evaluation Time: 1.25822 seconds
Resulting Fitness: 0.277778
Current global best fitness: 0.375
Current global best relays: 154.118, 194.712
147.011, 43.7973
Particle 1 new velocities: 98.8391, 118.443
81.0007, 24.7238
Particle 2 new velocities: 19.8733, 37.5135
40.7546, 8.58365
Particle 3 new velocities: 32.8074, 40.0065
32.7713, 12.016
Particle 4 new velocities: 79.8832, 108.703
84.9969, -12.2521
Particle 5 new velocities: 65.0877, 62.9518
66.8919, 13.286
Particle 6 new velocities: 90.1444, 104.488
77.6172, 62.9042
Particle 7 new velocities: 93.8821, 128.406
65.2757, -1.98798
Particle 8 new velocities: 26.8207, 79.299
-16.1388, 40.7879
Particle 9 new velocities: 43.6532, 88.1794
29.9111, 18.586
Particle 10 new velocities: 64.7439, 97.6815
87.9831, 26.0411
Particle 11 new velocities: 106.787, 139.548
62.5316, -10.7347
Particle 12 new velocities: 79.808, 82.6644
72.8975, 24.6154
Particle 13 new velocities: 52.2288, 83.6076
67.1901, 19.6615
Particle 14 new velocities: 23.9365, 29.5228
44.4864, 6.36911
Particle 15 new velocities: 75.9406, 97.17
74.8028, -10.0889
Particle 16 new velocities: 76.2862, 97.1
80.7173, 8.16724
Particle 17 new velocities: 82.3968, 95.0487
77.3079, 24.8966
Particle 18 new velocities: 26.6337, 39.2249
22.9013, 7.97268
Particle 19 new velocities: 72.3113, 97.8717
84.4558, 25.9761
Particle 20 new velocities: 29.9775, 141.738
173.607, 212.274
-- ITERATION 7 --
-------------
Particle: 1:
Relays Coordinates:
162.609, 189.343
143.785, 35.7099
Evaluation Time: 1.36372 seconds
Resulting Fitness: 0.366667
New local best!
-------------
Particle: 2:
Relays Coordinates:
149.654, 172.266
142.938, 35.675
Evaluation Time: 1.33988 seconds
Resulting Fitness: 0.35
-------------
Particle: 3:
Relays Coordinates:
164.28, 179.084
121.966, 42.8713
Evaluation Time: 1.32259 seconds
Resulting Fitness: 0.369444
-------------
Particle: 4:
Relays Coordinates:
139.739, 164.08
82.4731, 25.188
Evaluation Time: 1.31168 seconds
Resulting Fitness: 0.294444
-------------
Particle: 5:
Relays Coordinates:
194.926, 162.062
146.533, 45.7458
Evaluation Time: 1.32919 seconds
Resulting Fitness: 0.344444
-------------
Particle: 6:
Relays Coordinates:
154.922, 180.311
126.904, 62.22
Evaluation Time: 1.29187 seconds
Resulting Fitness: 0.361111
-------------
Particle: 7:
Relays Coordinates:
115.313, 153.105
101.282, 6.74166
Evaluation Time: 1.24818 seconds
Resulting Fitness: 0.297222
-------------
Particle: 8:
Relays Coordinates:
195.356, 226.841
125.816, 90.2076
Evaluation Time: 1.38406 seconds
Resulting Fitness: 0.35
-------------
Particle: 9:
Relays Coordinates:
153.009, 195.154
138.847, 42.5976
Evaluation Time: 1.38416 seconds
Resulting Fitness: 0.363889
New local best!
-------------
Particle: 10:
Relays Coordinates:
162.979, 174.76
136.395, 42.5241
Evaluation Time: 1.30395 seconds
Resulting Fitness: 0.380556
New local best!
New global best!
-------------
Particle: 11:
Relays Coordinates:
126.254, 189.42
102.499, 51.5902
Evaluation Time: 1.29883 seconds
Resulting Fitness: 0.333333
-------------
Particle: 12:
Relays Coordinates:
132.331, 158.156
139.478, 37.5186
Evaluation Time: 1.27962 seconds
Resulting Fitness: 0.316667
-------------
Particle: 13:
Relays Coordinates:
152.669, 198.312
144.397, 46.768
Evaluation Time: 1.38039 seconds
Resulting Fitness: 0.380556
New local best!
-------------
Particle: 14:
Relays Coordinates:
129.324, 180.076
133.061, 38.5032
Evaluation Time: 1.27815 seconds
Resulting Fitness: 0.352778
New local best!
-------------
Particle: 15:
Relays Coordinates:
137.061, 181.223
138.1, 32.3832
Evaluation Time: 1.2989 seconds
Resulting Fitness: 0.352778
New local best!
-------------
Particle: 16:
Relays Coordinates:
129.403, 158.582
119.973, 17.5151
Evaluation Time: 1.26517 seconds
Resulting Fitness: 0.325
-------------
Particle: 17:
Relays Coordinates:
140.224, 177.016
139.776, 47.0994
Evaluation Time: 1.28069 seconds
Resulting Fitness: 0.352778
-------------
Particle: 18:
Relays Coordinates:
165.072, 175.4
138.413, 41.577
Evaluation Time: 1.28917 seconds
Resulting Fitness: 0.363889
-------------
Particle: 19:
Relays Coordinates:
145.128, 192.006
144.787, 47.9099
Evaluation Time: 1.34857 seconds
Resulting Fitness: 0.366667
-------------
Particle: 20:
Relays Coordinates:
58.068, 128.992
116.758, 136.496
Evaluation Time: 1.20299 seconds
Resulting Fitness: 0.252778
Current global best fitness: 0.380556
Current global best relays: 162.979, 174.76
136.395, 42.5241
Particle 1 new velocities: 79.4791, 84.2157
57.9118, 23.4861
Particle 2 new velocities: 58.927, 33.2144
18.4681, 8.24943
Particle 3 new velocities: 31.2572, 31.9828
23.6606, 7.94826
Particle 4 new velocities: 91.5098, 109.833
66.6698, 101.98
Particle 5 new velocities: 21.0386, 72.6323
34.4631, 10.6478
Particle 6 new velocities: 87.6523, 85.8375
44.9006, 34.65
Particle 7 new velocities: 115.938, 157.842
127.526, 97.6334
Particle 8 new velocities: -0.935899, 2.71841
-11.6479, -11.6555
Particle 9 new velocities: 36.005, 67.2737
20.7884, 14.8299
Particle 10 new velocities: 51.7951, 78.1452
70.3865, 20.8329
Particle 11 new velocities: 106.703, 186.459
75.2828, 56.1997
Particle 12 new velocities: 91.9376, 84.0233
36.0406, 21.7192
Particle 13 new velocities: 49.4856, 61.9788
52.3871, 12.9443
Particle 14 new velocities: 56.3326, 20.3313
36.7302, 5.84265
Particle 15 new velocities: 70.5743, 69.7014
58.1756, 3.70922
Particle 16 new velocities: 96.0562, 97.7087
84.8198, 30.1358
Particle 17 new velocities: 95.0747, 101.855
65.9836, 16.0509
Particle 18 new velocities: 20.4193, 36.3965
7.25548, 3.6723
Particle 19 new velocities: 64.8037, 60.9263
57.4099, 19.401
Particle 20 new velocities: 45.2705, 149.334
139.174, 263.829
-- ITERATION 8 --
-------------
Particle: 1:
Relays Coordinates:
158.834, 179.482
132.333, 38.8385
Evaluation Time: 1.30222 seconds
Resulting Fitness: 0.363889
-------------
Particle: 2:
Relays Coordinates:
187.723, 184.932
145.265, 39.532
Evaluation Time: 1.39745 seconds
Resulting Fitness: 0.366667
New local best!
-------------
Particle: 3:
Relays Coordinates:
175.983, 189.961
131.063, 45.7376
Evaluation Time: 1.32295 seconds
Resulting Fitness: 0.369444
-------------
Particle: 4:
Relays Coordinates:
168.58, 199.683
108.725, 92.7052
Evaluation Time: 1.31686 seconds
Resulting Fitness: 0.344444
New local best!
-------------
Particle: 5:
Relays Coordinates:
174.931, 190.103
146.607, 45.6788
Evaluation Time: 1.44923 seconds
Resulting Fitness: 0.366667
New local best!
-------------
Particle: 6:
Relays Coordinates:
176.837, 194.022
125.245, 70.6183
Evaluation Time: 1.27037 seconds
Resulting Fitness: 0.375
New local best!
-------------
Particle: 7:
Relays Coordinates:
136.551, 183.611
135.109, 61.6325
Evaluation Time: 1.276 seconds
Resulting Fitness: 0.355556
-------------
Particle: 8:
Relays Coordinates:
174.978, 206.603
102.751, 70.6969
Evaluation Time: 1.4099 seconds
Resulting Fitness: 0.35
-------------
Particle: 9:
Relays Coordinates:
137.791, 191.31
116.375, 41.8647
Evaluation Time: 1.33462 seconds
Resulting Fitness: 0.35
-------------
Particle: 10:
Relays Coordinates:
140.913, 165.931
135.669, 41.5685
Evaluation Time: 1.301 seconds
Resulting Fitness: 0.325
-------------
Particle: 11:
Relays Coordinates:
123.803, 199.758
94.4806, 57.284
Evaluation Time: 1.28832 seconds
Resulting Fitness: 0.322222
-------------
Particle: 12:
Relays Coordinates:
181.658, 196.165
142.17, 47.9826
Evaluation Time: 1.37926 seconds
Resulting Fitness: 0.361111
New local best!
-------------
Particle: 13:
Relays Coordinates:
147.371, 189.752
143.456, 43.5303
Evaluation Time: 1.33508 seconds
Resulting Fitness: 0.377778
-------------
Particle: 14:
Relays Coordinates:
150.382, 162.33
137.531, 35.9202
Evaluation Time: 1.26588 seconds
Resulting Fitness: 0.325
-------------
Particle: 15:
Relays Coordinates:
136.229, 164.632
128.776, 23.6803
Evaluation Time: 1.32692 seconds
Resulting Fitness: 0.330556
-------------
Particle: 16:
Relays Coordinates:
164.36, 186.836
149.294, 34.7375
Evaluation Time: 1.36695 seconds
Resulting Fitness: 0.358333
New local best!
-------------
Particle: 17:
Relays Coordinates:
154.38, 182.967
134.999, 41.4329
Evaluation Time: 1.30078 seconds
Resulting Fitness: 0.369444
-------------
Particle: 18:
Relays Coordinates:
166.942, 190.616
131.102, 40.7244
Evaluation Time: 1.33683 seconds
Resulting Fitness: 0.366667
-------------
Particle: 19:
Relays Coordinates:
137.737, 165.949
132.661, 44.1627
Evaluation Time: 1.29058 seconds
Resulting Fitness: 0.325
-------------
Particle: 20:
Relays Coordinates:
49.4265, 133.122
122.412, 191.474
Evaluation Time: 1.20674 seconds
Resulting Fitness: 0.3
Current global best fitness: 0.380556
Current global best relays: 162.979, 174.76
136.395, 42.5241
Particle 1 new velocities: 67.7928, 63.0974
58.0814, 21.8619
Particle 2 new velocities: 28.3431, 15.7499
10.2467, 7.71064
Particle 3 new velocities: 13.4756, 11.5268
-0.93085, -0.812966
Particle 4 new velocities: 67.9948, 83.3243
83.8219, 72.3499
Particle 5 new velocities: 3.85689, 52.8501
22.1676, 5.27984
Particle 6 new velocities: 64.1586, 49.7278
47.7986, 19.1315
Particle 7 new velocities: 111.703, 125
109.768, 52.5985
Particle 8 new velocities: -13.4206, -42.9967
30.4208, -26.0218
Particle 9 new velocities: 44.3518, 39.1971
46.576, 13.0999
Particle 10 new velocities: 66.9753, 71.5086
57.3325, 17.7965
Particle 11 new velocities: 78.5718, 186.745
123.772, 31.6363
Particle 12 new velocities: 50.0023, 47.5458
27.8292, 13.0067
Particle 13 new velocities: 56.1385, 40.9216
34.927, 12.7927
Particle 14 new velocities: 28.1886, 34.1359
24.0012, 13.1254
Particle 15 new velocities: 66.4122, 72.9919
63.1823, 25.5421
Particle 16 new velocities: 76.6211, 67.8645
63.092, 30.3684
Particle 17 new velocities: 83.362, 88.0599
69.3398, 15.6121
Particle 18 new velocities: 10.7451, 10.7074
10.95, 0.211775
Particle 19 new velocities: 85.6726, 70.9633
54.8692, 15.2917
Particle 20 new velocities: 167.865, 135.21
107.289, 200.21
-- ITERATION 9 --
-------------
Particle: 1:
Relays Coordinates:
165.211, 176.84
138.812, 44.2506
Evaluation Time: 1.30451 seconds
Resulting Fitness: 0.369444
New local best!
-------------
Particle: 2:
Relays Coordinates:
194.459, 180.614
139.961, 42.5184
Evaluation Time: 1.36801 seconds
Resulting Fitness: 0.366667
-------------
Particle: 3:
Relays Coordinates:
170.513, 181.339
117.119, 40.4321
Evaluation Time: 1.29362 seconds
Resulting Fitness: 0.366667
-------------
Particle: 4:
Relays Coordinates:
139.695, 167.113
113.697, 97.4634
Evaluation Time: 1.29661 seconds
Resulting Fitness: 0.311111
-------------
Particle: 5:
Relays Coordinates:
130.336, 177.113
123.037, 37.1489
Evaluation Time: 1.27959 seconds
Resulting Fitness: 0.341667
-------------
Particle: 6:
Relays Coordinates:
175.686, 177.694
126.149, 65.4276
Evaluation Time: 1.28605 seconds
Resulting Fitness: 0.363889
-------------
Particle: 7:
Relays Coordinates:
131.932, 164.008
130.138, 60.707
Evaluation Time: 1.2607 seconds
Resulting Fitness: 0.333333
-------------
Particle: 8:
Relays Coordinates:
161.557, 163.606
133.172, 44.6751
Evaluation Time: 1.29092 seconds
Resulting Fitness: 0.344444
-------------
Particle: 9:
Relays Coordinates:
147.536, 186.711
131.99, 44.5213
Evaluation Time: 1.39551 seconds
Resulting Fitness: 0.363889
-------------
Particle: 10:
Relays Coordinates:
151.551, 173.094
140.698, 43.2771
Evaluation Time: 1.34803 seconds
Resulting Fitness: 0.341667
-------------
Particle: 11:
Relays Coordinates:
96.7954, 184.863
104.39, 42.5303
Evaluation Time: 1.26998 seconds
Resulting Fitness: 0.3
-------------
Particle: 12:
Relays Coordinates:
168.88, 177.665
123.929, 44.4612
Evaluation Time: 1.25365 seconds
Resulting Fitness: 0.366667
New local best!
-------------
Particle: 13:
Relays Coordinates:
164.843, 186.846
144.49, 45.6216
Evaluation Time: 1.32987 seconds
Resulting Fitness: 0.375
-------------
Particle: 14:
Relays Coordinates:
160.713, 176.819
145.379, 44.141
Evaluation Time: 1.3971 seconds
Resulting Fitness: 0.363889
New local best!
-------------
Particle: 15:
Relays Coordinates:
147.726, 173.228
139.938, 35.8831
Evaluation Time: 1.29733 seconds
Resulting Fitness: 0.344444
-------------
Particle: 16:
Relays Coordinates:
158.107, 167.109
139.346, 42.7159
Evaluation Time: 1.2975 seconds
Resulting Fitness: 0.338889
-------------
Particle: 17:
Relays Coordinates:
155.982, 177.821
134.067, 37.4273
Evaluation Time: 1.29862 seconds
Resulting Fitness: 0.361111
-------------
Particle: 18:
Relays Coordinates:
159.919, 181.191
127.847, 36.8425
Evaluation Time: 1.28411 seconds
Resulting Fitness: 0.363889
-------------
Particle: 19:
Relays Coordinates:
162.865, 172.709
136.71, 43.3422
Evaluation Time: 1.33436 seconds
Resulting Fitness: 0.361111
-------------
Particle: 20:
Relays Coordinates:
93.5367, 115.508
98.8785, 168.607
Evaluation Time: 1.24647 seconds
Resulting Fitness: 0.272222
Current global best fitness: 0.380556
Current global best relays: 162.979, 174.76
136.395, 42.5241
Particle 1 new velocities: 54.1228, 49.1539
45.5197, 16.9816
Particle 2 new velocities: 10.7445, 9.07847
9.35682, 2.82114
Particle 3 new velocities: 9.53747, 7.1438
4.19187, 2.14592
Particle 4 new velocities: 65.2927, 82.1794
78.2265, -13.1662
Particle 5 new velocities: 43.7724, 47.4366
47.984, 6.13019
Particle 6 new velocities: 41.1205, 49.7311
41.2185, 19.1472
Particle 7 new velocities: 100.716, 130.401
99.287, 2.147
Particle 8 new velocities: -10.5231, -9.62699
4.8283, -3.37894
Particle 9 new velocities: 50.931, 37.4062
44.0135, 6.82234
Particle 10 new velocities: 75.8125, 60.0633
36.9418, 13.9091
Particle 11 new velocities: 71.0908, 150.564
97.6112, 44.799
Particle 12 new velocities: 36.6102, 36.5571
27.3212, 9.00975
Particle 13 new velocities: 39.508, 34.0627
17.4263, 8.31367
Particle 14 new velocities: 24.7238, 26.0568
11.4451, 10.271
Particle 15 new velocities: 38.4958, 63.4416
49.3458, 19.4596
Particle 16 new velocities: 62.6332, 89.9677
61.4362, 15.3066
Particle 17 new velocities: 72.5081, 82.7989
65.0444, 23.7915
Particle 18 new velocities: 11.7048, 0.765326
21.2297, 4.85621
Particle 19 new velocities: 55.1738, 71.9478
43.1478, 13.7847
Particle 20 new velocities: 54.1537, 173.069
91.2448, 4.85588
-- ITERATION 10 --
-------------
Particle: 1:
Relays Coordinates:
159.894, 164.75
134.378, 44.6383
Evaluation Time: 1.31471 seconds
Resulting Fitness: 0.338889
-------------
Particle: 2:
Relays Coordinates:
184.683, 170.723
134.386, 40.8056
Evaluation Time: 1.30997 seconds
Resulting Fitness: 0.366667
-------------
Particle: 3:
Relays Coordinates:
162.045, 169.634
109.18, 38.3203
Evaluation Time: 1.39761 seconds
Resulting Fitness: 0.35
-------------
Particle: 4:
Relays Coordinates:
149.436, 181.734
139.912, 61.4526
Evaluation Time: 1.36825 seconds
Resulting Fitness: 0.361111
New local best!
-------------
Particle: 5:
Relays Coordinates:
141.028, 181.885
138.527, 35.0561
Evaluation Time: 1.28458 seconds
Resulting Fitness: 0.355556
-------------
Particle: 6:
Relays Coordinates:
175.613, 184.214
135.568, 68.5056
Evaluation Time: 1.32546 seconds
Resulting Fitness: 0.366667
-------------
Particle: 7:
Relays Coordinates:
137.376, 173.846
135.473, 37.1147
Evaluation Time: 1.35559 seconds
Resulting Fitness: 0.336111
-------------
Particle: 8:
Relays Coordinates:
151.034, 153.979
138, 41.2961
Evaluation Time: 1.30182 seconds
Resulting Fitness: 0.325
-------------
Particle: 9:
Relays Coordinates:
160.758, 181.535
142.563, 41.5883
Evaluation Time: 1.32178 seconds
Resulting Fitness: 0.363889
-------------
Particle: 10:
Relays Coordinates:
184.164, 188.857
143.888, 46.3208
Evaluation Time: 1.35009 seconds
Resulting Fitness: 0.361111
-------------
Particle: 11:
Relays Coordinates:
99.1352, 198.066
119.279, 51.5671
Evaluation Time: 1.28493 seconds
Resulting Fitness: 0.330556
-------------
Particle: 12:
Relays Coordinates:
184.941, 192.8
136.125, 48.1239
Evaluation Time: 1.31766 seconds
Resulting Fitness: 0.366667
-------------
Particle: 13:
Relays Coordinates:
165.524, 178.936
131.152, 43.6876
Evaluation Time: 1.2955 seconds
Resulting Fitness: 0.369444
-------------
Particle: 14:
Relays Coordinates:
166.893, 182.589
141.141, 48.9708
Evaluation Time: 1.35646 seconds
Resulting Fitness: 0.369444
New local best!
-------------
Particle: 15:
Relays Coordinates:
135.755, 172.532
137.988, 40.3448
Evaluation Time: 1.33093 seconds
Resulting Fitness: 0.338889
-------------
Particle: 16:
Relays Coordinates:
160.92, 187.409
146.37, 42.2984
Evaluation Time: 1.35265 seconds
Resulting Fitness: 0.369444
New local best!
-------------
Particle: 17:
Relays Coordinates:
166.57, 189.992
145.152, 44.6285
Evaluation Time: 1.34343 seconds
Resulting Fitness: 0.366667
-------------
Particle: 18:
Relays Coordinates:
171.623, 181.957
149.076, 41.6988
Evaluation Time: 1.36245 seconds
Resulting Fitness: 0.35
-------------
Particle: 19:
Relays Coordinates:
158.95, 178.355
131.116, 41.6455
Evaluation Time: 1.28782 seconds
Resulting Fitness: 0.366667
-------------
Particle: 20:
Relays Coordinates:
87.2097, 170.402
112.266, 102.428
Evaluation Time: 1.23793 seconds
Resulting Fitness: 0.286111
Current global best fitness: 0.380556
Current global best relays: 162.979, 174.76
136.395, 42.5241
Particle 1 new velocities: 52.3522, 46.3806
42.5359, 10.6917
Particle 2 new velocities: 9.6708, 23.1343
11.0775, 3.28634
Particle 3 new velocities: 13.5153, 15.6557
20.6147, 5.83004
Particle 4 new velocities: 60.2076, 58.8164
61.0653, -34.9434
Particle 5 new velocities: 88.4119, 45.8528
39.0657, 21.7701
Particle 6 new velocities: 31.4236, 49.0734
29.671, -6.94804
Particle 7 new velocities: 97.3291, 126.625
87.0246, 14.7708
Particle 8 new velocities: 38.216, 48.578
-17.0665, 5.67015
Particle 9 new velocities: 36.966, 29.2617
33.6712, 6.53827
Particle 10 new velocities: 37.3151, 31.6853
14.8123, 5.9172
Particle 11 new velocities: 71.736, 152.146
76.8354, 55.2188
Particle 12 new velocities: -3.9692, 10.2062
10.6795, 1.49908
Particle 13 new velocities: 12.6616, 27.1923
25.3898, 6.28648
Particle 14 new velocities: 15.4671, 19.0052
5.84784, 7.47288
Particle 15 new velocities: 61.4853, 64.6986
37.8924, 17.064
Particle 16 new velocities: 52.2687, 61.9541
46.7668, 12.4664
Particle 17 new velocities: 36.2113, 60.9807
51.4072, 15.8381
Particle 18 new velocities: -3.72544, -3.01854
-3.13376, 3.27602
Particle 19 new velocities: 30.5358, 58.6033
49.0267, 13.0738
Particle 20 new velocities: -4.98164, 132.053
82.461, 143.228
-- ITERATION 11 --
-------------
Particle: 1:
Relays Coordinates:
171.92, 171.015
143.3, 44.8173
Evaluation Time: 1.31437 seconds
Resulting Fitness: 0.352778
-------------
Particle: 2:
Relays Coordinates:
174.919, 174.472
130.917, 39.6827
Evaluation Time: 1.30005 seconds
Resulting Fitness: 0.366667
-------------
Particle: 3:
Relays Coordinates:
175.561, 185.29
129.795, 44.1503
Evaluation Time: 1.3047 seconds
Resulting Fitness: 0.363889
-------------
Particle: 4:
Relays Coordinates:
137.547, 157.825
131.861, 17.3927
Evaluation Time: 1.27217 seconds
Resulting Fitness: 0.322222
-------------
Particle: 5:
Relays Coordinates:
185.846, 184.467
143.85, 46.0292
Evaluation Time: 1.34658 seconds
Resulting Fitness: 0.366667
-------------
Particle: 6:
Relays Coordinates:
167.7, 188.963
133.843, 49.8616
Evaluation Time: 1.31298 seconds
Resulting Fitness: 0.369444
-------------
Particle: 7:
Relays Coordinates:
138.591, 177.425
131.383, 30.6378
Evaluation Time: 1.29796 seconds
Resulting Fitness: 0.347222
-------------
Particle: 8:
Relays Coordinates:
170.325, 182.302
108.84, 42.2696
Evaluation Time: 1.33277 seconds
Resulting Fitness: 0.358333
-------------
Particle: 9:
Relays Coordinates:
160.157, 170.745
142.75, 38.9826
Evaluation Time: 1.31679 seconds
Resulting Fitness: 0.361111
-------------
Particle: 10:
Relays Coordinates:
179.398, 178.639
128.548, 42.3128
Evaluation Time: 1.29058 seconds
Resulting Fitness: 0.366667
-------------
Particle: 11:
Relays Coordinates:
100.898, 206.797
115.804, 63.056
Evaluation Time: 1.28022 seconds
Resulting Fitness: 0.344444
New local best!
-------------
Particle: 12:
Relays Coordinates:
162.875, 182.706
132.124, 44.6606
Evaluation Time: 1.32269 seconds
Resulting Fitness: 0.369444
New local best!
-------------
Particle: 13:
Relays Coordinates:
160.367, 185.515
140.888, 44.9767
Evaluation Time: 1.33775 seconds
Resulting Fitness: 0.363889
-------------
Particle: 14:
Relays Coordinates:
164.124, 181.434
132.29, 50.7993
Evaluation Time: 1.28814 seconds
Resulting Fitness: 0.366667
-------------
Particle: 15:
Relays Coordinates:
159.765, 192.157
142.463, 46.5011
Evaluation Time: 1.31504 seconds
Resulting Fitness: 0.386111
New local best!
New global best!
-------------
Particle: 16:
Relays Coordinates:
155.415, 181.785
140.797, 39.9236
Evaluation Time: 1.29304 seconds
Resulting Fitness: 0.361111
-------------
Particle: 17:
Relays Coordinates:
147.827, 182.959
143.292, 44.0801
Evaluation Time: 1.33644 seconds
Resulting Fitness: 0.363889
-------------
Particle: 18:
Relays Coordinates:
167.898, 178.938
145.943, 44.9748
Evaluation Time: 1.34633 seconds
Resulting Fitness: 0.366667
-------------
Particle: 19:
Relays Coordinates:
153.484, 191.936
145.916, 44.3227
Evaluation Time: 1.36068 seconds
Resulting Fitness: 0.372222
New local best!
-------------
Particle: 20:
Relays Coordinates:
39.3294, 144.663
93.1373, 117.497
Evaluation Time: 1.14128 seconds
Resulting Fitness: 0.236111
Current global best fitness: 0.386111
Current global best relays: 159.765, 192.157
142.463, 46.5011
Particle 1 new velocities: 29.9837, 65.9738
28.3309, 8.0796
Particle 2 new velocities: -0.342404, 39.8264
24.1231, 6.48
Particle 3 new velocities: -5.89262, 14.72
3.91992, 4.60847
Particle 4 new velocities: 60.8472, 93.6864
68.373, 58.6772
Particle 5 new velocities: 46.5992, 55.4425
31.7659, 17.2543
Particle 6 new velocities: 25.8163, 43.6926
21.6941, 15.3065
Particle 7 new velocities: 96.586, 132.309
104.559, 52.8431
Particle 8 new velocities: 32.4128, 37.7556
10.3315, 23.8683
Particle 9 new velocities: 21.9583, 42.1046
25.1074, 14.5619
Particle 10 new velocities: -11.5667, 23.9948
30.2616, 5.9985
Particle 11 new velocities: 80.5452, 119.22
70.6321, 35.8239
Particle 12 new velocities: -3.7256, 19.4059
12.9932, 1.27311
Particle 13 new velocities: -0.0326144, 32.7799
23.3168, 6.73733
Particle 14 new velocities: 9.1953, 28.0071
17.583, 0.763826
Particle 15 new velocities: 49.1882, 51.7589
30.3139, 13.6512
Particle 16 new velocities: 52.6359, 68.53
45.0031, 14.1864
Particle 17 new velocities: 46.1657, 63.3857
43.6286, 14.6098
Particle 18 new velocities: -11.8954, 6.54163
-17.2747, 1.54177
Particle 19 new velocities: 24.9964, 47.15
37.7241, 11.5026
Particle 20 new velocities: 80.7311, 139.262
134.541, 199.445
-- ITERATION 12 --
-------------
Particle: 1:
Relays Coordinates:
163.542, 191.961
139.021, 42.8465
Evaluation Time: 1.31228 seconds
Resulting Fitness: 0.369444
-------------
Particle: 2:
Relays Coordinates:
157.119, 192.868
139.536, 41.5464
Evaluation Time: 1.38272 seconds
Resulting Fitness: 0.380556
New local best!
-------------
Particle: 3:
Relays Coordinates:
152.701, 180.009
120.343, 43.8829
Evaluation Time: 1.28708 seconds
Resulting Fitness: 0.358333
-------------
Particle: 4:
Relays Coordinates:
130.167, 165.017
131.374, 49.9095
Evaluation Time: 1.24182 seconds
Resulting Fitness: 0.322222
-------------
Particle: 5:
Relays Coordinates:
188.281, 194.327
142.249, 51.2596
Evaluation Time: 1.3185 seconds
Resulting Fitness: 0.361111
-------------
Particle: 6:
Relays Coordinates:
174.164, 209.39
139.984, 58.6513
Evaluation Time: 1.39915 seconds
Resulting Fitness: 0.383333
New local best!
-------------
Particle: 7:
Relays Coordinates:
138.87, 182.895
139.321, 49.2947
Evaluation Time: 1.31455 seconds
Resulting Fitness: 0.358333
-------------
Particle: 8:
Relays Coordinates:
164.218, 178.246
96.5292, 53.5718
Evaluation Time: 1.29528 seconds
Resulting Fitness: 0.341667
-------------
Particle: 9:
Relays Coordinates:
147.513, 172.408
135.964, 43.371
Evaluation Time: 1.34187 seconds
Resulting Fitness: 0.355556
-------------
Particle: 10:
Relays Coordinates:
151.049, 182.371
142.928, 43.4802
Evaluation Time: 1.3004 seconds
Resulting Fitness: 0.361111
-------------
Particle: 11:
Relays Coordinates:
119.045, 213.9
122.321, 64.8751
Evaluation Time: 1.29411 seconds
Resulting Fitness: 0.366667
New local best!
-------------
Particle: 12:
Relays Coordinates:
143.234, 181.9
130.606, 41.3404
Evaluation Time: 1.26768 seconds
Resulting Fitness: 0.35
-------------
Particle: 13:
Relays Coordinates:
144.301, 196.466
147.784, 46.5426
Evaluation Time: 1.36822 seconds
Resulting Fitness: 0.372222
-------------
Particle: 14:
Relays Coordinates:
155.988, 188.497
134.886, 46.4068
Evaluation Time: 1.41266 seconds
Resulting Fitness: 0.377778
New local best!
-------------
Particle: 15:
Relays Coordinates:
169.252, 197.572
139.949, 48.7233
Evaluation Time: 1.49553 seconds
Resulting Fitness: 0.372222
-------------
Particle: 16:
Relays Coordinates:
151.669, 182.48
135.448, 39.4461
Evaluation Time: 1.28972 seconds
Resulting Fitness: 0.361111
-------------
Particle: 17:
Relays Coordinates:
141.421, 179.585
136.265, 42.785
Evaluation Time: 1.29734 seconds
Resulting Fitness: 0.352778
-------------
Particle: 18:
Relays Coordinates:
156.003, 185.48
128.668, 46.5165
Evaluation Time: 1.3042 seconds
Resulting Fitness: 0.366667
-------------
Particle: 19:
Relays Coordinates:
130.112, 174.294
133.873, 40.6966
Evaluation Time: 1.3199 seconds
Resulting Fitness: 0.344444
-------------
Particle: 20:
Relays Coordinates:
57.4246, 135.8
108.898, 151.592
Evaluation Time: 1.20155 seconds
Resulting Fitness: 0.255556
Current global best fitness: 0.386111
Current global best relays: 159.765, 192.157
142.463, 46.5011
Particle 1 new velocities: 25.8588, 49.8498
26.8224, 8.87642
Particle 2 new velocities: 2.48994, 31.001
20.7173, 5.64052
Particle 3 new velocities: 3.9244, 16.9126
18.8413, 3.35982
Particle 4 new velocities: 76.4577, 89.163
65.9757, 57.3585
Particle 5 new velocities: -5.46594, 37.1068
31.0695, 6.0045
Particle 6 new velocities: 16.1675, 25.7036
19.9477, 3.51278
Particle 7 new velocities: 94.8899, 119.324
94.9511, 33.1699
Particle 8 new velocities: 30.9465, 46.7911
29.9415, 48.5264
Particle 9 new velocities: 18.4927, 50.356
29.6559, 11.9095
Particle 10 new velocities: 15.8688, 11.9463
17.2363, 7.57467
Particle 11 new velocities: 88.2333, 74.3349
77.6819, 23.7511
Particle 12 new velocities: 39.213, 18.6164
15.6145, 8.23843
Particle 13 new velocities: 10.201, 27.2567
12.3104, 5.75839
Particle 14 new velocities: 10.2342, 24.293
15.7854, 0.680587
Particle 15 new velocities: 26.7557, 31.946
27.8204, 5.41686
Particle 16 new velocities: 48.4571, 63.5939
50.9057, 19.0692
Particle 17 new velocities: 54.5418, 79.496
41.2544, 15.4504
Particle 18 new velocities: -2.75417, 3.39199
-0.265417, -1.7118
Particle 19 new velocities: 68.3269, 82.0369
39.7468, 11.3014
Particle 20 new velocities: 50.1546, 154.119
146.306, 55.9304
-- ITERATION 13 --
-------------
Particle: 1:
Relays Coordinates:
138.073, 176.28
120.9, 37.706
Evaluation Time: 1.2822 seconds
Resulting Fitness: 0.344444
-------------
Particle: 2:
Relays Coordinates:
129.283, 181.334
129.805, 38.2214
Evaluation Time: 1.27435 seconds
Resulting Fitness: 0.347222
-------------
Particle: 3:
Relays Coordinates:
156.625, 196.922
139.185, 47.2427
Evaluation Time: 1.31049 seconds
Resulting Fitness: 0.383333
New local best!
-------------
Particle: 4:
Relays Coordinates:
135.566, 166.767
129.481, 70.3786
Evaluation Time: 1.32902 seconds
Resulting Fitness: 0.327778
-------------
Particle: 5:
Relays Coordinates:
148.08, 187.461
140.388, 46.3839
Evaluation Time: 1.31082 seconds
Resulting Fitness: 0.363889
-------------
Particle: 6:
Relays Coordinates:
154.169, 190.426
129.544, 50.3529
Evaluation Time: 1.32797 seconds
Resulting Fitness: 0.369444
-------------
Particle: 7:
Relays Coordinates:
138.033, 178.458
138.336, 48.6945
Evaluation Time: 1.32248 seconds
Resulting Fitness: 0.355556
-------------
Particle: 8:
Relays Coordinates:
175.648, 202.534
113.824, 91.8884
Evaluation Time: 1.33652 seconds
Resulting Fitness: 0.347222
-------------
Particle: 9:
Relays Coordinates:
134.465, 180.439
134.152, 44.7772
Evaluation Time: 1.30289 seconds
Resulting Fitness: 0.35
-------------
Particle: 10:
Relays Coordinates:
150.226, 174.885
144.148, 45.9494
Evaluation Time: 1.31949 seconds
Resulting Fitness: 0.338889
-------------
Particle: 11:
Relays Coordinates:
135.995, 189.111
131.222, 58.1476
Evaluation Time: 1.33367 seconds
Resulting Fitness: 0.355556
-------------
Particle: 12:
Relays Coordinates:
164.203, 180.465
131.598, 44.6209
Evaluation Time: 1.32676 seconds
Resulting Fitness: 0.369444
-------------
Particle: 13:
Relays Coordinates:
139.052, 201.35
144.085, 47.0709
Evaluation Time: 1.39834 seconds
Resulting Fitness: 0.358333
-------------
Particle: 14:
Relays Coordinates:
149.6, 191.511
135.604, 42.3787
Evaluation Time: 1.37771 seconds
Resulting Fitness: 0.363889
-------------
Particle: 15:
Relays Coordinates:
158.766, 185.909
135.893, 43.8536
Evaluation Time: 1.37212 seconds
Resulting Fitness: 0.369444
-------------
Particle: 16:
Relays Coordinates:
145.892, 179.388
135.852, 42.6577
Evaluation Time: 1.31135 seconds
Resulting Fitness: 0.35
-------------
Particle: 17:
Relays Coordinates:
142.857, 188.87
129.412, 42.4536
Evaluation Time: 1.31676 seconds
Resulting Fitness: 0.361111
-------------
Particle: 18:
Relays Coordinates:
153.248, 188.872
128.402, 44.8047
Evaluation Time: 1.38717 seconds
Resulting Fitness: 0.363889
-------------
Particle: 19:
Relays Coordinates:
144.662, 186.865
126.569, 37.9066
Evaluation Time: 1.31051 seconds
Resulting Fitness: 0.35
-------------
Particle: 20:
Relays Coordinates:
51.4548, 138.668
122.063, 99.2573
Evaluation Time: 1.17567 seconds
Resulting Fitness: 0.277778
Current global best fitness: 0.386111
Current global best relays: 159.765, 192.157
142.463, 46.5011
Particle 1 new velocities: 73.3982, 56.8358
54.1662, 17.6482
Particle 2 new velocities: 39.4108, 48.9322
38.8384, 10.3303
Particle 3 new velocities: 5.37392, 13.2618
15.1838, 2.48016
Particle 4 new velocities: 86.976, 115.485
78.8967, 40.7524
Particle 5 new velocities: 23.5782, 32.9313
32.2974, 4.74897
Particle 6 new velocities: 23.6399, 26.3063
22.4252, 10.6929
Particle 7 new velocities: 86.286, 106.624
81.8206, 25.1419
Particle 8 new velocities: 20.4032, 18.8211
45.9954, -9.06938
Particle 9 new velocities: 52.5315, 71.3657
32.4311, 9.26615
Particle 10 new velocities: 18.3306, 24.8083
3.78131, 0.658684
Particle 11 new velocities: 53.3612, 84.0186
60.7508, 19.0991
Particle 12 new velocities: 26.2038, 23.1897
22.6451, 8.55337
Particle 13 new velocities: 27.8446, 13.1266
9.19943, 3.60236
Particle 14 new velocities: 14.6361, 16.9868
20.6407, 7.07519
Particle 15 new velocities: 24.2391, 41.119
31.7977, 11.1787
Particle 16 new velocities: 77.9575, 68.0134
47.3136, 17.8191
Particle 17 new velocities: 67.2265, 75.2848
73.2579, 13.9178
Particle 18 new velocities: 2.3992, -4.93213
13.3664, -0.733398
Particle 19 new velocities: 58.366, 79.3283
51.0015, 20.8054
Particle 20 new velocities: 38.3564, 121.441
123.857, 72.08
-- ITERATION 14 --
-------------
Particle: 1:
Relays Coordinates:
171.292, 188.824
141.804, 44.8369
Evaluation Time: 1.3663 seconds
Resulting Fitness: 0.369444
-------------
Particle: 2:
Relays Coordinates:
136.642, 186.516
136.601, 39.3269
Evaluation Time: 1.30078 seconds
Resulting Fitness: 0.352778
-------------
Particle: 3:
Relays Coordinates:
145.799, 189.165
138.931, 44.7506
Evaluation Time: 1.31536 seconds
Resulting Fitness: 0.358333
-------------
Particle: 4:
Relays Coordinates:
146.01, 185.186
136.717, 72.913
Evaluation Time: 1.31567 seconds
Resulting Fitness: 0.347222
-------------
Particle: 5:
Relays Coordinates:
139.043, 178.518
139.875, 41.4177
Evaluation Time: 1.32353 seconds
Resulting Fitness: 0.358333
-------------
Particle: 6:
Relays Coordinates:
160.028, 195.059
136.773, 54.9412
Evaluation Time: 1.29518 seconds
Resulting Fitness: 0.380556
-------------
Particle: 7:
Relays Coordinates:
147.176, 187.042
144.444, 48.4441
Evaluation Time: 1.37287 seconds
Resulting Fitness: 0.383333
New local best!
-------------
Particle: 8:
Relays Coordinates:
158.801, 179.297
129.453, 67.0834
Evaluation Time: 1.31781 seconds
Resulting Fitness: 0.377778
New local best!
-------------
Particle: 9:
Relays Coordinates:
136.32, 183.566
121.439, 39.3976
Evaluation Time: 1.39108 seconds
Resulting Fitness: 0.35
-------------
Particle: 10:
Relays Coordinates:
151.701, 179.724
133.137, 41.9472
Evaluation Time: 1.29087 seconds
Resulting Fitness: 0.358333
-------------
Particle: 11:
Relays Coordinates:
138.041, 199.111
139.948, 56.3129
Evaluation Time: 1.35278 seconds
Resulting Fitness: 0.369444
New local best!
-------------
Particle: 12:
Relays Coordinates:
171.366, 183.289
138.819, 47.8569
Evaluation Time: 1.32675 seconds
Resulting Fitness: 0.361111
-------------
Particle: 13:
Relays Coordinates:
150.207, 193.029
137.956, 45.6059
Evaluation Time: 1.32774 seconds
Resulting Fitness: 0.375
-------------
Particle: 14:
Relays Coordinates:
147.812, 187.648
140.621, 44.5085
Evaluation Time: 1.34618 seconds
Resulting Fitness: 0.366667
-------------
Particle: 15:
Relays Coordinates:
148.234, 183.893
135.83, 44.5761
Evaluation Time: 1.32486 seconds
Resulting Fitness: 0.366667
-------------
Particle: 16:
Relays Coordinates:
163.186, 180.355
133.528, 44.0876
Evaluation Time: 1.34029 seconds
Resulting Fitness: 0.372222
New local best!
-------------
Particle: 17:
Relays Coordinates:
153.151, 192.569
147.746, 41.0947
Evaluation Time: 1.3283 seconds
Resulting Fitness: 0.361111
-------------
Particle: 18:
Relays Coordinates:
155.648, 183.94
141.769, 44.0714
Evaluation Time: 1.37624 seconds
Resulting Fitness: 0.377778
New local best!
-------------
Particle: 19:
Relays Coordinates:
148.007, 194.055
129.449, 42.801
Evaluation Time: 1.34713 seconds
Resulting Fitness: 0.355556
-------------
Particle: 20:
Relays Coordinates:
47.7294, 138.232
130.692, 91.0557
Evaluation Time: 1.2141 seconds
Resulting Fitness: 0.294444
Current global best fitness: 0.386111
Current global best relays: 159.765, 192.157
142.463, 46.5011
Particle 1 new velocities: 44.0187, 33.3094
42.9915, 15.0031
Particle 2 new velocities: 84.2261, 56.9016
35.7986, 11.2987
Particle 3 new velocities: 28.1887, 17.2027
15.7106, 4.34492
Particle 4 new velocities: 76.4627, 90.7855
71.6928, -8.2332
Particle 5 new velocities: 77.8539, 46.5082
32.847, 11.4685
Particle 6 new velocities: 30.6581, 29.9144
26.3106, 10.0115
Particle 7 new velocities: 84.7643, 87.7495
64.8682, 19.7656
Particle 8 new velocities: 16.8325, 15.9866
51.1491, -9.07216
Particle 9 new velocities: 60.964, 79.9645
73.0919, 12.5715
Particle 10 new velocities: 38.6339, 31.8786
6.04184, 3.01758
Particle 11 new velocities: 62.9156, 65.7808
51.1642, 7.81661
Particle 12 new velocities: 10.8908, 18.5736
13.9244, 3.39574
Particle 13 new velocities: 30.2629, 10.3823
16.9538, 4.63296
Particle 14 new velocities: 33.2167, 17.3522
8.64845, 8.32819
Particle 15 new velocities: 40.8742, 47.4375
34.625, 10.5035
Particle 16 new velocities: 59.5366, 64.1885
48.6464, 16.8699
Particle 17 new velocities: 58.9211, 61.9553
56.2331, 15.0207
Particle 18 new velocities: 3.02127, -1.33951
11.5424, 2.06467
Particle 19 new velocities: 60.4869, 61.7471
66.2941, 22.0647
Particle 20 new velocities: 113.281, 149.334
95.8856, 256.39
-- ITERATION 15 --
-------------
Particle: 1:
Relays Coordinates:
156.961, 161.935
134.716, 43.6233
Evaluation Time: 1.32538 seconds
Resulting Fitness: 0.330556
-------------
Particle: 2:
Relays Coordinates:
161.013, 177.451
125.679, 36.9061
Evaluation Time: 1.28002 seconds
Resulting Fitness: 0.363889
-------------
Particle: 3:
Relays Coordinates:
156.589, 185.731
139.178, 44.186
Evaluation Time: 1.31291 seconds
Resulting Fitness: 0.372222
-------------
Particle: 4:
Relays Coordinates:
145.964, 181.065
136.737, 42.4364
Evaluation Time: 1.34505 seconds
Resulting Fitness: 0.355556
-------------
Particle: 5:
Relays Coordinates:
175.687, 182.271
139.905, 42.8378
Evaluation Time: 1.31244 seconds
Resulting Fitness: 0.363889
-------------
Particle: 6:
Relays Coordinates:
154.456, 182.228
132.097, 52.6117
Evaluation Time: 1.28128 seconds
Resulting Fitness: 0.355556
-------------
Particle: 7:
Relays Coordinates:
152.176, 180.291
137.33, 44.7523
Evaluation Time: 1.30506 seconds
Resulting Fitness: 0.366667
-------------
Particle: 8:
Relays Coordinates:
142.263, 158.18
146.288, 46.9891
Evaluation Time: 1.35815 seconds
Resulting Fitness: 0.316667
-------------
Particle: 9:
Relays Coordinates:
143.82, 192.114
141.813, 37.8855
Evaluation Time: 1.47905 seconds
Resulting Fitness: 0.358333
-------------
Particle: 10:
Relays Coordinates:
154.171, 171.398
112.734, 36.4215
Evaluation Time: 1.30603 seconds
Resulting Fitness: 0.333333
-------------
Particle: 11:
Relays Coordinates:
146.497, 193.106
139.321, 46.7504
Evaluation Time: 1.30934 seconds
Resulting Fitness: 0.369444
-------------
Particle: 12:
Relays Coordinates:
164.031, 181.677
137.469, 46.1274
Evaluation Time: 1.44861 seconds
Resulting Fitness: 0.366667
-------------
Particle: 13:
Relays Coordinates:
162.423, 183.07
139.419, 45.215
Evaluation Time: 1.31522 seconds
Resulting Fitness: 0.375
-------------
Particle: 14:
Relays Coordinates:
162.926, 184.5
134.342, 47.553
Evaluation Time: 1.2984 seconds
Resulting Fitness: 0.366667
-------------
Particle: 15:
Relays Coordinates:
153.178, 187.378
138.068, 44.6145
Evaluation Time: 1.3855 seconds
Resulting Fitness: 0.372222
-------------
Particle: 16:
Relays Coordinates:
162.365, 178.273
132.805, 44.438
Evaluation Time: 1.28577 seconds
Resulting Fitness: 0.366667
-------------
Particle: 17:
Relays Coordinates:
154.6, 185.548
148.701, 40.9081
Evaluation Time: 1.34342 seconds
Resulting Fitness: 0.386111
New local best!
-------------
Particle: 18:
Relays Coordinates:
142.802, 164.34
137.98, 41.5224
Evaluation Time: 1.32664 seconds
Resulting Fitness: 0.322222
-------------
Particle: 19:
Relays Coordinates:
151.992, 186.48
142.697, 47.2871
Evaluation Time: 1.35193 seconds
Resulting Fitness: 0.377778
New local best!
-------------
Particle: 20:
Relays Coordinates:
69.3096, 123.788
97.5342, 149.564
Evaluation Time: 1.17063 seconds
Resulting Fitness: 0.244444
Current global best fitness: 0.386111
Current global best relays: 159.765, 192.157
142.463, 46.5011
Particle 1 new velocities: 47.4126, 50.2336
40.5825, 14.1474
Particle 2 new velocities: 64.9321, 80.3964
52.664, 14.9525
Particle 3 new velocities: 23.7801, 33.6902
15.9669, 8.37764
Particle 4 new velocities: 66.9863, 86.5463
65.113, 18.2377
Particle 5 new velocities: 58.9944, 59.6282
36.7832, 16.469
Particle 6 new velocities: 44.0173, 53.3025
29.8885, 11.8374
Particle 7 new velocities: 76.0842, 83.5795
62.4943, 16.8118
Particle 8 new velocities: 43.1987, 55.1804
28.5722, 3.69398
Particle 9 new velocities: 58.5455, 68.771
55.3892, 19.6485
Particle 10 new velocities: 48.71, 30.8662
47.2174, 23.3479
Particle 11 new velocities: 52.036, 56.8848
42.2692, 6.99096
Particle 12 new velocities: 7.08466, 18.4135
8.8664, 1.44678
Particle 13 new velocities: 10.3009, 24.8571
19.9408, 6.55904
Particle 14 new velocities: 22.4841, 19.0114
17.0949, 4.30836
Particle 15 new velocities: 43.4956, 47.2353
30.6963, 12.161
Particle 16 new velocities: 45.6415, 67.7246
45.3189, 14.0106
Particle 17 new velocities: 50.7542, 57.6812
37.7213, 18.5024
Particle 18 new velocities: 35.1912, 53.3555
13.9804, 6.366
Particle 19 new velocities: 50.0204, 55.0873
53.0242, 17.0278
Particle 20 new velocities: 154.115, 152.412
96.0544, 213.66
-- ITERATION 16 --
-------------
Particle: 1:
Relays Coordinates:
165.543, 171.857
141.992, 46.7943
Evaluation Time: 1.34489 seconds
Resulting Fitness: 0.366667
-------------
Particle: 2:
Relays Coordinates:
164.714, 187.971
130.012, 37.8049
Evaluation Time: 1.30255 seconds
Resulting Fitness: 0.358333
-------------
Particle: 3:
Relays Coordinates:
162.333, 197.479
139.63, 47.3072
Evaluation Time: 1.34116 seconds
Resulting Fitness: 0.386111
New local best!
-------------
Particle: 4:
Relays Coordinates:
155.241, 195.089
147.149, 44.2315
Evaluation Time: 1.3899 seconds
Resulting Fitness: 0.375
New local best!
-------------
Particle: 5:
Relays Coordinates:
171.083, 176.345
128.806, 43.2346
Evaluation Time: 1.30512 seconds
Resulting Fitness: 0.369444
New local best!
-------------
Particle: 6:
Relays Coordinates:
160.763, 190.78
131.209, 52.2038
Evaluation Time: 1.321 seconds
Resulting Fitness: 0.375
-------------
Particle: 7:
Relays Coordinates:
166.402, 192.361
145.672, 44.8803
Evaluation Time: 1.35276 seconds
Resulting Fitness: 0.369444
-------------
Particle: 8:
Relays Coordinates:
150.224, 172.822
141.637, 41.0533
Evaluation Time: 1.27498 seconds
Resulting Fitness: 0.344444
-------------
Particle: 9:
Relays Coordinates:
147.525, 190.185
143.761, 41.9422
Evaluation Time: 1.37035 seconds
Resulting Fitness: 0.372222
New local best!
-------------
Particle: 10:
Relays Coordinates:
182.593, 182.038
143.957, 53.7925
Evaluation Time: 1.35032 seconds
Resulting Fitness: 0.358333
-------------
Particle: 11:
Relays Coordinates:
144.731, 182.243
132.379, 39.1775
Evaluation Time: 1.30269 seconds
Resulting Fitness: 0.355556
-------------
Particle: 12:
Relays Coordinates:
171.116, 200.09
146.336, 47.5741
Evaluation Time: 1.44438 seconds
Resulting Fitness: 0.355556
-------------
Particle: 13:
Relays Coordinates:
155.451, 187.135
143.424, 46.5966
Evaluation Time: 1.39514 seconds
Resulting Fitness: 0.377778
-------------
Particle: 14:
Relays Coordinates:
166.869, 183.161
136.293, 46.6752
Evaluation Time: 1.32849 seconds
Resulting Fitness: 0.363889
-------------
Particle: 15:
Relays Coordinates:
159.306, 190.037
136.699, 45.9881
Evaluation Time: 1.35235 seconds
Resulting Fitness: 0.380556
-------------
Particle: 16:
Relays Coordinates:
168.485, 199.258
144.28, 47.3434
Evaluation Time: 1.70953 seconds
Resulting Fitness: 0.383333
New local best!
-------------
Particle: 17:
Relays Coordinates:
149.703, 177.314
135.902, 43.3103
Evaluation Time: 1.32289 seconds
Resulting Fitness: 0.344444
-------------
Particle: 18:
Relays Coordinates:
160.194, 195.926
136.764, 43.0996
Evaluation Time: 1.41568 seconds
Resulting Fitness: 0.369444
-------------
Particle: 19:
Relays Coordinates:
147.267, 176.102
142.681, 46.8855
Evaluation Time: 1.33547 seconds
Resulting Fitness: 0.361111
-------------
Particle: 20:
Relays Coordinates:
96.1771, 118.895
83.3335, 156.356
Evaluation Time: 1.16998 seconds
Resulting Fitness: 0.258333
Current global best fitness: 0.386111
Current global best relays: 159.765, 192.157
142.463, 46.5011
Particle 1 new velocities: 30.397, 62.6849
30.4163, 6.82406
Particle 2 new velocities: 47.7814, 75.4354
50.9097, 24.4924
Particle 3 new velocities: 16.5669, 22.7192
15.1792, 5.9645
Particle 4 new velocities: 54.1526, 65.9636
47.9208, 16.3497
Particle 5 new velocities: 43.9535, 62.0585
32.751, 15.8234
Particle 6 new velocities: 56.3034, 44.7291
36.2233, 16.5253
Particle 7 new velocities: 47.1309, 57.7448
46.3767, 14.9544
Particle 8 new velocities: 46.9799, 64.8903
11.9889, 43.2812
Particle 9 new velocities: 61.0451, 56.8284
43.6641, 16.2432
Particle 10 new velocities: -11.192, 25.0037
29.5809, 1.65709
Particle 11 new velocities: 46.0023, 56.5149
55.6871, 29.6955
Particle 12 new velocities: -9.8613, -5.42132
-5.68103, -3.36649
Particle 13 new velocities: 10.6163, 23.5937
15.8509, 5.38392
Particle 14 new velocities: -1.6136, 29.2185
13.7941, 3.03594
Particle 15 new velocities: 35.6707, 40.3484
29.5392, 11.1063
Particle 16 new velocities: 27.4419, 53.9309
35.7973, 11.191
Particle 17 new velocities: 54.5405, 75.7069
36.4228, 15.6422
Particle 18 new velocities: 20.4606, 30.4098
17.3888, 8.18792
Particle 19 new velocities: 59.7607, 50.7108
42.358, 13.9935
Particle 20 new velocities: 168.244, 142.81
116.337, 100.055
-- ITERATION 17 --
-------------
Particle: 1:
Relays Coordinates:
158.711, 189.979
139.65, 43.4308
Evaluation Time: 1.36721 seconds
Resulting Fitness: 0.383333
New local best!
-------------
Particle: 2:
Relays Coordinates:
154.909, 192.023
131.892, 45.4147
Evaluation Time: 1.27531 seconds
Resulting Fitness: 0.372222
-------------
Particle: 3:
Relays Coordinates:
161.01, 198.178
139.329, 47.9446
Evaluation Time: 1.36296 seconds
Resulting Fitness: 0.383333
-------------
Particle: 4:
Relays Coordinates:
152.648, 190.307
142.206, 44.1637
Evaluation Time: 1.30729 seconds
Resulting Fitness: 0.372222
-------------
Particle: 5:
Relays Coordinates:
174.179, 193.107
130.861, 47.837
Evaluation Time: 1.39627 seconds
Resulting Fitness: 0.366667
-------------
Particle: 6:
Relays Coordinates:
175.824, 190.762
135.62, 55.6705
Evaluation Time: 1.35659 seconds
Resulting Fitness: 0.375
-------------
Particle: 7:
Relays Coordinates:
155.665, 182.327
140.003, 43.6195
Evaluation Time: 1.29707 seconds
Resulting Fitness: 0.358333
-------------
Particle: 8:
Relays Coordinates:
159.735, 192.547
124.437, 68.3109
Evaluation Time: 1.32414 seconds
Resulting Fitness: 0.361111
-------------
Particle: 9:
Relays Coordinates:
152.047, 180.073
136.633, 42.4172
Evaluation Time: 1.31661 seconds
Resulting Fitness: 0.361111
-------------
Particle: 10:
Relays Coordinates:
138.835, 167.704
140.565, 44.9141
Evaluation Time: 1.27475 seconds
Resulting Fitness: 0.341667
-------------
Particle: 11:
Relays Coordinates:
139.044, 174.055
137.1, 50.2084
Evaluation Time: 1.27556 seconds
Resulting Fitness: 0.344444
-------------
Particle: 12:
Relays Coordinates:
161.254, 194.669
140.655, 44.2077
Evaluation Time: 1.37283 seconds
Resulting Fitness: 0.375
New local best!
-------------
Particle: 13:
Relays Coordinates:
149.461, 189.655
143.347, 46.7825
Evaluation Time: 1.38042 seconds
Resulting Fitness: 0.369444
-------------
Particle: 14:
Relays Coordinates:
148.73, 191.141
135.079, 44.7401
Evaluation Time: 1.3346 seconds
Resulting Fitness: 0.366667
-------------
Particle: 15:
Relays Coordinates:
157.931, 186.612
134.653, 46.2465
Evaluation Time: 1.3597 seconds
Resulting Fitness: 0.383333
-------------
Particle: 16:
Relays Coordinates:
142.831, 184.575
131.277, 42.6716
Evaluation Time: 1.30451 seconds
Resulting Fitness: 0.355556
-------------
Particle: 17:
Relays Coordinates:
148.894, 184.452
125.625, 42.9764
Evaluation Time: 1.28142 seconds
Resulting Fitness: 0.361111
-------------
Particle: 18:
Relays Coordinates:
146.33, 183.332
124.864, 41.5429
Evaluation Time: 1.3013 seconds
Resulting Fitness: 0.35
-------------
Particle: 19:
Relays Coordinates:
150.923, 165.347
134.893, 44.3808
Evaluation Time: 1.31562 seconds
Resulting Fitness: 0.325
-------------
Particle: 20:
Relays Coordinates:
113.825, 112.656
85.9516, 110.376
Evaluation Time: 1.19336 seconds
Resulting Fitness: 0.225
Current global best fitness: 0.386111
Current global best relays: 159.765, 192.157
142.463, 46.5011
Particle 1 new velocities: 24.6073, 52.43
26.7892, 6.55718
Particle 2 new velocities: 45.5488, 61.6138
52.8807, 16.7724
Particle 3 new velocities: 13.9972, 17.0649
13.4301, 3.75816
Particle 4 new velocities: 53.8774, 61.6214
41.0658, 15.7008
Particle 5 new velocities: 27.3329, 30.9587
37.1996, 8.73016
Particle 6 new velocities: 26.5629, 45.4123
41.5093, 15.9104
Particle 7 new velocities: 35.177, 54.9102
42.4239, 15.1062
Particle 8 new velocities: 37.1183, 35.2075
23.7622, 28.9557
Particle 9 new velocities: 52.4215, 52.098
44.7929, 14.4219
Particle 10 new velocities: 22.4668, 59.6337
19.9361, -0.636503
Particle 11 new velocities: 47.9815, 53.6441
48.9037, 23.8037
Particle 12 new velocities: -8.83554, -6.80619
-3.01959, -1.88843
Particle 13 new velocities: 13.7921, 28.9564
13.6723, 4.16739
Particle 14 new velocities: 12.9404, 22.721
15.1512, 5.57795
Particle 15 new velocities: 30.7801, 37.1408
32.272, 9.29054
Particle 16 new velocities: 73.3035, 63.2616
39.3462, 13.8824
Particle 17 new velocities: 50.0049, 66.1285
36.8669, 13.3938
Particle 18 new velocities: 24.0662, 29.0638
33.7524, 13.1569
Particle 19 new velocities: 55.7622, 70.6778
44.723, 15.0898
Particle 20 new velocities: 169.909, 210.276
186.326, 175.637
-- ITERATION 18 --
-------------
Particle: 1:
Relays Coordinates:
133.639, 176.716
121.334, 36.4413
Evaluation Time: 1.29765 seconds
Resulting Fitness: 0.35
-------------
Particle: 2:
Relays Coordinates:
146.134, 184.901
134.699, 45.3344
Evaluation Time: 1.32697 seconds
Resulting Fitness: 0.361111
-------------
Particle: 3:
Relays Coordinates:
157.506, 193.719
137.483, 46.5325
Evaluation Time: 1.34953 seconds
Resulting Fitness: 0.380556
-------------
Particle: 4:
Relays Coordinates:
150.557, 183.656
133.605, 43.6412
Evaluation Time: 1.32934 seconds
Resulting Fitness: 0.358333
-------------
Particle: 5:
Relays Coordinates:
163.225, 181.493
136.129, 45.8194
Evaluation Time: 1.3917 seconds
Resulting Fitness: 0.375
New local best!
-------------
Particle: 6:
Relays Coordinates:
163.933, 191.301
143.475, 57.9806
Evaluation Time: 1.38475 seconds
Resulting Fitness: 0.377778
-------------
Particle: 7:
Relays Coordinates:
139.124, 172.946
132.99, 42.811
Evaluation Time: 1.34306 seconds
Resulting Fitness: 0.344444
-------------
Particle: 8:
Relays Coordinates:
159.451, 184.481
120.041, 78.786
Evaluation Time: 1.31598 seconds
Resulting Fitness: 0.369444
-------------
Particle: 9:
Relays Coordinates:
165.62, 188.058
146.955, 46.0397
Evaluation Time: 1.37787 seconds
Resulting Fitness: 0.369444
-------------
Particle: 10:
Relays Coordinates:
130.654, 184.143
130.006, 35.8649
Evaluation Time: 1.32018 seconds
Resulting Fitness: 0.347222
-------------
Particle: 11:
Relays Coordinates:
136.342, 165.993
135.597, 53.9548
Evaluation Time: 1.26518 seconds
Resulting Fitness: 0.327778
-------------
Particle: 12:
Relays Coordinates:
152.419, 187.863
137.635, 42.3192
Evaluation Time: 1.30484 seconds
Resulting Fitness: 0.375
-------------
Particle: 13:
Relays Coordinates:
146.927, 196.751
141.318, 45.8549
Evaluation Time: 1.35871 seconds
Resulting Fitness: 0.383333
New local best!
-------------
Particle: 14:
Relays Coordinates:
145.503, 192.476
135.207, 45.2862
Evaluation Time: 1.29152 seconds
Resulting Fitness: 0.361111
-------------
Particle: 15:
Relays Coordinates:
152.856, 181.24
135.209, 44.985
Evaluation Time: 1.31165 seconds
Resulting Fitness: 0.361111
-------------
Particle: 16:
Relays Coordinates:
157.562, 180.673
124.384, 41.2279
Evaluation Time: 1.30496 seconds
Resulting Fitness: 0.369444
-------------
Particle: 17:
Relays Coordinates:
144.997, 182.674
118.456, 41.0938
Evaluation Time: 1.28109 seconds
Resulting Fitness: 0.35
-------------
Particle: 18:
Relays Coordinates:
153.357, 191.156
142.755, 49.2298
Evaluation Time: 1.37897 seconds
Resulting Fitness: 0.380556
New local best!
-------------
Particle: 19:
Relays Coordinates:
167.415, 191.18
145.489, 48.1712
Evaluation Time: 1.30592 seconds
Resulting Fitness: 0.377778
-------------
Particle: 20:
Relays Coordinates:
109.924, 125.11
105.486, 110.808
Evaluation Time: 1.17225 seconds
Resulting Fitness: 0.225
Current global best fitness: 0.386111
Current global best relays: 159.765, 192.157
142.463, 46.5011
Particle 1 new velocities: 71.3707, 55.0528
60.3163, 10.9237
Particle 2 new velocities: 57.2527, 59.7152
51.8595, 10.5602
Particle 3 new velocities: 17.0011, 13.4096
12.3608, 3.83266
Particle 4 new velocities: 46.5105, 59.7923
47.8796, 16.0845
Particle 5 new velocities: 17.3966, 37.2294
30.2825, 7.33125
Particle 6 new velocities: 29.6881, 37.2917
31.3549, 9.72231
Particle 7 new velocities: 51.2886, 77.3009
58.007, 16.3272
Particle 8 new velocities: 29.4854, 27.1086
48.1655, -18.1889
Particle 9 new velocities: 14.4098, 46.413
31.4231, 9.39275
Particle 10 new velocities: 36.3116, 45.4066
23.6596, 14.228
Particle 11 new velocities: 68.6452, 124.244
51.2535, 13.2788
Particle 12 new velocities: -2.73226, 9.52847
4.09522, 2.06332
Particle 13 new velocities: 21.2979, 18.9689
12.2772, 4.09232
Particle 14 new velocities: 35.6065, 13.5303
14.0068, 6.373
Particle 15 new velocities: 32.2115, 50.9956
33.8463, 9.44484
Particle 16 new velocities: 73.232, 66.0645
71.6643, 16.7723
Particle 17 new velocities: 61.3922, 61.0055
64.4836, 15.2026
Particle 18 new velocities: 24.5266, 23.3953
26.9821, 9.67543
Particle 19 new velocities: 17.6554, 55.8921
31.8338, 11.1973
Particle 20 new velocities: 148.769, 251.169
182.86, 244.176
-- ITERATION 19 --
-------------
Particle: 1:
Relays Coordinates:
166.058, 187.733
147.137, 38.3656
Evaluation Time: 1.32196 seconds
Resulting Fitness: 0.363889
-------------
Particle: 2:
Relays Coordinates:
148.269, 178.326
136.001, 40.7472
Evaluation Time: 1.31241 seconds
Resulting Fitness: 0.352778
-------------
Particle: 3:
Relays Coordinates:
157.056, 186.416
134.859, 45.3286
Evaluation Time: 1.35436 seconds
Resulting Fitness: 0.369444
-------------
Particle: 4:
Relays Coordinates:
159.625, 197.193
147.003, 48.3779
Evaluation Time: 1.33906 seconds
Resulting Fitness: 0.363889
-------------
Particle: 5:
Relays Coordinates:
146.303, 177.165
134.793, 43.052
Evaluation Time: 1.33908 seconds
Resulting Fitness: 0.338889
-------------
Particle: 6:
Relays Coordinates:
156.833, 185.16
141.612, 54.8394
Evaluation Time: 1.34172 seconds
Resulting Fitness: 0.375
-------------
Particle: 7:
Relays Coordinates:
138.811, 182.43
139.236, 43.1117
Evaluation Time: 1.29187 seconds
Resulting Fitness: 0.352778
-------------
Particle: 8:
Relays Coordinates:
153.039, 171.388
136.247, 49.0837
Evaluation Time: 1.3209 seconds
Resulting Fitness: 0.336111
-------------
Particle: 9:
Relays Coordinates:
145.824, 189.922
144.486, 44.9003
Evaluation Time: 1.30681 seconds
Resulting Fitness: 0.375
New local best!
-------------
Particle: 10:
Relays Coordinates:
135.242, 185.935
124.469, 40.5752
Evaluation Time: 1.29037 seconds
Resulting Fitness: 0.35
-------------
Particle: 11:
Relays Coordinates:
134.492, 190.424
122.593, 44.1119
Evaluation Time: 1.29681 seconds
Resulting Fitness: 0.352778
-------------
Particle: 12:
Relays Coordinates:
149.687, 197.391
141.73, 44.3825
Evaluation Time: 1.38487 seconds
Resulting Fitness: 0.369444
-------------
Particle: 13:
Relays Coordinates:
151.403, 194.148
138.235, 44.9525
Evaluation Time: 1.29987 seconds
Resulting Fitness: 0.369444
-------------
Particle: 14:
Relays Coordinates:
162.999, 185.406
134.292, 46.4933
Evaluation Time: 1.36242 seconds
Resulting Fitness: 0.375
-------------
Particle: 15:
Relays Coordinates:
149.904, 188.111
136.935, 44.0882
Evaluation Time: 1.37826 seconds
Resulting Fitness: 0.372222
-------------
Particle: 16:
Relays Coordinates:
168.249, 179.871
142.919, 42.2822
Evaluation Time: 1.3133 seconds
Resulting Fitness: 0.366667
-------------
Particle: 17:
Relays Coordinates:
150.458, 177.642
133.363, 41.0401
Evaluation Time: 1.38337 seconds
Resulting Fitness: 0.358333
-------------
Particle: 18:
Relays Coordinates:
144.085, 173.787
137.487, 47.7132
Evaluation Time: 1.27812 seconds
Resulting Fitness: 0.347222
-------------
Particle: 19:
Relays Coordinates:
149.907, 200.128
143.632, 48.0885
Evaluation Time: 1.34893 seconds
Resulting Fitness: 0.375
-------------
Particle: 20:
Relays Coordinates:
81.1807, 118.08
90.4862, 111.398
Evaluation Time: 1.09789 seconds
Resulting Fitness: 0.213889
Current global best fitness: 0.386111
Current global best relays: 159.765, 192.157
142.463, 46.5011
Particle 1 new velocities: 48.6546, 49.4099
40.0738, 21.4449
Particle 2 new velocities: 70.8543, 63.5268
52.8439, 11.7403
Particle 3 new velocities: 16.1937, 17.1992
22.6513, 3.83867
Particle 4 new velocities: 30.7773, 42.0833
38.4443, 8.88046
Particle 5 new velocities: 43.3437, 32.3868
26.1897, 9.55899
Particle 6 new velocities: 31.7109, 70.962
24.7946, -0.935521
Particle 7 new velocities: 60.4942, 77.6439
47.7968, 26.1543
Particle 8 new velocities: 38.39, 34.9594
34.6012, -10.3064
Particle 9 new velocities: 12.6503, 39.074
23.4567, 8.20639
Particle 10 new velocities: 56.0095, 41.7987
31.5907, 14.0236
Particle 11 new velocities: 85.0954, 110.36
67.8959, 20.5201
Particle 12 new velocities: 19.3378, 7.39949
2.89152, 4.10266
Particle 13 new velocities: 18.8729, 16.467
20.1483, 4.54008
Particle 14 new velocities: 15.5862, 14.3451
19.5104, 4.98757
Particle 15 new velocities: 44.7297, 46.086
34.9916, 13.1708
Particle 16 new velocities: 54.7665, 71.4076
58.3817, 19.2437
Particle 17 new velocities: 52.4324, 71.1005
82.1612, 16.3746
Particle 18 new velocities: 43.2153, 56.2712
36.3001, 9.54753
Particle 19 new velocities: 20.8671, 17.3109
23.1371, 6.51433
Particle 20 new velocities: 137.477, 227.41
184.84, 281.835
-- ITERATION 20 --
-------------
Particle: 1:
Relays Coordinates:
156.526, 172.877
136.477, 43.6018
Evaluation Time: 1.3443 seconds
Resulting Fitness: 0.352778
-------------
Particle: 2:
Relays Coordinates:
159.741, 176.31
137.668, 38.2634
Evaluation Time: 1.31921 seconds
Resulting Fitness: 0.358333
-------------
Particle: 3:
Relays Coordinates:
155.925, 183.253
141.759, 44.2505
Evaluation Time: 1.35203 seconds
Resulting Fitness: 0.377778
-------------
Particle: 4:
Relays Coordinates:
138.803, 174.432
135.191, 41.7413
Evaluation Time: 1.31182 seconds
Resulting Fitness: 0.347222
-------------
Particle: 5:
Relays Coordinates:
170.682, 188.597
144.885, 47.3499
Evaluation Time: 1.40431 seconds
Resulting Fitness: 0.377778
New local best!
-------------
Particle: 6:
Relays Coordinates:
137.449, 186.713
121.31, 39.2959
Evaluation Time: 1.378 seconds
Resulting Fitness: 0.352778
-------------
Particle: 7:
Relays Coordinates:
145.293, 189.594
136.347, 50.495
Evaluation Time: 1.26833 seconds
Resulting Fitness: 0.358333
-------------
Particle: 8:
Relays Coordinates:
155.057, 167.141
138.387, 31.4096
Evaluation Time: 1.3237 seconds
Resulting Fitness: 0.35
-------------
Particle: 9:
Relays Coordinates:
128.364, 185.486
136.034, 43.0164
Evaluation Time: 1.28132 seconds
Resulting Fitness: 0.352778
-------------
Particle: 10:
Relays Coordinates:
154.914, 184.465
126.409, 44.2251
Evaluation Time: 1.27523 seconds
Resulting Fitness: 0.366667
-------------
Particle: 11:
Relays Coordinates:
129.664, 177.61
112.482, 38.1646
Evaluation Time: 1.26292 seconds
Resulting Fitness: 0.330556
-------------
Particle: 12:
Relays Coordinates:
152.122, 184.312
130.159, 43.6367
Evaluation Time: 1.29299 seconds
Resulting Fitness: 0.358333
-------------
Particle: 13:
Relays Coordinates:
153.248, 189.553
142.545, 44.5433
Evaluation Time: 1.35593 seconds
Resulting Fitness: 0.375
-------------
Particle: 14:
Relays Coordinates:
160.727, 179.776
138.422, 46.3328
Evaluation Time: 1.28232 seconds
Resulting Fitness: 0.372222
-------------
Particle: 15:
Relays Coordinates:
157.654, 189.699
139.261, 46.3797
Evaluation Time: 1.34332 seconds
Resulting Fitness: 0.375
-------------
Particle: 16:
Relays Coordinates:
162.578, 183.182
146.748, 44.8523
Evaluation Time: 1.33605 seconds
Resulting Fitness: 0.363889
-------------
Particle: 17:
Relays Coordinates:
133.116, 163.2
141.406, 37.6698
Evaluation Time: 1.2931 seconds
Resulting Fitness: 0.333333
-------------
Particle: 18:
Relays Coordinates:
151.714, 186.347
140.768, 46.3812
Evaluation Time: 1.36182 seconds
Resulting Fitness: 0.377778
-------------
Particle: 19:
Relays Coordinates:
138.327, 176.126
135.083, 44.2283
Evaluation Time: 1.30077 seconds
Resulting Fitness: 0.352778
-------------
Particle: 20:
Relays Coordinates:
76.2413, 120.465
96.0003, 137.112
Evaluation Time: 1.14111 seconds
Resulting Fitness: 0.225
Final Evaluation Time: 547.943 seconds
Final global best fitness: 0.386111
Final global best relays:
159.765, 192.157
142.463, 46.5011
