ITERATION: 0
new best fitness: 0.413889
ITERATION: 3
new best fitness: 0.419444
ITERATION: 5
new best fitness: 0.422222
ITERATION: 8
new best fitness: 0.508333
ITERATION: 66
new best fitness: 0.525
ITERATION: 83
new best fitness: 0.55
ITERATION: 169
new best fitness: 0.569444
ITERATION: 184
new best fitness: 0.575
ITERATION: 314
new best fitness: 0.583333
Final Evaluation Time: 556.402 seconds
Final global best fitness: 0.583333
Final global best relays:
212.974, 187.463
77.5511, 116.045
105.879, 296.118
