PSO EXECUTION
============================
Seed: 76126870
Particles: 20
Relays: 2
Iterations: 20
Backend: Simulation
Network Configuration: 2
Area: 500 x 500
Sink: 0, 0
Simulated Relay range: 155
w: 0.8
c1: 1.7
c2: 1.3

Relay Nodes Positions: 
PARTICLE 1: 
139.312, 66.2617
197.114, 187.819
PARTICLE 2: 
195.174, 79.6686
99.2522, 45.0801
PARTICLE 3: 
72.3526, 141.497
17.6082, 101.063
PARTICLE 4: 
22.1912, 77.6804
83.0063, 195.808
PARTICLE 5: 
79.633, 1.15643
87.8801, 145.053
PARTICLE 6: 
165.163, 64.9167
113.89, 90.6049
PARTICLE 7: 
205.009, 88.6308
92.6708, 71.7607
PARTICLE 8: 
131.017, 213.904
74.0715, 97.0502
PARTICLE 9: 
213.479, 56.3508
69.7099, 47.3619
PARTICLE 10: 
100.988, 127.854
31.9412, 57.589
PARTICLE 11: 
165.388, 230.837
89.527, 122.875
PARTICLE 12: 
57.9843, 88.8697
22.2289, 121.534
PARTICLE 13: 
240.262, 69.5245
128.891, 64.6611
PARTICLE 14: 
39.2551, 123.938
167.155, 56.2974
PARTICLE 15: 
29.0972, 95.8334
110.786, 33.1277
PARTICLE 16: 
78.2134, 0.302742
129.628, 4.88277
PARTICLE 17: 
48.2068, 195.856
76.0964, 79.9898
PARTICLE 18: 
101.715, 39.485
17.3411, 138.52
PARTICLE 19: 
65.1442, 63.2205
30.3843, 174.799
PARTICLE 20: 
100.719, 33.9657
102.133, 119.86
Nodes Positions: 
492.75, 339.271
79.6762, 117.392
249.176, 444.063
474.184, 226.863
136.292, 164.592
38.5038, 497.023
61.9974, 297.024
282.31, 215.409
462.323, 258.288
325.002, 153.533
374.726, 110.851
260.815, 380.091
71.7435, 411.722
407.612, 144.379
214.274, 326.561
144.894, 372.908
309.892, 301.493
478.936, 405.154
111.121, 272.437
257.687, 395.238
97.6127, 439.633
132.208, 93.0053
414.466, 78.1166
223.717, 310.518
190.678, 190.26
436.632, 386.382
458.076, 320.475
418.042, 241.138
399.857, 466.228
9.71356, 364.724
490.761, 20.3539
354.149, 178.497
29.9794, 135.917
199.614, 202.147
382.209, 224.682
88.9995, 61.0201
169.571, 349.774
360.098, 287.354
322.839, 107.707
299.053, 5.1358
150.435, 450.534
57.1167, 36.7956
303.067, 9.78322
165.492, 85.3571
441.761, 473.475
267.54, 172.213
41.9489, 54.011
286.64, 431.454
428.442, 477.156
238.624, 43.9022
21.5816, 33.1746
387.294, 424.871
203.133, 259.358
180.989, 129.66
0.625409, 278.494
336.548, 355.646
101.971, 489.268
117.112, 248.788
232.581, 72.3478
349.642, 198.983
All particles start with velocity zero
-- ITERATION 0 --
-------------
Particle: 1:
Relays Coordinates:
139.312, 66.2617
197.114, 187.819
Evaluation Time: 1.34923 seconds
Resulting Fitness: 0.277778
New local best!
New global best!
-------------
Particle: 2:
Relays Coordinates:
195.174, 79.6686
99.2522, 45.0801
Evaluation Time: 1.18324 seconds
Resulting Fitness: 0.258333
New local best!
-------------
Particle: 3:
Relays Coordinates:
72.3526, 141.497
17.6082, 101.063
Evaluation Time: 1.1367 seconds
Resulting Fitness: 0.191667
New local best!
-------------
Particle: 4:
Relays Coordinates:
22.1912, 77.6804
83.0063, 195.808
Evaluation Time: 1.17496 seconds
Resulting Fitness: 0.25
New local best!
-------------
Particle: 5:
Relays Coordinates:
79.633, 1.15643
87.8801, 145.053
Evaluation Time: 1.18243 seconds
Resulting Fitness: 0.2
New local best!
-------------
Particle: 6:
Relays Coordinates:
165.163, 64.9167
113.89, 90.6049
Evaluation Time: 1.16436 seconds
Resulting Fitness: 0.180556
New local best!
-------------
Particle: 7:
Relays Coordinates:
205.009, 88.6308
92.6708, 71.7607
Evaluation Time: 1.27313 seconds
Resulting Fitness: 0.294444
New local best!
New global best!
-------------
Particle: 8:
Relays Coordinates:
131.017, 213.904
74.0715, 97.0502
Evaluation Time: 1.29772 seconds
Resulting Fitness: 0.266667
New local best!
-------------
Particle: 9:
Relays Coordinates:
213.479, 56.3508
69.7099, 47.3619
Evaluation Time: 1.19125 seconds
Resulting Fitness: 0.227778
New local best!
-------------
Particle: 10:
Relays Coordinates:
100.988, 127.854
31.9412, 57.589
Evaluation Time: 1.19501 seconds
Resulting Fitness: 0.216667
New local best!
-------------
Particle: 11:
Relays Coordinates:
165.388, 230.837
89.527, 122.875
Evaluation Time: 1.32604 seconds
Resulting Fitness: 0.291667
New local best!
-------------
Particle: 12:
Relays Coordinates:
57.9843, 88.8697
22.2289, 121.534
Evaluation Time: 1.16041 seconds
Resulting Fitness: 0.158333
New local best!
-------------
Particle: 13:
Relays Coordinates:
240.262, 69.5245
128.891, 64.6611
Evaluation Time: 1.25096 seconds
Resulting Fitness: 0.25
New local best!
-------------
Particle: 14:
Relays Coordinates:
39.2551, 123.938
167.155, 56.2974
Evaluation Time: 1.13731 seconds
Resulting Fitness: 0.166667
New local best!
-------------
Particle: 15:
Relays Coordinates:
29.0972, 95.8334
110.786, 33.1277
Evaluation Time: 1.05492 seconds
Resulting Fitness: 0.177778
New local best!
-------------
Particle: 16:
Relays Coordinates:
78.2134, 0.302742
129.628, 4.88277
Evaluation Time: 1.05088 seconds
Resulting Fitness: 0.15
New local best!
-------------
Particle: 17:
Relays Coordinates:
48.2068, 195.856
76.0964, 79.9898
Evaluation Time: 1.14273 seconds
Resulting Fitness: 0.233333
New local best!
-------------
Particle: 18:
Relays Coordinates:
101.715, 39.485
17.3411, 138.52
Evaluation Time: 1.06403 seconds
Resulting Fitness: 0.152778
New local best!
-------------
Particle: 19:
Relays Coordinates:
65.1442, 63.2205
30.3843, 174.799
Evaluation Time: 1.13354 seconds
Resulting Fitness: 0.2
New local best!
-------------
Particle: 20:
Relays Coordinates:
100.719, 33.9657
102.133, 119.86
Evaluation Time: 1.11121 seconds
Resulting Fitness: 0.188889
New local best!
Current global best fitness: 0.294444
Current global best relays: 205.009, 88.6308
92.6708, 71.7607
Particle 1 new velocities: 14.3481, 28.3665
-68.6069, -83.7023
Particle 2 new velocities: 0.9043, 6.98702
-2.06638, 32.1057
Particle 3 new velocities: 98.2278, -15.7923
16.4067, -8.03118
Particle 4 new velocities: 212.711, 10.4563
2.83707, -64.2358
Particle 5 new velocities: 33.3274, 113.568
2.41799, -31.3988
Particle 6 new velocities: 31.9699, 23.0658
-16.7271, -12.6502
Particle 7 new velocities: 0, 0
0, 0
Particle 8 new velocities: 24.2803, -153.18
23.6117, -29.5544
Particle 9 new velocities: -9.01072, 38.5895
21.7503, 22.7453
Particle 10 new velocities: 45.9698, -7.20291
67.4248, 13.3397
Particle 11 new velocities: 46.3301, -78.5645
0.660425, -35.7686
Particle 12 new velocities: 117.491, -0.103198
34.9574, -30.1368
Particle 13 new velocities: -12.9303, 9.38427
-41.8259, 7.1252
Particle 14 new velocities: 114.501, -26.9339
-73.7963, 16.1623
Particle 15 new velocities: 170.397, -5.25503
-1.57591, 4.20955
Particle 16 new velocities: 47.92, 30.2007
-38.8659, 4.80858
Particle 17 new velocities: 123.57, -92.7003
14.4779, -7.79024
Particle 18 new velocities: 29.0663, 26.6392
36.7196, -56.5366
Particle 19 new velocities: 163.395, 9.95268
71.8044, -5.08419
Particle 20 new velocities: 10.4006, 57.5153
-7.35516, -6.77664
-- ITERATION 1 --
-------------
Particle: 1:
Relays Coordinates:
138.294, 85.1654
115.656, 93.705
Evaluation Time: 1.12783 seconds
Resulting Fitness: 0.188889
-------------
Particle: 2:
Relays Coordinates:
196.079, 86.6556
97.1859, 77.1858
Evaluation Time: 1.20883 seconds
Resulting Fitness: 0.272222
New local best!
-------------
Particle: 3:
Relays Coordinates:
170.58, 125.705
34.0149, 93.0317
Evaluation Time: 1.19589 seconds
Resulting Fitness: 0.233333
New local best!
-------------
Particle: 4:
Relays Coordinates:
211.412, 79.323
77.259, 118.415
Evaluation Time: 1.27705 seconds
Resulting Fitness: 0.263889
New local best!
-------------
Particle: 5:
Relays Coordinates:
112.96, 114.725
90.2981, 113.654
Evaluation Time: 1.10048 seconds
Resulting Fitness: 0.169444
-------------
Particle: 6:
Relays Coordinates:
197.133, 87.9825
97.1634, 77.9547
Evaluation Time: 1.22993 seconds
Resulting Fitness: 0.269444
New local best!
-------------
Particle: 7:
Relays Coordinates:
205.009, 88.6308
92.6708, 71.7607
Evaluation Time: 1.24891 seconds
Resulting Fitness: 0.294444
-------------
Particle: 8:
Relays Coordinates:
155.298, 60.7242
97.6832, 67.4958
Evaluation Time: 1.10886 seconds
Resulting Fitness: 0.2
-------------
Particle: 9:
Relays Coordinates:
204.469, 94.9403
91.4603, 70.1071
Evaluation Time: 1.24921 seconds
Resulting Fitness: 0.272222
New local best!
-------------
Particle: 10:
Relays Coordinates:
146.958, 120.651
99.3659, 70.9287
Evaluation Time: 1.16347 seconds
Resulting Fitness: 0.236111
New local best!
-------------
Particle: 11:
Relays Coordinates:
211.718, 152.272
90.1874, 87.1067
Evaluation Time: 1.27407 seconds
Resulting Fitness: 0.316667
New local best!
New global best!
-------------
Particle: 12:
Relays Coordinates:
175.475, 88.7665
57.1863, 91.3972
Evaluation Time: 1.17631 seconds
Resulting Fitness: 0.25
New local best!
-------------
Particle: 13:
Relays Coordinates:
227.331, 78.9087
87.0653, 71.7863
Evaluation Time: 1.23988 seconds
Resulting Fitness: 0.305556
New local best!
-------------
Particle: 14:
Relays Coordinates:
153.756, 97.0039
93.3586, 72.4597
Evaluation Time: 1.17616 seconds
Resulting Fitness: 0.233333
New local best!
-------------
Particle: 15:
Relays Coordinates:
199.495, 90.5783
109.21, 37.3373
Evaluation Time: 1.28873 seconds
Resulting Fitness: 0.258333
New local best!
-------------
Particle: 16:
Relays Coordinates:
126.133, 30.5034
90.762, 9.69135
Evaluation Time: 1.04886 seconds
Resulting Fitness: 0.166667
New local best!
-------------
Particle: 17:
Relays Coordinates:
171.776, 103.155
90.5743, 72.1996
Evaluation Time: 1.15387 seconds
Resulting Fitness: 0.25
New local best!
-------------
Particle: 18:
Relays Coordinates:
130.781, 66.1242
54.0607, 81.9835
Evaluation Time: 1.10977 seconds
Resulting Fitness: 0.2
New local best!
-------------
Particle: 19:
Relays Coordinates:
166.605, 53.3433
74.4955, 123.722
Evaluation Time: 1.128 seconds
Resulting Fitness: 0.169444
-------------
Particle: 20:
Relays Coordinates:
111.12, 91.481
94.7782, 113.083
Evaluation Time: 1.14077 seconds
Resulting Fitness: 0.163889
Current global best fitness: 0.316667
Current global best relays: 211.718, 152.272
90.1874, 87.1067
Particle 1 new velocities: 60.2773, 77.8575
-16.3413, 13.3367
Particle 2 new velocities: 5.3205, 58.0346
-9.00145, 32.0572
Particle 3 new velocities: 121.853, 0.777714
66.5743, -12.3212
Particle 4 new velocities: 170.23, 22.9059
14.4261, -90.4125
Particle 5 new velocities: 81.9596, 45.4502
-1.78116, -11.6492
Particle 6 new velocities: 27.1513, 69.8728
-17.0333, -8.30339
Particle 7 new velocities: 1.89435, 24.9916
-3.10502, 13.1177
Particle 8 new velocities: 3.8631, -4.1046
1.79437, 35.4815
Particle 9 new velocities: -3.88997, 99.241
17.0029, 33.8193
Particle 10 new velocities: 82.0938, 21.2254
53.6986, 29.5283
Particle 11 new velocities: 37.0641, -62.8516
0.52834, -28.6149
Particle 12 new velocities: 127.975, 48.8497
33.9064, -26.8363
Particle 13 new velocities: -16.3871, 53.0398
-32.5601, 10.4997
Particle 14 new velocities: 145.997, 39.9004
-60.8413, 16.5163
Particle 15 new velocities: 136.401, 71.2141
-23.5657, 4.47804
Particle 16 new velocities: 56.8627, 177.25
-31.6457, 26.1743
Particle 17 new velocities: 124.043, -65.629
11.0914, -5.56418
Particle 18 new velocities: 67.2218, 129.012
60.8493, -40.1165
Particle 19 new velocities: 34.3687, 110.272
65.0273, 55.9387
Particle 20 new velocities: 90.0745, 48.1387
3.303, -23.5317
-- ITERATION 2 --
-------------
Particle: 1:
Relays Coordinates:
198.572, 163.023
99.315, 107.042
Evaluation Time: 1.27779 seconds
Resulting Fitness: 0.263889
-------------
Particle: 2:
Relays Coordinates:
201.399, 144.69
88.1844, 109.243
Evaluation Time: 1.25634 seconds
Resulting Fitness: 0.286111
New local best!
-------------
Particle: 3:
Relays Coordinates:
213.184, 92.2058
73.3296, 58.8379
Evaluation Time: 1.30312 seconds
Resulting Fitness: 0.302778
New local best!
-------------
Particle: 4:
Relays Coordinates:
182.538, 48.8958
43.8527, 13.3935
Evaluation Time: 1.15677 seconds
Resulting Fitness: 0.211111
-------------
Particle: 5:
Relays Coordinates:
194.92, 160.175
88.5169, 102.005
Evaluation Time: 1.27764 seconds
Resulting Fitness: 0.283333
New local best!
-------------
Particle: 6:
Relays Coordinates:
201.856, 142.07
72.1171, 62.6862
Evaluation Time: 1.26766 seconds
Resulting Fitness: 0.3
New local best!
-------------
Particle: 7:
Relays Coordinates:
206.903, 113.622
89.5658, 84.8784
Evaluation Time: 1.24334 seconds
Resulting Fitness: 0.288889
-------------
Particle: 8:
Relays Coordinates:
159.161, 56.6196
99.4775, 102.977
Evaluation Time: 1.1701 seconds
Resulting Fitness: 0.177778
-------------
Particle: 9:
Relays Coordinates:
200.579, 194.181
108.463, 103.926
Evaluation Time: 1.31037 seconds
Resulting Fitness: 0.283333
New local best!
-------------
Particle: 10:
Relays Coordinates:
185.532, 114.92
123.982, 81.3701
Evaluation Time: 1.20493 seconds
Resulting Fitness: 0.213889
-------------
Particle: 11:
Relays Coordinates:
223.904, 80.4786
81.6441, 52.6427
Evaluation Time: 1.21746 seconds
Resulting Fitness: 0.308333
-------------
Particle: 12:
Relays Coordinates:
199.094, 90.29
59.7659, 42.3584
Evaluation Time: 1.18805 seconds
Resulting Fitness: 0.252778
New local best!
-------------
Particle: 13:
Relays Coordinates:
189.85, 118.754
49.0546, 74.0574
Evaluation Time: 1.20014 seconds
Resulting Fitness: 0.238889
-------------
Particle: 14:
Relays Coordinates:
159.301, 72.7566
17.281, 47.2855
Evaluation Time: 1.15588 seconds
Resulting Fitness: 0.211111
-------------
Particle: 15:
Relays Coordinates:
178.509, 85.9831
45.5149, 22.2224
Evaluation Time: 1.21701 seconds
Resulting Fitness: 0.227778
-------------
Particle: 16:
Relays Coordinates:
133.404, 151.452
43.0958, 26.1461
Evaluation Time: 1.23938 seconds
Resulting Fitness: 0.230556
New local best!
-------------
Particle: 17:
Relays Coordinates:
215.653, 27.3567
74.1143, 48.5772
Evaluation Time: 1.11909 seconds
Resulting Fitness: 0.208333
-------------
Particle: 18:
Relays Coordinates:
160.383, 158.061
93.0771, 33.9122
Evaluation Time: 1.29816 seconds
Resulting Fitness: 0.247222
New local best!
-------------
Particle: 19:
Relays Coordinates:
131.859, 107.348
91.5409, 117.876
Evaluation Time: 1.1135 seconds
Resulting Fitness: 0.197222
-------------
Particle: 20:
Relays Coordinates:
201.194, 139.62
98.0812, 89.5515
Evaluation Time: 1.33868 seconds
Resulting Fitness: 0.302778
New local best!
Current global best fitness: 0.316667
Current global best relays: 211.718, 152.272
90.1874, 87.1067
Particle 1 new velocities: 42.3968, -36.8219
59.5902, 70.1237
Particle 2 new velocities: 6.17768, 48.6506
-5.88748, 6.42318
Particle 3 new velocities: 96.5715, 65.3891
66.5837, -4.52221
Particle 4 new velocities: 208.291, 33.0554
93.0993, 134.043
Particle 5 new velocities: 65.5873, 32.1102
-1.08902, -15.1306
Particle 6 new velocities: 27.2698, 62.4161
4.53224, -2.98388
Particle 7 new velocities: 2.23774, 66.9664
0.592035, 5.26317
Particle 8 new velocities: 19.8743, 318.338
-3.92791, 21.787
Particle 9 new velocities: 5.55264, 77.4595
-3.78125, 22.1876
Particle 10 new velocities: 1.91444, 24.733
-19.3474, 25.1523
Particle 11 new velocities: -2.99265, 32.7636
23.4753, 39.134
Particle 12 new velocities: 109.438, 116.07
58.9659, 22.8435
Particle 13 new velocities: 66.6939, 71.3862
20.0917, 7.70334
Particle 14 new velocities: 142.077, 49.2915
19.5274, 52.3285
Particle 15 new velocities: 181.024, 145.567
41.2278, 26.0887
Particle 16 new velocities: 85.4688, 141.901
20.223, 27.4775
Particle 17 new velocities: 53.5728, 152.575
27.0454, 32.118
Particle 18 new velocities: 90.2691, 102.194
45.7274, 2.41736
Particle 19 new velocities: -53.4909, 63.3607
-36.813, 32.0116
Particle 20 new velocities: 84.0823, 46.5523
-0.858965, -20.5375
-- ITERATION 3 --
-------------
Particle: 1:
Relays Coordinates:
142.289, 74.5204
93.832, 104.614
Evaluation Time: 1.17223 seconds
Resulting Fitness: 0.186111
-------------
Particle: 2:
Relays Coordinates:
207.577, 193.341
82.2969, 115.666
Evaluation Time: 1.33174 seconds
Resulting Fitness: 0.252778
-------------
Particle: 3:
Relays Coordinates:
225.812, 114.887
101.997, 39.5962
Evaluation Time: 1.2464 seconds
Resulting Fitness: 0.261111
-------------
Particle: 4:
Relays Coordinates:
230.781, 48.3914
80.8688, 87.0598
Evaluation Time: 1.17339 seconds
Resulting Fitness: 0.230556
-------------
Particle: 5:
Relays Coordinates:
189.91, 140.176
63.7349, 63.3315
Evaluation Time: 1.23585 seconds
Resulting Fitness: 0.266667
-------------
Particle: 6:
Relays Coordinates:
167.033, 149.07
55.8773, 43.523
Evaluation Time: 1.22798 seconds
Resulting Fitness: 0.244444
-------------
Particle: 7:
Relays Coordinates:
209.141, 180.589
90.1579, 90.1416
Evaluation Time: 1.30303 seconds
Resulting Fitness: 0.266667
-------------
Particle: 8:
Relays Coordinates:
95.1466, 199.268
50.779, 66.3048
Evaluation Time: 1.23083 seconds
Resulting Fitness: 0.269444
New local best!
-------------
Particle: 9:
Relays Coordinates:
166.966, 220.029
84.7924, 102.152
Evaluation Time: 1.30603 seconds
Resulting Fitness: 0.311111
New local best!
-------------
Particle: 10:
Relays Coordinates:
187.446, 139.653
104.635, 106.522
Evaluation Time: 1.23772 seconds
Resulting Fitness: 0.241667
New local best!
-------------
Particle: 11:
Relays Coordinates:
220.912, 113.242
105.119, 91.7767
Evaluation Time: 1.21753 seconds
Resulting Fitness: 0.288889
-------------
Particle: 12:
Relays Coordinates:
182.185, 121.853
70.11, 38.5011
Evaluation Time: 1.2271 seconds
Resulting Fitness: 0.25
-------------
Particle: 13:
Relays Coordinates:
168.318, 124.751
45.3669, 53.6432
Evaluation Time: 1.20223 seconds
Resulting Fitness: 0.25
-------------
Particle: 14:
Relays Coordinates:
160.165, 64.8613
19.5615, 52.9389
Evaluation Time: 1.10834 seconds
Resulting Fitness: 0.202778
-------------
Particle: 15:
Relays Coordinates:
154.767, 99.6748
37.3399, 20.7963
Evaluation Time: 1.1676 seconds
Resulting Fitness: 0.233333
-------------
Particle: 16:
Relays Coordinates:
116.318, 155.9
33.6502, 28.4978
Evaluation Time: 1.17934 seconds
Resulting Fitness: 0.216667
-------------
Particle: 17:
Relays Coordinates:
196.265, 131.17
73.7454, 58.8268
Evaluation Time: 1.27325 seconds
Resulting Fitness: 0.269444
New local best!
-------------
Particle: 18:
Relays Coordinates:
148.007, 153.678
81.9627, 21.4523
Evaluation Time: 1.22038 seconds
Resulting Fitness: 0.258333
New local best!
-------------
Particle: 19:
Relays Coordinates:
70.5313, 153.637
49.2551, 134.898
Evaluation Time: 1.21102 seconds
Resulting Fitness: 0.175
-------------
Particle: 20:
Relays Coordinates:
187.17, 122.148
63.7875, 45.2801
Evaluation Time: 1.17833 seconds
Resulting Fitness: 0.216667
Current global best fitness: 0.316667
Current global best relays: 211.718, 152.272
90.1874, 87.1067
Particle 1 new velocities: 93.1943, 0.503951
200.903, 117.584
Particle 2 new velocities: 2.68747, -57.4605
15.1358, -29.5685
Particle 3 new velocities: 62.4026, 30.1468
32.3779, 57.8625
Particle 4 new velocities: 144.249, 102.626
78.709, 128.948
Particle 5 new velocities: 83.1849, 52.1542
37.9526, 38.6779
Particle 6 new velocities: 95.2497, 39.561
47.6941, 51.4831
Particle 7 new velocities: -1.32514, -95.9244
3.09094, -26.0944
Particle 8 new velocities: 61.5685, 244.33
6.31148, 41.1635
Particle 9 new velocities: 4.6998, 5.96848
-2.03129, 5.73404
Particle 10 new velocities: 8.07959, 27.8452
-33.6399, 12.3774
Particle 11 new velocities: -13.225, 69.5775
9.25758, 26.4224
Particle 12 new velocities: 137.7, 98.7542
49.6504, 40.9638
Particle 13 new velocities: 78.335, 75.3085
70.0146, 64.8435
Particle 14 new velocities: 123.961, 87.6794
218.408, 101.94
Particle 15 new velocities: 204.228, 173
57.4377, 108.659
Particle 16 new velocities: 124.572, 104.693
95.001, 41.5531
Particle 17 new velocities: 51.2466, 127.368
29.1012, 47.2674
Particle 18 new velocities: 126.296, 80.4583
40.8176, 24.4569
Particle 19 new velocities: 45.8897, 4.95214
-3.33836, 3.46514
Particle 20 new velocities: 95.0178, 75.3174
63.395, 74.0909
-- ITERATION 4 --
-------------
Particle: 1:
Relays Coordinates:
139.051, 44.3011
174.038, 131.206
Evaluation Time: 1.1825 seconds
Resulting Fitness: 0.219444
-------------
Particle: 2:
Relays Coordinates:
210.264, 135.88
97.4328, 86.0977
Evaluation Time: 1.27327 seconds
Resulting Fitness: 0.311111
New local best!
-------------
Particle: 3:
Relays Coordinates:
259.393, 130.53
120.937, 87.7128
Evaluation Time: 1.32823 seconds
Resulting Fitness: 0.291667
-------------
Particle: 4:
Relays Coordinates:
199.306, 80.2567
84.8062, 114.796
Evaluation Time: 1.26522 seconds
Resulting Fitness: 0.261111
-------------
Particle: 5:
Relays Coordinates:
199.086, 140.209
74.1302, 74.3649
Evaluation Time: 1.28636 seconds
Resulting Fitness: 0.3
New local best!
-------------
Particle: 6:
Relays Coordinates:
212.449, 152.791
83.8928, 76.955
Evaluation Time: 1.32048 seconds
Resulting Fitness: 0.3
-------------
Particle: 7:
Relays Coordinates:
207.816, 84.6644
93.2488, 64.0472
Evaluation Time: 1.2582 seconds
Resulting Fitness: 0.297222
New local best!
-------------
Particle: 8:
Relays Coordinates:
67.4607, 190.954
24.5756, 46.2616
Evaluation Time: 1.14862 seconds
Resulting Fitness: 0.225
-------------
Particle: 9:
Relays Coordinates:
171.666, 225.997
82.7611, 107.886
Evaluation Time: 1.2917 seconds
Resulting Fitness: 0.297222
-------------
Particle: 10:
Relays Coordinates:
195.526, 167.498
70.995, 118.9
Evaluation Time: 1.31088 seconds
Resulting Fitness: 0.288889
New local best!
-------------
Particle: 11:
Relays Coordinates:
186.918, 164.538
102.939, 106.379
Evaluation Time: 1.26691 seconds
Resulting Fitness: 0.25
-------------
Particle: 12:
Relays Coordinates:
188.889, 130.267
70.7173, 46.9232
Evaluation Time: 1.35188 seconds
Resulting Fitness: 0.227778
-------------
Particle: 13:
Relays Coordinates:
221.988, 180.053
103.843, 106.638
Evaluation Time: 1.28882 seconds
Resulting Fitness: 0.255556
-------------
Particle: 14:
Relays Coordinates:
150.996, 81.0664
126.467, 82.3092
Evaluation Time: 1.0894 seconds
Resulting Fitness: 0.183333
-------------
Particle: 15:
Relays Coordinates:
171.706, 130.419
45.3318, 61.9182
Evaluation Time: 1.20318 seconds
Resulting Fitness: 0.238889
-------------
Particle: 16:
Relays Coordinates:
158.048, 170.975
84.4081, 45.9604
Evaluation Time: 1.29606 seconds
Resulting Fitness: 0.269444
New local best!
-------------
Particle: 17:
Relays Coordinates:
180.436, 188.475
74.9752, 77.3427
Evaluation Time: 1.32278 seconds
Resulting Fitness: 0.288889
New local best!
-------------
Particle: 18:
Relays Coordinates:
161.973, 138.255
72.5005, 27.1089
Evaluation Time: 1.21934 seconds
Resulting Fitness: 0.272222
New local best!
-------------
Particle: 19:
Relays Coordinates:
116.421, 158.59
45.9168, 138.364
Evaluation Time: 1.17481 seconds
Resulting Fitness: 0.205556
New local best!
-------------
Particle: 20:
Relays Coordinates:
228.572, 159.947
103.018, 96.6905
Evaluation Time: 1.38284 seconds
Resulting Fitness: 0.286111
Current global best fitness: 0.316667
Current global best relays: 211.718, 152.272
90.1874, 87.1067
Particle 1 new velocities: 130.699, 112.205
83.4354, 81.5091
Particle 2 new velocities: 3.61639, -35.9289
4.33551, -23.3005
Particle 3 new velocities: -19.7993, -0.147752
-68.1809, 20.1261
Particle 4 new velocities: 130.92, 103.631
63.7922, 82.7855
Particle 5 new velocities: 66.6628, 44.0001
47.0552, 38.9564
Particle 6 new velocities: 74.3542, 16.6761
40.8323, 36.3243
Particle 7 new velocities: -0.00175464, -71.8973
1.21781, 7.205
Particle 8 new velocities: 250.65, 190.877
52.7229, 62.6821
Particle 9 new velocities: -0.709795, -71.5283
3.52795, -16.0501
Particle 10 new velocities: 22.5794, 21.4918
-2.98756, 3.89039
Particle 11 new velocities: 33.4186, 23.5293
-12.6457, -3.42633
Particle 12 new velocities: 129.339, 52.1212
35.4052, 33.5708
Particle 13 new velocities: 57.6488, 21.4502
33.0585, 13.7856
Particle 14 new velocities: 171.435, 125.424
103.7, 86.4975
Particle 15 new velocities: 199.684, 110.628
95.7294, 79.4058
Particle 16 new velocities: 133.239, 64.1375
81.9199, 58.6228
Particle 17 new velocities: 76.1603, 97.6622
29.5124, 47.752
Particle 18 new velocities: 129.579, 67.6385
41.2232, 23.9667
Particle 19 new velocities: 122.501, -0.270255
17.9738, -26.1835
Particle 20 new velocities: 72.6605, 34.8544
46.4383, 49.6499
-- ITERATION 5 --
-------------
Particle: 1:
Relays Coordinates:
129.021, 74.8563
123.149, 101.741
Evaluation Time: 1.13678 seconds
Resulting Fitness: 0.197222
-------------
Particle: 2:
Relays Coordinates:
213.881, 99.9514
101.768, 62.7972
Evaluation Time: 1.27417 seconds
Resulting Fitness: 0.308333
-------------
Particle: 3:
Relays Coordinates:
194.071, 105.61
42.7326, 87.3495
Evaluation Time: 1.25692 seconds
Resulting Fitness: 0.244444
-------------
Particle: 4:
Relays Coordinates:
194.995, 108.584
87.7459, 116.67
Evaluation Time: 1.3116 seconds
Resulting Fitness: 0.227778
-------------
Particle: 5:
Relays Coordinates:
239.174, 165.788
109.067, 101.989
Evaluation Time: 1.37232 seconds
Resulting Fitness: 0.277778
-------------
Particle: 6:
Relays Coordinates:
258.123, 152.521
112.253, 101.951
Evaluation Time: 1.4191 seconds
Resulting Fitness: 0.280556
-------------
Particle: 7:
Relays Coordinates:
207.814, 12.7671
94.4666, 71.2522
Evaluation Time: 1.13735 seconds
Resulting Fitness: 0.233333
-------------
Particle: 8:
Relays Coordinates:
123.243, 147.929
29.947, 42.207
Evaluation Time: 1.1914 seconds
Resulting Fitness: 0.236111
-------------
Particle: 9:
Relays Coordinates:
170.956, 154.469
86.289, 91.8364
Evaluation Time: 1.25878 seconds
Resulting Fitness: 0.277778
-------------
Particle: 10:
Relays Coordinates:
196.295, 170.091
61.2067, 110.511
Evaluation Time: 1.29192 seconds
Resulting Fitness: 0.286111
-------------
Particle: 11:
Relays Coordinates:
198.303, 169.26
81.2643, 92.6576
Evaluation Time: 1.26055 seconds
Resulting Fitness: 0.291667
-------------
Particle: 12:
Relays Coordinates:
208.789, 119.665
69.627, 52.8121
Evaluation Time: 1.27471 seconds
Resulting Fitness: 0.269444
New local best!
-------------
Particle: 13:
Relays Coordinates:
226.506, 163.218
110.891, 97.5432
Evaluation Time: 1.38757 seconds
Resulting Fitness: 0.280556
-------------
Particle: 14:
Relays Coordinates:
171.353, 109.737
122.32, 89.7108
Evaluation Time: 1.17665 seconds
Resulting Fitness: 0.216667
-------------
Particle: 15:
Relays Coordinates:
219.302, 142.336
83.2952, 83.4504
Evaluation Time: 1.3054 seconds
Resulting Fitness: 0.316667
New local best!
-------------
Particle: 16:
Relays Coordinates:
212.348, 171.397
121.253, 76.2412
Evaluation Time: 1.3086 seconds
Resulting Fitness: 0.291667
New local best!
-------------
Particle: 17:
Relays Coordinates:
168.353, 187.735
68.5544, 82.0747
Evaluation Time: 1.29663 seconds
Resulting Fitness: 0.286111
-------------
Particle: 18:
Relays Coordinates:
191.287, 135.087
74.6141, 33.5107
Evaluation Time: 1.26974 seconds
Resulting Fitness: 0.236111
-------------
Particle: 19:
Relays Coordinates:
193.527, 128.239
51.7514, 90.8658
Evaluation Time: 1.30404 seconds
Resulting Fitness: 0.25
New local best!
-------------
Particle: 20:
Relays Coordinates:
219.598, 142.01
108.954, 106.682
Evaluation Time: 1.3296 seconds
Resulting Fitness: 0.272222
Current global best fitness: 0.316667
Current global best relays: 211.718, 152.272
90.1874, 87.1067
Particle 1 new velocities: 188.616, 85.9113
84.7635, 183.81
Particle 2 new velocities: -3.54805, 20.1873
-9.16435, 12.7231
Particle 3 new velocities: 21.2327, 14.9956
-37.3603, -32.3613
Particle 4 new velocities: 127.1, 86.4979
49.0027, 36.5882
Particle 5 new velocities: 22.0054, 9.26778
27.565, -21.9118
Particle 6 new velocities: -75.8989, 5.71612
6.22651, -11.4725
Particle 7 new velocities: 2.54574, 120.856
0.127117, 14.6762
Particle 8 new velocities: 313.914, 201.102
92.9749, 125.06
Particle 9 new velocities: 9.21982, -2.4083
2.66139, -14.9779
Particle 10 new velocities: 18.8394, 14.6368
14.1059, -21.3548
Particle 11 new velocities: 60.612, -4.69611
-3.73275, -15.1739
Particle 12 new velocities: 106.059, 79.6894
28.6005, 55.4978
Particle 13 new velocities: 41.2071, -76.0808
9.37112, 1.56603
Particle 14 new velocities: 133.32, 110.557
39.8179, 42.4089
Particle 15 new velocities: 152.706, 94.9095
82.8267, 65.0821
Particle 16 new velocities: 105.786, 43.9919
28.6772, 53.1416
Particle 17 new velocities: 115.168, 69.2672
39.8935, 39.1901
Particle 18 new velocities: 110.32, 77.4023
41.6494, 45.3235
Particle 19 new velocities: 106.391, 3.90073
56.9847, -21.2337
Particle 20 new velocities: 44.5333, 32.953
19.2718, -5.90505
-- ITERATION 6 --
-------------
Particle: 1:
Relays Coordinates:
136.732, 69.2052
89.4993, 122.92
Evaluation Time: 1.16267 seconds
Resulting Fitness: 0.197222
-------------
Particle: 2:
Relays Coordinates:
210.333, 120.139
92.6039, 75.5203
Evaluation Time: 1.26074 seconds
Resulting Fitness: 0.3
-------------
Particle: 3:
Relays Coordinates:
141.261, 79.1292
3.52478, 36.0778
Evaluation Time: 1.16206 seconds
Resulting Fitness: 0.2
-------------
Particle: 4:
Relays Coordinates:
234.807, 142.215
99.6897, 111.725
Evaluation Time: 1.30813 seconds
Resulting Fitness: 0.269444
New local best!
-------------
Particle: 5:
Relays Coordinates:
235.062, 157.55
122.969, 72.0697
Evaluation Time: 1.35068 seconds
Resulting Fitness: 0.3
-------------
Particle: 6:
Relays Coordinates:
182.224, 158.237
118.479, 90.4789
Evaluation Time: 1.25139 seconds
Resulting Fitness: 0.258333
-------------
Particle: 7:
Relays Coordinates:
210.36, 133.623
94.5937, 85.9284
Evaluation Time: 1.40314 seconds
Resulting Fitness: 0.316667
New local best!
-------------
Particle: 8:
Relays Coordinates:
169.363, 135.222
47.6225, 64.8026
Evaluation Time: 1.1978 seconds
Resulting Fitness: 0.263889
-------------
Particle: 9:
Relays Coordinates:
180.176, 152.061
88.9504, 76.8585
Evaluation Time: 1.26295 seconds
Resulting Fitness: 0.294444
-------------
Particle: 10:
Relays Coordinates:
193.621, 166.255
67.7813, 80.2408
Evaluation Time: 1.28429 seconds
Resulting Fitness: 0.288889
-------------
Particle: 11:
Relays Coordinates:
188.749, 119.967
56.5205, 56.4856
Evaluation Time: 1.19788 seconds
Resulting Fitness: 0.222222
-------------
Particle: 12:
Relays Coordinates:
206.572, 130.796
64.447, 71.0621
Evaluation Time: 1.31494 seconds
Resulting Fitness: 0.291667
New local best!
-------------
Particle: 13:
Relays Coordinates:
240.942, 78.4234
108.236, 89.1983
Evaluation Time: 1.22135 seconds
Resulting Fitness: 0.269444
-------------
Particle: 14:
Relays Coordinates:
222.107, 160.595
118.199, 96.3153
Evaluation Time: 1.37728 seconds
Resulting Fitness: 0.272222
New local best!
-------------
Particle: 15:
Relays Coordinates:
244.075, 155.657
108.993, 97.4522
Evaluation Time: 1.33794 seconds
Resulting Fitness: 0.275
-------------
Particle: 16:
Relays Coordinates:
231.919, 157.019
109.299, 94.32
Evaluation Time: 1.39833 seconds
Resulting Fitness: 0.308333
New local best!
-------------
Particle: 17:
Relays Coordinates:
186.018, 168.619
71.1526, 79.5618
Evaluation Time: 1.30812 seconds
Resulting Fitness: 0.294444
New local best!
-------------
Particle: 18:
Relays Coordinates:
197.884, 139.414
76.2805, 51.7231
Evaluation Time: 1.32478 seconds
Resulting Fitness: 0.277778
New local best!
-------------
Particle: 19:
Relays Coordinates:
218.64, 96.3296
79.2686, 50.7618
Evaluation Time: 1.23045 seconds
Resulting Fitness: 0.294444
New local best!
-------------
Particle: 20:
Relays Coordinates:
237.719, 157.467
115.403, 90.6994
Evaluation Time: 1.43146 seconds
Resulting Fitness: 0.294444
Current global best fitness: 0.316667
Current global best relays: 211.718, 152.272
90.1874, 87.1067
Particle 1 new velocities: 203.152, 73.2175
119.746, 156.437
Particle 2 new velocities: -1.38775, 77.0602
-5.14914, 25.3026
Particle 3 new velocities: 194.61, 84.3522
83.1677, -7.37834
Particle 4 new velocities: 97.5203, 73.8609
28.998, 19.6292
Particle 5 new velocities: -28.6791, -9.12714
-36.3552, -5.65082
Particle 6 new velocities: -4.26663, -19.6733
-65.0384, -11.7558
Particle 7 new velocities: 2.83164, 116.784
-4.16985, 12.576
Particle 8 new velocities: 216.971, 207.151
108.783, 109.479
Particle 9 new velocities: 8.92431, 26.5099
2.51184, 7.18043
Particle 10 new velocities: 32.9406, 2.92286
20.1462, 47.6903
Particle 11 new velocities: 87.8822, 52.123
38.7479, 21.9453
Particle 12 new velocities: 88.7616, 73.8217
35.3337, 60.2906
Particle 13 new velocities: 13.9876, -20.1371
-36.3298, -17.4396
Particle 14 new velocities: 106.172, 88.2764
20.8221, 31.7235
Particle 15 new velocities: 100.259, 51.5224
49.5755, 44.8049
Particle 16 new velocities: 70.9238, 33.3179
12.3192, 39.3233
Particle 17 new velocities: 94.511, 49.8124
46.9267, 34.5117
Particle 18 new velocities: 91.0536, 62.9469
49.0582, 77.1652
Particle 19 new velocities: 84.4382, 53.1668
51.4115, 8.90326
Particle 20 new velocities: -3.54837, 0.95256
-12.9723, -9.07272
-- ITERATION 7 --
-------------
Particle: 1:
Relays Coordinates:
146.309, 61.3083
90.0733, 120.254
Evaluation Time: 1.1837 seconds
Resulting Fitness: 0.194444
-------------
Particle: 2:
Relays Coordinates:
188.05, 177.479
78.7093, 90.7406
Evaluation Time: 1.28134 seconds
Resulting Fitness: 0.3
-------------
Particle: 3:
Relays Coordinates:
178.495, 86.8807
46.0719, 15.252
Evaluation Time: 1.18809 seconds
Resulting Fitness: 0.233333
-------------
Particle: 4:
Relays Coordinates:
218.04, 141.767
84.432, 86.1815
Evaluation Time: 1.29384 seconds
Resulting Fitness: 0.316667
New local best!
-------------
Particle: 5:
Relays Coordinates:
206.382, 148.423
86.6135, 66.4188
Evaluation Time: 1.29697 seconds
Resulting Fitness: 0.316667
New local best!
-------------
Particle: 6:
Relays Coordinates:
177.957, 138.564
53.4408, 78.7231
Evaluation Time: 1.24028 seconds
Resulting Fitness: 0.258333
-------------
Particle: 7:
Relays Coordinates:
155.417, 182.547
65.919, 71.8097
Evaluation Time: 1.26322 seconds
Resulting Fitness: 0.252778
-------------
Particle: 8:
Relays Coordinates:
205.314, 181.951
83.1201, 92.6206
Evaluation Time: 1.32234 seconds
Resulting Fitness: 0.277778
New local best!
-------------
Particle: 9:
Relays Coordinates:
189.1, 178.571
91.4623, 84.0389
Evaluation Time: 1.2912 seconds
Resulting Fitness: 0.3
-------------
Particle: 10:
Relays Coordinates:
203.905, 152.26
79.1348, 115.138
Evaluation Time: 1.3723 seconds
Resulting Fitness: 0.297222
New local best!
-------------
Particle: 11:
Relays Coordinates:
201.664, 125.454
69.4506, 57.1761
Evaluation Time: 1.30229 seconds
Resulting Fitness: 0.280556
-------------
Particle: 12:
Relays Coordinates:
215.298, 149.166
72.7401, 95.7561
Evaluation Time: 1.37194 seconds
Resulting Fitness: 0.3
New local best!
-------------
Particle: 13:
Relays Coordinates:
206.493, 47.2119
58.2436, 58.1245
Evaluation Time: 1.16331 seconds
Resulting Fitness: 0.205556
-------------
Particle: 14:
Relays Coordinates:
215.384, 163.284
91.2115, 84.0063
Evaluation Time: 1.31273 seconds
Resulting Fitness: 0.283333
New local best!
-------------
Particle: 15:
Relays Coordinates:
225.917, 135.93
104.037, 93.3348
Evaluation Time: 1.2905 seconds
Resulting Fitness: 0.269444
-------------
Particle: 16:
Relays Coordinates:
245.303, 154.173
98.5108, 108.251
Evaluation Time: 1.32503 seconds
Resulting Fitness: 0.275
-------------
Particle: 17:
Relays Coordinates:
204.506, 159.236
86.0799, 83.1596
Evaluation Time: 1.29675 seconds
Resulting Fitness: 0.308333
New local best!
-------------
Particle: 18:
Relays Coordinates:
234.04, 163.912
101.524, 104.4
Evaluation Time: 1.33329 seconds
Resulting Fitness: 0.275
-------------
Particle: 19:
Relays Coordinates:
220.944, 108.983
95.2658, 43.4958
Evaluation Time: 1.22212 seconds
Resulting Fitness: 0.297222
New local best!
-------------
Particle: 20:
Relays Coordinates:
234.17, 158.419
102.431, 81.6267
Evaluation Time: 1.35582 seconds
Resulting Fitness: 0.3
Current global best fitness: 0.316667
Current global best relays: 211.718, 152.272
90.1874, 87.1067
Particle 1 new velocities: 189.392, 116.044
268.694, 187.292
Particle 2 new velocities: 0.939849, -17.972
16.0303, 9.86926
Particle 3 new velocities: 176.717, 114.566
116.424, 47.8453
Particle 4 new velocities: 70.4894, 64.7875
29.9525, 15.8546
Particle 5 new velocities: -18.0414, -3.27855
-25.3987, 10.3257
Particle 6 new velocities: 60.1252, 1.86754
21.4511, -12.8432
Particle 7 new velocities: 4.57844, 12.7467
51.5822, 33.8847
Particle 8 new velocities: 179.896, 132.9
94.253, 81.5515
Particle 9 new velocities: 26.3086, 46.274
-10.0979, 15.4967
Particle 10 new velocities: 27.4425, 2.34777
21.253, 13.4419
Particle 11 new velocities: 86.0663, 65.0474
54.6547, 100.785
Particle 12 new velocities: 68.2895, 61.1327
37.516, 44.1677
Particle 13 new velocities: 28.2146, 144.277
22.2041, 0.152524
Particle 14 new velocities: 81.4153, 69.0718
16.6158, 27.5792
Particle 15 new velocities: 68.4805, 67.645
8.72183, 25.8879
Particle 16 new velocities: 6.8685, 30.5285
20.1601, 27.5223
Particle 17 new velocities: 83.798, 37.8519
38.2649, 29.6642
Particle 18 new velocities: 25.338, 2.15295
8.864, 9.74023
Particle 19 new velocities: 59.5374, 59.2452
37.1606, 35.8245
Particle 20 new velocities: -56.7599, -7.21308
-27.0949, -0.0679508
-- ITERATION 8 --
-------------
Particle: 1:
Relays Coordinates:
130.058, 68.7099
138.994, 119.15
Evaluation Time: 1.21038 seconds
Resulting Fitness: 0.2
-------------
Particle: 2:
Relays Coordinates:
188.99, 159.507
94.7396, 100.61
Evaluation Time: 1.24722 seconds
Resulting Fitness: 0.288889
-------------
Particle: 3:
Relays Coordinates:
209.749, 118.952
95.952, 37.2583
Evaluation Time: 1.25585 seconds
Resulting Fitness: 0.277778
-------------
Particle: 4:
Relays Coordinates:
210.338, 150.578
83.3863, 74.3843
Evaluation Time: 1.31583 seconds
Resulting Fitness: 0.316667
-------------
Particle: 5:
Relays Coordinates:
188.341, 145.144
61.2148, 76.7445
Evaluation Time: 1.27588 seconds
Resulting Fitness: 0.275
-------------
Particle: 6:
Relays Coordinates:
192.847, 113.749
60.6624, 53.3627
Evaluation Time: 1.20462 seconds
Resulting Fitness: 0.219444
-------------
Particle: 7:
Relays Coordinates:
143.996, 175.764
105.751, 95.125
Evaluation Time: 1.2104 seconds
Resulting Fitness: 0.230556
-------------
Particle: 8:
Relays Coordinates:
227.463, 185.916
104.737, 102.847
Evaluation Time: 1.32918 seconds
Resulting Fitness: 0.261111
-------------
Particle: 9:
Relays Coordinates:
174.481, 182.124
65.9051, 80.6238
Evaluation Time: 1.28842 seconds
Resulting Fitness: 0.3
-------------
Particle: 10:
Relays Coordinates:
208.213, 139.147
90.3491, 115.722
Evaluation Time: 1.30804 seconds
Resulting Fitness: 0.283333
-------------
Particle: 11:
Relays Coordinates:
209.755, 138.875
90.4727, 115.154
Evaluation Time: 1.31862 seconds
Resulting Fitness: 0.280556
-------------
Particle: 12:
Relays Coordinates:
229.706, 170.342
89.3075, 113.338
Evaluation Time: 1.33517 seconds
Resulting Fitness: 0.261111
-------------
Particle: 13:
Relays Coordinates:
171.102, 139.595
58.6464, 42.484
Evaluation Time: 1.21319 seconds
Resulting Fitness: 0.263889
-------------
Particle: 14:
Relays Coordinates:
194.73, 152.449
70.7455, 73.2112
Evaluation Time: 1.32141 seconds
Resulting Fitness: 0.297222
New local best!
-------------
Particle: 15:
Relays Coordinates:
214.616, 148.406
82.2008, 86.9134
Evaluation Time: 1.37423 seconds
Resulting Fitness: 0.316667
-------------
Particle: 16:
Relays Coordinates:
204.259, 149.608
96.1234, 109.976
Evaluation Time: 1.32054 seconds
Resulting Fitness: 0.272222
-------------
Particle: 17:
Relays Coordinates:
233.526, 159.641
100.719, 91.3872
Evaluation Time: 1.31952 seconds
Resulting Fitness: 0.280556
-------------
Particle: 18:
Relays Coordinates:
233.44, 149.459
99.3495, 102.726
Evaluation Time: 1.30112 seconds
Resulting Fitness: 0.269444
-------------
Particle: 19:
Relays Coordinates:
227.19, 136.265
107.265, 64.2495
Evaluation Time: 1.29763 seconds
Resulting Fitness: 0.302778
New local best!
-------------
Particle: 20:
Relays Coordinates:
177.41, 151.206
75.3356, 81.5587
Evaluation Time: 1.26088 seconds
Resulting Fitness: 0.294444
Current global best fitness: 0.316667
Current global best relays: 211.718, 152.272
90.1874, 87.1067
Particle 1 new velocities: 157.385, 94.7704
230.878, 172.758
Particle 2 new velocities: 23.0904, -57.027
11.8638, -5.55302
Particle 3 new velocities: 143.515, 97.2861
69.9869, 103.758
Particle 4 new velocities: 65.4682, 43.036
24.5697, 33.1139
Particle 5 new velocities: 18.8294, 4.86498
35.7338, 15.2947
Particle 6 new velocities: 70.8557, 2.94926
42.6094, 23.4899
Particle 7 new velocities: 67.4711, -72.7901
38.4944, 14.7157
Particle 8 new velocities: 107.411, 87.8709
30.3554, 58.5772
Particle 9 new velocities: 31.5049, 39.4011
3.39925, 31.5359
Particle 10 new velocities: 19.7362, 14.7015
5.25677, -11.1089
Particle 11 new velocities: 72.8898, 80.4987
43.3521, 23.1948
Particle 12 new velocities: 35.126, 42.1717
12.0035, 0.478731
Particle 13 new velocities: 87.576, 57.0916
42.5091, 30.3927
Particle 14 new velocities: 65.4384, 55.114
34.1356, 26.3421
Particle 15 new velocities: 55.2775, 54.0403
8.72459, 18.3907
Particle 16 new velocities: 14.5978, 28.2279
18.3023, 8.75186
Particle 17 new velocities: 48.4041, 28.2851
-3.42035, 9.4524
Particle 18 new velocities: -4.2661, -4.60847
-33.4681, -25.3882
Particle 19 new velocities: 34.3628, 61.9826
24.1313, 41.5596
Particle 20 new velocities: 11.0534, -11.8561
16.2876, 14.2419
-- ITERATION 9 --
-------------
Particle: 1:
Relays Coordinates:
123.735, 70.3729
159.218, 125.657
Evaluation Time: 1.19427 seconds
Resulting Fitness: 0.216667
-------------
Particle: 2:
Relays Coordinates:
212.081, 102.48
106.603, 95.0569
Evaluation Time: 1.23943 seconds
Resulting Fitness: 0.244444
-------------
Particle: 3:
Relays Coordinates:
231.776, 141.874
108.872, 92.5211
Evaluation Time: 1.38544 seconds
Resulting Fitness: 0.280556
-------------
Particle: 4:
Relays Coordinates:
223.403, 156.828
87.4443, 87.0736
Evaluation Time: 1.39874 seconds
Resulting Fitness: 0.283333
-------------
Particle: 5:
Relays Coordinates:
207.17, 150.009
96.9485, 92.0392
Evaluation Time: 1.37444 seconds
Resulting Fitness: 0.316667
-------------
Particle: 6:
Relays Coordinates:
237.332, 105.029
92.9446, 69.1673
Evaluation Time: 1.29522 seconds
Resulting Fitness: 0.3
-------------
Particle: 7:
Relays Coordinates:
171.288, 83.409
116.839, 88.971
Evaluation Time: 1.17752 seconds
Resulting Fitness: 0.194444
-------------
Particle: 8:
Relays Coordinates:
219.711, 179.632
88.6342, 105.91
Evaluation Time: 1.305 seconds
Resulting Fitness: 0.258333
-------------
Particle: 9:
Relays Coordinates:
166.849, 179.436
56.1365, 90.8494
Evaluation Time: 1.26092 seconds
Resulting Fitness: 0.286111
-------------
Particle: 10:
Relays Coordinates:
227.949, 153.848
95.6058, 104.613
Evaluation Time: 1.31197 seconds
Resulting Fitness: 0.288889
-------------
Particle: 11:
Relays Coordinates:
206.048, 159.924
97.5583, 100.856
Evaluation Time: 1.28398 seconds
Resulting Fitness: 0.294444
-------------
Particle: 12:
Relays Coordinates:
214.514, 172.136
82.0619, 92.1918
Evaluation Time: 1.33058 seconds
Resulting Fitness: 0.275
-------------
Particle: 13:
Relays Coordinates:
188.576, 143.385
73.7423, 53.1271
Evaluation Time: 1.32942 seconds
Resulting Fitness: 0.275
-------------
Particle: 14:
Relays Coordinates:
210.736, 168.126
84.9536, 80.6382
Evaluation Time: 1.28195 seconds
Resulting Fitness: 0.272222
-------------
Particle: 15:
Relays Coordinates:
196.752, 147.584
66.2846, 76.7667
Evaluation Time: 1.26445 seconds
Resulting Fitness: 0.297222
-------------
Particle: 16:
Relays Coordinates:
196.971, 160.052
102.983, 106.855
Evaluation Time: 1.26792 seconds
Resulting Fitness: 0.266667
-------------
Particle: 17:
Relays Coordinates:
205.527, 136.998
70.9309, 73.5121
Evaluation Time: 1.29268 seconds
Resulting Fitness: 0.311111
New local best!
-------------
Particle: 18:
Relays Coordinates:
185.631, 117.329
53.364, 62.6434
Evaluation Time: 1.21884 seconds
Resulting Fitness: 0.236111
-------------
Particle: 19:
Relays Coordinates:
235.397, 178.423
118.257, 95.2282
Evaluation Time: 1.35789 seconds
Resulting Fitness: 0.288889
-------------
Particle: 20:
Relays Coordinates:
188.464, 139.35
91.6232, 95.8006
Evaluation Time: 1.25769 seconds
Resulting Fitness: 0.286111
Current global best fitness: 0.316667
Current global best relays: 211.718, 152.272
90.1874, 87.1067
Particle 1 new velocities: 172.968, 81.0452
184.634, 136.967
Particle 2 new velocities: 16.607, -28.5067
-1.495, -12.7869
Particle 3 new velocities: 97.7583, 15.2567
1.9197, 42.8975
Particle 4 new velocities: 41.8918, 14.1325
15.9564, 25.2169
Particle 5 new velocities: 19.5117, 5.93999
8.55007, -9.55641
Particle 6 new velocities: 47.4334, 62.8112
22.7558, 24.2214
Particle 7 new velocities: 111.428, 21.5483
9.11497, 5.47153
Particle 8 new velocities: 67.9692, 47.7953
23.3869, 23.0864
Particle 9 new velocities: 28.3451, 68.6206
64.6304, 40.0553
Particle 10 new velocities: -15.2837, 8.16813
-19.3244, -13.8368
Particle 11 new velocities: 64.194, 43.1869
17.1482, 10.6357
Particle 12 new velocities: 28.5626, 15.935
16.6326, 2.63463
Particle 13 new velocities: 92.7043, -42.4981
59.9237, 55.4298
Particle 14 new velocities: 48.645, 23.5609
23.2028, 13.6741
Particle 15 new velocities: 98.866, 39.5137
47.9649, 30.9676
Particle 16 new velocities: 62.5067, 22.2996
11.2641, -33.6126
Particle 17 new velocities: 40.6554, 32.8464
10.579, 23.2759
Particle 18 new velocities: 27.4718, 42.6149
-2.89379, -10.1174
Particle 19 new velocities: -8.16359, -10.8377
-19.9266, 25.2132
Particle 20 new velocities: 13.2939, 7.47469
18.7204, 4.48963
-- ITERATION 10 --
-------------
Particle: 1:
Relays Coordinates:
127.721, 65.1805
148.017, 113.051
Evaluation Time: 1.23328 seconds
Resulting Fitness: 0.208333
-------------
Particle: 2:
Relays Coordinates:
228.688, 73.9733
105.108, 82.27
Evaluation Time: 1.22771 seconds
Resulting Fitness: 0.288889
-------------
Particle: 3:
Relays Coordinates:
216.208, 103.093
72.6907, 88.8481
Evaluation Time: 1.23897 seconds
Resulting Fitness: 0.3
-------------
Particle: 4:
Relays Coordinates:
238.765, 153.864
93.0607, 101.061
Evaluation Time: 1.3894 seconds
Resulting Fitness: 0.288889
-------------
Particle: 5:
Relays Coordinates:
226.682, 155.949
105.499, 82.4828
Evaluation Time: 1.29994 seconds
Resulting Fitness: 0.275
-------------
Particle: 6:
Relays Coordinates:
230.66, 135.95
93.7173, 75.6448
Evaluation Time: 1.29478 seconds
Resulting Fitness: 0.283333
-------------
Particle: 7:
Relays Coordinates:
254.444, 94.4615
113.358, 84.9982
Evaluation Time: 1.29765 seconds
Resulting Fitness: 0.305556
-------------
Particle: 8:
Relays Coordinates:
209.719, 165.794
81.6634, 94.0386
Evaluation Time: 1.36556 seconds
Resulting Fitness: 0.297222
New local best!
-------------
Particle: 9:
Relays Coordinates:
158.107, 200.926
97.8212, 106.033
Evaluation Time: 1.26855 seconds
Resulting Fitness: 0.247222
-------------
Particle: 10:
Relays Coordinates:
212.665, 162.017
76.2815, 90.7762
Evaluation Time: 1.30656 seconds
Resulting Fitness: 0.294444
-------------
Particle: 11:
Relays Coordinates:
218.896, 164.52
92.9122, 90.3082
Evaluation Time: 1.25096 seconds
Resulting Fitness: 0.266667
-------------
Particle: 12:
Relays Coordinates:
218.769, 169.264
88.8251, 85.3438
Evaluation Time: 1.3358 seconds
Resulting Fitness: 0.283333
-------------
Particle: 13:
Relays Coordinates:
253.152, 90.7979
120.299, 97.7012
Evaluation Time: 1.3013 seconds
Resulting Fitness: 0.272222
-------------
Particle: 14:
Relays Coordinates:
210.099, 155.266
87.6067, 76.3929
Evaluation Time: 1.30779 seconds
Resulting Fitness: 0.3
New local best!
-------------
Particle: 15:
Relays Coordinates:
215.506, 136.394
83.2879, 78.5383
Evaluation Time: 1.24715 seconds
Resulting Fitness: 0.313889
-------------
Particle: 16:
Relays Coordinates:
210.177, 147.705
92.5403, 59.3267
Evaluation Time: 1.25329 seconds
Resulting Fitness: 0.283333
-------------
Particle: 17:
Relays Coordinates:
199.408, 137.574
66.023, 78.3983
Evaluation Time: 1.25589 seconds
Resulting Fitness: 0.291667
-------------
Particle: 18:
Relays Coordinates:
155.352, 116.599
36.7928, 38.2915
Evaluation Time: 1.1712 seconds
Resulting Fitness: 0.230556
-------------
Particle: 19:
Relays Coordinates:
204.51, 150.826
88.4974, 108.397
Evaluation Time: 1.32009 seconds
Resulting Fitness: 0.288889
-------------
Particle: 20:
Relays Coordinates:
201.758, 146.825
110.344, 100.29
Evaluation Time: 1.38353 seconds
Resulting Fitness: 0.275
Current global best fitness: 0.316667
Current global best relays: 211.718, 152.272
90.1874, 87.1067
Particle 1 new velocities: 224.493, 85.9634
142.027, 178.869
Particle 2 new velocities: -17.6828, 97.9864
-23.5087, -3.7587
Particle 3 new velocities: 71.583, 17.866
15.6924, 3.57376
Particle 4 new velocities: 0.0501827, 3.57477
7.23211, -10.8446
Particle 5 new velocities: -6.97758, -7.44019
-30.4022, -5.77328
Particle 6 new velocities: 2.67592, 62.5986
-2.79314, 30.7045
Particle 7 new velocities: -22.8387, 125.038
-39.5411, 5.45078
Particle 8 new velocities: 55.1797, 21.3144
26.8309, 10.4982
Particle 9 new velocities: 77.5867, 67.5219
35.4625, 14.3352
Particle 10 new velocities: -23.9931, -15.2968
-12.1081, 0.096232
Particle 11 new velocities: 32.5033, 12.0643
7.53328, 2.25515
Particle 12 new velocities: 12.5056, 1.2826
-11.6124, 15.0891
Particle 13 new velocities: 31.7733, 16.1829
-10.3994, 12.23
Particle 14 new velocities: 39.0989, 17.0256
21.3608, 15.1497
Particle 15 new velocities: 79.5066, 54.2275
45.2698, 31.0027
Particle 16 new velocities: 70.8192, 26.8862
27.1928, 45.8243
Particle 17 new velocities: 39.3573, 35.4175
41.1423, 25.7627
Particle 18 new velocities: 47.55, 92.6728
83.0999, 52.1252
Particle 19 new velocities: 38.5735, -29.8439
10.7499, 5.87547
Particle 20 new velocities: 14.1119, 7.11855
-8.69278, -8.36924
-- ITERATION 11 --
-------------
Particle: 1:
Relays Coordinates:
136.455, 58.5562
112.369, 113.096
Evaluation Time: 1.14625 seconds
Resulting Fitness: 0.2
-------------
Particle: 2:
Relays Coordinates:
189.904, 154.764
73.4397, 70.6602
Evaluation Time: 1.25289 seconds
Resulting Fitness: 0.3
-------------
Particle: 3:
Relays Coordinates:
209.799, 88.1794
64.4313, 67.3756
Evaluation Time: 1.24386 seconds
Resulting Fitness: 0.291667
-------------
Particle: 4:
Relays Coordinates:
238.815, 157.439
100.293, 90.2168
Evaluation Time: 1.34726 seconds
Resulting Fitness: 0.286111
-------------
Particle: 5:
Relays Coordinates:
197.734, 133.658
67.5867, 69.0386
Evaluation Time: 1.27765 seconds
Resulting Fitness: 0.288889
-------------
Particle: 6:
Relays Coordinates:
210.002, 178.694
81.8317, 95.7144
Evaluation Time: 1.32593 seconds
Resulting Fitness: 0.263889
-------------
Particle: 7:
Relays Coordinates:
168.841, 160.015
53.8129, 65.9373
Evaluation Time: 1.27164 seconds
Resulting Fitness: 0.266667
-------------
Particle: 8:
Relays Coordinates:
214.568, 151.558
87.8803, 84.6748
Evaluation Time: 1.30143 seconds
Resulting Fitness: 0.316667
New local best!
-------------
Particle: 9:
Relays Coordinates:
190.912, 217.442
107.96, 97.498
Evaluation Time: 1.29682 seconds
Resulting Fitness: 0.280556
-------------
Particle: 10:
Relays Coordinates:
188.672, 146.72
64.1734, 90.8724
Evaluation Time: 1.3021 seconds
Resulting Fitness: 0.3
New local best!
-------------
Particle: 11:
Relays Coordinates:
203.634, 143.033
81.3609, 74.9764
Evaluation Time: 1.31974 seconds
Resulting Fitness: 0.313889
-------------
Particle: 12:
Relays Coordinates:
208.147, 153.492
69.4914, 90.3895
Evaluation Time: 1.38875 seconds
Resulting Fitness: 0.316667
New local best!
-------------
Particle: 13:
Relays Coordinates:
230.79, 86.6545
89.019, 89.0442
Evaluation Time: 1.26743 seconds
Resulting Fitness: 0.316667
New local best!
-------------
Particle: 14:
Relays Coordinates:
224.278, 155.063
98.0707, 82.3884
Evaluation Time: 1.32583 seconds
Resulting Fitness: 0.286111
-------------
Particle: 15:
Relays Coordinates:
238.96, 154.403
104.132, 88.7282
Evaluation Time: 1.40848 seconds
Resulting Fitness: 0.288889
-------------
Particle: 16:
Relays Coordinates:
227.607, 141.419
96.9838, 85.1723
Evaluation Time: 1.35512 seconds
Resulting Fitness: 0.291667
-------------
Particle: 17:
Relays Coordinates:
238.765, 172.992
107.165, 104.161
Evaluation Time: 1.35559 seconds
Resulting Fitness: 0.272222
-------------
Particle: 18:
Relays Coordinates:
202.902, 209.272
119.893, 90.4167
Evaluation Time: 1.34464 seconds
Resulting Fitness: 0.297222
New local best!
-------------
Particle: 19:
Relays Coordinates:
243.084, 120.983
99.2473, 114.273
Evaluation Time: 1.33435 seconds
Resulting Fitness: 0.261111
-------------
Particle: 20:
Relays Coordinates:
215.87, 153.943
101.651, 91.921
Evaluation Time: 1.38194 seconds
Resulting Fitness: 0.316667
New local best!
Current global best fitness: 0.316667
Current global best relays: 211.718, 152.272
90.1874, 87.1067
Particle 1 new velocities: 251.438, 98.1161
126.783, 113.851
Particle 2 new velocities: 0.202519, 43.7411
21.6323, 37.4638
Particle 3 new velocities: 60.0885, 62.521
45.9107, 8.07476
Particle 4 new velocities: -21.9165, -4.12626
-14.7146, -13.6285
Particle 5 new velocities: 20.852, 8.38
2.22243, 7.99685
Particle 6 new velocities: -7.5944, 24.4173
-0.336518, -27.0743
Particle 7 new velocities: 27.8549, 82.7417
15.0577, 33.0642
Particle 8 new velocities: 43.1671, 17.54
21.6841, 10.2458
Particle 9 new velocities: 67.812, -22.4324
4.8742, 1.74659
Particle 10 new velocities: 8.98958, -9.82211
-7.98244, -2.63081
Particle 11 new velocities: 40.8073, 30.2822
22.712, 17.2613
Particle 12 new velocities: 13.7377, 0.232489
-1.26763, 8.64714
Particle 13 new velocities: 5.93547, 33.37
-7.22357, 7.76987
Particle 14 new velocities: 8.40015, 13.3507
-5.20217, 6.38971
Particle 15 new velocities: 19.4853, 25.9997
-6.47614, 18.3774
Particle 16 new velocities: 52.407, 36.0377
34.614, 48.1367
Particle 17 new velocities: -1.74042, 9.20567
-0.87764, -13.0422
Particle 18 new velocities: 48.4256, 66.5506
33.2594, 39.0871
Particle 19 new velocities: 16.3871, 0.105922
15.4582, -37.5328
Particle 20 new velocities: 9.36897, 5.24229
-15.3479, -9.41979
-- ITERATION 12 --
-------------
Particle: 1:
Relays Coordinates:
166.975, 67.4423
102.947, 97.6929
Evaluation Time: 1.21296 seconds
Resulting Fitness: 0.180556
-------------
Particle: 2:
Relays Coordinates:
190.107, 198.505
95.072, 108.124
Evaluation Time: 1.35589 seconds
Resulting Fitness: 0.266667
-------------
Particle: 3:
Relays Coordinates:
218.609, 122.067
89.377, 61.1148
Evaluation Time: 1.22074 seconds
Resulting Fitness: 0.3
-------------
Particle: 4:
Relays Coordinates:
216.899, 153.313
85.5782, 76.5883
Evaluation Time: 1.2755 seconds
Resulting Fitness: 0.3
-------------
Particle: 5:
Relays Coordinates:
196.727, 127.834
62.8283, 69.3319
Evaluation Time: 1.32192 seconds
Resulting Fitness: 0.263889
-------------
Particle: 6:
Relays Coordinates:
163.95, 164.52
66.0111, 55.5985
Evaluation Time: 1.24953 seconds
Resulting Fitness: 0.266667
-------------
Particle: 7:
Relays Coordinates:
143.391, 176.97
50.2067, 72.1721
Evaluation Time: 1.20779 seconds
Resulting Fitness: 0.252778
-------------
Particle: 8:
Relays Coordinates:
231.961, 152.188
98.608, 85.4286
Evaluation Time: 1.33161 seconds
Resulting Fitness: 0.286111
-------------
Particle: 9:
Relays Coordinates:
209.566, 157.958
91.3956, 80.3881
Evaluation Time: 1.27245 seconds
Resulting Fitness: 0.305556
-------------
Particle: 10:
Relays Coordinates:
197.662, 136.898
56.1909, 88.2416
Evaluation Time: 1.23276 seconds
Resulting Fitness: 0.277778
-------------
Particle: 11:
Relays Coordinates:
219.997, 155.984
93.6656, 83.0139
Evaluation Time: 1.27774 seconds
Resulting Fitness: 0.283333
-------------
Particle: 12:
Relays Coordinates:
199.696, 138.352
61.4014, 89.133
Evaluation Time: 1.28507 seconds
Resulting Fitness: 0.308333
-------------
Particle: 13:
Relays Coordinates:
213.053, 108.022
73.6159, 87.1327
Evaluation Time: 1.24864 seconds
Resulting Fitness: 0.297222
-------------
Particle: 14:
Relays Coordinates:
209.41, 151.572
83.5817, 79.9003
Evaluation Time: 1.30068 seconds
Resulting Fitness: 0.316667
New local best!
-------------
Particle: 15:
Relays Coordinates:
209.341, 146.127
79.101, 86.7555
Evaluation Time: 1.31721 seconds
Resulting Fitness: 0.316667
-------------
Particle: 16:
Relays Coordinates:
226.811, 143.74
106.594, 107.98
Evaluation Time: 1.35636 seconds
Resulting Fitness: 0.280556
-------------
Particle: 17:
Relays Coordinates:
213.322, 163.978
95.6589, 82.0069
Evaluation Time: 1.32665 seconds
Resulting Fitness: 0.3
-------------
Particle: 18:
Relays Coordinates:
183.218, 201.074
111.648, 94.4082
Evaluation Time: 1.29067 seconds
Resulting Fitness: 0.280556
-------------
Particle: 19:
Relays Coordinates:
259.471, 121.088
114.706, 76.7399
Evaluation Time: 1.37169 seconds
Resulting Fitness: 0.358333
New local best!
New global best!
-------------
Particle: 20:
Relays Coordinates:
202.715, 143.267
77.6726, 74.2511
Evaluation Time: 1.28236 seconds
Resulting Fitness: 0.319444
New local best!
Current global best fitness: 0.358333
Current global best relays: 259.471, 121.088
114.706, 76.7399
Particle 1 new velocities: 201.687, 86.1304
227.67, 115.893
Particle 2 new velocities: 46.4251, -77.8884
44.4839, 8.41141
Particle 3 new velocities: 83.4057, 40.2874
24.2776, 22.992
Particle 4 new velocities: 36.1982, -15.3594
-12.6935, -3.07477
Particle 5 new velocities: 77.1225, 23.3854
34.8222, 12.3591
Particle 6 new velocities: 128.633, -3.63304
33.0465, -5.05107
Particle 7 new velocities: 182.256, -0.332669
103.731, 40.9337
Particle 8 new velocities: 41.9369, -24.8166
-0.147565, 4.28099
Particle 9 new velocities: -2.37211, 38.559
13.0523, 21.8145
Particle 10 new velocities: 75.2538, -2.53298
49.409, -1.77164
Particle 11 new velocities: 35.9789, 1.06441
38.0117, 11.459
Particle 12 new velocities: 80.8059, -8.88572
73.5183, 3.24593
Particle 13 new velocities: 51.5013, 16.4443
17.1076, -6.31953
Particle 14 new velocities: 62.8531, -2.11539
7.70958, 2.17654
Particle 15 new velocities: 33.1205, -11.7309
9.00796, -1.26283
Particle 16 new velocities: 59.854, 13.4896
31.4166, -0.973959
Particle 17 new velocities: 1.52, -57.9841
-37.5714, -17.4513
Particle 18 new velocities: 144.416, 55.5446
34.5535, 24.907
Particle 19 new velocities: 13.1097, 0.0847375
12.3666, -30.0262
Particle 20 new velocities: 24.7265, -2.40106
-8.6392, -5.06381
-- ITERATION 13 --
-------------
Particle: 1:
Relays Coordinates:
142.827, 59.4972
128.088, 82.7476
Evaluation Time: 1.07938 seconds
Resulting Fitness: 0.183333
-------------
Particle: 2:
Relays Coordinates:
191.591, 97.6993
113.04, 94.3937
Evaluation Time: 1.19724 seconds
Resulting Fitness: 0.222222
-------------
Particle: 3:
Relays Coordinates:
220.169, 118.357
82.8542, 61.3138
Evaluation Time: 1.25815 seconds
Resulting Fitness: 0.302778
-------------
Particle: 4:
Relays Coordinates:
184.508, 100.568
53.133, 53.5914
Evaluation Time: 1.19022 seconds
Resulting Fitness: 0.233333
-------------
Particle: 5:
Relays Coordinates:
221.818, 122.488
79.0969, 66.1697
Evaluation Time: 1.24118 seconds
Resulting Fitness: 0.297222
-------------
Particle: 6:
Relays Coordinates:
191.964, 105.558
64.9917, 33.1642
Evaluation Time: 1.21881 seconds
Resulting Fitness: 0.252778
-------------
Particle: 7:
Relays Coordinates:
263.774, 143.076
124.69, 91.6157
Evaluation Time: 1.4078 seconds
Resulting Fitness: 0.291667
-------------
Particle: 8:
Relays Coordinates:
221.858, 103.171
79.7529, 72.6648
Evaluation Time: 1.23598 seconds
Resulting Fitness: 0.319444
New local best!
-------------
Particle: 9:
Relays Coordinates:
207.194, 196.517
104.448, 102.203
Evaluation Time: 1.29433 seconds
Resulting Fitness: 0.261111
-------------
Particle: 10:
Relays Coordinates:
221.062, 108.835
85.5359, 70.0407
Evaluation Time: 1.23501 seconds
Resulting Fitness: 0.311111
New local best!
-------------
Particle: 11:
Relays Coordinates:
230.378, 141.343
118.51, 85.0257
Evaluation Time: 1.30956 seconds
Resulting Fitness: 0.272222
-------------
Particle: 12:
Relays Coordinates:
252.452, 116.52
121.428, 83.1411
Evaluation Time: 1.30844 seconds
Resulting Fitness: 0.322222
New local best!
-------------
Particle: 13:
Relays Coordinates:
214.289, 100.818
73.486, 65.4587
Evaluation Time: 1.23061 seconds
Resulting Fitness: 0.294444
-------------
Particle: 14:
Relays Coordinates:
198.48, 108.954
66.5513, 59.834
Evaluation Time: 1.21239 seconds
Resulting Fitness: 0.241667
-------------
Particle: 15:
Relays Coordinates:
218.215, 120.956
79.2981, 76.9434
Evaluation Time: 1.24982 seconds
Resulting Fitness: 0.3
-------------
Particle: 16:
Relays Coordinates:
232.199, 127.356
111.789, 86.6751
Evaluation Time: 1.28097 seconds
Resulting Fitness: 0.280556
-------------
Particle: 17:
Relays Coordinates:
193.358, 95.3943
52.2788, 58.1001
Evaluation Time: 1.18797 seconds
Resulting Fitness: 0.238889
-------------
Particle: 18:
Relays Coordinates:
214.96, 168.368
95.9227, 78.2828
Evaluation Time: 1.28831 seconds
Resulting Fitness: 0.272222
-------------
Particle: 19:
Relays Coordinates:
245.323, 109.056
114.365, 42.0423
Evaluation Time: 1.2647 seconds
Resulting Fitness: 0.338889
-------------
Particle: 20:
Relays Coordinates:
184.227, 114.101
55.917, 56.0417
Evaluation Time: 1.24517 seconds
Resulting Fitness: 0.233333
Current global best fitness: 0.358333
Current global best relays: 259.471, 121.088
114.706, 76.7399
Particle 1 new velocities: 268.845, 91.4395
233.12, 192.668
Particle 2 new velocities: 130.949, 1.51979
28.8661, 2.33817
Particle 3 new velocities: 67.6259, 15.7992
16.5331, 20.4379
Particle 4 new velocities: 146.443, 45.9658
65.3722, 49.4332
Particle 5 new velocities: 58.1112, 23.1621
56.5773, 17.7496
Particle 6 new velocities: 129.885, 50.2951
79.0023, 16.7488
Particle 7 new velocities: 121.073, -9.70704
41.1091, 4.20059
Particle 8 new velocities: 38.6598, -2.27076
34.8729, 6.43872
Particle 9 new velocities: 10.1568, 37.4532
-2.21295, 15.9475
Particle 10 new velocities: 96.6602, 1.13388
72.786, 3.62313
Particle 11 new velocities: 51.1518, -10.7797
9.21126, 1.11432
Particle 12 new velocities: 71.4788, -6.30861
55.6033, -4.63974
Particle 13 new velocities: 113.863, 3.88256
73.0499, 18.1576
Particle 14 new velocities: 102.294, 42.6465
29.1113, 21.5412
Particle 15 new velocities: 56.7713, 19.2362
35.6401, 6.49306
Particle 16 new velocities: 60.9619, 12.1448
24.7389, 0.407859
Particle 17 new velocities: 30.0646, 38.8784
78.8272, 11.301
Particle 18 new velocities: 99.9709, 59.9186
53.7501, 29.2346
Particle 19 new velocities: 38.2927, 19.2092
10.8598, 32.305
Particle 20 new velocities: 42.1077, 11.2312
101.322, 29.7841
-- ITERATION 14 --
-------------
Particle: 1:
Relays Coordinates:
143.541, 52.6284
125.945, 96.0316
Evaluation Time: 1.15432 seconds
Resulting Fitness: 0.186111
-------------
Particle: 2:
Relays Coordinates:
261.258, 80.3675
114.944, 78.3528
Evaluation Time: 1.21324 seconds
Resulting Fitness: 0.280556
-------------
Particle: 3:
Relays Coordinates:
209.802, 97.7995
72.4533, 59.597
Evaluation Time: 1.29289 seconds
Resulting Fitness: 0.288889
-------------
Particle: 4:
Relays Coordinates:
217.137, 96.1407
77.7513, 67.5944
Evaluation Time: 1.28264 seconds
Resulting Fitness: 0.311111
-------------
Particle: 5:
Relays Coordinates:
251.937, 131.085
122.107, 75.5274
Evaluation Time: 1.34281 seconds
Resulting Fitness: 0.286111
-------------
Particle: 6:
Relays Coordinates:
234.628, 113.617
104.972, 36.3866
Evaluation Time: 1.26983 seconds
Resulting Fitness: 0.283333
-------------
Particle: 7:
Relays Coordinates:
252.498, 87.5035
108.781, 62.865
Evaluation Time: 1.23761 seconds
Resulting Fitness: 0.297222
-------------
Particle: 8:
Relays Coordinates:
260.517, 100.9
114.626, 79.1035
Evaluation Time: 1.32533 seconds
Resulting Fitness: 0.325
New local best!
-------------
Particle: 9:
Relays Coordinates:
195.616, 210.573
92.0114, 106.335
Evaluation Time: 1.32017 seconds
Resulting Fitness: 0.255556
-------------
Particle: 10:
Relays Coordinates:
257.355, 89.0751
128.241, 59.6677
Evaluation Time: 1.31007 seconds
Resulting Fitness: 0.308333
-------------
Particle: 11:
Relays Coordinates:
253.377, 117.507
114.949, 77.526
Evaluation Time: 1.86316 seconds
Resulting Fitness: 0.35
New local best!
-------------
Particle: 12:
Relays Coordinates:
236.145, 80.344
129.056, 57.2275
Evaluation Time: 1.24973 seconds
Resulting Fitness: 0.291667
-------------
Particle: 13:
Relays Coordinates:
265.803, 84.8072
118.694, 67.7292
Evaluation Time: 1.25893 seconds
Resulting Fitness: 0.305556
-------------
Particle: 14:
Relays Coordinates:
197.338, 99.465
62.7643, 53.3903
Evaluation Time: 1.25103 seconds
Resulting Fitness: 0.233333
-------------
Particle: 15:
Relays Coordinates:
247.488, 126.173
103.444, 75.0928
Evaluation Time: 1.35008 seconds
Resulting Fitness: 0.302778
-------------
Particle: 16:
Relays Coordinates:
263.845, 125.551
122.875, 78.3747
Evaluation Time: 1.29992 seconds
Resulting Fitness: 0.313889
New local best!
-------------
Particle: 17:
Relays Coordinates:
223.423, 134.273
131.106, 69.401
Evaluation Time: 1.27808 seconds
Resulting Fitness: 0.277778
-------------
Particle: 18:
Relays Coordinates:
229.585, 166.421
109.111, 78.3802
Evaluation Time: 1.34229 seconds
Resulting Fitness: 0.313889
New local best!
-------------
Particle: 19:
Relays Coordinates:
255.254, 115.439
112.702, 66.9125
Evaluation Time: 1.37255 seconds
Resulting Fitness: 0.361111
New local best!
New global best!
-------------
Particle: 20:
Relays Coordinates:
183.331, 101.519
127.363, 69.5189
Evaluation Time: 1.17069 seconds
Resulting Fitness: 0.216667
Current global best fitness: 0.361111
Current global best relays: 255.254, 115.439
112.702, 66.9125
Particle 1 new velocities: 252.627, 162.578
238.01, 202.725
Particle 2 new velocities: 26.2791, 97.1178
-3.12439, 3.75181
Particle 3 new velocities: 67.3398, 26.12
58.9271, 24.589
Particle 4 new velocities: 154.931, 50.2296
67.6549, 44.7282
Particle 5 new velocities: -6.31272, 37.4537
27.3519, 4.23734
Particle 6 new velocities: 75.5828, 76.3777
31.961, 35.2468
Particle 7 new velocities: 80.1123, 75.665
22.2725, 10.681
Particle 8 new velocities: 27.5449, 15.5413
27.5013, -5.87373
Particle 9 new velocities: 30.3623, -20.5116
4.09085, -1.94732
Particle 10 new velocities: 34.9856, 28.2681
-4.13716, 17.7609
Particle 11 new velocities: 43.2347, -9.70506
6.79262, -3.02804
Particle 12 new velocities: 78.1209, 74.0371
18.053, 21.8528
Particle 13 new velocities: 70.4331, 38.2344
41.1136, 43.9594
Particle 14 new velocities: 95.6809, 98.8817
91.3946, 70.1365
Particle 15 new velocities: 5.89094, 16.9179
6.75562, 5.26412
Particle 16 new velocities: 39.5604, 8.95669
13.4794, -12.8365
Particle 17 new velocities: 26.3814, 29.6969
-16.5357, 9.7995
Particle 18 new velocities: 102.413, -3.48063
43.8871, 17.8287
Particle 19 new velocities: 30.6342, 15.3674
8.68783, 25.844
Particle 20 new velocities: 118.913, 61.8156
18.1347, 26.1024
-- ITERATION 15 --
-------------
Particle: 1:
Relays Coordinates:
124.322, 67.5342
114.213, 93.7529
Evaluation Time: 1.09746 seconds
Resulting Fitness: 0.194444
-------------
Particle: 2:
Relays Coordinates:
209.614, 129.387
81.5166, 59.8542
Evaluation Time: 1.24011 seconds
Resulting Fitness: 0.302778
-------------
Particle: 3:
Relays Coordinates:
249.428, 111.528
118.242, 75.7674
Evaluation Time: 1.29746 seconds
Resulting Fitness: 0.327778
New local best!
-------------
Particle: 4:
Relays Coordinates:
244.114, 96.0336
95.401, 73.6948
Evaluation Time: 1.28628 seconds
Resulting Fitness: 0.291667
-------------
Particle: 5:
Relays Coordinates:
221.062, 151.685
134.513, 71.7882
Evaluation Time: 1.30133 seconds
Resulting Fitness: 0.277778
-------------
Particle: 6:
Relays Coordinates:
226.144, 138.506
99.8239, 52.2208
Evaluation Time: 1.31941 seconds
Resulting Fitness: 0.286111
-------------
Particle: 7:
Relays Coordinates:
218.226, 107.055
85.984, 48.2536
Evaluation Time: 1.27023 seconds
Resulting Fitness: 0.302778
-------------
Particle: 8:
Relays Coordinates:
259.256, 104.797
127.914, 65.9068
Evaluation Time: 1.30674 seconds
Resulting Fitness: 0.333333
New local best!
-------------
Particle: 9:
Relays Coordinates:
203.38, 171.056
86.492, 93.949
Evaluation Time: 1.45831 seconds
Resulting Fitness: 0.305556
-------------
Particle: 10:
Relays Coordinates:
236.796, 95.048
100.524, 62.7172
Evaluation Time: 1.25913 seconds
Resulting Fitness: 0.294444
-------------
Particle: 11:
Relays Coordinates:
240.255, 87.3197
98.6105, 60.3433
Evaluation Time: 1.25451 seconds
Resulting Fitness: 0.283333
-------------
Particle: 12:
Relays Coordinates:
254.556, 125.049
119.158, 64.055
Evaluation Time: 1.31239 seconds
Resulting Fitness: 0.352778
New local best!
-------------
Particle: 13:
Relays Coordinates:
245.116, 89.6973
116.5, 81.421
Evaluation Time: 1.26426 seconds
Resulting Fitness: 0.280556
-------------
Particle: 14:
Relays Coordinates:
213.611, 144.595
112.382, 90.051
Evaluation Time: 1.30033 seconds
Resulting Fitness: 0.272222
-------------
Particle: 15:
Relays Coordinates:
228.041, 128.782
99.18, 72.3212
Evaluation Time: 1.27987 seconds
Resulting Fitness: 0.283333
-------------
Particle: 16:
Relays Coordinates:
245.758, 108.951
110.447, 53.0859
Evaluation Time: 1.29614 seconds
Resulting Fitness: 0.330556
New local best!
-------------
Particle: 17:
Relays Coordinates:
224.824, 147.573
103.113, 71.2805
Evaluation Time: 1.31765 seconds
Resulting Fitness: 0.288889
-------------
Particle: 18:
Relays Coordinates:
268.918, 131.982
123.929, 77.9292
Evaluation Time: 1.35897 seconds
Resulting Fitness: 0.288889
-------------
Particle: 19:
Relays Coordinates:
257.299, 117.725
109.251, 83.4809
Evaluation Time: 1.29453 seconds
Resulting Fitness: 0.322222
-------------
Particle: 20:
Relays Coordinates:
244.818, 132.301
117.853, 77.4532
Evaluation Time: 1.31354 seconds
Resulting Fitness: 0.294444
Current global best fitness: 0.361111
Current global best relays: 255.254, 115.439
112.702, 66.9125
Particle 1 new velocities: 290.408, 171.684
202.013, 153.894
Particle 2 new velocities: 22.1488, 78.6005
35.9412, 35.9513
Particle 3 new velocities: 55.1315, 22.9508
41.4403, 14.5213
Particle 4 new velocities: 116.553, 107.172
47.4374, 47.071
Particle 5 new velocities: -22.1309, 16.1967
-78.6589, -4.77918
Particle 6 new velocities: 46.565, 40.0437
13.9428, 47.676
Particle 7 new velocities: 100.086, 83.2863
47.9076, 33.7177
Particle 8 new velocities: 16.8755, 18.3833
2.51361, -4.5129
Particle 9 new velocities: 54.2782, 9.5349
17.7745, 1.61039
Particle 10 new velocities: 14.364, 45.452
-12.4842, 23.9311
Particle 11 new velocities: 63.0739, 68.7536
29.1311, 32.5209
Particle 12 new velocities: 63.2002, 53.9371
6.67842, 20.7156
Particle 13 new velocities: 51.2607, 46.6446
-5.08833, 37.6511
Particle 14 new velocities: 114.233, 55.343
33.8732, 26.2592
Particle 15 new velocities: 13.6819, 34.8479
-12.4627, 9.12675
Particle 16 new velocities: 41.56, 8.23087
10.863, 1.7946
Particle 17 new velocities: 33.1264, -24.7427
-37.5745, 9.7079
Particle 18 new velocities: 32.4509, 37.7704
11.4574, 10.6164
Particle 19 new velocities: 21.265, 7.53784
12.6993, -6.36047
Particle 20 new velocities: 87.4567, 55.0862
-14.1687, 9.24856
-- ITERATION 16 --
-------------
Particle: 1:
Relays Coordinates:
144.607, 83.4102
110.261, 86.3492
Evaluation Time: 1.1497 seconds
Resulting Fitness: 0.208333
-------------
Particle: 2:
Relays Coordinates:
208.587, 187.189
105.712, 86.225
Evaluation Time: 1.31081 seconds
Resulting Fitness: 0.288889
-------------
Particle: 3:
Relays Coordinates:
246.693, 108.928
129.343, 73.1339
Evaluation Time: 1.32122 seconds
Resulting Fitness: 0.313889
-------------
Particle: 4:
Relays Coordinates:
236.633, 133.323
93.7163, 79.2344
Evaluation Time: 1.27152 seconds
Resulting Fitness: 0.272222
-------------
Particle: 5:
Relays Coordinates:
161.134, 135.984
45.2417, 54.2773
Evaluation Time: 1.37424 seconds
Resulting Fitness: 0.263889
-------------
Particle: 6:
Relays Coordinates:
220.894, 144.625
92.1511, 80.9163
Evaluation Time: 1.28048 seconds
Resulting Fitness: 0.3
-------------
Particle: 7:
Relays Coordinates:
208.845, 124.883
87.8463, 53.7814
Evaluation Time: 1.25265 seconds
Resulting Fitness: 0.297222
-------------
Particle: 8:
Relays Coordinates:
248.518, 110.863
117.385, 55.2545
Evaluation Time: 1.28631 seconds
Resulting Fitness: 0.347222
New local best!
-------------
Particle: 9:
Relays Coordinates:
208.704, 146.278
84.4559, 77.4031
Evaluation Time: 1.27461 seconds
Resulting Fitness: 0.316667
New local best!
-------------
Particle: 10:
Relays Coordinates:
226.044, 126.45
79.2357, 77.9834
Evaluation Time: 1.34173 seconds
Resulting Fitness: 0.286111
-------------
Particle: 11:
Relays Coordinates:
245.697, 126.419
103.471, 75.2201
Evaluation Time: 1.25068 seconds
Resulting Fitness: 0.288889
-------------
Particle: 12:
Relays Coordinates:
208.48, 117.433
82.5613, 55.618
Evaluation Time: 1.25383 seconds
Resulting Fitness: 0.291667
-------------
Particle: 13:
Relays Coordinates:
240.065, 110.437
90.2433, 96.4484
Evaluation Time: 1.30886 seconds
Resulting Fitness: 0.3
-------------
Particle: 14:
Relays Coordinates:
238.998, 145.755
106.62, 84.7902
Evaluation Time: 1.37122 seconds
Resulting Fitness: 0.305556
-------------
Particle: 15:
Relays Coordinates:
195.795, 132.54
70.2411, 65.9729
Evaluation Time: 1.25443 seconds
Resulting Fitness: 0.283333
-------------
Particle: 16:
Relays Coordinates:
232.728, 94.9172
98.2611, 44.4532
Evaluation Time: 1.24982 seconds
Resulting Fitness: 0.286111
-------------
Particle: 17:
Relays Coordinates:
188.046, 89.5431
47.7778, 59.0405
Evaluation Time: 1.19741 seconds
Resulting Fitness: 0.233333
-------------
Particle: 18:
Relays Coordinates:
244.109, 137.499
109.663, 71.7219
Evaluation Time: 1.32283 seconds
Resulting Fitness: 0.313889
-------------
Particle: 19:
Relays Coordinates:
250.708, 112.737
109.755, 69.4084
Evaluation Time: 1.34599 seconds
Resulting Fitness: 0.344444
-------------
Particle: 20:
Relays Coordinates:
196.205, 110.65
61.2247, 51.1965
Evaluation Time: 1.22189 seconds
Resulting Fitness: 0.230556
Current global best fitness: 0.361111
Current global best relays: 255.254, 115.439
112.702, 66.9125
Particle 1 new velocities: 294.829, 152.446
303.078, 220.73
Particle 2 new velocities: 30.608, -73.2837
29.8888, 16.895
Particle 3 new velocities: 53.1175, 27.7953
11.9459, 12.1046
Particle 4 new velocities: 77.8363, 69.8036
43.8169, 32.9591
Particle 5 new velocities: 72.2377, 10.5465
11.7268, 9.87749
Particle 6 new velocities: 24.5702, 22.4017
11.0247, 21.4524
Particle 7 new velocities: 91.7757, 64.6785
66.9511, 47.7859
Particle 8 new velocities: 22.2286, 14.8211
0.389644, -0.857088
Particle 9 new velocities: 82.0074, -14.9684
42.9082, -3.37467
Particle 10 new velocities: 12.4276, 12.9718
25.4482, 1.53647
Particle 11 new velocities: 66.0013, 44.507
40.9133, 29.3791
Particle 12 new velocities: 169.291, 46.5629
72.997, 24.2847
Particle 13 new velocities: 27.8823, 24.0136
1.43385, -13.4992
Particle 14 new velocities: 89.2961, 38.649
19.1583, -1.20478
Particle 15 new velocities: 59.9736, 25.1494
53.5648, 22.2594
Particle 16 new velocities: 60.5816, 25.7819
39.9242, 27.7804
Particle 17 new velocities: 88.1532, 12.02
6.70611, 39.1225
Particle 18 new velocities: 15.3834, 19.8965
12.1576, 15.2819
Particle 19 new velocities: 23.4813, 8.94085
18.6239, -12.1337
Particle 20 new velocities: 129.188, 81.5671
46.0988, 37.358
-- ITERATION 17 --
-------------
Particle: 1:
Relays Coordinates:
124.11, 66.6128
116.739, 86.7282
Evaluation Time: 1.07037 seconds
Resulting Fitness: 0.191667
-------------
Particle: 2:
Relays Coordinates:
215.275, 102.514
122.041, 92.808
Evaluation Time: 1.24844 seconds
Resulting Fitness: 0.269444
-------------
Particle: 3:
Relays Coordinates:
269.83, 123.051
127.16, 76.7147
Evaluation Time: 1.34482 seconds
Resulting Fitness: 0.316667
-------------
Particle: 4:
Relays Coordinates:
229.248, 148.08
100.262, 81.7891
Evaluation Time: 1.3287 seconds
Resulting Fitness: 0.283333
-------------
Particle: 5:
Relays Coordinates:
170.128, 106.821
41.53, 46.7689
Evaluation Time: 1.19472 seconds
Resulting Fitness: 0.238889
-------------
Particle: 6:
Relays Coordinates:
220.918, 150.324
92.8582, 92.1319
Evaluation Time: 1.35937 seconds
Resulting Fitness: 0.3
-------------
Particle: 7:
Relays Coordinates:
243.502, 153.545
125.386, 82.2695
Evaluation Time: 1.30344 seconds
Resulting Fitness: 0.308333
-------------
Particle: 8:
Relays Coordinates:
243.672, 113.115
105.997, 48.9577
Evaluation Time: 1.28585 seconds
Resulting Fitness: 0.311111
-------------
Particle: 9:
Relays Coordinates:
235.476, 106.361
103.165, 59.963
Evaluation Time: 1.26059 seconds
Resulting Fitness: 0.308333
-------------
Particle: 10:
Relays Coordinates:
238.471, 139.422
104.684, 79.5199
Evaluation Time: 1.28386 seconds
Resulting Fitness: 0.288889
-------------
Particle: 11:
Relays Coordinates:
252.475, 138.45
116.951, 84.7253
Evaluation Time: 1.30551 seconds
Resulting Fitness: 0.277778
-------------
Particle: 12:
Relays Coordinates:
223.07, 96.8377
91.8556, 47.1817
Evaluation Time: 1.2183 seconds
Resulting Fitness: 0.311111
-------------
Particle: 13:
Relays Coordinates:
217.037, 108.905
74.2585, 67.1889
Evaluation Time: 1.22082 seconds
Resulting Fitness: 0.297222
-------------
Particle: 14:
Relays Coordinates:
215.394, 120.987
82.5231, 54.8404
Evaluation Time: 1.29063 seconds
Resulting Fitness: 0.297222
-------------
Particle: 15:
Relays Coordinates:
255.769, 157.69
123.806, 88.2322
Evaluation Time: 1.40817 seconds
Resulting Fitness: 0.302778
-------------
Particle: 16:
Relays Coordinates:
263.978, 108.629
124.367, 65.0103
Evaluation Time: 1.30438 seconds
Resulting Fitness: 0.35
New local best!
-------------
Particle: 17:
Relays Coordinates:
181.214, 66.6355
35.7469, 64.4048
Evaluation Time: 1.16619 seconds
Resulting Fitness: 0.172222
-------------
Particle: 18:
Relays Coordinates:
259.493, 157.396
121.82, 87.0038
Evaluation Time: 1.4171 seconds
Resulting Fitness: 0.305556
-------------
Particle: 19:
Relays Coordinates:
246.77, 109.51
115.541, 51.5472
Evaluation Time: 1.32826 seconds
Resulting Fitness: 0.35
-------------
Particle: 20:
Relays Coordinates:
192.141, 113.503
63.3735, 52.2906
Evaluation Time: 1.23202 seconds
Resulting Fitness: 0.222222
Current global best fitness: 0.361111
Current global best relays: 255.254, 115.439
112.702, 66.9125
Particle 1 new velocities: 330.613, 145.568
302.457, 195.615
Particle 2 new velocities: 59.7667, -31.6954
10.887, 6.28716
Particle 3 new velocities: -7.43895, 1.52232
-8.30702, 6.22442
Particle 4 new velocities: 50.491, 10.5342
19.0641, 23.6352
Particle 5 new velocities: 90.7379, 65.3528
123.717, 44.1879
Particle 6 new velocities: 21.4767, 11.1866
-12.0987, -24.8121
Particle 7 new velocities: 36.1808, 32.8005
6.45021, 35.0059
Particle 8 new velocities: 29.8785, 10.3803
1.60086, 23.7002
Particle 9 new velocities: 49.8716, 8.78361
12.5451, 7.96508
Particle 10 new velocities: 14.38, -36.7539
13.9404, -26.4953
Particle 11 new velocities: 54.1725, 29.6293
27.7427, 17.8548
Particle 12 new velocities: 178.278, 42.6049
105.821, 52.7583
Particle 13 new velocities: 80.7702, 20.1946
69.3992, 6.13605
Particle 14 new velocities: 88.022, 51.9628
31.3717, 46.6433
Particle 15 new velocities: 4.49437, -29.068
23.1827, 4.22398
Particle 16 new velocities: 37.4013, 26.1764
28.0539, 23.533
Particle 17 new velocities: 133.585, 60.0974
28.894, 33.8721
Particle 18 new velocities: -5.28223, 11.0377
-5.57858, -19.6178
Particle 19 new velocities: 24.3733, 15.1451
13.8156, 4.92693
Particle 20 new velocities: 193.123, 84.3755
99.8844, 41.4896
-- ITERATION 18 --
-------------
Particle: 1:
Relays Coordinates:
128.427, 59.926
118.393, 79.7421
Evaluation Time: 1.10572 seconds
Resulting Fitness: 0.186111
-------------
Particle: 2:
Relays Coordinates:
247.538, 63.7372
119.635, 89.1856
Evaluation Time: 1.25214 seconds
Resulting Fitness: 0.261111
-------------
Particle: 3:
Relays Coordinates:
262.391, 124.573
118.853, 82.9391
Evaluation Time: 1.37954 seconds
Resulting Fitness: 0.316667
-------------
Particle: 4:
Relays Coordinates:
251.766, 142.752
107.393, 94.8819
Evaluation Time: 1.33693 seconds
Resulting Fitness: 0.275
-------------
Particle: 5:
Relays Coordinates:
211.301, 139.461
133.85, 73.675
Evaluation Time: 1.26117 seconds
Resulting Fitness: 0.283333
-------------
Particle: 6:
Relays Coordinates:
196.34, 130.824
65.4152, 54.529
Evaluation Time: 1.33305 seconds
Resulting Fitness: 0.255556
-------------
Particle: 7:
Relays Coordinates:
226.543, 150.94
106.787, 94.9931
Evaluation Time: 1.35593 seconds
Resulting Fitness: 0.286111
-------------
Particle: 8:
Relays Coordinates:
221.576, 100.032
87.1546, 58.8529
Evaluation Time: 1.27403 seconds
Resulting Fitness: 0.325
-------------
Particle: 9:
Relays Coordinates:
231.131, 93.2671
93.7251, 55.0218
Evaluation Time: 1.2912 seconds
Resulting Fitness: 0.3
-------------
Particle: 10:
Relays Coordinates:
252.851, 102.668
118.624, 53.0246
Evaluation Time: 1.31763 seconds
Resulting Fitness: 0.358333
New local best!
-------------
Particle: 11:
Relays Coordinates:
248.385, 136.145
117.202, 83.0899
Evaluation Time: 1.35817 seconds
Resulting Fitness: 0.283333
-------------
Particle: 12:
Relays Coordinates:
263.324, 91.4883
129.696, 65.5707
Evaluation Time: 1.31363 seconds
Resulting Fitness: 0.294444
-------------
Particle: 13:
Relays Coordinates:
268.027, 116.19
129.292, 65.9925
Evaluation Time: 1.34735 seconds
Resulting Fitness: 0.333333
New local best!
-------------
Particle: 14:
Relays Coordinates:
221.19, 126.081
83.0293, 73.9816
Evaluation Time: 1.35152 seconds
Resulting Fitness: 0.3
-------------
Particle: 15:
Relays Coordinates:
210.813, 104.183
119.061, 74.8895
Evaluation Time: 1.24161 seconds
Resulting Fitness: 0.272222
-------------
Particle: 16:
Relays Coordinates:
244.118, 109.192
123.461, 71.7201
Evaluation Time: 1.31039 seconds
Resulting Fitness: 0.308333
-------------
Particle: 17:
Relays Coordinates:
185.885, 74.8345
38.1698, 58.0315
Evaluation Time: 1.18826 seconds
Resulting Fitness: 0.205556
-------------
Particle: 18:
Relays Coordinates:
228.789, 151.59
104.618, 60.6474
Evaluation Time: 1.32583 seconds
Resulting Fitness: 0.305556
-------------
Particle: 19:
Relays Coordinates:
244.029, 112.19
116.421, 50.8267
Evaluation Time: 1.64225 seconds
Resulting Fitness: 0.338889
-------------
Particle: 20:
Relays Coordinates:
227.494, 116.845
96.4021, 55.3762
Evaluation Time: 1.25673 seconds
Resulting Fitness: 0.266667
Current global best fitness: 0.361111
Current global best relays: 255.254, 115.439
112.702, 66.9125
Particle 1 new velocities: 360.907, 179.62
286.643, 307.708
Particle 2 new velocities: -8.74646, 108.299
1.75772, -0.830546
Particle 3 new velocities: -23.2087, -5.32722
-12.5277, -15.6856
Particle 4 new velocities: 4.45857, -9.02628
-17.732, -16.2661
Particle 5 new velocities: 108.624, 48.7444
51.4089, 19.8214
Particle 6 new velocities: 67.0328, 4.22149
57.0876, -0.933871
Particle 7 new velocities: 30.1736, -36.0389
2.93319, 3.23147
Particle 8 new velocities: 43.012, 33.3079
65.4793, 17.8257
Particle 9 new velocities: 67.5039, 75.8883
27.4877, 44.1446
Particle 10 new velocities: 11.6302, -26.8571
6.60731, -3.37242
Particle 11 new velocities: 47.9098, 8.4549
17.685, 1.3162
Particle 12 new velocities: 130.339, 88.2475
79.0675, 40.5983
Particle 13 new velocities: 52.4142, 15.8044
52.0892, 5.54369
Particle 14 new velocities: 103.553, 36.1589
60.8354, 35.6945
Particle 15 new velocities: 37.203, 15.8262
-9.87333, 3.07818
Particle 16 new velocities: 56.5787, 27.4374
22.0103, 5.80231
Particle 17 new velocities: 167.002, 106.975
43.2081, 41.2377
Particle 18 new velocities: 12.2106, -15.4074
2.25925, -7.38795
Particle 19 new velocities: 26.4639, 18.9762
3.09245, 46.9689
Particle 20 new velocities: 143.734, 110.669
91.0944, 73.6268
-- ITERATION 19 --
-------------
Particle: 1:
Relays Coordinates:
138.203, 67.6548
114.394, 109.427
Evaluation Time: 1.13297 seconds
Resulting Fitness: 0.197222
-------------
Particle: 2:
Relays Coordinates:
238.791, 172.036
121.393, 88.3551
Evaluation Time: 1.36715 seconds
Resulting Fitness: 0.286111
-------------
Particle: 3:
Relays Coordinates:
239.182, 119.246
106.325, 67.2535
Evaluation Time: 1.28911 seconds
Resulting Fitness: 0.305556
-------------
Particle: 4:
Relays Coordinates:
207.542, 108.318
72.6256, 63.6787
Evaluation Time: 1.25519 seconds
Resulting Fitness: 0.277778
-------------
Particle: 5:
Relays Coordinates:
233.226, 137.202
135.054, 68.1589
Evaluation Time: 1.30496 seconds
Resulting Fitness: 0.294444
-------------
Particle: 6:
Relays Coordinates:
237.035, 121.541
110.253, 48.2356
Evaluation Time: 1.32007 seconds
Resulting Fitness: 0.302778
New local best!
-------------
Particle: 7:
Relays Coordinates:
256.717, 114.901
109.72, 98.2245
Evaluation Time: 1.32765 seconds
Resulting Fitness: 0.291667
-------------
Particle: 8:
Relays Coordinates:
238.129, 120.005
137.371, 69.0108
Evaluation Time: 1.30883 seconds
Resulting Fitness: 0.297222
-------------
Particle: 9:
Relays Coordinates:
241.895, 137.016
98.1824, 80.3247
Evaluation Time: 1.3081 seconds
Resulting Fitness: 0.283333
-------------
Particle: 10:
Relays Coordinates:
264.482, 75.8108
125.232, 49.6522
Evaluation Time: 1.2069 seconds
Resulting Fitness: 0.294444
-------------
Particle: 11:
Relays Coordinates:
239.999, 117.126
109.258, 68.3689
Evaluation Time: 1.29611 seconds
Resulting Fitness: 0.316667
-------------
Particle: 12:
Relays Coordinates:
258.282, 117.925
136.97, 69.6574
Evaluation Time: 1.33601 seconds
Resulting Fitness: 0.344444
-------------
Particle: 13:
Relays Coordinates:
233.602, 96.2236
132.227, 52.1499
Evaluation Time: 1.27104 seconds
Resulting Fitness: 0.283333
-------------
Particle: 14:
Relays Coordinates:
263.042, 131.414
116.53, 88.8377
Evaluation Time: 1.3274 seconds
Resulting Fitness: 0.280556
-------------
Particle: 15:
Relays Coordinates:
248.016, 120.01
109.187, 77.9677
Evaluation Time: 1.29156 seconds
Resulting Fitness: 0.325
New local best!
-------------
Particle: 16:
Relays Coordinates:
270.627, 122.967
130.924, 69.7701
Evaluation Time: 1.34953 seconds
Resulting Fitness: 0.311111
-------------
Particle: 17:
Relays Coordinates:
187.539, 96.6209
43.2476, 52.7557
Evaluation Time: 1.18728 seconds
Resulting Fitness: 0.227778
-------------
Particle: 18:
Relays Coordinates:
216.9, 122.564
96.1893, 47.9335
Evaluation Time: 1.26934 seconds
Resulting Fitness: 0.283333
-------------
Particle: 19:
Relays Coordinates:
270.493, 131.166
119.514, 97.7955
Evaluation Time: 1.37418 seconds
Resulting Fitness: 0.283333
-------------
Particle: 20:
Relays Coordinates:
243.563, 149.272
123.016, 84.6389
Evaluation Time: 1.37104 seconds
Resulting Fitness: 0.302778
Current global best fitness: 0.361111
Current global best relays: 255.254, 115.439
112.702, 66.9125
Particle 1 new velocities: 367.617, 168.208
281.375, 324.886
Particle 2 new velocities: -35.1592, 49.7901
-46.5169, -27.6414
Particle 3 new velocities: -8.19839, -5.15851
2.31774, -4.53922
Particle 4 new velocities: 49.6927, 38.9489
9.25152, 13.0314
Particle 5 new velocities: 58.0784, 15.8371
31.8608, 15.0221
Particle 6 new velocities: 69.2963, 0.255283
47.5423, 9.2905
Particle 7 new velocities: 8.6559, -10.0971
-6.33196, -22.8839
Particle 8 new velocities: 51.1656, 16.1953
6.01088, 2.92448
Particle 9 new velocities: 46.5072, 50.2151
37.1502, 27.062
Particle 10 new velocities: -6.07363, 21.3102
2.2144, 1.74154
Particle 11 new velocities: 60.4026, 5.004
20.2833, 12.3683
Particle 12 new velocities: 98.1025, 73.527
33.7553, 21.7904
Particle 13 new velocities: 103.11, 32.7204
20.6056, 28.443
Particle 14 new velocities: 14.4847, 48.3733
1.51518, 11.9979
Particle 15 new velocities: 38.4853, 7.65665
-3.8411, -6.41346
Particle 16 new velocities: 32.1878, 5.56464
-2.67117, -0.679007
Particle 17 new velocities: 187.492, 138.593
101.514, 66.8451
Particle 18 new velocities: 26.6358, 2.34434
4.09485, 26.4465
Particle 19 new velocities: -9.84596, -7.9509
-6.58749, 18.6202
Particle 20 new velocities: 74.005, 45.0848
-1.73252, 38.6408
-- ITERATION 20 --
-------------
Particle: 1:
Relays Coordinates:
127.093, 59.9532
100.599, 110.397
Evaluation Time: 1.20053 seconds
Resulting Fitness: 0.2
-------------
Particle: 2:
Relays Coordinates:
148.448, 161.711
54.5845, 44.2602
Evaluation Time: 1.26759 seconds
Resulting Fitness: 0.266667
-------------
Particle: 3:
Relays Coordinates:
230.984, 114.087
108.643, 62.7143
Evaluation Time: 1.24805 seconds
Resulting Fitness: 0.302778
-------------
Particle: 4:
Relays Coordinates:
208.36, 119.286
66.3205, 62.1352
Evaluation Time: 1.2656 seconds
Resulting Fitness: 0.283333
-------------
Particle: 5:
Relays Coordinates:
235.956, 123.961
135.201, 67.3766
Evaluation Time: 1.35724 seconds
Resulting Fitness: 0.269444
-------------
Particle: 6:
Relays Coordinates:
275.698, 109.617
142.015, 51.7735
Evaluation Time: 1.32826 seconds
Resulting Fitness: 0.336111
New local best!
-------------
Particle: 7:
Relays Coordinates:
238.836, 94.3234
93.0496, 67.8065
Evaluation Time: 1.24613 seconds
Resulting Fitness: 0.288889
-------------
Particle: 8:
Relays Coordinates:
260.365, 122.581
129.043, 64.7417
Evaluation Time: 1.3779 seconds
Resulting Fitness: 0.333333
-------------
Particle: 9:
Relays Coordinates:
233.605, 151.657
109.619, 86.9832
Evaluation Time: 1.3175 seconds
Resulting Fitness: 0.288889
-------------
Particle: 10:
Relays Coordinates:
258.408, 97.1209
127.446, 51.3937
Evaluation Time: 1.29059 seconds
Resulting Fitness: 0.341667
-------------
Particle: 11:
Relays Coordinates:
243.325, 98.9249
104.929, 65.3971
Evaluation Time: 1.26062 seconds
Resulting Fitness: 0.3
-------------
Particle: 12:
Relays Coordinates:
259.804, 139.568
124.458, 66.6655
Evaluation Time: 1.37015 seconds
Resulting Fitness: 0.308333
-------------
Particle: 13:
Relays Coordinates:
272.737, 104.445
123.794, 65.2802
Evaluation Time: 1.31644 seconds
Resulting Fitness: 0.347222
New local best!
-------------
Particle: 14:
Relays Coordinates:
224.797, 145.628
95.6169, 81.6768
Evaluation Time: 1.32025 seconds
Resulting Fitness: 0.3
-------------
Particle: 15:
Relays Coordinates:
232.066, 103.41
85.3305, 57.9589
Evaluation Time: 1.28147 seconds
Resulting Fitness: 0.311111
-------------
Particle: 16:
Relays Coordinates:
245.28, 104.111
103.885, 55.9638
Evaluation Time: 1.28361 seconds
Resulting Fitness: 0.311111
-------------
Particle: 17:
Relays Coordinates:
221.452, 138.892
85.4806, 70.6231
Evaluation Time: 1.29501 seconds
Resulting Fitness: 0.3
-------------
Particle: 18:
Relays Coordinates:
243.536, 124.909
100.284, 74.38
Evaluation Time: 1.30257 seconds
Resulting Fitness: 0.286111
-------------
Particle: 19:
Relays Coordinates:
234.582, 110.893
101.634, 104.774
Evaluation Time: 1.31533 seconds
Resulting Fitness: 0.297222
-------------
Particle: 20:
Relays Coordinates:
231.507, 141.686
88.416, 89.8709
Evaluation Time: 1.32172 seconds
Resulting Fitness: 0.291667
Final Evaluation Time: 534.103 seconds
Final global best fitness: 0.361111
Final global best relays:
255.254, 115.439
112.702, 66.9125
