PSO EXECUTION
============================
Seed: 806219
Particles: 20
Relays: 2
Iterations: 20
Backend: Simulation
Network Configuration: 2
Area: 500 x 500
Sink: 0, 0
Simulated Relay range: 155
w: 0.8
c1: 1.7
c2: 1.3

Relay Nodes Positions: 
PARTICLE 1: 
34.687, 31.4031
142.778, 19.9335
PARTICLE 2: 
228.091, 31.3254
110.768, 64.0386
PARTICLE 3: 
144.539, 13.8482
186.556, 138.788
PARTICLE 4: 
72.1602, 65.0549
83.3083, 164.515
PARTICLE 5: 
148.339, 155.493
101.705, 24.1013
PARTICLE 6: 
120.391, 60.7518
244.646, 105.508
PARTICLE 7: 
215.138, 120.428
100.389, 17.9161
PARTICLE 8: 
96.859, 44.3653
197.608, 149.926
PARTICLE 9: 
60.2258, 26.8893
135.497, 62.9379
PARTICLE 10: 
25.1523, 36.0127
107.701, 135.025
PARTICLE 11: 
95.9478, 78.1847
120.31, 96.2375
PARTICLE 12: 
158.116, 160.375
59.4271, 142.531
PARTICLE 13: 
128.529, 125.742
112.157, 7.02856
PARTICLE 14: 
162.56, 49.6574
85.3364, 72.1025
PARTICLE 15: 
58.736, 55.9481
172.144, 121.406
PARTICLE 16: 
48.1329, 146.895
15.9013, 93.7102
PARTICLE 17: 
220.369, 80.9955
129.958, 53.6324
PARTICLE 18: 
12.3222, 138.354
114.159, 0.0646007
PARTICLE 19: 
84.3176, 14.6897
214.866, 34.9713
PARTICLE 20: 
131.475, 12.5312
240.282, 119.328
Nodes Positions: 
315.092, 18.8337
175.822, 232.446
372.161, 423.127
243.829, 235.964
218.368, 434.991
303.445, 102.108
436.464, 130.245
258.448, 143.075
138.117, 1.37031
420.339, 270.84
44.3349, 402.306
15.1498, 28.0566
110.75, 284.114
26.1225, 380.505
65.2394, 80.3055
480.206, 370.582
80.3382, 449.101
429.056, 480.646
162.859, 95.9315
72.5476, 387.369
498.965, 217.886
233.224, 112.825
326.849, 341.503
255.587, 313.147
104.395, 327.438
359.385, 72.7651
375.718, 280.236
273.078, 292.301
350.173, 353.601
132.001, 153.073
412.733, 56.592
149.354, 64.6122
383.613, 451.042
454.476, 458.763
280.833, 409.112
153.474, 166.197
193.874, 191.256
334.085, 247.469
208.848, 431.883
347.277, 359.473
93.74, 210.298
19.0965, 472.23
168.109, 167.68
123.489, 16.2121
465.503, 34.5297
393.877, 45.8529
490.505, 179.805
54.9124, 265.533
407.777, 194.806
38.991, 322.219
86.8583, 257.981
449.88, 205.224
283.373, 345.534
299.996, 392.546
234.744, 122.148
7.41129, 304.058
467.263, 87.1939
322.923, 485.216
205.931, 141.38
188.525, 493.627
All particles start with velocity zero
-- ITERATION 0 --
-------------
Particle: 1:
Relays Coordinates:
34.687, 31.4031
142.778, 19.9335
Evaluation Time: 1.08473 seconds
Resulting Fitness: 0.102778
New local best!
New global best!
-------------
Particle: 2:
Relays Coordinates:
228.091, 31.3254
110.768, 64.0386
Evaluation Time: 1.15961 seconds
Resulting Fitness: 0.241667
New local best!
New global best!
-------------
Particle: 3:
Relays Coordinates:
144.539, 13.8482
186.556, 138.788
Evaluation Time: 1.31731 seconds
Resulting Fitness: 0.277778
New local best!
New global best!
-------------
Particle: 4:
Relays Coordinates:
72.1602, 65.0549
83.3083, 164.515
Evaluation Time: 1.27882 seconds
Resulting Fitness: 0.266667
New local best!
-------------
Particle: 5:
Relays Coordinates:
148.339, 155.493
101.705, 24.1013
Evaluation Time: 1.27181 seconds
Resulting Fitness: 0.283333
New local best!
New global best!
-------------
Particle: 6:
Relays Coordinates:
120.391, 60.7518
244.646, 105.508
Evaluation Time: 1.24341 seconds
Resulting Fitness: 0.258333
New local best!
-------------
Particle: 7:
Relays Coordinates:
215.138, 120.428
100.389, 17.9161
Evaluation Time: 1.35135 seconds
Resulting Fitness: 0.247222
New local best!
-------------
Particle: 8:
Relays Coordinates:
96.859, 44.3653
197.608, 149.926
Evaluation Time: 1.24913 seconds
Resulting Fitness: 0.261111
New local best!
-------------
Particle: 9:
Relays Coordinates:
60.2258, 26.8893
135.497, 62.9379
Evaluation Time: 1.14772 seconds
Resulting Fitness: 0.188889
New local best!
-------------
Particle: 10:
Relays Coordinates:
25.1523, 36.0127
107.701, 135.025
Evaluation Time: 1.23202 seconds
Resulting Fitness: 0.25
New local best!
-------------
Particle: 11:
Relays Coordinates:
95.9478, 78.1847
120.31, 96.2375
Evaluation Time: 1.1472 seconds
Resulting Fitness: 0.216667
New local best!
-------------
Particle: 12:
Relays Coordinates:
158.116, 160.375
59.4271, 142.531
Evaluation Time: 1.33086 seconds
Resulting Fitness: 0.291667
New local best!
New global best!
-------------
Particle: 13:
Relays Coordinates:
128.529, 125.742
112.157, 7.02856
Evaluation Time: 1.20556 seconds
Resulting Fitness: 0.247222
New local best!
-------------
Particle: 14:
Relays Coordinates:
162.56, 49.6574
85.3364, 72.1025
Evaluation Time: 1.12863 seconds
Resulting Fitness: 0.186111
New local best!
-------------
Particle: 15:
Relays Coordinates:
58.736, 55.9481
172.144, 121.406
Evaluation Time: 1.21841 seconds
Resulting Fitness: 0.266667
New local best!
-------------
Particle: 16:
Relays Coordinates:
48.1329, 146.895
15.9013, 93.7102
Evaluation Time: 1.14194 seconds
Resulting Fitness: 0.161111
New local best!
-------------
Particle: 17:
Relays Coordinates:
220.369, 80.9955
129.958, 53.6324
Evaluation Time: 1.16174 seconds
Resulting Fitness: 0.236111
New local best!
-------------
Particle: 18:
Relays Coordinates:
12.3222, 138.354
114.159, 0.0646007
Evaluation Time: 1.07137 seconds
Resulting Fitness: 0.130556
New local best!
-------------
Particle: 19:
Relays Coordinates:
84.3176, 14.6897
214.866, 34.9713
Evaluation Time: 1.15125 seconds
Resulting Fitness: 0.2
New local best!
-------------
Particle: 20:
Relays Coordinates:
131.475, 12.5312
240.282, 119.328
Evaluation Time: 1.27113 seconds
Resulting Fitness: 0.205556
New local best!
Current global best fitness: 0.291667
Current global best relays: 158.116, 160.375
59.4271, 142.531
Particle 1 new velocities: 111.412, 144.873
-54.6331, 9.77453
Particle 2 new velocities: -6.5297, 61.258
-9.64569, 15.3346
Particle 3 new velocities: 9.91036, 71.1486
-80.3928, 2.46691
Particle 4 new velocities: 27.944, 8.79843
-0.394001, -4.73527
Particle 5 new velocities: 2.40304, 2.25792
-2.77069, 0.761488
Particle 6 new velocities: 16.3552, 121.562
-181.135, 19.9049
Particle 7 new velocities: -54.3826, 26.4408
-31.5653, 36.2045
Particle 8 new velocities: 68.9332, 28.2548
-83.8236, -7.76254
Particle 9 new velocities: 71.9106, 66.6502
-69.838, 45.3784
Particle 10 new velocities: 60.345, 61.4524
-7.26189, 0.891013
Particle 11 new velocities: 51.6929, 96.6811
-23.108, 13.8719
Particle 12 new velocities: 0, 0
0, 0
Particle 13 new velocities: 36.9208, 14.3522
-8.05489, 109.301
Particle 14 new velocities: -3.09447, 41.0687
-23.2474, 46.3692
Particle 15 new velocities: 105.992, 40.9831
-34.6847, 21.584
Particle 16 new velocities: 90.6755, 5.54052
30.2327, 42.0335
Particle 17 new velocities: -33.6298, 99.6251
-1.9281, 77.7447
Particle 18 new velocities: 67.8189, 20.0372
-32.9682, 149.185
Particle 19 new velocities: 36.5868, 37.9413
-12.4313, 51.17
Particle 20 new velocities: 32.0391, 14.5501
-132.552, 22.2457
-- ITERATION 1 --
-------------
Particle: 1:
Relays Coordinates:
131.489, 158.649
79.3301, 26.7372
Evaluation Time: 1.25853 seconds
Resulting Fitness: 0.272222
New local best!
-------------
Particle: 2:
Relays Coordinates:
221.562, 92.5834
101.123, 79.3732
Evaluation Time: 1.23671 seconds
Resulting Fitness: 0.255556
New local best!
-------------
Particle: 3:
Relays Coordinates:
125.104, 68.8474
85.9922, 114.416
Evaluation Time: 1.15216 seconds
Resulting Fitness: 0.188889
-------------
Particle: 4:
Relays Coordinates:
100.104, 73.8534
82.9143, 159.78
Evaluation Time: 1.20388 seconds
Resulting Fitness: 0.255556
-------------
Particle: 5:
Relays Coordinates:
150.742, 157.751
98.9342, 24.8628
Evaluation Time: 1.2363 seconds
Resulting Fitness: 0.286111
New local best!
-------------
Particle: 6:
Relays Coordinates:
136.746, 182.314
63.5106, 125.413
Evaluation Time: 1.25012 seconds
Resulting Fitness: 0.297222
New local best!
New global best!
-------------
Particle: 7:
Relays Coordinates:
160.756, 146.869
68.8232, 54.1206
Evaluation Time: 1.20816 seconds
Resulting Fitness: 0.283333
New local best!
-------------
Particle: 8:
Relays Coordinates:
134.292, 58.8223
92.1656, 115.152
Evaluation Time: 1.13949 seconds
Resulting Fitness: 0.202778
-------------
Particle: 9:
Relays Coordinates:
132.136, 93.5394
65.6585, 108.316
Evaluation Time: 1.15413 seconds
Resulting Fitness: 0.222222
New local best!
-------------
Particle: 10:
Relays Coordinates:
85.4973, 97.4651
100.439, 135.916
Evaluation Time: 1.16401 seconds
Resulting Fitness: 0.219444
-------------
Particle: 11:
Relays Coordinates:
147.641, 174.866
97.2019, 110.109
Evaluation Time: 1.27473 seconds
Resulting Fitness: 0.294444
New local best!
-------------
Particle: 12:
Relays Coordinates:
158.116, 160.375
59.4271, 142.531
Evaluation Time: 1.28591 seconds
Resulting Fitness: 0.291667
-------------
Particle: 13:
Relays Coordinates:
148.905, 126.085
93.6922, 104.697
Evaluation Time: 1.1905 seconds
Resulting Fitness: 0.247222
-------------
Particle: 14:
Relays Coordinates:
159.466, 90.7261
62.089, 118.472
Evaluation Time: 1.21022 seconds
Resulting Fitness: 0.244444
New local best!
-------------
Particle: 15:
Relays Coordinates:
133.43, 78.5143
111.342, 115.822
Evaluation Time: 1.17876 seconds
Resulting Fitness: 0.197222
-------------
Particle: 16:
Relays Coordinates:
138.808, 152.435
46.134, 135.744
Evaluation Time: 1.20655 seconds
Resulting Fitness: 0.244444
New local best!
-------------
Particle: 17:
Relays Coordinates:
151.259, 146.303
103.704, 106.415
Evaluation Time: 1.19898 seconds
Resulting Fitness: 0.255556
New local best!
-------------
Particle: 18:
Relays Coordinates:
72.127, 142.552
73.0713, 134.325
Evaluation Time: 1.13848 seconds
Resulting Fitness: 0.180556
New local best!
-------------
Particle: 19:
Relays Coordinates:
120.904, 52.631
202.434, 86.1413
Evaluation Time: 1.14714 seconds
Resulting Fitness: 0.230556
New local best!
-------------
Particle: 20:
Relays Coordinates:
147.162, 24.3732
96.9572, 127.416
Evaluation Time: 1.23843 seconds
Resulting Fitness: 0.2
Current global best fitness: 0.297222
Current global best relays: 136.746, 182.314
63.5106, 125.413
Particle 1 new velocities: 90.7615, 135.629
-63.2178, 33.031
Particle 2 new velocities: -26.8049, 97.6761
-39.7114, 46.4922
Particle 3 new velocities: 42.169, 143.507
6.57867, 45.219
Particle 4 new velocities: 37.0149, 28.1853
-13.54, -28.5978
Particle 5 new velocities: 1.24217, 24.5988
-42.143, 57.8806
Particle 6 new velocities: 13.0842, 97.2499
-144.908, 15.9239
Particle 7 new velocities: -62.7032, 59.5483
-27.8604, 38.2886
Particle 8 new velocities: 6.42356, 140.719
80.515, -2.23657
Particle 9 new velocities: 59.7202, 129.167
-56.8363, 51.741
Particle 10 new velocities: 46.0967, 3.21312
-39.0875, -6.88948
Particle 11 new velocities: 30.3001, 77.522
-59.145, 23.0483
Particle 12 new velocities: -2.74908, 16.1765
0.477186, -14.4162
Particle 13 new velocities: 1.58632, 24.8518
-37.0396, -1.25854
Particle 14 new velocities: -26.709, 82.973
-17.2841, 37.3753
Particle 15 new velocities: 7.15393, 113.151
-12.0305, 20.1107
Particle 16 new velocities: 71.3908, 5.86945
38.1258, 33.4776
Particle 17 new velocities: -45.3033, 104.695
-29.6718, 71.9185
Particle 18 new velocities: 103.369, 18.3533
-30.7446, 117.639
Particle 19 new velocities: 35.6388, 46.0984
-173.433, 71.7779
Particle 20 new velocities: 11.6308, 197.773
33.3264, 11.6479
-- ITERATION 2 --
-------------
Particle: 1:
Relays Coordinates:
106.302, 140.752
7.70648, 28.587
Evaluation Time: 1.18904 seconds
Resulting Fitness: 0.216667
-------------
Particle: 2:
Relays Coordinates:
194.757, 190.259
61.4112, 125.865
Evaluation Time: 1.30211 seconds
Resulting Fitness: 0.244444
-------------
Particle: 3:
Relays Coordinates:
135.491, 172.007
74.9824, 129.305
Evaluation Time: 1.26256 seconds
Resulting Fitness: 0.297222
New local best!
-------------
Particle: 4:
Relays Coordinates:
137.119, 102.039
69.3743, 131.182
Evaluation Time: 1.17336 seconds
Resulting Fitness: 0.225
-------------
Particle: 5:
Relays Coordinates:
151.984, 182.35
56.7912, 82.7434
Evaluation Time: 1.26064 seconds
Resulting Fitness: 0.277778
-------------
Particle: 6:
Relays Coordinates:
109.226, 203.802
0, 103.035
Evaluation Time: 1.26249 seconds
Resulting Fitness: 0.211111
-------------
Particle: 7:
Relays Coordinates:
98.0526, 206.417
40.9628, 92.4092
Evaluation Time: 1.2615 seconds
Resulting Fitness: 0.258333
-------------
Particle: 8:
Relays Coordinates:
102.581, 145.466
125.884, 82.3154
Evaluation Time: 1.18788 seconds
Resulting Fitness: 0.236111
-------------
Particle: 9:
Relays Coordinates:
139.864, 162.353
6.43142, 116.682
Evaluation Time: 1.23043 seconds
Resulting Fitness: 0.277778
New local best!
-------------
Particle: 10:
Relays Coordinates:
131.594, 100.678
61.3513, 129.027
Evaluation Time: 1.23929 seconds
Resulting Fitness: 0.208333
-------------
Particle: 11:
Relays Coordinates:
144.132, 204.434
30.8261, 107.858
Evaluation Time: 1.31987 seconds
Resulting Fitness: 0.255556
-------------
Particle: 12:
Relays Coordinates:
155.367, 176.551
59.9042, 128.114
Evaluation Time: 1.23429 seconds
Resulting Fitness: 0.291667
-------------
Particle: 13:
Relays Coordinates:
150.491, 150.937
56.6525, 103.438
Evaluation Time: 1.21067 seconds
Resulting Fitness: 0.263889
New local best!
-------------
Particle: 14:
Relays Coordinates:
119.481, 156.329
40.3244, 140.262
Evaluation Time: 1.20085 seconds
Resulting Fitness: 0.255556
New local best!
-------------
Particle: 15:
Relays Coordinates:
126.525, 172.498
89.3806, 122.339
Evaluation Time: 1.21967 seconds
Resulting Fitness: 0.269444
New local best!
-------------
Particle: 16:
Relays Coordinates:
170.261, 128.227
68.2505, 137.069
Evaluation Time: 1.2544 seconds
Resulting Fitness: 0.263889
New local best!
-------------
Particle: 17:
Relays Coordinates:
77.2415, 182.977
53.9694, 130.005
Evaluation Time: 1.19665 seconds
Resulting Fitness: 0.222222
-------------
Particle: 18:
Relays Coordinates:
103.628, 95.013
24.9935, 148.783
Evaluation Time: 1.18194 seconds
Resulting Fitness: 0.194444
New local best!
-------------
Particle: 19:
Relays Coordinates:
140.889, 88.8564
26.1008, 142.127
Evaluation Time: 1.21483 seconds
Resulting Fitness: 0.222222
-------------
Particle: 20:
Relays Coordinates:
128.622, 179.939
105.53, 112.642
Evaluation Time: 1.24662 seconds
Resulting Fitness: 0.280556
New local best!
Current global best fitness: 0.297222
Current global best relays: 136.746, 182.314
63.5106, 125.413
Particle 1 new velocities: 122.936, 173.907
74.8571, 97.1967
Particle 2 new velocities: -55.5041, -39.7903
-23.3902, -32.5227
Particle 3 new velocities: 35.1536, 123.885
-8.98472, 35.3703
Particle 4 new velocities: 6.95779, 35.2953
-9.56255, 15.5751
Particle 5 new velocities: -12.6925, -17.6638
-4.28272, -15.1212
Particle 6 new velocities: 20.616, 49.2152
52.469, 55.0032
Particle 7 new velocities: 60.8036, -1.09901
19.8079, 6.41811
Particle 8 new velocities: 15.5796, 87.4772
101.854, 59.9772
Particle 9 new velocities: 47.5736, 106.025
-2.00231, 41.7142
Particle 10 new velocities: -8.97, -92.259
-22.6985, -6.0617
Particle 11 new velocities: 23.8791, -3.88679
66.0054, 24.0867
Particle 12 new velocities: -24.479, -5.78323
3.89616, -4.98364
Particle 13 new velocities: -4.06074, 48.6799
-22.6817, 18.4115
Particle 14 new velocities: -20.5915, 95.9135
-9.51239, 27.4256
Particle 15 new velocities: 13.5839, 95.6736
-27.7093, 17.9597
Particle 16 new velocities: 14.4432, 43.3649
30.3547, 21.3898
Particle 17 new velocities: 138.225, 38.6097
67.5128, 19.2221
Particle 18 new velocities: 99.523, 126.23
15.199, 64.1226
Particle 19 new velocities: 13.8131, 83.4283
157.767, 39.1685
Particle 20 new velocities: 17.3182, 159.805
22.4665, 14.114
-- ITERATION 3 --
-------------
Particle: 1:
Relays Coordinates:
135.363, 185.803
48.753, 74.274
Evaluation Time: 1.25497 seconds
Resulting Fitness: 0.297222
New local best!
-------------
Particle: 2:
Relays Coordinates:
139.253, 150.469
38.021, 93.3427
Evaluation Time: 1.22141 seconds
Resulting Fitness: 0.25
-------------
Particle: 3:
Relays Coordinates:
138.222, 239.672
53.4581, 133.387
Evaluation Time: 1.32536 seconds
Resulting Fitness: 0.255556
-------------
Particle: 4:
Relays Coordinates:
129.669, 123.601
53.8306, 132.081
Evaluation Time: 1.23663 seconds
Resulting Fitness: 0.233333
-------------
Particle: 5:
Relays Coordinates:
139.291, 164.686
52.5085, 67.6223
Evaluation Time: 1.22353 seconds
Resulting Fitness: 0.308333
New local best!
New global best!
-------------
Particle: 6:
Relays Coordinates:
116.858, 227.716
47.2221, 142.234
Evaluation Time: 1.26682 seconds
Resulting Fitness: 0.261111
-------------
Particle: 7:
Relays Coordinates:
158.856, 205.318
60.7707, 98.8273
Evaluation Time: 1.30472 seconds
Resulting Fitness: 0.305556
New local best!
-------------
Particle: 8:
Relays Coordinates:
69.7729, 137.551
134.477, 84.0223
Evaluation Time: 1.21312 seconds
Resulting Fitness: 0.241667
-------------
Particle: 9:
Relays Coordinates:
122.977, 176.083
2.90594, 103.924
Evaluation Time: 1.21956 seconds
Resulting Fitness: 0.244444
-------------
Particle: 10:
Relays Coordinates:
122.624, 8.4193
38.6528, 122.965
Evaluation Time: 1.12202 seconds
Resulting Fitness: 0.147222
-------------
Particle: 11:
Relays Coordinates:
151.21, 180.493
87.1484, 118.75
Evaluation Time: 1.28133 seconds
Resulting Fitness: 0.297222
New local best!
-------------
Particle: 12:
Relays Coordinates:
130.888, 170.768
63.8004, 123.131
Evaluation Time: 1.19481 seconds
Resulting Fitness: 0.288889
-------------
Particle: 13:
Relays Coordinates:
146.431, 199.617
33.9708, 121.85
Evaluation Time: 1.25745 seconds
Resulting Fitness: 0.269444
New local best!
-------------
Particle: 14:
Relays Coordinates:
89.0005, 227.018
27.7308, 150.919
Evaluation Time: 1.2949 seconds
Resulting Fitness: 0.236111
-------------
Particle: 15:
Relays Coordinates:
140.109, 268.172
61.6713, 140.299
Evaluation Time: 1.3458 seconds
Resulting Fitness: 0.244444
-------------
Particle: 16:
Relays Coordinates:
149.611, 138.989
79.8702, 128.352
Evaluation Time: 1.16156 seconds
Resulting Fitness: 0.244444
-------------
Particle: 17:
Relays Coordinates:
157.075, 161.537
88.5605, 108.787
Evaluation Time: 1.22368 seconds
Resulting Fitness: 0.283333
New local best!
-------------
Particle: 18:
Relays Coordinates:
133.288, 145.157
26.3703, 139.687
Evaluation Time: 1.20946 seconds
Resulting Fitness: 0.261111
New local best!
-------------
Particle: 19:
Relays Coordinates:
101.5, 113.036
120.636, 118.948
Evaluation Time: 1.14568 seconds
Resulting Fitness: 0.225
-------------
Particle: 20:
Relays Coordinates:
95.7517, 222.906
83.9783, 83.1645
Evaluation Time: 1.26409 seconds
Resulting Fitness: 0.288889
New local best!
Current global best fitness: 0.308333
Current global best relays: 139.291, 164.686
52.5085, 67.6223
Particle 1 new velocities: 99.1098, 123.203
62.8012, 72.2661
Particle 2 new velocities: 62.7196, -32.4162
2.23817, -73.2578
Particle 3 new velocities: 26.5144, -75.9075
5.17747, -49.1698
Particle 4 new velocities: -11.0034, 17.2569
22.4338, -13.0719
Particle 5 new velocities: -10.154, -14.131
-3.42618, -12.0969
Particle 6 new velocities: 56.7566, -77.7359
62.4105, -9.0027
Particle 7 new velocities: 29.4593, -24.8357
6.32926, 4.11981
Particle 8 new velocities: 70.2345, -45.2604
5.43362, 82.4132
Particle 9 new velocities: 62.2022, 69.7275
30.1866, 24.5552
Particle 10 new velocities: -137.87, 78.8578
85.2646, 7.79637
Particle 11 new velocities: 13.8058, -7.3343
16.5158, 10.4846
Particle 12 new velocities: 1.12632, -20.1242
-7.53315, 22.98
Particle 13 new velocities: -3.57413, 5.143
-2.10518, -1.95701
Particle 14 new velocities: 50.8584, -108.181
11.6108, -23.5386
Particle 15 new velocities: 0.320488, -106.394
11.0207, -85.0918
Particle 16 new velocities: 30.9924, 40.2563
0.0750021, -7.06756
Particle 17 new velocities: 95.7932, 34.8544
23.886, -32.7254
Particle 18 new velocities: 80.6075, 112.905
30.3481, 48.0407
Particle 19 new velocities: 49.7314, 51.4527
86.8131, 17.2215
Particle 20 new velocities: 69.7173, 105.342
14.2942, -0.0855819
-- ITERATION 4 --
-------------
Particle: 1:
Relays Coordinates:
170.93, 225.265
81.323, 106.828
Evaluation Time: 1.31094 seconds
Resulting Fitness: 0.316667
New local best!
New global best!
-------------
Particle: 2:
Relays Coordinates:
163.598, 95.6229
32.6099, 16.2688
Evaluation Time: 1.19854 seconds
Resulting Fitness: 0.2
-------------
Particle: 3:
Relays Coordinates:
164.737, 163.765
58.6356, 84.217
Evaluation Time: 1.27333 seconds
Resulting Fitness: 0.272222
-------------
Particle: 4:
Relays Coordinates:
118.666, 140.857
76.2644, 119.009
Evaluation Time: 1.24098 seconds
Resulting Fitness: 0.247222
-------------
Particle: 5:
Relays Coordinates:
129.137, 150.555
49.0823, 55.5253
Evaluation Time: 1.27816 seconds
Resulting Fitness: 0.258333
-------------
Particle: 6:
Relays Coordinates:
140.628, 121.484
88.8024, 107.917
Evaluation Time: 1.24228 seconds
Resulting Fitness: 0.25
-------------
Particle: 7:
Relays Coordinates:
188.315, 180.482
67.1, 102.947
Evaluation Time: 1.24223 seconds
Resulting Fitness: 0.283333
-------------
Particle: 8:
Relays Coordinates:
126.007, 83.0612
125.92, 149.792
Evaluation Time: 1.18792 seconds
Resulting Fitness: 0.236111
-------------
Particle: 9:
Relays Coordinates:
134.996, 179.196
24.1245, 93.661
Evaluation Time: 1.25283 seconds
Resulting Fitness: 0.247222
-------------
Particle: 10:
Relays Coordinates:
0, 87.2771
123.917, 130.761
Evaluation Time: 1.24484 seconds
Resulting Fitness: 0.241667
-------------
Particle: 11:
Relays Coordinates:
148.514, 155.842
93.2977, 116.311
Evaluation Time: 1.21596 seconds
Resulting Fitness: 0.280556
-------------
Particle: 12:
Relays Coordinates:
118.813, 135.58
50.6405, 131.5
Evaluation Time: 1.16843 seconds
Resulting Fitness: 0.238889
-------------
Particle: 13:
Relays Coordinates:
142.856, 204.76
31.8656, 119.893
Evaluation Time: 1.25519 seconds
Resulting Fitness: 0.252778
-------------
Particle: 14:
Relays Coordinates:
139.859, 118.838
39.3417, 127.38
Evaluation Time: 1.26815 seconds
Resulting Fitness: 0.244444
-------------
Particle: 15:
Relays Coordinates:
140.43, 161.778
72.692, 55.2072
Evaluation Time: 1.19721 seconds
Resulting Fitness: 0.302778
New local best!
-------------
Particle: 16:
Relays Coordinates:
180.603, 179.245
79.9452, 121.284
Evaluation Time: 1.22793 seconds
Resulting Fitness: 0.286111
New local best!
-------------
Particle: 17:
Relays Coordinates:
204.823, 159.077
91.0817, 61.6097
Evaluation Time: 1.24311 seconds
Resulting Fitness: 0.247222
-------------
Particle: 18:
Relays Coordinates:
155.93, 188.128
41.3477, 136.854
Evaluation Time: 1.26104 seconds
Resulting Fitness: 0.286111
New local best!
-------------
Particle: 19:
Relays Coordinates:
99.2229, 107.921
136.107, 89.3409
Evaluation Time: 1.13916 seconds
Resulting Fitness: 0.202778
-------------
Particle: 20:
Relays Coordinates:
97.7078, 193.827
58.0289, 49.0573
Evaluation Time: 1.20499 seconds
Resulting Fitness: 0.252778
Current global best fitness: 0.316667
Current global best relays: 170.93, 225.265
81.323, 106.828
Particle 1 new velocities: 79.2878, 98.5624
50.241, 57.8129
Particle 2 new velocities: 107.959, 67.6514
128.712, 42.1766
Particle 3 new velocities: -14.7428, -42.3141
16.6882, 21.1904
Particle 4 new velocities: -14.1524, -38.1859
22.2954, 24.177
Particle 5 new velocities: 41.0912, 29.108
29.8282, 41.2281
Particle 6 new velocities: 58.409, 150.96
20.6305, 2.49825
Particle 7 new velocities: -18.3235, 48.5759
6.37761, 2.0063
Particle 8 new velocities: 105.888, 84.5238
-19.7748, 61.3478
Particle 9 new velocities: 92.5266, 42.4987
53.2111, 61.6164
Particle 10 new velocities: 119.134, 67.4549
22.8268, -7.38973
Particle 11 new velocities: 12.6955, 83.6104
5.91102, -1.49912
Particle 12 new velocities: 58.5853, 69.9645
40.3825, 18.5729
Particle 13 new velocities: 35.1793, 30.7094
28.0036, -13.9665
Particle 14 new velocities: 68.1658, -63.5835
55.5492, -22.4655
Particle 15 new velocities: 27.7372, -25.6091
9.68488, -37.5686
Particle 16 new velocities: 15.2416, 70.3652
1.42913, -15.2083
Particle 17 new velocities: 28.8372, 108.954
17.7582, 60.0991
Particle 18 new velocities: 70.2527, 113.98
74.9167, 9.95974
Particle 19 new velocities: 65.6889, 111.109
63.1485, 15.006
Particle 20 new velocities: 53.5114, 108.35
62.7416, 55.5171
-- ITERATION 5 --
-------------
Particle: 1:
Relays Coordinates:
182.409, 236.07
95.9101, 120.023
Evaluation Time: 1.37044 seconds
Resulting Fitness: 0.263889
-------------
Particle: 2:
Relays Coordinates:
244.401, 146.947
145.189, 52.6009
Evaluation Time: 1.23466 seconds
Resulting Fitness: 0.252778
-------------
Particle: 3:
Relays Coordinates:
149.994, 121.451
75.3238, 105.407
Evaluation Time: 1.16842 seconds
Resulting Fitness: 0.244444
-------------
Particle: 4:
Relays Coordinates:
104.513, 102.672
98.5597, 143.186
Evaluation Time: 1.15703 seconds
Resulting Fitness: 0.216667
-------------
Particle: 5:
Relays Coordinates:
170.229, 179.663
78.9105, 96.7534
Evaluation Time: 1.26613 seconds
Resulting Fitness: 0.313889
New local best!
-------------
Particle: 6:
Relays Coordinates:
161.22, 220.679
88.6407, 89.4367
Evaluation Time: 1.28419 seconds
Resulting Fitness: 0.272222
-------------
Particle: 7:
Relays Coordinates:
152.993, 206.152
66.1298, 94.458
Evaluation Time: 1.28614 seconds
Resulting Fitness: 0.313889
New local best!
-------------
Particle: 8:
Relays Coordinates:
136.932, 98.9573
62.6774, 124.676
Evaluation Time: 1.1802 seconds
Resulting Fitness: 0.211111
-------------
Particle: 9:
Relays Coordinates:
184.293, 179.572
62.6418, 125.775
Evaluation Time: 1.23039 seconds
Resulting Fitness: 0.280556
New local best!
-------------
Particle: 10:
Relays Coordinates:
86.8483, 112.8
106.977, 89.938
Evaluation Time: 1.13734 seconds
Resulting Fitness: 0.161111
-------------
Particle: 11:
Relays Coordinates:
161.21, 239.453
99.2088, 114.812
Evaluation Time: 1.28555 seconds
Resulting Fitness: 0.308333
New local best!
-------------
Particle: 12:
Relays Coordinates:
143.693, 166.491
73.7286, 121.559
Evaluation Time: 1.2967 seconds
Resulting Fitness: 0.297222
New local best!
-------------
Particle: 13:
Relays Coordinates:
144.209, 190.73
48.494, 85.8002
Evaluation Time: 1.30257 seconds
Resulting Fitness: 0.269444
-------------
Particle: 14:
Relays Coordinates:
208.025, 55.2542
94.8908, 104.915
Evaluation Time: 1.18962 seconds
Resulting Fitness: 0.247222
-------------
Particle: 15:
Relays Coordinates:
168.167, 136.169
82.3769, 17.6386
Evaluation Time: 1.20533 seconds
Resulting Fitness: 0.263889
-------------
Particle: 16:
Relays Coordinates:
158.634, 202.185
65.9132, 85.9216
Evaluation Time: 1.31202 seconds
Resulting Fitness: 0.305556
New local best!
-------------
Particle: 17:
Relays Coordinates:
170.338, 195.394
79.3443, 88.7258
Evaluation Time: 1.26497 seconds
Resulting Fitness: 0.291667
New local best!
-------------
Particle: 18:
Relays Coordinates:
183.208, 244.708
94.1741, 118.919
Evaluation Time: 1.31096 seconds
Resulting Fitness: 0.277778
-------------
Particle: 19:
Relays Coordinates:
108.199, 143.706
130.732, 68.462
Evaluation Time: 1.2489 seconds
Resulting Fitness: 0.247222
New local best!
-------------
Particle: 20:
Relays Coordinates:
110.239, 220.287
88.0417, 76.2348
Evaluation Time: 1.33527 seconds
Resulting Fitness: 0.263889
Current global best fitness: 0.316667
Current global best relays: 170.93, 225.265
81.323, 106.828
Particle 1 new velocities: 53.3273, 69.7302
22.3766, 20.7166
Particle 2 new velocities: -17.2158, 17.5596
38.5726, 103.202
Particle 3 new velocities: -20.8663, 49.6884
14.8134, 48.5527
Particle 4 new velocities: 40.5355, -23.8785
11.0049, 24.0466
Particle 5 new velocities: 33.5798, 44.6004
24.194, 36.0792
Particle 6 new velocities: 30.2263, 75.595
-7.58417, 61.1455
Particle 7 new velocities: 0.722124, 50.0531
20.4206, 4.16861
Particle 8 new velocities: 100.573, 73.2118
109.794, 47.6048
Particle 9 new velocities: 63.6762, 35.0305
44.2291, 26.3243
Particle 10 new velocities: 94.3711, -44.938
6.24894, 85.8076
Particle 11 new velocities: 17.9149, 51.7326
-1.00079, -4.84607
Particle 12 new velocities: 52.9556, 96.7389
38.3644, 4.90682
Particle 13 new velocities: 57.8305, 42.9676
31.0494, 58.1437
Particle 14 new velocities: -38.9231, 128.944
-42.9654, 29.8083
Particle 15 new velocities: 23.0132, 58.9346
5.28339, 10.298
Particle 16 new velocities: 14.7311, 70.706
19.1282, -4.38673
Particle 17 new velocities: 23.1085, 123.556
15.1115, 63.4401
Particle 18 new velocities: 1.27319, -8.16059
-26.1488, 10.9686
Particle 19 new velocities: 113.325, 108.548
-10.6476, 26.7518
Particle 20 new velocities: 98.4855, 91.7478
44.7056, 49.6772
-- ITERATION 6 --
-------------
Particle: 1:
Relays Coordinates:
171.852, 222.929
86.2311, 102.599
Evaluation Time: 1.28852 seconds
Resulting Fitness: 0.322222
New local best!
New global best!
-------------
Particle: 2:
Relays Coordinates:
134.151, 97.1394
108.51, 91.9998
Evaluation Time: 1.13716 seconds
Resulting Fitness: 0.211111
-------------
Particle: 3:
Relays Coordinates:
104.593, 138.623
73.0111, 124.708
Evaluation Time: 1.20698 seconds
Resulting Fitness: 0.219444
-------------
Particle: 4:
Relays Coordinates:
130.544, 70.9138
98.6081, 150.51
Evaluation Time: 1.2614 seconds
Resulting Fitness: 0.261111
-------------
Particle: 5:
Relays Coordinates:
183.428, 201.837
92.7941, 119.549
Evaluation Time: 1.25753 seconds
Resulting Fitness: 0.302778
-------------
Particle: 6:
Relays Coordinates:
155.071, 239.982
65.6558, 121.972
Evaluation Time: 1.3001 seconds
Resulting Fitness: 0.236111
-------------
Particle: 7:
Relays Coordinates:
138.343, 230.585
77.8954, 88.764
Evaluation Time: 1.22226 seconds
Resulting Fitness: 0.272222
-------------
Particle: 8:
Relays Coordinates:
140.244, 101.664
101.843, 101.73
Evaluation Time: 1.13565 seconds
Resulting Fitness: 0.219444
-------------
Particle: 9:
Relays Coordinates:
200.855, 173.828
86.5654, 123.2
Evaluation Time: 1.28754 seconds
Resulting Fitness: 0.266667
-------------
Particle: 10:
Relays Coordinates:
132.109, 49.4712
82.5414, 128.119
Evaluation Time: 1.16778 seconds
Resulting Fitness: 0.2
-------------
Particle: 11:
Relays Coordinates:
130.582, 212.274
71.5936, 80.1652
Evaluation Time: 1.28799 seconds
Resulting Fitness: 0.272222
-------------
Particle: 12:
Relays Coordinates:
176.983, 236.907
100.884, 113.819
Evaluation Time: 1.37624 seconds
Resulting Fitness: 0.280556
-------------
Particle: 13:
Relays Coordinates:
181.836, 210.328
71.5891, 129.549
Evaluation Time: 1.28379 seconds
Resulting Fitness: 0.283333
New local best!
-------------
Particle: 14:
Relays Coordinates:
169.102, 184.198
51.9254, 134.723
Evaluation Time: 1.28502 seconds
Resulting Fitness: 0.283333
New local best!
-------------
Particle: 15:
Relays Coordinates:
139.37, 142.231
63.9043, 20.3658
Evaluation Time: 1.24428 seconds
Resulting Fitness: 0.272222
-------------
Particle: 16:
Relays Coordinates:
126.383, 198.937
61.9952, 59.4389
Evaluation Time: 1.2399 seconds
Resulting Fitness: 0.255556
-------------
Particle: 17:
Relays Coordinates:
141.023, 232.515
68.8583, 110.929
Evaluation Time: 1.28367 seconds
Resulting Fitness: 0.255556
-------------
Particle: 18:
Relays Coordinates:
166.033, 212.892
61.2228, 116.899
Evaluation Time: 1.33017 seconds
Resulting Fitness: 0.291667
New local best!
-------------
Particle: 19:
Relays Coordinates:
179.435, 204.325
97.2681, 77.1231
Evaluation Time: 1.25425 seconds
Resulting Fitness: 0.230556
-------------
Particle: 20:
Relays Coordinates:
152.16, 227.474
96.7728, 91.7898
Evaluation Time: 1.26429 seconds
Resulting Fitness: 0.280556
Current global best fitness: 0.322222
Current global best relays: 171.852, 222.929
86.2311, 102.599
Particle 1 new velocities: 42.6618, 55.7842
17.9013, 16.5733
Particle 2 new velocities: 112.838, 125.9
12.9282, 74.0163
Particle 3 new velocities: 27.7572, 134.714
29.7413, 26.7927
Particle 4 new velocities: 6.78726, 16.482
-14.5267, -17.0577
Particle 5 new velocities: 12.8714, 47.0977
8.68758, -7.90999
Particle 6 new velocities: 1.98242, -6.90274
-4.41992, 34.9226
Particle 7 new velocities: 37.5596, 12.7405
4.03149, 12.5081
Particle 8 new velocities: 53.0319, 117.819
127.022, 61.9344
Particle 9 new velocities: 48.4656, 36.1301
17.4702, 9.99002
Particle 10 new velocities: 116.298, -29.6954
28.9765, 73.9729
Particle 11 new velocities: 76.3456, 83.0427
14.3265, 78.1937
Particle 12 new velocities: 36.3696, -7.80899
10.8126, -1.2537
Particle 13 new velocities: 43.1631, 49.7579
26.9097, 41.1279
Particle 14 new velocities: -29.1635, 137.067
-31.0812, 15.2069
Particle 15 new velocities: 46.3717, 130.001
14.9949, 85.9282
Particle 16 new velocities: 41.4401, 79.5031
39.637, 75.7184
Particle 17 new velocities: 44.652, 59.5128
26.6256, 41.8998
Particle 18 new velocities: 6.85584, 5.60488
-2.50909, 8.18716
Particle 19 new velocities: 80.5117, 24.2029
10.02, 16.9881
Particle 20 new velocities: 19.1474, 66.6196
15.0907, 47.8819
-- ITERATION 7 --
-------------
Particle: 1:
Relays Coordinates:
156.38, 203.182
75.9125, 86.8767
Evaluation Time: 1.29354 seconds
Resulting Fitness: 0.302778
-------------
Particle: 2:
Relays Coordinates:
180.055, 162.596
88.5281, 121.026
Evaluation Time: 1.22538 seconds
Resulting Fitness: 0.263889
New local best!
-------------
Particle: 3:
Relays Coordinates:
107.204, 221.403
83.2295, 122.715
Evaluation Time: 1.27508 seconds
Resulting Fitness: 0.277778
-------------
Particle: 4:
Relays Coordinates:
123.598, 78.6562
75.6733, 120.107
Evaluation Time: 1.20132 seconds
Resulting Fitness: 0.194444
-------------
Particle: 5:
Relays Coordinates:
176.669, 224.041
91.3335, 100.475
Evaluation Time: 1.2577 seconds
Resulting Fitness: 0.302778
-------------
Particle: 6:
Relays Coordinates:
141.348, 209.771
55.1122, 141.205
Evaluation Time: 1.3109 seconds
Resulting Fitness: 0.277778
-------------
Particle: 7:
Relays Coordinates:
158.313, 218.993
73.7342, 91.1449
Evaluation Time: 1.32564 seconds
Resulting Fitness: 0.283333
-------------
Particle: 8:
Relays Coordinates:
102.715, 116.643
121.628, 86.978
Evaluation Time: 1.10989 seconds
Resulting Fitness: 0.197222
-------------
Particle: 9:
Relays Coordinates:
224.389, 188.963
93.632, 119.871
Evaluation Time: 1.37406 seconds
Resulting Fitness: 0.263889
-------------
Particle: 10:
Relays Coordinates:
162.98, 12.9749
73.1669, 132.592
Evaluation Time: 1.14899 seconds
Resulting Fitness: 0.177778
-------------
Particle: 11:
Relays Coordinates:
167.611, 239.207
69.5953, 128.271
Evaluation Time: 1.23759 seconds
Resulting Fitness: 0.244444
-------------
Particle: 12:
Relays Coordinates:
192.018, 206.188
100.527, 101.309
Evaluation Time: 1.24096 seconds
Resulting Fitness: 0.286111
-------------
Particle: 13:
Relays Coordinates:
164.024, 189.603
71.8056, 124.424
Evaluation Time: 1.30374 seconds
Resulting Fitness: 0.294444
New local best!
-------------
Particle: 14:
Relays Coordinates:
102.015, 234.202
15.1954, 109.299
Evaluation Time: 1.28055 seconds
Resulting Fitness: 0.205556
-------------
Particle: 15:
Relays Coordinates:
135.406, 198.457
57.5175, 77.4883
Evaluation Time: 1.2973 seconds
Resulting Fitness: 0.244444
-------------
Particle: 16:
Relays Coordinates:
151.041, 250.596
91.4689, 121.642
Evaluation Time: 1.30186 seconds
Resulting Fitness: 0.263889
-------------
Particle: 17:
Relays Coordinates:
150.397, 236.542
77.3419, 123.791
Evaluation Time: 1.27323 seconds
Resulting Fitness: 0.241667
-------------
Particle: 18:
Relays Coordinates:
172.889, 218.497
58.7137, 125.086
Evaluation Time: 1.27925 seconds
Resulting Fitness: 0.302778
New local best!
-------------
Particle: 19:
Relays Coordinates:
189.501, 166.597
78.213, 68.6071
Evaluation Time: 1.25523 seconds
Resulting Fitness: 0.222222
-------------
Particle: 20:
Relays Coordinates:
138.759, 238.215
90.6094, 113.134
Evaluation Time: 1.30176 seconds
Resulting Fitness: 0.272222
Current global best fitness: 0.322222
Current global best relays: 171.852, 222.929
86.2311, 102.599
Particle 1 new velocities: 54.255, 57.8438
36.4755, 22.0895
Particle 2 new velocities: 85.8476, 135.299
9.53051, 44.8149
Particle 3 new velocities: 84.5369, 40.1689
19.9569, 0.919868
Particle 4 new velocities: 40.0611, 149.305
7.24656, -2.25959
Particle 5 new velocities: -2.63672, 5.22057
-6.58885, -10.5058
Particle 6 new velocities: 4.29493, -27.3564
40.3005, -22.1741
Particle 7 new velocities: 34.2066, -1.34385
-5.28235, 17.9611
Particle 8 new velocities: 108.974, 132.997
137.156, 118.43
Particle 9 new velocities: 13.9555, 22.5023
-25.4641, 11.7631
Particle 10 new velocities: 41.8408, 116.007
39.7624, 53.7105
Particle 11 new velocities: 55.0161, 56.3042
46.7731, 27.7584
Particle 12 new velocities: -61.2244, -49.6942
-39.6342, 27.5747
Particle 13 new velocities: 39.8034, 75.066
40.0217, 17.5561
Particle 14 new velocities: 71.6143, 79.9368
64.3744, 11.7555
Particle 15 new velocities: 80.6089, 104.417
23.7203, 68.8171
Particle 16 new velocities: 58.8329, -46.59
13.5616, 28.9495
Particle 17 new velocities: 57.0148, -0.423782
25.5729, -29.0199
Particle 18 new velocities: 4.48715, 6.47044
32.7241, 1.67206
Particle 19 new velocities: -50.2882, 36.819
70.8849, 22.6915
Particle 20 new velocities: -18.1578, 49.01
7.86303, -11.9137
-- ITERATION 8 --
-------------
Particle: 1:
Relays Coordinates:
170.615, 211.431
91.0343, 88.2627
Evaluation Time: 1.26195 seconds
Resulting Fitness: 0.277778
-------------
Particle: 2:
Relays Coordinates:
174.458, 195.449
64.3363, 108.808
Evaluation Time: 1.24137 seconds
Resulting Fitness: 0.3
New local best!
-------------
Particle: 3:
Relays Coordinates:
172.567, 235.414
92.8678, 111.272
Evaluation Time: 1.28013 seconds
Resulting Fitness: 0.277778
-------------
Particle: 4:
Relays Coordinates:
163.659, 227.961
82.9199, 117.847
Evaluation Time: 1.29524 seconds
Resulting Fitness: 0.291667
New local best!
-------------
Particle: 5:
Relays Coordinates:
156.629, 206.336
76.2702, 80.9726
Evaluation Time: 1.28331 seconds
Resulting Fitness: 0.277778
-------------
Particle: 6:
Relays Coordinates:
145.643, 182.415
95.4127, 119.031
Evaluation Time: 1.26036 seconds
Resulting Fitness: 0.288889
-------------
Particle: 7:
Relays Coordinates:
173.267, 195.884
61.6066, 98.1954
Evaluation Time: 1.2396 seconds
Resulting Fitness: 0.288889
-------------
Particle: 8:
Relays Coordinates:
91.1252, 107.461
111.398, 88.4216
Evaluation Time: 1.16146 seconds
Resulting Fitness: 0.197222
-------------
Particle: 9:
Relays Coordinates:
193.059, 171.287
55.216, 106.624
Evaluation Time: 1.23035 seconds
Resulting Fitness: 0.25
-------------
Particle: 10:
Relays Coordinates:
134.383, 84.6251
74.0929, 122.233
Evaluation Time: 1.14702 seconds
Resulting Fitness: 0.213889
-------------
Particle: 11:
Relays Coordinates:
162.295, 215.427
84.8326, 113.745
Evaluation Time: 1.35687 seconds
Resulting Fitness: 0.319444
New local best!
-------------
Particle: 12:
Relays Coordinates:
130.793, 156.494
60.8926, 128.884
Evaluation Time: 1.21819 seconds
Resulting Fitness: 0.252778
-------------
Particle: 13:
Relays Coordinates:
165.1, 214.382
90.5801, 115.004
Evaluation Time: 1.28881 seconds
Resulting Fitness: 0.311111
New local best!
-------------
Particle: 14:
Relays Coordinates:
113.918, 206.107
52.2058, 79.4239
Evaluation Time: 1.23247 seconds
Resulting Fitness: 0.219444
-------------
Particle: 15:
Relays Coordinates:
157.475, 220.795
59.2223, 106.657
Evaluation Time: 1.30629 seconds
Resulting Fitness: 0.280556
-------------
Particle: 16:
Relays Coordinates:
169.998, 165.245
85.0747, 121.979
Evaluation Time: 1.26575 seconds
Resulting Fitness: 0.286111
-------------
Particle: 17:
Relays Coordinates:
168.003, 191.256
83.361, 76.7648
Evaluation Time: 1.42867 seconds
Resulting Fitness: 0.272222
-------------
Particle: 18:
Relays Coordinates:
159.638, 202.471
82.2941, 114.082
Evaluation Time: 1.30723 seconds
Resulting Fitness: 0.302778
-------------
Particle: 19:
Relays Coordinates:
112.762, 164.767
120.769, 73.9519
Evaluation Time: 1.23629 seconds
Resulting Fitness: 0.280556
New local best!
-------------
Particle: 20:
Relays Coordinates:
97.687, 232.653
79.7627, 81.9885
Evaluation Time: 1.30103 seconds
Resulting Fitness: 0.283333
Current global best fitness: 0.322222
Current global best relays: 171.852, 222.929
86.2311, 102.599
Particle 1 new velocities: 45.9253, 58.6536
21.353, 43.4004
Particle 2 new velocities: 66.8609, 110.302
34.2248, 29.6236
Particle 3 new velocities: 44.2558, 10.3815
-5.91514, 26.4672
Particle 4 new velocities: 40.8129, 115.134
6.04656, -15.7267
Particle 5 new velocities: 14.5049, -7.99105
8.34036, 39.8625
Particle 6 new velocities: -8.1579, 27.9601
-14.5396, -36.2326
Particle 7 new velocities: 8.01563, 20.8936
19.2978, 17.5651
Particle 8 new velocities: 173.291, 116.429
218.661, 113.806
Particle 9 new velocities: -6.1304, 30.9881
3.36936, 17.9663
Particle 10 new velocities: -83.2317, 154.514
74.3988, 60.5115
Particle 11 new velocities: 44.0975, 50.2948
38.1253, 17.0803
Particle 12 new velocities: -11.8687, 3.81235
-27.2514, 5.89479
Particle 13 new velocities: 35.0964, 65.5686
30.1247, 1.31715
Particle 14 new velocities: 109.618, 55.4174
68.579, 75.786
Particle 15 new velocities: 67.3276, 5.04543
51.3033, 11.0915
Particle 16 new velocities: 48.9048, 43.1543
10.862, -0.515817
Particle 17 new velocities: 49.7746, 19.3278
17.4682, -21.2832
Particle 18 new velocities: 24.3242, 28.0337
28.3746, 16.4826
Particle 19 new velocities: -11.2719, 68.0762
22.3605, 22.8837
Particle 20 new velocities: -0.346474, 18.3392
10.5486, -1.69468
-- ITERATION 9 --
-------------
Particle: 1:
Relays Coordinates:
175.397, 218.768
91.0337, 106.647
Evaluation Time: 1.28551 seconds
Resulting Fitness: 0.322222
-------------
Particle: 2:
Relays Coordinates:
158.33, 200.603
64.666, 90.825
Evaluation Time: 1.30319 seconds
Resulting Fitness: 0.305556
New local best!
-------------
Particle: 3:
Relays Coordinates:
195.14, 221.216
78.2574, 123.965
Evaluation Time: 1.27906 seconds
Resulting Fitness: 0.277778
-------------
Particle: 4:
Relays Coordinates:
108.665, 182.335
47.2804, 54.271
Evaluation Time: 1.30237 seconds
Resulting Fitness: 0.241667
-------------
Particle: 5:
Relays Coordinates:
171.134, 198.344
84.6106, 120.835
Evaluation Time: 1.46718 seconds
Resulting Fitness: 0.3
-------------
Particle: 6:
Relays Coordinates:
137.485, 210.375
80.8731, 82.798
Evaluation Time: 1.25031 seconds
Resulting Fitness: 0.266667
-------------
Particle: 7:
Relays Coordinates:
181.283, 216.778
80.9044, 115.76
Evaluation Time: 1.26646 seconds
Resulting Fitness: 0.291667
-------------
Particle: 8:
Relays Coordinates:
113.823, 96.3774
142.08, 87.0522
Evaluation Time: 1.14865 seconds
Resulting Fitness: 0.213889
-------------
Particle: 9:
Relays Coordinates:
186.928, 202.275
58.5854, 124.59
Evaluation Time: 1.29419 seconds
Resulting Fitness: 0.272222
-------------
Particle: 10:
Relays Coordinates:
33.5602, 156.899
97.4254, 119.899
Evaluation Time: 1.19646 seconds
Resulting Fitness: 0.205556
-------------
Particle: 11:
Relays Coordinates:
167.178, 215.235
99.5959, 105.969
Evaluation Time: 1.33719 seconds
Resulting Fitness: 0.308333
-------------
Particle: 12:
Relays Coordinates:
118.925, 160.306
33.6411, 134.778
Evaluation Time: 1.26821 seconds
Resulting Fitness: 0.266667
-------------
Particle: 13:
Relays Coordinates:
162.159, 226.76
97.7709, 94.2199
Evaluation Time: 1.31293 seconds
Resulting Fitness: 0.311111
-------------
Particle: 14:
Relays Coordinates:
162.958, 190.651
88.0521, 113.148
Evaluation Time: 1.23474 seconds
Resulting Fitness: 0.294444
New local best!
-------------
Particle: 15:
Relays Coordinates:
202.322, 203.256
99.4731, 105.973
Evaluation Time: 1.25136 seconds
Resulting Fitness: 0.277778
-------------
Particle: 16:
Relays Coordinates:
218.903, 208.399
95.9367, 121.463
Evaluation Time: 1.33855 seconds
Resulting Fitness: 0.252778
-------------
Particle: 17:
Relays Coordinates:
158.76, 153.516
73.5045, 40.446
Evaluation Time: 1.23628 seconds
Resulting Fitness: 0.283333
-------------
Particle: 18:
Relays Coordinates:
165.566, 207.454
99.6018, 117.508
Evaluation Time: 1.29881 seconds
Resulting Fitness: 0.308333
New local best!
-------------
Particle: 19:
Relays Coordinates:
82.2072, 188.603
115.935, 78.4368
Evaluation Time: 1.17541 seconds
Resulting Fitness: 0.275
-------------
Particle: 20:
Relays Coordinates:
87.6065, 225.893
81.2802, 72.2645
Evaluation Time: 1.21898 seconds
Resulting Fitness: 0.269444
Current global best fitness: 0.322222
Current global best relays: 171.852, 222.929
86.2311, 102.599
Particle 1 new velocities: 32.5817, 54.8923
13.5178, 29.6023
Particle 2 new velocities: 65.6352, 109.533
28.2752, 38.484
Particle 3 new velocities: -27.0098, -17.3792
-3.00143, 18.9495
Particle 4 new velocities: 127.589, 179.096
66.3307, 65.4609
Particle 5 new velocities: 11.7397, -20.453
5.42835, 3.68763
Particle 6 new velocities: -2.15034, -22.3402
-22.4566, 13.5654
Particle 7 new velocities: -13.9248, 2.16714
3.75197, -18.0161
Particle 8 new velocities: 173.698, 195.491
169.271, 175.159
Particle 9 new velocities: -27.1898, 23.9642
40.5358, 6.96376
Particle 10 new velocities: 91.2734, 91.3468
59.2953, 53.0918
Particle 11 new velocities: 33.0146, 50.1865
-7.68846, 11.6989
Particle 12 new velocities: 20.5852, 13.0889
64.4906, -32.9433
Particle 13 new velocities: 39.45, 30.9375
11.1508, 32.2361
Particle 14 new velocities: 88.9343, 48.515
53.0506, 57.7106
Particle 15 new velocities: -52.6739, -17.7953
37.9263, -43.9786
Particle 16 new velocities: -24.2235, 31.7614
-11.6779, -59.4885
Particle 17 new velocities: 45.3389, 154.865
27.9277, 31.2717
Particle 18 new velocities: 26.7667, 38.6911
16.9402, 10.32
Particle 19 new velocities: 131.363, 46.2476
14.4108, 43.8526
Particle 20 new velocities: 82.1937, 8.75942
12.7346, 12.9995
-- ITERATION 10 --
-------------
Particle: 1:
Relays Coordinates:
187.181, 246.294
94.0963, 122.624
Evaluation Time: 1.31937 seconds
Resulting Fitness: 0.255556
-------------
Particle: 2:
Relays Coordinates:
146.943, 203.48
60.9787, 84.8396
Evaluation Time: 1.26171 seconds
Resulting Fitness: 0.275
-------------
Particle: 3:
Relays Coordinates:
151.318, 183.453
67.7304, 128.623
Evaluation Time: 1.28593 seconds
Resulting Fitness: 0.297222
-------------
Particle: 4:
Relays Coordinates:
125.555, 192.079
60.3776, 63.6304
Evaluation Time: 1.26014 seconds
Resulting Fitness: 0.258333
-------------
Particle: 5:
Relays Coordinates:
182.874, 177.891
90.0389, 124.523
Evaluation Time: 1.33957 seconds
Resulting Fitness: 0.283333
-------------
Particle: 6:
Relays Coordinates:
135.335, 188.035
58.4165, 96.3634
Evaluation Time: 1.22877 seconds
Resulting Fitness: 0.302778
New local best!
-------------
Particle: 7:
Relays Coordinates:
167.358, 218.945
84.6564, 97.7443
Evaluation Time: 1.36616 seconds
Resulting Fitness: 0.313889
-------------
Particle: 8:
Relays Coordinates:
100.252, 101.768
108.561, 91.4275
Evaluation Time: 1.08749 seconds
Resulting Fitness: 0.175
-------------
Particle: 9:
Relays Coordinates:
143.765, 203.615
89.209, 118.398
Evaluation Time: 1.25161 seconds
Resulting Fitness: 0.288889
New local best!
-------------
Particle: 10:
Relays Coordinates:
81.9033, 162.874
102.824, 113.499
Evaluation Time: 1.26437 seconds
Resulting Fitness: 0.244444
-------------
Particle: 11:
Relays Coordinates:
162.156, 214.991
74.445, 95.3107
Evaluation Time: 1.34105 seconds
Resulting Fitness: 0.316667
-------------
Particle: 12:
Relays Coordinates:
139.51, 173.395
98.1317, 101.835
Evaluation Time: 1.29787 seconds
Resulting Fitness: 0.305556
New local best!
-------------
Particle: 13:
Relays Coordinates:
181.448, 231.927
98.0296, 113.81
Evaluation Time: 1.28442 seconds
Resulting Fitness: 0.272222
-------------
Particle: 14:
Relays Coordinates:
165.266, 156.917
92.5775, 112.1
Evaluation Time: 1.19626 seconds
Resulting Fitness: 0.258333
-------------
Particle: 15:
Relays Coordinates:
149.648, 185.461
137.399, 61.9948
Evaluation Time: 1.32077 seconds
Resulting Fitness: 0.305556
New local best!
-------------
Particle: 16:
Relays Coordinates:
141.921, 175.077
61.4247, 45.1794
Evaluation Time: 1.28486 seconds
Resulting Fitness: 0.3
-------------
Particle: 17:
Relays Coordinates:
120.518, 182.096
59.8947, 42.3486
Evaluation Time: 1.26015 seconds
Resulting Fitness: 0.261111
-------------
Particle: 18:
Relays Coordinates:
155.79, 199.378
94.399, 103.541
Evaluation Time: 1.30911 seconds
Resulting Fitness: 0.305556
-------------
Particle: 19:
Relays Coordinates:
172.992, 190.229
105.58, 99.0544
Evaluation Time: 1.24767 seconds
Resulting Fitness: 0.280556
-------------
Particle: 20:
Relays Coordinates:
152.82, 211.187
84.6133, 76.7376
Evaluation Time: 1.27825 seconds
Resulting Fitness: 0.280556
Current global best fitness: 0.322222
Current global best relays: 171.852, 222.929
86.2311, 102.599
Particle 1 new velocities: -13.4588, -8.91965
4.44353, -5.65013
Particle 2 new velocities: 62.1745, 97.8342
26.9196, 39.8673
Particle 3 new velocities: -10.1002, 16.3551
24.3988, -5.43738
Particle 4 new velocities: 162.023, 160.273
79.8058, 121.488
Particle 5 new velocities: -5.1908, 2.43365
-6.3569, -9.80422
Particle 6 new velocities: 26.6297, -14.3356
-17.7982, 17.4067
Particle 7 new velocities: -28.3741, -9.63111
-3.82116, -9.64526
Particle 8 new velocities: 189.761, 95.3097
198.83, 220.011
Particle 9 new velocities: 9.15469, 33.5843
31.9785, -2.67359
Particle 10 new velocities: 118.318, -1.41026
32.278, 64.032
Particle 11 new velocities: 32.8253, 48.2972
10.7785, 38.9506
Particle 12 new velocities: 46.044, 56.5117
41.5675, -25.9182
Particle 13 new velocities: 10.1503, -1.62135
-3.47014, 16.676
Particle 14 new velocities: 72.1684, 159.16
38.9259, 45.8053
Particle 15 new velocities: -18.3262, 9.77347
22.161, -29.5629
Particle 16 new velocities: 4.56161, 61.8399
15.8385, 7.29923
Particle 17 new velocities: 152.513, 161.296
66.3445, 46.7288
Particle 18 new velocities: 32.626, 48.67
18.6757, 12.8625
Particle 19 new velocities: 70.8776, 18.9455
-9.31489, 24.1594
Particle 20 new velocities: 40.9325, 37.9537
10.6482, 25.2444
-- ITERATION 11 --
-------------
Particle: 1:
Relays Coordinates:
173.722, 237.375
98.5398, 116.974
Evaluation Time: 1.28076 seconds
Resulting Fitness: 0.280556
-------------
Particle: 2:
Relays Coordinates:
137.202, 197.692
57.67, 81.8202
Evaluation Time: 1.26582 seconds
Resulting Fitness: 0.263889
-------------
Particle: 3:
Relays Coordinates:
141.217, 199.808
92.1292, 123.186
Evaluation Time: 1.26002 seconds
Resulting Fitness: 0.283333
-------------
Particle: 4:
Relays Coordinates:
188.68, 231.178
91.9743, 121.456
Evaluation Time: 1.30216 seconds
Resulting Fitness: 0.252778
-------------
Particle: 5:
Relays Coordinates:
177.683, 180.325
83.682, 114.719
Evaluation Time: 1.28761 seconds
Resulting Fitness: 0.297222
-------------
Particle: 6:
Relays Coordinates:
161.965, 173.699
40.6183, 113.77
Evaluation Time: 1.28552 seconds
Resulting Fitness: 0.294444
-------------
Particle: 7:
Relays Coordinates:
138.984, 209.314
80.8352, 88.0991
Evaluation Time: 1.20949 seconds
Resulting Fitness: 0.283333
-------------
Particle: 8:
Relays Coordinates:
124.841, 84.8356
132.322, 134.064
Evaluation Time: 1.15329 seconds
Resulting Fitness: 0.238889
-------------
Particle: 9:
Relays Coordinates:
137.628, 213.479
109.069, 104.152
Evaluation Time: 1.31979 seconds
Resulting Fitness: 0.308333
New local best!
-------------
Particle: 10:
Relays Coordinates:
131.365, 105.937
88.6407, 116.478
Evaluation Time: 1.1763 seconds
Resulting Fitness: 0.219444
-------------
Particle: 11:
Relays Coordinates:
175.483, 236.96
76.7011, 120.835
Evaluation Time: 1.36791 seconds
Resulting Fitness: 0.238889
-------------
Particle: 12:
Relays Coordinates:
166.999, 206.916
125.729, 68.3251
Evaluation Time: 1.28064 seconds
Resulting Fitness: 0.291667
-------------
Particle: 13:
Relays Coordinates:
172.439, 207.276
85.1035, 117.438
Evaluation Time: 1.26065 seconds
Resulting Fitness: 0.305556
-------------
Particle: 14:
Relays Coordinates:
173.09, 230.42
95.866, 115.113
Evaluation Time: 1.35428 seconds
Resulting Fitness: 0.325
New local best!
New global best!
-------------
Particle: 15:
Relays Coordinates:
118.19, 175.711
143.604, 29.1886
Evaluation Time: 1.24392 seconds
Resulting Fitness: 0.222222
-------------
Particle: 16:
Relays Coordinates:
106.786, 172.713
56.3249, 38.2569
Evaluation Time: 1.20375 seconds
Resulting Fitness: 0.247222
-------------
Particle: 17:
Relays Coordinates:
130.59, 164.243
60.3798, 42.6055
Evaluation Time: 1.25937 seconds
Resulting Fitness: 0.283333
-------------
Particle: 18:
Relays Coordinates:
169.574, 223.243
101.767, 104.763
Evaluation Time: 1.29635 seconds
Resulting Fitness: 0.319444
New local best!
-------------
Particle: 19:
Relays Coordinates:
219.482, 188.257
86.6387, 110.892
Evaluation Time: 1.25357 seconds
Resulting Fitness: 0.244444
-------------
Particle: 20:
Relays Coordinates:
156.94, 201.804
77.1618, 82.6054
Evaluation Time: 1.29284 seconds
Resulting Fitness: 0.272222
Current global best fitness: 0.325
Current global best relays: 173.09, 230.42
95.866, 115.113
Particle 1 new velocities: -12.3855, -28.8188
-14.7313, -15.3274
Particle 2 new velocities: 100.92, 81.5898
39.6948, 50.57
Particle 3 new velocities: 6.8554, 14.9064
13.864, -4.59967
Particle 4 new velocities: 87.6874, 123.796
52.4211, 92.3398
Particle 5 new velocities: -12.2262, 47.2324
-3.06926, -9.18741
Particle 6 new velocities: 2.27898, 18.9966
84.3811, -14.9387
Particle 7 new velocities: 12.0877, -0.499316
-14.9371, 32.8414
Particle 8 new velocities: 174.16, 238.373
162.989, 155.715
Particle 9 new velocities: 24.3044, 30.0518
11.4131, 0.0644702
Particle 10 new velocities: 73.7538, 64.5613
59.2514, 52.9706
Particle 11 new velocities: 6.71882, 21.7479
22.0723, 19.8141
Particle 12 new velocities: -0.957363, 18.8495
-15.0529, -15.7424
Particle 13 new velocities: -3.43572, 1.88102
16.1683, 9.24311
Particle 14 new velocities: 57.7347, 127.328
31.1408, 36.6443
Particle 15 new velocities: 3.72966, 25.4072
-37.8527, 21.4509
Particle 16 new velocities: 108.188, 90.7096
67.4665, 84.2792
Particle 17 new velocities: 212.081, 173.812
112.748, 99.4791
Particle 18 new velocities: 26.8116, 45.6493
10.6588, 23.0542
Particle 19 new velocities: -98.7892, 33.6891
5.46554, -36.3811
Particle 20 new velocities: -31.6973, 52.9392
20.9656, 56.4827
-- ITERATION 12 --
-------------
Particle: 1:
Relays Coordinates:
161.337, 208.556
83.8085, 101.647
Evaluation Time: 1.30955 seconds
Resulting Fitness: 0.311111
-------------
Particle: 2:
Relays Coordinates:
173.591, 203.597
70.979, 96.5125
Evaluation Time: 1.23587 seconds
Resulting Fitness: 0.288889
-------------
Particle: 3:
Relays Coordinates:
133.266, 193.243
95.3938, 106.727
Evaluation Time: 1.23993 seconds
Resulting Fitness: 0.280556
-------------
Particle: 4:
Relays Coordinates:
163.192, 209.609
85.264, 126.244
Evaluation Time: 1.43134 seconds
Resulting Fitness: 0.3
New local best!
-------------
Particle: 5:
Relays Coordinates:
165.457, 227.557
80.6127, 105.531
Evaluation Time: 1.31403 seconds
Resulting Fitness: 0.302778
-------------
Particle: 6:
Relays Coordinates:
147.819, 173.426
112.499, 88.9483
Evaluation Time: 1.30476 seconds
Resulting Fitness: 0.288889
-------------
Particle: 7:
Relays Coordinates:
151.072, 208.814
65.8982, 120.941
Evaluation Time: 1.25481 seconds
Resulting Fitness: 0.308333
-------------
Particle: 8:
Relays Coordinates:
104.255, 112.696
102.968, 101.04
Evaluation Time: 1.11166 seconds
Resulting Fitness: 0.191667
-------------
Particle: 9:
Relays Coordinates:
145.739, 219.178
108.434, 93.7951
Evaluation Time: 1.2854 seconds
Resulting Fitness: 0.288889
-------------
Particle: 10:
Relays Coordinates:
134.579, 111.864
97.032, 111.175
Evaluation Time: 1.20347 seconds
Resulting Fitness: 0.225
-------------
Particle: 11:
Relays Coordinates:
163.982, 232.837
88.8961, 126.584
Evaluation Time: 1.27766 seconds
Resulting Fitness: 0.277778
-------------
Particle: 12:
Relays Coordinates:
134.493, 182.87
89.6479, 42.592
Evaluation Time: 1.27113 seconds
Resulting Fitness: 0.297222
-------------
Particle: 13:
Relays Coordinates:
152.103, 188.241
91.1446, 114.013
Evaluation Time: 1.23512 seconds
Resulting Fitness: 0.3
-------------
Particle: 14:
Relays Coordinates:
151.444, 234.718
83.3291, 99.5681
Evaluation Time: 1.24652 seconds
Resulting Fitness: 0.252778
-------------
Particle: 15:
Relays Coordinates:
121.919, 201.118
105.752, 50.6395
Evaluation Time: 1.28305 seconds
Resulting Fitness: 0.236111
-------------
Particle: 16:
Relays Coordinates:
174.129, 213.372
100.271, 99.2542
Evaluation Time: 1.22665 seconds
Resulting Fitness: 0.275
-------------
Particle: 17:
Relays Coordinates:
202.344, 199.618
102.23, 83.8995
Evaluation Time: 1.25992 seconds
Resulting Fitness: 0.266667
-------------
Particle: 18:
Relays Coordinates:
176.747, 242.003
101.183, 115.036
Evaluation Time: 1.32197 seconds
Resulting Fitness: 0.280556
-------------
Particle: 19:
Relays Coordinates:
120.693, 221.946
92.1043, 74.5114
Evaluation Time: 1.27405 seconds
Resulting Fitness: 0.255556
-------------
Particle: 20:
Relays Coordinates:
112.718, 229.269
88.3147, 125.179
Evaluation Time: 1.2698 seconds
Resulting Fitness: 0.288889
Current global best fitness: 0.325
Current global best relays: 173.09, 230.42
95.866, 115.113
Particle 1 new velocities: -2.08977, 7.75624
0.551205, 5.85856
Particle 2 new velocities: 63.3355, 89.9142
31.1311, 53.69
Particle 3 new velocities: 16.8941, -6.21941
6.04681, 38.6261
Particle 4 new velocities: 79.4296, 115.681
55.5343, 59.775
Particle 5 new velocities: -8.10712, -31.459
11.2553, -7.24063
Particle 6 new velocities: 12.5502, 84.4942
43.1573, 10.3481
Particle 7 new velocities: 29.3485, -0.167362
-5.62605, 23.9948
Particle 8 new velocities: 142.031, 171.251
272.841, 218.536
Particle 9 new velocities: 39.2275, 23.4546
5.06761, 15.1479
Particle 10 new velocities: -23.0982, 69.1311
49.6679, 55.1883
Particle 11 new velocities: 14.5992, 1.88314
18.3759, -3.08034
Particle 12 new velocities: 18.8255, 38.2027
2.01608, 94.7922
Particle 13 new velocities: 17.8923, 42.6841
14.8824, 9.59715
Particle 14 new velocities: 92.5932, 93.4831
52.347, 48.8847
Particle 15 new velocities: 52.2846, 42.0044
20.8614, 53.7291
Particle 16 new velocities: 66.7983, 78.7197
2.40839, 70.2102
Particle 17 new velocities: 128.339, 145.689
76.1786, 123.543
Particle 18 new velocities: 13.8586, 9.50083
4.63263, 4.06959
Particle 19 new velocities: -22.1202, 21.5662
40.8783, -10.1075
Particle 20 new velocities: -0.94493, 41.0217
18.8006, 11.8897
-- ITERATION 13 --
-------------
Particle: 1:
Relays Coordinates:
159.247, 216.312
84.3597, 107.505
Evaluation Time: 1.28202 seconds
Resulting Fitness: 0.327778
New local best!
New global best!
-------------
Particle: 2:
Relays Coordinates:
172.719, 213.97
74.4383, 109.498
Evaluation Time: 1.48499 seconds
Resulting Fitness: 0.311111
New local best!
-------------
Particle: 3:
Relays Coordinates:
121.629, 151.489
82.1669, 117.736
Evaluation Time: 1.17188 seconds
Resulting Fitness: 0.247222
-------------
Particle: 4:
Relays Coordinates:
159.184, 213.423
92.3777, 122.047
Evaluation Time: 1.34898 seconds
Resulting Fitness: 0.305556
New local best!
-------------
Particle: 5:
Relays Coordinates:
157.35, 196.098
91.868, 98.2905
Evaluation Time: 1.26719 seconds
Resulting Fitness: 0.322222
New local best!
-------------
Particle: 6:
Relays Coordinates:
129.899, 208.916
126.082, 80.4301
Evaluation Time: 1.29218 seconds
Resulting Fitness: 0.294444
-------------
Particle: 7:
Relays Coordinates:
162.378, 187.782
54.2449, 130.442
Evaluation Time: 1.275 seconds
Resulting Fitness: 0.288889
-------------
Particle: 8:
Relays Coordinates:
95.4162, 110.007
145.596, 123.81
Evaluation Time: 1.18783 seconds
Resulting Fitness: 0.238889
-------------
Particle: 9:
Relays Coordinates:
166.47, 218.37
102.151, 98.0487
Evaluation Time: 1.25314 seconds
Resulting Fitness: 0.283333
-------------
Particle: 10:
Relays Coordinates:
81.2692, 131.945
106.944, 121.279
Evaluation Time: 1.19729 seconds
Resulting Fitness: 0.208333
-------------
Particle: 11:
Relays Coordinates:
160.723, 211.248
96.5448, 111.154
Evaluation Time: 1.26872 seconds
Resulting Fitness: 0.305556
-------------
Particle: 12:
Relays Coordinates:
137.987, 198.965
82.4976, 123.646
Evaluation Time: 1.29185 seconds
Resulting Fitness: 0.286111
-------------
Particle: 13:
Relays Coordinates:
152.995, 207.833
95.4243, 111.249
Evaluation Time: 1.32769 seconds
Resulting Fitness: 0.308333
-------------
Particle: 14:
Relays Coordinates:
177.903, 239.259
98.9079, 108.222
Evaluation Time: 1.32614 seconds
Resulting Fitness: 0.275
-------------
Particle: 15:
Relays Coordinates:
156.784, 218.81
113.952, 93.9318
Evaluation Time: 1.29865 seconds
Resulting Fitness: 0.308333
New local best!
-------------
Particle: 16:
Relays Coordinates:
175.636, 212.935
74.8533, 123.54
Evaluation Time: 1.2925 seconds
Resulting Fitness: 0.280556
-------------
Particle: 17:
Relays Coordinates:
175.738, 183.51
94.8138, 110.244
Evaluation Time: 1.26374 seconds
Resulting Fitness: 0.286111
-------------
Particle: 18:
Relays Coordinates:
171.545, 226.353
95.2345, 107.195
Evaluation Time: 1.30368 seconds
Resulting Fitness: 0.3
-------------
Particle: 19:
Relays Coordinates:
79.8439, 197.245
107.716, 52.1672
Evaluation Time: 1.26727 seconds
Resulting Fitness: 0.25
-------------
Particle: 20:
Relays Coordinates:
90.5363, 218.935
86.7634, 111.026
Evaluation Time: 1.28505 seconds
Resulting Fitness: 0.291667
New local best!
Current global best fitness: 0.327778
Current global best relays: 159.247, 216.312
84.3597, 107.505
Particle 1 new velocities: -1.67181, 6.20499
0.440964, 4.68685
Particle 2 new velocities: 50.1715, 74.4241
25.4036, 41.578
Particle 3 new velocities: 52.4749, 15.1208
-2.05814, 25.7911
Particle 4 new velocities: 63.6085, 95.7706
41.5875, 38.0056
Particle 5 new velocities: -6.21274, -5.06686
7.95082, -5.00517
Particle 6 new velocities: 44.3086, 65.5131
-43.2175, 39.6549
Particle 7 new velocities: 18.0796, 43.5927
47.0177, -28.5753
Particle 8 new velocities: 120.74, 249.615
185.323, 183.632
Particle 9 new velocities: 15.2162, 13.3511
-7.45513, 16.5629
Particle 10 new velocities: -24.538, -32.7856
16.4076, 59.1763
Particle 11 new velocities: 10.9703, 8.93171
1.85171, -2.81499
Particle 12 new velocities: 28.6684, 35.3342
20.2081, 41.497
Particle 13 new velocities: 33.5976, 38.0015
3.50913, 3.66223
Particle 14 new velocities: 62.1014, 43.4049
36.246, 47.6057
Particle 15 new velocities: 44.4979, 31.1046
-3.93366, 48.0618
Particle 16 new velocities: 25.0601, 66.5658
2.4524, -12.4271
Particle 17 new velocities: 93.0212, 161.256
47.9842, 65.9044
Particle 18 new velocities: -5.40974, 0.310305
4.86283, 0.659006
Particle 19 new velocities: 120.83, 8.39505
21.9917, 48.1791
Particle 20 new velocities: 63.4376, 31.454
12.3583, 5.1911
-- ITERATION 14 --
-------------
Particle: 1:
Relays Coordinates:
157.575, 222.517
84.8007, 112.192
Evaluation Time: 1.29276 seconds
Resulting Fitness: 0.291667
-------------
Particle: 2:
Relays Coordinates:
180.542, 233.599
80.8719, 122.371
Evaluation Time: 1.4173 seconds
Resulting Fitness: 0.255556
-------------
Particle: 3:
Relays Coordinates:
156.694, 149.949
72.0979, 129.175
Evaluation Time: 1.20725 seconds
Resulting Fitness: 0.266667
-------------
Particle: 4:
Relays Coordinates:
162.416, 225.402
97.6607, 116.679
Evaluation Time: 1.29514 seconds
Resulting Fitness: 0.3
-------------
Particle: 5:
Relays Coordinates:
151.137, 191.032
99.8188, 93.2854
Evaluation Time: 1.31262 seconds
Resulting Fitness: 0.322222
-------------
Particle: 6:
Relays Coordinates:
141.108, 222.287
67.1203, 97.2688
Evaluation Time: 1.26032 seconds
Resulting Fitness: 0.269444
-------------
Particle: 7:
Relays Coordinates:
180.458, 231.375
101.263, 101.867
Evaluation Time: 1.30739 seconds
Resulting Fitness: 0.280556
-------------
Particle: 8:
Relays Coordinates:
75.3689, 125.392
115.384, 107.198
Evaluation Time: 1.18344 seconds
Resulting Fitness: 0.219444
-------------
Particle: 9:
Relays Coordinates:
181.686, 231.721
94.6961, 114.612
Evaluation Time: 1.28013 seconds
Resulting Fitness: 0.269444
-------------
Particle: 10:
Relays Coordinates:
56.7312, 99.1596
123.352, 180.455
Evaluation Time: 1.27062 seconds
Resulting Fitness: 0.269444
New local best!
-------------
Particle: 11:
Relays Coordinates:
171.693, 220.18
98.3965, 108.339
Evaluation Time: 1.29672 seconds
Resulting Fitness: 0.333333
New local best!
New global best!
-------------
Particle: 12:
Relays Coordinates:
121.492, 170.804
74.8725, 120.389
Evaluation Time: 1.22406 seconds
Resulting Fitness: 0.280556
-------------
Particle: 13:
Relays Coordinates:
167.934, 221.251
89.04, 103.42
Evaluation Time: 1.29371 seconds
Resulting Fitness: 0.352778
New local best!
New global best!
-------------
Particle: 14:
Relays Coordinates:
174.963, 206.062
98.5272, 113.598
Evaluation Time: 1.25224 seconds
Resulting Fitness: 0.297222
-------------
Particle: 15:
Relays Coordinates:
163.038, 202.431
89.1147, 115.015
Evaluation Time: 1.2703 seconds
Resulting Fitness: 0.305556
-------------
Particle: 16:
Relays Coordinates:
146.307, 203.756
56.3558, 81.001
Evaluation Time: 1.27738 seconds
Resulting Fitness: 0.277778
-------------
Particle: 17:
Relays Coordinates:
176.333, 226.201
93.6898, 115.571
Evaluation Time: 1.31802 seconds
Resulting Fitness: 0.344444
New local best!
-------------
Particle: 18:
Relays Coordinates:
166.135, 226.664
100.097, 107.854
Evaluation Time: 1.29214 seconds
Resulting Fitness: 0.313889
-------------
Particle: 19:
Relays Coordinates:
180.607, 185.076
116.737, 90.3117
Evaluation Time: 1.24002 seconds
Resulting Fitness: 0.288889
New local best!
-------------
Particle: 20:
Relays Coordinates:
153.974, 250.389
99.1217, 116.217
Evaluation Time: 1.29351 seconds
Resulting Fitness: 0.266667
Current global best fitness: 0.352778
Current global best relays: 167.934, 221.251
89.04, 103.42
Particle 1 new velocities: 3.0178, -3.80788
3.05706, -1.34609
Particle 2 new velocities: 22.8556, 19.7266
21.5869, 11.0791
Particle 3 new velocities: 39.4042, 123.77
13.6844, 13.529
Particle 4 new velocities: 46.2914, 73.5162
20.1514, 33.3948
Particle 5 new velocities: 12.4816, 17.6977
-0.246895, 10.6739
Particle 6 new velocities: 45.7288, 8.09374
-29.2863, 32.3774
Particle 7 new velocities: -14.7029, -14.0732
-14.4834, -32.3603
Particle 8 new velocities: 133.433, 184.546
274.153, 190.391
Particle 9 new velocities: -19.0788, -1.38446
2.6705, -0.281692
Particle 10 new velocities: 100.99, 122.983
-20.2198, -32.7312
Particle 11 new velocities: 8.197, 7.57643
-10.139, -6.86948
Particle 12 new velocities: 104.478, 67.5478
55.2881, 5.50436
Particle 13 new velocities: 26.8781, 30.4012
2.80731, 2.92978
Particle 14 new velocities: 42.9904, 65.1394
14.9536, 31.7818
Particle 15 new velocities: 26.9699, 50.0035
19.792, 10.6556
Particle 16 new velocities: 37.8884, 70.9618
28.8356, -5.25764
Particle 17 new velocities: 73.4999, 124.008
35.0645, 51.5676
Particle 18 new velocities: 1.98103, -11.2295
-7.52873, -6.92103
Particle 19 new velocities: 82.8452, 18.0473
-6.96627, 49.277
Particle 20 new velocities: 10.2446, -41.3733
-10.9604, -17.3194
-- ITERATION 15 --
-------------
Particle: 1:
Relays Coordinates:
160.593, 218.709
87.8578, 110.846
Evaluation Time: 1.30814 seconds
Resulting Fitness: 0.308333
-------------
Particle: 2:
Relays Coordinates:
183.058, 227.993
92.213, 120.105
Evaluation Time: 1.337 seconds
Resulting Fitness: 0.291667
-------------
Particle: 3:
Relays Coordinates:
176.488, 246.348
77.204, 128.433
Evaluation Time: 1.26306 seconds
Resulting Fitness: 0.236111
-------------
Particle: 4:
Relays Coordinates:
169.053, 242.124
95.4278, 121.559
Evaluation Time: 1.30185 seconds
Resulting Fitness: 0.269444
-------------
Particle: 5:
Relays Coordinates:
163.618, 208.729
99.572, 103.959
Evaluation Time: 1.28131 seconds
Resulting Fitness: 0.305556
-------------
Particle: 6:
Relays Coordinates:
151.338, 186.609
30.6455, 105.013
Evaluation Time: 1.2579 seconds
Resulting Fitness: 0.277778
-------------
Particle: 7:
Relays Coordinates:
149.179, 195.572
78.1013, 62.5556
Evaluation Time: 1.24389 seconds
Resulting Fitness: 0.261111
-------------
Particle: 8:
Relays Coordinates:
80.8942, 120.076
150.915, 115.292
Evaluation Time: 1.19998 seconds
Resulting Fitness: 0.238889
-------------
Particle: 9:
Relays Coordinates:
162.607, 230.336
97.3666, 114.33
Evaluation Time: 1.33513 seconds
Resulting Fitness: 0.302778
-------------
Particle: 10:
Relays Coordinates:
127.754, 179.935
83.537, 119.657
Evaluation Time: 1.34687 seconds
Resulting Fitness: 0.275
New local best!
-------------
Particle: 11:
Relays Coordinates:
161.901, 204.981
79.4317, 91.3222
Evaluation Time: 1.3103 seconds
Resulting Fitness: 0.305556
-------------
Particle: 12:
Relays Coordinates:
183.035, 193.065
105.43, 101.974
Evaluation Time: 1.22442 seconds
Resulting Fitness: 0.291667
-------------
Particle: 13:
Relays Coordinates:
157.798, 203.838
74.3964, 86.1434
Evaluation Time: 1.31086 seconds
Resulting Fitness: 0.3
-------------
Particle: 14:
Relays Coordinates:
176.543, 219.673
91.9194, 117.758
Evaluation Time: 1.32085 seconds
Resulting Fitness: 0.319444
-------------
Particle: 15:
Relays Coordinates:
171.007, 227.191
98.016, 113.103
Evaluation Time: 1.40096 seconds
Resulting Fitness: 0.325
New local best!
-------------
Particle: 16:
Relays Coordinates:
120.851, 180.242
55.8941, 49.6952
Evaluation Time: 1.25439 seconds
Resulting Fitness: 0.261111
-------------
Particle: 17:
Relays Coordinates:
163.915, 229.772
84.4757, 109.659
Evaluation Time: 1.26815 seconds
Resulting Fitness: 0.294444
-------------
Particle: 18:
Relays Coordinates:
168.116, 215.434
92.5686, 100.933
Evaluation Time: 1.39886 seconds
Resulting Fitness: 0.322222
New local best!
-------------
Particle: 19:
Relays Coordinates:
213.396, 164.53
88.9141, 113.067
Evaluation Time: 1.23967 seconds
Resulting Fitness: 0.261111
-------------
Particle: 20:
Relays Coordinates:
164.219, 209.016
88.1613, 98.8976
Evaluation Time: 1.36066 seconds
Resulting Fitness: 0.308333
New local best!
Current global best fitness: 0.352778
Current global best relays: 167.934, 221.251
89.04, 103.42
Particle 1 new velocities: 6.02161, -1.83131
-1.46175, -13.1954
Particle 2 new velocities: 2.05934, -11.6617
-5.29397, 1.2917
Particle 3 new velocities: -21.0607, 53.6381
7.81459, -16.2609
Particle 4 new velocities: 33.2423, 25.8674
11.1724, 19.2857
Particle 5 new velocities: 2.949, 7.13141
-15.445, -0.126216
Particle 6 new velocities: 55.2184, 23.9624
21.8357, 17.4742
Particle 7 new velocities: -9.21695, 7.30695
-15.7715, 33.9796
Particle 8 new velocities: 240.411, 213.99
206.954, 184.606
Particle 9 new velocities: -51.8425, -25.9712
8.23307, -15.0525
Particle 10 new velocities: 117.511, 141.181
-15.1435, -26.3521
Particle 11 new velocities: 10.3043, 37.9435
9.03894, 20.662
Particle 12 new velocities: 44.0202, 58.6726
16.406, 5.40504
Particle 13 new velocities: 36.7968, 46.0723
21.9584, 24.6593
Particle 14 new velocities: 26.4385, 66.7651
14.6773, 19.5673
Particle 15 new velocities: 19.2506, 37.1763
7.30342, 7.92945
Particle 16 new velocities: 108.787, 120.294
50.8625, 34.2326
Particle 17 new velocities: 73.0109, 92.5072
33.854, 41.6395
Particle 18 new velocities: 1.46572, -4.65127
-9.07497, -3.3724
Particle 19 new velocities: -4.73982, 104.128
-1.79284, 17.7726
Particle 20 new velocities: 10.3354, -27.6129
-8.36456, -8.10928
-- ITERATION 16 --
-------------
Particle: 1:
Relays Coordinates:
166.615, 216.878
86.396, 97.6508
Evaluation Time: 1.30699 seconds
Resulting Fitness: 0.316667
-------------
Particle: 2:
Relays Coordinates:
185.117, 216.331
86.919, 121.397
Evaluation Time: 1.27477 seconds
Resulting Fitness: 0.305556
-------------
Particle: 3:
Relays Coordinates:
113.307, 218.69
61.9786, 81.7737
Evaluation Time: 1.27868 seconds
Resulting Fitness: 0.25
-------------
Particle: 4:
Relays Coordinates:
163.859, 217.073
86.3461, 114.085
Evaluation Time: 1.29731 seconds
Resulting Fitness: 0.325
New local best!
-------------
Particle: 5:
Relays Coordinates:
166.567, 215.861
84.127, 103.833
Evaluation Time: 1.3427 seconds
Resulting Fitness: 0.319444
-------------
Particle: 6:
Relays Coordinates:
167.311, 170.563
42.5098, 99.215
Evaluation Time: 1.28331 seconds
Resulting Fitness: 0.269444
-------------
Particle: 7:
Relays Coordinates:
139.962, 202.879
62.3298, 96.5352
Evaluation Time: 1.22367 seconds
Resulting Fitness: 0.291667
-------------
Particle: 8:
Relays Coordinates:
100.829, 104.833
112.303, 94.1111
Evaluation Time: 1.13453 seconds
Resulting Fitness: 0.208333
-------------
Particle: 9:
Relays Coordinates:
110.764, 204.365
105.6, 99.2774
Evaluation Time: 1.22161 seconds
Resulting Fitness: 0.280556
-------------
Particle: 10:
Relays Coordinates:
130.344, 170.654
36.3471, 49.5858
Evaluation Time: 1.29856 seconds
Resulting Fitness: 0.261111
-------------
Particle: 11:
Relays Coordinates:
154.985, 218.632
79.6236, 100.786
Evaluation Time: 1.2955 seconds
Resulting Fitness: 0.297222
-------------
Particle: 12:
Relays Coordinates:
183.915, 203.908
98.6872, 86.9768
Evaluation Time: 1.28361 seconds
Resulting Fitness: 0.277778
-------------
Particle: 13:
Relays Coordinates:
175.135, 224.919
86.7193, 99.7224
Evaluation Time: 1.28865 seconds
Resulting Fitness: 0.305556
-------------
Particle: 14:
Relays Coordinates:
164.415, 232.015
86.3433, 111.233
Evaluation Time: 1.27446 seconds
Resulting Fitness: 0.302778
-------------
Particle: 15:
Relays Coordinates:
171.232, 237.931
94.7875, 108.93
Evaluation Time: 1.29529 seconds
Resulting Fitness: 0.272222
-------------
Particle: 16:
Relays Coordinates:
135.599, 177.464
63.0387, 49.5585
Evaluation Time: 1.28355 seconds
Resulting Fitness: 0.313889
New local best!
-------------
Particle: 17:
Relays Coordinates:
172.719, 234.942
86.2623, 110.297
Evaluation Time: 1.30807 seconds
Resulting Fitness: 0.263889
-------------
Particle: 18:
Relays Coordinates:
169.582, 210.783
83.4936, 97.5602
Evaluation Time: 1.26771 seconds
Resulting Fitness: 0.305556
-------------
Particle: 19:
Relays Coordinates:
169.012, 217.613
70.5683, 105.98
Evaluation Time: 1.28213 seconds
Resulting Fitness: 0.319444
New local best!
-------------
Particle: 20:
Relays Coordinates:
174.554, 181.403
79.7967, 90.7883
Evaluation Time: 1.24013 seconds
Resulting Fitness: 0.3
Current global best fitness: 0.352778
Current global best relays: 167.934, 221.251
89.04, 103.42
Particle 1 new velocities: -1.59935, 2.38851
2.13442, -5.03283
Particle 2 new velocities: -21.0219, -9.31615
-14.7034, -10.4436
Particle 3 new velocities: 21.1648, -15.6265
21.7289, 46.9399
Particle 4 new velocities: 27.6091, 22.8668
10.2227, 3.9631
Particle 5 new velocities: -8.6136, -1.27562
-6.43276, -1.34279
Particle 6 new velocities: 25.6916, 80.8826
28.1466, 10.9099
Particle 7 new velocities: 15.4014, 18.1971
16.8714, 34.3453
Particle 8 new velocities: 243.28, 270.891
199.337, 156.681
Particle 9 new velocities: -4.52401, -2.01055
-6.56321, -9.48689
Particle 10 new velocities: 124.537, 160.535
46.8268, 118.239
Particle 11 new velocities: 26.2625, 32.9193
12.3463, 21.0686
Particle 12 new velocities: -35.0528, 46.4017
2.01014, 42.4414
Particle 13 new velocities: 19.4046, 29.479
22.6377, 23.1451
Particle 14 new velocities: 33.4807, 46.1972
21.2617, 19.4926
Particle 15 new velocities: 14.2277, 5.69097
7.15088, 10.3985
Particle 16 new velocities: 92.9891, 139.507
45.2349, 37.319
Particle 17 new velocities: 53.5586, 54.3234
29.4909, 33.4099
Particle 18 new velocities: -0.141464, 6.61396
-2.41771, 4.2353
Particle 19 new velocities: -4.38658, 84.1267
22.3846, 11.0711
Particle 20 new velocities: -1.28045, 21.975
3.6666, -4.22554
-- ITERATION 17 --
-------------
Particle: 1:
Relays Coordinates:
165.015, 219.267
88.5304, 92.618
Evaluation Time: 1.29202 seconds
Resulting Fitness: 0.302778
-------------
Particle: 2:
Relays Coordinates:
164.095, 207.015
72.2156, 110.953
Evaluation Time: 1.30862 seconds
Resulting Fitness: 0.319444
New local best!
-------------
Particle: 3:
Relays Coordinates:
134.471, 203.063
83.7075, 128.714
Evaluation Time: 1.25022 seconds
Resulting Fitness: 0.277778
-------------
Particle: 4:
Relays Coordinates:
191.468, 239.94
96.5689, 118.048
Evaluation Time: 1.30129 seconds
Resulting Fitness: 0.263889
-------------
Particle: 5:
Relays Coordinates:
157.954, 214.585
77.6942, 102.49
Evaluation Time: 1.29003 seconds
Resulting Fitness: 0.319444
-------------
Particle: 6:
Relays Coordinates:
156.332, 203.671
57.2317, 89.2012
Evaluation Time: 1.28898 seconds
Resulting Fitness: 0.283333
-------------
Particle: 7:
Relays Coordinates:
155.364, 221.076
79.2012, 130.881
Evaluation Time: 1.28318 seconds
Resulting Fitness: 0.261111
-------------
Particle: 8:
Relays Coordinates:
133.315, 145.564
120.736, 97.1619
Evaluation Time: 1.21785 seconds
Resulting Fitness: 0.247222
-------------
Particle: 9:
Relays Coordinates:
106.24, 202.354
99.0364, 89.7905
Evaluation Time: 1.19571 seconds
Resulting Fitness: 0.280556
-------------
Particle: 10:
Relays Coordinates:
150.504, 195.564
49.1134, 99.099
Evaluation Time: 1.30059 seconds
Resulting Fitness: 0.288889
New local best!
-------------
Particle: 11:
Relays Coordinates:
163.123, 226.396
82.7729, 109.669
Evaluation Time: 1.32931 seconds
Resulting Fitness: 0.313889
-------------
Particle: 12:
Relays Coordinates:
133.976, 225.279
90.6276, 116.476
Evaluation Time: 1.23528 seconds
Resulting Fitness: 0.272222
-------------
Particle: 13:
Relays Coordinates:
175.086, 228.958
98.4212, 110.581
Evaluation Time: 1.32311 seconds
Resulting Fitness: 0.319444
-------------
Particle: 14:
Relays Coordinates:
160.295, 225.352
87.16, 105.888
Evaluation Time: 1.28047 seconds
Resulting Fitness: 0.302778
-------------
Particle: 15:
Relays Coordinates:
166.914, 219.26
91.7445, 107.395
Evaluation Time: 1.29959 seconds
Resulting Fitness: 0.313889
-------------
Particle: 16:
Relays Coordinates:
134.979, 187.168
63.9345, 51.3003
Evaluation Time: 1.26656 seconds
Resulting Fitness: 0.291667
-------------
Particle: 17:
Relays Coordinates:
183.285, 234.305
93.7602, 116.402
Evaluation Time: 1.32684 seconds
Resulting Fitness: 0.269444
-------------
Particle: 18:
Relays Coordinates:
169.441, 217.397
81.0759, 101.795
Evaluation Time: 1.36634 seconds
Resulting Fitness: 0.319444
-------------
Particle: 19:
Relays Coordinates:
120.012, 219.968
67.7626, 85.3303
Evaluation Time: 1.30666 seconds
Resulting Fitness: 0.272222
-------------
Particle: 20:
Relays Coordinates:
173.274, 203.378
83.4633, 86.5627
Evaluation Time: 1.32226 seconds
Resulting Fitness: 0.297222
Current global best fitness: 0.352778
Current global best relays: 167.934, 221.251
89.04, 103.42
Particle 1 new velocities: 1.08515, 2.35185
-4.16432, 16.9824
Particle 2 new velocities: -16.166, -1.84121
-1.13013, -9.05722
Particle 3 new velocities: 25.6368, -43.5202
11.5432, 22.8544
Particle 4 new velocities: -34.3459, 12.7784
-5.94845, -5.82095
Particle 5 new velocities: 1.54418, -22.135
11.9849, -2.97981
Particle 6 new velocities: -5.37208, 52.2421
38.3382, 20.6202
Particle 7 new velocities: 15.8574, -10.4112
0.0163317, -50.4713
Particle 8 new velocities: 180.251, 110.01
272.626, 204.191
Particle 9 new velocities: 56.4039, 21.1235
3.96535, 17.1773
Particle 10 new velocities: 103.796, 146.755
40.8214, 96.875
Particle 11 new velocities: 33.9206, 19.467
21.7892, 15.5523
Particle 12 new velocities: -17.1124, 23.0628
0.953117, 10.6471
Particle 13 new velocities: 6.15537, 13.6168
11.0265, 7.10134
Particle 14 new velocities: 52.6658, 35.1726
29.8866, 18.2272
Particle 15 new velocities: 16.1154, 8.27691
6.8406, 11.3147
Particle 16 new velocities: 81.8458, 109.092
59.4888, 31.3414
Particle 17 new velocities: 15.8624, 29.7418
19.6742, 17.6335
Particle 18 new velocities: -1.54009, 4.99677
13.6126, 3.00137
Particle 19 new velocities: 75.385, 65.2487
25.7191, 51.3888
Particle 20 new velocities: -8.44869, 41.8165
13.0544, 14.5694
-- ITERATION 18 --
-------------
Particle: 1:
Relays Coordinates:
166.101, 221.618
84.3661, 109.6
Evaluation Time: 1.34695 seconds
Resulting Fitness: 0.327778
-------------
Particle: 2:
Relays Coordinates:
147.929, 205.174
71.0855, 101.896
Evaluation Time: 1.27293 seconds
Resulting Fitness: 0.294444
-------------
Particle: 3:
Relays Coordinates:
129.688, 129.23
77.1531, 122.77
Evaluation Time: 1.19473 seconds
Resulting Fitness: 0.244444
-------------
Particle: 4:
Relays Coordinates:
141.41, 227.446
81.5584, 101.004
Evaluation Time: 1.28182 seconds
Resulting Fitness: 0.280556
-------------
Particle: 5:
Relays Coordinates:
159.498, 192.45
89.6791, 99.5105
Evaluation Time: 1.2613 seconds
Resulting Fitness: 0.316667
-------------
Particle: 6:
Relays Coordinates:
135.864, 230.321
86.0129, 98.8393
Evaluation Time: 1.23187 seconds
Resulting Fitness: 0.277778
-------------
Particle: 7:
Relays Coordinates:
154.099, 189.598
71.2958, 72.3683
Evaluation Time: 1.23491 seconds
Resulting Fitness: 0.280556
-------------
Particle: 8:
Relays Coordinates:
109.334, 89.1131
137.157, 105.075
Evaluation Time: 1.16859 seconds
Resulting Fitness: 0.213889
-------------
Particle: 9:
Relays Coordinates:
162.644, 223.478
103.002, 106.968
Evaluation Time: 1.27529 seconds
Resulting Fitness: 0.305556
-------------
Particle: 10:
Relays Coordinates:
166.847, 224.596
59.0062, 128.579
Evaluation Time: 1.29971 seconds
Resulting Fitness: 0.288889
-------------
Particle: 11:
Relays Coordinates:
177.339, 221.277
94.1059, 112.699
Evaluation Time: 1.28482 seconds
Resulting Fitness: 0.330556
-------------
Particle: 12:
Relays Coordinates:
105.177, 223.507
82.4227, 114.411
Evaluation Time: 1.30299 seconds
Resulting Fitness: 0.277778
-------------
Particle: 13:
Relays Coordinates:
163.117, 218.318
98.5029, 105.914
Evaluation Time: 1.32556 seconds
Resulting Fitness: 0.319444
-------------
Particle: 14:
Relays Coordinates:
191.665, 234.472
105.342, 111.704
Evaluation Time: 1.27869 seconds
Resulting Fitness: 0.272222
-------------
Particle: 15:
Relays Coordinates:
183.029, 227.536
98.5851, 118.71
Evaluation Time: 1.31189 seconds
Resulting Fitness: 0.277778
-------------
Particle: 16:
Relays Coordinates:
142.259, 194.376
80.978, 54.2212
Evaluation Time: 1.26654 seconds
Resulting Fitness: 0.272222
-------------
Particle: 17:
Relays Coordinates:
161.309, 213.878
91.8818, 108.569
Evaluation Time: 1.30114 seconds
Resulting Fitness: 0.327778
-------------
Particle: 18:
Relays Coordinates:
167.901, 222.394
94.6885, 104.797
Evaluation Time: 1.30468 seconds
Resulting Fitness: 0.319444
-------------
Particle: 19:
Relays Coordinates:
158.271, 231.026
75.7202, 110.742
Evaluation Time: 1.28705 seconds
Resulting Fitness: 0.283333
-------------
Particle: 20:
Relays Coordinates:
148.342, 220.675
86.866, 91.0189
Evaluation Time: 1.27732 seconds
Resulting Fitness: 0.283333
Current global best fitness: 0.352778
Current global best relays: 167.934, 221.251
89.04, 103.42
Particle 1 new velocities: -1.99713, -6.37228
-0.909939, 10.5115
Particle 2 new velocities: 22.6279, 14.6612
4.43491, 5.67643
Particle 3 new velocities: 63.3431, 43.7888
21.7392, 21.5302
Particle 4 new velocities: -7.68444, -6.0297
-1.70169, 7.92616
Particle 5 new velocities: 10.4604, -7.96873
10.1787, -0.313845
Particle 6 new velocities: -0.370477, -28.9416
16.9118, 18.8002
Particle 7 new velocities: 29.1184, 37.7408
14.537, -2.59817
Particle 8 new velocities: 148.501, 63.6281
194.141, 236.816
Particle 9 new velocities: 38.1604, -1.43545
-4.33714, 8.69276
Particle 10 new velocities: 73.432, 71.8479
46.943, 16.4748
Particle 11 new velocities: 20.4477, 14.1029
15.8161, -5.02551
Particle 12 new velocities: 45.6456, -35.6769
18.2507, -7.08433
Particle 13 new velocities: 10.7814, 14.709
-7.52291, 4.27876
Particle 14 new velocities: -14.8108, 8.85817
2.82863, 5.74035
Particle 15 new velocities: -7.75589, 5.73394
4.19173, -9.94281
Particle 16 new velocities: 95.7356, 91.7776
56.8124, 43.7023
Particle 17 new velocities: 37.3368, 38.8192
14.9833, 13.4545
Particle 18 new velocities: -0.959961, -4.16111
5.55524, -0.529415
Particle 19 new velocities: 89.2535, 39.9956
29.5368, 31.3255
Particle 20 new velocities: 15.7234, 29.0133
12.2736, 18.8844
-- ITERATION 19 --
-------------
Particle: 1:
Relays Coordinates:
164.103, 215.246
83.4562, 120.112
Evaluation Time: 1.29728 seconds
Resulting Fitness: 0.322222
-------------
Particle: 2:
Relays Coordinates:
170.557, 219.835
75.5204, 107.573
Evaluation Time: 1.36539 seconds
Resulting Fitness: 0.316667
-------------
Particle: 3:
Relays Coordinates:
156.355, 140.145
80.1028, 116.883
Evaluation Time: 1.22893 seconds
Resulting Fitness: 0.252778
-------------
Particle: 4:
Relays Coordinates:
133.726, 221.416
79.8567, 108.93
Evaluation Time: 1.29202 seconds
Resulting Fitness: 0.297222
-------------
Particle: 5:
Relays Coordinates:
169.958, 184.481
99.8578, 99.1966
Evaluation Time: 1.29788 seconds
Resulting Fitness: 0.3
-------------
Particle: 6:
Relays Coordinates:
121.944, 181.242
92.6322, 105.875
Evaluation Time: 1.23146 seconds
Resulting Fitness: 0.261111
-------------
Particle: 7:
Relays Coordinates:
148.406, 184.144
69.5245, 56.5138
Evaluation Time: 1.30492 seconds
Resulting Fitness: 0.297222
-------------
Particle: 8:
Relays Coordinates:
123.322, 73.0557
158.458, 163.525
Evaluation Time: 1.28088 seconds
Resulting Fitness: 0.280556
New local best!
-------------
Particle: 9:
Relays Coordinates:
200.805, 222.042
98.6646, 115.661
Evaluation Time: 1.34172 seconds
Resulting Fitness: 0.269444
-------------
Particle: 10:
Relays Coordinates:
175.163, 216.107
77.2369, 105.744
Evaluation Time: 1.3202 seconds
Resulting Fitness: 0.316667
New local best!
-------------
Particle: 11:
Relays Coordinates:
178.008, 211.842
98.9298, 96.9063
Evaluation Time: 1.2828 seconds
Resulting Fitness: 0.263889
-------------
Particle: 12:
Relays Coordinates:
150.823, 187.83
100.673, 107.327
Evaluation Time: 1.28656 seconds
Resulting Fitness: 0.3
-------------
Particle: 13:
Relays Coordinates:
173.898, 233.027
90.98, 110.193
Evaluation Time: 1.35508 seconds
Resulting Fitness: 0.280556
-------------
Particle: 14:
Relays Coordinates:
159.169, 218.997
97.3536, 105.7
Evaluation Time: 1.28917 seconds
Resulting Fitness: 0.286111
-------------
Particle: 15:
Relays Coordinates:
175.273, 233.27
102.777, 108.767
Evaluation Time: 1.36671 seconds
Resulting Fitness: 0.288889
-------------
Particle: 16:
Relays Coordinates:
156.148, 187.746
90.4043, 64.2476
Evaluation Time: 1.23656 seconds
Resulting Fitness: 0.291667
-------------
Particle: 17:
Relays Coordinates:
178.782, 227.427
96.1786, 109.821
Evaluation Time: 1.27413 seconds
Resulting Fitness: 0.305556
-------------
Particle: 18:
Relays Coordinates:
166.941, 218.233
100.244, 104.267
Evaluation Time: 1.33652 seconds
Resulting Fitness: 0.327778
New local best!
-------------
Particle: 19:
Relays Coordinates:
180.446, 197.574
76.7324, 103.567
Evaluation Time: 1.24831 seconds
Resulting Fitness: 0.291667
-------------
Particle: 20:
Relays Coordinates:
164.066, 249.688
99.1395, 109.903
Evaluation Time: 1.27534 seconds
Resulting Fitness: 0.277778
Current global best fitness: 0.352778
Current global best relays: 167.934, 221.251
89.04, 103.42
Particle 1 new velocities: -6.68058, -3.71794
4.97273, -8.06782
Particle 2 new velocities: 16.0618, -7.23317
11.1618, 4.50212
Particle 3 new velocities: 49.7897, 150.834
15.7262, 18.0618
Particle 4 new velocities: 25.3458, -7.89265
7.63742, 8.21179
Particle 5 new velocities: -5.60557, 15.9666
-8.6745, 1.28738
Particle 6 new velocities: 23.8279, -2.45654
9.40252, 5.8455
Particle 7 new velocities: 44.2704, 92.6169
34.9363, 60.8795
Particle 8 new velocities: 159.662, 117.755
144.123, 169.023
Particle 9 new velocities: -62.8226, -4.31771
3.83619, -12.709
Particle 10 new velocities: 57.6214, 58.3392
40.959, 10.3114
Particle 11 new velocities: 2.79407, 32.5141
4.2433, 8.27604
Particle 12 new velocities: 40.8052, -4.86046
-2.48551, -9.09562
Particle 13 new velocities: -3.56584, -9.44901
-10.8251, -5.58468
Particle 14 new velocities: -3.80048, 19.0533
-5.38428, 7.2851
Particle 15 new velocities: -16.5027, -3.85813
-4.16535, -2.93754
Particle 16 new velocities: 57.6757, 96.2845
33.9161, 57.0347
Particle 17 new velocities: 14.3208, 23.2642
4.7443, 11.7045
Particle 18 new velocities: -0.350305, -1.3556
-0.615717, -1.09706
Particle 19 new velocities: 64.8335, 56.4657
17.094, 25.1081
Particle 20 new velocities: 16.7108, -13.3106
4.13599, 3.46255
-- ITERATION 20 --
-------------
Particle: 1:
Relays Coordinates:
157.423, 211.528
88.4289, 112.044
Evaluation Time: 1.2734 seconds
Resulting Fitness: 0.313889
-------------
Particle: 2:
Relays Coordinates:
186.619, 212.602
86.6822, 112.075
Evaluation Time: 1.3219 seconds
Resulting Fitness: 0.302778
-------------
Particle: 3:
Relays Coordinates:
166.977, 235.693
77.6214, 109.305
Evaluation Time: 1.29004 seconds
Resulting Fitness: 0.266667
-------------
Particle: 4:
Relays Coordinates:
159.071, 213.524
87.4941, 117.142
Evaluation Time: 1.34575 seconds
Resulting Fitness: 0.327778
New local best!
-------------
Particle: 5:
Relays Coordinates:
164.353, 200.448
91.1833, 100.484
Evaluation Time: 1.25636 seconds
Resulting Fitness: 0.311111
-------------
Particle: 6:
Relays Coordinates:
145.772, 178.785
102.035, 111.721
Evaluation Time: 1.28254 seconds
Resulting Fitness: 0.305556
New local best!
-------------
Particle: 7:
Relays Coordinates:
156.068, 224.177
84.6133, 95.0886
Evaluation Time: 1.30971 seconds
Resulting Fitness: 0.280556
-------------
Particle: 8:
Relays Coordinates:
121.815, 82.1377
130.251, 143.151
Evaluation Time: 1.1851 seconds
Resulting Fitness: 0.247222
-------------
Particle: 9:
Relays Coordinates:
137.982, 217.725
102.501, 102.952
Evaluation Time: 1.27198 seconds
Resulting Fitness: 0.280556
-------------
Particle: 10:
Relays Coordinates:
169.7, 200.072
86.1648, 84.6043
Evaluation Time: 1.26062 seconds
Resulting Fitness: 0.294444
-------------
Particle: 11:
Relays Coordinates:
162.722, 219.92
92.8558, 94.6641
Evaluation Time: 1.26833 seconds
Resulting Fitness: 0.3
-------------
Particle: 12:
Relays Coordinates:
191.628, 182.97
98.1879, 98.2311
Evaluation Time: 1.24297 seconds
Resulting Fitness: 0.286111
-------------
Particle: 13:
Relays Coordinates:
170.332, 223.578
80.1549, 104.608
Evaluation Time: 1.31605 seconds
Resulting Fitness: 0.322222
-------------
Particle: 14:
Relays Coordinates:
155.368, 238.051
91.9693, 112.985
Evaluation Time: 1.27761 seconds
Resulting Fitness: 0.291667
-------------
Particle: 15:
Relays Coordinates:
158.77, 229.412
98.6115, 105.83
Evaluation Time: 1.2841 seconds
Resulting Fitness: 0.280556
-------------
Particle: 16:
Relays Coordinates:
173.197, 230.064
100.7, 98.2386
Evaluation Time: 1.28819 seconds
Resulting Fitness: 0.288889
-------------
Particle: 17:
Relays Coordinates:
173.792, 225.622
90.8306, 109.373
Evaluation Time: 1.33926 seconds
Resulting Fitness: 0.327778
-------------
Particle: 18:
Relays Coordinates:
166.59, 216.877
99.628, 103.17
Evaluation Time: 1.33779 seconds
Resulting Fitness: 0.316667
-------------
Particle: 19:
Relays Coordinates:
178.808, 185.195
68.3994, 93.8045
Evaluation Time: 1.28295 seconds
Resulting Fitness: 0.286111
-------------
Particle: 20:
Relays Coordinates:
180.777, 236.378
103.276, 113.366
Evaluation Time: 1.31553 seconds
Resulting Fitness: 0.305556
Final Evaluation Time: 530.472 seconds
Final global best fitness: 0.352778
Final global best relays:
167.934, 221.251
89.04, 103.42
