ITERATION: 0
new best fitness: 0.388889
ITERATION: 1
new best fitness: 0.538889
ITERATION: 2
new best fitness: 0.561111
ITERATION: 30
new best fitness: 0.563889
ITERATION: 32
new best fitness: 0.586111
ITERATION: 42
new best fitness: 0.619444
ITERATION: 67
new best fitness: 0.647222
ITERATION: 139
new best fitness: 0.652778
Final Evaluation Time: 724.68 seconds
Final global best fitness: 0.652778
Final global best relays:
274.536, 364.777
66.5426, 47.7367
137.128, 99.6904
263.136, 47.2564
373.272, 267.636
337.464, 160.012
