ITERATION: 0
new best fitness: 0.572222
ITERATION: 1
new best fitness: 0.658333
ITERATION: 6
new best fitness: 0.694444
ITERATION: 20
new best fitness: 0.716667
ITERATION: 60
new best fitness: 0.719444
ITERATION: 106
new best fitness: 0.722222
ITERATION: 234
new best fitness: 0.794444
ITERATION: 315
new best fitness: 0.805556
Final Evaluation Time: 790.46 seconds
Final global best fitness: 0.805556
Final global best relays:
348.174, 318.769
62.8211, 130.366
175.167, 331.524
271.872, 235.044
251.674, 102.506
189.669, 171.454
