ITERATION: 0
new best fitness: 0.454762
ITERATION: 1
new best fitness: 0.52619
ITERATION: 6
new best fitness: 0.540476
ITERATION: 10
new best fitness: 0.554762
ITERATION: 24
new best fitness: 0.557143
ITERATION: 55
new best fitness: 0.583333
ITERATION: 193
new best fitness: 0.585714
ITERATION: 329
new best fitness: 0.592857
ITERATION: 345
new best fitness: 0.602381
Final Evaluation Time: 871.16 seconds
Final global best fitness: 0.602381
Final global best relays:
80.7216, 91.2445
326.024, 185.329
361.385, 431.754
315.041, 325.091
421.683, 452.851
182.425, 178.195
