PSO EXECUTION
============================
Seed: 60466
Particles: 20
Relays: 2
Iterations: 20
Backend: Simulation
Network Configuration: 1
Area: 600 x 600
Sink: 0, 0
Simulated Relay range: 155
w: 0.8
c1: 1.7
c2: 1.3

Relay Nodes Positions: 
PARTICLE 1: 
29.8145, 189.871
67.6375, 46.3324
PARTICLE 2: 
74.3667, 146.71
102.749, 93.8122
PARTICLE 3: 
21.5186, 164.712
41.9055, 100.882
PARTICLE 4: 
177.12, 110.179
45.8336, 63.9469
PARTICLE 5: 
212.053, 51.5389
131.616, 26.6686
PARTICLE 6: 
16.0518, 148.703
42.8553, 147.591
PARTICLE 7: 
45.6284, 8.47272
62.4005, 117.074
PARTICLE 8: 
39.2982, 47.4248
185.668, 40.2256
PARTICLE 9: 
110.254, 210.475
28.6315, 102.529
PARTICLE 10: 
30.1668, 73.8732
52.4654, 135.866
PARTICLE 11: 
39.0992, 189.818
66.9179, 53.2216
PARTICLE 12: 
1.41844, 120.731
139.986, 185.782
PARTICLE 13: 
84.0929, 93.1249
111.379, 202.558
PARTICLE 14: 
95.9404, 67.7742
31.957, 96.9339
PARTICLE 15: 
63.769, 186.152
100.797, 102.829
PARTICLE 16: 
37.9807, 113.428
32.731, 125.35
PARTICLE 17: 
27.1355, 201.03
19.6244, 95.6227
PARTICLE 18: 
3.71311, 90.1013
32.6051, 19.5925
PARTICLE 19: 
9.84343, 234.067
94.3133, 114.242
PARTICLE 20: 
45.8296, 146.616
42.8295, 27.1989
Nodes Positions: 
384.054, 70.4441
172.273, 118.641
455.709, 547.456
424.637, 165.538
438.524, 270.169
109.255, 0.190986
75.5357, 473.357
577.63, 368.87
560.104, 249.47
194.08, 304.804
290.146, 106.068
434.672, 321.297
151.907, 217.087
221.437, 60.5721
241.915, 552.769
515.698, 54.108
25.7537, 596.278
566.774, 397.119
330.904, 335.116
592.059, 276.667
540.946, 558.087
343.311, 38.8771
409.976, 503.461
530.024, 529.079
355.106, 204.004
589.139, 98.2018
307.947, 210.701
18.7656, 85.4774
296.775, 31.1406
51.4065, 435.305
372.166, 533.719
477.578, 509.184
342.821, 10.9936
273.176, 353.243
419.231, 260.367
538.003, 363.872
235.333, 379.211
482.807, 132.563
99.7519, 228.394
496.512, 461.392
63.6847, 172.324
451.345, 125.355
230.197, 471.117
400.692, 408.841
168.005, 588.664
392.674, 49.4998
513.142, 496.734
463.852, 570.196
184.781, 315.06
55.2894, 422.264
552.126, 415.803
35.3966, 439.435
13.703, 450.685
114.683, 390.959
280.133, 180.858
136.508, 196.849
202.907, 294.028
155.951, 145.161
248.945, 21.892
140.734, 483.607
121.529, 247.004
504.27, 514.619
77.5649, 87.6301
7.84999, 326.907
259.614, 232.143
321.9, 344.182
361.987, 155.149
208.069, 286.241
313.632, 576.925
90.0677, 146.137
All particles start with velocity zero
-- ITERATION 0 --
-------------
Particle: 1:
Relays Coordinates:
29.8145, 189.871
67.6375, 46.3324
Evaluation Time: 1.33555 seconds
Resulting Fitness: 0.161905
New local best!
New global best!
-------------
Particle: 2:
Relays Coordinates:
74.3667, 146.71
102.749, 93.8122
Evaluation Time: 1.28171 seconds
Resulting Fitness: 0.183333
New local best!
New global best!
-------------
Particle: 3:
Relays Coordinates:
21.5186, 164.712
41.9055, 100.882
Evaluation Time: 1.33909 seconds
Resulting Fitness: 0.166667
New local best!
-------------
Particle: 4:
Relays Coordinates:
177.12, 110.179
45.8336, 63.9469
Evaluation Time: 1.42298 seconds
Resulting Fitness: 0.247619
New local best!
New global best!
-------------
Particle: 5:
Relays Coordinates:
212.053, 51.5389
131.616, 26.6686
Evaluation Time: 1.38405 seconds
Resulting Fitness: 0.2
New local best!
-------------
Particle: 6:
Relays Coordinates:
16.0518, 148.703
42.8553, 147.591
Evaluation Time: 1.31851 seconds
Resulting Fitness: 0.157143
New local best!
-------------
Particle: 7:
Relays Coordinates:
45.6284, 8.47272
62.4005, 117.074
Evaluation Time: 1.36678 seconds
Resulting Fitness: 0.159524
New local best!
-------------
Particle: 8:
Relays Coordinates:
39.2982, 47.4248
185.668, 40.2256
Evaluation Time: 1.405 seconds
Resulting Fitness: 0.188095
New local best!
-------------
Particle: 9:
Relays Coordinates:
110.254, 210.475
28.6315, 102.529
Evaluation Time: 1.4293 seconds
Resulting Fitness: 0.228571
New local best!
-------------
Particle: 10:
Relays Coordinates:
30.1668, 73.8732
52.4654, 135.866
Evaluation Time: 1.23004 seconds
Resulting Fitness: 0.157143
New local best!
-------------
Particle: 11:
Relays Coordinates:
39.0992, 189.818
66.9179, 53.2216
Evaluation Time: 1.33525 seconds
Resulting Fitness: 0.169048
New local best!
-------------
Particle: 12:
Relays Coordinates:
1.41844, 120.731
139.986, 185.782
Evaluation Time: 1.46749 seconds
Resulting Fitness: 0.252381
New local best!
New global best!
-------------
Particle: 13:
Relays Coordinates:
84.0929, 93.1249
111.379, 202.558
Evaluation Time: 1.46091 seconds
Resulting Fitness: 0.238095
New local best!
-------------
Particle: 14:
Relays Coordinates:
95.9404, 67.7742
31.957, 96.9339
Evaluation Time: 1.26638 seconds
Resulting Fitness: 0.164286
New local best!
-------------
Particle: 15:
Relays Coordinates:
63.769, 186.152
100.797, 102.829
Evaluation Time: 1.36178 seconds
Resulting Fitness: 0.178571
New local best!
-------------
Particle: 16:
Relays Coordinates:
37.9807, 113.428
32.731, 125.35
Evaluation Time: 1.24913 seconds
Resulting Fitness: 0.157143
New local best!
-------------
Particle: 17:
Relays Coordinates:
27.1355, 201.03
19.6244, 95.6227
Evaluation Time: 1.31822 seconds
Resulting Fitness: 0.171429
New local best!
-------------
Particle: 18:
Relays Coordinates:
3.71311, 90.1013
32.6051, 19.5925
Evaluation Time: 1.22959 seconds
Resulting Fitness: 0.0904762
New local best!
-------------
Particle: 19:
Relays Coordinates:
9.84343, 234.067
94.3133, 114.242
Evaluation Time: 1.2512 seconds
Resulting Fitness: 0.185714
New local best!
-------------
Particle: 20:
Relays Coordinates:
45.8296, 146.616
42.8295, 27.1989
Evaluation Time: 1.2962 seconds
Resulting Fitness: 0.154762
New local best!
Current global best fitness: 0.252381
Current global best relays: 1.41844, 120.731
139.986, 185.782
Particle 1 new velocities: -36.4201, -1.43961
54.176, 108.277
Particle 2 new velocities: -35.8798, -18.4793
0.918277, 39.2887
Particle 3 new velocities: -7.149, -38.017
77.6044, 61.026
Particle 4 new velocities: -59.8563, 13.275
71.6384, 147.588
Particle 5 new velocities: -168.478, 60.7218
7.41396, 40.3931
Particle 6 new velocities: -4.02106, -20.2694
125.022, 44.9293
Particle 7 new velocities: -41.2174, 23.8147
43.1516, 51.7954
Particle 8 new velocities: -18.1993, 13.1191
-55.8243, 7.95008
Particle 9 new velocities: -28.4598, -9.29867
100.079, 44.7244
Particle 10 new velocities: -2.60752, 44.3687
113.442, 50.9235
Particle 11 new velocities: -22.5204, -69.4793
47.3366, 37.6488
Particle 12 new velocities: 0, 0
0, 0
Particle 13 new velocities: -82.5464, 23.4344
30.8571, -18.3851
Particle 14 new velocities: -115.524, 36.2422
120.787, 58.448
Particle 15 new velocities: -63.4333, -38.3798
17.7751, 104.426
Particle 16 new velocities: -40.4639, 8.83629
138.05, 77.2953
Particle 17 new velocities: -14.0663, -33.3129
103.474, 35.4463
Particle 18 new velocities: -1.50779, 15.9081
20.7654, 36.5055
Particle 19 new velocities: -5.45885, -36.5088
19.8049, 65.4613
Particle 20 new velocities: -9.39527, -24.9666
40.3858, 9.43513
-- ITERATION 1 --
-------------
Particle: 1:
Relays Coordinates:
0, 152.629
98.6689, 125.234
Evaluation Time: 1.35869 seconds
Resulting Fitness: 0.159524
-------------
Particle: 2:
Relays Coordinates:
38.4868, 128.23
103.667, 133.101
Evaluation Time: 1.28968 seconds
Resulting Fitness: 0.171429
-------------
Particle: 3:
Relays Coordinates:
14.3696, 126.695
119.51, 161.908
Evaluation Time: 1.4063 seconds
Resulting Fitness: 0.238095
New local best!
-------------
Particle: 4:
Relays Coordinates:
105.537, 111.109
105.725, 190.382
Evaluation Time: 1.40978 seconds
Resulting Fitness: 0.228571
-------------
Particle: 5:
Relays Coordinates:
43.5749, 112.261
139.03, 67.0617
Evaluation Time: 1.31304 seconds
Resulting Fitness: 0.209524
New local best!
-------------
Particle: 6:
Relays Coordinates:
10.8277, 115.59
151.09, 173.268
Evaluation Time: 1.44793 seconds
Resulting Fitness: 0.269048
New local best!
New global best!
-------------
Particle: 7:
Relays Coordinates:
3.96991, 29.0587
94.9969, 151.982
Evaluation Time: 1.32866 seconds
Resulting Fitness: 0.171429
New local best!
-------------
Particle: 8:
Relays Coordinates:
21.0989, 60.544
129.844, 48.1757
Evaluation Time: 1.28296 seconds
Resulting Fitness: 0.147619
-------------
Particle: 9:
Relays Coordinates:
59.6281, 146.657
93.83, 107.347
Evaluation Time: 1.21203 seconds
Resulting Fitness: 0.171429
-------------
Particle: 10:
Relays Coordinates:
27.5593, 118.242
165.907, 186.79
Evaluation Time: 1.44035 seconds
Resulting Fitness: 0.285714
New local best!
New global best!
-------------
Particle: 11:
Relays Coordinates:
16.5789, 120.338
114.254, 90.8704
Evaluation Time: 1.28689 seconds
Resulting Fitness: 0.183333
New local best!
-------------
Particle: 12:
Relays Coordinates:
1.41844, 120.731
139.986, 185.782
Evaluation Time: 1.40305 seconds
Resulting Fitness: 0.252381
-------------
Particle: 13:
Relays Coordinates:
1.39186, 104.903
128.012, 165.756
Evaluation Time: 1.39902 seconds
Resulting Fitness: 0.252381
New local best!
-------------
Particle: 14:
Relays Coordinates:
0, 93.6148
137.47, 139.844
Evaluation Time: 1.63033 seconds
Resulting Fitness: 0.228571
New local best!
-------------
Particle: 15:
Relays Coordinates:
0.33574, 147.772
118.572, 207.255
Evaluation Time: 1.40312 seconds
Resulting Fitness: 0.235714
New local best!
-------------
Particle: 16:
Relays Coordinates:
0, 99.034
138.333, 164.143
Evaluation Time: 1.45047 seconds
Resulting Fitness: 0.261905
New local best!
-------------
Particle: 17:
Relays Coordinates:
11.7623, 150.946
110.788, 117.962
Evaluation Time: 1.32966 seconds
Resulting Fitness: 0.161905
-------------
Particle: 18:
Relays Coordinates:
2.20532, 106.009
53.3706, 56.098
Evaluation Time: 1.18434 seconds
Resulting Fitness: 0.12381
New local best!
-------------
Particle: 19:
Relays Coordinates:
3.19636, 144.02
83.1921, 131.003
Evaluation Time: 1.29524 seconds
Resulting Fitness: 0.169048
-------------
Particle: 20:
Relays Coordinates:
36.4343, 121.649
83.2153, 36.634
Evaluation Time: 1.21815 seconds
Resulting Fitness: 0.178571
New local best!
Current global best fitness: 0.285714
Current global best relays: 27.5593, 118.242
165.907, 186.79
Particle 1 new velocities: 36.1856, 48.2748
26.164, 120.994
Particle 2 new velocities: -7.33665, -2.51426
4.60245, 49.7179
Particle 3 new velocities: 9.812, -33.6656
100.731, 51.0232
Particle 4 new velocities: -16.4984, 11.2483
14.9267, -14.029
Particle 5 new velocities: -147.48, 48.9763
19.0031, 62.8787
Particle 6 new velocities: 16.8954, -15.4419
118.208, 49.9129
Particle 7 new velocities: -32.9077, 124.225
105.753, 73.8955
Particle 8 new velocities: 2.52505, 13.8541
12.0258, 144.106
Particle 9 new velocities: -0.825209, 2.75218
147.93, 120.838
Particle 10 new velocities: -2.08602, 35.495
90.7533, 40.7388
Particle 11 new velocities: -12.3698, -57.7066
56.9428, 141.022
Particle 12 new velocities: 20.4324, -2.80416
11.516, 0.57589
Particle 13 new velocities: -42.8126, 24.5196
60.3585, 11.7766
Particle 14 new velocities: 9.19363, 39.1668
99.5472, 84.2181
Particle 15 new velocities: -39.259, -36.0575
43.662, 73.5366
Particle 16 new velocities: 24.3445, 8.44364
126.605, 83.3084
Particle 17 new velocities: 31.9159, -8.76036
87.3432, 86.7779
Particle 18 new velocities: 15.0084, 28.0932
161.946, 185.695
Particle 19 new velocities: 19.8699, 25.1839
96.1983, 66.7221
Particle 20 new velocities: -15.7108, -20.9683
98.6, 79.1519
-- ITERATION 2 --
-------------
Particle: 1:
Relays Coordinates:
26.3793, 146.459
91.0032, 179.5
Evaluation Time: 1.3906 seconds
Resulting Fitness: 0.178571
New local best!
-------------
Particle: 2:
Relays Coordinates:
31.1502, 125.716
108.27, 182.819
Evaluation Time: 1.37789 seconds
Resulting Fitness: 0.216667
New local best!
-------------
Particle: 3:
Relays Coordinates:
15.8655, 61.0367
144.5, 139.704
Evaluation Time: 1.49566 seconds
Resulting Fitness: 0.245238
New local best!
-------------
Particle: 4:
Relays Coordinates:
89.0386, 122.357
120.652, 176.353
Evaluation Time: 1.41695 seconds
Resulting Fitness: 0.247619
-------------
Particle: 5:
Relays Coordinates:
0, 145.113
142.23, 116.946
Evaluation Time: 1.40792 seconds
Resulting Fitness: 0.221429
New local best!
-------------
Particle: 6:
Relays Coordinates:
14.7332, 53.2229
143.116, 118.608
Evaluation Time: 1.41878 seconds
Resulting Fitness: 0.22619
-------------
Particle: 7:
Relays Coordinates:
0, 100.569
131.712, 148.198
Evaluation Time: 1.45094 seconds
Resulting Fitness: 0.219048
New local best!
-------------
Particle: 8:
Relays Coordinates:
21.2616, 66.9583
127.682, 173.054
Evaluation Time: 1.44718 seconds
Resulting Fitness: 0.252381
New local best!
-------------
Particle: 9:
Relays Coordinates:
42.8673, 108.919
176.243, 166.347
Evaluation Time: 1.45781 seconds
Resulting Fitness: 0.292857
New local best!
New global best!
-------------
Particle: 10:
Relays Coordinates:
15.0417, 90.7801
151.555, 134.353
Evaluation Time: 1.48166 seconds
Resulting Fitness: 0.235714
-------------
Particle: 11:
Relays Coordinates:
2.4854, 36.9834
101.09, 136.93
Evaluation Time: 1.3379 seconds
Resulting Fitness: 0.171429
-------------
Particle: 12:
Relays Coordinates:
21.8508, 117.927
151.502, 186.358
Evaluation Time: 1.47686 seconds
Resulting Fitness: 0.271429
New local best!
-------------
Particle: 13:
Relays Coordinates:
0, 94.3494
137.322, 129.421
Evaluation Time: 1.42703 seconds
Resulting Fitness: 0.221429
-------------
Particle: 14:
Relays Coordinates:
5.42875, 78.4062
139.956, 132.306
Evaluation Time: 1.44796 seconds
Resulting Fitness: 0.228571
-------------
Particle: 15:
Relays Coordinates:
0, 73.2957
106.442, 184.228
Evaluation Time: 1.44373 seconds
Resulting Fitness: 0.209524
-------------
Particle: 16:
Relays Coordinates:
12.9377, 57.118
140.799, 131.506
Evaluation Time: 1.5355 seconds
Resulting Fitness: 0.230952
-------------
Particle: 17:
Relays Coordinates:
39.3104, 127.967
178.318, 184.266
Evaluation Time: 1.45865 seconds
Resulting Fitness: 0.285714
New local best!
-------------
Particle: 18:
Relays Coordinates:
11.2939, 87.9847
141.269, 158.641
Evaluation Time: 1.46354 seconds
Resulting Fitness: 0.259524
New local best!
-------------
Particle: 19:
Relays Coordinates:
20.7596, 152.284
161.451, 177.953
Evaluation Time: 1.50379 seconds
Resulting Fitness: 0.269048
New local best!
-------------
Particle: 20:
Relays Coordinates:
18.6511, 90.6127
163.634, 104.207
Evaluation Time: 1.39021 seconds
Resulting Fitness: 0.235714
New local best!
Current global best fitness: 0.292857
Current global best relays: 42.8673, 108.919
176.243, 166.347
Particle 1 new velocities: 29.7436, 21.967
99.823, 82.6485
Particle 2 new velocities: 0.993007, -21.4843
51.0304, 23.0641
Particle 3 new velocities: 38.571, 14.9555
91.401, 50.7447
Particle 4 new velocities: 112.857, -8.44626
30.2695, -152.21
Particle 5 new velocities: 19.673, 25.7503
44.6538, 108.145
Particle 6 new velocities: 16.6493, 45.1051
113.831, 164.896
Particle 7 new velocities: 1.21113, 103.102
116.939, 72.9738
Particle 8 new velocities: 21.0989, 60.4738
66.5961, 114.695
Particle 9 new velocities: -0.660167, 2.20174
118.344, 96.6702
Particle 10 new velocities: 7.34924, 77.8578
103.605, 84.4807
Particle 11 new velocities: 45.2624, 121.937
102.686, 58.7886
Particle 12 new velocities: 25.1422, -4.87806
35.6184, -5.24225
Particle 13 new velocities: 42.5027, 39.1376
63.8315, 62.7204
Particle 14 new velocities: 38.5823, 37.3605
112.954, 86.0088
Particle 15 new velocities: 17.3397, 1.77049
66.0189, 68.7822
Particle 16 new velocities: 31.5191, 73.2388
120.592, 109.237
Particle 17 new velocities: 29.0892, -11.7988
69.1362, 68.3158
Particle 18 new velocities: 38.1457, 42.9018
152.458, 156.059
Particle 19 new velocities: 41.7238, -4.56825
84.6315, 38.29
Particle 20 new velocities: -8.90148, 5.13862
92.7656, 99.6634
-- ITERATION 3 --
-------------
Particle: 1:
Relays Coordinates:
45.4596, 136.425
154.569, 212.341
Evaluation Time: 1.44833 seconds
Resulting Fitness: 0.257143
New local best!
-------------
Particle: 2:
Relays Coordinates:
28.9288, 93.8085
143.37, 185.295
Evaluation Time: 1.43138 seconds
Resulting Fitness: 0.269048
New local best!
-------------
Particle: 3:
Relays Coordinates:
35.7158, 49.8585
154.775, 124.953
Evaluation Time: 1.43242 seconds
Resulting Fitness: 0.233333
-------------
Particle: 4:
Relays Coordinates:
201.896, 113.911
150.921, 24.1426
Evaluation Time: 1.50669 seconds
Resulting Fitness: 0.257143
New local best!
-------------
Particle: 5:
Relays Coordinates:
15.9351, 138.399
151.376, 182.324
Evaluation Time: 1.43891 seconds
Resulting Fitness: 0.27619
New local best!
-------------
Particle: 6:
Relays Coordinates:
15.0101, 47.03
122.897, 135.599
Evaluation Time: 1.385 seconds
Resulting Fitness: 0.185714
-------------
Particle: 7:
Relays Coordinates:
0.715158, 120.266
146.826, 130.6
Evaluation Time: 1.44315 seconds
Resulting Fitness: 0.233333
New local best!
-------------
Particle: 8:
Relays Coordinates:
27.7927, 83.6082
127.466, 188.792
Evaluation Time: 1.43498 seconds
Resulting Fitness: 0.245238
-------------
Particle: 9:
Relays Coordinates:
20.1876, 53.1489
140.9, 125.8
Evaluation Time: 1.40302 seconds
Resulting Fitness: 0.22619
-------------
Particle: 10:
Relays Coordinates:
13.2216, 99.579
150.669, 129.219
Evaluation Time: 1.42019 seconds
Resulting Fitness: 0.230952
-------------
Particle: 11:
Relays Coordinates:
42.973, 143.029
183.399, 176.147
Evaluation Time: 1.50523 seconds
Resulting Fitness: 0.280952
New local best!
-------------
Particle: 12:
Relays Coordinates:
42.2937, 101.744
168.408, 163.004
Evaluation Time: 1.45566 seconds
Resulting Fitness: 0.290476
New local best!
-------------
Particle: 13:
Relays Coordinates:
38.2525, 120.138
181.038, 172.928
Evaluation Time: 1.46994 seconds
Resulting Fitness: 0.288095
New local best!
-------------
Particle: 14:
Relays Coordinates:
28.8756, 75.9546
165.934, 143.236
Evaluation Time: 1.47359 seconds
Resulting Fitness: 0.27619
New local best!
-------------
Particle: 15:
Relays Coordinates:
11.3766, 49.2509
113.152, 166
Evaluation Time: 1.40805 seconds
Resulting Fitness: 0.216667
-------------
Particle: 16:
Relays Coordinates:
26.2513, 76.9744
154.349, 142.156
Evaluation Time: 1.487 seconds
Resulting Fitness: 0.257143
-------------
Particle: 17:
Relays Coordinates:
44.877, 76.2179
162.355, 165.719
Evaluation Time: 1.48769 seconds
Resulting Fitness: 0.288095
New local best!
-------------
Particle: 18:
Relays Coordinates:
23.6468, 62.6026
140.489, 150.52
Evaluation Time: 1.42112 seconds
Resulting Fitness: 0.252381
-------------
Particle: 19:
Relays Coordinates:
45.5504, 107.685
179.394, 157.641
Evaluation Time: 1.47992 seconds
Resulting Fitness: 0.290476
New local best!
-------------
Particle: 20:
Relays Coordinates:
5.18137, 50.8862
136.261, 108.345
Evaluation Time: 1.3453 seconds
Resulting Fitness: 0.211905
Current global best fitness: 0.292857
Current global best relays: 42.8673, 108.919
176.243, 166.347
Particle 1 new velocities: 23.1759, 4.37479
85.1502, 13.3958
Particle 2 new velocities: 5.91776, -4.559
63.7019, 8.54331
Particle 3 new velocities: 25.2194, 93.5643
80.9465, 74.4362
Particle 4 new velocities: -97.7753, -9.43503
26.01, -81.1449
Particle 5 new velocities: 42.0696, 12.9601
56.0188, 67.7811
Particle 6 new velocities: 34.4524, 52.0105
100.339, 208.203
Particle 7 new velocities: 48.4373, 80.317
120.003, 63.8883
Particle 8 new velocities: 17.3674, 66.0142
80.2494, 58.6781
Particle 9 new velocities: 15.2863, 64.8029
113.473, 148.212
Particle 10 new velocities: 13.3881, 99.5602
115.182, 157.278
Particle 11 new velocities: 36.2054, 61.1187
75.0041, 38.4794
Particle 12 new velocities: 20.1985, 4.24975
32.6395, -2.72528
Particle 13 new velocities: 35.2495, 21.412
47.0069, 43.5349
Particle 14 new velocities: 34.7237, 69.508
96.7593, 95.5773
Particle 15 new velocities: -1.34325, 206.488
109.424, 83.0853
Particle 16 new velocities: 31.3652, 102.761
86.9293, 132.497
Particle 17 new velocities: 23.1809, 22.2251
65.5348, 55.3632
Particle 18 new velocities: 53.339, 48.0996
124.225, 147.585
Particle 19 new velocities: 31.3049, -2.26352
67.3234, 31.3337
Particle 20 new velocities: 39.7027, 46.3723
109.413, 99.1007
-- ITERATION 4 --
-------------
Particle: 1:
Relays Coordinates:
55.5947, 114.048
194.173, 182.846
Evaluation Time: 1.47964 seconds
Resulting Fitness: 0.285714
New local best!
-------------
Particle: 2:
Relays Coordinates:
25.4032, 65.0629
150.956, 141.308
Evaluation Time: 1.47473 seconds
Resulting Fitness: 0.252381
-------------
Particle: 3:
Relays Coordinates:
49.3575, 116.172
190.934, 161.505
Evaluation Time: 1.47448 seconds
Resulting Fitness: 0.285714
New local best!
-------------
Particle: 4:
Relays Coordinates:
104.12, 104.476
176.931, 0
Evaluation Time: 1.29122 seconds
Resulting Fitness: 0.216667
-------------
Particle: 5:
Relays Coordinates:
46.9838, 122.601
167.989, 202.585
Evaluation Time: 1.41775 seconds
Resulting Fitness: 0.283333
New local best!
-------------
Particle: 6:
Relays Coordinates:
23.6578, 47.3708
106.773, 164.439
Evaluation Time: 1.3617 seconds
Resulting Fitness: 0.207143
-------------
Particle: 7:
Relays Coordinates:
32.2489, 131.602
175.067, 127.604
Evaluation Time: 1.40726 seconds
Resulting Fitness: 0.264286
New local best!
-------------
Particle: 8:
Relays Coordinates:
36.5797, 121.194
168.25, 200.451
Evaluation Time: 1.43935 seconds
Resulting Fitness: 0.280952
New local best!
-------------
Particle: 9:
Relays Coordinates:
18.8523, 62.6844
135.184, 145.622
Evaluation Time: 1.47363 seconds
Resulting Fitness: 0.228571
-------------
Particle: 10:
Relays Coordinates:
15.7128, 117.59
156.982, 169.174
Evaluation Time: 1.47213 seconds
Resulting Fitness: 0.283333
-------------
Particle: 11:
Relays Coordinates:
51.9489, 133.941
169.538, 140.816
Evaluation Time: 1.46182 seconds
Resulting Fitness: 0.271429
-------------
Particle: 12:
Relays Coordinates:
62.4922, 105.994
201.048, 160.279
Evaluation Time: 1.50155 seconds
Resulting Fitness: 0.304762
New local best!
New global best!
-------------
Particle: 13:
Relays Coordinates:
66.1518, 127.395
205.241, 194.816
Evaluation Time: 1.56336 seconds
Resulting Fitness: 0.302381
New local best!
-------------
Particle: 14:
Relays Coordinates:
41.7275, 95.438
172.353, 156.686
Evaluation Time: 1.45024 seconds
Resulting Fitness: 0.295238
New local best!
-------------
Particle: 15:
Relays Coordinates:
5.92458, 151.011
131.429, 147.082
Evaluation Time: 1.44015 seconds
Resulting Fitness: 0.22381
-------------
Particle: 16:
Relays Coordinates:
42.0024, 131.027
175.892, 200.222
Evaluation Time: 1.41566 seconds
Resulting Fitness: 0.285714
New local best!
-------------
Particle: 17:
Relays Coordinates:
49.6142, 71.7649
166.132, 161.169
Evaluation Time: 1.4495 seconds
Resulting Fitness: 0.292857
New local best!
-------------
Particle: 18:
Relays Coordinates:
40.9134, 58.8317
140.679, 158.425
Evaluation Time: 1.49685 seconds
Resulting Fitness: 0.264286
New local best!
-------------
Particle: 19:
Relays Coordinates:
62.2528, 85.3911
199.841, 153.07
Evaluation Time: 1.52494 seconds
Resulting Fitness: 0.297619
New local best!
-------------
Particle: 20:
Relays Coordinates:
29.4484, 63.8113
161.187, 136.105
Evaluation Time: 1.49835 seconds
Resulting Fitness: 0.245238
New local best!
Current global best fitness: 0.304762
Current global best relays: 62.4922, 105.994
201.048, 160.279
Particle 1 new velocities: 23.2675, -1.28981
75.0105, -13.8106
Particle 2 new velocities: 41.5767, 83.6485
81.1074, 44.8689
Particle 3 new velocities: 24.7405, 68.6796
76.7683, 58.3561
Particle 4 new velocities: 31.7253, -2.55946
14.9543, 166.998
Particle 5 new velocities: 38.7641, 8.81756
82.1433, 20.1507
Particle 6 new velocities: 52.6186, 105.682
143.053, 168.154
Particle 7 new velocities: 61.3684, 33.0611
122.328, 62.8975
Particle 8 new velocities: 42.015, 34.9018
90.3451, -0.015886
Particle 9 new velocities: 91.8613, 126.114
192.904, 129.625
Particle 10 new velocities: 49.2364, 78.5835
144.008, 135.223
Particle 11 new velocities: 26.7592, 38.2266
84.3159, 51.8543
Particle 12 new velocities: 16.1588, 3.3998
26.1116, -2.18022
Particle 13 new velocities: 25.2936, 8.29866
35.3584, -6.23375
Particle 14 new velocities: 28.7979, 62.3207
102.899, 79.3962
Particle 15 new velocities: 30.2688, 114.566
129.011, 105.752
Particle 16 new velocities: 32.4087, 57.9551
70.8333, 72.9607
Particle 17 new velocities: 35.1461, 60.5786
82.0078, 43.9176
Particle 18 new velocities: 48.5804, 86.9411
121.841, 119.495
Particle 19 new velocities: 25.2945, 11.3366
54.2999, 26.0878
Particle 20 new velocities: 48.1147, 53.7756
93.1788, 87.6359
-- ITERATION 5 --
-------------
Particle: 1:
Relays Coordinates:
57.4906, 82.2007
196.235, 123.227
Evaluation Time: 1.50773 seconds
Resulting Fitness: 0.269048
-------------
Particle: 2:
Relays Coordinates:
60.2819, 133.84
208.857, 167.559
Evaluation Time: 1.52559 seconds
Resulting Fitness: 0.311905
New local best!
New global best!
-------------
Particle: 3:
Relays Coordinates:
54.0175, 134.757
195.155, 160.279
Evaluation Time: 1.50391 seconds
Resulting Fitness: 0.288095
New local best!
-------------
Particle: 4:
Relays Coordinates:
122.261, 91.7248
172.697, 150.298
Evaluation Time: 1.52241 seconds
Resulting Fitness: 0.290476
New local best!
-------------
Particle: 5:
Relays Coordinates:
69.4558, 106.449
202.608, 180.416
Evaluation Time: 1.53169 seconds
Resulting Fitness: 0.307143
New local best!
-------------
Particle: 6:
Relays Coordinates:
45.0404, 90.3762
147.52, 196.393
Evaluation Time: 1.45678 seconds
Resulting Fitness: 0.266667
-------------
Particle: 7:
Relays Coordinates:
68.2471, 120.04
216.801, 138.875
Evaluation Time: 1.59982 seconds
Resulting Fitness: 0.309524
New local best!
-------------
Particle: 8:
Relays Coordinates:
63.6616, 126.438
209.462, 162.352
Evaluation Time: 1.57361 seconds
Resulting Fitness: 0.316667
New local best!
New global best!
-------------
Particle: 9:
Relays Coordinates:
72.6391, 123.87
215.259, 180.589
Evaluation Time: 1.54295 seconds
Resulting Fitness: 0.297619
New local best!
-------------
Particle: 10:
Relays Coordinates:
38.3518, 115.838
177.732, 179.743
Evaluation Time: 1.49386 seconds
Resulting Fitness: 0.285714
-------------
Particle: 11:
Relays Coordinates:
63.7536, 139.456
205.622, 156.063
Evaluation Time: 1.61036 seconds
Resulting Fitness: 0.304762
New local best!
-------------
Particle: 12:
Relays Coordinates:
70.786, 98.4544
204.443, 142.289
Evaluation Time: 1.56076 seconds
Resulting Fitness: 0.297619
-------------
Particle: 13:
Relays Coordinates:
82.3008, 122.125
216.539, 169.724
Evaluation Time: 1.56474 seconds
Resulting Fitness: 0.311905
New local best!
-------------
Particle: 14:
Relays Coordinates:
46.2717, 103.505
180.593, 154.893
Evaluation Time: 1.52998 seconds
Resulting Fitness: 0.288095
-------------
Particle: 15:
Relays Coordinates:
19.2346, 141.139
138.408, 134.367
Evaluation Time: 1.45616 seconds
Resulting Fitness: 0.221429
-------------
Particle: 16:
Relays Coordinates:
54.2457, 137.768
179.863, 199.15
Evaluation Time: 1.52301 seconds
Resulting Fitness: 0.285714
-------------
Particle: 17:
Relays Coordinates:
68.6558, 107.198
200.993, 166.12
Evaluation Time: 1.52019 seconds
Resulting Fitness: 0.302381
New local best!
-------------
Particle: 18:
Relays Coordinates:
58.7169, 95.6415
172.24, 182.343
Evaluation Time: 1.4759 seconds
Resulting Fitness: 0.285714
New local best!
-------------
Particle: 19:
Relays Coordinates:
70.9133, 78.3494
205.854, 145.118
Evaluation Time: 1.56955 seconds
Resulting Fitness: 0.304762
New local best!
-------------
Particle: 20:
Relays Coordinates:
56.5436, 85.7209
185.432, 163.107
Evaluation Time: 1.5057 seconds
Resulting Fitness: 0.285714
New local best!
Current global best fitness: 0.316667
Current global best relays: 63.6616, 126.438
209.462, 162.352
Particle 1 new velocities: 17.7682, 33.7081
63.1204, 119.259
Particle 2 new velocities: 33.8262, 64.3473
65.0093, 32.4118
Particle 3 new velocities: 29.6431, 47.3967
75.6717, 47.1488
Particle 4 new velocities: 19.0925, 24.6909
15.1414, 147.9
Particle 5 new velocities: 30.6735, 29.1535
68.9731, 7.14663
Particle 6 new velocities: -7.38601, 153.976
178, 83.0139
Particle 7 new velocities: 46.207, 34.034
94.0355, 70.1224
Particle 8 new velocities: 33.612, 27.9215
72.2761, -0.0127088
Particle 9 new velocities: 68.1425, 103.488
151.642, 101.166
Particle 10 new velocities: 46.1976, 71.631
116.088, 104.462
Particle 11 new velocities: 21.3609, 15.4276
70.2864, 44.3962
Particle 12 new velocities: 1.92127, 9.38842
21.3495, 32.3428
Particle 13 new velocities: 11.4132, 8.81322
26.1831, -5.3676
Particle 14 new velocities: 29.3813, 45.3851
99.0059, 65.0708
Particle 15 new velocities: 68.252, 95.0388
100.956, 101.025
Particle 16 new velocities: 31.5487, 26.8148
90.5247, 40.1391
Particle 17 new velocities: 24.9803, 72.4245
70.8386, 34.3487
Particle 18 new velocities: 41.9561, 85.3161
143.108, 81.9789
Particle 19 new velocities: 13.0318, 20.2814
46.3197, 27.105
Particle 20 new velocities: 39.0176, 89.742
86.3538, 70.0678
-- ITERATION 6 --
-------------
Particle: 1:
Relays Coordinates:
49.3773, 76.0478
170.163, 159.095
Evaluation Time: 1.48856 seconds
Resulting Fitness: 0.3
New local best!
-------------
Particle: 2:
Relays Coordinates:
61.7444, 130.031
179.684, 131.201
Evaluation Time: 1.41899 seconds
Resulting Fitness: 0.269048
-------------
Particle: 3:
Relays Coordinates:
60.9885, 132.79
197.433, 151.215
Evaluation Time: 1.52897 seconds
Resulting Fitness: 0.297619
New local best!
-------------
Particle: 4:
Relays Coordinates:
114.496, 94.2967
152.149, 241.54
Evaluation Time: 1.53473 seconds
Resulting Fitness: 0.304762
New local best!
-------------
Particle: 5:
Relays Coordinates:
81.1048, 109.838
219.98, 151.926
Evaluation Time: 1.56049 seconds
Resulting Fitness: 0.314286
New local best!
-------------
Particle: 6:
Relays Coordinates:
20.0111, 129.859
172.994, 148.488
Evaluation Time: 1.5029 seconds
Resulting Fitness: 0.27619
New local best!
-------------
Particle: 7:
Relays Coordinates:
83.437, 112.32
226.599, 152.359
Evaluation Time: 1.57497 seconds
Resulting Fitness: 0.32619
New local best!
New global best!
-------------
Particle: 8:
Relays Coordinates:
78.7916, 125.031
228.208, 131.495
Evaluation Time: 1.58448 seconds
Resulting Fitness: 0.311905
-------------
Particle: 9:
Relays Coordinates:
74.8172, 120.827
194.986, 149.736
Evaluation Time: 1.49686 seconds
Resulting Fitness: 0.295238
-------------
Particle: 10:
Relays Coordinates:
55.4729, 122.999
192.775, 186.467
Evaluation Time: 1.54216 seconds
Resulting Fitness: 0.292857
New local best!
-------------
Particle: 11:
Relays Coordinates:
62.0485, 112.91
201.137, 146.135
Evaluation Time: 1.53936 seconds
Resulting Fitness: 0.295238
-------------
Particle: 12:
Relays Coordinates:
65.4365, 97.0586
203.214, 157.168
Evaluation Time: 1.5706 seconds
Resulting Fitness: 0.302381
-------------
Particle: 13:
Relays Coordinates:
84.3426, 117.844
218.45, 147.921
Evaluation Time: 1.58373 seconds
Resulting Fitness: 0.316667
New local best!
-------------
Particle: 14:
Relays Coordinates:
49.636, 97.6871
183.445, 144.318
Evaluation Time: 1.53662 seconds
Resulting Fitness: 0.292857
-------------
Particle: 15:
Relays Coordinates:
51.66, 139.461
141.342, 138.996
Evaluation Time: 1.47257 seconds
Resulting Fitness: 0.238095
New local best!
-------------
Particle: 16:
Relays Coordinates:
62.5441, 119.981
197.112, 174.442
Evaluation Time: 1.5115 seconds
Resulting Fitness: 0.288095
New local best!
-------------
Particle: 17:
Relays Coordinates:
68.2607, 130.945
198.165, 146.142
Evaluation Time: 1.54399 seconds
Resulting Fitness: 0.290476
-------------
Particle: 18:
Relays Coordinates:
66.0515, 118.726
206.9, 173.422
Evaluation Time: 1.57521 seconds
Resulting Fitness: 0.302381
New local best!
-------------
Particle: 19:
Relays Coordinates:
67.9955, 79.891
204.261, 139.5
Evaluation Time: 1.56844 seconds
Resulting Fitness: 0.288095
-------------
Particle: 20:
Relays Coordinates:
69.6641, 127.912
198.132, 169.985
Evaluation Time: 1.55852 seconds
Resulting Fitness: 0.295238
New local best!
Current global best fitness: 0.32619
Current global best relays: 83.437, 112.32
226.599, 152.359
Particle 1 new velocities: 23.2342, 50.5767
94.65, 91.2406
Particle 2 new velocities: 51.6678, 49.3693
92.5359, 51.8718
Particle 3 new velocities: 47.8465, 17.8367
62.5536, 38.613
Particle 4 new velocities: -19.7965, 27.1212
61.6115, 110.965
Particle 5 new velocities: 26.3617, 24.5915
56.349, 5.80217
Particle 6 new velocities: 7.19456, 111.241
159.868, 71.2632
Particle 7 new velocities: 36.9656, 27.2272
75.2284, 56.0979
Particle 8 new velocities: 21.7018, 21.042
38.5928, 36.2997
Particle 9 new velocities: 63.3919, 80.8304
180.013, 114.443
Particle 10 new velocities: 61.2159, 53.162
130.407, 54.5242
Particle 11 new velocities: 22.0424, 19.7763
58.9657, 50.95
Particle 12 new velocities: 7.92483, 26.0551
32.7237, 28.9194
Particle 13 new velocities: 8.56849, 6.18125
24.2047, -2.49782
Particle 14 new velocities: 61.8308, 37.1688
82.9429, 65.2385
Particle 15 new velocities: 70.9064, 58.8541
179.981, 81.3492
Particle 16 new velocities: 37.3685, 12.9621
89.6287, 17.1382
Particle 17 new velocities: 27.7102, 24.8475
81.0598, 32.1258
Particle 18 new velocities: 53.6712, 62.8505
115.242, 63.7119
Particle 19 new velocities: 25.0554, 21.9904
66.3114, 26.341
Particle 20 new velocities: 39.299, 58.9419
76.1741, 50.1344
-- ITERATION 7 --
-------------
Particle: 1:
Relays Coordinates:
47.6404, 83.0783
173.744, 164.245
Evaluation Time: 1.53842 seconds
Resulting Fitness: 0.290476
-------------
Particle: 2:
Relays Coordinates:
82.6775, 130.783
198.448, 133.46
Evaluation Time: 1.48726 seconds
Resulting Fitness: 0.257143
-------------
Particle: 3:
Relays Coordinates:
88.1563, 122.008
210.589, 153.761
Evaluation Time: 1.60293 seconds
Resulting Fitness: 0.3
New local best!
-------------
Particle: 4:
Relays Coordinates:
55.9193, 71.6961
126.223, 208.151
Evaluation Time: 1.50276 seconds
Resulting Fitness: 0.240476
-------------
Particle: 5:
Relays Coordinates:
96.7198, 120.987
248.696, 141.955
Evaluation Time: 1.73169 seconds
Resulting Fitness: 0.295238
-------------
Particle: 6:
Relays Coordinates:
13.0124, 115.317
159.207, 105.106
Evaluation Time: 1.44301 seconds
Resulting Fitness: 0.235714
-------------
Particle: 7:
Relays Coordinates:
87.7735, 101.73
220.032, 151.965
Evaluation Time: 1.59336 seconds
Resulting Fitness: 0.316667
-------------
Particle: 8:
Relays Coordinates:
81.3997, 118.319
216.108, 135.914
Evaluation Time: 1.5899 seconds
Resulting Fitness: 0.304762
-------------
Particle: 9:
Relays Coordinates:
81.6111, 119.077
221.433, 155.995
Evaluation Time: 1.53356 seconds
Resulting Fitness: 0.321429
New local best!
-------------
Particle: 10:
Relays Coordinates:
76.5595, 115.579
212.04, 158.115
Evaluation Time: 1.57722 seconds
Resulting Fitness: 0.314286
New local best!
-------------
Particle: 11:
Relays Coordinates:
68.1136, 107.476
210.683, 159.639
Evaluation Time: 1.60097 seconds
Resulting Fitness: 0.307143
New local best!
-------------
Particle: 12:
Relays Coordinates:
59.4227, 99.7221
191.109, 150.731
Evaluation Time: 1.53661 seconds
Resulting Fitness: 0.292857
-------------
Particle: 13:
Relays Coordinates:
92.9111, 124.025
242.655, 145.423
Evaluation Time: 1.72717 seconds
Resulting Fitness: 0.302381
-------------
Particle: 14:
Relays Coordinates:
90.2881, 109.233
215.774, 169.741
Evaluation Time: 1.59298 seconds
Resulting Fitness: 0.314286
New local best!
-------------
Particle: 15:
Relays Coordinates:
80.4158, 130.114
210.82, 144.569
Evaluation Time: 1.60746 seconds
Resulting Fitness: 0.290476
New local best!
-------------
Particle: 16:
Relays Coordinates:
72.8363, 96.9154
209.034, 139.662
Evaluation Time: 1.58453 seconds
Resulting Fitness: 0.297619
New local best!
-------------
Particle: 17:
Relays Coordinates:
77.7364, 126.192
226.172, 144.397
Evaluation Time: 1.51514 seconds
Resulting Fitness: 0.32381
New local best!
-------------
Particle: 18:
Relays Coordinates:
78.5501, 119.133
211.358, 155.583
Evaluation Time: 1.5082 seconds
Resulting Fitness: 0.307143
New local best!
-------------
Particle: 19:
Relays Coordinates:
75.3712, 82.5239
219.164, 134.331
Evaluation Time: 1.55018 seconds
Resulting Fitness: 0.304762
-------------
Particle: 20:
Relays Coordinates:
71.4906, 122.595
179.972, 144.42
Evaluation Time: 1.51984 seconds
Resulting Fitness: 0.280952
Current global best fitness: 0.32619
Current global best relays: 83.437, 112.32
226.599, 152.359
Particle 1 new velocities: 29.4457, 69.2951
128.884, 61.0794
Particle 2 new velocities: 38.4088, 32.6371
115.849, 58.7247
Particle 3 new velocities: 35.0688, 4.80254
54.4139, 30.2083
Particle 4 new velocities: 11.1825, 108.89
127.948, 83.1348
Particle 5 new velocities: 1.88859, -2.73391
-2.43262, 31.6179
Particle 6 new velocities: 45.4121, 91.1251
199.38, 133.03
Particle 7 new velocities: 20.3463, 34.7386
73.0722, 45.5119
Particle 8 new velocities: 10.2938, 19.5782
36.0394, 63.9633
Particle 9 new velocities: 53.0491, 61.4184
149.73, 87.7263
Particle 10 new velocities: 52.986, 39.9881
117.068, 39.1821
Particle 11 new velocities: 23.8074, 21.4144
50.3957, 32.4576
Particle 12 new velocities: 27.3248, 46.7584
55.4423, 38.9229
Particle 13 new velocities: 3.22248, -14.647
-2.1957, 2.20224
Particle 14 new velocities: 43.129, 33.0457
71.7636, 32.2411
Particle 15 new velocities: 58.5493, 36.046
145.145, 72.4548
Particle 16 new velocities: 42.3806, 17.591
78.2407, 28.803
Particle 17 new velocities: 23.2706, 18.7824
64.9995, 27.028
Particle 18 new velocities: 46.2821, 44.0466
95.1599, 47.5024
Particle 19 new velocities: 29.6169, 37.0346
47.3667, 48.779
Particle 20 new velocities: 38.1858, 38.3671
96.9334, 77.9996
-- ITERATION 8 --
-------------
Particle: 1:
Relays Coordinates:
45.5185, 89.975
178.698, 133.052
Evaluation Time: 1.48219 seconds
Resulting Fitness: 0.27619
-------------
Particle: 2:
Relays Coordinates:
88.2719, 119.133
229.122, 140.103
Evaluation Time: 1.56402 seconds
Resulting Fitness: 0.32619
New local best!
-------------
Particle: 3:
Relays Coordinates:
99.8124, 102.716
214.652, 149.015
Evaluation Time: 1.51343 seconds
Resulting Fitness: 0.311905
New local best!
-------------
Particle: 4:
Relays Coordinates:
44.0255, 118.482
166.762, 191.112
Evaluation Time: 1.42698 seconds
Resulting Fitness: 0.285714
-------------
Particle: 5:
Relays Coordinates:
88.7476, 106.428
221.637, 156.216
Evaluation Time: 1.47253 seconds
Resulting Fitness: 0.316667
New local best!
-------------
Particle: 6:
Relays Coordinates:
27.9443, 98.7407
171.511, 113.9
Evaluation Time: 1.42763 seconds
Resulting Fitness: 0.25
-------------
Particle: 7:
Relays Coordinates:
78.8193, 99.4854
213.673, 143.961
Evaluation Time: 1.51714 seconds
Resulting Fitness: 0.307143
-------------
Particle: 8:
Relays Coordinates:
82.5242, 124.108
226.933, 179.889
Evaluation Time: 1.55491 seconds
Resulting Fitness: 0.297619
-------------
Particle: 9:
Relays Coordinates:
79.5155, 106.581
219.168, 143.915
Evaluation Time: 1.56424 seconds
Resulting Fitness: 0.32381
New local best!
-------------
Particle: 10:
Relays Coordinates:
94.4387, 113.408
239.919, 143.829
Evaluation Time: 1.5768 seconds
Resulting Fitness: 0.328571
New local best!
New global best!
-------------
Particle: 11:
Relays Coordinates:
74.456, 104.401
211.474, 155.598
Evaluation Time: 1.59074 seconds
Resulting Fitness: 0.316667
New local best!
-------------
Particle: 12:
Relays Coordinates:
78.0727, 131.832
221.896, 170.689
Evaluation Time: 1.62595 seconds
Resulting Fitness: 0.304762
-------------
Particle: 13:
Relays Coordinates:
96.1336, 109.378
240.459, 147.625
Evaluation Time: 1.632 seconds
Resulting Fitness: 0.314286
-------------
Particle: 14:
Relays Coordinates:
97.261, 103.721
209.615, 147.245
Evaluation Time: 1.56998 seconds
Resulting Fitness: 0.309524
-------------
Particle: 15:
Relays Coordinates:
91.175, 109.018
233.549, 142.389
Evaluation Time: 1.61564 seconds
Resulting Fitness: 0.316667
New local best!
-------------
Particle: 16:
Relays Coordinates:
93.3257, 92.7502
232.693, 136.457
Evaluation Time: 1.59869 seconds
Resulting Fitness: 0.330952
New local best!
New global best!
-------------
Particle: 17:
Relays Coordinates:
73.6341, 105.686
212.264, 124.969
Evaluation Time: 1.58103 seconds
Resulting Fitness: 0.3
-------------
Particle: 18:
Relays Coordinates:
91.0027, 118.958
223.451, 148.05
Evaluation Time: 1.61611 seconds
Resulting Fitness: 0.297619
-------------
Particle: 19:
Relays Coordinates:
85.0404, 96.8424
215.89, 148.319
Evaluation Time: 1.59535 seconds
Resulting Fitness: 0.321429
New local best!
-------------
Particle: 20:
Relays Coordinates:
79.9541, 117.341
201.864, 162.144
Evaluation Time: 1.55853 seconds
Resulting Fitness: 0.307143
New local best!
Current global best fitness: 0.330952
Current global best relays: 93.3257, 92.7502
232.693, 136.457
Particle 1 new velocities: 43.8243, 53.7659
149.126, 62.867
Particle 2 new velocities: 36.1495, 14.1213
94.0568, 45.2398
Particle 3 new velocities: 22.3149, -0.801094
54.8608, 22.1924
Particle 4 new velocities: 167.928, 54.3681
120.626, 15.847
Particle 5 new velocities: 3.95231, -19.4306
7.81982, 8.16202
Particle 6 new velocities: 66.3284, 84.7779
174.631, 171.273
Particle 7 new velocities: 34.4811, 40.8482
76.4376, 46.7304
Particle 8 new velocities: 15.4861, -3.78142
21.2642, 10.7758
Particle 9 new velocities: 58.1716, 44.9787
127.211, 61.5959
Particle 10 new velocities: 41.8392, 6.97552
89.7775, 25.0795
Particle 11 new velocities: 33.9098, 7.03007
59.8308, 21.105
Particle 12 new velocities: 33.9776, -27.9196
16.537, -3.64765
Particle 13 new velocities: -10.4967, -17.5202
-35.1921, -7.28354
Particle 14 new velocities: 23.9513, 20.4646
84.3862, 55.1123
Particle 15 new velocities: 49.156, 15.4985
115.189, 50.6553
Particle 16 new velocities: 33.9045, 14.0728
62.5926, 23.0424
Particle 17 new velocities: 38.1347, 19.9767
82.3556, 54.1946
Particle 18 new velocities: 21.3622, 25.8558
63.3263, 36.0145
Particle 19 new velocities: 32.5575, 26.8572
56.2462, 37.5599
Particle 20 new velocities: 40.0725, 4.32163
106.749, 29.1695
-- ITERATION 9 --
-------------
Particle: 1:
Relays Coordinates:
52.756, 84.8775
193.577, 115.688
Evaluation Time: 1.54674 seconds
Resulting Fitness: 0.257143
-------------
Particle: 2:
Relays Coordinates:
90.7033, 97.1424
235.598, 135.115
Evaluation Time: 1.60803 seconds
Resulting Fitness: 0.32619
-------------
Particle: 3:
Relays Coordinates:
109.915, 91.7237
242.562, 154.086
Evaluation Time: 1.65624 seconds
Resulting Fitness: 0.333333
New local best!
New global best!
-------------
Particle: 4:
Relays Coordinates:
112.641, 91.8599
152.73, 109.987
Evaluation Time: 1.41623 seconds
Resulting Fitness: 0.228571
-------------
Particle: 5:
Relays Coordinates:
83.4299, 78.2972
206.511, 147.94
Evaluation Time: 1.55694 seconds
Resulting Fitness: 0.311905
-------------
Particle: 6:
Relays Coordinates:
50.1004, 97.5293
183.954, 151.553
Evaluation Time: 1.55064 seconds
Resulting Fitness: 0.290476
New local best!
-------------
Particle: 7:
Relays Coordinates:
91.7734, 113.67
234.99, 154.46
Evaluation Time: 1.61475 seconds
Resulting Fitness: 0.32619
-------------
Particle: 8:
Relays Coordinates:
88.2092, 108.293
223.377, 171.599
Evaluation Time: 1.56452 seconds
Resulting Fitness: 0.311905
-------------
Particle: 9:
Relays Coordinates:
90.3365, 99.4381
227.259, 134.836
Evaluation Time: 1.57274 seconds
Resulting Fitness: 0.321429
-------------
Particle: 10:
Relays Coordinates:
99.3466, 87.7599
240.349, 123.134
Evaluation Time: 1.57531 seconds
Resulting Fitness: 0.316667
-------------
Particle: 11:
Relays Coordinates:
87.7763, 90.2593
219.757, 143.129
Evaluation Time: 1.5971 seconds
Resulting Fitness: 0.311905
-------------
Particle: 12:
Relays Coordinates:
112.05, 103.913
238.433, 167.041
Evaluation Time: 1.62685 seconds
Resulting Fitness: 0.328571
New local best!
-------------
Particle: 13:
Relays Coordinates:
85.6369, 91.858
205.267, 140.342
Evaluation Time: 1.55654 seconds
Resulting Fitness: 0.283333
-------------
Particle: 14:
Relays Coordinates:
98.182, 100.591
238.141, 163.909
Evaluation Time: 1.56084 seconds
Resulting Fitness: 0.321429
New local best!
-------------
Particle: 15:
Relays Coordinates:
92.0712, 81.6951
228.807, 126.656
Evaluation Time: 1.53269 seconds
Resulting Fitness: 0.321429
New local best!
-------------
Particle: 16:
Relays Coordinates:
103.056, 86.5266
239.181, 129.194
Evaluation Time: 1.54084 seconds
Resulting Fitness: 0.321429
-------------
Particle: 17:
Relays Coordinates:
90.5328, 101.787
238.642, 145.122
Evaluation Time: 1.53709 seconds
Resulting Fitness: 0.32619
New local best!
-------------
Particle: 18:
Relays Coordinates:
91.0156, 117.299
232.29, 149.092
Evaluation Time: 1.51251 seconds
Resulting Fitness: 0.32619
New local best!
-------------
Particle: 19:
Relays Coordinates:
105.838, 111.33
244.922, 167.291
Evaluation Time: 1.56317 seconds
Resulting Fitness: 0.311905
-------------
Particle: 20:
Relays Coordinates:
87.4994, 88.6924
224.979, 139.467
Evaluation Time: 1.53265 seconds
Resulting Fitness: 0.319048
New local best!
Current global best fitness: 0.333333
Current global best relays: 109.915, 91.7237
242.562, 154.086
Particle 1 new velocities: 54.9198, 45.7815
116.276, 112.79
Particle 2 new velocities: 36.6887, 39.1989
79.1648, 53.9804
Particle 3 new velocities: 17.8519, -0.640875
43.8886, 17.7539
Particle 4 new velocities: 134.329, 44.567
127.577, 87.9615
Particle 5 new velocities: 42.0115, 33.6339
60.6941, 13.7212
Particle 6 new velocities: 76.5475, 67.665
166.853, 138.468
Particle 7 new velocities: 33.7958, 7.81074
55.832, 36.413
Particle 8 new velocities: 22.6541, -4.70876
3.94255, 6.59663
Particle 9 new velocities: 34.9368, 37.1818
108.588, 71.5942
Particle 10 new velocities: 43.2748, 16.1138
72.0229, 59.9595
Particle 11 new velocities: 22.8183, 27.8094
53.004, 41.1883
Particle 12 new velocities: 26.1421, -29.4898
15.8416, -4.49718
Particle 13 new velocities: -1.09434, 17.0882
17.7429, 10.868
Particle 14 new velocities: 26.7701, 9.12852
71.3474, 40.8029
Particle 15 new velocities: 47.1783, 20.8462
103.969, 75.4752
Particle 16 new velocities: 23.9873, 14.7454
44.0005, 21.9663
Particle 17 new velocities: 39.6002, 8.05615
66.946, 51.6064
Particle 18 new velocities: 35.9218, 8.18156
63.3244, 35.0591
Particle 19 new velocities: 3.67657, -4.33178
-1.82709, 0.939763
Particle 20 new velocities: 35.9178, 7.1365
95.1522, 26.0111
-- ITERATION 10 --
-------------
Particle: 1:
Relays Coordinates:
70.6461, 85.7254
203.295, 149.905
Evaluation Time: 1.53112 seconds
Resulting Fitness: 0.311905
New local best!
-------------
Particle: 2:
Relays Coordinates:
92.8688, 99.3928
229.462, 137.85
Evaluation Time: 1.47725 seconds
Resulting Fitness: 0.311905
-------------
Particle: 3:
Relays Coordinates:
103.491, 73.7771
232.025, 139.191
Evaluation Time: 1.51005 seconds
Resulting Fitness: 0.316667
-------------
Particle: 4:
Relays Coordinates:
131.25, 72.5029
148.967, 105.198
Evaluation Time: 1.32466 seconds
Resulting Fitness: 0.209524
-------------
Particle: 5:
Relays Coordinates:
112.897, 100.738
240.485, 145.495
Evaluation Time: 1.58083 seconds
Resulting Fitness: 0.319048
New local best!
-------------
Particle: 6:
Relays Coordinates:
74.7843, 97.5456
207.148, 171.255
Evaluation Time: 1.51701 seconds
Resulting Fitness: 0.304762
New local best!
-------------
Particle: 7:
Relays Coordinates:
101.711, 98.3995
235.566, 154.607
Evaluation Time: 1.56563 seconds
Resulting Fitness: 0.328571
New local best!
-------------
Particle: 8:
Relays Coordinates:
110.863, 103.585
227.32, 178.195
Evaluation Time: 1.53869 seconds
Resulting Fitness: 0.309524
-------------
Particle: 9:
Relays Coordinates:
82.1918, 89.6363
220.349, 135.439
Evaluation Time: 1.57719 seconds
Resulting Fitness: 0.309524
-------------
Particle: 10:
Relays Coordinates:
115.523, 84.1377
253.021, 148.306
Evaluation Time: 1.57486 seconds
Resulting Fitness: 0.32619
-------------
Particle: 11:
Relays Coordinates:
89.5816, 95.6356
220.936, 149.297
Evaluation Time: 1.50065 seconds
Resulting Fitness: 0.321429
New local best!
-------------
Particle: 12:
Relays Coordinates:
124.373, 66.9808
228.848, 146.289
Evaluation Time: 1.51529 seconds
Resulting Fitness: 0.309524
-------------
Particle: 13:
Relays Coordinates:
84.5426, 108.946
223.01, 151.21
Evaluation Time: 1.52193 seconds
Resulting Fitness: 0.311905
-------------
Particle: 14:
Relays Coordinates:
91.0901, 79.9853
225.617, 149.235
Evaluation Time: 1.57155 seconds
Resulting Fitness: 0.328571
New local best!
-------------
Particle: 15:
Relays Coordinates:
91.3616, 67.2773
218.334, 132.619
Evaluation Time: 1.53597 seconds
Resulting Fitness: 0.319048
-------------
Particle: 16:
Relays Coordinates:
114.339, 91.1448
254.863, 136.044
Evaluation Time: 1.55862 seconds
Resulting Fitness: 0.340476
New local best!
New global best!
-------------
Particle: 17:
Relays Coordinates:
94.867, 80.0757
222.774, 143.415
Evaluation Time: 1.55636 seconds
Resulting Fitness: 0.32381
-------------
Particle: 18:
Relays Coordinates:
102.819, 101.639
239.447, 149.162
Evaluation Time: 1.56198 seconds
Resulting Fitness: 0.330952
New local best!
-------------
Particle: 19:
Relays Coordinates:
109.515, 106.998
243.095, 168.231
Evaluation Time: 1.5488 seconds
Resulting Fitness: 0.309524
-------------
Particle: 20:
Relays Coordinates:
89.9712, 69.8593
233.376, 120.634
Evaluation Time: 1.50471 seconds
Resulting Fitness: 0.3
Current global best fitness: 0.340476
Current global best relays: 114.339, 91.1448
254.863, 136.044
Particle 1 new velocities: 83.6102, 38.6712
104.548, 84.1682
Particle 2 new velocities: 46.9173, 44.8578
87.2455, 45.191
Particle 3 new velocities: 25.2848, 8.8681
48.7913, 23.6171
Particle 4 new velocities: 99.2803, 54.5933
138.301, 319.052
Particle 5 new velocities: 34.6426, 22.1338
52.442, 10.2565
Particle 6 new velocities: 70.0619, 45.8446
168.186, 75.941
Particle 7 new velocities: 40.799, 0.85275
60.1402, 11.3452
Particle 8 new velocities: -57.5196, -3.90312
26.6375, -47.0423
Particle 9 new velocities: 56.7426, 49.9976
119.76, 72.2408
Particle 10 new velocities: 9.36673, 53.445
53.7231, 42.322
Particle 11 new velocities: 21.2725, 19.503
50.8835, 30.0028
Particle 12 new velocities: 6.90849, 6.92333
59.4065, 25.4992
Particle 13 new velocities: 2.08728, 9.75566
25.622, 2.93243
Particle 14 new velocities: 31.6621, 21.6297
71.6607, 19.7857
Particle 15 new velocities: 52.4527, 69.4159
114.819, 59.681
Particle 16 new velocities: 19.1898, 11.7963
35.2004, 17.573
Particle 17 new velocities: 40.2426, 50.2988
97.4955, 39.5904
Particle 18 new velocities: 36.7841, 5.55373
61.3267, 27.9059
Particle 19 new velocities: -18.6692, -28.9372
-39.978, -20.9828
Particle 20 new velocities: 55.6425, 22.4038
85.4093, 37.6556
-- ITERATION 11 --
-------------
Particle: 1:
Relays Coordinates:
112.453, 90.6851
224.417, 170.639
Evaluation Time: 1.51008 seconds
Resulting Fitness: 0.319048
New local best!
-------------
Particle: 2:
Relays Coordinates:
101.904, 105.159
230.88, 133.437
Evaluation Time: 1.5442 seconds
Resulting Fitness: 0.328571
New local best!
-------------
Particle: 3:
Relays Coordinates:
115.898, 74.3807
252.735, 146.527
Evaluation Time: 1.61091 seconds
Resulting Fitness: 0.3
-------------
Particle: 4:
Relays Coordinates:
110.262, 60.7897
137.399, 202.917
Evaluation Time: 1.41797 seconds
Resulting Fitness: 0.269048
-------------
Particle: 5:
Relays Coordinates:
107.557, 89.5735
213.544, 113.543
Evaluation Time: 1.48325 seconds
Resulting Fitness: 0.295238
-------------
Particle: 6:
Relays Coordinates:
85.5302, 84.6705
221.631, 145.966
Evaluation Time: 1.52527 seconds
Resulting Fitness: 0.314286
New local best!
-------------
Particle: 7:
Relays Coordinates:
115.433, 80.3944
239.522, 134.421
Evaluation Time: 1.55329 seconds
Resulting Fitness: 0.32619
-------------
Particle: 8:
Relays Coordinates:
38.8875, 72.6679
185.135, 95.6104
Evaluation Time: 1.48922 seconds
Resulting Fitness: 0.238095
-------------
Particle: 9:
Relays Coordinates:
101.283, 101.793
247.94, 151.398
Evaluation Time: 1.7052 seconds
Resulting Fitness: 0.321429
-------------
Particle: 10:
Relays Coordinates:
101.161, 111.442
248.463, 154.409
Evaluation Time: 1.70861 seconds
Resulting Fitness: 0.328571
-------------
Particle: 11:
Relays Coordinates:
89.7918, 93.2623
220.174, 145.233
Evaluation Time: 1.62877 seconds
Resulting Fitness: 0.311905
-------------
Particle: 12:
Relays Coordinates:
106.338, 59.8623
233.486, 139.149
Evaluation Time: 1.66811 seconds
Resulting Fitness: 0.32381
-------------
Particle: 13:
Relays Coordinates:
77.9669, 106.832
223.769, 138.728
Evaluation Time: 1.63453 seconds
Resulting Fitness: 0.307143
-------------
Particle: 14:
Relays Coordinates:
99.4293, 82.3082
240.795, 136.907
Evaluation Time: 1.63131 seconds
Resulting Fitness: 0.328571
-------------
Particle: 15:
Relays Coordinates:
104.841, 99.6493
242.869, 140.186
Evaluation Time: 1.57875 seconds
Resulting Fitness: 0.328571
New local best!
-------------
Particle: 16:
Relays Coordinates:
120.176, 92.647
261.057, 138.256
Evaluation Time: 1.58255 seconds
Resulting Fitness: 0.330952
-------------
Particle: 17:
Relays Coordinates:
98.4949, 95.043
233.476, 133.411
Evaluation Time: 1.50398 seconds
Resulting Fitness: 0.328571
New local best!
-------------
Particle: 18:
Relays Coordinates:
113.079, 86.8262
243.627, 143.425
Evaluation Time: 1.58828 seconds
Resulting Fitness: 0.321429
-------------
Particle: 19:
Relays Coordinates:
90.8455, 78.0607
203.117, 147.248
Evaluation Time: 1.50881 seconds
Resulting Fitness: 0.302381
-------------
Particle: 20:
Relays Coordinates:
117.947, 74.7331
258.216, 128.214
Evaluation Time: 1.51223 seconds
Resulting Fitness: 0.321429
New local best!
Current global best fitness: 0.340476
Current global best relays: 114.339, 91.1448
254.863, 136.044
Particle 1 new velocities: 68.6113, 31.4093
98.5114, 57.8703
Particle 2 new velocities: 40.2562, 30.0137
91.2135, 37.3713
Particle 3 new velocities: 15.7437, 25.9081
30.9269, 24.1261
Particle 4 new velocities: 83.5192, 57.471
252.717, 212.813
Particle 5 new velocities: 37.4016, 26.7067
107.854, 82.8536
Particle 6 new velocities: 81.5447, 40.2486
137.515, 54.5392
Particle 7 new velocities: 23.7109, 34.2538
62.651, 17.0185
Particle 8 new velocities: 71.1898, 19.0943
72.4481, 52.2507
Particle 9 new velocities: 31.5956, 41.7375
69.8935, 42.4784
Particle 10 new velocities: 5.69212, 21.3365
42.1941, 12.4403
Particle 11 new velocities: 27.3957, 18.5197
47.9438, 29.0225
Particle 12 new velocities: 24.8885, 80.8146
74.1297, 49.0958
Particle 13 new velocities: 27.5012, 1.21389
23.4604, 11.4441
Particle 14 new velocities: 21.9712, 26.4473
70.0469, 23.5452
Particle 15 new velocities: 44.003, 55.4072
99.1867, 44.2815
Particle 16 new velocities: 6.53286, 7.61086
24.3162, 12.2934
Particle 17 new velocities: 36.5397, 36.5747
81.3379, 31.8354
Particle 18 new velocities: 20.7646, 22.6962
49.6653, 25.0177
Particle 19 new velocities: -1.11984, 7.69529
9.21956, -20.865
Particle 20 new velocities: 40.7368, 27.8622
64.7146, 33.5219
-- ITERATION 12 --
-------------
Particle: 1:
Relays Coordinates:
118.796, 80.1061
211.874, 149.925
Evaluation Time: 1.51666 seconds
Resulting Fitness: 0.311905
-------------
Particle: 2:
Relays Coordinates:
103.635, 98.5406
234.806, 124.519
Evaluation Time: 1.57076 seconds
Resulting Fitness: 0.319048
-------------
Particle: 3:
Relays Coordinates:
118.478, 90.2599
255.295, 153.588
Evaluation Time: 1.62634 seconds
Resulting Fitness: 0.328571
-------------
Particle: 4:
Relays Coordinates:
83.4164, 50.9074
167.932, 178.958
Evaluation Time: 1.42888 seconds
Resulting Fitness: 0.283333
-------------
Particle: 5:
Relays Coordinates:
105.675, 84.7683
234.299, 143.173
Evaluation Time: 1.5472 seconds
Resulting Fitness: 0.321429
New local best!
-------------
Particle: 6:
Relays Coordinates:
121.798, 91.066
261.818, 146.169
Evaluation Time: 1.58228 seconds
Resulting Fitness: 0.340476
New local best!
-------------
Particle: 7:
Relays Coordinates:
112.707, 92.865
244.76, 122.666
Evaluation Time: 1.52574 seconds
Resulting Fitness: 0.32381
-------------
Particle: 8:
Relays Coordinates:
99.0696, 82.586
231.825, 133.075
Evaluation Time: 1.56346 seconds
Resulting Fitness: 0.319048
New local best!
-------------
Particle: 9:
Relays Coordinates:
96.8687, 104.634
231.7, 141.336
Evaluation Time: 1.57001 seconds
Resulting Fitness: 0.32619
New local best!
-------------
Particle: 10:
Relays Coordinates:
86.551, 107.551
235.432, 135.148
Evaluation Time: 1.53328 seconds
Resulting Fitness: 0.321429
-------------
Particle: 11:
Relays Coordinates:
105.469, 100.604
241.306, 156.83
Evaluation Time: 1.60646 seconds
Resulting Fitness: 0.335714
New local best!
-------------
Particle: 12:
Relays Coordinates:
95.6642, 102.553
224.252, 137.23
Evaluation Time: 1.48323 seconds
Resulting Fitness: 0.311905
-------------
Particle: 13:
Relays Coordinates:
105.468, 108.046
247.229, 150.172
Evaluation Time: 1.58134 seconds
Resulting Fitness: 0.330952
New local best!
-------------
Particle: 14:
Relays Coordinates:
88.5009, 79.2827
226.604, 116.97
Evaluation Time: 1.48287 seconds
Resulting Fitness: 0.304762
-------------
Particle: 15:
Relays Coordinates:
97.6563, 101.733
224.423, 121.029
Evaluation Time: 1.52714 seconds
Resulting Fitness: 0.32381
-------------
Particle: 16:
Relays Coordinates:
114.038, 90.2321
256.836, 135.494
Evaluation Time: 1.54809 seconds
Resulting Fitness: 0.342857
New local best!
New global best!
-------------
Particle: 17:
Relays Coordinates:
109.378, 106.61
254.999, 133.85
Evaluation Time: 1.57545 seconds
Resulting Fitness: 0.330952
New local best!
-------------
Particle: 18:
Relays Coordinates:
108.413, 88.7132
237.567, 136.439
Evaluation Time: 1.50735 seconds
Resulting Fitness: 0.330952
-------------
Particle: 19:
Relays Coordinates:
89.7257, 85.756
212.337, 126.383
Evaluation Time: 1.51091 seconds
Resulting Fitness: 0.3
-------------
Particle: 20:
Relays Coordinates:
128.534, 83.1022
261.574, 131.007
Evaluation Time: 1.55354 seconds
Resulting Fitness: 0.314286
Current global best fitness: 0.342857
Current global best relays: 114.038, 90.2321
256.836, 135.494
Particle 1 new velocities: 51.5366, 43.3309
113.613, 63.0938
Particle 2 new velocities: 32.3404, 19.572
91.6517, 44.3838
Particle 3 new velocities: -6.96944, 22.9448
17.3189, -3.47789
Particle 4 new velocities: 110.27, 71.154
198.638, 167.661
Particle 5 new velocities: 32.03, 23.4128
94.0797, 59.5052
Particle 6 new velocities: 63.307, 32.0111
109.18, 35.1706
Particle 7 new velocities: 4.50817, 28.4805
61.6131, 81.3013
Particle 8 new velocities: 57.3165, 16.2837
76.2971, 44.8386
Particle 9 new velocities: 34.1907, 18.6725
73.8171, 32.5722
Particle 10 new velocities: 33.2732, 17.2503
52.1843, 23.6025
Particle 11 new velocities: 30.829, 9.11487
57.3822, 3.15913
Particle 12 new velocities: 55.8889, 51.8948
76.2999, 79.6897
Particle 13 new velocities: 26.8414, -9.9476
20.3593, -8.74118
Particle 14 new velocities: 28.1375, 24.403
61.3582, 60.3474
Particle 15 new velocities: 58.0755, 37.7532
129.775, 60.2923
Particle 16 new velocities: 5.22629, 6.08869
19.453, 9.83474
Particle 17 new velocities: 34.2065, 25.7556
66.3953, 27.3036
Particle 18 new velocities: 12.1597, 38.0787
58.3419, 23.6784
Particle 19 new velocities: -2.10591, 24.1057
67.0067, -4.69666
Particle 20 new velocities: 19.1867, 23.8668
48.7166, 28.7032
-- ITERATION 13 --
-------------
Particle: 1:
Relays Coordinates:
124.173, 89.9856
237.279, 155.291
Evaluation Time: 1.5682 seconds
Resulting Fitness: 0.316667
-------------
Particle: 2:
Relays Coordinates:
99.1259, 86.1041
237.988, 123.13
Evaluation Time: 1.49 seconds
Resulting Fitness: 0.316667
-------------
Particle: 3:
Relays Coordinates:
100.357, 101.884
245.353, 135.099
Evaluation Time: 1.55595 seconds
Resulting Fitness: 0.328571
-------------
Particle: 4:
Relays Coordinates:
102.933, 64.8684
194.811, 184.208
Evaluation Time: 1.47591 seconds
Resulting Fitness: 0.302381
-------------
Particle: 5:
Relays Coordinates:
90.3479, 70.9776
215.449, 132.977
Evaluation Time: 1.50572 seconds
Resulting Fitness: 0.302381
-------------
Particle: 6:
Relays Coordinates:
121.447, 80.7509
243.412, 118.977
Evaluation Time: 1.58577 seconds
Resulting Fitness: 0.314286
-------------
Particle: 7:
Relays Coordinates:
85.4496, 88.4609
223.346, 148.692
Evaluation Time: 1.51855 seconds
Resulting Fitness: 0.319048
-------------
Particle: 8:
Relays Coordinates:
126.673, 80.0845
249.579, 144.11
Evaluation Time: 1.5842 seconds
Resulting Fitness: 0.321429
New local best!
-------------
Particle: 9:
Relays Coordinates:
106.158, 99.8781
247.469, 140.866
Evaluation Time: 1.55239 seconds
Resulting Fitness: 0.333333
New local best!
-------------
Particle: 10:
Relays Coordinates:
97.0576, 101.089
232.969, 128.588
Evaluation Time: 1.5217 seconds
Resulting Fitness: 0.316667
-------------
Particle: 11:
Relays Coordinates:
110.401, 88.8721
241.938, 129.591
Evaluation Time: 1.51842 seconds
Resulting Fitness: 0.32619
-------------
Particle: 12:
Relays Coordinates:
99.434, 101.333
197.192, 142.321
Evaluation Time: 1.49975 seconds
Resulting Fitness: 0.295238
-------------
Particle: 13:
Relays Coordinates:
119.078, 88.2882
240.83, 127.288
Evaluation Time: 1.53669 seconds
Resulting Fitness: 0.321429
-------------
Particle: 14:
Relays Coordinates:
94.4771, 83.9855
233.249, 143.627
Evaluation Time: 1.54964 seconds
Resulting Fitness: 0.321429
-------------
Particle: 15:
Relays Coordinates:
113.529, 101.685
258.21, 132.183
Evaluation Time: 1.57135 seconds
Resulting Fitness: 0.32381
-------------
Particle: 16:
Relays Coordinates:
107.338, 86.6887
248.66, 130.796
Evaluation Time: 1.54512 seconds
Resulting Fitness: 0.330952
-------------
Particle: 17:
Relays Coordinates:
104.673, 96.4948
234.297, 117.481
Evaluation Time: 1.48878 seconds
Resulting Fitness: 0.316667
-------------
Particle: 18:
Relays Coordinates:
97.6639, 102.701
239.686, 129.695
Evaluation Time: 1.56661 seconds
Resulting Fitness: 0.32619
-------------
Particle: 19:
Relays Coordinates:
63.8748, 80.0892
203.641, 88.7097
Evaluation Time: 1.43957 seconds
Resulting Fitness: 0.264286
-------------
Particle: 20:
Relays Coordinates:
119.654, 86.6449
251.335, 129.365
Evaluation Time: 1.57266 seconds
Resulting Fitness: 0.32381
New local best!
Current global best fitness: 0.342857
Current global best relays: 114.038, 90.2321
256.836, 135.494
Particle 1 new velocities: 29.6064, 35.6846
75.1305, 31.1552
Particle 2 new velocities: 45.816, 38.642
73.2803, 57.9013
Particle 3 new velocities: 16.7958, 5.15396
27.2157, 29.2706
Particle 4 new velocities: 113.639, 107.326
162.825, 87.8278
Particle 5 new velocities: 74.3622, 45.6188
94.4939, 54.5731
Particle 6 new velocities: 50.6555, 39.2896
119.58, 39.0126
Particle 7 new velocities: 54.1035, 30.6941
101.912, 60.3104
Particle 8 new velocities: 38.4754, 20.2456
63.2565, 31.6254
Particle 9 new velocities: 30.2244, 5.953
70.265, 22.7438
Particle 10 new velocities: 41.6314, 8.89794
48.6192, 28.1879
Particle 11 new velocities: 18.5992, 20.1443
62.517, 27.4346
Particle 12 new velocities: 61.7938, 37.9565
135.039, 87.7144
Particle 13 new velocities: 9.48477, 19.4949
28.0399, 31.5221
Particle 14 new velocities: 27.6238, 14.1652
38.4643, 41.6104
Particle 15 new velocities: 40.2352, 24.6819
93.0587, 62.1896
Particle 16 new velocities: 7.77554, 9.91216
23.7578, 14.6203
Particle 17 new velocities: 38.41, 24.3669
94.1064, 43.879
Particle 18 new velocities: 24.1839, 13.9885
60.684, 38.0236
Particle 19 new velocities: 32.9686, 55.9718
100.778, 88.7849
Particle 20 new velocities: 8.58074, 20.4111
46.095, 24.1478
-- ITERATION 14 --
-------------
Particle: 1:
Relays Coordinates:
112.105, 91.6135
227.747, 135.919
Evaluation Time: 1.56632 seconds
Resulting Fitness: 0.309524
-------------
Particle: 2:
Relays Coordinates:
117.403, 101.044
252.127, 146.636
Evaluation Time: 1.59706 seconds
Resulting Fitness: 0.319048
-------------
Particle: 3:
Relays Coordinates:
105.438, 96.3343
245.312, 147.932
Evaluation Time: 1.63144 seconds
Resulting Fitness: 0.335714
New local best!
-------------
Particle: 4:
Relays Coordinates:
115.095, 91.5109
190.062, 144.571
Evaluation Time: 1.48685 seconds
Resulting Fitness: 0.290476
-------------
Particle: 5:
Relays Coordinates:
120.074, 84.9988
225.949, 136.724
Evaluation Time: 1.55713 seconds
Resulting Fitness: 0.321429
-------------
Particle: 6:
Relays Coordinates:
125.463, 87.5095
264.621, 115.174
Evaluation Time: 1.58446 seconds
Resulting Fitness: 0.333333
-------------
Particle: 7:
Relays Coordinates:
101.734, 86.864
237.113, 152.363
Evaluation Time: 1.67702 seconds
Resulting Fitness: 0.333333
New local best!
-------------
Particle: 8:
Relays Coordinates:
120.393, 73.1406
228.057, 128.111
Evaluation Time: 1.50785 seconds
Resulting Fitness: 0.309524
-------------
Particle: 9:
Relays Coordinates:
110.47, 85.7232
257.365, 132.524
Evaluation Time: 1.61419 seconds
Resulting Fitness: 0.32619
-------------
Particle: 10:
Relays Coordinates:
112.338, 89.0892
228.087, 126.988
Evaluation Time: 1.55814 seconds
Resulting Fitness: 0.32381
-------------
Particle: 11:
Relays Coordinates:
104.49, 88.3033
246.608, 127.191
Evaluation Time: 1.53693 seconds
Resulting Fitness: 0.314286
-------------
Particle: 12:
Relays Coordinates:
105.782, 91.3882
217.977, 150.926
Evaluation Time: 1.58529 seconds
Resulting Fitness: 0.314286
-------------
Particle: 13:
Relays Coordinates:
115.707, 97.0048
241.982, 142.929
Evaluation Time: 1.58942 seconds
Resulting Fitness: 0.32619
-------------
Particle: 14:
Relays Coordinates:
98.9017, 79.5021
220.088, 150.042
Evaluation Time: 1.52537 seconds
Resulting Fitness: 0.32619
-------------
Particle: 15:
Relays Coordinates:
112.094, 92.1215
256.075, 141.698
Evaluation Time: 1.55406 seconds
Resulting Fitness: 0.330952
New local best!
-------------
Particle: 16:
Relays Coordinates:
103.602, 86.9407
245.176, 130.875
Evaluation Time: 1.55158 seconds
Resulting Fitness: 0.319048
-------------
Particle: 17:
Relays Coordinates:
115.897, 97.8979
266.007, 130.701
Evaluation Time: 1.55991 seconds
Resulting Fitness: 0.321429
-------------
Particle: 18:
Relays Coordinates:
98.6967, 94.5188
243.3, 135.852
Evaluation Time: 1.53488 seconds
Resulting Fitness: 0.330952
-------------
Particle: 19:
Relays Coordinates:
70.5989, 99.1884
221.922, 129.394
Evaluation Time: 1.49366 seconds
Resulting Fitness: 0.307143
-------------
Particle: 20:
Relays Coordinates:
103.87, 86.7153
240.918, 124.345
Evaluation Time: 1.50361 seconds
Resulting Fitness: 0.32381
Current global best fitness: 0.342857
Current global best relays: 114.038, 90.2321
256.836, 135.494
Particle 1 new velocities: 24.4519, 25.5685
65.5198, 38.8283
Particle 2 new velocities: 32.4796, 20.5719
43.5694, 23.709
Particle 3 new velocities: 19.0616, -2.23042
32.4745, 17.3604
Particle 4 new velocities: 89.2438, 87.8486
106.556, 164.517
Particle 5 new velocities: 45.9057, 40.316
106.163, 51.5054
Particle 6 new velocities: 35.8838, 34.1058
87.404, 57.9825
Particle 7 new velocities: 52.5272, 26.1948
83.5814, 39.9901
Particle 8 new velocities: 38.0732, 26.3062
111.455, 35.4264
Particle 9 new velocities: 24.0995, 31.1237
53.206, 30.6314
Particle 10 new velocities: 33.3483, 45.9858
46.5081, 52.8209
Particle 11 new velocities: 26.2821, 31.1397
55.459, 28.8327
Particle 12 new velocities: 60.0997, 45.1602
146.934, 76.1114
Particle 13 new velocities: -3.35431, 8.52503
40.2366, 22.9999
Particle 14 new velocities: 25.2349, 14.554
47.1335, 21.4167
Particle 15 new velocities: 32.5904, 18.7713
74.9766, 47.3095
Particle 16 new velocities: 31.2551, 10.8082
40.9814, 21.8559
Particle 17 new velocities: 25.2144, 24.6323
57.3598, 39.5683
Particle 18 new velocities: 28.6523, 7.83816
52.3362, 37.8631
Particle 19 new velocities: 53.2266, 39.7968
116.696, 102.169
Particle 20 new velocities: 32.2715, 18.4441
47.2997, 30.413
-- ITERATION 15 --
-------------
Particle: 1:
Relays Coordinates:
110.611, 94.9174
237.546, 141.545
Evaluation Time: 1.55047 seconds
Resulting Fitness: 0.32619
New local best!
-------------
Particle: 2:
Relays Coordinates:
109.264, 88.6583
215.563, 124.181
Evaluation Time: 1.49888 seconds
Resulting Fitness: 0.290476
-------------
Particle: 3:
Relays Coordinates:
112.049, 84.6935
250.007, 148.764
Evaluation Time: 1.57248 seconds
Resulting Fitness: 0.319048
-------------
Particle: 4:
Relays Coordinates:
108.594, 95.319
157.635, 164.262
Evaluation Time: 1.42956 seconds
Resulting Fitness: 0.290476
-------------
Particle: 5:
Relays Coordinates:
120.999, 91.3544
242.11, 137.219
Evaluation Time: 1.61331 seconds
Resulting Fitness: 0.316667
-------------
Particle: 6:
Relays Coordinates:
117.622, 88.6576
256.626, 126.231
Evaluation Time: 1.54905 seconds
Resulting Fitness: 0.330952
-------------
Particle: 7:
Relays Coordinates:
124.952, 91.5776
259.763, 155.806
Evaluation Time: 1.70692 seconds
Resulting Fitness: 0.319048
-------------
Particle: 8:
Relays Coordinates:
115.522, 72.4967
247.504, 119.219
Evaluation Time: 1.56788 seconds
Resulting Fitness: 0.304762
-------------
Particle: 9:
Relays Coordinates:
109.001, 94.646
251.562, 132.156
Evaluation Time: 1.55578 seconds
Resulting Fitness: 0.333333
-------------
Particle: 10:
Relays Coordinates:
106.205, 98.4697
200.18, 131.081
Evaluation Time: 1.4727 seconds
Resulting Fitness: 0.278571
-------------
Particle: 11:
Relays Coordinates:
105.926, 96.7488
244.674, 126.379
Evaluation Time: 1.54306 seconds
Resulting Fitness: 0.32619
-------------
Particle: 12:
Relays Coordinates:
108.835, 89.5894
239.418, 148.959
Evaluation Time: 1.59587 seconds
Resulting Fitness: 0.328571
-------------
Particle: 13:
Relays Coordinates:
91.0056, 85.4792
228.597, 134.402
Evaluation Time: 1.53638 seconds
Resulting Fitness: 0.319048
-------------
Particle: 14:
Relays Coordinates:
111.723, 84.6504
240.499, 154.313
Evaluation Time: 1.61461 seconds
Resulting Fitness: 0.330952
New local best!
-------------
Particle: 15:
Relays Coordinates:
105.475, 80.8409
241.337, 137.786
Evaluation Time: 1.52487 seconds
Resulting Fitness: 0.321429
-------------
Particle: 16:
Relays Coordinates:
121.372, 87.974
257.542, 137.458
Evaluation Time: 1.61284 seconds
Resulting Fitness: 0.338095
-------------
Particle: 17:
Relays Coordinates:
114.3, 99.2495
261.927, 137.918
Evaluation Time: 1.64694 seconds
Resulting Fitness: 0.340476
New local best!
-------------
Particle: 18:
Relays Coordinates:
103.153, 82.9092
239.465, 140.709
Evaluation Time: 1.54242 seconds
Resulting Fitness: 0.328571
-------------
Particle: 19:
Relays Coordinates:
81.2419, 91.1882
222.167, 151.928
Evaluation Time: 1.51402 seconds
Resulting Fitness: 0.311905
-------------
Particle: 20:
Relays Coordinates:
122.527, 94.6435
259.396, 139.282
Evaluation Time: 1.6312 seconds
Resulting Fitness: 0.32619
New local best!
Current global best fitness: 0.342857
Current global best relays: 114.038, 90.2321
256.836, 135.494
Particle 1 new velocities: 19.9611, 14.7197
57.4018, 30.8595
Particle 2 new velocities: 15.7166, 41.2621
47.0954, 35.0048
Particle 3 new velocities: 10.5725, 21.5636
25.0646, 12.2979
Particle 4 new velocities: 83.5999, 65.6183
176.423, 124.879
Particle 5 new velocities: 14.7268, 23.9385
82.4283, 44.9559
Particle 6 new velocities: 31.9856, 29.9993
73.7712, 66.8114
Particle 7 new velocities: 32.1325, 16.9032
61.8796, 18.2569
Particle 8 new velocities: 45.1885, 45.4595
97.2637, 86.516
Particle 9 new velocities: 18.3213, 30.0413
43.3479, 35.7109
Particle 10 new velocities: 19.5322, 55.7823
127.918, 62.5344
Particle 11 new velocities: 26.7781, 21.8327
53.5038, 39.5222
Particle 12 new velocities: 57.2186, 40.9667
120.111, 61.3577
Particle 13 new velocities: 38.3003, 28.7181
72.7646, 28.4294
Particle 14 new velocities: 22.4244, 11.6785
38.2061, 1.87578
Particle 15 new velocities: 31.5885, 29.1266
75.0215, 37.9253
Particle 16 new velocities: 19.1795, 11.6863
31.7436, 14.2563
Particle 17 new velocities: 20.0062, 9.18958
40.2397, 31.0456
Particle 18 new velocities: 28.5716, 14.248
51.1037, 31.8992
Particle 19 new velocities: 73.2146, 39.617
133.897, 74.3353
Particle 20 new velocities: 24.7979, 9.71764
35.9511, 22.7154
-- ITERATION 16 --
-------------
Particle: 1:
Relays Coordinates:
105.763, 88.8061
238.908, 139.648
Evaluation Time: 1.52157 seconds
Resulting Fitness: 0.314286
-------------
Particle: 2:
Relays Coordinates:
101.235, 105.235
212.753, 128.941
Evaluation Time: 1.49752 seconds
Resulting Fitness: 0.3
-------------
Particle: 3:
Relays Coordinates:
110.36, 95.6314
247.565, 144.955
Evaluation Time: 1.60408 seconds
Resulting Fitness: 0.335714
-------------
Particle: 4:
Relays Coordinates:
113.489, 95.0319
197.258, 170.735
Evaluation Time: 1.51483 seconds
Resulting Fitness: 0.295238
-------------
Particle: 5:
Relays Coordinates:
98.9441, 84.0485
236.588, 132.806
Evaluation Time: 1.55173 seconds
Resulting Fitness: 0.32381
New local best!
-------------
Particle: 6:
Relays Coordinates:
109.064, 86.5008
240.86, 140.728
Evaluation Time: 1.54948 seconds
Resulting Fitness: 0.32381
-------------
Particle: 7:
Relays Coordinates:
127.238, 87.8695
260.53, 140.991
Evaluation Time: 1.57586 seconds
Resulting Fitness: 0.330952
-------------
Particle: 8:
Relays Coordinates:
117.158, 85.99
251.336, 149.981
Evaluation Time: 1.62384 seconds
Resulting Fitness: 0.335714
New local best!
-------------
Particle: 9:
Relays Coordinates:
103.131, 100.997
238.877, 135.972
Evaluation Time: 1.51841 seconds
Resulting Fitness: 0.32619
-------------
Particle: 10:
Relays Coordinates:
91.6627, 112.45
239.183, 141.146
Evaluation Time: 1.58527 seconds
Resulting Fitness: 0.314286
-------------
Particle: 11:
Relays Coordinates:
107.49, 96.051
241.524, 134.38
Evaluation Time: 1.51662 seconds
Resulting Fitness: 0.32381
-------------
Particle: 12:
Relays Coordinates:
121.053, 95.1753
262.097, 153.321
Evaluation Time: 1.61218 seconds
Resulting Fitness: 0.32619
-------------
Particle: 13:
Relays Coordinates:
104.738, 92.4997
244.103, 131.894
Evaluation Time: 1.5442 seconds
Resulting Fitness: 0.328571
-------------
Particle: 14:
Relays Coordinates:
120.733, 86.696
250.835, 140.57
Evaluation Time: 1.54557 seconds
Resulting Fitness: 0.32619
-------------
Particle: 15:
Relays Coordinates:
111.021, 89.0737
256.25, 142.326
Evaluation Time: 1.563 seconds
Resulting Fitness: 0.321429
-------------
Particle: 16:
Relays Coordinates:
113.846, 80.7248
234.321, 122.888
Evaluation Time: 1.49985 seconds
Resulting Fitness: 0.314286
-------------
Particle: 17:
Relays Coordinates:
108.788, 87.8357
244.755, 136.861
Evaluation Time: 1.772 seconds
Resulting Fitness: 0.335714
-------------
Particle: 18:
Relays Coordinates:
106.697, 78.6973
235.361, 139.813
Evaluation Time: 1.55056 seconds
Resulting Fitness: 0.333333
New local best!
-------------
Particle: 19:
Relays Coordinates:
101.339, 85.8213
233.614, 148.451
Evaluation Time: 1.55207 seconds
Resulting Fitness: 0.32619
New local best!
-------------
Particle: 20:
Relays Coordinates:
119.333, 84.5325
239.231, 131.218
Evaluation Time: 1.5344 seconds
Resulting Fitness: 0.319048
Current global best fitness: 0.342857
Current global best relays: 114.038, 90.2321
256.836, 135.494
Particle 1 new velocities: 22.8278, 19.1981
62.935, 23.9136
Particle 2 new velocities: 28.4395, 14.9356
109.543, 30.7479
Particle 3 new velocities: 12.4235, 10.7122
20.253, 11.7002
Particle 4 new velocities: 68.496, 50.3527
134.727, 207.542
Particle 5 new velocities: 30.2472, 20.3232
75.3613, 36.3409
Particle 6 new velocities: 37.303, 30.6999
92.8019, 57.1486
Particle 7 new velocities: -13.9386, 13.502
8.71417, 14.7463
Particle 8 new velocities: 34.7323, 38.8477
81.9431, 61.4815
Particle 9 new velocities: 28.3247, 11.2567
55.7098, 36.5793
Particle 10 new velocities: 36.0906, 29.655
106.487, 48.6275
Particle 11 new velocities: 23.7989, 18.4485
50.0648, 53.5384
Particle 12 new velocities: 35.1227, 33.0754
82.8229, 64.4916
Particle 13 new velocities: 40.067, 22.0047
62.0379, 29.4979
Particle 14 new velocities: -1.63412, 10.1412
22.8613, 22.1928
Particle 15 new velocities: 29.3212, 27.9749
60.5607, 28.7483
Particle 16 new velocities: 15.9127, 11.235
49.3872, 39.3802
Particle 17 new velocities: 30.3572, 12.3075
40.7695, 25.5319
Particle 18 new velocities: 27.4505, 13.9168
61.0633, 23.8075
Particle 19 new velocities: 58.7209, 36.9815
121.006, 44.2668
Particle 20 new velocities: 22.1363, 30.8768
46.5813, 33.4925
-- ITERATION 17 --
-------------
Particle: 1:
Relays Coordinates:
104.159, 87.4834
244.493, 132.485
Evaluation Time: 1.53413 seconds
Resulting Fitness: 0.328571
New local best!
-------------
Particle: 2:
Relays Coordinates:
94.5324, 87.6047
234.954, 116.413
Evaluation Time: 1.49097 seconds
Resulting Fitness: 0.309524
-------------
Particle: 3:
Relays Coordinates:
110.505, 95.7093
241.036, 140.99
Evaluation Time: 1.56446 seconds
Resulting Fitness: 0.330952
-------------
Particle: 4:
Relays Coordinates:
96.7141, 77.2633
176.43, 201.032
Evaluation Time: 1.45813 seconds
Resulting Fitness: 0.297619
-------------
Particle: 5:
Relays Coordinates:
94.1805, 76.087
227.411, 123.308
Evaluation Time: 1.50629 seconds
Resulting Fitness: 0.311905
-------------
Particle: 6:
Relays Coordinates:
106.701, 85.4393
243.239, 144.252
Evaluation Time: 1.58756 seconds
Resulting Fitness: 0.319048
-------------
Particle: 7:
Relays Coordinates:
101.97, 91.2343
242.32, 140.163
Evaluation Time: 1.56265 seconds
Resulting Fitness: 0.321429
-------------
Particle: 8:
Relays Coordinates:
110.728, 91.0067
242.96, 154.156
Evaluation Time: 1.58341 seconds
Resulting Fitness: 0.330952
-------------
Particle: 9:
Relays Coordinates:
106.479, 90.9253
238.616, 139.766
Evaluation Time: 1.53097 seconds
Resulting Fitness: 0.321429
-------------
Particle: 10:
Relays Coordinates:
83.8189, 93.2349
226.794, 124.51
Evaluation Time: 1.52815 seconds
Resulting Fitness: 0.314286
-------------
Particle: 11:
Relays Coordinates:
106.344, 92.7446
236.187, 152.214
Evaluation Time: 1.54441 seconds
Resulting Fitness: 0.32381
-------------
Particle: 12:
Relays Coordinates:
113.852, 93.4948
251.447, 158.786
Evaluation Time: 1.58678 seconds
Resulting Fitness: 0.32619
-------------
Particle: 13:
Relays Coordinates:
117.292, 92.7486
247.974, 130.727
Evaluation Time: 1.57526 seconds
Resulting Fitness: 0.32381
-------------
Particle: 14:
Relays Coordinates:
107.189, 87.1535
246.327, 146.486
Evaluation Time: 1.5738 seconds
Resulting Fitness: 0.321429
-------------
Particle: 15:
Relays Coordinates:
113.677, 94.8094
256.617, 138.571
Evaluation Time: 1.55428 seconds
Resulting Fitness: 0.342857
New local best!
-------------
Particle: 16:
Relays Coordinates:
116.783, 82.7639
255.338, 146.042
Evaluation Time: 1.59428 seconds
Resulting Fitness: 0.340476
-------------
Particle: 17:
Relays Coordinates:
125.231, 90.1288
256.972, 146.153
Evaluation Time: 1.62113 seconds
Resulting Fitness: 0.333333
-------------
Particle: 18:
Relays Coordinates:
108.659, 75.0174
240.103, 132.532
Evaluation Time: 1.51776 seconds
Resulting Fitness: 0.316667
-------------
Particle: 19:
Relays Coordinates:
116.684, 89.5232
258.518, 140.492
Evaluation Time: 1.56101 seconds
Resulting Fitness: 0.338095
New local best!
-------------
Particle: 20:
Relays Coordinates:
114.59, 93.4815
231.508, 133.416
Evaluation Time: 1.53982 seconds
Resulting Fitness: 0.32619
Current global best fitness: 0.342857
Current global best relays: 114.038, 90.2321
256.836, 135.494
Particle 1 new velocities: 23.9491, 17.0453
60.8536, 22.5693
Particle 2 new velocities: 24.3063, 26.681
99.2743, 52.5847
Particle 3 new velocities: 7.28799, 4.51714
28.7136, 16.3127
Particle 4 new velocities: 86.1196, 72.023
203.818, 145.597
Particle 5 new velocities: 44.7004, 33.4215
104.304, 52.4447
Particle 6 new velocities: 45.2557, 29.6517
103.56, 45.1307
Particle 7 new velocities: -2.40159, 7.87774
6.73031, 28.0663
Particle 8 new velocities: 36.6578, 22.6177
90.2607, 33.0553
Particle 9 new velocities: 26.5021, 10.3758
59.7031, 27.0151
Particle 10 new velocities: 59.5567, 28.7876
121.743, 69.8237
Particle 11 new velocities: 21.6736, 20.3052
55.5687, 48.3275
Particle 12 new velocities: 27.2723, 23.2951
67.3458, 53.7918
Particle 13 new velocities: 18.8323, 31.6754
53.3866, 45.3213
Particle 14 new velocities: 9.24608, 9.0827
17.0516, 6.18004
Particle 15 new velocities: 23.8755, 20.9004
48.4498, 21.6176
Particle 16 new velocities: 8.61275, 15.876
41.2468, 20.7356
Particle 17 new velocities: 3.61328, 24.9978
38.5033, 7.77913
Particle 18 new velocities: 22.5801, 32.8495
54.3556, 27.5333
Particle 19 new velocities: 46.3731, 29.8695
95.2371, 29.2306
Particle 20 new velocities: 18.9991, 24.3769
74.1051, 29.7342
-- ITERATION 18 --
-------------
Particle: 1:
Relays Coordinates:
103.768, 84.6683
247.33, 125.594
Evaluation Time: 1.51407 seconds
Resulting Fitness: 0.319048
-------------
Particle: 2:
Relays Coordinates:
77.9701, 74.9828
219.287, 110.879
Evaluation Time: 1.50816 seconds
Resulting Fitness: 0.297619
-------------
Particle: 3:
Relays Coordinates:
106.014, 90.2038
242.775, 141.572
Evaluation Time: 1.67425 seconds
Resulting Fitness: 0.330952
-------------
Particle: 4:
Relays Coordinates:
97.1653, 79.3369
202.08, 184.213
Evaluation Time: 1.46982 seconds
Resulting Fitness: 0.304762
-------------
Particle: 5:
Relays Coordinates:
101.244, 79.8317
241.82, 128.124
Evaluation Time: 1.52211 seconds
Resulting Fitness: 0.307143
-------------
Particle: 6:
Relays Coordinates:
110.777, 83.9013
252.817, 138.06
Evaluation Time: 1.5464 seconds
Resulting Fitness: 0.32381
-------------
Particle: 7:
Relays Coordinates:
89.6112, 89.2009
224.145, 151.407
Evaluation Time: 1.54948 seconds
Resulting Fitness: 0.32619
-------------
Particle: 8:
Relays Coordinates:
107.444, 82.8322
242.918, 136.477
Evaluation Time: 1.62085 seconds
Resulting Fitness: 0.319048
-------------
Particle: 9:
Relays Coordinates:
107.715, 82.0539
241.638, 135.093
Evaluation Time: 1.57964 seconds
Resulting Fitness: 0.32381
-------------
Particle: 10:
Relays Coordinates:
94.0688, 80.059
228.675, 127.502
Evaluation Time: 1.51599 seconds
Resulting Fitness: 0.314286
-------------
Particle: 11:
Relays Coordinates:
103.694, 91.5703
236.322, 162.439
Evaluation Time: 1.52643 seconds
Resulting Fitness: 0.330952
-------------
Particle: 12:
Relays Coordinates:
102.88, 85.1398
232.4, 154.969
Evaluation Time: 1.55313 seconds
Resulting Fitness: 0.328571
-------------
Particle: 13:
Relays Coordinates:
110.261, 100.783
244.102, 142.599
Evaluation Time: 1.63236 seconds
Resulting Fitness: 0.32381
-------------
Particle: 14:
Relays Coordinates:
104.791, 86.6126
237.04, 137.4
Evaluation Time: 1.54389 seconds
Resulting Fitness: 0.328571
-------------
Particle: 15:
Relays Coordinates:
111.418, 93.725
247.104, 129.752
Evaluation Time: 1.58473 seconds
Resulting Fitness: 0.330952
-------------
Particle: 16:
Relays Coordinates:
101.571, 79.8983
240.233, 135.089
Evaluation Time: 1.59616 seconds
Resulting Fitness: 0.321429
-------------
Particle: 17:
Relays Coordinates:
104.364, 93.2526
239.335, 124.685
Evaluation Time: 1.49729 seconds
Resulting Fitness: 0.321429
-------------
Particle: 18:
Relays Coordinates:
118.115, 97.0802
265.013, 144.059
Evaluation Time: 1.67301 seconds
Resulting Fitness: 0.340476
New local best!
-------------
Particle: 19:
Relays Coordinates:
118.868, 87.0373
257.887, 123.727
Evaluation Time: 1.52475 seconds
Resulting Fitness: 0.32619
-------------
Particle: 20:
Relays Coordinates:
108.208, 95.4654
247.547, 132.151
Evaluation Time: 1.55642 seconds
Resulting Fitness: 0.32381
Current global best fitness: 0.342857
Current global best relays: 114.038, 90.2321
256.836, 135.494
Particle 1 new velocities: 23.174, 20.1208
59.1586, 29.4062
Particle 2 new velocities: 49.9236, 76.6166
102.835, 57.4337
Particle 3 new velocities: 13.4134, 4.06996
29.4773, 20.0663
Particle 4 new velocities: 101.675, 82.6798
181.016, 139.165
Particle 5 new velocities: 43.672, 40.1487
90.1899, 51.1053
Particle 6 new velocities: 48.7879, 35.5006
93.7969, 40.4811
Particle 7 new velocities: 25.0713, 5.34557
36.9407, 14.854
Particle 8 new velocities: 47.7002, 27.0908
78.699, 27.1507
Particle 9 new velocities: 23.6926, 18.9716
64.3149, 27.1378
Particle 10 new velocities: 57.2307, 52.6764
108.688, 77.8351
Particle 11 new velocities: 26.5168, 30.5595
73.693, 28.0498
Particle 12 new velocities: 41.9313, 34.1788
68.6435, 42.6683
Particle 13 new velocities: 10.6906, 30.733
56.0939, 33.507
Particle 14 new velocities: 22.0446, 8.30756
22.4318, 7.24303
Particle 15 new velocities: 24.5075, 14.2517
59.8576, 27.1606
Particle 16 new velocities: 18.729, 34.7745
47.9119, 17.2329
Particle 17 new velocities: 19.4752, 23.1325
82.9728, 24.007
Particle 18 new velocities: 15.6677, 26.1853
37.7782, 20.3256
Particle 19 new velocities: 32.2703, 27.9037
75.6056, 40.7373
Particle 20 new velocities: 23.0942, 13.5268
64.9542, 26.214
-- ITERATION 19 --
-------------
Particle: 1:
Relays Coordinates:
102.823, 84.8791
248.256, 125.55
Evaluation Time: 1.52356 seconds
Resulting Fitness: 0.311905
-------------
Particle: 2:
Relays Coordinates:
93.2345, 110.516
234.827, 122.7
Evaluation Time: 1.56648 seconds
Resulting Fitness: 0.32619
-------------
Particle: 3:
Relays Coordinates:
107.484, 84.8464
245.027, 145.475
Evaluation Time: 1.62672 seconds
Resulting Fitness: 0.32619
-------------
Particle: 4:
Relays Coordinates:
117.413, 95.6692
226.214, 190.951
Evaluation Time: 1.59714 seconds
Resulting Fitness: 0.307143
New local best!
-------------
Particle: 5:
Relays Coordinates:
105.644, 87.4657
242.035, 130.658
Evaluation Time: 1.57432 seconds
Resulting Fitness: 0.321429
-------------
Particle: 6:
Relays Coordinates:
116.323, 87.044
252.681, 130.157
Evaluation Time: 1.60551 seconds
Resulting Fitness: 0.328571
-------------
Particle: 7:
Relays Coordinates:
103.214, 85.0918
234.977, 149.635
Evaluation Time: 1.58693 seconds
Resulting Fitness: 0.328571
-------------
Particle: 8:
Relays Coordinates:
125.667, 89.0376
260.51, 132.538
Evaluation Time: 1.63264 seconds
Resulting Fitness: 0.340476
New local best!
-------------
Particle: 9:
Relays Coordinates:
106.44, 81.8306
247.822, 131.407
Evaluation Time: 1.60971 seconds
Resulting Fitness: 0.32381
-------------
Particle: 10:
Relays Coordinates:
110.297, 96.7641
245.938, 149.691
Evaluation Time: 1.62947 seconds
Resulting Fitness: 0.338095
New local best!
-------------
Particle: 11:
Relays Coordinates:
94.9239, 89.0327
226.001, 138.866
Evaluation Time: 1.52671 seconds
Resulting Fitness: 0.32619
-------------
Particle: 12:
Relays Coordinates:
117.297, 96.648
243.845, 160.086
Evaluation Time: 1.60838 seconds
Resulting Fitness: 0.328571
-------------
Particle: 13:
Relays Coordinates:
97.9704, 106.528
243.159, 142.646
Evaluation Time: 1.62977 seconds
Resulting Fitness: 0.333333
New local best!
-------------
Particle: 14:
Relays Coordinates:
114.152, 85.4281
233.525, 130.179
Evaluation Time: 1.57837 seconds
Resulting Fitness: 0.32381
-------------
Particle: 15:
Relays Coordinates:
110.1, 87.4611
248.639, 127.1
Evaluation Time: 1.56592 seconds
Resulting Fitness: 0.32381
-------------
Particle: 16:
Relays Coordinates:
108.27, 103.206
259.331, 137.09
Evaluation Time: 1.6369 seconds
Resulting Fitness: 0.333333
-------------
Particle: 17:
Relays Coordinates:
90.2787, 84.8447
234.962, 108.397
Evaluation Time: 1.54741 seconds
Resulting Fitness: 0.3
-------------
Particle: 18:
Relays Coordinates:
108.364, 99.845
245.261, 133.152
Evaluation Time: 1.55364 seconds
Resulting Fitness: 0.330952
-------------
Particle: 19:
Relays Coordinates:
122.422, 93.1022
270.129, 133.216
Evaluation Time: 1.66367 seconds
Resulting Fitness: 0.32619
-------------
Particle: 20:
Relays Coordinates:
106.354, 88.2836
253.126, 128.276
Evaluation Time: 1.52784 seconds
Resulting Fitness: 0.319048
Current global best fitness: 0.342857
Current global best relays: 114.038, 90.2321
256.836, 135.494
Particle 1 new velocities: 24.7529, 26.1236
50.1076, 34.3128
Particle 2 new velocities: 54.0999, 47.7869
109.009, 64.8475
Particle 3 new velocities: 12.9944, 25.1524
24.0661, 6.18126
Particle 4 new velocities: 79.0567, 64.0964
162.938, 109.371
Particle 5 new velocities: 37.758, 30.4822
80.8536, 47.1523
Particle 6 new velocities: 37.5457, 34.2286
94.0114, 63.1576
Particle 7 new velocities: 32.256, 11.0778
45.4131, -2.92221
Particle 8 new velocities: 35.325, 22.3472
58.5338, 22.3728
Particle 9 new velocities: 26.6176, 26.9191
55.2753, 32.9268
Particle 10 new velocities: 46.3732, 39.5644
90.2223, 45.6417
Particle 11 new velocities: 24.0241, 35.8336
100.183, 20.7751
Particle 12 new velocities: 25.9452, 32.9772
62.2896, 29.6196
Particle 13 new velocities: 18.3465, 19.5669
58.6548, 23.6251
Particle 14 new velocities: 16.2418, 6.86776
48.6046, 48.9124
Particle 15 new velocities: 21.5468, 16.4508
53.8461, 46.8528
Particle 16 new velocities: 25.6092, 6.00368
34.2329, 10.8606
Particle 17 new velocities: 38.857, 34.8631
105.467, 41.3682
Particle 18 new velocities: 17.8389, 10.2698
41.1734, 24.4222
Particle 19 new velocities: 12.1951, 16.5784
54.6917, 35.5321
Particle 20 new velocities: 21.4229, 15.4986
58.9797, 35.7199
-- ITERATION 20 --
-------------
Particle: 1:
Relays Coordinates:
103.336, 89.9122
241.675, 129.489
Evaluation Time: 1.47948 seconds
Resulting Fitness: 0.328571
-------------
Particle: 2:
Relays Coordinates:
96.6661, 103.863
225.591, 123.05
Evaluation Time: 1.5156 seconds
Resulting Fitness: 0.321429
-------------
Particle: 3:
Relays Coordinates:
108.431, 98.9989
242.184, 136.49
Evaluation Time: 1.62476 seconds
Resulting Fitness: 0.330952
-------------
Particle: 4:
Relays Coordinates:
116.014, 94.34
229.791, 177.337
Evaluation Time: 1.50771 seconds
Resulting Fitness: 0.307143
-------------
Particle: 5:
Relays Coordinates:
116.156, 95.5378
261.54, 144.026
Evaluation Time: 1.57401 seconds
Resulting Fitness: 0.340476
New local best!
-------------
Particle: 6:
Relays Coordinates:
112.17, 88.4078
252.739, 140.926
Evaluation Time: 1.56781 seconds
Resulting Fitness: 0.335714
-------------
Particle: 7:
Relays Coordinates:
121.923, 86.5526
252.351, 132.041
Evaluation Time: 1.61591 seconds
Resulting Fitness: 0.330952
-------------
Particle: 8:
Relays Coordinates:
117.363, 81.1995
232.583, 112.93
Evaluation Time: 1.5485 seconds
Resulting Fitness: 0.302381
-------------
Particle: 9:
Relays Coordinates:
107.777, 88.0872
245.509, 133.11
Evaluation Time: 1.52811 seconds
Resulting Fitness: 0.32381
-------------
Particle: 10:
Relays Coordinates:
114.213, 99.3835
245.061, 142.398
Evaluation Time: 1.6458 seconds
Resulting Fitness: 0.319048
-------------
Particle: 11:
Relays Coordinates:
86.713, 91.0275
237.788, 116.378
Evaluation Time: 1.52129 seconds
Resulting Fitness: 0.304762
-------------
Particle: 12:
Relays Coordinates:
104.423, 94.4968
223.172, 138.295
Evaluation Time: 1.57448 seconds
Resulting Fitness: 0.32381
-------------
Particle: 13:
Relays Coordinates:
94.2168, 102.137
244.469, 134.68
Evaluation Time: 1.60279 seconds
Resulting Fitness: 0.328571
-------------
Particle: 14:
Relays Coordinates:
105.619, 74.7596
228.525, 145.064
Evaluation Time: 1.56129 seconds
Resulting Fitness: 0.330952
-------------
Particle: 15:
Relays Coordinates:
106.634, 84.1686
245.013, 140.901
Evaluation Time: 1.59656 seconds
Resulting Fitness: 0.319048
-------------
Particle: 16:
Relays Coordinates:
108.442, 88.4594
237.787, 119.84
Evaluation Time: 1.52533 seconds
Resulting Fitness: 0.321429
-------------
Particle: 17:
Relays Coordinates:
84.7259, 78.5403
223.356, 98.2608
Evaluation Time: 1.49524 seconds
Resulting Fitness: 0.285714
-------------
Particle: 18:
Relays Coordinates:
113.583, 99.1034
257.791, 141.816
Evaluation Time: 1.56942 seconds
Resulting Fitness: 0.328571
-------------
Particle: 19:
Relays Coordinates:
98.1361, 79.9571
236.795, 123.018
Evaluation Time: 1.56064 seconds
Resulting Fitness: 0.307143
-------------
Particle: 20:
Relays Coordinates:
93.1497, 75.6573
227.525, 119.553
Evaluation Time: 1.48285 seconds
Resulting Fitness: 0.290476
Final Evaluation Time: 637.839 seconds
Final global best fitness: 0.342857
Final global best relays:
114.038, 90.2321
256.836, 135.494
