ITERATION: 0
new best fitness: 0.52
ITERATION: 1
new best fitness: 0.536667
ITERATION: 2
new best fitness: 0.626667
ITERATION: 6
new best fitness: 0.633333
ITERATION: 21
new best fitness: 0.65
ITERATION: 24
new best fitness: 0.666667
ITERATION: 35
new best fitness: 0.69
ITERATION: 41
new best fitness: 0.696667
ITERATION: 52
new best fitness: 0.726667
ITERATION: 68
new best fitness: 0.736667
ITERATION: 187
new best fitness: 0.77
ITERATION: 289
new best fitness: 0.806667
Final Evaluation Time: 500.364 seconds
Final global best fitness: 0.806667
Final global best relays:
131.754, 183.364
80.3722, 70.0077
237.992, 238.135
