ITERATION: 0
new best fitness: 0.413333
ITERATION: 2
new best fitness: 0.56
ITERATION: 9
new best fitness: 0.566667
ITERATION: 36
new best fitness: 0.58
ITERATION: 78
new best fitness: 0.596667
ITERATION: 105
new best fitness: 0.62
ITERATION: 107
new best fitness: 0.653333
ITERATION: 123
new best fitness: 0.68
ITERATION: 161
new best fitness: 0.693333
ITERATION: 245
new best fitness: 0.7
Final Evaluation Time: 419.965 seconds
Final global best fitness: 0.7
Final global best relays:
81.1443, 119.076
159.657, 235.802
