ITERATION: 0
new best fitness: 0.259524
ITERATION: 2
new best fitness: 0.271429
ITERATION: 4
new best fitness: 0.283333
ITERATION: 6
new best fitness: 0.309524
ITERATION: 8
new best fitness: 0.335714
ITERATION: 20
new best fitness: 0.357143
ITERATION: 29
new best fitness: 0.371429
ITERATION: 50
new best fitness: 0.416667
ITERATION: 128
new best fitness: 0.457143
Final Evaluation Time: 615.714 seconds
Final global best fitness: 0.457143
Final global best relays:
344.892, 188.754
217.724, 150.432
88.0061, 87.7062
