PSO EXECUTION
============================
Seed: 1555680
Particles: 20
Relays: 2
Iterations: 20
Backend: Simulation
Network Configuration: 1
Area: 700 x 700
Sink: 0, 0
Simulated Relay range: 155
w: 0.8
c1: 1.7
c2: 1.3

Relay Nodes Positions: 
PARTICLE 1: 
194.447, 58.9932
40.3497, 69.4606
PARTICLE 2: 
73.0778, 69.1166
154.073, 198.361
PARTICLE 3: 
65.0751, 65.0453
177.13, 141.728
PARTICLE 4: 
165.932, 228.84
126.032, 88.8007
PARTICLE 5: 
18.7389, 127.71
94.0527, 73.8364
PARTICLE 6: 
52.0074, 110.935
135.689, 188.298
PARTICLE 7: 
86.3696, 16.808
188.197, 73.6836
PARTICLE 8: 
85.7994, 14.7669
44.7149, 151.547
PARTICLE 9: 
1.51814, 105.89
87.1552, 145.832
PARTICLE 10: 
75.8044, 36.1689
61.4173, 185.459
PARTICLE 11: 
161.284, 34.3611
45.2528, 63.19
PARTICLE 12: 
67.805, 119.716
9.35335, 64.2156
PARTICLE 13: 
95.6086, 67.0579
152.865, 44.2195
PARTICLE 14: 
36.1997, 153.754
27.9724, 108.276
PARTICLE 15: 
54.7672, 187.723
71.5671, 103.094
PARTICLE 16: 
30.2755, 22.4173
98.5074, 160.302
PARTICLE 17: 
24.5824, 87.4412
38.3432, 142.378
PARTICLE 18: 
9.09043, 122.785
46.575, 151.758
PARTICLE 19: 
132.766, 11.329
146.235, 116.274
PARTICLE 20: 
130.907, 35.3325
51.2397, 168.008
Nodes Positions: 
454.652, 695.868
43.3659, 635.289
203.189, 665.411
620.168, 230.517
397.41, 304.299
408.054, 127.34
569.341, 466.921
421.215, 312.879
528.587, 557.328
238.082, 140.352
28.6074, 219.825
357.981, 335.64
124.992, 441.401
5.77871, 65.8809
686.379, 194.02
201.204, 106.036
429.329, 587.933
189.581, 499.286
171.873, 396.962
22.5075, 237.206
629.099, 157.412
44.2754, 212.117
10.2652, 84.8608
147.449, 78.0907
567.067, 1.88332
465.888, 121.41
511.609, 597.58
698.314, 539.201
366.541, 521.628
318.347, 476.333
544.623, 565.246
383.105, 260.194
253.591, 325.754
338.26, 431.882
176.832, 606.063
89.9921, 685.818
535.634, 357.779
593.975, 192.272
678.093, 459.059
641.315, 454.081
137.404, 360.291
458.229, 30.2413
553.95, 674.216
214.003, 17.1409
673.181, 48.7413
602.85, 654.229
439.697, 287.5
270.606, 245.793
222.593, 176.277
375.688, 158.265
474.496, 38.3805
99.9611, 488.459
585.235, 417.31
482.685, 615.979
660.303, 374.737
649.997, 529.046
305.849, 95.8748
63.5298, 577.544
158.68, 550.215
521.715, 509.779
329.045, 642.645
58.0543, 492.166
348.587, 386.991
70.8839, 574.319
81.7679, 427.058
106.504, 205.047
284.986, 378.753
293.223, 135.83
157.459, 25.9248
391.073, 405.34
306.512, 291.326
114.754, 274.591
272.331, 270.808
491.231, 52.6014
253.875, 319.045
636.554, 96.8909
413.447, 171.394
499.354, 659.178
605.213, 347.798
232.307, 629.942
All particles start with velocity zero
-- ITERATION 0 --
-------------
Particle: 1:
Relays Coordinates:
194.447, 58.9932
40.3497, 69.4606
Evaluation Time: 1.56219 seconds
Resulting Fitness: 0.1625
New local best!
New global best!
-------------
Particle: 2:
Relays Coordinates:
73.0778, 69.1166
154.073, 198.361
Evaluation Time: 1.72285 seconds
Resulting Fitness: 0.229167
New local best!
New global best!
-------------
Particle: 3:
Relays Coordinates:
65.0751, 65.0453
177.13, 141.728
Evaluation Time: 1.657 seconds
Resulting Fitness: 0.19375
New local best!
-------------
Particle: 4:
Relays Coordinates:
165.932, 228.84
126.032, 88.8007
Evaluation Time: 1.78855 seconds
Resulting Fitness: 0.239583
New local best!
New global best!
-------------
Particle: 5:
Relays Coordinates:
18.7389, 127.71
94.0527, 73.8364
Evaluation Time: 1.52682 seconds
Resulting Fitness: 0.14375
New local best!
-------------
Particle: 6:
Relays Coordinates:
52.0074, 110.935
135.689, 188.298
Evaluation Time: 1.61178 seconds
Resulting Fitness: 0.175
New local best!
-------------
Particle: 7:
Relays Coordinates:
86.3696, 16.808
188.197, 73.6836
Evaluation Time: 1.48157 seconds
Resulting Fitness: 0.1375
New local best!
-------------
Particle: 8:
Relays Coordinates:
85.7994, 14.7669
44.7149, 151.547
Evaluation Time: 1.48554 seconds
Resulting Fitness: 0.135417
New local best!
-------------
Particle: 9:
Relays Coordinates:
1.51814, 105.89
87.1552, 145.832
Evaluation Time: 1.52172 seconds
Resulting Fitness: 0.147917
New local best!
-------------
Particle: 10:
Relays Coordinates:
75.8044, 36.1689
61.4173, 185.459
Evaluation Time: 1.54421 seconds
Resulting Fitness: 0.147917
New local best!
-------------
Particle: 11:
Relays Coordinates:
161.284, 34.3611
45.2528, 63.19
Evaluation Time: 1.52746 seconds
Resulting Fitness: 0.15
New local best!
-------------
Particle: 12:
Relays Coordinates:
67.805, 119.716
9.35335, 64.2156
Evaluation Time: 1.54042 seconds
Resulting Fitness: 0.129167
New local best!
-------------
Particle: 13:
Relays Coordinates:
95.6086, 67.0579
152.865, 44.2195
Evaluation Time: 1.52757 seconds
Resulting Fitness: 0.139583
New local best!
-------------
Particle: 14:
Relays Coordinates:
36.1997, 153.754
27.9724, 108.276
Evaluation Time: 1.4705 seconds
Resulting Fitness: 0.114583
New local best!
-------------
Particle: 15:
Relays Coordinates:
54.7672, 187.723
71.5671, 103.094
Evaluation Time: 1.47416 seconds
Resulting Fitness: 0.135417
New local best!
-------------
Particle: 16:
Relays Coordinates:
30.2755, 22.4173
98.5074, 160.302
Evaluation Time: 1.53102 seconds
Resulting Fitness: 0.15
New local best!
-------------
Particle: 17:
Relays Coordinates:
24.5824, 87.4412
38.3432, 142.378
Evaluation Time: 1.45866 seconds
Resulting Fitness: 0.110417
New local best!
-------------
Particle: 18:
Relays Coordinates:
9.09043, 122.785
46.575, 151.758
Evaluation Time: 1.48143 seconds
Resulting Fitness: 0.116667
New local best!
-------------
Particle: 19:
Relays Coordinates:
132.766, 11.329
146.235, 116.274
Evaluation Time: 1.58759 seconds
Resulting Fitness: 0.164583
New local best!
-------------
Particle: 20:
Relays Coordinates:
130.907, 35.3325
51.2397, 168.008
Evaluation Time: 1.55641 seconds
Resulting Fitness: 0.135417
New local best!
Current global best fitness: 0.239583
Current global best relays: 165.932, 228.84
126.032, 88.8007
Particle 1 new velocities: -13.9024, 154.737
42.4466, 11.8858
Particle 2 new velocities: 54.7802, 175.842
-24.8708, -129.168
Particle 3 new velocities: 111.967, 112.947
-37.1752, -2.11289
Particle 4 new velocities: 0, 0
0, 0
Particle 5 new velocities: 25.1319, 6.04199
28.2962, 10.2899
Particle 6 new velocities: 6.04658, 104.479
-8.48434, -2.18084
Particle 7 new velocities: 0.9068, 227.017
-47.91, 18.2774
Particle 8 new velocities: 12.1845, 206.539
62.3551, -61.4501
Particle 9 new velocities: 72.9001, 85.5124
49.7272, -51.3394
Particle 10 new velocities: 21.9206, 57.5845
15.7736, -6.115
Particle 11 new velocities: 0.769136, 93.5909
66.7623, 23.409
Particle 12 new velocities: 30.1207, 49.3534
10.1241, 15.5741
Particle 13 new velocities: 23.3733, 196.87
-24.7291, 51.1265
Particle 14 new velocities: 41.02, 4.35995
76.1371, -6.62261
Particle 15 new velocities: 141.947, 49.8038
61.1907, -12.6309
Particle 16 new velocities: 117.682, 72.4641
25.9824, -89.1558
Particle 17 new velocities: 114.337, 114.438
113.278, -48.6823
Particle 18 new velocities: 146.767, 118.684
46.5728, -49.8467
Particle 19 new velocities: 16.0795, 256.006
-25.1497, -6.70261
Particle 20 new velocities: 9.4259, 168.329
49.3524, -66.0104
-- ITERATION 1 --
-------------
Particle: 1:
Relays Coordinates:
162.491, 192.357
74.5166, 73.2118
Evaluation Time: 1.7295 seconds
Resulting Fitness: 0.21875
New local best!
-------------
Particle: 2:
Relays Coordinates:
103.565, 198.416
104.654, 56.0466
Evaluation Time: 1.59749 seconds
Resulting Fitness: 0.16875
-------------
Particle: 3:
Relays Coordinates:
129.064, 129.757
102.027, 101.779
Evaluation Time: 1.61958 seconds
Resulting Fitness: 0.166667
-------------
Particle: 4:
Relays Coordinates:
165.932, 228.84
126.032, 88.8007
Evaluation Time: 1.82519 seconds
Resulting Fitness: 0.239583
-------------
Particle: 5:
Relays Coordinates:
43.8708, 133.752
122.349, 84.1263
Evaluation Time: 1.58341 seconds
Resulting Fitness: 0.160417
New local best!
-------------
Particle: 6:
Relays Coordinates:
38.0892, 141.333
83.4587, 122.112
Evaluation Time: 1.56787 seconds
Resulting Fitness: 0.154167
-------------
Particle: 7:
Relays Coordinates:
78.5488, 219.443
126.258, 82.7649
Evaluation Time: 1.62879 seconds
Resulting Fitness: 0.172917
New local best!
-------------
Particle: 8:
Relays Coordinates:
97.984, 221.306
107.07, 90.0965
Evaluation Time: 1.65276 seconds
Resulting Fitness: 0.175
New local best!
-------------
Particle: 9:
Relays Coordinates:
66.9764, 172.262
123.194, 85.0436
Evaluation Time: 1.61543 seconds
Resulting Fitness: 0.1625
New local best!
-------------
Particle: 10:
Relays Coordinates:
97.725, 93.7534
77.1909, 179.344
Evaluation Time: 1.51528 seconds
Resulting Fitness: 0.1625
New local best!
-------------
Particle: 11:
Relays Coordinates:
162.053, 127.952
112.015, 86.599
Evaluation Time: 1.59993 seconds
Resulting Fitness: 0.1875
New local best!
-------------
Particle: 12:
Relays Coordinates:
97.9257, 169.07
19.4774, 79.7897
Evaluation Time: 1.53707 seconds
Resulting Fitness: 0.15
New local best!
-------------
Particle: 13:
Relays Coordinates:
107.084, 237.535
115.322, 85.8115
Evaluation Time: 1.64922 seconds
Resulting Fitness: 0.189583
New local best!
-------------
Particle: 14:
Relays Coordinates:
77.2197, 158.114
104.109, 101.653
Evaluation Time: 1.50736 seconds
Resulting Fitness: 0.1625
New local best!
-------------
Particle: 15:
Relays Coordinates:
177.043, 213.774
119.482, 81.417
Evaluation Time: 1.74937 seconds
Resulting Fitness: 0.24375
New local best!
New global best!
-------------
Particle: 16:
Relays Coordinates:
147.957, 94.8814
124.49, 71.1466
Evaluation Time: 1.65043 seconds
Resulting Fitness: 0.152083
New local best!
-------------
Particle: 17:
Relays Coordinates:
112.524, 163.522
122.813, 75.8935
Evaluation Time: 1.77491 seconds
Resulting Fitness: 0.1625
New local best!
-------------
Particle: 18:
Relays Coordinates:
155.858, 241.469
93.1478, 101.912
Evaluation Time: 1.72682 seconds
Resulting Fitness: 0.235417
New local best!
-------------
Particle: 19:
Relays Coordinates:
133.961, 240.602
108.977, 98.6144
Evaluation Time: 1.70677 seconds
Resulting Fitness: 0.2375
New local best!
-------------
Particle: 20:
Relays Coordinates:
140.333, 203.662
100.592, 101.998
Evaluation Time: 1.72505 seconds
Resulting Fitness: 0.21875
New local best!
Current global best fitness: 0.24375
Current global best relays: 177.043, 213.774
119.482, 81.417
Particle 1 new velocities: 6.78015, 141.666
38.2839, 12.7172
Particle 2 new velocities: 77.8893, 90.9567
8.9836, 108.311
Particle 3 new velocities: 82.1866, 105.612
105.908, -7.85377
Particle 4 new velocities: 4.91986, -18.9463
-5.19445, -5.59676
Particle 5 new velocities: 141.882, 4.90861
20.2207, 6.87232
Particle 6 new velocities: 42.8299, 140.789
60.8581, -26.7106
Particle 7 new velocities: 54.65, 180.108
-44.1688, 13.9185
Particle 8 new velocities: 42.4667, 156.662
54.9196, -50.635
Particle 9 new velocities: 105.124, 72.314
38.7648, -45.3389
Particle 10 new velocities: 39.454, 145.152
28.9923, -43.0013
Particle 11 new velocities: 10.6793, 118.819
54.0629, 15.3967
Particle 12 new velocities: 53.521, 64.4897
117.079, 12.7253
Particle 13 new velocities: 101.815, 136.978
-17.054, 36.9799
Particle 14 new velocities: 87.4335, 73.1035
80.8706, -20.098
Particle 15 new velocities: 113.557, 39.8431
48.9525, -10.1047
Particle 16 new velocities: 103.641, 148.557
18.4219, -67.1563
Particle 17 new velocities: 105.168, 135.551
87.8313, -35.7867
Particle 18 new velocities: 136.085, 62.473
49.5279, -54.7526
Particle 19 new velocities: 15.0247, 176.625
-11.9706, -6.78773
Particle 20 new velocities: 24.1555, 138.16
40.4531, -61.2665
-- ITERATION 2 --
-------------
Particle: 1:
Relays Coordinates:
99.9527, 197.237
66.6076, 50.7402
Evaluation Time: 1.56227 seconds
Resulting Fitness: 0.166667
-------------
Particle: 2:
Relays Coordinates:
132.28, 210.953
82.8419, 119.817
Evaluation Time: 1.64142 seconds
Resulting Fitness: 0.204167
-------------
Particle: 3:
Relays Coordinates:
138.601, 154.425
136.426, 61.6246
Evaluation Time: 1.67301 seconds
Resulting Fitness: 0.16875
-------------
Particle: 4:
Relays Coordinates:
170.852, 209.894
120.838, 83.2039
Evaluation Time: 1.71088 seconds
Resulting Fitness: 0.241667
New local best!
-------------
Particle: 5:
Relays Coordinates:
167.177, 124.794
128.313, 81.8988
Evaluation Time: 1.75722 seconds
Resulting Fitness: 0.170833
New local best!
-------------
Particle: 6:
Relays Coordinates:
58.9901, 205.667
105.207, 69.5474
Evaluation Time: 1.55874 seconds
Resulting Fitness: 0.15625
-------------
Particle: 7:
Relays Coordinates:
63.7085, 191.104
39.2632, 46.2433
Evaluation Time: 1.56551 seconds
Resulting Fitness: 0.125
-------------
Particle: 8:
Relays Coordinates:
60.4594, 162.703
69.7312, 16.9869
Evaluation Time: 1.52504 seconds
Resulting Fitness: 0.147917
-------------
Particle: 9:
Relays Coordinates:
125.461, 178.296
118.068, 28.9447
Evaluation Time: 1.60522 seconds
Resulting Fitness: 0.170833
New local best!
-------------
Particle: 10:
Relays Coordinates:
111.115, 193.513
86.0083, 110.438
Evaluation Time: 1.59361 seconds
Resulting Fitness: 0.158333
-------------
Particle: 11:
Relays Coordinates:
125.922, 179.896
121.071, 74.3549
Evaluation Time: 1.64052 seconds
Resulting Fitness: 0.172917
-------------
Particle: 12:
Relays Coordinates:
136.302, 210.203
122.901, 83.2634
Evaluation Time: 1.70369 seconds
Resulting Fitness: 0.216667
New local best!
-------------
Particle: 13:
Relays Coordinates:
111.017, 199.031
52.2238, 65.2564
Evaluation Time: 1.659 seconds
Resulting Fitness: 0.16875
-------------
Particle: 14:
Relays Coordinates:
120.032, 168.558
134.85, 59.4538
Evaluation Time: 1.63343 seconds
Resulting Fitness: 0.158333
-------------
Particle: 15:
Relays Coordinates:
190.663, 166.398
110.51, 46.788
Evaluation Time: 1.71263 seconds
Resulting Fitness: 0.2
-------------
Particle: 16:
Relays Coordinates:
133.709, 129.373
75.9491, 2.12057
Evaluation Time: 1.6418 seconds
Resulting Fitness: 0.172917
New local best!
-------------
Particle: 17:
Relays Coordinates:
128.545, 176.6
124.383, 23.6827
Evaluation Time: 1.67318 seconds
Resulting Fitness: 0.177083
New local best!
-------------
Particle: 18:
Relays Coordinates:
139.635, 145.374
68.2414, 22.5561
Evaluation Time: 1.66255 seconds
Resulting Fitness: 0.177083
-------------
Particle: 19:
Relays Coordinates:
64.1336, 179.602
41.7579, 39.5284
Evaluation Time: 1.53992 seconds
Resulting Fitness: 0.129167
-------------
Particle: 20:
Relays Coordinates:
78.6743, 163.492
67.4615, 19.4816
Evaluation Time: 1.58207 seconds
Resulting Fitness: 0.15625
Current global best fitness: 0.24375
Current global best relays: 177.043, 213.774
119.482, 81.417
Particle 1 new velocities: 119.156, 118.779
98.0122, 52.7686
Particle 2 new velocities: 41.4258, 68.6586
116.899, 108.146
Particle 3 new velocities: 16.0463, 16.1975
110.339, 6.17932
Particle 4 new velocities: 7.26257, -12.6441
-4.25007, -4.80282
Particle 5 new velocities: 117.462, 67.9989
15.2519, 5.30765
Particle 6 new velocities: 85.1938, -46.6028
87.0287, 17.4629
Particle 7 new velocities: 81.9099, 189.554
100.873, 53.6229
Particle 8 new velocities: 52.5985, 178.554
94.1894, 104.557
Particle 9 new velocities: 106.789, 100.871
32.7693, 31.554
Particle 10 new velocities: 95.2402, -5.85142
60.6332, 40.9655
Particle 11 new velocities: 110.95, 95.3412
30.504, 15.9786
Particle 12 new velocities: 45.2806, 53.1361
90.3619, 8.4733
Particle 13 new velocities: 159.388, 148.237
43.9872, 64.3584
Particle 14 new velocities: 60.436, 93.7558
47.87, 22.828
Particle 15 new velocities: 62.4985, 46.3284
63.0922, 73.3628
Particle 16 new velocities: 125.59, 123.674
70.8653, -51.1796
Particle 17 new velocities: 128.216, 135.485
69.2384, 43.7744
Particle 18 new velocities: 149.555, 199.118
114.506, -29.1185
Particle 19 new velocities: 179.137, 249.547
70.6698, 70.2393
Particle 20 new velocities: 174.499, 184.027
110.625, 81.9547
-- ITERATION 3 --
-------------
Particle: 1:
Relays Coordinates:
143.757, 207.338
108.007, 67.9121
Evaluation Time: 1.70827 seconds
Resulting Fitness: 0.225
New local best!
-------------
Particle: 2:
Relays Coordinates:
83.083, 133.737
95.5355, 109.034
Evaluation Time: 1.52746 seconds
Resulting Fitness: 0.1625
-------------
Particle: 3:
Relays Coordinates:
101.464, 111.946
161.903, 44.4862
Evaluation Time: 1.58444 seconds
Resulting Fitness: 0.183333
-------------
Particle: 4:
Relays Coordinates:
178.114, 197.25
116.588, 78.4011
Evaluation Time: 1.73448 seconds
Resulting Fitness: 0.235417
-------------
Particle: 5:
Relays Coordinates:
230.558, 156.163
116.287, 70.6372
Evaluation Time: 1.7272 seconds
Resulting Fitness: 0.202083
New local best!
-------------
Particle: 6:
Relays Coordinates:
105.11, 115.958
140.14, 63.4305
Evaluation Time: 1.60348 seconds
Resulting Fitness: 0.152083
-------------
Particle: 7:
Relays Coordinates:
77.3876, 202.298
74.4744, 53.073
Evaluation Time: 1.57921 seconds
Resulting Fitness: 0.15
-------------
Particle: 8:
Relays Coordinates:
74.1773, 223.898
107.548, 79.7451
Evaluation Time: 1.56581 seconds
Resulting Fitness: 0.175
-------------
Particle: 9:
Relays Coordinates:
152.38, 183.161
98.9644, 39.6932
Evaluation Time: 1.73575 seconds
Resulting Fitness: 0.202083
New local best!
-------------
Particle: 10:
Relays Coordinates:
150.433, 136.806
106.902, 110.373
Evaluation Time: 1.74678 seconds
Resulting Fitness: 0.18125
New local best!
-------------
Particle: 11:
Relays Coordinates:
172.679, 200.648
110.498, 65.8531
Evaluation Time: 1.77258 seconds
Resulting Fitness: 0.2375
New local best!
-------------
Particle: 12:
Relays Coordinates:
119.136, 172.777
139.922, 60.1885
Evaluation Time: 1.66829 seconds
Resulting Fitness: 0.164583
-------------
Particle: 13:
Relays Coordinates:
143.704, 184.553
51.1305, 68.8826
Evaluation Time: 1.73042 seconds
Resulting Fitness: 0.185417
-------------
Particle: 14:
Relays Coordinates:
131.561, 191.227
133.203, 59.9834
Evaluation Time: 1.68257 seconds
Resulting Fitness: 0.18125
New local best!
-------------
Particle: 15:
Relays Coordinates:
184.555, 155.078
126.556, 87.5899
Evaluation Time: 1.69217 seconds
Resulting Fitness: 0.183333
-------------
Particle: 16:
Relays Coordinates:
137.803, 134.48
78.0232, 0
Evaluation Time: 1.62972 seconds
Resulting Fitness: 0.175
New local best!
-------------
Particle: 17:
Relays Coordinates:
151.615, 184.283
114.332, 39.8327
Evaluation Time: 1.69254 seconds
Resulting Fitness: 0.197917
New local best!
-------------
Particle: 18:
Relays Coordinates:
112.038, 133.463
70.8, 0
Evaluation Time: 1.58352 seconds
Resulting Fitness: 0.1625
-------------
Particle: 19:
Relays Coordinates:
104.72, 184.735
48.3964, 47.2514
Evaluation Time: 1.62155 seconds
Resulting Fitness: 0.152083
-------------
Particle: 20:
Relays Coordinates:
149.496, 205.206
105.158, 59.8971
Evaluation Time: 1.72469 seconds
Resulting Fitness: 0.23125
New local best!
Current global best fitness: 0.24375
Current global best relays: 177.043, 213.774
119.482, 81.417
Particle 1 new velocities: 108.257, 95.2891
88.6501, 46.2299
Particle 2 new velocities: 98.2314, -20.4598
168.94, 175.466
Particle 3 new velocities: 42.1409, 24.7583
94.2177, 163.121
Particle 4 new velocities: -0.0696464, 21.0095
5.58025, -3.35633
Particle 5 new velocities: 56.7049, 125.458
15.2734, 15.3678
Particle 6 new velocities: -3.94339, 50.2815
55.2591, 131.221
Particle 7 new velocities: 68.266, 165.984
174.48, 56.9816
Particle 8 new velocities: 120.114, 128.084
76.2994, 91.1125
Particle 9 new velocities: 100.407, 110.7
38.6003, 37.1485
Particle 10 new velocities: 100.145, 82.5111
56.0507, 14.6344
Particle 11 new velocities: 91.0259, 77.3536
28.2527, 32.4341
Particle 12 new velocities: 113.177, 76.462
51.4129, 59.0986
Particle 13 new velocities: 86.3356, 244.819
165.946, 81.69
Particle 14 new velocities: 64.2827, 76.4734
37.3756, 42.086
Particle 15 new velocities: 38.6093, 184.153
41.9096, 43.0348
Particle 16 new velocities: 139.373, 117.271
94.7196, 2.9076
Particle 17 new velocities: 133.113, 116.552
57.3463, 85.4935
Particle 18 new velocities: 270.998, 412.088
149.373, 149.081
Particle 19 new velocities: 206.304, 303.058
168.374, 68.9683
Particle 20 new velocities: 170.62, 148.429
88.6797, 75.7276
-- ITERATION 4 --
-------------
Particle: 1:
Relays Coordinates:
165.346, 198.554
129.027, 74.8886
Evaluation Time: 1.74037 seconds
Resulting Fitness: 0.229167
New local best!
-------------
Particle: 2:
Relays Coordinates:
118.96, 74.3214
173.522, 186.66
Evaluation Time: 1.72976 seconds
Resulting Fitness: 0.21875
-------------
Particle: 3:
Relays Coordinates:
104.688, 99.6571
186.712, 151.346
Evaluation Time: 1.68849 seconds
Resulting Fitness: 0.2125
New local best!
-------------
Particle: 4:
Relays Coordinates:
178.045, 218.259
122.168, 75.0448
Evaluation Time: 1.79518 seconds
Resulting Fitness: 0.2375
-------------
Particle: 5:
Relays Coordinates:
169.626, 166.294
77.6852, 50.7851
Evaluation Time: 1.75336 seconds
Resulting Fitness: 0.202083
-------------
Particle: 6:
Relays Coordinates:
73.7505, 121.188
142.446, 141.901
Evaluation Time: 1.62309 seconds
Resulting Fitness: 0.18125
New local best!
-------------
Particle: 7:
Relays Coordinates:
77.4063, 195.72
132.305, 58.4875
Evaluation Time: 1.55157 seconds
Resulting Fitness: 0.1625
-------------
Particle: 8:
Relays Coordinates:
114.727, 207.842
108.56, 100.89
Evaluation Time: 1.62171 seconds
Resulting Fitness: 0.189583
New local best!
-------------
Particle: 9:
Relays Coordinates:
149.268, 173.522
81.2306, 45.3743
Evaluation Time: 1.67617 seconds
Resulting Fitness: 0.2
-------------
Particle: 10:
Relays Coordinates:
182.672, 159.882
118.792, 91.1305
Evaluation Time: 1.70489 seconds
Resulting Fitness: 0.195833
New local best!
-------------
Particle: 11:
Relays Coordinates:
173.017, 182.397
91.0344, 64.4863
Evaluation Time: 1.73864 seconds
Resulting Fitness: 0.21875
-------------
Particle: 12:
Relays Coordinates:
152.421, 163.526
125.535, 78.2642
Evaluation Time: 1.65739 seconds
Resulting Fitness: 0.202083
-------------
Particle: 13:
Relays Coordinates:
122.253, 228.186
115.363, 80.0205
Evaluation Time: 1.67875 seconds
Resulting Fitness: 0.2125
New local best!
-------------
Particle: 14:
Relays Coordinates:
142.77, 195.153
124.352, 74.4086
Evaluation Time: 1.72412 seconds
Resulting Fitness: 0.202083
New local best!
-------------
Particle: 15:
Relays Coordinates:
146.418, 222.569
110.53, 85.7029
Evaluation Time: 1.70807 seconds
Resulting Fitness: 0.225
-------------
Particle: 16:
Relays Coordinates:
147.303, 133.791
91.8026, 1.54522
Evaluation Time: 1.63705 seconds
Resulting Fitness: 0.18125
New local best!
-------------
Particle: 17:
Relays Coordinates:
207.567, 219.308
125.153, 91.3628
Evaluation Time: 1.80573 seconds
Resulting Fitness: 0.225
New local best!
-------------
Particle: 18:
Relays Coordinates:
133.557, 190.222
76.7697, 51.9813
Evaluation Time: 1.69692 seconds
Resulting Fitness: 0.185417
-------------
Particle: 19:
Relays Coordinates:
120.497, 188.981
83.9815, 45.0259
Evaluation Time: 1.63782 seconds
Resulting Fitness: 0.172917
-------------
Particle: 20:
Relays Coordinates:
189.025, 208.818
114.459, 80.085
Evaluation Time: 1.73409 seconds
Resulting Fitness: 0.235417
New local best!
Current global best fitness: 0.24375
Current global best relays: 177.043, 213.774
119.482, 81.417
Particle 1 new velocities: 98.9783, 81.9725
65.6897, 41.1148
Particle 2 new velocities: 60.0815, 68.4044
64.531, 131.236
Particle 3 new velocities: 35.9484, 40.3058
23.4727, 47.3366
Particle 4 new velocities: -1.2614, 4.01025
1.39445, 4.38099
Particle 5 new velocities: 65.7475, 98.7569
66.5336, 24.8857
Particle 6 new velocities: 60.2385, 97.3561
23.487, 40.1216
Particle 7 new velocities: 75.1628, 151.269
136.689, 91.9027
Particle 8 new velocities: 127.767, 107.724
70.1297, 63.8513
Particle 9 new velocities: 97.7306, 106.901
67.4625, 32.0576
Particle 10 new velocities: 78.3691, 71.5315
44.9896, 6.8968
Particle 11 new velocities: 75.9924, 80.0765
78.5892, 39.9283
Particle 12 new velocities: 94.9437, 159.489
35.1469, 50.9838
Particle 13 new velocities: 121.701, 194.555
136.083, 65.3733
Particle 14 new velocities: 76.7011, 68.2153
26.4031, 40.7029
Particle 15 new velocities: 74.3174, 139.376
45.6052, 25.1795
Particle 16 new velocities: 123.643, 120.524
110.934, 79.2349
Particle 17 new velocities: 71.3448, 87.3549
43.0085, 68.3696
Particle 18 new velocities: 268.724, 422.516
178.996, 225.041
Particle 19 new velocities: 226.627, 328.804
175.392, 147.525
Particle 20 new velocities: 128.254, 119.942
74.1115, 61.6952
-- ITERATION 5 --
-------------
Particle: 1:
Relays Coordinates:
173.423, 184.053
127.753, 76.1099
Evaluation Time: 1.75735 seconds
Resulting Fitness: 0.229167
-------------
Particle: 2:
Relays Coordinates:
117.469, 93.6424
156.187, 208.572
Evaluation Time: 1.72525 seconds
Resulting Fitness: 0.235417
New local best!
-------------
Particle: 3:
Relays Coordinates:
102.524, 102.033
153.224, 144.839
Evaluation Time: 1.62165 seconds
Resulting Fitness: 0.1875
-------------
Particle: 4:
Relays Coordinates:
176.783, 222.269
123.563, 79.4258
Evaluation Time: 1.76588 seconds
Resulting Fitness: 0.25
New local best!
New global best!
-------------
Particle: 5:
Relays Coordinates:
171.587, 193.222
105.136, 55.164
Evaluation Time: 1.77766 seconds
Resulting Fitness: 0.23125
New local best!
-------------
Particle: 6:
Relays Coordinates:
79.1192, 129.048
97.9816, 107.482
Evaluation Time: 1.69456 seconds
Resulting Fitness: 0.1625
-------------
Particle: 7:
Relays Coordinates:
72.9733, 165.964
128.659, 71.9312
Evaluation Time: 1.565 seconds
Resulting Fitness: 0.1625
-------------
Particle: 8:
Relays Coordinates:
143.19, 186.338
105.515, 97.2779
Evaluation Time: 1.64565 seconds
Resulting Fitness: 0.202083
New local best!
-------------
Particle: 9:
Relays Coordinates:
162.056, 183.986
97.5575, 50.803
Evaluation Time: 1.70762 seconds
Resulting Fitness: 0.202083
-------------
Particle: 10:
Relays Coordinates:
211.443, 187.445
132.663, 79.4021
Evaluation Time: 1.70403 seconds
Resulting Fitness: 0.222917
New local best!
-------------
Particle: 11:
Relays Coordinates:
181.528, 191.343
123.656, 76.1182
Evaluation Time: 1.7188 seconds
Resulting Fitness: 0.2375
-------------
Particle: 12:
Relays Coordinates:
180.329, 235.478
117.137, 94.2218
Evaluation Time: 1.7856 seconds
Resulting Fitness: 0.247917
New local best!
-------------
Particle: 13:
Relays Coordinates:
129.647, 224.662
133.629, 77.2682
Evaluation Time: 1.75076 seconds
Resulting Fitness: 0.220833
New local best!
-------------
Particle: 14:
Relays Coordinates:
177.772, 213.329
122.112, 93.2403
Evaluation Time: 1.76875 seconds
Resulting Fitness: 0.24375
New local best!
-------------
Particle: 15:
Relays Coordinates:
130.342, 213.725
92.1964, 65.475
Evaluation Time: 1.66424 seconds
Resulting Fitness: 0.2125
-------------
Particle: 16:
Relays Coordinates:
177.768, 166.856
133.015, 52.9998
Evaluation Time: 1.72501 seconds
Resulting Fitness: 0.19375
New local best!
-------------
Particle: 17:
Relays Coordinates:
182.994, 201.202
110.331, 104.8
Evaluation Time: 1.72559 seconds
Resulting Fitness: 0.24375
New local best!
-------------
Particle: 18:
Relays Coordinates:
155.852, 237.387
99.0888, 107.324
Evaluation Time: 1.69752 seconds
Resulting Fitness: 0.2375
New local best!
-------------
Particle: 19:
Relays Coordinates:
149.425, 222.889
111.652, 82.8868
Evaluation Time: 1.68574 seconds
Resulting Fitness: 0.227083
-------------
Particle: 20:
Relays Coordinates:
208.167, 215.699
123.721, 93.022
Evaluation Time: 1.79912 seconds
Resulting Fitness: 0.235417
Current global best fitness: 0.25
Current global best relays: 176.783, 222.269
123.563, 79.4258
Particle 1 new velocities: 74.7212, 82.4087
47.718, 32.6791
Particle 2 new velocities: 63.2096, 92.8283
48.6155, 83.2732
Particle 3 new velocities: 103.386, 58.1752
71.0526, 25.2835
Particle 4 new velocities: -1.00912, 3.2082
1.11556, 3.50479
Particle 5 new velocities: 55.5992, 80.5526
60.9685, 23.8227
Particle 6 new velocities: 146.249, 147.231
68.8608, 82.6341
Particle 7 new velocities: 82.7934, 172.205
102.759, 83.2743
Particle 8 new velocities: 115.539, 107.081
62.6441, 29.9627
Particle 9 new velocities: 75.8462, 99.342
59.6827, 39.3522
Particle 10 new velocities: 21.5506, 69.7821
34.2979, 5.54664
Particle 11 new velocities: 47.8198, 110.478
54.0486, 32.6427
Particle 12 new velocities: 74.5778, 112.046
30.06, 26.4297
Particle 13 new velocities: 128.276, 155.308
101.768, 53.9114
Particle 14 new velocities: 60.7342, 65.8006
22.6508, 14.9452
Particle 15 new velocities: 166.589, 118.52
91.5726, 50.8146
Particle 16 new velocities: 98.7167, 113.614
86.097, 75.1712
Particle 17 new velocities: 53.4071, 94.184
46.4615, 51.8452
Particle 18 new velocities: 227.23, 320.4
169.348, 157.96
Particle 19 new velocities: 175.588, 287.717
146.44, 126.539
Particle 20 new velocities: 61.3128, 100.052
48.5569, 39.2875
-- ITERATION 6 --
-------------
Particle: 1:
Relays Coordinates:
180.897, 194.251
127.919, 79.3072
Evaluation Time: 1.72581 seconds
Resulting Fitness: 0.233333
New local best!
-------------
Particle: 2:
Relays Coordinates:
106.689, 110.109
120.934, 172.332
Evaluation Time: 1.59299 seconds
Resulting Fitness: 0.164583
-------------
Particle: 3:
Relays Coordinates:
121.588, 94.6013
132.433, 100.456
Evaluation Time: 1.54996 seconds
Resulting Fitness: 0.139583
-------------
Particle: 4:
Relays Coordinates:
175.774, 225.478
124.678, 82.9306
Evaluation Time: 1.74768 seconds
Resulting Fitness: 0.252083
New local best!
New global best!
-------------
Particle: 5:
Relays Coordinates:
165.619, 199.582
121.09, 57.5813
Evaluation Time: 1.70085 seconds
Resulting Fitness: 0.23125
-------------
Particle: 6:
Relays Coordinates:
133.078, 163.14
98.5188, 112.262
Evaluation Time: 1.59961 seconds
Resulting Fitness: 0.175
-------------
Particle: 7:
Relays Coordinates:
82.7808, 179.717
122.985, 82.4826
Evaluation Time: 1.59596 seconds
Resulting Fitness: 0.160417
-------------
Particle: 8:
Relays Coordinates:
188.614, 213.903
122.588, 92.7584
Evaluation Time: 1.78219 seconds
Resulting Fitness: 0.24375
New local best!
-------------
Particle: 9:
Relays Coordinates:
173.431, 206.546
114.628, 65.7231
Evaluation Time: 1.74555 seconds
Resulting Fitness: 0.241667
New local best!
-------------
Particle: 10:
Relays Coordinates:
188.725, 208.354
135.239, 68.8085
Evaluation Time: 1.76719 seconds
Resulting Fitness: 0.216667
-------------
Particle: 11:
Relays Coordinates:
167.194, 220.028
129.546, 79.2867
Evaluation Time: 1.7676 seconds
Resulting Fitness: 0.24375
New local best!
-------------
Particle: 12:
Relays Coordinates:
150.52, 205.209
86.9183, 71.2435
Evaluation Time: 1.67032 seconds
Resulting Fitness: 0.233333
-------------
Particle: 13:
Relays Coordinates:
137.071, 201.931
125.1, 69.7142
Evaluation Time: 1.68495 seconds
Resulting Fitness: 0.208333
-------------
Particle: 14:
Relays Coordinates:
173.871, 203.485
105.532, 78.8673
Evaluation Time: 1.71029 seconds
Resulting Fitness: 0.241667
-------------
Particle: 15:
Relays Coordinates:
175.335, 196.187
108.514, 68.6678
Evaluation Time: 1.71602 seconds
Resulting Fitness: 0.239583
-------------
Particle: 16:
Relays Coordinates:
163.261, 165.614
129.384, 75.6837
Evaluation Time: 1.68752 seconds
Resulting Fitness: 0.197917
New local best!
-------------
Particle: 17:
Relays Coordinates:
155.103, 193.803
102.871, 102.775
Evaluation Time: 1.70514 seconds
Resulting Fitness: 0.216667
-------------
Particle: 18:
Relays Coordinates:
148.413, 216.098
103.998, 102.776
Evaluation Time: 1.69642 seconds
Resulting Fitness: 0.229167
-------------
Particle: 19:
Relays Coordinates:
139.908, 219.799
111.1, 90.151
Evaluation Time: 1.70023 seconds
Resulting Fitness: 0.225
-------------
Particle: 20:
Relays Coordinates:
176.806, 207.164
113.032, 86.8083
Evaluation Time: 1.71839 seconds
Resulting Fitness: 0.241667
New local best!
Current global best fitness: 0.252083
Current global best relays: 175.774, 225.478
124.678, 82.9306
Particle 1 new velocities: 57.673, 79.6885
36.4654, 30.2884
Particle 2 new velocities: 94.4669, 116.586
52.049, -6.61695
Particle 3 new velocities: 70.6654, 81.0808
96.5374, 3.10715
Particle 4 new velocities: -0.807294, 2.56656
0.892446, 2.80383
Particle 5 new velocities: 58.1919, 67.4109
42.0845, 39.6687
Particle 6 new velocities: 62.1901, 189.433
114.372, 49.8382
Particle 7 new velocities: 69.8938, 189.243
89.5067, 67.184
Particle 8 new velocities: 77.3725, 90.9164
52.2686, 15.0165
Particle 9 new velocities: 62.952, 98.7983
52.4347, 35.7122
Particle 10 new velocities: 20.9106, 50.0441
20.5259, 26.5314
Particle 11 new velocities: 42.9935, 90.1029
38.967, 27.32
Particle 12 new velocities: 118.67, 132.362
50.7009, 42.3662
Particle 13 new velocities: 94.4683, 152.698
88.4575, 62.2977
Particle 14 new velocities: 55.7117, 63.6082
39.2054, 35.0101
Particle 15 new velocities: 136.595, 124.486
73.665, 61.1768
Particle 16 new velocities: 90.4673, 154.164
64.197, 61.8213
Particle 17 new velocities: 88.1851, 85.859
45.2914, 39.965
Particle 18 new velocities: 205.394, 265.846
152.256, 127.854
Particle 19 new velocities: 169.999, 255.102
115.392, 104.674
Particle 20 new velocities: 48.395, 82.8678
50.6411, 31.3325
-- ITERATION 7 --
-------------
Particle: 1:
Relays Coordinates:
173.918, 199.702
119.836, 79.8952
Evaluation Time: 1.72203 seconds
Resulting Fitness: 0.235417
New local best!
-------------
Particle: 2:
Relays Coordinates:
118.781, 133.861
102.145, 97.8529
Evaluation Time: 1.53677 seconds
Resulting Fitness: 0.1625
-------------
Particle: 3:
Relays Coordinates:
113.523, 103.739
135.205, 61.1529
Evaluation Time: 1.59864 seconds
Resulting Fitness: 0.139583
-------------
Particle: 4:
Relays Coordinates:
174.967, 228.044
125.571, 85.7344
Evaluation Time: 1.77891 seconds
Resulting Fitness: 0.247917
-------------
Particle: 5:
Relays Coordinates:
181.287, 216.264
132.171, 78.7725
Evaluation Time: 1.91047 seconds
Resulting Fitness: 0.235417
New local best!
-------------
Particle: 6:
Relays Coordinates:
103.773, 187.372
113.139, 86.1467
Evaluation Time: 1.64221 seconds
Resulting Fitness: 0.1625
-------------
Particle: 7:
Relays Coordinates:
90.1528, 217.867
125.474, 88.3766
Evaluation Time: 1.60793 seconds
Resulting Fitness: 0.172917
-------------
Particle: 8:
Relays Coordinates:
174.514, 199.992
114.723, 70.7111
Evaluation Time: 1.70471 seconds
Resulting Fitness: 0.241667
-------------
Particle: 9:
Relays Coordinates:
155.091, 200.336
109.61, 66.5517
Evaluation Time: 1.74119 seconds
Resulting Fitness: 0.233333
-------------
Particle: 10:
Relays Coordinates:
169.805, 209.302
126.169, 77.2253
Evaluation Time: 1.76219 seconds
Resulting Fitness: 0.241667
New local best!
-------------
Particle: 11:
Relays Coordinates:
153.227, 226.085
122.846, 77.7163
Evaluation Time: 1.71559 seconds
Resulting Fitness: 0.229167
-------------
Particle: 12:
Relays Coordinates:
158.954, 199.333
81.2628, 67.0854
Evaluation Time: 1.76569 seconds
Resulting Fitness: 0.229167
-------------
Particle: 13:
Relays Coordinates:
136.721, 209.405
126.103, 77.9517
Evaluation Time: 1.72201 seconds
Resulting Fitness: 0.214583
-------------
Particle: 14:
Relays Coordinates:
185.962, 216.346
117.237, 92.2407
Evaluation Time: 1.79005 seconds
Resulting Fitness: 0.239583
-------------
Particle: 15:
Relays Coordinates:
204.657, 210.394
119.528, 85.1911
Evaluation Time: 1.79692 seconds
Resulting Fitness: 0.233333
-------------
Particle: 16:
Relays Coordinates:
149.824, 188.826
114.307, 81.1953
Evaluation Time: 1.74622 seconds
Resulting Fitness: 0.202083
New local best!
-------------
Particle: 17:
Relays Coordinates:
177.357, 203.873
108.011, 104.058
Evaluation Time: 1.78617 seconds
Resulting Fitness: 0.239583
-------------
Particle: 18:
Relays Coordinates:
152.303, 207.461
110.309, 99.2789
Evaluation Time: 1.74578 seconds
Resulting Fitness: 0.23125
-------------
Particle: 19:
Relays Coordinates:
148.227, 227.144
108.33, 93.1843
Evaluation Time: 1.71323 seconds
Resulting Fitness: 0.225
-------------
Particle: 20:
Relays Coordinates:
164.171, 211.433
119.318, 86.1246
Evaluation Time: 1.74443 seconds
Resulting Fitness: 0.239583
Current global best fitness: 0.252083
Current global best relays: 175.774, 225.478
124.678, 82.9306
Particle 1 new velocities: 46.7151, 82.8041
32.7704, 25.7288
Particle 2 new velocities: 93.0541, 108.723
61.2218, 142.106
Particle 3 new velocities: 109.503, 148.422
150.889, 44.6027
Particle 4 new velocities: 1.00338, -0.921087
-1.22866, -1.60724
Particle 5 new velocities: 45.0778, 61.4086
27.1344, 35.3896
Particle 6 new velocities: 54.2911, 119.488
131.764, 73.272
Particle 7 new velocities: 122.646, 153.986
71.5864, 44.66
Particle 8 new velocities: 74.293, 100.422
65.3515, 19.1097
Particle 9 new velocities: 76.2867, 87.2029
49.1361, 40.245
Particle 10 new velocities: 19.2117, 41.7638
14.9829, 25.2114
Particle 11 new velocities: 58.2735, 70.6062
40.5492, 28.9043
Particle 12 new velocities: 132.281, 169.003
152.682, 66.1154
Particle 13 new velocities: 87.5868, 146.884
70.9089, 50.5227
Particle 14 new velocities: 24.7386, 52.5641
43.3794, 23.826
Particle 15 new velocities: 69.8791, 114.347
63.2146, 46.152
Particle 16 new velocities: 100.835, 165.087
55.7865, 50.3913
Particle 17 new velocities: 75.4545, 81.3315
38.4076, 17.9546
Particle 18 new velocities: 193.817, 266.671
137.805, 93.669
Particle 19 new velocities: 158.69, 211.164
105.398, 89.8467
Particle 20 new velocities: 62.9323, 81.4317
43.6752, 24.734
-- ITERATION 8 --
-------------
Particle: 1:
Relays Coordinates:
178.713, 228.83
123.611, 85.5554
Evaluation Time: 1.8045 seconds
Resulting Fitness: 0.245833
New local best!
-------------
Particle: 2:
Relays Coordinates:
112.578, 128.919
86.8196, 127.524
Evaluation Time: 1.57341 seconds
Resulting Fitness: 0.158333
-------------
Particle: 3:
Relays Coordinates:
106.673, 120.607
136.838, 50.5826
Evaluation Time: 1.60525 seconds
Resulting Fitness: 0.15625
-------------
Particle: 4:
Relays Coordinates:
175.97, 227.123
124.342, 84.1272
Evaluation Time: 1.78512 seconds
Resulting Fitness: 0.241667
-------------
Particle: 5:
Relays Coordinates:
165.02, 202.424
116.134, 83.2242
Evaluation Time: 1.74794 seconds
Resulting Fitness: 0.23125
-------------
Particle: 6:
Relays Coordinates:
75.6018, 146.77
117.136, 76.2495
Evaluation Time: 1.51085 seconds
Resulting Fitness: 0.1625
-------------
Particle: 7:
Relays Coordinates:
125.655, 219.575
116.362, 78.5568
Evaluation Time: 1.64152 seconds
Resulting Fitness: 0.204167
New local best!
-------------
Particle: 8:
Relays Coordinates:
163.242, 197.102
118.147, 58.9314
Evaluation Time: 1.72988 seconds
Resulting Fitness: 0.229167
-------------
Particle: 9:
Relays Coordinates:
168.674, 209.616
115.726, 77.8548
Evaluation Time: 1.702 seconds
Resulting Fitness: 0.247917
New local best!
-------------
Particle: 10:
Relays Coordinates:
153.103, 203.363
114.333, 82.9737
Evaluation Time: 1.6826 seconds
Resulting Fitness: 0.23125
-------------
Particle: 11:
Relays Coordinates:
154.184, 216.288
119.115, 77.7264
Evaluation Time: 1.68105 seconds
Resulting Fitness: 0.23125
-------------
Particle: 12:
Relays Coordinates:
154.774, 195.749
124.328, 70.7884
Evaluation Time: 1.70859 seconds
Resulting Fitness: 0.220833
-------------
Particle: 13:
Relays Coordinates:
147.169, 233.761
129.26, 84.2921
Evaluation Time: 1.73668 seconds
Resulting Fitness: 0.225
New local best!
-------------
Particle: 14:
Relays Coordinates:
153.601, 196.035
117.089, 84.6126
Evaluation Time: 1.69987 seconds
Resulting Fitness: 0.216667
-------------
Particle: 15:
Relays Coordinates:
180.123, 213.063
119.897, 86.1742
Evaluation Time: 1.72073 seconds
Resulting Fitness: 0.24375
-------------
Particle: 16:
Relays Coordinates:
148.012, 208.982
100.439, 77.7006
Evaluation Time: 1.69374 seconds
Resulting Fitness: 0.235417
New local best!
-------------
Particle: 17:
Relays Coordinates:
184.299, 207.914
106.739, 88.9469
Evaluation Time: 1.69999 seconds
Resulting Fitness: 0.24375
-------------
Particle: 18:
Relays Coordinates:
165.548, 226.776
118.672, 92.2864
Evaluation Time: 1.79797 seconds
Resulting Fitness: 0.24375
New local best!
-------------
Particle: 19:
Relays Coordinates:
163.109, 232.935
113.584, 97.2702
Evaluation Time: 1.799 seconds
Resulting Fitness: 0.25
New local best!
-------------
Particle: 20:
Relays Coordinates:
165.559, 213.499
118.822, 80.8159
Evaluation Time: 1.82011 seconds
Resulting Fitness: 0.24375
New local best!
Current global best fitness: 0.252083
Current global best relays: 175.774, 225.478
124.678, 82.9306
Particle 1 new velocities: 34.983, 64.609
26.7067, 20.1252
Particle 2 new velocities: 101.349, 90.3132
112.513, 82.192
Particle 3 new velocities: 141.534, 197.49
168.889, 196.164
Particle 4 new velocities: 0.467342, -2.50739
-0.240577, -1.90921
Particle 5 new velocities: 64.1342, 82.1614
49.9118, 23.8205
Particle 6 new velocities: 67.3054, 146.584
119.464, 138.695
Particle 7 new velocities: 135.814, 126.848
64.0442, 39.2245
Particle 8 new velocities: 100.382, 108.439
60.5467, 96.8359
Particle 9 new velocities: 68.9277, 89.3212
46.4019, 32.6315
Particle 10 new velocities: 39.3225, 61.4257
22.6977, 17.4715
Particle 11 new velocities: 84.4251, 68.9338
35.5302, 28.9833
Particle 12 new velocities: 146.533, 181.118
110.666, 89.5556
Particle 13 new velocities: 75.7694, 107.627
52.4878, 39.3943
Particle 14 new velocities: 44.7071, 104.807
37.3118, 21.3557
Particle 15 new velocities: 49.2829, 98.3273
51.0315, 27.5347
Particle 16 new velocities: 94.2941, 144.7
48.5734, 45.1809
Particle 17 new velocities: 58.1882, 65.0329
55.4183, 35.5006
Particle 18 new velocities: 160.312, 212.22
111.363, 62.9288
Particle 19 new velocities: 132.791, 162.348
90.0462, 67.1955
Particle 20 new velocities: 60.7496, 66.5714
38.6578, 20.7519
-- ITERATION 9 --
-------------
Particle: 1:
Relays Coordinates:
155.784, 213.917
109.582, 77.0412
Evaluation Time: 1.79118 seconds
Resulting Fitness: 0.2375
-------------
Particle: 2:
Relays Coordinates:
113.689, 116.509
105.934, 111.452
Evaluation Time: 1.6158 seconds
Resulting Fitness: 0.158333
-------------
Particle: 3:
Relays Coordinates:
96.1602, 123.237
118.445, 95.5947
Evaluation Time: 1.62782 seconds
Resulting Fitness: 0.160417
-------------
Particle: 4:
Relays Coordinates:
176.438, 224.616
124.101, 82.218
Evaluation Time: 1.81693 seconds
Resulting Fitness: 0.247917
-------------
Particle: 5:
Relays Coordinates:
167.053, 207.462
121.047, 78.0356
Evaluation Time: 1.8094 seconds
Resulting Fitness: 0.24375
New local best!
-------------
Particle: 6:
Relays Coordinates:
68.3521, 140.31
113.165, 102.807
Evaluation Time: 1.60987 seconds
Resulting Fitness: 0.1625
-------------
Particle: 7:
Relays Coordinates:
154.395, 204.56
106.528, 69.5487
Evaluation Time: 1.75007 seconds
Resulting Fitness: 0.23125
New local best!
-------------
Particle: 8:
Relays Coordinates:
155.668, 180.419
105.517, 91.9791
Evaluation Time: 1.69343 seconds
Resulting Fitness: 0.202083
-------------
Particle: 9:
Relays Coordinates:
173.212, 217.925
118.191, 80.5445
Evaluation Time: 1.87053 seconds
Resulting Fitness: 0.25
New local best!
-------------
Particle: 10:
Relays Coordinates:
155.865, 214.479
110.995, 81.3606
Evaluation Time: 1.71211 seconds
Resulting Fitness: 0.233333
-------------
Particle: 11:
Relays Coordinates:
173.946, 207.927
112.737, 77.7914
Evaluation Time: 1.75003 seconds
Resulting Fitness: 0.247917
New local best!
-------------
Particle: 12:
Relays Coordinates:
160.127, 200.282
124.885, 85.2134
Evaluation Time: 1.75365 seconds
Resulting Fitness: 0.23125
-------------
Particle: 13:
Relays Coordinates:
146.27, 223.985
119.245, 81.1507
Evaluation Time: 1.72051 seconds
Resulting Fitness: 0.227083
New local best!
-------------
Particle: 14:
Relays Coordinates:
144.566, 219.314
112.559, 77.2509
Evaluation Time: 1.71204 seconds
Resulting Fitness: 0.227083
-------------
Particle: 15:
Relays Coordinates:
167.237, 227.003
124.607, 82.8938
Evaluation Time: 1.8081 seconds
Resulting Fitness: 0.252083
New local best!
-------------
Particle: 16:
Relays Coordinates:
143.079, 208.846
87.9902, 72.5603
Evaluation Time: 1.70678 seconds
Resulting Fitness: 0.220833
-------------
Particle: 17:
Relays Coordinates:
176.773, 198.978
118.213, 90.7223
Evaluation Time: 1.80174 seconds
Resulting Fitness: 0.241667
-------------
Particle: 18:
Relays Coordinates:
155.858, 209.97
110.025, 74.239
Evaluation Time: 1.76642 seconds
Resulting Fitness: 0.233333
-------------
Particle: 19:
Relays Coordinates:
174.726, 233.41
120.242, 97.1153
Evaluation Time: 1.74034 seconds
Resulting Fitness: 0.24375
-------------
Particle: 20:
Relays Coordinates:
183.31, 226.857
127.558, 82.2699
Evaluation Time: 1.73941 seconds
Resulting Fitness: 0.233333
Current global best fitness: 0.252083
Current global best relays: 175.774, 225.478
124.678, 82.9306
Particle 1 new velocities: 50.488, 67.4447
34.0005, 31.7041
Particle 2 new velocities: 166.056, 136.181
140.145, 52.7039
Particle 3 new velocities: 181.127, 232.989
249.49, 208.825
Particle 4 new velocities: -0.391271, -0.894016
1.06701, 0.223058
Particle 5 new velocities: 60.3639, 77.0788
41.415, 20.9953
Particle 6 new velocities: 85.7031, 207.071
107.823, 145.816
Particle 7 new velocities: 136.202, 121.638
57.7644, 40.6853
Particle 8 new velocities: 94.5776, 155.252
65.9145, 74.7059
Particle 9 new velocities: 57.1216, 74.0001
42.0719, 27.1969
Particle 10 new velocities: 54.7652, 44.255
32.5175, 8.1535
Particle 11 new velocities: 68.0411, 63.1625
34.0302, 27.8761
Particle 12 new velocities: 154.17, 208.073
81.4504, 79.8536
Particle 13 new velocities: 69.3216, 87.4739
43.3254, 33.6134
Particle 14 new velocities: 102.625, 77.243
44.6907, 20.9649
Particle 15 new velocities: 44.7773, 78.1488
40.8592, 22.0669
Particle 16 new velocities: 92.6657, 131.802
80.6678, 41.0819
Particle 17 new velocities: 56.0142, 63.8689
36.9361, 31.0345
Particle 18 new velocities: 151.218, 198.831
92.6733, 76.3215
Particle 19 new velocities: 101.853, 128.665
74.2277, 49.0086
Particle 20 new velocities: 17.9294, 48.5895
19.4553, 16.2761
-- ITERATION 10 --
-------------
Particle: 1:
Relays Coordinates:
167.08, 227.903
116.302, 88.0837
Evaluation Time: 1.72183 seconds
Resulting Fitness: 0.25
New local best!
-------------
Particle: 2:
Relays Coordinates:
133.801, 120.861
117.698, 78.5151
Evaluation Time: 1.60037 seconds
Resulting Fitness: 0.16875
-------------
Particle: 3:
Relays Coordinates:
87.0158, 111.788
115.462, 95.5301
Evaluation Time: 1.50945 seconds
Resulting Fitness: 0.154167
-------------
Particle: 4:
Relays Coordinates:
176.046, 223.722
125.168, 82.441
Evaluation Time: 1.79931 seconds
Resulting Fitness: 0.241667
-------------
Particle: 5:
Relays Coordinates:
165.787, 207.431
118.435, 72.1935
Evaluation Time: 1.74247 seconds
Resulting Fitness: 0.241667
-------------
Particle: 6:
Relays Coordinates:
66.3157, 149.536
95.1282, 107.024
Evaluation Time: 1.5489 seconds
Resulting Fitness: 0.1625
-------------
Particle: 7:
Relays Coordinates:
171.595, 192.617
97.0132, 65.0921
Evaluation Time: 1.72901 seconds
Resulting Fitness: 0.239583
New local best!
-------------
Particle: 8:
Relays Coordinates:
147.767, 198.21
101.229, 98.4258
Evaluation Time: 1.68577 seconds
Resulting Fitness: 0.216667
-------------
Particle: 9:
Relays Coordinates:
167.913, 212.814
116.832, 78.5435
Evaluation Time: 1.79122 seconds
Resulting Fitness: 0.245833
-------------
Particle: 10:
Relays Coordinates:
170.61, 209.575
116.245, 72.5065
Evaluation Time: 1.78809 seconds
Resulting Fitness: 0.24375
New local best!
-------------
Particle: 11:
Relays Coordinates:
196.009, 219.582
118.881, 85.5907
Evaluation Time: 1.81293 seconds
Resulting Fitness: 0.233333
-------------
Particle: 12:
Relays Coordinates:
167.03, 217.017
109.655, 87.7233
Evaluation Time: 1.70773 seconds
Resulting Fitness: 0.241667
-------------
Particle: 13:
Relays Coordinates:
157.166, 227.053
118.513, 83.663
Evaluation Time: 1.70595 seconds
Resulting Fitness: 0.2375
New local best!
-------------
Particle: 14:
Relays Coordinates:
162.182, 194.571
103.171, 64.4394
Evaluation Time: 1.68852 seconds
Resulting Fitness: 0.227083
-------------
Particle: 15:
Relays Coordinates:
154.558, 222.456
120.625, 76.5163
Evaluation Time: 1.74985 seconds
Resulting Fitness: 0.23125
-------------
Particle: 16:
Relays Coordinates:
139.205, 201.149
99.5908, 67.1046
Evaluation Time: 1.65316 seconds
Resulting Fitness: 0.202083
-------------
Particle: 17:
Relays Coordinates:
169.702, 191.616
113.103, 88.7607
Evaluation Time: 1.73928 seconds
Resulting Fitness: 0.225
-------------
Particle: 18:
Relays Coordinates:
163.193, 217.254
107.722, 80.014
Evaluation Time: 1.70832 seconds
Resulting Fitness: 0.241667
-------------
Particle: 19:
Relays Coordinates:
163.317, 213.802
114.832, 86.2847
Evaluation Time: 1.77173 seconds
Resulting Fitness: 0.241667
-------------
Particle: 20:
Relays Coordinates:
163.004, 223.111
119.081, 79.8223
Evaluation Time: 1.77913 seconds
Resulting Fitness: 0.24375
Current global best fitness: 0.252083
Current global best relays: 175.774, 225.478
124.678, 82.9306
Particle 1 new velocities: 43.9255, 51.8943
27.8111, 21.7921
Particle 2 new velocities: 169.577, 181.738
151.15, 156.218
Particle 3 new velocities: 247.223, 309.604
288.886, 215.703
Particle 4 new velocities: -0.796155, 1.19263
0.25984, 0.546261
Particle 5 new velocities: 59.0285, 78.2863
43.5895, 25.8802
Particle 6 new velocities: 185.61, 214.042
104.465, 128.313
Particle 7 new velocities: 109.226, 139.448
48.8593, 42.1479
Particle 8 new velocities: 166.847, 131.63
74.1761, 37.9492
Particle 9 new velocities: 48.8608, 73.0582
39.1873, 30.6071
Particle 10 new velocities: 45.1102, 51.1617
34.3358, 9.44506
Particle 11 new velocities: 34.2926, 34.0848
25.2775, 14.7341
Particle 12 new velocities: 142.29, 179.084
71.9462, 72.3801
Particle 13 new velocities: 74.2208, 69.6162
35.2878, 26.8574
Particle 14 new velocities: 104.211, 103.804
71.9098, 61.0316
Particle 15 new velocities: 71.565, 72.403
37.4318, 24.2214
Particle 16 new velocities: 92.3415, 138.641
86.5234, 49.1301
Particle 17 new velocities: 73.2307, 98.5399
30.3055, 30.9729
Particle 18 new velocities: 123.753, 173.256
96.813, 63.4322
Particle 19 new velocities: 90.3192, 128.385
68.647, 44.0621
Particle 20 new velocities: 18.8896, 40.265
20.3064, 16.434
-- ITERATION 11 --
-------------
Particle: 1:
Relays Coordinates:
170.915, 226.636
116.731, 88.9994
Evaluation Time: 1.78449 seconds
Resulting Fitness: 0.25
-------------
Particle: 2:
Relays Coordinates:
130.594, 130.259
115.73, 101.045
Evaluation Time: 1.66464 seconds
Resulting Fitness: 0.172917
-------------
Particle: 3:
Relays Coordinates:
94.3989, 119.013
114.2, 87.9014
Evaluation Time: 1.55299 seconds
Resulting Fitness: 0.158333
-------------
Particle: 4:
Relays Coordinates:
175.25, 224.914
125.428, 82.9873
Evaluation Time: 1.81166 seconds
Resulting Fitness: 0.247917
-------------
Particle: 5:
Relays Coordinates:
163.891, 208.288
118.116, 71.4958
Evaluation Time: 1.75221 seconds
Resulting Fitness: 0.2375
-------------
Particle: 6:
Relays Coordinates:
120.495, 173.898
95.465, 112.561
Evaluation Time: 1.60547 seconds
Resulting Fitness: 0.160417
-------------
Particle: 7:
Relays Coordinates:
165.822, 196.081
86.1362, 63.3241
Evaluation Time: 1.75824 seconds
Resulting Fitness: 0.222917
-------------
Particle: 8:
Relays Coordinates:
185.776, 194.767
103.575, 80.5281
Evaluation Time: 1.67537 seconds
Resulting Fitness: 0.233333
-------------
Particle: 9:
Relays Coordinates:
175.587, 231.556
126.375, 88.412
Evaluation Time: 1.82223 seconds
Resulting Fitness: 0.245833
-------------
Particle: 10:
Relays Coordinates:
174.734, 211.196
121.971, 66.3807
Evaluation Time: 1.80505 seconds
Resulting Fitness: 0.241667
-------------
Particle: 11:
Relays Coordinates:
186.545, 205.47
116.768, 81.2631
Evaluation Time: 1.69842 seconds
Resulting Fitness: 0.239583
-------------
Particle: 12:
Relays Coordinates:
164.386, 210.504
96.5104, 85.0855
Evaluation Time: 1.69726 seconds
Resulting Fitness: 0.245833
-------------
Particle: 13:
Relays Coordinates:
168.681, 216.272
112.121, 80.5694
Evaluation Time: 1.72132 seconds
Resulting Fitness: 0.245833
New local best!
-------------
Particle: 14:
Relays Coordinates:
174.781, 195.764
114.871, 82.3215
Evaluation Time: 1.78533 seconds
Resulting Fitness: 0.235417
-------------
Particle: 15:
Relays Coordinates:
164.844, 214.952
115.223, 73.4378
Evaluation Time: 1.81742 seconds
Resulting Fitness: 0.241667
-------------
Particle: 16:
Relays Coordinates:
151.918, 222.936
122.11, 76.2616
Evaluation Time: 1.76373 seconds
Resulting Fitness: 0.227083
-------------
Particle: 17:
Relays Coordinates:
177.098, 211.523
104.545, 87.2858
Evaluation Time: 1.76603 seconds
Resulting Fitness: 0.245833
New local best!
-------------
Particle: 18:
Relays Coordinates:
169.439, 230.592
120.776, 84.7035
Evaluation Time: 1.77535 seconds
Resulting Fitness: 0.24375
-------------
Particle: 19:
Relays Coordinates:
166.411, 224.509
120.381, 85.5206
Evaluation Time: 1.7804 seconds
Resulting Fitness: 0.25
-------------
Particle: 20:
Relays Coordinates:
147.333, 213.335
112.904, 77.9676
Evaluation Time: 1.75963 seconds
Resulting Fitness: 0.227083
Current global best fitness: 0.252083
Current global best relays: 175.774, 225.478
124.678, 82.9306
Particle 1 new velocities: 33.7573, 41.8029
25.9317, 14.1155
Particle 2 new velocities: 176.151, 124.843
152.049, 264.741
Particle 3 new velocities: 252.931, 243.011
338.061, 205.638
Particle 4 new velocities: 0.449028, 1.88194
-0.455562, 0.348757
Particle 5 new velocities: 53.796, 78.157
43.8664, 43.8579
Particle 6 new velocities: 87.1841, 111.848
157.924, 115.023
Particle 7 new velocities: 102.869, 142.663
71.4949, 44.5736
Particle 8 new velocities: 132.863, 133.367
75.1932, 46.8259
Particle 9 new velocities: 37.667, 36.9584
16.0236, 16.6933
Particle 10 new velocities: 32.3475, 56.284
29.3057, 33.8076
Particle 11 new velocities: 15.1671, 29.7
22.1639, 12.6015
Particle 12 new velocities: 137.725, 163.702
79.3384, 63.306
Particle 13 new velocities: 61.87, 61.2782
38.2323, 22.7883
Particle 14 new velocities: 87.574, 111.492
71.0726, 49.4905
Particle 15 new velocities: 59.0304, 76.0453
44.9687, 23.9218
Particle 16 new velocities: 84.2032, 88.0811
58.7656, 40.1009
Particle 17 new velocities: 57.2095, 82.1487
33.2325, 19.1779
Particle 18 new velocities: 101.01, 130.429
79.4233, 54.6319
Particle 19 new velocities: 76.2144, 109.367
53.0741, 47.487
Particle 20 new velocities: 49.6515, 42.3838
26.3767, 18.0076
-- ITERATION 12 --
-------------
Particle: 1:
Relays Coordinates:
165.784, 217.435
115.557, 83.523
Evaluation Time: 1.68639 seconds
Resulting Fitness: 0.239583
-------------
Particle: 2:
Relays Coordinates:
118.839, 98.8318
103.743, 141.713
Evaluation Time: 1.64431 seconds
Resulting Fitness: 0.1625
-------------
Particle: 3:
Relays Coordinates:
98.0961, 102.246
127.732, 82.9043
Evaluation Time: 1.70193 seconds
Resulting Fitness: 0.145833
-------------
Particle: 4:
Relays Coordinates:
175.699, 226.796
124.973, 83.336
Evaluation Time: 1.84911 seconds
Resulting Fitness: 0.25
-------------
Particle: 5:
Relays Coordinates:
158.694, 208.818
118.085, 84.0928
Evaluation Time: 1.79146 seconds
Resulting Fitness: 0.2375
-------------
Particle: 6:
Relays Coordinates:
89.3992, 123.005
109.075, 97.9677
Evaluation Time: 1.60486 seconds
Resulting Fitness: 0.1625
-------------
Particle: 7:
Relays Coordinates:
158.659, 200.025
93.0796, 63.7125
Evaluation Time: 1.83079 seconds
Resulting Fitness: 0.23125
-------------
Particle: 8:
Relays Coordinates:
188.153, 193.76
105.561, 75.2013
Evaluation Time: 1.8104 seconds
Resulting Fitness: 0.23125
-------------
Particle: 9:
Relays Coordinates:
172.736, 217.497
115.343, 85.1352
Evaluation Time: 1.81222 seconds
Resulting Fitness: 0.245833
-------------
Particle: 10:
Relays Coordinates:
167.736, 216.659
122.534, 81.1525
Evaluation Time: 1.74387 seconds
Resulting Fitness: 0.241667
-------------
Particle: 11:
Relays Coordinates:
181.541, 211.653
125.039, 84.4781
Evaluation Time: 1.75954 seconds
Resulting Fitness: 0.25
New local best!
-------------
Particle: 12:
Relays Coordinates:
178.394, 220.965
103.837, 87.6237
Evaluation Time: 1.66141 seconds
Resulting Fitness: 0.241667
-------------
Particle: 13:
Relays Coordinates:
168.072, 202.334
109.608, 75.3477
Evaluation Time: 1.73867 seconds
Resulting Fitness: 0.235417
-------------
Particle: 14:
Relays Coordinates:
172.131, 201.59
121.997, 86.4819
Evaluation Time: 1.76833 seconds
Resulting Fitness: 0.2375
-------------
Particle: 15:
Relays Coordinates:
163.204, 212.137
116.78, 70.9751
Evaluation Time: 1.73957 seconds
Resulting Fitness: 0.2375
-------------
Particle: 16:
Relays Coordinates:
154.919, 204.058
118.672, 76.3454
Evaluation Time: 1.72187 seconds
Resulting Fitness: 0.233333
-------------
Particle: 17:
Relays Coordinates:
170.81, 214.087
100.44, 77.6121
Evaluation Time: 1.77083 seconds
Resulting Fitness: 0.24375
-------------
Particle: 18:
Relays Coordinates:
159.697, 213.179
118.216, 82.2762
Evaluation Time: 1.90001 seconds
Resulting Fitness: 0.2375
-------------
Particle: 19:
Relays Coordinates:
159.186, 219.056
113.804, 87.2662
Evaluation Time: 1.73782 seconds
Resulting Fitness: 0.2375
-------------
Particle: 20:
Relays Coordinates:
177.286, 230.147
125.352, 86.3777
Evaluation Time: 1.80981 seconds
Resulting Fitness: 0.245833
New local best!
Current global best fitness: 0.252083
Current global best relays: 175.774, 225.478
124.678, 82.9306
Particle 1 new velocities: 34.2533, 40.2065
22.7548, 18.5356
Particle 2 new velocities: 173.698, 169.957
200.428, 270.024
Particle 3 new velocities: 240.394, 192.382
355.098, 249.912
Particle 4 new velocities: 0.439291, 0.292151
-0.527208, -0.322728
Particle 5 new velocities: 69.8553, 71.2543
37.7874, 31.7435
Particle 6 new velocities: 146.935, 95.3488
167.095, 138.427
Particle 7 new velocities: 107.522, 128.777
84.5749, 51.3204
Particle 8 new velocities: 102.381, 158.697
82.1725, 50.9598
Particle 9 new velocities: 32.5135, 35.2602
19.0709, 9.27106
Particle 10 new velocities: 31.3687, 52.8804
22.7026, 21.5453
Particle 11 new velocities: 6.30514, 27.0905
17.641, 8.83987
Particle 12 new velocities: 111.254, 140.368
95.5313, 54.896
Particle 13 new velocities: 59.9154, 77.3806
48.9873, 24.3808
Particle 14 new velocities: 81.0196, 124.465
59.4162, 46.432
Particle 15 new velocities: 62.2123, 88.9821
42.5436, 37.8486
Particle 16 new velocities: 65.2299, 83.2519
36.1653, 35.7101
Particle 17 new velocities: 58.7811, 75.7893
47.3229, 22.5336
Particle 18 new velocities: 100.957, 119.883
68.2334, 54.8776
Particle 19 new velocities: 68.9177, 99.0529
52.6733, 40.7669
Particle 20 new velocities: 38.2338, 32.345
20.9664, 13.7295
-- ITERATION 13 --
-------------
Particle: 1:
Relays Coordinates:
180.034, 231.878
124.481, 91.8527
Evaluation Time: 1.79519 seconds
Resulting Fitness: 0.2375
-------------
Particle: 2:
Relays Coordinates:
113.335, 104.134
117.842, 159.515
Evaluation Time: 1.59783 seconds
Resulting Fitness: 0.158333
-------------
Particle: 3:
Relays Coordinates:
106.222, 92.4574
151.517, 104.441
Evaluation Time: 1.61877 seconds
Resulting Fitness: 0.164583
-------------
Particle: 4:
Relays Coordinates:
176.138, 227.088
124.446, 83.0133
Evaluation Time: 1.78983 seconds
Resulting Fitness: 0.25
-------------
Particle: 5:
Relays Coordinates:
166.612, 204.173
113.631, 84.4447
Evaluation Time: 1.76714 seconds
Resulting Fitness: 0.239583
-------------
Particle: 6:
Relays Coordinates:
113.038, 104.438
132.092, 113.067
Evaluation Time: 1.6054 seconds
Resulting Fitness: 0.158333
-------------
Particle: 7:
Relays Coordinates:
174.642, 215.727
116.559, 75.4731
Evaluation Time: 1.77826 seconds
Resulting Fitness: 0.247917
New local best!
-------------
Particle: 8:
Relays Coordinates:
171.558, 208.122
110.855, 74.4968
Evaluation Time: 1.76844 seconds
Resulting Fitness: 0.24375
-------------
Particle: 9:
Relays Coordinates:
166.252, 204.733
108.875, 76.4691
Evaluation Time: 1.765 seconds
Resulting Fitness: 0.2375
-------------
Particle: 10:
Relays Coordinates:
161.275, 218.327
117.641, 83.1852
Evaluation Time: 1.754 seconds
Resulting Fitness: 0.241667
-------------
Particle: 11:
Relays Coordinates:
169.061, 214.869
128.412, 83.9862
Evaluation Time: 1.78694 seconds
Resulting Fitness: 0.241667
-------------
Particle: 12:
Relays Coordinates:
171.034, 213.364
117.725, 84.1564
Evaluation Time: 1.78071 seconds
Resulting Fitness: 0.245833
-------------
Particle: 13:
Relays Coordinates:
166.203, 203.912
115.616, 72.7021
Evaluation Time: 1.73651 seconds
Resulting Fitness: 0.239583
-------------
Particle: 14:
Relays Coordinates:
166.092, 213.925
119.025, 87.2048
Evaluation Time: 1.8042 seconds
Resulting Fitness: 0.245833
New local best!
-------------
Particle: 15:
Relays Coordinates:
164.329, 219.516
116.147, 79.3325
Evaluation Time: 1.74377 seconds
Resulting Fitness: 0.241667
-------------
Particle: 16:
Relays Coordinates:
178.321, 232.721
125.418, 90.7649
Evaluation Time: 1.84996 seconds
Resulting Fitness: 0.239583
New local best!
-------------
Particle: 17:
Relays Coordinates:
167.372, 211.32
107.719, 73.0062
Evaluation Time: 1.77911 seconds
Resulting Fitness: 0.245833
-------------
Particle: 18:
Relays Coordinates:
171.015, 218.522
122.329, 89.9866
Evaluation Time: 1.81689 seconds
Resulting Fitness: 0.245833
New local best!
-------------
Particle: 19:
Relays Coordinates:
166.288, 231.901
121.362, 93.3361
Evaluation Time: 1.7841 seconds
Resulting Fitness: 0.25
-------------
Particle: 20:
Relays Coordinates:
174.571, 212.618
118.518, 81.0869
Evaluation Time: 1.79127 seconds
Resulting Fitness: 0.245833
Current global best fitness: 0.252083
Current global best relays: 175.774, 225.478
124.678, 82.9306
Particle 1 new velocities: 8.98387, 25.4452
12.1362, 5.63225
Particle 2 new velocities: 160.135, 131.979
186.18, 188.215
Particle 3 new velocities: 240.978, 165.556
297.212, 200.013
Particle 4 new velocities: -0.211143, -1.65942
-0.0997818, -0.380004
Particle 5 new velocities: 61.7617, 83.6979
46.1778, 21.2553
Particle 6 new velocities: 94.0306, 122.53
130.772, 119.965
Particle 7 new velocities: 87.0095, 113.302
77.7089, 41.4432
Particle 8 new velocities: 104.424, 155.019
81.4813, 73.9108
Particle 9 new velocities: 35.3735, 55.762
37.8724, 8.65954
Particle 10 new velocities: 27.0913, 42.5069
24.4998, 2.60813
Particle 11 new velocities: 25.1065, 30.3054
12.6227, 6.45054
Particle 12 new velocities: 100.118, 145.88
77.2098, 45.5638
Particle 13 new velocities: 62.3205, 90.0238
40.7494, 28.1696
Particle 14 new velocities: 71.7439, 100.957
54.2684, 33.2448
Particle 15 new velocities: 67.1596, 73.8229
49.7247, 36.3104
Particle 16 new velocities: 49.2924, 60.9519
28.5955, 24.0332
Particle 17 new velocities: 68.1565, 64.6817
42.3193, 41.8086
Particle 18 new velocities: 86.8781, 103.277
55.1044, 41.2077
Particle 19 new velocities: 52.0415, 79.1341
39.6801, 28.5358
Particle 20 new velocities: 33.9651, 48.7294
29.0235, 17.0903
-- ITERATION 14 --
-------------
Particle: 1:
Relays Coordinates:
170.116, 231.591
122.955, 87.7365
Evaluation Time: 1.78633 seconds
Resulting Fitness: 0.25
-------------
Particle: 2:
Relays Coordinates:
105.948, 91.4751
117.784, 134.718
Evaluation Time: 1.53761 seconds
Resulting Fitness: 0.1625
-------------
Particle: 3:
Relays Coordinates:
121.061, 89.9638
156.462, 106.157
Evaluation Time: 1.56695 seconds
Resulting Fitness: 0.160417
-------------
Particle: 4:
Relays Coordinates:
175.927, 225.429
124.346, 82.6333
Evaluation Time: 1.75307 seconds
Resulting Fitness: 0.247917
-------------
Particle: 5:
Relays Coordinates:
166.485, 209.858
116.501, 77.0553
Evaluation Time: 1.69844 seconds
Resulting Fitness: 0.239583
-------------
Particle: 6:
Relays Coordinates:
99.0402, 108.558
125.727, 111.458
Evaluation Time: 1.58744 seconds
Resulting Fitness: 0.15625
-------------
Particle: 7:
Relays Coordinates:
171.669, 215.876
127.459, 76.7088
Evaluation Time: 1.79208 seconds
Resulting Fitness: 0.245833
-------------
Particle: 8:
Relays Coordinates:
162.964, 214.431
113.572, 87.6333
Evaluation Time: 1.77524 seconds
Resulting Fitness: 0.24375
-------------
Particle: 9:
Relays Coordinates:
163.316, 211.001
118.866, 68.9542
Evaluation Time: 1.72521 seconds
Resulting Fitness: 0.239583
-------------
Particle: 10:
Relays Coordinates:
152.576, 211.276
115.134, 69.4926
Evaluation Time: 1.74113 seconds
Resulting Fitness: 0.233333
-------------
Particle: 11:
Relays Coordinates:
174.751, 220.657
126.931, 81.393
Evaluation Time: 1.78447 seconds
Resulting Fitness: 0.24375
-------------
Particle: 12:
Relays Coordinates:
160.112, 212.13
115.107, 76.5985
Evaluation Time: 1.68954 seconds
Resulting Fitness: 0.2375
-------------
Particle: 13:
Relays Coordinates:
166.593, 214.279
113.99, 73.5355
Evaluation Time: 1.69486 seconds
Resulting Fitness: 0.24375
-------------
Particle: 14:
Relays Coordinates:
173.382, 229.549
126.331, 87.8078
Evaluation Time: 1.7638 seconds
Resulting Fitness: 0.2375
-------------
Particle: 15:
Relays Coordinates:
168.755, 213.844
120.92, 84.3037
Evaluation Time: 1.71629 seconds
Resulting Fitness: 0.247917
-------------
Particle: 16:
Relays Coordinates:
165.93, 214.088
112.276, 83.6878
Evaluation Time: 1.69945 seconds
Resulting Fitness: 0.239583
-------------
Particle: 17:
Relays Coordinates:
190.778, 223.561
121.531, 93
Evaluation Time: 1.81751 seconds
Resulting Fitness: 0.233333
-------------
Particle: 18:
Relays Coordinates:
169.204, 211.133
116.414, 86.0766
Evaluation Time: 1.70162 seconds
Resulting Fitness: 0.24375
-------------
Particle: 19:
Relays Coordinates:
159.162, 226.745
117.399, 88.8446
Evaluation Time: 1.76295 seconds
Resulting Fitness: 0.239583
-------------
Particle: 20:
Relays Coordinates:
168.915, 211.692
119.509, 79.5235
Evaluation Time: 1.76445 seconds
Resulting Fitness: 0.24375
Current global best fitness: 0.252083
Current global best relays: 175.774, 225.478
124.678, 82.9306
Particle 1 new velocities: 8.07131, 12.3866
1.72297, 2.62377
Particle 2 new velocities: 200.26, 257.129
188.83, 181.547
Particle 3 new velocities: 203.588, 303.558
215.287, 191.537
Particle 4 new velocities: -0.362141, -1.20554
0.509889, -0.0465184
Particle 5 new velocities: 59.7425, 77.1286
50.1609, 21.7371
Particle 6 new velocities: 59.1785, 189.294
113.804, 120.158
Particle 7 new velocities: 71.7814, 94.4628
47.4215, 35.5301
Particle 8 new velocities: 108.476, 132.301
69.0218, 57.0878
Particle 9 new velocities: 48.2731, 61.8712
30.1288, 30.6236
Particle 10 new velocities: 65.2495, 45.4475
27.5282, 20.8834
Particle 11 new velocities: 30.1995, 16.9679
7.06648, 8.97173
Particle 12 new velocities: 113.338, 140.612
74.8312, 38.917
Particle 13 new velocities: 63.1229, 84.2167
39.3607, 39.62
Particle 14 new velocities: 57.7403, 50.794
41.8632, 26.0722
Particle 15 new velocities: 55.6416, 84.733
41.207, 25.5544
Particle 16 new velocities: 45.3787, 66.2288
44.5673, 25.7263
Particle 17 new velocities: 24.8513, 43.8307
27.8303, 18.6994
Particle 18 new velocities: 73.7458, 100.088
58.8585, 33.2133
Particle 19 new velocities: 55.5221, 64.304
31.9508, 26.1828
Particle 20 new velocities: 36.4607, 61.036
28.862, 15.1548
-- ITERATION 15 --
-------------
Particle: 1:
Relays Coordinates:
160.369, 219.58
112.21, 81.3242
Evaluation Time: 1.75285 seconds
Resulting Fitness: 0.229167
-------------
Particle: 2:
Relays Coordinates:
106.768, 121.551
106.91, 110.275
Evaluation Time: 1.53288 seconds
Resulting Fitness: 0.160417
-------------
Particle: 3:
Relays Coordinates:
101.878, 123.491
116.659, 93.4195
Evaluation Time: 1.6106 seconds
Resulting Fitness: 0.160417
-------------
Particle: 4:
Relays Coordinates:
175.565, 224.223
124.856, 82.5868
Evaluation Time: 1.8046 seconds
Resulting Fitness: 0.247917
-------------
Particle: 5:
Relays Coordinates:
164.92, 209.213
121.496, 72.0197
Evaluation Time: 1.71806 seconds
Resulting Fitness: 0.239583
-------------
Particle: 6:
Relays Coordinates:
68.108, 128.216
103.11, 99.7032
Evaluation Time: 1.4946 seconds
Resulting Fitness: 0.160417
-------------
Particle: 7:
Relays Coordinates:
177.476, 226.237
127.488, 81.8222
Evaluation Time: 1.75249 seconds
Resulting Fitness: 0.239583
-------------
Particle: 8:
Relays Coordinates:
178.092, 227.491
119.8, 94.9515
Evaluation Time: 1.75626 seconds
Resulting Fitness: 0.245833
New local best!
-------------
Particle: 9:
Relays Coordinates:
171.388, 221.026
120.686, 80.658
Evaluation Time: 1.73787 seconds
Resulting Fitness: 0.24375
-------------
Particle: 10:
Relays Coordinates:
176.439, 207.946
115.557, 73.2045
Evaluation Time: 1.76862 seconds
Resulting Fitness: 0.24375
-------------
Particle: 11:
Relays Coordinates:
184.455, 213.863
120.598, 81.3283
Evaluation Time: 1.87798 seconds
Resulting Fitness: 0.241667
-------------
Particle: 12:
Relays Coordinates:
161.47, 208.291
112.157, 68.2107
Evaluation Time: 1.73536 seconds
Resulting Fitness: 0.235417
-------------
Particle: 13:
Relays Coordinates:
167.463, 217.603
111.793, 82.4904
Evaluation Time: 1.73704 seconds
Resulting Fitness: 0.247917
New local best!
-------------
Particle: 14:
Relays Coordinates:
168.488, 204.37
122.614, 83.0185
Evaluation Time: 1.7043 seconds
Resulting Fitness: 0.2375
-------------
Particle: 15:
Relays Coordinates:
163.585, 217.663
118.191, 80.0865
Evaluation Time: 1.70186 seconds
Resulting Fitness: 0.24375
-------------
Particle: 16:
Relays Coordinates:
171.16, 227.056
127.043, 88.6255
Evaluation Time: 1.74804 seconds
Resulting Fitness: 0.235417
-------------
Particle: 17:
Relays Coordinates:
174.66, 216.587
120.983, 90.4765
Evaluation Time: 1.73066 seconds
Resulting Fitness: 0.245833
-------------
Particle: 18:
Relays Coordinates:
177.11, 226.88
127.774, 86.9623
Evaluation Time: 1.78609 seconds
Resulting Fitness: 0.2375
-------------
Particle: 19:
Relays Coordinates:
173.894, 235.75
120.974, 93.1722
Evaluation Time: 1.78446 seconds
Resulting Fitness: 0.252083
New local best!
-------------
Particle: 20:
Relays Coordinates:
166.354, 220.91
120.18, 76.6895
Evaluation Time: 1.70141 seconds
Resulting Fitness: 0.25
New local best!
Current global best fitness: 0.252083
Current global best relays: 175.774, 225.478
124.678, 82.9306
Particle 1 new velocities: 21.5169, 28.0433
19.3254, 8.53493
Particle 2 new velocities: 180.59, 184.548
230.392, 149.758
Particle 3 new velocities: 201.445, 328.493
286.545, 169.515
Particle 4 new velocities: 0.128972, -0.452737
0.208742, 0.391395
Particle 5 new velocities: 52.6841, 74.5364
42.6348, 33.2379
Particle 6 new velocities: 112.624, 227.17
102.781, 145.023
Particle 7 new velocities: 54.6522, 71.3403
28.2895, 26.1706
Particle 8 new velocities: 84.5742, 103.663
59.6467, 34.919
Particle 9 new velocities: 44.6917, 48.4748
24.983, 25.2659
Particle 10 new velocities: 42.987, 39.4483
28.0327, 23.5758
Particle 11 new velocities: 17.5301, 13.8435
11.1135, 11.8498
Particle 12 new velocities: 104.915, 149.493
70.8036, 74.6527
Particle 13 new velocities: 54.1468, 70.6737
44.8652, 32.1242
Particle 14 new velocities: 50.8867, 59.5391
30.2926, 23.3919
Particle 15 new velocities: 54.8789, 84.2292
37.8086, 26.7094
Particle 16 new velocities: 39.6311, 59.5602
35.3447, 19.4409
Particle 17 new velocities: 22.8088, 29.1884
24.1733, 4.41401
Particle 18 new velocities: 48.7263, 72.3029
41.0408, 27.449
Particle 19 new velocities: 45.5437, 40.0518
28.4564, 17.6225
Particle 20 new velocities: 39.7758, 50.0166
24.1898, 17.2265
-- ITERATION 16 --
-------------
Particle: 1:
Relays Coordinates:
163.697, 222.861
118.382, 80.8732
Evaluation Time: 1.71727 seconds
Resulting Fitness: 0.24375
-------------
Particle: 2:
Relays Coordinates:
100.196, 106.73
117.61, 90.6677
Evaluation Time: 1.542 seconds
Resulting Fitness: 0.154167
-------------
Particle: 3:
Relays Coordinates:
95.1859, 141.837
126.53, 82.5116
Evaluation Time: 1.58238 seconds
Resulting Fitness: 0.160417
-------------
Particle: 4:
Relays Coordinates:
175.694, 223.771
125.064, 82.9782
Evaluation Time: 1.76068 seconds
Resulting Fitness: 0.24375
-------------
Particle: 5:
Relays Coordinates:
158.633, 206.853
119.652, 76.7327
Evaluation Time: 1.73091 seconds
Resulting Fitness: 0.235417
-------------
Particle: 6:
Relays Coordinates:
86.4435, 169.98
98.4768, 117.052
Evaluation Time: 1.55353 seconds
Resulting Fitness: 0.1625
-------------
Particle: 7:
Relays Coordinates:
169.221, 216.934
113.562, 78.7268
Evaluation Time: 1.77924 seconds
Resulting Fitness: 0.247917
-------------
Particle: 8:
Relays Coordinates:
172.335, 217.27
117.735, 85.208
Evaluation Time: 1.77165 seconds
Resulting Fitness: 0.24375
-------------
Particle: 9:
Relays Coordinates:
175.024, 218.296
117.992, 85.7983
Evaluation Time: 1.74391 seconds
Resulting Fitness: 0.24375
-------------
Particle: 10:
Relays Coordinates:
177.735, 200.389
116.307, 78.392
Evaluation Time: 1.70658 seconds
Resulting Fitness: 0.225
-------------
Particle: 11:
Relays Coordinates:
181.787, 204.936
118.54, 83.8603
Evaluation Time: 1.83641 seconds
Resulting Fitness: 0.239583
-------------
Particle: 12:
Relays Coordinates:
174.775, 234.742
120.04, 93.7327
Evaluation Time: 1.83016 seconds
Resulting Fitness: 0.252083
New local best!
-------------
Particle: 13:
Relays Coordinates:
161.554, 210.154
114.204, 83.554
Evaluation Time: 1.75975 seconds
Resulting Fitness: 0.235417
-------------
Particle: 14:
Relays Coordinates:
177.694, 213.766
123.854, 86.1924
Evaluation Time: 1.782 seconds
Resulting Fitness: 0.245833
-------------
Particle: 15:
Relays Coordinates:
159.26, 220.079
113.724, 77.8542
Evaluation Time: 1.73158 seconds
Resulting Fitness: 0.235417
-------------
Particle: 16:
Relays Coordinates:
153.667, 208.944
118.381, 78.7804
Evaluation Time: 1.69369 seconds
Resulting Fitness: 0.233333
-------------
Particle: 17:
Relays Coordinates:
159.95, 199.078
117.576, 76.8613
Evaluation Time: 1.68959 seconds
Resulting Fitness: 0.227083
-------------
Particle: 18:
Relays Coordinates:
164.635, 218.105
123.066, 83.4058
Evaluation Time: 1.78728 seconds
Resulting Fitness: 0.239583
-------------
Particle: 19:
Relays Coordinates:
177.745, 223.399
121.038, 89.7437
Evaluation Time: 1.73949 seconds
Resulting Fitness: 0.245833
-------------
Particle: 20:
Relays Coordinates:
166.965, 219.45
116.94, 76.0719
Evaluation Time: 1.69552 seconds
Resulting Fitness: 0.24375
Current global best fitness: 0.252083
Current global best relays: 175.774, 225.478
124.678, 82.9306
Particle 1 new velocities: 30.8824, 31.6005
16.0194, 7.54545
Particle 2 new velocities: 185.219, 293.605
250.409, 175.956
Particle 3 new velocities: 190.205, 243.791
325.919, 220.661
Particle 4 new velocities: 0.288622, 2.00694
-0.323851, 0.272899
Particle 5 new velocities: 56.031, 79.5427
40.0179, 29.1019
Particle 6 new velocities: 112.207, 181.46
110.048, 146.661
Particle 7 new velocities: 53.4385, 58.2657
35.064, 19.3393
Particle 8 new velocities: 72.2574, 107.759
57.6103, 33.1813
Particle 9 new velocities: 33.3816, 45.4954
26.0959, 13.8271
Particle 10 new velocities: 29.5199, 60.8403
25.5373, 20.588
Particle 11 new velocities: 13.5988, 16.2946
16.3849, 8.99288
Particle 12 new velocities: 84.0089, 107.654
56.6476, 51.96
Particle 13 new velocities: 57.7474, 79.5031
42.6164, 24.5484
Particle 14 new velocities: 35.3257, 55.4822
20.3115, 18.6789
Particle 15 new velocities: 58.775, 70.8436
49.7413, 29.3884
Particle 16 new velocities: 47.9079, 70.9054
36.6201, 34.6297
Particle 17 new velocities: 45.7015, 44.1334
9.18718, 22.1294
Particle 18 new velocities: 54.4016, 60.8297
33.6016, 28.1536
Particle 19 new velocities: 33.9644, 52.0062
23.8844, 15.0495
Particle 20 new velocities: 37.7959, 47.7816
27.4555, 22.2169
-- ITERATION 17 --
-------------
Particle: 1:
Relays Coordinates:
157.609, 206.113
108.865, 71.6191
Evaluation Time: 1.6937 seconds
Resulting Fitness: 0.2375
-------------
Particle: 2:
Relays Coordinates:
89.566, 125.629
115.488, 83.6694
Evaluation Time: 1.53335 seconds
Resulting Fitness: 0.1625
-------------
Particle: 3:
Relays Coordinates:
89.5588, 121.014
141.983, 95.1387
Evaluation Time: 1.60025 seconds
Resulting Fitness: 0.18125
-------------
Particle: 4:
Relays Coordinates:
175.983, 225.778
124.74, 83.2511
Evaluation Time: 1.77947 seconds
Resulting Fitness: 0.24375
-------------
Particle: 5:
Relays Coordinates:
156.49, 208.783
116.399, 77.1535
Evaluation Time: 1.70597 seconds
Resulting Fitness: 0.233333
-------------
Particle: 6:
Relays Coordinates:
85.5127, 151.283
89.7629, 113.52
Evaluation Time: 1.5282 seconds
Resulting Fitness: 0.1625
-------------
Particle: 7:
Relays Coordinates:
162.319, 200.62
108.348, 71.4901
Evaluation Time: 1.72899 seconds
Resulting Fitness: 0.235417
-------------
Particle: 8:
Relays Coordinates:
160.477, 213.252
115.044, 77.6752
Evaluation Time: 1.76467 seconds
Resulting Fitness: 0.241667
-------------
Particle: 9:
Relays Coordinates:
168.809, 213.671
116.711, 80.6966
Evaluation Time: 1.76927 seconds
Resulting Fitness: 0.24375
-------------
Particle: 10:
Relays Coordinates:
167.876, 211.596
114.894, 80.1739
Evaluation Time: 1.76375 seconds
Resulting Fitness: 0.24375
-------------
Particle: 11:
Relays Coordinates:
175.847, 199.107
121.433, 83.5679
Evaluation Time: 1.75728 seconds
Resulting Fitness: 0.23125
-------------
Particle: 12:
Relays Coordinates:
169.788, 224.646
115.925, 95.589
Evaluation Time: 1.74571 seconds
Resulting Fitness: 0.25
-------------
Particle: 13:
Relays Coordinates:
159.87, 211.16
114.322, 78.8067
Evaluation Time: 1.70578 seconds
Resulting Fitness: 0.239583
-------------
Particle: 14:
Relays Coordinates:
172.546, 218.091
116.774, 84.9457
Evaluation Time: 1.76124 seconds
Resulting Fitness: 0.247917
New local best!
-------------
Particle: 15:
Relays Coordinates:
158.948, 212.083
119.166, 78.1799
Evaluation Time: 1.70984 seconds
Resulting Fitness: 0.2375
-------------
Particle: 16:
Relays Coordinates:
146.948, 204.01
112.996, 82.6759
Evaluation Time: 1.67566 seconds
Resulting Fitness: 0.222917
-------------
Particle: 17:
Relays Coordinates:
185.086, 218.891
114.087, 89.0917
Evaluation Time: 1.75081 seconds
Resulting Fitness: 0.235417
-------------
Particle: 18:
Relays Coordinates:
159.678, 203.343
114.211, 81.3268
Evaluation Time: 1.73901 seconds
Resulting Fitness: 0.235417
-------------
Particle: 19:
Relays Coordinates:
171.484, 223.078
117.387, 84.8825
Evaluation Time: 1.74456 seconds
Resulting Fitness: 0.25
-------------
Particle: 20:
Relays Coordinates:
165.856, 216.458
116.96, 79.6139
Evaluation Time: 1.76808 seconds
Resulting Fitness: 0.2375
Current global best fitness: 0.252083
Current global best relays: 175.774, 225.478
124.678, 82.9306
Particle 1 new velocities: 38.138, 74.85
42.3055, 21.2347
Particle 2 new velocities: 175.758, 313.988
265.842, 287.756
Particle 3 new velocities: 240.269, 178.793
313.176, 191.296
Particle 4 new velocities: 0.0203287, 1.10759
-0.357025, -0.423526
Particle 5 new velocities: 75.2636, 66.3491
49.2672, 28.1661
Particle 6 new velocities: 180.415, 185.035
131.166, 96.1361
Particle 7 new velocities: 70.8138, 83.1491
62.3015, 28.2217
Particle 8 new velocities: 82.5311, 105.177
62.2556, 58.4499
Particle 9 new velocities: 35.6793, 46.6642
27.489, 13.3594
Particle 10 new velocities: 28.0612, 61.4938
21.7493, 6.66968
Particle 11 new velocities: 14.2499, 48.2339
20.0863, 6.66397
Particle 12 new velocities: 77.0795, 98.5435
56.8683, 29.2415
Particle 13 new velocities: 53.2957, 79.3445
34.1084, 21.3763
Particle 14 new velocities: 31.7505, 53.3005
18.8782, 12.443
Particle 15 new velocities: 69.2873, 82.9568
47.1516, 29.1428
Particle 16 new velocities: 111.987, 96.8712
50.5123, 30.9944
Particle 17 new velocities: 23.9861, 35.2964
0.879575, 15.1076
Particle 18 new velocities: 75.5104, 69.375
44.029, 37.9493
Particle 19 new velocities: 30.5105, 52.0439
31.5631, 14.9928
Particle 20 new velocities: 33.6503, 49.6067
32.6965, 16.1355
-- ITERATION 18 --
-------------
Particle: 1:
Relays Coordinates:
142.7, 204.822
110.203, 67.6905
Evaluation Time: 1.70366 seconds
Resulting Fitness: 0.214583
-------------
Particle: 2:
Relays Coordinates:
74.9354, 124.161
107.699, 104.901
Evaluation Time: 1.53638 seconds
Resulting Fitness: 0.1625
-------------
Particle: 3:
Relays Coordinates:
103.503, 94.0828
142.834, 89.8863
Evaluation Time: 1.58407 seconds
Resulting Fitness: 0.164583
-------------
Particle: 4:
Relays Coordinates:
176.003, 226.885
124.383, 82.8275
Evaluation Time: 1.79983 seconds
Resulting Fitness: 0.25
-------------
Particle: 5:
Relays Coordinates:
168.948, 200.571
120.771, 76.778
Evaluation Time: 1.73516 seconds
Resulting Fitness: 0.229167
-------------
Particle: 6:
Relays Coordinates:
127.192, 160.86
105.67, 100.278
Evaluation Time: 1.63668 seconds
Resulting Fitness: 0.164583
-------------
Particle: 7:
Relays Coordinates:
169.954, 206.868
124.404, 72.69
Evaluation Time: 1.73655 seconds
Resulting Fitness: 0.241667
-------------
Particle: 8:
Relays Coordinates:
159.438, 208.921
116.326, 89.3117
Evaluation Time: 1.81948 seconds
Resulting Fitness: 0.239583
-------------
Particle: 9:
Relays Coordinates:
165.635, 210.872
116.802, 76.1853
Evaluation Time: 1.84276 seconds
Resulting Fitness: 0.239583
-------------
Particle: 10:
Relays Coordinates:
142.839, 199.082
99.6131, 63.3089
Evaluation Time: 1.64706 seconds
Resulting Fitness: 0.2125
-------------
Particle: 11:
Relays Coordinates:
171.087, 222.607
127.367, 81.2086
Evaluation Time: 1.7362 seconds
Resulting Fitness: 0.245833
-------------
Particle: 12:
Relays Coordinates:
161.97, 212.044
113.37, 81.9013
Evaluation Time: 1.67698 seconds
Resulting Fitness: 0.241667
-------------
Particle: 13:
Relays Coordinates:
155.398, 211.778
108.206, 73.0334
Evaluation Time: 1.74769 seconds
Resulting Fitness: 0.235417
-------------
Particle: 14:
Relays Coordinates:
165.48, 219.827
109.878, 78.8848
Evaluation Time: 1.72225 seconds
Resulting Fitness: 0.245833
-------------
Particle: 15:
Relays Coordinates:
166.383, 215.084
121.245, 78.2382
Evaluation Time: 1.83673 seconds
Resulting Fitness: 0.24375
-------------
Particle: 16:
Relays Coordinates:
188.764, 219.342
119.197, 82.8657
Evaluation Time: 1.72859 seconds
Resulting Fitness: 0.235417
-------------
Particle: 17:
Relays Coordinates:
169.348, 205.892
93.1231, 84.4014
Evaluation Time: 1.76665 seconds
Resulting Fitness: 0.241667
-------------
Particle: 18:
Relays Coordinates:
171.452, 198.811
115.357, 86.9523
Evaluation Time: 1.77565 seconds
Resulting Fitness: 0.229167
-------------
Particle: 19:
Relays Coordinates:
163.616, 222.849
120.65, 80.8989
Evaluation Time: 1.72309 seconds
Resulting Fitness: 0.245833
-------------
Particle: 20:
Relays Coordinates:
161.6, 215.512
121.222, 77.557
Evaluation Time: 1.78163 seconds
Resulting Fitness: 0.241667
Current global best fitness: 0.252083
Current global best relays: 175.774, 225.478
124.678, 82.9306
Particle 1 new velocities: 83.5107, 106.001
45.884, 35.1311
Particle 2 new velocities: 269.789, 313.121
291.819, 372.5
Particle 3 new velocities: 286.979, 268.52
247.666, 160.186
Particle 4 new velocities: -0.389193, -0.944825
-0.157097, -0.270243
Particle 5 new velocities: 63.3694, 91.2713
41.8112, 29.0939
Particle 6 new velocities: 73.4262, 156.235
178.93, 124.168
Particle 7 new velocities: 64.6061, 83.1641
40.8371, 35.708
Particle 8 new velocities: 103.408, 127.034
58.9112, 50.671
Particle 9 new velocities: 33.2932, 44.6386
31.0703, 19.0991
Particle 10 new velocities: 84.6965, 61.2628
39.5116, 17.8334
Particle 11 new velocities: 16.7322, 30.6082
11.6288, 11.9161
Particle 12 new velocities: 80.6693, 101.656
61.2881, 41.7693
Particle 13 new velocities: 67.5829, 65.5435
37.9056, 27.9418
Particle 14 new velocities: 38.131, 47.4629
35.6381, 14.8558
Particle 15 new velocities: 62.0371, 87.7083
39.4954, 34.2552
Particle 16 new velocities: 64.7371, 91.0229
44.8169, 31.2641
Particle 17 new velocities: 21.8265, 53.1231
29.7516, 14.5346
Particle 18 new velocities: 62.6986, 77.6689
44.4877, 33.8623
Particle 19 new velocities: 34.4881, 42.3541
30.7537, 24.3336
Particle 20 new velocities: 49.9311, 40.1352
26.344, 14.8515
-- ITERATION 19 --
-------------
Particle: 1:
Relays Coordinates:
148.417, 203.931
102.409, 67.4612
Evaluation Time: 1.74314 seconds
Resulting Fitness: 0.23125
-------------
Particle: 2:
Relays Coordinates:
87.6244, 111.151
101.552, 121.349
Evaluation Time: 1.5414 seconds
Resulting Fitness: 0.1625
-------------
Particle: 3:
Relays Coordinates:
122.538, 113.789
122.543, 78.4753
Evaluation Time: 1.57974 seconds
Resulting Fitness: 0.147917
-------------
Particle: 4:
Relays Coordinates:
175.614, 225.94
124.226, 82.5573
Evaluation Time: 1.77213 seconds
Resulting Fitness: 0.247917
-------------
Particle: 5:
Relays Coordinates:
169.36, 212.753
118.522, 77.1806
Evaluation Time: 1.74352 seconds
Resulting Fitness: 0.24375
-------------
Particle: 6:
Relays Coordinates:
77.7237, 122.849
110.26, 86.9549
Evaluation Time: 1.55303 seconds
Resulting Fitness: 0.15625
-------------
Particle: 7:
Relays Coordinates:
170.994, 211.433
120.461, 79.0221
Evaluation Time: 1.66722 seconds
Resulting Fitness: 0.247917
-------------
Particle: 8:
Relays Coordinates:
172.453, 220.42
114.973, 91.8426
Evaluation Time: 1.70374 seconds
Resulting Fitness: 0.245833
-------------
Particle: 9:
Relays Coordinates:
161.132, 206.963
119.776, 77.1804
Evaluation Time: 1.68971 seconds
Resulting Fitness: 0.2375
-------------
Particle: 10:
Relays Coordinates:
165.873, 189.792
101.422, 59.1528
Evaluation Time: 1.70256 seconds
Resulting Fitness: 0.21875
-------------
Particle: 11:
Relays Coordinates:
169.038, 227.894
125.096, 83.8123
Evaluation Time: 1.7587 seconds
Resulting Fitness: 0.24375
-------------
Particle: 12:
Relays Coordinates:
159.196, 205.819
114.593, 81.1403
Evaluation Time: 1.6979 seconds
Resulting Fitness: 0.2375
-------------
Particle: 13:
Relays Coordinates:
162.553, 202.167
106.515, 73.6109
Evaluation Time: 1.74951 seconds
Resulting Fitness: 0.2375
-------------
Particle: 14:
Relays Coordinates:
164.925, 216.505
117.868, 75.9299
Evaluation Time: 1.8396 seconds
Resulting Fitness: 0.241667
-------------
Particle: 15:
Relays Coordinates:
166.518, 220.735
117.18, 82.0078
Evaluation Time: 1.72407 seconds
Resulting Fitness: 0.239583
-------------
Particle: 16:
Relays Coordinates:
166.322, 203.631
107.61, 74.8806
Evaluation Time: 1.73903 seconds
Resulting Fitness: 0.235417
-------------
Particle: 17:
Relays Coordinates:
154.852, 209.802
99.5285, 80.1382
Evaluation Time: 1.79021 seconds
Resulting Fitness: 0.2375
-------------
Particle: 18:
Relays Coordinates:
170.696, 201.554
116.527, 88.0738
Evaluation Time: 1.70848 seconds
Resulting Fitness: 0.241667
-------------
Particle: 19:
Relays Coordinates:
160.464, 214.814
122.637, 85.2384
Evaluation Time: 1.69962 seconds
Resulting Fitness: 0.239583
-------------
Particle: 20:
Relays Coordinates:
171.341, 207.074
119.528, 74.8509
Evaluation Time: 1.73125 seconds
Resulting Fitness: 0.241667
Current global best fitness: 0.252083
Current global best relays: 175.774, 225.478
124.678, 82.9306
Particle 1 new velocities: 69.8536, 137.792
53.3292, 77.2039
Particle 2 new velocities: 317.466, 349.164
326.481, 348.953
Particle 3 new velocities: 265.77, 213.632
278.499, 186.627
Particle 4 new velocities: 0.0649106, -1.42511
0.919037, 0.13657
Particle 5 new velocities: 50.958, 79.787
41.4832, 26.3148
Particle 6 new velocities: 58.1334, 176.363
167.416, 127.944
Particle 7 new velocities: 61.586, 84.1839
32.9433, 27.3756
Particle 8 new velocities: 94.6258, 105.503
64.0524, 32.6634
Particle 9 new velocities: 36.9518, 62.1616
29.2848, 19.6659
Particle 10 new velocities: 78.4094, 100.718
67.577, 37.0869
Particle 11 new velocities: 37.3468, -1.89582
8.85369, 8.98071
Particle 12 new velocities: 81.6391, 136.621
63.8493, 48.5513
Particle 13 new velocities: 68.9019, 88.521
61.2249, 35.6245
Particle 14 new velocities: 44.3968, 44.2561
34.0282, 26.7287
Particle 15 new velocities: 59.234, 71.6402
33.3455, 28.6692
Particle 16 new velocities: 65.0964, 98.8786
60.4569, 58.9855
Particle 17 new velocities: 42.378, 63.167
52.1483, 20.4473
Particle 18 new velocities: 55.0689, 103.387
40.4609, 27.5295
Particle 19 new velocities: 46.6114, 73.7961
25.4757, 24.0556
Particle 20 new velocities: 36.564, 43.3941
26.3405, 19.792
-- ITERATION 20 --
-------------
Particle: 1:
Relays Coordinates:
159.119, 249.116
113.533, 105.461
Evaluation Time: 1.87757 seconds
Resulting Fitness: 0.229167
-------------
Particle: 2:
Relays Coordinates:
92.6716, 105.305
97.9203, 107.59
Evaluation Time: 1.50017 seconds
Resulting Fitness: 0.152083
-------------
Particle: 3:
Relays Coordinates:
121.855, 102.748
125.851, 83.192
Evaluation Time: 1.53638 seconds
Resulting Fitness: 0.1375
-------------
Particle: 4:
Relays Coordinates:
175.679, 224.515
125.145, 82.6939
Evaluation Time: 1.76718 seconds
Resulting Fitness: 0.247917
-------------
Particle: 5:
Relays Coordinates:
160.612, 213.262
116.644, 75.4482
Evaluation Time: 1.68259 seconds
Resulting Fitness: 0.235417
-------------
Particle: 6:
Relays Coordinates:
58.482, 128.801
119.53, 92.507
Evaluation Time: 1.53326 seconds
Resulting Fitness: 0.15625
-------------
Particle: 7:
Relays Coordinates:
169.551, 215.505
111.831, 77.5639
Evaluation Time: 1.73007 seconds
Resulting Fitness: 0.247917
-------------
Particle: 8:
Relays Coordinates:
175.23, 213.838
117.459, 81.6884
Evaluation Time: 1.7288 seconds
Resulting Fitness: 0.25
New local best!
-------------
Particle: 9:
Relays Coordinates:
160.448, 217.991
120.74, 78.4455
Evaluation Time: 1.70508 seconds
Resulting Fitness: 0.241667
-------------
Particle: 10:
Relays Coordinates:
178.082, 211.782
123.2, 70.1587
Evaluation Time: 1.86486 seconds
Resulting Fitness: 0.247917
New local best!
-------------
Particle: 11:
Relays Coordinates:
185.746, 203.398
120.555, 83.5137
Evaluation Time: 1.79941 seconds
Resulting Fitness: 0.233333
-------------
Particle: 12:
Relays Coordinates:
158.012, 224.675
117.076, 85.0907
Evaluation Time: 1.85355 seconds
Resulting Fitness: 0.235417
-------------
Particle: 13:
Relays Coordinates:
168.731, 211.912
122.282, 79.6326
Evaluation Time: 1.76752 seconds
Resulting Fitness: 0.239583
-------------
Particle: 14:
Relays Coordinates:
169.551, 211.217
123.036, 83.1534
Evaluation Time: 1.75503 seconds
Resulting Fitness: 0.241667
-------------
Particle: 15:
Relays Coordinates:
164.574, 213.142
109.733, 80.6835
Evaluation Time: 1.77349 seconds
Resulting Fitness: 0.241667
-------------
Particle: 16:
Relays Coordinates:
151.833, 198.476
110.269, 87.8295
Evaluation Time: 1.69159 seconds
Resulting Fitness: 0.225
-------------
Particle: 17:
Relays Coordinates:
159.756, 221.105
122.858, 81.4742
Evaluation Time: 1.73279 seconds
Resulting Fitness: 0.2375
-------------
Particle: 18:
Relays Coordinates:
164.582, 222.302
114.444, 84.2748
Evaluation Time: 1.72184 seconds
Resulting Fitness: 0.241667
-------------
Particle: 19:
Relays Coordinates:
167.731, 233.775
119.971, 88.5281
Evaluation Time: 1.77131 seconds
Resulting Fitness: 0.252083
-------------
Particle: 20:
Relays Coordinates:
168.403, 202.879
118.154, 76.6608
Evaluation Time: 1.73231 seconds
Resulting Fitness: 0.2375
Final Evaluation Time: 715.385 seconds
Final global best fitness: 0.252083
Final global best relays:
175.774, 225.478
124.678, 82.9306
