ITERATION: 0
new best fitness: 0.666667
ITERATION: 1
new best fitness: 0.8
ITERATION: 2
new best fitness: 0.82
ITERATION: 3
new best fitness: 0.83
ITERATION: 4
new best fitness: 0.896667
ITERATION: 5
new best fitness: 0.92
ITERATION: 27
new best fitness: 0.93
ITERATION: 208
new best fitness: 0.956667
ITERATION: 313
new best fitness: 0.96
Final Evaluation Time: 668.866 seconds
Final global best fitness: 0.96
Final global best relays:
262.76, 209.872
34.2429, 234.565
13.5572, 112.51
328.132, 269.783
84.754, 75.976
201.55, 135.506
