ITERATION: 0
new best fitness: 0.383333
ITERATION: 3
new best fitness: 0.416667
ITERATION: 5
new best fitness: 0.439583
ITERATION: 7
new best fitness: 0.44375
ITERATION: 24
new best fitness: 0.466667
ITERATION: 34
new best fitness: 0.472917
ITERATION: 77
new best fitness: 0.477083
ITERATION: 111
new best fitness: 0.4875
ITERATION: 191
new best fitness: 0.514583
ITERATION: 301
new best fitness: 0.525
Final Evaluation Time: 1046.81 seconds
Final global best fitness: 0.525
Final global best relays:
468.835, 384.444
173.967, 177.681
340.096, 405.57
59.4474, 87.8864
227.888, 160.913
191.554, 411.848
194.978, 285.412
