PSO EXECUTION
============================
Seed: 1555680
Particles: 20
Relays: 2
Iterations: 20
Backend: Simulation
Network Configuration: 1
Area: 400 x 400
Sink: 0, 0
Simulated Relay range: 155
w: 0.8
c1: 1.7
c2: 1.3

Relay Nodes Positions: 
PARTICLE 1: 
117.782, 45.8748
152.721, 49.42
PARTICLE 2: 
235.154, 27.6068
133.864, 66.8686
PARTICLE 3: 
26.3664, 82.1802
6.12657, 78.7451
PARTICLE 4: 
285.946, 44.8135
135.899, 34.1203
PARTICLE 5: 
33.7104, 23.057
39.6918, 46.2469
PARTICLE 6: 
28.3167, 11.2935
23.1897, 21.8729
PARTICLE 7: 
134.222, 163.607
136.612, 56.424
PARTICLE 8: 
130.91, 36.8906
132.562, 48.208
PARTICLE 9: 
108.37, 79.7627
184.278, 162.803
PARTICLE 10: 
85.3123, 116.404
80.5259, 69.0685
PARTICLE 11: 
39.4952, 88.0419
113.349, 149.165
PARTICLE 12: 
83.2265, 25.0994
95.0764, 14.0478
PARTICLE 13: 
113.489, 234.363
113.719, 103.781
PARTICLE 14: 
175.469, 65.3103
112.672, 12.8667
PARTICLE 15: 
54.0602, 40.8126
35.6618, 112.285
PARTICLE 16: 
152.118, 23.6184
226.683, 65.3449
PARTICLE 17: 
88.67, 22.2881
19.0969, 30.8083
PARTICLE 18: 
37.1687, 101.217
80.9875, 189.223
PARTICLE 19: 
26.7872, 103.046
151.674, 66.2127
PARTICLE 20: 
128.747, 67.0286
177.833, 51.6906
Nodes Positions: 
92.9915, 273.097
32.2604, 80.9649
186.439, 21.4685
285.925, 42.0024
364.352, 315.862
375.382, 230.834
101.972, 100.86
387.545, 383.682
300.223, 303.649
220.835, 153.773
24.3754, 79.0104
322.758, 59.3459
118.216, 293.078
4.42529, 344.541
354.899, 249.111
182.061, 387.28
397.557, 353.675
168.322, 178.155
152.983, 287.297
18.8706, 26.2788
107.566, 5.28339
44.234, 331.547
9.39001, 119.958
128.947, 104.529
73.5388, 93.3313
232.49, 373.141
146.937, 52.5783
208.874, 71.1763
335.919, 256.48
289.935, 33.3853
317.587, 222.811
351.397, 206.462
225.722, 337.954
311.004, 123.757
162.359, 166.459
84.9836, 199.124
52.9169, 363.061
267.504, 305.941
60.7962, 270.268
277.892, 191.855
121.832, 237.266
258.864, 393.675
66.1151, 138.278
195.033, 129.723
383.112, 247.063
143.791, 147.971
251.711, 10.3451
247.159, 325.627
201.409, 210.953
339.649, 170.468
All particles start with velocity zero
-- ITERATION 0 --
-------------
Particle: 1:
Relays Coordinates:
117.782, 45.8748
152.721, 49.42
Evaluation Time: 1.02211 seconds
Resulting Fitness: 0.423333
New local best!
New global best!
-------------
Particle: 2:
Relays Coordinates:
235.154, 27.6068
133.864, 66.8686
Evaluation Time: 1.04787 seconds
Resulting Fitness: 0.483333
New local best!
New global best!
-------------
Particle: 3:
Relays Coordinates:
26.3664, 82.1802
6.12657, 78.7451
Evaluation Time: 0.907623 seconds
Resulting Fitness: 0.256667
New local best!
-------------
Particle: 4:
Relays Coordinates:
285.946, 44.8135
135.899, 34.1203
Evaluation Time: 1.0801 seconds
Resulting Fitness: 0.48
New local best!
-------------
Particle: 5:
Relays Coordinates:
33.7104, 23.057
39.6918, 46.2469
Evaluation Time: 0.936879 seconds
Resulting Fitness: 0.256667
New local best!
-------------
Particle: 6:
Relays Coordinates:
28.3167, 11.2935
23.1897, 21.8729
Evaluation Time: 0.884721 seconds
Resulting Fitness: 0.22
New local best!
-------------
Particle: 7:
Relays Coordinates:
134.222, 163.607
136.612, 56.424
Evaluation Time: 1.15725 seconds
Resulting Fitness: 0.56
New local best!
New global best!
-------------
Particle: 8:
Relays Coordinates:
130.91, 36.8906
132.562, 48.208
Evaluation Time: 1.05371 seconds
Resulting Fitness: 0.42
New local best!
-------------
Particle: 9:
Relays Coordinates:
108.37, 79.7627
184.278, 162.803
Evaluation Time: 1.3049 seconds
Resulting Fitness: 0.583333
New local best!
New global best!
-------------
Particle: 10:
Relays Coordinates:
85.3123, 116.404
80.5259, 69.0685
Evaluation Time: 1.06429 seconds
Resulting Fitness: 0.43
New local best!
-------------
Particle: 11:
Relays Coordinates:
39.4952, 88.0419
113.349, 149.165
Evaluation Time: 1.08619 seconds
Resulting Fitness: 0.48
New local best!
-------------
Particle: 12:
Relays Coordinates:
83.2265, 25.0994
95.0764, 14.0478
Evaluation Time: 0.935659 seconds
Resulting Fitness: 0.306667
New local best!
-------------
Particle: 13:
Relays Coordinates:
113.489, 234.363
113.719, 103.781
Evaluation Time: 1.2446 seconds
Resulting Fitness: 0.553333
New local best!
-------------
Particle: 14:
Relays Coordinates:
175.469, 65.3103
112.672, 12.8667
Evaluation Time: 1.13076 seconds
Resulting Fitness: 0.48
New local best!
-------------
Particle: 15:
Relays Coordinates:
54.0602, 40.8126
35.6618, 112.285
Evaluation Time: 0.951919 seconds
Resulting Fitness: 0.36
New local best!
-------------
Particle: 16:
Relays Coordinates:
152.118, 23.6184
226.683, 65.3449
Evaluation Time: 1.09935 seconds
Resulting Fitness: 0.49
New local best!
-------------
Particle: 17:
Relays Coordinates:
88.67, 22.2881
19.0969, 30.8083
Evaluation Time: 0.920356 seconds
Resulting Fitness: 0.303333
New local best!
-------------
Particle: 18:
Relays Coordinates:
37.1687, 101.217
80.9875, 189.223
Evaluation Time: 1.08236 seconds
Resulting Fitness: 0.463333
New local best!
-------------
Particle: 19:
Relays Coordinates:
26.7872, 103.046
151.674, 66.2127
Evaluation Time: 1.10665 seconds
Resulting Fitness: 0.45
New local best!
-------------
Particle: 20:
Relays Coordinates:
128.747, 67.0286
177.833, 51.6906
Evaluation Time: 1.06309 seconds
Resulting Fitness: 0.476667
New local best!
Current global best fitness: 0.583333
Current global best relays: 108.37, 79.7627
184.278, 162.803
Particle 1 new velocities: -7.08518, 43.5886
40.9068, 55.8224
Particle 2 new velocities: -96.222, 63.1978
50.2211, 37.9743
Particle 3 new velocities: 65.2553, -0.112196
12.8171, 101.509
Particle 4 new velocities: -45.7853, 18.2403
0.640554, 41.7824
Particle 5 new velocities: 80.6937, 55.0082
67.3144, 94.6706
Particle 6 new velocities: 54.4019, 77.3599
200.24, 114.7
Particle 7 new velocities: -10.5151, -34.9273
40.7155, 77.7033
Particle 8 new velocities: -18.8535, 39.6204
4.82866, 96.1848
Particle 9 new velocities: 0, 0
0, 0
Particle 10 new velocities: 9.35677, -38.0049
73.1878, 63.3293
Particle 11 new velocities: 50.7975, -0.206329
69.2635, 3.92903
Particle 12 new velocities: 28.1415, 4.16048
66.5582, 101.137
Particle 13 new velocities: -2.15605, -17.8787
56.5389, 47.9869
Particle 14 new velocities: -42.8315, 14.4688
3.89425, 192.35
Particle 15 new velocities: 19.1135, 7.97642
185.098, 18.0858
Particle 16 new velocities: -24.8321, 21.812
-52.1997, 102.663
Particle 17 new velocities: 14.6653, 16.0636
34.6468, 118.651
Particle 18 new velocities: 22.0456, -21.2404
39.4847, -6.97636
Particle 19 new velocities: 24.3781, -6.81924
8.97993, 69.2565
Particle 20 new velocities: -24.3214, 13.4185
6.80068, 72.4725
-- ITERATION 1 --
-------------
Particle: 1:
Relays Coordinates:
110.697, 89.4634
193.627, 105.242
Evaluation Time: 1.11978 seconds
Resulting Fitness: 0.533333
New local best!
-------------
Particle: 2:
Relays Coordinates:
125.039, 81.7241
165.677, 94.3586
Evaluation Time: 1.08599 seconds
Resulting Fitness: 0.513333
New local best!
-------------
Particle: 3:
Relays Coordinates:
91.6217, 82.068
18.9437, 180.255
Evaluation Time: 1.05345 seconds
Resulting Fitness: 0.463333
New local best!
-------------
Particle: 4:
Relays Coordinates:
216.144, 56.7484
122.886, 68.3124
Evaluation Time: 1.11596 seconds
Resulting Fitness: 0.51
New local best!
-------------
Particle: 5:
Relays Coordinates:
114.404, 78.0651
107.006, 140.918
Evaluation Time: 1.1257 seconds
Resulting Fitness: 0.5
New local best!
-------------
Particle: 6:
Relays Coordinates:
82.7186, 88.6534
223.429, 136.573
Evaluation Time: 1.27739 seconds
Resulting Fitness: 0.58
New local best!
-------------
Particle: 7:
Relays Coordinates:
100.202, 104.231
143.635, 108.643
Evaluation Time: 1.10926 seconds
Resulting Fitness: 0.46
-------------
Particle: 8:
Relays Coordinates:
112.057, 76.5109
137.391, 144.393
Evaluation Time: 1.12701 seconds
Resulting Fitness: 0.52
New local best!
-------------
Particle: 9:
Relays Coordinates:
108.37, 79.7627
184.278, 162.803
Evaluation Time: 1.26845 seconds
Resulting Fitness: 0.583333
-------------
Particle: 10:
Relays Coordinates:
94.6691, 78.3996
153.714, 132.398
Evaluation Time: 1.14943 seconds
Resulting Fitness: 0.52
New local best!
-------------
Particle: 11:
Relays Coordinates:
90.2927, 87.8356
182.613, 153.094
Evaluation Time: 1.2324 seconds
Resulting Fitness: 0.56
New local best!
-------------
Particle: 12:
Relays Coordinates:
111.368, 29.2598
161.635, 115.185
Evaluation Time: 1.15148 seconds
Resulting Fitness: 0.5
New local best!
-------------
Particle: 13:
Relays Coordinates:
73.0458, 142.036
111.706, 99.5749
Evaluation Time: 0.985687 seconds
Resulting Fitness: 0.47
-------------
Particle: 14:
Relays Coordinates:
132.638, 79.7791
116.566, 205.217
Evaluation Time: 1.14133 seconds
Resulting Fitness: 0.533333
New local best!
-------------
Particle: 15:
Relays Coordinates:
65.8563, 43.9101
198.684, 117.334
Evaluation Time: 1.10261 seconds
Resulting Fitness: 0.543333
New local best!
-------------
Particle: 16:
Relays Coordinates:
127.286, 45.4304
174.484, 168.008
Evaluation Time: 1.16012 seconds
Resulting Fitness: 0.58
New local best!
-------------
Particle: 17:
Relays Coordinates:
103.335, 38.3517
53.7437, 149.46
Evaluation Time: 1.01817 seconds
Resulting Fitness: 0.453333
New local best!
-------------
Particle: 18:
Relays Coordinates:
59.2143, 79.9766
120.472, 182.247
Evaluation Time: 1.02292 seconds
Resulting Fitness: 0.5
New local best!
-------------
Particle: 19:
Relays Coordinates:
51.1653, 96.227
160.653, 135.469
Evaluation Time: 1.20404 seconds
Resulting Fitness: 0.546667
New local best!
-------------
Particle: 20:
Relays Coordinates:
104.425, 80.4471
184.634, 124.163
Evaluation Time: 1.15872 seconds
Resulting Fitness: 0.546667
New local best!
Current global best fitness: 0.583333
Current global best relays: 108.37, 79.7627
184.278, 162.803
Particle 1 new velocities: -8.04548, 32.1191
31.1837, 86.2788
Particle 2 new velocities: -86.7468, 48.5226
50.4954, 94.6372
Particle 3 new velocities: 61.9169, -2.29865
82.7585, 66.4217
Particle 4 new velocities: -43.0452, 37.503
53.555, 77.3109
Particle 5 new velocities: 58.6527, 44.652
108.649, 85.3053
Particle 6 new velocities: 62.3145, 51.7874
145.752, 115.08
Particle 7 new velocities: 54.6923, 55.3572
59.4635, 2.99083
Particle 8 new velocities: -17.8404, 33.7592
37.4682, 90.7243
Particle 9 new velocities: 0, 0
0, 0
Particle 10 new velocities: 19.519, -30.3278
84.1811, 88.7683
Particle 11 new velocities: 60.4053, -10.6049
56.3195, 11.6823
Particle 12 new velocities: 18.747, 28.3801
82.4259, 109.913
Particle 13 new velocities: 19.9689, 121.112
87.0922, 61.2137
Particle 14 new velocities: -45.5949, 11.561
52.65, 150.158
Particle 15 new velocities: 24.0483, 26.4136
141.41, 58.3211
Particle 16 new velocities: -28.456, 46.0929
-36.5757, 81.2699
Particle 17 new velocities: 14.0095, 43.0552
66.9691, 106.747
Particle 18 new velocities: 27.3632, -17.2633
82.5792, -21.3693
Particle 19 new velocities: 50.941, -14.4653
17.1621, 84.2951
Particle 20 new velocities: -16.6294, 10.0491
5.21322, 100.423
-- ITERATION 2 --
-------------
Particle: 1:
Relays Coordinates:
92.3861, 109.424
202.33, 172.369
Evaluation Time: 1.33647 seconds
Resulting Fitness: 0.626667
New local best!
New global best!
-------------
Particle: 2:
Relays Coordinates:
31.0165, 105.5
175.099, 153.087
Evaluation Time: 1.27039 seconds
Resulting Fitness: 0.543333
New local best!
-------------
Particle: 3:
Relays Coordinates:
124.366, 64.6132
82.3788, 199.808
Evaluation Time: 1.16137 seconds
Resulting Fitness: 0.55
New local best!
-------------
Particle: 4:
Relays Coordinates:
126.189, 68.7093
128.625, 106.159
Evaluation Time: 1.09143 seconds
Resulting Fitness: 0.44
-------------
Particle: 5:
Relays Coordinates:
126.158, 89.4608
157.213, 164.916
Evaluation Time: 1.17254 seconds
Resulting Fitness: 0.536667
New local best!
-------------
Particle: 6:
Relays Coordinates:
85.6406, 82.9289
217.998, 148.599
Evaluation Time: 1.29249 seconds
Resulting Fitness: 0.613333
New local best!
-------------
Particle: 7:
Relays Coordinates:
101.626, 104.706
133.253, 73.243
Evaluation Time: 1.04564 seconds
Resulting Fitness: 0.456667
-------------
Particle: 8:
Relays Coordinates:
94.2165, 110.27
174.859, 235.117
Evaluation Time: 1.29805 seconds
Resulting Fitness: 0.656667
New local best!
New global best!
-------------
Particle: 9:
Relays Coordinates:
108.37, 79.7627
184.278, 162.803
Evaluation Time: 1.26136 seconds
Resulting Fitness: 0.583333
-------------
Particle: 10:
Relays Coordinates:
74.9188, 31.5399
156.083, 145.107
Evaluation Time: 1.09437 seconds
Resulting Fitness: 0.53
New local best!
-------------
Particle: 11:
Relays Coordinates:
135.628, 69.5076
215.039, 148.298
Evaluation Time: 1.23541 seconds
Resulting Fitness: 0.566667
New local best!
-------------
Particle: 12:
Relays Coordinates:
94.8539, 42.0195
177.92, 164.096
Evaluation Time: 1.26356 seconds
Resulting Fitness: 0.57
New local best!
-------------
Particle: 13:
Relays Coordinates:
54.9243, 155.386
117.389, 94.944
Evaluation Time: 1.02153 seconds
Resulting Fitness: 0.483333
-------------
Particle: 14:
Relays Coordinates:
46.2582, 48.5418
89.9285, 188.86
Evaluation Time: 1.03724 seconds
Resulting Fitness: 0.486667
-------------
Particle: 15:
Relays Coordinates:
47.779, 37.3729
180.74, 93.3502
Evaluation Time: 1.0694 seconds
Resulting Fitness: 0.52
-------------
Particle: 16:
Relays Coordinates:
88.947, 82.3709
124.117, 224.35
Evaluation Time: 1.15653 seconds
Resulting Fitness: 0.58
-------------
Particle: 17:
Relays Coordinates:
95.0493, 65.9396
97.7773, 207.527
Evaluation Time: 1.08882 seconds
Resulting Fitness: 0.523333
New local best!
-------------
Particle: 18:
Relays Coordinates:
86.5775, 62.7133
203.051, 160.877
Evaluation Time: 1.27889 seconds
Resulting Fitness: 0.616667
New local best!
-------------
Particle: 19:
Relays Coordinates:
91.8957, 73.5856
160.034, 197.788
Evaluation Time: 1.13256 seconds
Resulting Fitness: 0.56
New local best!
-------------
Particle: 20:
Relays Coordinates:
79.0162, 81.4466
170.862, 202.127
Evaluation Time: 1.19203 seconds
Resulting Fitness: 0.603333
New local best!
Current global best fitness: 0.656667
Current global best relays: 94.2165, 110.27
174.859, 235.117
Particle 1 new velocities: -5.03295, 26.599
10.8466, 121.582
Particle 2 new velocities: 10.2395, 41.394
40.0978, 172.959
Particle 3 new velocities: 26.7445, 21.6282
181.012, 77.1576
Particle 4 new velocities: 70.4173, 54.9351
90.969, 39.4147
Particle 5 new velocities: 13.4667, 44.4607
109.794, 90.3142
Particle 6 new velocities: 50.8619, 61.5103
109.107, 114.393
Particle 7 new velocities: 71.0527, 93.3449
65.5335, 135.466
Particle 8 new velocities: -14.2723, 27.0074
29.9746, 72.5794
Particle 9 new velocities: -10.2823, 3.87664
-5.02675, 87.9682
Particle 10 new velocities: 37.119, 64.3029
89.8177, 107.508
Particle 11 new velocities: -1.95364, 24.8548
43.275, 69.2674
Particle 12 new velocities: 14.8292, 30.9702
62.83, 168.519
Particle 13 new velocities: 77.943, 156.727
87.6213, 236.13
Particle 14 new velocities: 53.3254, 55.5383
159.559, 169.346
Particle 15 new velocities: 86.99, 117.043
118.345, 184.679
Particle 16 new velocities: 6.19354, 48.0831
43.7563, 32.4127
Particle 17 new velocities: 10.1679, 35.2728
131.611, 88.9742
Particle 18 new velocities: 29.7368, -10.3981
35.0068, 71.3103
Particle 19 new velocities: 42.3574, 35.8229
27.6767, 99.2052
Particle 20 new velocities: -2.31376, 26.2423
6.38024, 106.668
-- ITERATION 3 --
-------------
Particle: 1:
Relays Coordinates:
63.6804, 99.1609
155.406, 214.29
Evaluation Time: 1.2099 seconds
Resulting Fitness: 0.573333
-------------
Particle: 2:
Relays Coordinates:
24.3612, 86.7393
127.072, 192.527
Evaluation Time: 1.16257 seconds
Resulting Fitness: 0.496667
-------------
Particle: 3:
Relays Coordinates:
99.1437, 56.583
172.811, 181.717
Evaluation Time: 1.2352 seconds
Resulting Fitness: 0.58
New local best!
-------------
Particle: 4:
Relays Coordinates:
128.994, 81.1231
144.076, 95.5111
Evaluation Time: 1.07268 seconds
Resulting Fitness: 0.463333
-------------
Particle: 5:
Relays Coordinates:
101.787, 97.6288
194.648, 186.063
Evaluation Time: 1.28751 seconds
Resulting Fitness: 0.62
New local best!
-------------
Particle: 6:
Relays Coordinates:
89.5593, 94.7666
214.613, 172.549
Evaluation Time: 1.25768 seconds
Resulting Fitness: 0.646667
New local best!
-------------
Particle: 7:
Relays Coordinates:
91.7687, 105.252
105.643, 110.917
Evaluation Time: 0.98124 seconds
Resulting Fitness: 0.413333
-------------
Particle: 8:
Relays Coordinates:
58.2793, 100.075
149.323, 224.311
Evaluation Time: 1.16066 seconds
Resulting Fitness: 0.586667
-------------
Particle: 9:
Relays Coordinates:
79.4507, 67.7479
145.194, 203.125
Evaluation Time: 1.1235 seconds
Resulting Fitness: 0.563333
-------------
Particle: 10:
Relays Coordinates:
81.6756, 69.8694
179.261, 184.156
Evaluation Time: 1.1926 seconds
Resulting Fitness: 0.613333
New local best!
-------------
Particle: 11:
Relays Coordinates:
108.276, 76.4336
209.234, 176.228
Evaluation Time: 1.32331 seconds
Resulting Fitness: 0.676667
New local best!
New global best!
-------------
Particle: 12:
Relays Coordinates:
58.2901, 38.7897
127.944, 176.766
Evaluation Time: 1.11009 seconds
Resulting Fitness: 0.49
-------------
Particle: 13:
Relays Coordinates:
57.195, 134.354
88.2501, 142.516
Evaluation Time: 1.02442 seconds
Resulting Fitness: 0.48
-------------
Particle: 14:
Relays Coordinates:
47.6305, 49.7812
119.329, 171.329
Evaluation Time: 1.0372 seconds
Resulting Fitness: 0.5
-------------
Particle: 15:
Relays Coordinates:
98.2466, 112.569
218.033, 202.683
Evaluation Time: 1.51309 seconds
Resulting Fitness: 0.683333
New local best!
New global best!
-------------
Particle: 16:
Relays Coordinates:
85.6265, 117.409
151.086, 231.086
Evaluation Time: 1.15754 seconds
Resulting Fitness: 0.61
New local best!
-------------
Particle: 17:
Relays Coordinates:
69.033, 66.4054
150.502, 194.535
Evaluation Time: 1.11192 seconds
Resulting Fitness: 0.53
New local best!
-------------
Particle: 18:
Relays Coordinates:
76.3138, 34.324
156.19, 152.338
Evaluation Time: 1.10893 seconds
Resulting Fitness: 0.523333
-------------
Particle: 19:
Relays Coordinates:
97.8705, 79.7588
136.841, 216.508
Evaluation Time: 1.20536 seconds
Resulting Fitness: 0.58
New local best!
-------------
Particle: 20:
Relays Coordinates:
50.3245, 70.6547
116.289, 202.6
Evaluation Time: 1.0993 seconds
Resulting Fitness: 0.506667
Current global best fitness: 0.683333
Current global best relays: 98.2466, 112.569
218.033, 202.683
Particle 1 new velocities: 47.6405, 33.3422
95.9021, 20.7587
Particle 2 new velocities: 94.7755, 72.7483
179.641, 80.4012
Particle 3 new velocities: 21.0135, 42.3178
191.063, 75.1167
Particle 4 new velocities: 80.5732, 43.7921
90.9836, 94.4412
Particle 5 new velocities: 8.55522, 52.8382
112.975, 80.4122
Particle 6 new velocities: 41.6255, 71.3362
89.7326, 102.068
Particle 7 new velocities: 88.009, 144.106
104.651, 70.6153
Particle 8 new velocities: 21.1685, 38.1005
59.7421, 65.0314
Particle 9 new velocities: 50.9383, 24.4534
37.4271, 9.70118
Particle 10 new velocities: 45.1518, 83.808
114.393, 88.499
Particle 11 new velocities: -11.8406, 56.0181
40.6362, 69.3954
Particle 12 new velocities: 98.9534, 121.149
176.566, 145.334
Particle 13 new velocities: 118.325, 137.007
166.283, 195.667
Particle 14 new velocities: 116.169, 79.5956
218.154, 196.436
Particle 15 new velocities: 69.592, 93.6343
94.6763, 147.743
Particle 16 new velocities: 11.7773, 36.008
85.4372, -2.53915
Particle 17 new velocities: 28.6546, 69.4179
123.11, 72.1645
Particle 18 new velocities: 48.2754, 92.9663
87.228, 103.551
Particle 19 new velocities: 34.049, 38.9629
34.3777, 76.1981
Particle 20 new velocities: 16.8399, 59.6992
158.826, 85.3471
-- ITERATION 4 --
-------------
Particle: 1:
Relays Coordinates:
90.17, 107.328
203.559, 190.389
Evaluation Time: 1.26123 seconds
Resulting Fitness: 0.663333
New local best!
-------------
Particle: 2:
Relays Coordinates:
78.1656, 104.64
201.234, 179.068
Evaluation Time: 1.28744 seconds
Resulting Fitness: 0.653333
New local best!
-------------
Particle: 3:
Relays Coordinates:
63.8565, 52.5599
193.377, 136.492
Evaluation Time: 1.23565 seconds
Resulting Fitness: 0.553333
-------------
Particle: 4:
Relays Coordinates:
123.747, 73.7612
138.8, 112.165
Evaluation Time: 1.03262 seconds
Resulting Fitness: 0.463333
-------------
Particle: 5:
Relays Coordinates:
72.3953, 98.7214
201.832, 174.834
Evaluation Time: 1.2522 seconds
Resulting Fitness: 0.626667
New local best!
-------------
Particle: 6:
Relays Coordinates:
95.6337, 121.089
221.868, 200.196
Evaluation Time: 1.34003 seconds
Resulting Fitness: 0.673333
New local best!
-------------
Particle: 7:
Relays Coordinates:
95.5412, 132.519
111.759, 96.4736
Evaluation Time: 1.02942 seconds
Resulting Fitness: 0.47
-------------
Particle: 8:
Relays Coordinates:
57.9174, 100.73
152.409, 210.93
Evaluation Time: 1.17497 seconds
Resulting Fitness: 0.576667
-------------
Particle: 9:
Relays Coordinates:
117.35, 82.9811
164.359, 191.543
Evaluation Time: 1.23774 seconds
Resulting Fitness: 0.573333
-------------
Particle: 10:
Relays Coordinates:
92.4572, 112.031
214.074, 198.766
Evaluation Time: 1.31734 seconds
Resulting Fitness: 0.683333
New local best!
-------------
Particle: 11:
Relays Coordinates:
78.113, 107.286
202.395, 198.955
Evaluation Time: 1.32514 seconds
Resulting Fitness: 0.676667
-------------
Particle: 12:
Relays Coordinates:
103.167, 104.936
199.789, 211.329
Evaluation Time: 1.3377 seconds
Resulting Fitness: 0.696667
New local best!
New global best!
-------------
Particle: 13:
Relays Coordinates:
83.9506, 129.791
121.742, 161.752
Evaluation Time: 1.1214 seconds
Resulting Fitness: 0.493333
-------------
Particle: 14:
Relays Coordinates:
78.3448, 61.8805
161.417, 175.901
Evaluation Time: 1.1683 seconds
Resulting Fitness: 0.516667
-------------
Particle: 15:
Relays Coordinates:
89.1963, 109.585
166.187, 186.231
Evaluation Time: 1.181 seconds
Resulting Fitness: 0.56
-------------
Particle: 16:
Relays Coordinates:
78.8971, 124.267
191.584, 185.123
Evaluation Time: 1.33121 seconds
Resulting Fitness: 0.623333
New local best!
-------------
Particle: 17:
Relays Coordinates:
64.0928, 89.1137
179.517, 174.981
Evaluation Time: 1.27836 seconds
Resulting Fitness: 0.57
New local best!
-------------
Particle: 18:
Relays Coordinates:
100.917, 103.105
197.168, 207.27
Evaluation Time: 1.22555 seconds
Resulting Fitness: 0.68
New local best!
-------------
Particle: 19:
Relays Coordinates:
106.855, 96.1646
138.687, 237.092
Evaluation Time: 1.22625 seconds
Resulting Fitness: 0.62
New local best!
-------------
Particle: 20:
Relays Coordinates:
39.6599, 76.9727
162.453, 170.03
Evaluation Time: 1.20913 seconds
Resulting Fitness: 0.516667
Current global best fitness: 0.696667
Current global best relays: 103.167, 104.936
199.789, 211.329
Particle 1 new velocities: 50.053, 25.012
73.9611, 27.527
Particle 2 new velocities: 102.706, 58.5638
142.212, 100.945
Particle 3 new velocities: 71.4163, 75.2442
123.156, 160.767
Particle 4 new velocities: 112.844, 43.8087
138.689, 172.163
Particle 5 new velocities: 13.6489, 44.2944
90.1815, 69.8806
Particle 6 new velocities: 39.0967, 42.2972
60.905, 87.5242
Particle 7 new velocities: 86.9874, 115.826
160.129, 125.359
Particle 8 new velocities: 75.9457, 40.8225
102.161, 52.6429
Particle 9 new velocities: 23.2358, 25.3349
79.9489, 12.3828
Particle 10 new velocities: 45.026, 61.8389
82.6671, 83.0473
Particle 11 new velocities: 3.17599, 13.7331
38.1882, 56.3744
Particle 12 new velocities: 79.1627, 96.9195
141.252, 116.267
Particle 13 new velocities: 129.186, 112.948
128.609, 209.085
Particle 14 new velocities: 120.353, 88.4393
120.994, 181.921
Particle 15 new velocities: 70.6204, 71.6279
181.493, 154.044
Particle 16 new velocities: 23.7471, 13.4592
76.5772, -0.598419
Particle 17 new velocities: 40.7752, 60.6598
108.511, 73.3858
Particle 18 new velocities: 39.1158, 75.2455
69.9951, 83.4896
Particle 19 new velocities: 25.9285, 33.5565
81.95, 29.2537
Particle 20 new velocities: 129.522, 80.8349
139.98, 132.19
-- ITERATION 5 --
-------------
Particle: 1:
Relays Coordinates:
102.223, 96.4755
202.312, 158.861
Evaluation Time: 1.23939 seconds
Resulting Fitness: 0.613333
-------------
Particle: 2:
Relays Coordinates:
106.803, 96.3701
202.802, 165.345
Evaluation Time: 1.3256 seconds
Resulting Fitness: 0.613333
-------------
Particle: 3:
Relays Coordinates:
79.8773, 75.4671
186.91, 175.529
Evaluation Time: 1.23885 seconds
Resulting Fitness: 0.596667
New local best!
-------------
Particle: 4:
Relays Coordinates:
125.734, 62.4815
147.469, 151.103
Evaluation Time: 1.0898 seconds
Resulting Fitness: 0.556667
New local best!
-------------
Particle: 5:
Relays Coordinates:
56.4536, 93.8327
191.59, 160.558
Evaluation Time: 1.21291 seconds
Resulting Fitness: 0.573333
-------------
Particle: 6:
Relays Coordinates:
98.2185, 119.108
206.142, 209.748
Evaluation Time: 1.28281 seconds
Resulting Fitness: 0.686667
New local best!
-------------
Particle: 7:
Relays Coordinates:
87.3029, 118.783
130.043, 106.102
Evaluation Time: 1.1037 seconds
Resulting Fitness: 0.466667
-------------
Particle: 8:
Relays Coordinates:
97.5862, 103.192
185.582, 192.145
Evaluation Time: 1.26978 seconds
Resulting Fitness: 0.636667
-------------
Particle: 9:
Relays Coordinates:
113.874, 87.736
197.889, 165.18
Evaluation Time: 1.22301 seconds
Resulting Fitness: 0.613333
New local best!
-------------
Particle: 10:
Relays Coordinates:
90.2027, 114.076
194.692, 184.897
Evaluation Time: 1.20831 seconds
Resulting Fitness: 0.616667
-------------
Particle: 11:
Relays Coordinates:
59.2597, 88.2228
175.385, 186.135
Evaluation Time: 1.29613 seconds
Resulting Fitness: 0.596667
-------------
Particle: 12:
Relays Coordinates:
96.8977, 107.274
181.243, 174.098
Evaluation Time: 1.32286 seconds
Resulting Fitness: 0.57
-------------
Particle: 13:
Relays Coordinates:
101.943, 116.102
119.742, 177.37
Evaluation Time: 1.14716 seconds
Resulting Fitness: 0.473333
-------------
Particle: 14:
Relays Coordinates:
117.329, 88.7624
166.761, 211.29
Evaluation Time: 1.26153 seconds
Resulting Fitness: 0.573333
New local best!
-------------
Particle: 15:
Relays Coordinates:
94.3702, 107.004
205.301, 200.929
Evaluation Time: 1.40484 seconds
Resulting Fitness: 0.68
-------------
Particle: 16:
Relays Coordinates:
92.3798, 123.954
241.345, 166.072
Evaluation Time: 1.32863 seconds
Resulting Fitness: 0.636667
New local best!
-------------
Particle: 17:
Relays Coordinates:
76.4488, 109.185
209.972, 181.06
Evaluation Time: 1.34151 seconds
Resulting Fitness: 0.66
New local best!
-------------
Particle: 18:
Relays Coordinates:
91.8756, 117.016
175.286, 190.768
Evaluation Time: 1.21059 seconds
Resulting Fitness: 0.616667
-------------
Particle: 19:
Relays Coordinates:
107.554, 105.074
178.716, 215.74
Evaluation Time: 1.2429 seconds
Resulting Fitness: 0.626667
New local best!
-------------
Particle: 20:
Relays Coordinates:
111, 103.538
198.426, 198.287
Evaluation Time: 1.26803 seconds
Resulting Fitness: 0.666667
New local best!
Current global best fitness: 0.696667
Current global best relays: 103.167, 104.936
199.789, 211.329
Particle 1 new velocities: 30.9398, 39.6185
58.9321, 73.0549
Particle 2 new velocities: 39.692, 53.2271
110.655, 106.813
Particle 3 new velocities: 77.0749, 78.5999
112.909, 153.962
Particle 4 new velocities: 89.7435, 41.3542
113.875, 164.403
Particle 5 new velocities: 56.3391, 44.6726
86.6873, 67.1392
Particle 6 new velocities: 35.317, 27.9782
44.0703, 71.6836
Particle 7 new velocities: 145.894, 114.459
154.226, 132.319
Particle 8 new velocities: 60.6494, 42.282
79.0008, 113.6
Particle 9 new velocities: 17.5055, 23.5025
63.9868, 21.0662
Particle 10 new velocities: 49.6394, 45.7681
81.2514, 91.069
Particle 11 new velocities: 56.2222, 3.31078
99.0156, 54.7723
Particle 12 new velocities: 69.6018, 74.7301
138.614, 149.337
Particle 13 new velocities: 115.898, 131.289
138.416, 79.8955
Particle 14 new velocities: 90.9952, 80.7272
124.538, 145.587
Particle 15 new velocities: 63.8975, 55.7396
149.996, 129.44
Particle 16 new velocities: 24.6698, -5.14388
19.1492, 52.7539
Particle 17 new velocities: 40.4428, 47.265
79.6484, 97.7639
Particle 18 new velocities: 35.8296, 42.2231
72.1363, 97.6696
Particle 19 new velocities: 16.8389, 26.7997
68.0719, 22.3465
Particle 20 new velocities: 98.5768, 65.4018
113.487, 115.007
-- ITERATION 6 --
-------------
Particle: 1:
Relays Coordinates:
107.862, 110.236
211.608, 187.852
Evaluation Time: 1.35739 seconds
Resulting Fitness: 0.63
-------------
Particle: 2:
Relays Coordinates:
106.795, 109.056
228.51, 198.403
Evaluation Time: 1.37579 seconds
Resulting Fitness: 0.683333
New local best!
-------------
Particle: 3:
Relays Coordinates:
102.976, 101.083
196.711, 216.179
Evaluation Time: 1.30807 seconds
Resulting Fitness: 0.7
New local best!
New global best!
-------------
Particle: 4:
Relays Coordinates:
127.237, 61.3139
154.321, 186.303
Evaluation Time: 1.15898 seconds
Resulting Fitness: 0.55
-------------
Particle: 5:
Relays Coordinates:
91.3621, 112.189
225.405, 184.434
Evaluation Time: 1.31223 seconds
Resulting Fitness: 0.676667
New local best!
-------------
Particle: 6:
Relays Coordinates:
97.3473, 107.226
182.405, 205.164
Evaluation Time: 1.22825 seconds
Resulting Fitness: 0.646667
-------------
Particle: 7:
Relays Coordinates:
100.384, 100.403
122.368, 102.632
Evaluation Time: 1.00402 seconds
Resulting Fitness: 0.416667
-------------
Particle: 8:
Relays Coordinates:
103.818, 95.4454
173.593, 200.599
Evaluation Time: 1.18071 seconds
Resulting Fitness: 0.606667
-------------
Particle: 9:
Relays Coordinates:
118.242, 100.115
235.688, 167.622
Evaluation Time: 1.31907 seconds
Resulting Fitness: 0.61
-------------
Particle: 10:
Relays Coordinates:
101.945, 116.526
201.163, 201.18
Evaluation Time: 1.29539 seconds
Resulting Fitness: 0.66
-------------
Particle: 11:
Relays Coordinates:
75.7677, 60.0552
180.034, 158.059
Evaluation Time: 1.17002 seconds
Resulting Fitness: 0.553333
-------------
Particle: 12:
Relays Coordinates:
98.3163, 107.472
188.873, 190.985
Evaluation Time: 1.23603 seconds
Resulting Fitness: 0.646667
-------------
Particle: 13:
Relays Coordinates:
93.7734, 106.494
111.129, 110.744
Evaluation Time: 1.00427 seconds
Resulting Fitness: 0.403333
-------------
Particle: 14:
Relays Coordinates:
110.712, 90.0737
154.808, 189.659
Evaluation Time: 1.13558 seconds
Resulting Fitness: 0.526667
-------------
Particle: 15:
Relays Coordinates:
93.4555, 96.0987
209.8, 195.079
Evaluation Time: 1.29437 seconds
Resulting Fitness: 0.653333
-------------
Particle: 16:
Relays Coordinates:
94.8102, 96.2362
211, 177.249
Evaluation Time: 1.25409 seconds
Resulting Fitness: 0.66
New local best!
-------------
Particle: 17:
Relays Coordinates:
85.214, 114.052
211.133, 203.262
Evaluation Time: 1.27428 seconds
Resulting Fitness: 0.686667
New local best!
-------------
Particle: 18:
Relays Coordinates:
93.0971, 116.085
180.371, 210.271
Evaluation Time: 1.25443 seconds
Resulting Fitness: 0.626667
-------------
Particle: 19:
Relays Coordinates:
100.759, 106.818
199.898, 192.85
Evaluation Time: 1.30366 seconds
Resulting Fitness: 0.66
New local best!
-------------
Particle: 20:
Relays Coordinates:
111.378, 89.7813
165.763, 166.497
Evaluation Time: 1.15598 seconds
Resulting Fitness: 0.523333
Current global best fitness: 0.7
Current global best relays: 102.976, 101.083
196.711, 216.179
Particle 1 new velocities: 21.3103, 25.3779
25.9272, 64.5629
Particle 2 new velocities: 29.0655, 35.9937
78.3266, 91.6005
Particle 3 new velocities: 61.6599, 62.8799
90.3275, 123.17
Particle 4 new velocities: 57.2521, 40.4644
119.568, 151.67
Particle 5 new velocities: 49.5627, 21.9843
64.2623, 90.1391
Particle 6 new velocities: 32.7567, 35.0653
54.5989, 74.2931
Particle 7 new velocities: 132.657, 183.9
143.261, 172.459
Particle 8 new velocities: 44.774, 39.3408
85.295, 135.801
Particle 9 new velocities: -5.0616, 9.73304
-43.9261, 49.7817
Particle 10 new velocities: 25.8166, 9.25979
79.8782, 80.627
Particle 11 new velocities: 103.407, 62.5116
130.712, 83.9865
Particle 12 new velocities: 64.7992, 50.6925
135.338, 158.024
Particle 13 new velocities: 123.738, 106.609
182.058, 67.3078
Particle 14 new velocities: 78.8025, 75.2618
127.33, 151.807
Particle 15 new velocities: 59.3483, 57.0204
107.603, 129.275
Particle 16 new velocities: 24.5141, -1.08534
14.3474, 77.8123
Particle 17 new velocities: 46.3499, 30.4103
57.124, 93.9713
Particle 18 new velocities: 34.4901, 6.32382
102.062, 79.2334
Particle 19 new velocities: 13.6342, 17.2259
50.6925, 46.6184
Particle 20 new velocities: 76.3456, 78.0256
119.896, 191.848
-- ITERATION 7 --
-------------
Particle: 1:
Relays Coordinates:
104.629, 109.847
192.404, 204.456
Evaluation Time: 1.32138 seconds
Resulting Fitness: 0.643333
-------------
Particle: 2:
Relays Coordinates:
89.138, 95.1673
201.315, 190.272
Evaluation Time: 1.29935 seconds
Resulting Fitness: 0.67
-------------
Particle: 3:
Relays Coordinates:
108.018, 107.576
188.326, 222.647
Evaluation Time: 1.33925 seconds
Resulting Fitness: 0.666667
-------------
Particle: 4:
Relays Coordinates:
108.939, 60.0991
161.729, 199.57
Evaluation Time: 1.19996 seconds
Resulting Fitness: 0.573333
New local best!
-------------
Particle: 5:
Relays Coordinates:
102.734, 97.8126
211.167, 200.164
Evaluation Time: 1.3189 seconds
Resulting Fitness: 0.68
New local best!
-------------
Particle: 6:
Relays Coordinates:
94.8458, 103.731
172.775, 203.724
Evaluation Time: 1.20098 seconds
Resulting Fitness: 0.61
-------------
Particle: 7:
Relays Coordinates:
90.2847, 110.145
102.91, 106.576
Evaluation Time: 0.962375 seconds
Resulting Fitness: 0.416667
-------------
Particle: 8:
Relays Coordinates:
97.4914, 88.4333
169.856, 220.712
Evaluation Time: 1.24214 seconds
Resulting Fitness: 0.623333
-------------
Particle: 9:
Relays Coordinates:
101.862, 98.8629
172.586, 195.663
Evaluation Time: 1.1876 seconds
Resulting Fitness: 0.593333
-------------
Particle: 10:
Relays Coordinates:
83.8243, 82.5282
184.391, 184.893
Evaluation Time: 1.20713 seconds
Resulting Fitness: 0.596667
-------------
Particle: 11:
Relays Coordinates:
117.557, 80.4161
203.881, 158.806
Evaluation Time: 1.23038 seconds
Resulting Fitness: 0.613333
-------------
Particle: 12:
Relays Coordinates:
96.318, 93.3944
191.443, 206.087
Evaluation Time: 1.22248 seconds
Resulting Fitness: 0.656667
-------------
Particle: 13:
Relays Coordinates:
104.035, 101.926
140.23, 85.1618
Evaluation Time: 1.02479 seconds
Resulting Fitness: 0.453333
-------------
Particle: 14:
Relays Coordinates:
111.906, 97.629
166.599, 201.632
Evaluation Time: 1.17655 seconds
Resulting Fitness: 0.576667
New local best!
-------------
Particle: 15:
Relays Coordinates:
90.2291, 90.4153
187.423, 191.528
Evaluation Time: 1.28549 seconds
Resulting Fitness: 0.636667
-------------
Particle: 16:
Relays Coordinates:
86.9874, 69.365
164.278, 185.94
Evaluation Time: 1.11413 seconds
Resulting Fitness: 0.556667
-------------
Particle: 17:
Relays Coordinates:
95.9101, 105.313
195.56, 216.683
Evaluation Time: 1.34021 seconds
Resulting Fitness: 0.683333
-------------
Particle: 18:
Relays Coordinates:
83.71, 80.3125
185.304, 189.944
Evaluation Time: 1.21593 seconds
Resulting Fitness: 0.633333
-------------
Particle: 19:
Relays Coordinates:
92.6582, 100.475
202.979, 193.969
Evaluation Time: 1.27264 seconds
Resulting Fitness: 0.666667
New local best!
-------------
Particle: 20:
Relays Coordinates:
110.849, 99.0883
168.679, 211.599
Evaluation Time: 1.27161 seconds
Resulting Fitness: 0.596667
Current global best fitness: 0.7
Current global best relays: 102.976, 101.083
196.711, 216.179
Particle 1 new velocities: -2.79489, 13.0907
30.9469, 50.9621
Particle 2 new velocities: 34.4377, 55.6197
57.7188, 113.567
Particle 3 new velocities: 41.0908, 34.1304
89.7004, 90.3127
Particle 4 new velocities: 41.0564, 75.1846
100.627, 140.653
Particle 5 new velocities: 39.96, 21.2482
49.5969, 90.4101
Particle 6 new velocities: 33.676, 34.42
79.5301, 63.6922
Particle 7 new velocities: 156.109, 215.573
272.249, 214.021
Particle 8 new velocities: 32.8319, 45.1758
103.153, 130.119
Particle 9 new velocities: 16.0735, 1.28326
35.896, 27.3495
Particle 10 new velocities: 42.1416, 37.7122
113.79, 97.9868
Particle 11 new velocities: 71.4153, 57.6673
103.029, 79.2829
Particle 12 new velocities: 55.149, 62.6489
112.098, 136.966
Particle 13 new velocities: 104.399, 212.287
140.472, 139.82
Particle 14 new velocities: 58.2582, 61.2552
120.516, 129.94
Particle 15 new velocities: 62.107, 60.3463
106.092, 107.73
Particle 16 new velocities: 42.0126, 40.894
66.1551, 55.6693
Particle 17 new velocities: 37.7485, 23.0203
72.3589, 67.1368
Particle 18 new velocities: 46.1283, 10.3852
85.9053, 90.05
Particle 19 new velocities: 22.934, 14.0877
38.8794, 62.7879
Particle 20 new velocities: 55.4341, 62.6605
133.015, 135.604
-- ITERATION 8 --
-------------
Particle: 1:
Relays Coordinates:
82.4858, 99.5799
180.914, 206.889
Evaluation Time: 1.20286 seconds
Resulting Fitness: 0.64
-------------
Particle: 2:
Relays Coordinates:
90.0866, 109.924
188.836, 221.498
Evaluation Time: 1.3209 seconds
Resulting Fitness: 0.7
New local best!
-------------
Particle: 3:
Relays Coordinates:
97.8301, 92.9737
182.413, 205.333
Evaluation Time: 1.30408 seconds
Resulting Fitness: 0.63
-------------
Particle: 4:
Relays Coordinates:
98.4121, 88.7596
172.132, 223.22
Evaluation Time: 1.23619 seconds
Resulting Fitness: 0.616667
New local best!
-------------
Particle: 5:
Relays Coordinates:
104.024, 86.7953
190.097, 211.829
Evaluation Time: 1.2201 seconds
Resulting Fitness: 0.67
-------------
Particle: 6:
Relays Coordinates:
104.103, 111.902
204.368, 216.607
Evaluation Time: 1.30763 seconds
Resulting Fitness: 0.69
New local best!
-------------
Particle: 7:
Relays Coordinates:
85.9121, 113.571
130.81, 111.785
Evaluation Time: 1.0409 seconds
Resulting Fitness: 0.456667
-------------
Particle: 8:
Relays Coordinates:
76.9546, 78.8948
161.209, 207.162
Evaluation Time: 1.25443 seconds
Resulting Fitness: 0.57
-------------
Particle: 9:
Relays Coordinates:
117.936, 100.146
208.482, 223.013
Evaluation Time: 1.42087 seconds
Resulting Fitness: 0.69
New local best!
-------------
Particle: 10:
Relays Coordinates:
74.3816, 71.0008
176.073, 167.038
Evaluation Time: 1.19358 seconds
Resulting Fitness: 0.546667
-------------
Particle: 11:
Relays Coordinates:
123.984, 90.5965
201.363, 156.21
Evaluation Time: 1.25634 seconds
Resulting Fitness: 0.58
-------------
Particle: 12:
Relays Coordinates:
89.4398, 92.142
179.238, 202.569
Evaluation Time: 1.22044 seconds
Resulting Fitness: 0.613333
-------------
Particle: 13:
Relays Coordinates:
89.7241, 135.259
120.833, 96.8472
Evaluation Time: 1.08312 seconds
Resulting Fitness: 0.47
-------------
Particle: 14:
Relays Coordinates:
111.645, 104.244
188.377, 217.545
Evaluation Time: 1.28031 seconds
Resulting Fitness: 0.68
New local best!
-------------
Particle: 15:
Relays Coordinates:
99.9477, 98.9147
192.575, 196.343
Evaluation Time: 1.23095 seconds
Resulting Fitness: 0.656667
-------------
Particle: 16:
Relays Coordinates:
116.1, 99.2331
207.39, 217.448
Evaluation Time: 1.33674 seconds
Resulting Fitness: 0.71
New local best!
New global best!
-------------
Particle: 17:
Relays Coordinates:
97.4371, 93.5549
195.313, 206.905
Evaluation Time: 1.276 seconds
Resulting Fitness: 0.67
-------------
Particle: 18:
Relays Coordinates:
76.6682, 53.5561
160.147, 165.333
Evaluation Time: 1.13939 seconds
Resulting Fitness: 0.523333
-------------
Particle: 19:
Relays Coordinates:
93.6296, 92.796
195.905, 207.973
Evaluation Time: 1.25484 seconds
Resulting Fitness: 0.67
New local best!
-------------
Particle: 20:
Relays Coordinates:
109.098, 106.123
197.941, 227.8
Evaluation Time: 1.31326 seconds
Resulting Fitness: 0.7
New local best!
Current global best fitness: 0.71
Current global best relays: 116.1, 99.2331
207.39, 217.448
Particle 1 new velocities: 43.4644, 13.9754
57.7655, 19.9075
Particle 2 new velocities: 52.5947, 31.1616
50.958, 90.0207
Particle 3 new velocities: 35.8747, 43.107
113.072, 82.2606
Particle 4 new velocities: 45.0165, 65.5937
123.458, 110.545
Particle 5 new velocities: 35.8711, 30.0563
67.1801, 64.8586
Particle 6 new velocities: 38.4599, 23.5021
65.4514, 51.8277
Particle 7 new velocities: 175.096, 234.96
302.513, 251.068
Particle 8 new velocities: 56.4999, 92.785
142.353, 120.94
Particle 9 new velocities: 11.561, 1.01073
28.0834, 15.2759
Particle 10 new velocities: 101.014, 88.0656
135.719, 152.64
Particle 11 new velocities: 48.2503, 33.6834
94.2006, 170.759
Particle 12 new velocities: 79.4479, 67.9105
133.054, 127
Particle 13 new velocities: 127.528, 235.743
175.592, 128.922
Particle 14 new velocities: 51.2967, 48.2444
98.2143, 103.95
Particle 15 new velocities: 61.2285, 61.1602
101.786, 119.895
Particle 16 new velocities: 33.6101, 32.7152
52.9241, 44.5354
Particle 17 new velocities: 14.0525, 29.3578
82.5989, 58.3378
Particle 18 new velocities: 113.82, 89.0506
142.438, 165.766
Particle 19 new velocities: 20.2393, 16.3684
45.94, 60.674
Particle 20 new velocities: 52.9984, 45.9054
109.518, 103.443
-- ITERATION 9 --
-------------
Particle: 1:
Relays Coordinates:
113.355, 102.2
214.811, 204.117
Evaluation Time: 1.30054 seconds
Resulting Fitness: 0.663333
-------------
Particle: 2:
Relays Coordinates:
104.015, 102.851
174.81, 227.097
Evaluation Time: 1.23834 seconds
Resulting Fitness: 0.633333
-------------
Particle: 3:
Relays Coordinates:
87.7238, 89.2826
193.868, 188.69
Evaluation Time: 1.28052 seconds
Resulting Fitness: 0.636667
-------------
Particle: 4:
Relays Coordinates:
94.1035, 101.271
193.937, 218.983
Evaluation Time: 1.28393 seconds
Resulting Fitness: 0.683333
New local best!
-------------
Particle: 5:
Relays Coordinates:
101.984, 85.1848
187.555, 201.705
Evaluation Time: 1.22713 seconds
Resulting Fitness: 0.653333
-------------
Particle: 6:
Relays Coordinates:
103.928, 98.7095
196.698, 195.689
Evaluation Time: 1.26498 seconds
Resulting Fitness: 0.67
-------------
Particle: 7:
Relays Coordinates:
91.008, 121.525
139.471, 126.519
Evaluation Time: 1.11969 seconds
Resulting Fitness: 0.483333
-------------
Particle: 8:
Relays Coordinates:
87.5595, 112.639
199.167, 215.268
Evaluation Time: 1.25487 seconds
Resulting Fitness: 0.686667
New local best!
-------------
Particle: 9:
Relays Coordinates:
104.892, 81.9371
191.618, 193.014
Evaluation Time: 1.24746 seconds
Resulting Fitness: 0.66
-------------
Particle: 10:
Relays Coordinates:
103.57, 93.9271
184.11, 188.766
Evaluation Time: 1.31035 seconds
Resulting Fitness: 0.633333
-------------
Particle: 11:
Relays Coordinates:
101.703, 73.386
174.527, 193.072
Evaluation Time: 1.18596 seconds
Resulting Fitness: 0.616667
-------------
Particle: 12:
Relays Coordinates:
110.807, 105.01
204.895, 216.23
Evaluation Time: 1.28661 seconds
Resulting Fitness: 0.693333
-------------
Particle: 13:
Relays Coordinates:
84.168, 143.734
114.841, 87.4675
Evaluation Time: 1.04779 seconds
Resulting Fitness: 0.5
-------------
Particle: 14:
Relays Coordinates:
106.906, 100.048
188.032, 210.933
Evaluation Time: 1.24183 seconds
Resulting Fitness: 0.66
-------------
Particle: 15:
Relays Coordinates:
105.748, 105.025
193.13, 207.484
Evaluation Time: 1.2761 seconds
Resulting Fitness: 0.676667
-------------
Particle: 16:
Relays Coordinates:
109.139, 96.1903
189.769, 190.986
Evaluation Time: 1.25103 seconds
Resulting Fitness: 0.643333
-------------
Particle: 17:
Relays Coordinates:
73.1483, 80.6431
182.338, 174.026
Evaluation Time: 1.21536 seconds
Resulting Fitness: 0.576667
-------------
Particle: 18:
Relays Coordinates:
112.482, 84.2078
178.673, 195.511
Evaluation Time: 1.24043 seconds
Resulting Fitness: 0.626667
-------------
Particle: 19:
Relays Coordinates:
83.0104, 79.5809
176.305, 195.844
Evaluation Time: 1.23479 seconds
Resulting Fitness: 0.616667
-------------
Particle: 20:
Relays Coordinates:
106.352, 99.746
201.724, 217.328
Evaluation Time: 1.36424 seconds
Resulting Fitness: 0.686667
Current global best fitness: 0.71
Current global best relays: 116.1, 99.2331
207.39, 217.448
Particle 1 new velocities: 35.5926, 11.2286
26.3905, 22.7924
Particle 2 new velocities: 36.8351, 29.3865
82.4463, 63.128
Particle 3 new velocities: 51.6109, 48.1807
97.4308, 99.1737
Particle 4 new velocities: 58.2837, 50.4447
108.731, 86.9073
Particle 5 new velocities: 33.1327, 37.5854
97.1762, 70.0706
Particle 6 new velocities: 45.3537, 35.6987
72.8371, 81.874
Particle 7 new velocities: 232.22, 170.595
54.7921, 214.473
Particle 8 new velocities: 79.6664, 64.4833
119.272, 98.0853
Particle 9 new velocities: 22.5434, 17.1073
42.0159, 51.2368
Particle 10 new velocities: 87.7839, 104.325
172.027, 141.592
Particle 11 new velocities: 56.3461, 36.9207
93.04, 119.61
Particle 12 new velocities: 55.2259, 51.459
104.143, 96.1818
Particle 13 new velocities: 130.162, 174.22
181.577, 278.148
Particle 14 new velocities: 50.1949, 38.7634
81.9399, 86.0476
Particle 15 new velocities: 48.1532, 53.1236
129.108, 101.355
Particle 16 new velocities: 36.6167, 31.6755
80.9473, 48.4055
Particle 17 new velocities: 74.1308, 68.65
102.697, 97.4034
Particle 18 new velocities: 92.3862, 93.4567
137.55, 155.468
Particle 19 new velocities: 39.9792, 40.1876
80.3698, 66.9814
Particle 20 new velocities: 46.9802, 41.2301
92.7673, 85.4747
-- ITERATION 10 --
-------------
Particle: 1:
Relays Coordinates:
120.648, 91.877
195.374, 183.796
Evaluation Time: 1.35806 seconds
Resulting Fitness: 0.636667
-------------
Particle: 2:
Relays Coordinates:
102.679, 96.4013
187.54, 211.574
Evaluation Time: 1.30295 seconds
Resulting Fitness: 0.663333
-------------
Particle: 3:
Relays Coordinates:
91.4175, 90.1897
191.121, 188.867
Evaluation Time: 1.21458 seconds
Resulting Fitness: 0.626667
-------------
Particle: 4:
Relays Coordinates:
99.9813, 99.5408
198.58, 200.695
Evaluation Time: 1.24949 seconds
Resulting Fitness: 0.67
-------------
Particle: 5:
Relays Coordinates:
98.4997, 89.4995
207.569, 198.124
Evaluation Time: 1.32796 seconds
Resulting Fitness: 0.66
-------------
Particle: 6:
Relays Coordinates:
108.826, 97.9836
196.491, 202.343
Evaluation Time: 1.35072 seconds
Resulting Fitness: 0.666667
-------------
Particle: 7:
Relays Coordinates:
125.225, 113.173
75.2616, 132.107
Evaluation Time: 1.08967 seconds
Resulting Fitness: 0.443333
-------------
Particle: 8:
Relays Coordinates:
98.7452, 104.589
188.035, 185.032
Evaluation Time: 1.21441 seconds
Resulting Fitness: 0.603333
-------------
Particle: 9:
Relays Coordinates:
103.223, 80.2259
189.244, 197.843
Evaluation Time: 1.26673 seconds
Resulting Fitness: 0.656667
-------------
Particle: 10:
Relays Coordinates:
101.693, 105.359
189.265, 175.566
Evaluation Time: 1.23775 seconds
Resulting Fitness: 0.596667
-------------
Particle: 11:
Relays Coordinates:
103.696, 72.3723
175.551, 205.151
Evaluation Time: 1.40451 seconds
Resulting Fitness: 0.636667
-------------
Particle: 12:
Relays Coordinates:
108.934, 102.66
202.76, 204.974
Evaluation Time: 1.32273 seconds
Resulting Fitness: 0.683333
-------------
Particle: 13:
Relays Coordinates:
83.036, 123.182
114.838, 141.647
Evaluation Time: 1.04688 seconds
Resulting Fitness: 0.476667
-------------
Particle: 14:
Relays Coordinates:
114.527, 101.193
196.81, 216.499
Evaluation Time: 1.34743 seconds
Resulting Fitness: 0.666667
-------------
Particle: 15:
Relays Coordinates:
100.974, 103.761
211.42, 202.629
Evaluation Time: 1.27681 seconds
Resulting Fitness: 0.68
-------------
Particle: 16:
Relays Coordinates:
106.256, 93.2142
197.352, 174.516
Evaluation Time: 1.2472 seconds
Resulting Fitness: 0.62
-------------
Particle: 17:
Relays Coordinates:
107.367, 108.835
207.79, 197.872
Evaluation Time: 1.32482 seconds
Resulting Fitness: 0.656667
-------------
Particle: 18:
Relays Coordinates:
108.875, 94.4182
168.054, 186.525
Evaluation Time: 1.18489 seconds
Resulting Fitness: 0.576667
-------------
Particle: 19:
Relays Coordinates:
89.6595, 87.3112
187.116, 191.6
Evaluation Time: 1.22732 seconds
Resulting Fitness: 0.646667
-------------
Particle: 20:
Relays Coordinates:
100.601, 92.4945
193.216, 198.669
Evaluation Time: 1.24681 seconds
Resulting Fitness: 0.666667
Current global best fitness: 0.71
Current global best relays: 116.1, 99.2331
207.39, 217.448
Particle 1 new velocities: 26.7499, 29.8581
37.0221, 46.0596
Particle 2 new velocities: 16.9724, 42.5668
90.7905, 64.6593
Particle 3 new velocities: 59.1813, 56.1028
89.0155, 117.383
Particle 4 new velocities: 58.1047, 40.8788
88.8569, 89.1156
Particle 5 new velocities: 51.1785, 41.3959
81.0136, 68.9689
Particle 6 new velocities: 33.7731, 50.7541
71.6961, 98.7188
Particle 7 new velocities: 187.578, 204.362
296.067, 134.44
Particle 8 new velocities: 62.3416, 60.8944
117.202, 142.462
Particle 9 new velocities: 31.6133, 29.2492
55.8439, 62.3268
Particle 10 new velocities: 86.1717, 90.1315
155.423, 167.984
Particle 11 new velocities: 56.3142, 54.314
126.877, 84.073
Particle 12 new velocities: 42.5923, 43.9345
85.9196, 92.7271
Particle 13 new velocities: 157.872, 245.266
229.478, 224.853
Particle 14 new velocities: 39.2416, 32.1355
65.0619, 70.2198
Particle 15 new velocities: 46.2763, 44.5074
106.325, 92.1593
Particle 16 new velocities: 37.1724, 33.1325
88.5039, 82.6549
Particle 17 new velocities: 60.0952, 51.1534
81.7016, 98.7946
Particle 18 new velocities: 71.5861, 83.3664
150.82, 139.379
Particle 19 new velocities: 59.2655, 44.3163
72.8451, 88.4407
Particle 20 new velocities: 61.6675, 51.6241
95.8204, 103.877
-- ITERATION 11 --
-------------
Particle: 1:
Relays Coordinates:
119.392, 98.6054
188.241, 186.183
Evaluation Time: 1.26493 seconds
Resulting Fitness: 0.596667
-------------
Particle: 2:
Relays Coordinates:
87.2262, 101.308
202.903, 201.374
Evaluation Time: 1.26294 seconds
Resulting Fitness: 0.693333
-------------
Particle: 3:
Relays Coordinates:
109.787, 106.647
204.219, 223.257
Evaluation Time: 1.35668 seconds
Resulting Fitness: 0.71
New local best!
-------------
Particle: 4:
Relays Coordinates:
115.245, 102.366
209.542, 211.272
Evaluation Time: 1.33093 seconds
Resulting Fitness: 0.663333
-------------
Particle: 5:
Relays Coordinates:
109.115, 95.4227
210.377, 194.711
Evaluation Time: 1.33491 seconds
Resulting Fitness: 0.68
-------------
Particle: 6:
Relays Coordinates:
103.955, 108.43
195.508, 219.474
Evaluation Time: 1.28651 seconds
Resulting Fitness: 0.686667
-------------
Particle: 7:
Relays Coordinates:
98.1607, 99.646
116.527, 83.6454
Evaluation Time: 0.988517 seconds
Resulting Fitness: 0.42
-------------
Particle: 8:
Relays Coordinates:
105.689, 108.574
200.266, 214.869
Evaluation Time: 1.30118 seconds
Resulting Fitness: 0.703333
New local best!
-------------
Particle: 9:
Relays Coordinates:
109.217, 88.6749
198.521, 210.737
Evaluation Time: 1.28474 seconds
Resulting Fitness: 0.686667
-------------
Particle: 10:
Relays Coordinates:
99.839, 103.892
183.181, 182.576
Evaluation Time: 1.22492 seconds
Resulting Fitness: 0.59
-------------
Particle: 11:
Relays Coordinates:
104.983, 83.1189
198.423, 189.76
Evaluation Time: 1.26546 seconds
Resulting Fitness: 0.64
-------------
Particle: 12:
Relays Coordinates:
110.463, 106.867
210.447, 217.024
Evaluation Time: 1.32274 seconds
Resulting Fitness: 0.693333
-------------
Particle: 13:
Relays Coordinates:
83.9995, 128.47
120.056, 127.791
Evaluation Time: 1.03768 seconds
Resulting Fitness: 0.453333
-------------
Particle: 14:
Relays Coordinates:
112.097, 97.1966
190.904, 209.018
Evaluation Time: 1.23997 seconds
Resulting Fitness: 0.666667
-------------
Particle: 15:
Relays Coordinates:
96.6112, 97.2792
208.473, 193.411
Evaluation Time: 1.3448 seconds
Resulting Fitness: 0.673333
-------------
Particle: 16:
Relays Coordinates:
104.559, 92.1067
208.389, 187.478
Evaluation Time: 1.34067 seconds
Resulting Fitness: 0.68
-------------
Particle: 17:
Relays Coordinates:
109.872, 104.968
189.936, 194.643
Evaluation Time: 1.29597 seconds
Resulting Fitness: 0.646667
-------------
Particle: 18:
Relays Coordinates:
106.561, 104.98
188.292, 192.443
Evaluation Time: 1.28362 seconds
Resulting Fitness: 0.633333
-------------
Particle: 19:
Relays Coordinates:
108.566, 95.9564
189.512, 204.149
Evaluation Time: 1.26868 seconds
Resulting Fitness: 0.653333
-------------
Particle: 20:
Relays Coordinates:
106.464, 94.5562
189.637, 198.501
Evaluation Time: 1.2983 seconds
Resulting Fitness: 0.663333
Current global best fitness: 0.71
Current global best relays: 116.1, 99.2331
207.39, 217.448
Particle 1 new velocities: -11.5806, 37.0502
59.485, 44.1018
Particle 2 new velocities: 33.3505, 37.769
62.6923, 89.9883
Particle 3 new velocities: 55.2318, 35.6963
73.1646, 87.458
Particle 4 new velocities: 12.7892, 30.1931
63.3248, 82.942
Particle 5 new velocities: 39.84, 37.5686
62.6229, 71.2365
Particle 6 new velocities: 32.9488, 42.4849
78.8457, 74.5323
Particle 7 new velocities: 172.977, 212.473
259.732, 213.231
Particle 8 new velocities: 57.7372, 38.1785
95.3999, 115.57
Particle 9 new velocities: 48.3357, 26.9486
57.1145, 56.7432
Particle 10 new velocities: 63.6065, 73.8638
187.235, 165.648
Particle 11 new velocities: 54.0423, 50.824
114.168, 69.9208
Particle 12 new velocities: 36.9454, 23.0517
50.2303, 69.5466
Particle 13 new velocities: 179.324, 366.074
205.64, 242.02
Particle 14 new velocities: 33.7449, 36.756
63.9196, 59.7462
Particle 15 new velocities: 58.8136, 51.0706
97.4856, 108.845
Particle 16 new velocities: 48.7159, 39.1628
68.6477, 101.891
Particle 17 new velocities: 33.6174, 47.4873
82.9356, 98.911
Particle 18 new velocities: 63.2845, 57.8284
151.384, 128.485
Particle 19 new velocities: 48.2714, 31.7689
76.0865, 76.2117
Particle 20 new velocities: 59.1157, 51.0642
89.336, 151.381
-- ITERATION 12 --
-------------
Particle: 1:
Relays Coordinates:
87.3273, 109.881
200.658, 186.531
Evaluation Time: 1.30887 seconds
Resulting Fitness: 0.656667
-------------
Particle: 2:
Relays Coordinates:
87.9004, 101.387
193.619, 212.403
Evaluation Time: 1.30606 seconds
Resulting Fitness: 0.686667
-------------
Particle: 3:
Relays Coordinates:
108.269, 93.3916
181.992, 203.86
Evaluation Time: 1.29519 seconds
Resulting Fitness: 0.653333
-------------
Particle: 4:
Relays Coordinates:
84.003, 86.972
179.028, 193.034
Evaluation Time: 1.23773 seconds
Resulting Fitness: 0.62
-------------
Particle: 5:
Relays Coordinates:
108.588, 96.9507
199.017, 193.876
Evaluation Time: 1.31909 seconds
Resulting Fitness: 0.656667
-------------
Particle: 6:
Relays Coordinates:
99.803, 110.017
200.004, 214.331
Evaluation Time: 1.31652 seconds
Resulting Fitness: 0.703333
New local best!
-------------
Particle: 7:
Relays Coordinates:
94.5398, 108.829
131.193, 103.514
Evaluation Time: 1.04365 seconds
Resulting Fitness: 0.44
-------------
Particle: 8:
Relays Coordinates:
107.224, 96.2841
193.987, 216.801
Evaluation Time: 1.31897 seconds
Resulting Fitness: 0.696667
-------------
Particle: 9:
Relays Coordinates:
114.856, 84.2896
186.358, 194.993
Evaluation Time: 1.27331 seconds
Resulting Fitness: 0.656667
-------------
Particle: 10:
Relays Coordinates:
86.8617, 94.4666
196.854, 185.061
Evaluation Time: 1.30402 seconds
Resulting Fitness: 0.643333
-------------
Particle: 11:
Relays Coordinates:
115.929, 97.6443
227.879, 189.307
Evaluation Time: 1.38559 seconds
Resulting Fitness: 0.69
New local best!
-------------
Particle: 12:
Relays Coordinates:
107.461, 94.7108
190.034, 208.91
Evaluation Time: 1.23716 seconds
Resulting Fitness: 0.656667
-------------
Particle: 13:
Relays Coordinates:
82.6338, 125.524
102.207, 116.05
Evaluation Time: 1.03262 seconds
Resulting Fitness: 0.44
-------------
Particle: 14:
Relays Coordinates:
106.319, 97.6514
185.767, 195.929
Evaluation Time: 1.22583 seconds
Resulting Fitness: 0.636667
-------------
Particle: 15:
Relays Coordinates:
101.974, 97.3323
200.739, 198.31
Evaluation Time: 1.36869 seconds
Resulting Fitness: 0.676667
-------------
Particle: 16:
Relays Coordinates:
111.737, 95.6955
201.96, 210.95
Evaluation Time: 1.30024 seconds
Resulting Fitness: 0.706667
-------------
Particle: 17:
Relays Coordinates:
104.604, 111.14
198.923, 214.001
Evaluation Time: 1.32998 seconds
Resulting Fitness: 0.666667
-------------
Particle: 18:
Relays Coordinates:
111.435, 106.819
222.861, 210.561
Evaluation Time: 1.43875 seconds
Resulting Fitness: 0.636667
-------------
Particle: 19:
Relays Coordinates:
114.335, 93.1118
193.621, 204.383
Evaluation Time: 1.30709 seconds
Resulting Fitness: 0.683333
New local best!
-------------
Particle: 20:
Relays Coordinates:
108.637, 95.5415
183.034, 229.558
Evaluation Time: 1.27225 seconds
Resulting Fitness: 0.68
Current global best fitness: 0.71
Current global best relays: 116.1, 99.2331
207.39, 217.448
Particle 1 new velocities: 5.16008, 21.6635
59.1772, 66.8893
Particle 2 new velocities: 53.4433, 31.11
53.5738, 89.5197
Particle 3 new velocities: 46.7964, 45.8316
88.7922, 101.462
Particle 4 new velocities: 30.1859, 44.5311
71.2638, 108.078
Particle 5 new velocities: 32.4185, 32.9887
69.2174, 88.068
Particle 6 new velocities: 42.4809, 24.6993
69.6267, 63.3356
Particle 7 new velocities: 214.12, 218.705
296.405, 235.567
Particle 8 new velocities: 53.8234, 33.2385
94.2743, 91.1002
Particle 9 new velocities: 44.1972, 53.3573
89.9515, 72.9197
Particle 10 new velocities: 75.9418, 89.0735
168.989, 179.541
Particle 11 new velocities: 43.3876, 41.5112
77.2939, 74.4539
Particle 12 new velocities: 31.0189, 33.4278
53.5562, 58.3061
Particle 13 new velocities: 228.73, 45.8403
306.137, 206.309
Particle 14 new velocities: 46.4134, 30.4948
78.3781, 94.0009
Particle 15 new velocities: 47.3712, 47.1526
86.9448, 87.5436
Particle 16 new velocities: 50.5752, 34.8066
64.327, 87.9193
Particle 17 new velocities: 5.35669, 36.5064
70.2721, 78.4593
Particle 18 new velocities: 38.9703, 36.1026
98.3172, 108.34
Particle 19 new velocities: 40.6774, 31.6964
61.1906, 64.8698
Particle 20 new velocities: 51.8937, 49.7206
85.2323, 104.918
-- ITERATION 13 --
-------------
Particle: 1:
Relays Coordinates:
67.4233, 95.8959
189.42, 184.743
Evaluation Time: 1.3001 seconds
Resulting Fitness: 0.613333
-------------
Particle: 2:
Relays Coordinates:
103.04, 96.5903
180.203, 220.102
Evaluation Time: 1.28328 seconds
Resulting Fitness: 0.653333
-------------
Particle: 3:
Relays Coordinates:
113.042, 101.494
197.401, 222.579
Evaluation Time: 1.38852 seconds
Resulting Fitness: 0.7
-------------
Particle: 4:
Relays Coordinates:
74.9194, 86.2791
164.216, 197.56
Evaluation Time: 1.18944 seconds
Resulting Fitness: 0.576667
-------------
Particle: 5:
Relays Coordinates:
102.794, 94.7258
195.543, 205.537
Evaluation Time: 1.28203 seconds
Resulting Fitness: 0.666667
-------------
Particle: 6:
Relays Coordinates:
103.725, 98.208
196.561, 202.419
Evaluation Time: 1.29674 seconds
Resulting Fitness: 0.666667
-------------
Particle: 7:
Relays Coordinates:
96.8607, 102.784
125.524, 106.407
Evaluation Time: 1.00192 seconds
Resulting Fitness: 0.416667
-------------
Particle: 8:
Relays Coordinates:
105.663, 84.9798
189.128, 202.014
Evaluation Time: 1.20769 seconds
Resulting Fitness: 0.66
-------------
Particle: 9:
Relays Coordinates:
115.95, 100.345
201.43, 195.309
Evaluation Time: 1.32314 seconds
Resulting Fitness: 0.666667
-------------
Particle: 10:
Relays Coordinates:
86.5204, 97.5407
194.424, 193.765
Evaluation Time: 1.23443 seconds
Resulting Fitness: 0.673333
-------------
Particle: 11:
Relays Coordinates:
116.142, 101.444
222.471, 192.282
Evaluation Time: 1.31336 seconds
Resulting Fitness: 0.656667
-------------
Particle: 12:
Relays Coordinates:
112.168, 103.792
197.308, 216.445
Evaluation Time: 1.2988 seconds
Resulting Fitness: 0.663333
-------------
Particle: 13:
Relays Coordinates:
134.032, 73.7668
172.187, 138.765
Evaluation Time: 1.13934 seconds
Resulting Fitness: 0.536667
-------------
Particle: 14:
Relays Coordinates:
111.342, 93.4186
192.562, 211.359
Evaluation Time: 1.2783 seconds
Resulting Fitness: 0.673333
-------------
Particle: 15:
Relays Coordinates:
108.873, 105.329
209.722, 208.387
Evaluation Time: 1.34254 seconds
Resulting Fitness: 0.693333
New local best!
-------------
Particle: 16:
Relays Coordinates:
118.326, 95.1361
194.123, 217.876
Evaluation Time: 1.36536 seconds
Resulting Fitness: 0.67
-------------
Particle: 17:
Relays Coordinates:
72.1449, 96.8708
176.619, 191.883
Evaluation Time: 1.1825 seconds
Resulting Fitness: 0.613333
-------------
Particle: 18:
Relays Coordinates:
88.8131, 84.3936
189.653, 188.308
Evaluation Time: 1.23844 seconds
Resulting Fitness: 0.623333
-------------
Particle: 19:
Relays Coordinates:
113.004, 90.9852
185.758, 196.286
Evaluation Time: 1.23078 seconds
Resulting Fitness: 0.656667
-------------
Particle: 20:
Relays Coordinates:
105.324, 95.3065
176.01, 219.45
Evaluation Time: 1.35629 seconds
Resulting Fitness: 0.633333
Current global best fitness: 0.71
Current global best relays: 116.1, 99.2331
207.39, 217.448
Particle 1 new velocities: 56.1457, 24.0959
79.277, 95.6664
Particle 2 new velocities: 53.6872, 31.758
53.3684, 68.3961
Particle 3 new velocities: 36.9111, 43.5311
83.5884, 76.1501
Particle 4 new velocities: 80.6777, 62.1002
118.144, 102.352
Particle 5 new velocities: 29.5381, 29.9467
71.1277, 68.3272
Particle 6 new velocities: 32.739, 27.8916
69.3364, 62.6107
Particle 7 new velocities: 202.094, 182.44
28.4949, 213.481
Particle 8 new velocities: 54.6003, 48.6592
107.506, 86.8861
Particle 9 new velocities: 35.8513, 42.0844
86.3355, 118.191
Particle 10 new velocities: 88.1029, 95.1716
166.861, 161.84
Particle 11 new velocities: 34.5865, 28.566
62.5862, 90.0814
Particle 12 new velocities: 22.958, 22.8821
55.1162, 47.0458
Particle 13 new velocities: 127.266, 209.567
-86.4932, 162.694
Particle 14 new velocities: 38.7068, 40.2016
74.9233, 80.2454
Particle 15 new velocities: 46.6904, 37.2552
67.0961, 73.6083
Particle 16 new velocities: 35.2257, 37.1264
67.9761, 69.6174
Particle 17 new velocities: 51.1896, 46.7696
107.07, 88.2021
Particle 18 new velocities: 60.498, 75.3523
85.686, 128.25
Particle 19 new velocities: 34.427, 26.6904
71.4485, 73.7339
Particle 20 new velocities: 45.6895, 59.4217
138.278, 94.892
-- ITERATION 14 --
-------------
Particle: 1:
Relays Coordinates:
81.0736, 78.7267
176.292, 183.977
Evaluation Time: 1.19172 seconds
Resulting Fitness: 0.603333
-------------
Particle: 2:
Relays Coordinates:
114.254, 93.5659
170.274, 210.315
Evaluation Time: 1.23341 seconds
Resulting Fitness: 0.61
-------------
Particle: 3:
Relays Coordinates:
109.316, 105.723
204.842, 217.774
Evaluation Time: 1.3756 seconds
Resulting Fitness: 0.696667
-------------
Particle: 4:
Relays Coordinates:
102.087, 97.3517
185.257, 196.772
Evaluation Time: 1.23261 seconds
Resulting Fitness: 0.646667
-------------
Particle: 5:
Relays Coordinates:
96.4702, 90.8863
194.403, 199.647
Evaluation Time: 1.24663 seconds
Resulting Fitness: 0.666667
-------------
Particle: 6:
Relays Coordinates:
110.536, 102.141
215.377, 214.674
Evaluation Time: 1.32736 seconds
Resulting Fitness: 0.68
-------------
Particle: 7:
Relays Coordinates:
128.69, 122.78
66.3002, 137.701
Evaluation Time: 1.08452 seconds
Resulting Fitness: 0.47
-------------
Particle: 8:
Relays Coordinates:
116.832, 97.4228
216.246, 210.608
Evaluation Time: 1.36189 seconds
Resulting Fitness: 0.686667
-------------
Particle: 9:
Relays Coordinates:
99.5968, 93.4476
188.803, 205.687
Evaluation Time: 1.24983 seconds
Resulting Fitness: 0.66
-------------
Particle: 10:
Relays Coordinates:
103.113, 113.795
213.335, 209.981
Evaluation Time: 1.33589 seconds
Resulting Fitness: 0.68
-------------
Particle: 11:
Relays Coordinates:
109.881, 94.7776
207.807, 205.843
Evaluation Time: 1.35535 seconds
Resulting Fitness: 0.706667
New local best!
-------------
Particle: 12:
Relays Coordinates:
109.452, 102.606
204.464, 213.427
Evaluation Time: 1.34282 seconds
Resulting Fitness: 0.69
-------------
Particle: 13:
Relays Coordinates:
124.978, 135.518
40.987, 144.187
Evaluation Time: 1.07519 seconds
Resulting Fitness: 0.486667
-------------
Particle: 14:
Relays Coordinates:
109.385, 97.4091
194.996, 212.579
Evaluation Time: 1.30048 seconds
Resulting Fitness: 0.67
-------------
Particle: 15:
Relays Coordinates:
113.406, 103.944
201.8, 205.575
Evaluation Time: 1.36166 seconds
Resulting Fitness: 0.653333
-------------
Particle: 16:
Relays Coordinates:
111.939, 96.4193
191.07, 209.583
Evaluation Time: 1.26416 seconds
Resulting Fitness: 0.666667
-------------
Particle: 17:
Relays Coordinates:
89.9109, 104.714
206.809, 204.182
Evaluation Time: 1.3057 seconds
Resulting Fitness: 0.686667
-------------
Particle: 18:
Relays Coordinates:
97.963, 104.809
180.65, 207.694
Evaluation Time: 1.28914 seconds
Resulting Fitness: 0.633333
-------------
Particle: 19:
Relays Coordinates:
119.419, 95.3172
208.337, 218.716
Evaluation Time: 1.42964 seconds
Resulting Fitness: 0.683333
-------------
Particle: 20:
Relays Coordinates:
99.0801, 101.517
206.204, 206.239
Evaluation Time: 1.29872 seconds
Resulting Fitness: 0.686667
Current global best fitness: 0.71
Current global best relays: 116.1, 99.2331
207.39, 217.448
Particle 1 new velocities: 93.6428, 60.3951
84.9275, 94.3446
Particle 2 new velocities: 28.7597, 50.3937
99.2745, 74.7672
Particle 3 new velocities: 37.9285, 31.9628
66.9343, 69.187
Particle 4 new velocities: 56.7479, 52.9902
122.326, 107.687
Particle 5 new velocities: 39.7857, 40.8417
64.6624, 59.9104
Particle 6 new velocities: 13.0895, 22.8565
49.7373, 50.6953
Particle 7 new velocities: 159.837, 170.92
109.857, 167.304
Particle 8 new velocities: 37.9688, 43.2892
66.029, 78.8611
Particle 9 new velocities: 37.4882, 37.6098
88.2828, 103.625
Particle 10 new velocities: 60.337, 73.6614
128.446, 110.749
Particle 11 new velocities: 30.2837, 23.6955
49.7429, 75.7601
Particle 12 new velocities: 19.7079, 18.8067
45.1933, 36.8917
Particle 13 new velocities: 91.5086, 253.905
52.6756, 99.9334
Particle 14 new velocities: 40.6003, 44.6215
55.9362, 69.3159
Particle 15 new velocities: 37.3082, 26.1746
68.9494, 75.0701
Particle 16 new velocities: 39.9621, 35.6545
70.1026, 68.2093
Particle 17 new velocities: 46.5376, 43.2797
92.9166, 79.6539
Particle 18 new velocities: 64.7638, 53.7645
95.1243, 111.652
Particle 19 new velocities: 23.1144, 18.8883
48.669, 45.9419
Particle 20 new velocities: 59.6372, 53.0564
111.672, 97.4233
-- ITERATION 15 --
-------------
Particle: 1:
Relays Coordinates:
114.631, 91.2778
171.386, 182.607
Evaluation Time: 1.2038 seconds
Resulting Fitness: 0.573333
-------------
Particle: 2:
Relays Coordinates:
104.257, 104.947
196.501, 207.825
Evaluation Time: 1.26478 seconds
Resulting Fitness: 0.66
-------------
Particle: 3:
Relays Coordinates:
107.341, 100.373
198.125, 209.194
Evaluation Time: 1.24874 seconds
Resulting Fitness: 0.68
-------------
Particle: 4:
Relays Coordinates:
104.212, 98.6393
201.805, 199.756
Evaluation Time: 1.26396 seconds
Resulting Fitness: 0.683333
-------------
Particle: 5:
Relays Coordinates:
110.367, 106.7
209.843, 210.241
Evaluation Time: 1.31767 seconds
Resulting Fitness: 0.676667
-------------
Particle: 6:
Relays Coordinates:
90.1228, 91.1229
193.268, 193.454
Evaluation Time: 1.22131 seconds
Resulting Fitness: 0.66
-------------
Particle: 7:
Relays Coordinates:
124.202, 126.428
75.8297, 131.295
Evaluation Time: 1.04525 seconds
Resulting Fitness: 0.46
-------------
Particle: 8:
Relays Coordinates:
112.85, 102.579
205.778, 211.023
Evaluation Time: 1.3078 seconds
Resulting Fitness: 0.686667
-------------
Particle: 9:
Relays Coordinates:
89.9414, 85.9868
181.796, 202.94
Evaluation Time: 1.23608 seconds
Resulting Fitness: 0.633333
-------------
Particle: 10:
Relays Coordinates:
96.5158, 110.691
201.818, 189.387
Evaluation Time: 1.27382 seconds
Resulting Fitness: 0.663333
-------------
Particle: 11:
Relays Coordinates:
102.18, 86.3669
187.754, 205.288
Evaluation Time: 1.22504 seconds
Resulting Fitness: 0.656667
-------------
Particle: 12:
Relays Coordinates:
104.62, 98.3445
202.222, 202.758
Evaluation Time: 1.2684 seconds
Resulting Fitness: 0.686667
-------------
Particle: 13:
Relays Coordinates:
127.833, 229.95
55.3069, 144.151
Evaluation Time: 1.17098 seconds
Resulting Fitness: 0.536667
-------------
Particle: 14:
Relays Coordinates:
109.34, 103.54
182.93, 205.502
Evaluation Time: 1.24345 seconds
Resulting Fitness: 0.64
-------------
Particle: 15:
Relays Coordinates:
109.87, 94.8567
197.376, 204.59
Evaluation Time: 1.28055 seconds
Resulting Fitness: 0.67
-------------
Particle: 16:
Relays Coordinates:
110.736, 96.2818
190.395, 202.51
Evaluation Time: 1.23549 seconds
Resulting Fitness: 0.66
-------------
Particle: 17:
Relays Coordinates:
99.4709, 107.887
218.5, 206.916
Evaluation Time: 1.31555 seconds
Resulting Fitness: 0.67
-------------
Particle: 18:
Relays Coordinates:
106.765, 104.04
180.935, 209.523
Evaluation Time: 1.2581 seconds
Resulting Fitness: 0.64
-------------
Particle: 19:
Relays Coordinates:
115.452, 92.5065
208.175, 214.373
Evaluation Time: 1.36773 seconds
Resulting Fitness: 0.69
New local best!
-------------
Particle: 20:
Relays Coordinates:
104.134, 101.416
208.558, 199.233
Evaluation Time: 1.29561 seconds
Resulting Fitness: 0.666667
Current global best fitness: 0.71
Current global best relays: 116.1, 99.2331
207.39, 217.448
Particle 1 new velocities: 46.9103, 71.5205
115.991, 83.8888
Particle 2 new velocities: 6.35287, 39.7453
87.4486, 85.5336
Particle 3 new velocities: 39.2467, 33.9962
68.0212, 73.9
Particle 4 new velocities: 31.8719, 47.0098
85.2559, 125.284
Particle 5 new velocities: 38.5718, 10.7876
49.5806, 37.3596
Particle 6 new velocities: 35.3304, 27.0017
60.5404, 68.3974
Particle 7 new velocities: 120.115, 174.761
123.323, 153.003
Particle 8 new velocities: 28.0593, 41.7886
46.5839, 72.5949
Particle 9 new velocities: 61.1213, 56.917
92.0222, 107.116
Particle 10 new velocities: 49.2437, 52.7578
122.587, 102.418
Particle 11 new velocities: 25.8913, 42.5709
76.7281, 71.1296
Particle 12 new velocities: 23.4059, 26.2196
35.6893, 45.9173
Particle 13 new velocities: 51.1953, 151.042
77.9809, 53.6233
Particle 14 new velocities: 42.5889, 34.5224
50.5026, 69.1633
Particle 15 new velocities: 30.2375, 33.4418
60.059, 65.0002
Particle 16 new velocities: 37.0722, 31.9297
71.6542, 66.5139
Particle 17 new velocities: 34.568, 34.2468
65.0746, 62.4022
Particle 18 new velocities: 52.9916, 41.687
91.1692, 98.3874
Particle 19 new velocities: 19.2544, 22.0314
38.5272, 38.3373
Particle 20 new velocities: 52.459, 44.7099
83.6727, 138.955
-- ITERATION 16 --
-------------
Particle: 1:
Relays Coordinates:
105.988, 106.812
188.548, 174.848
Evaluation Time: 1.24229 seconds
Resulting Fitness: 0.583333
-------------
Particle: 2:
Relays Coordinates:
72.5711, 94.9323
186.299, 192.473
Evaluation Time: 1.24059 seconds
Resulting Fitness: 0.636667
-------------
Particle: 3:
Relays Coordinates:
106.863, 97.9552
194.02, 206.376
Evaluation Time: 1.26825 seconds
Resulting Fitness: 0.673333
-------------
Particle: 4:
Relays Coordinates:
89.2845, 95.5604
188.341, 213.259
Evaluation Time: 1.31065 seconds
Resulting Fitness: 0.656667
-------------
Particle: 5:
Relays Coordinates:
120.641, 95.1646
210.133, 200.557
Evaluation Time: 1.32789 seconds
Resulting Fitness: 0.67
-------------
Particle: 6:
Relays Coordinates:
91.4554, 86.1129
185.026, 190.89
Evaluation Time: 1.2057 seconds
Resulting Fitness: 0.64
-------------
Particle: 7:
Relays Coordinates:
105.17, 129.652
85.7289, 122.381
Evaluation Time: 1.03322 seconds
Resulting Fitness: 0.44
-------------
Particle: 8:
Relays Coordinates:
102.723, 105.244
183.972, 206.757
Evaluation Time: 1.31349 seconds
Resulting Fitness: 0.643333
-------------
Particle: 9:
Relays Coordinates:
110.125, 104.177
199.613, 226.03
Evaluation Time: 1.3193 seconds
Resulting Fitness: 0.71
New local best!
-------------
Particle: 10:
Relays Coordinates:
95.6328, 107.239
212.842, 191.454
Evaluation Time: 1.30162 seconds
Resulting Fitness: 0.666667
-------------
Particle: 11:
Relays Coordinates:
93.364, 93.9956
192.807, 201.509
Evaluation Time: 1.24034 seconds
Resulting Fitness: 0.666667
-------------
Particle: 12:
Relays Coordinates:
103.701, 100.897
192.708, 201.427
Evaluation Time: 1.27945 seconds
Resulting Fitness: 0.66
-------------
Particle: 13:
Relays Coordinates:
105.715, 224.972
78.7051, 116.784
Evaluation Time: 1.1479 seconds
Resulting Fitness: 0.546667
-------------
Particle: 14:
Relays Coordinates:
110.756, 100.648
170.172, 200.231
Evaluation Time: 1.20846 seconds
Resulting Fitness: 0.58
-------------
Particle: 15:
Relays Coordinates:
113.487, 103.922
208.523, 218.368
Evaluation Time: 1.39108 seconds
Resulting Fitness: 0.68
-------------
Particle: 16:
Relays Coordinates:
107.752, 93.4662
191.034, 196.119
Evaluation Time: 1.27604 seconds
Resulting Fitness: 0.65
-------------
Particle: 17:
Relays Coordinates:
97.7143, 103.616
206.726, 196.333
Evaluation Time: 1.29276 seconds
Resulting Fitness: 0.67
-------------
Particle: 18:
Relays Coordinates:
104.816, 95.6116
178.528, 202.02
Evaluation Time: 1.25374 seconds
Resulting Fitness: 0.626667
-------------
Particle: 19:
Relays Coordinates:
109.112, 92.7757
199.829, 204.695
Evaluation Time: 1.27382 seconds
Resulting Fitness: 0.676667
-------------
Particle: 20:
Relays Coordinates:
102.741, 95.873
191.733, 221.885
Evaluation Time: 1.32559 seconds
Resulting Fitness: 0.7
Current global best fitness: 0.71
Current global best relays: 116.1, 99.2331
207.39, 217.448
Particle 1 new velocities: 36.0306, 57.0132
120.494, 107.7
Particle 2 new velocities: 54.2424, 34.5906
83.0223, 96.7021
Particle 3 new velocities: 45.4174, 31.4303
80.8591, 66.2487
Particle 4 new velocities: 55.5831, 48.8563
87.5599, 101.127
Particle 5 new velocities: -2.20054, 15.6032
38.073, 36.4427
Particle 6 new velocities: 48.8912, 47.1094
74.4946, 106.83
Particle 7 new velocities: 131.795, 135.913
171.77, 140.248
Particle 8 new velocities: 36.1755, 28.9372
65.424, 78.9816
Particle 9 new velocities: 49.7821, 42.7746
79.8046, 78.8566
Particle 10 new velocities: 39.228, 44.8345
92.7413, 110.78
Particle 11 new velocities: 51.8937, 37.8074
81.3109, 75.5944
Particle 12 new velocities: 23.4691, 24.8216
46.9684, 60.5809
Particle 13 new velocities: 53.6457, 72.3355
114.928, 42.1263
Particle 14 new velocities: 39.4132, 30.3854
76.639, 84.1674
Particle 15 new velocities: 26.9165, 26.4085
48.8346, 40.6151
Particle 16 new velocities: 45.1467, 38.6414
84.3629, 89.7679
Particle 17 new velocities: 41.7205, 30.7337
59.2259, 72.7615
Particle 18 new velocities: 42.9723, 49.6008
126.189, 86.1716
Particle 19 new velocities: 22.3057, 18.0051
44.7407, 48.6558
Particle 20 new velocities: 61.1412, 48.8399
73.5787, 113.414
-- ITERATION 17 --
-------------
Particle: 1:
Relays Coordinates:
93.1782, 107.486
202.762, 185.379
Evaluation Time: 1.30677 seconds
Resulting Fitness: 0.653333
-------------
Particle: 2:
Relays Coordinates:
83.2023, 84.98
176.702, 189.728
Evaluation Time: 1.20509 seconds
Resulting Fitness: 0.596667
-------------
Particle: 3:
Relays Coordinates:
111.012, 94.322
200.387, 198.743
Evaluation Time: 1.28511 seconds
Resulting Fitness: 0.676667
-------------
Particle: 4:
Relays Coordinates:
95.0476, 94.7518
181.018, 206.269
Evaluation Time: 1.27253 seconds
Resulting Fitness: 0.623333
-------------
Particle: 5:
Relays Coordinates:
95.9365, 89.7219
201.047, 191.97
Evaluation Time: 1.30587 seconds
Resulting Fitness: 0.65
-------------
Particle: 6:
Relays Coordinates:
102.313, 97.1191
189.191, 217.038
Evaluation Time: 1.28576 seconds
Resulting Fitness: 0.68
-------------
Particle: 7:
Relays Coordinates:
102.006, 114.317
110.845, 113.053
Evaluation Time: 1.01472 seconds
Resulting Fitness: 0.43
-------------
Particle: 8:
Relays Coordinates:
101.257, 97.8181
181.81, 208.304
Evaluation Time: 1.24897 seconds
Resulting Fitness: 0.633333
-------------
Particle: 9:
Relays Coordinates:
104.915, 96.4149
183.326, 200.036
Evaluation Time: 1.2203 seconds
Resulting Fitness: 0.64
-------------
Particle: 10:
Relays Coordinates:
88.4822, 99.7752
200.493, 198.295
Evaluation Time: 1.26369 seconds
Resulting Fitness: 0.68
-------------
Particle: 11:
Relays Coordinates:
105.893, 96.0844
199.832, 202.008
Evaluation Time: 1.27545 seconds
Resulting Fitness: 0.676667
-------------
Particle: 12:
Relays Coordinates:
103.008, 101.832
194.138, 212.227
Evaluation Time: 1.29204 seconds
Resulting Fitness: 0.68
-------------
Particle: 13:
Relays Coordinates:
94.1006, 175.557
114.339, 93.8347
Evaluation Time: 1.06181 seconds
Resulting Fitness: 0.503333
-------------
Particle: 14:
Relays Coordinates:
109.473, 95.5232
179.925, 207.326
Evaluation Time: 1.3581 seconds
Resulting Fitness: 0.63
-------------
Particle: 15:
Relays Coordinates:
102.354, 95.0108
187.613, 188.799
Evaluation Time: 1.22135 seconds
Resulting Fitness: 0.64
-------------
Particle: 16:
Relays Coordinates:
111.463, 96.3064
200.764, 208.411
Evaluation Time: 1.283 seconds
Resulting Fitness: 0.683333
-------------
Particle: 17:
Relays Coordinates:
101.648, 97.9408
193.879, 196.17
Evaluation Time: 1.25996 seconds
Resulting Fitness: 0.663333
-------------
Particle: 18:
Relays Coordinates:
107.738, 105.86
222.139, 210.092
Evaluation Time: 1.43799 seconds
Resulting Fitness: 0.683333
New local best!
-------------
Particle: 19:
Relays Coordinates:
106.448, 89.7325
198.101, 205.214
Evaluation Time: 1.2654 seconds
Resulting Fitness: 0.673333
-------------
Particle: 20:
Relays Coordinates:
107.523, 94.9462
174.071, 219.99
Evaluation Time: 1.26168 seconds
Resulting Fitness: 0.62
Current global best fitness: 0.71
Current global best relays: 116.1, 99.2331
207.39, 217.448
Particle 1 new velocities: 30.8965, 35.3443
102.998, 119.145
Particle 2 new velocities: 52.3619, 52.9754
95.3126, 93.4789
Particle 3 new velocities: 38.0994, 37.3204
73.7557, 81.0123
Particle 4 new velocities: 70.6226, 44.5483
105.406, 92.9482
Particle 5 new velocities: 13.421, 32.1959
35.7283, 61.8256
Particle 6 new velocities: 41.9724, 46.747
80.42, 84.1303
Particle 7 new velocities: 123.142, 113.72
164.366, 88.242
Particle 8 new velocities: 50.3331, 34.8796
92.859, 70.5887
Particle 9 new velocities: 41.5774, 49.3201
88.6948, 71.3224
Particle 10 new velocities: 55.429, 42.1202
82.859, 105.541
Particle 11 new velocities: 54.3945, 29.9749
71.2396, 81.0911
Particle 12 new velocities: 34.12, 23.1085
50.3761, 51.3274
Particle 13 new velocities: 85.3541, 26.4345
208.048, 145.43
Particle 14 new velocities: 39.7756, 37.2597
73.3219, 74.8339
Particle 15 new velocities: 31.0707, 27.1295
64.0707, 80.8212
Particle 16 new velocities: 41.8084, 33.9833
75.3055, 80.7016
Particle 17 new velocities: 14.144, 40.9808
66.791, 81.0766
Particle 18 new velocities: 35.2049, 38.0434
92.3034, 73.3226
Particle 19 new velocities: 41.5338, 16.3456
45.3459, 56.1073
Particle 20 new velocities: 59.3812, 48.3531
92.5091, 100.449
-- ITERATION 18 --
-------------
Particle: 1:
Relays Coordinates:
73.2648, 84.3397
180.548, 179.818
Evaluation Time: 1.22929 seconds
Resulting Fitness: 0.563333
-------------
Particle: 2:
Relays Coordinates:
98.8263, 100.569
198.299, 206.457
Evaluation Time: 1.32181 seconds
Resulting Fitness: 0.69
-------------
Particle: 3:
Relays Coordinates:
108.702, 95.9673
199.85, 203.942
Evaluation Time: 1.35464 seconds
Resulting Fitness: 0.683333
-------------
Particle: 4:
Relays Coordinates:
108.696, 91.3948
187.923, 196.316
Evaluation Time: 1.29731 seconds
Resulting Fitness: 0.65
-------------
Particle: 5:
Relays Coordinates:
88.5795, 98.7534
191.788, 205.574
Evaluation Time: 1.30084 seconds
Resulting Fitness: 0.663333
-------------
Particle: 6:
Relays Coordinates:
105.184, 104.878
196.546, 219.552
Evaluation Time: 1.33351 seconds
Resulting Fitness: 0.7
-------------
Particle: 7:
Relays Coordinates:
107.687, 109.07
131.633, 96.2789
Evaluation Time: 1.07396 seconds
Resulting Fitness: 0.446667
-------------
Particle: 8:
Relays Coordinates:
110.509, 96.7366
200.233, 203.313
Evaluation Time: 1.30247 seconds
Resulting Fitness: 0.676667
-------------
Particle: 9:
Relays Coordinates:
106.793, 106.241
198.303, 197.821
Evaluation Time: 1.3073 seconds
Resulting Fitness: 0.666667
-------------
Particle: 10:
Relays Coordinates:
94.4201, 93.0976
185.907, 199.347
Evaluation Time: 1.27242 seconds
Resulting Fitness: 0.646667
-------------
Particle: 11:
Relays Coordinates:
116.85, 91.8972
197.611, 206.379
Evaluation Time: 1.34294 seconds
Resulting Fitness: 0.69
-------------
Particle: 12:
Relays Coordinates:
111.073, 101.202
198.056, 213.479
Evaluation Time: 1.35317 seconds
Resulting Fitness: 0.683333
-------------
Particle: 13:
Relays Coordinates:
95.3696, 107.347
171.33, 127.155
Evaluation Time: 1.12993 seconds
Resulting Fitness: 0.523333
-------------
Particle: 14:
Relays Coordinates:
108.802, 96.7987
184.617, 205.695
Evaluation Time: 1.30627 seconds
Resulting Fitness: 0.643333
-------------
Particle: 15:
Relays Coordinates:
108.074, 98.9336
203.864, 218.392
Evaluation Time: 1.36934 seconds
Resulting Fitness: 0.696667
New local best!
-------------
Particle: 16:
Relays Coordinates:
111.735, 94.9812
201.255, 210.763
Evaluation Time: 1.34785 seconds
Resulting Fitness: 0.706667
-------------
Particle: 17:
Relays Coordinates:
84.4123, 101.274
190.028, 202.113
Evaluation Time: 1.27189 seconds
Resulting Fitness: 0.666667
-------------
Particle: 18:
Relays Coordinates:
93.7848, 94.4149
206.305, 185.948
Evaluation Time: 1.31951 seconds
Resulting Fitness: 0.66
-------------
Particle: 19:
Relays Coordinates:
119.866, 85.9233
197.192, 211.67
Evaluation Time: 1.37087 seconds
Resulting Fitness: 0.686667
-------------
Particle: 20:
Relays Coordinates:
109.506, 94.0187
174.903, 210.24
Evaluation Time: 1.28317 seconds
Resulting Fitness: 0.613333
Current global best fitness: 0.71
Current global best relays: 116.1, 99.2331
207.39, 217.448
Particle 1 new velocities: 55.417, 62.7983
100.65, 136.634
Particle 2 new velocities: 52.4208, 55.2226
64.325, 91.2672
Particle 3 new velocities: 40.2289, 31.0454
61.3936, 82.7763
Particle 4 new velocities: 59.809, 44.0696
108.76, 100.223
Particle 5 new velocities: 35.6221, 25.0735
52.0023, 50.774
Particle 6 new velocities: 34.3069, 36.6558
75.7151, 56.0711
Particle 7 new velocities: 126.919, 96.158
190.002, 152.7
Particle 8 new velocities: 43.1019, 31.2581
78.5618, 77.7722
Particle 9 new velocities: 43.4845, 28.6949
73.5546, 106.953
Particle 10 new velocities: 64.1138, 47.395
92.6093, 106.684
Particle 11 new velocities: 33.5524, 27.5635
61.4254, 75.7288
Particle 12 new velocities: 23.6129, 22.8656
48.9785, 40.4615
Particle 13 new velocities: 110.89, 228.31
134.387, 187.333
Particle 14 new velocities: 42.4052, 37.7192
83.999, 66.7423
Particle 15 new velocities: 24.871, 21.9668
53.0044, 63.4841
Particle 16 new velocities: 40.7003, 33.2279
68.5198, 78.0625
Particle 17 new velocities: 31.0752, 33.5915
80.8247, 77.5545
Particle 18 new velocities: 42.5998, 51.4637
94.3225, 95.2862
Particle 19 new velocities: 23.4231, 37.064
39.0668, 46.8116
Particle 20 new velocities: 52.9675, 44.8391
93.8313, 100.738
-- ITERATION 19 --
-------------
Particle: 1:
Relays Coordinates:
84.4282, 96.5372
184.495, 207.625
Evaluation Time: 1.27079 seconds
Resulting Fitness: 0.643333
-------------
Particle: 2:
Relays Coordinates:
99.2332, 102.215
172.307, 195.337
Evaluation Time: 1.24328 seconds
Resulting Fitness: 0.59
-------------
Particle: 3:
Relays Coordinates:
108.571, 92.5923
190.447, 209.017
Evaluation Time: 1.29229 seconds
Resulting Fitness: 0.666667
-------------
Particle: 4:
Relays Coordinates:
110.556, 88.8782
194.654, 194.559
Evaluation Time: 1.2921 seconds
Resulting Fitness: 0.67
-------------
Particle: 5:
Relays Coordinates:
100.603, 100.3
197.47, 207.642
Evaluation Time: 1.30551 seconds
Resulting Fitness: 0.686667
New local best!
-------------
Particle: 6:
Relays Coordinates:
101.689, 103.178
198.479, 200.929
Evaluation Time: 1.24605 seconds
Resulting Fitness: 0.673333
-------------
Particle: 7:
Relays Coordinates:
112.211, 98.1597
153.837, 119.086
Evaluation Time: 1.0848 seconds
Resulting Fitness: 0.5
-------------
Particle: 8:
Relays Coordinates:
111.982, 93.3081
203.242, 204.911
Evaluation Time: 1.2875 seconds
Resulting Fitness: 0.68
-------------
Particle: 9:
Relays Coordinates:
109.552, 98.3681
198.184, 222.18
Evaluation Time: 1.30205 seconds
Resulting Fitness: 0.696667
-------------
Particle: 10:
Relays Coordinates:
115.571, 102.419
203.039, 223.097
Evaluation Time: 1.33607 seconds
Resulting Fitness: 0.7
New local best!
-------------
Particle: 11:
Relays Coordinates:
109.643, 87.0869
188.838, 205.657
Evaluation Time: 1.30482 seconds
Resulting Fitness: 0.666667
-------------
Particle: 12:
Relays Coordinates:
109.096, 100.495
200.098, 205.692
Evaluation Time: 1.34506 seconds
Resulting Fitness: 0.686667
-------------
Particle: 13:
Relays Coordinates:
79.9093, 130.04
118.441, 121.839
Evaluation Time: 1.05291 seconds
Resulting Fitness: 0.443333
-------------
Particle: 14:
Relays Coordinates:
110.23, 98.0635
195.821, 198.607
Evaluation Time: 1.31031 seconds
Resulting Fitness: 0.67
-------------
Particle: 15:
Relays Coordinates:
96.9171, 88.1365
187.257, 205.488
Evaluation Time: 1.24149 seconds
Resulting Fitness: 0.653333
-------------
Particle: 16:
Relays Coordinates:
111.125, 93.4644
196.666, 210.554
Evaluation Time: 1.32125 seconds
Resulting Fitness: 0.693333
-------------
Particle: 17:
Relays Coordinates:
84.1904, 98.3168
197.452, 203.878
Evaluation Time: 1.2885 seconds
Resulting Fitness: 0.663333
-------------
Particle: 18:
Relays Coordinates:
89.4819, 95.7109
197.242, 184.518
Evaluation Time: 1.27183 seconds
Resulting Fitness: 0.65
-------------
Particle: 19:
Relays Coordinates:
116.064, 99.6197
191.37, 209.37
Evaluation Time: 1.31706 seconds
Resulting Fitness: 0.653333
-------------
Particle: 20:
Relays Coordinates:
106.599, 91.1046
176.317, 204.033
Evaluation Time: 1.2707 seconds
Resulting Fitness: 0.633333
Current global best fitness: 0.71
Current global best relays: 116.1, 99.2331
207.39, 217.448
Particle 1 new velocities: 86.0633, 66.1331
127.044, 99.3966
Particle 2 new velocities: 40.9395, 47.3012
81.641, 113.348
Particle 3 new velocities: 36.8188, 52.2875
83.2143, 93.3248
Particle 4 new velocities: 39.0998, 51.9882
96.6714, 120.198
Particle 5 new velocities: 41.3054, 20.0484
46.5379, 51.6133
Particle 6 new velocities: 41.527, 33.417
66.8258, 75.9362
Particle 7 new velocities: 112.727, 183.402
182.226, 236.211
Particle 8 new velocities: 29.7201, 33.4666
60.5109, 77.1316
Particle 9 new velocities: 35.7062, 32.6206
65.0197, 88.8049
Particle 10 new velocities: 51.6161, 36.1998
78.6971, 83.6824
Particle 11 new velocities: 32.3892, 43.8081
66.7813, 68.5953
Particle 12 new velocities: 13.6286, 20.4353
41.1336, 45.3493
Particle 13 new velocities: 149.204, 148.265
118.878, 181.613
Particle 14 new velocities: 39.5839, 33.4364
64.5201, 88.2422
Particle 15 new velocities: 48.1, 43.3515
63.5507, 71.6255
Particle 16 new velocities: 43.2248, 39.3075
67.3281, 62.8913
Particle 17 new velocities: 66.5645, 34.2967
67.0836, 73.6902
Particle 18 new velocities: 63.5742, 49.0251
128.163, 158.79
Particle 19 new velocities: 18.7113, 26.5033
59.7177, 47.3155
Particle 20 new velocities: 53.956, 47.3183
110, 124.116
-- ITERATION 20 --
-------------
Particle: 1:
Relays Coordinates:
111.859, 106.728
204.4, 201.437
Evaluation Time: 1.37006 seconds
Resulting Fitness: 0.663333
-------------
Particle: 2:
Relays Coordinates:
102.186, 108.997
185.128, 225.031
Evaluation Time: 1.34318 seconds
Resulting Fitness: 0.673333
-------------
Particle: 3:
Relays Coordinates:
105.989, 105.617
199.499, 220.408
Evaluation Time: 1.33941 seconds
Resulting Fitness: 0.706667
-------------
Particle: 4:
Relays Coordinates:
98.1894, 92.4225
191.138, 206.512
Evaluation Time: 1.29017 seconds
Resulting Fitness: 0.656667
-------------
Particle: 5:
Relays Coordinates:
114.946, 97.4821
197.646, 209.997
Evaluation Time: 1.27589 seconds
Resulting Fitness: 0.676667
-------------
Particle: 6:
Relays Coordinates:
104.404, 99.5781
193.407, 201.835
Evaluation Time: 1.23413 seconds
Resulting Fitness: 0.66
-------------
Particle: 7:
Relays Coordinates:
87.1456, 109.083
130.197, 137.649
Evaluation Time: 1.09931 seconds
Resulting Fitness: 0.496667
-------------
Particle: 8:
Relays Coordinates:
103.301, 92.4188
192.276, 205.609
Evaluation Time: 1.3009 seconds
Resulting Fitness: 0.663333
-------------
Particle: 9:
Relays Coordinates:
95.304, 85.9417
172.688, 204.037
Evaluation Time: 1.2469 seconds
Resulting Fitness: 0.606667
-------------
Particle: 10:
Relays Coordinates:
109.692, 90.9479
184.847, 201.278
Evaluation Time: 1.22841 seconds
Resulting Fitness: 0.646667
-------------
Particle: 11:
Relays Coordinates:
103.541, 95.4224
186.346, 199.93
Evaluation Time: 1.22839 seconds
Resulting Fitness: 0.65
-------------
Particle: 12:
Relays Coordinates:
99.4068, 97.9533
195.398, 203.343
Evaluation Time: 1.25532 seconds
Resulting Fitness: 0.673333
-------------
Particle: 13:
Relays Coordinates:
88.7633, 107.821
91.9421, 117.564
Evaluation Time: 1.00042 seconds
Resulting Fitness: 0.44
-------------
Particle: 14:
Relays Coordinates:
109.215, 95.8634
189.789, 209.113
Evaluation Time: 1.24426 seconds
Resulting Fitness: 0.656667
-------------
Particle: 15:
Relays Coordinates:
105.717, 95.8547
182.839, 202.016
Evaluation Time: 1.22129 seconds
Resulting Fitness: 0.63
-------------
Particle: 16:
Relays Coordinates:
112.521, 96.7908
192.452, 199.342
Evaluation Time: 1.27744 seconds
Resulting Fitness: 0.656667
-------------
Particle: 17:
Relays Coordinates:
109.9, 96.6753
192.846, 202.347
Evaluation Time: 1.25834 seconds
Resulting Fitness: 0.66
-------------
Particle: 18:
Relays Coordinates:
81.3403, 76.9187
172.934, 182.448
Evaluation Time: 1.22678 seconds
Resulting Fitness: 0.57
-------------
Particle: 19:
Relays Coordinates:
109.168, 102.16
203.381, 207.916
Evaluation Time: 1.30092 seconds
Resulting Fitness: 0.686667
-------------
Particle: 20:
Relays Coordinates:
105.34, 90.8193
187.852, 215.299
Evaluation Time: 1.25275 seconds
Resulting Fitness: 0.653333
Final Evaluation Time: 517.793 seconds
Final global best fitness: 0.71
Final global best relays:
116.1, 99.2331
207.39, 217.448
