PSO EXECUTION
============================
Seed: 60466
Particles: 20
Relays: 2
Iterations: 20
Backend: Simulation
Network Configuration: 1
Area: 350 x 350
Sink: 0, 0
Simulated Relay range: 155
w: 0.8
c1: 1.7
c2: 1.3

Relay Nodes Positions: 
PARTICLE 1: 
84.4352, 114.605
162.986, 223.204
PARTICLE 2: 
29.1861, 194.253
54.0998, 81.1463
PARTICLE 3: 
35.2555, 96.1696
138.155, 206.653
PARTICLE 4: 
107.777, 177.763
17.2762, 86.0971
PARTICLE 5: 
70.246, 86.702
78.6186, 35.468
PARTICLE 6: 
3.42228, 130.415
100.486, 6.83514
PARTICLE 7: 
119.161, 73.6589
138.638, 180.606
PARTICLE 8: 
88.5359, 10.0932
143.536, 54.845
PARTICLE 9: 
185.561, 109.008
138.813, 40.0951
PARTICLE 10: 
95.2024, 167.339
58.4583, 37.6275
PARTICLE 11: 
127.692, 14.2135
248.525, 16.4157
PARTICLE 12: 
112.182, 103.49
62.3217, 174.653
PARTICLE 13: 
25.8963, 219.172
19.4021, 132.944
PARTICLE 14: 
65.2767, 11.9554
88.3865, 144.066
PARTICLE 15: 
9.617, 18.4375
58.3017, 42.9138
PARTICLE 16: 
117.042, 39.4042
115.761, 69.5754
PARTICLE 17: 
148.011, 145.871
127.378, 60.8133
PARTICLE 18: 
67.9284, 110.032
99.6518, 180.211
PARTICLE 19: 
110.758, 39.4552
27.0273, 159.105
PARTICLE 20: 
188.248, 71.0903
98.4486, 57.505
Nodes Positions: 
173.043, 122.466
183.511, 298.375
120.779, 92.7641
59.4325, 336.941
42.168, 154.106
113.706, 179.881
73.3539, 281.926
215.61, 225.805
325.662, 53.3624
199.863, 10.2028
296.362, 249.733
265.237, 141.41
153.298, 330.281
218.945, 269.609
246.968, 82.1641
122.804, 134.273
27.1677, 31.873
232.404, 296.191
335.777, 259.977
91.7405, 216.322
2.85972, 42.3003
61.834, 203.205
284.285, 316.442
256.485, 70.0402
13.7002, 44.8323
317.892, 241.548
307.097, 306.893
19.9305, 158.466
298.464, 341.713
48.437, 7.26733
146.45, 173.566
137.601, 65.0037
348.254, 233.913
275.248, 104.362
188.841, 19.1565
87.2582, 189.208
241.789, 131.227
208.124, 196.17
98.5884, 277.528
161.042, 113.713
All particles start with velocity zero
-- ITERATION 0 --
-------------
Particle: 1:
Relays Coordinates:
84.4352, 114.605
162.986, 223.204
Evaluation Time: 1.04908 seconds
Resulting Fitness: 0.783333
New local best!
New global best!
-------------
Particle: 2:
Relays Coordinates:
29.1861, 194.253
54.0998, 81.1463
Evaluation Time: 0.771789 seconds
Resulting Fitness: 0.5125
New local best!
-------------
Particle: 3:
Relays Coordinates:
35.2555, 96.1696
138.155, 206.653
Evaluation Time: 0.939544 seconds
Resulting Fitness: 0.679167
New local best!
-------------
Particle: 4:
Relays Coordinates:
107.777, 177.763
17.2762, 86.0971
Evaluation Time: 0.908457 seconds
Resulting Fitness: 0.6125
New local best!
-------------
Particle: 5:
Relays Coordinates:
70.246, 86.702
78.6186, 35.468
Evaluation Time: 0.78616 seconds
Resulting Fitness: 0.45
New local best!
-------------
Particle: 6:
Relays Coordinates:
3.42228, 130.415
100.486, 6.83514
Evaluation Time: 0.795453 seconds
Resulting Fitness: 0.479167
New local best!
-------------
Particle: 7:
Relays Coordinates:
119.161, 73.6589
138.638, 180.606
Evaluation Time: 0.985412 seconds
Resulting Fitness: 0.758333
New local best!
-------------
Particle: 8:
Relays Coordinates:
88.5359, 10.0932
143.536, 54.845
Evaluation Time: 0.87638 seconds
Resulting Fitness: 0.55
New local best!
-------------
Particle: 9:
Relays Coordinates:
185.561, 109.008
138.813, 40.0951
Evaluation Time: 0.919891 seconds
Resulting Fitness: 0.6625
New local best!
-------------
Particle: 10:
Relays Coordinates:
95.2024, 167.339
58.4583, 37.6275
Evaluation Time: 0.902491 seconds
Resulting Fitness: 0.591667
New local best!
-------------
Particle: 11:
Relays Coordinates:
127.692, 14.2135
248.525, 16.4157
Evaluation Time: 0.810786 seconds
Resulting Fitness: 0.479167
New local best!
-------------
Particle: 12:
Relays Coordinates:
112.182, 103.49
62.3217, 174.653
Evaluation Time: 0.929848 seconds
Resulting Fitness: 0.679167
New local best!
-------------
Particle: 13:
Relays Coordinates:
25.8963, 219.172
19.4021, 132.944
Evaluation Time: 0.761608 seconds
Resulting Fitness: 0.479167
New local best!
-------------
Particle: 14:
Relays Coordinates:
65.2767, 11.9554
88.3865, 144.066
Evaluation Time: 0.882606 seconds
Resulting Fitness: 0.579167
New local best!
-------------
Particle: 15:
Relays Coordinates:
9.617, 18.4375
58.3017, 42.9138
Evaluation Time: 0.707394 seconds
Resulting Fitness: 0.416667
New local best!
-------------
Particle: 16:
Relays Coordinates:
117.042, 39.4042
115.761, 69.5754
Evaluation Time: 0.845865 seconds
Resulting Fitness: 0.570833
New local best!
-------------
Particle: 17:
Relays Coordinates:
148.011, 145.871
127.378, 60.8133
Evaluation Time: 0.936188 seconds
Resulting Fitness: 0.695833
New local best!
-------------
Particle: 18:
Relays Coordinates:
67.9284, 110.032
99.6518, 180.211
Evaluation Time: 0.895898 seconds
Resulting Fitness: 0.654167
New local best!
-------------
Particle: 19:
Relays Coordinates:
110.758, 39.4552
27.0273, 159.105
Evaluation Time: 0.850231 seconds
Resulting Fitness: 0.570833
New local best!
-------------
Particle: 20:
Relays Coordinates:
188.248, 71.0903
98.4486, 57.505
Evaluation Time: 0.807706 seconds
Resulting Fitness: 0.6375
New local best!
Current global best fitness: 0.783333
Current global best relays: 84.4352, 114.605
162.986, 223.204
Particle 1 new velocities: 0, 0
0, 0
Particle 2 new velocities: 70.5325, -100.209
124.804, 50.398
Particle 3 new velocities: 56.6996, 14.8698
0.725248, 3.56406
Particle 4 new velocities: -20.2572, -15.2352
83.7604, 165.944
Particle 5 new velocities: 10.6815, 18.6543
54.3137, 180.908
Particle 6 new velocities: 96.2342, -1.13708
45.2126, 187.324
Particle 7 new velocities: -16.2397, 31.2922
12.383, 3.25399
Particle 8 new velocities: -1.0687, 40.543
2.89832, 206.691
Particle 9 new velocities: -44.7998, 4.20151
28.4631, 4.61063
Particle 10 new velocities: -3.60435, -21.1786
68.7462, 113.064
Particle 11 new velocities: -29.8128, 32.0151
-97.6551, 143.268
Particle 12 new velocities: -34.6713, 14.2674
9.70254, 48.5202
Particle 13 new velocities: 5.3219, -85.0602
163.825, 58.8835
Particle 14 new velocities: 24.2873, 106.464
25.0343, 4.79685
Particle 15 new velocities: 93.7637, 121.617
68.6563, 88.5384
Particle 16 new velocities: -26.3119, 85.7284
28.0723, 147.927
Particle 17 new velocities: -46.8599, -6.23527
32.844, 35.8494
Particle 18 new velocities: 8.28277, 5.09268
55.9122, 6.09188
Particle 19 new velocities: -1.88621, 12.2961
164.877, 37.7987
Particle 20 new velocities: -97.1323, 55.6573
81.7839, 164.081
-- ITERATION 1 --
-------------
Particle: 1:
Relays Coordinates:
84.4352, 114.605
162.986, 223.204
Evaluation Time: 1.03431 seconds
Resulting Fitness: 0.783333
-------------
Particle: 2:
Relays Coordinates:
99.7186, 94.0437
178.904, 131.544
Evaluation Time: 0.930047 seconds
Resulting Fitness: 0.658333
New local best!
-------------
Particle: 3:
Relays Coordinates:
91.9551, 111.039
138.88, 210.217
Evaluation Time: 0.989958 seconds
Resulting Fitness: 0.7375
New local best!
-------------
Particle: 4:
Relays Coordinates:
70.8907, 131.648
81.8396, 204.153
Evaluation Time: 0.860386 seconds
Resulting Fitness: 0.6
-------------
Particle: 5:
Relays Coordinates:
80.9274, 105.356
132.932, 216.376
Evaluation Time: 0.942853 seconds
Resulting Fitness: 0.7375
New local best!
-------------
Particle: 6:
Relays Coordinates:
89.6909, 116.35
131.129, 174.743
Evaluation Time: 0.946286 seconds
Resulting Fitness: 0.725
New local best!
-------------
Particle: 7:
Relays Coordinates:
102.921, 104.951
151.021, 183.86
Evaluation Time: 0.93894 seconds
Resulting Fitness: 0.7375
-------------
Particle: 8:
Relays Coordinates:
57.3872, 33.2224
96.0754, 171.594
Evaluation Time: 0.904666 seconds
Resulting Fitness: 0.620833
New local best!
-------------
Particle: 9:
Relays Coordinates:
114.016, 91.7
135.494, 36.2116
Evaluation Time: 0.855821 seconds
Resulting Fitness: 0.591667
-------------
Particle: 10:
Relays Coordinates:
74.1944, 118.39
103.036, 122.06
Evaluation Time: 0.873317 seconds
Resulting Fitness: 0.620833
New local best!
-------------
Particle: 11:
Relays Coordinates:
97.8792, 46.2286
150.87, 159.683
Evaluation Time: 0.94193 seconds
Resulting Fitness: 0.7125
New local best!
-------------
Particle: 12:
Relays Coordinates:
77.5103, 117.758
72.0242, 223.173
Evaluation Time: 0.916656 seconds
Resulting Fitness: 0.65
-------------
Particle: 13:
Relays Coordinates:
28.0963, 120.7
164.904, 172.644
Evaluation Time: 0.913485 seconds
Resulting Fitness: 0.7125
New local best!
-------------
Particle: 14:
Relays Coordinates:
89.564, 118.42
113.421, 148.863
Evaluation Time: 0.916904 seconds
Resulting Fitness: 0.645833
New local best!
-------------
Particle: 15:
Relays Coordinates:
83.7383, 113.444
102.836, 106.476
Evaluation Time: 0.851596 seconds
Resulting Fitness: 0.579167
New local best!
-------------
Particle: 16:
Relays Coordinates:
90.7299, 125.133
143.833, 217.503
Evaluation Time: 1.00756 seconds
Resulting Fitness: 0.704167
New local best!
-------------
Particle: 17:
Relays Coordinates:
81.9326, 113.105
129.78, 78.2968
Evaluation Time: 0.859454 seconds
Resulting Fitness: 0.6125
-------------
Particle: 18:
Relays Coordinates:
76.2112, 115.125
155.564, 186.303
Evaluation Time: 0.971616 seconds
Resulting Fitness: 0.75
New local best!
-------------
Particle: 19:
Relays Coordinates:
97.9847, 46.5761
172.714, 177.213
Evaluation Time: 1.00509 seconds
Resulting Fitness: 0.745833
New local best!
-------------
Particle: 20:
Relays Coordinates:
82.0041, 114.073
162.209, 199.427
Evaluation Time: 0.985862 seconds
Resulting Fitness: 0.754167
New local best!
Current global best fitness: 0.783333
Current global best relays: 84.4352, 114.605
162.986, 223.204
Particle 1 new velocities: 0, 0
0, 0
Particle 2 new velocities: 37.5753, -56.9272
92.0886, 71.935
Particle 3 new velocities: 36.9227, 11.9657
27.7037, 3.19251
Particle 4 new velocities: -3.95108, 7.91547
142.605, 62.2075
Particle 5 new velocities: 9.09547, 21.4466
59.4004, 152.653
Particle 6 new velocities: 76.3616, -1.77577
66.8814, 179.045
Particle 7 new velocities: -12.6374, -5.62294
-4.72455, 24.7861
Particle 8 new velocities: 18.1334, 45.5474
15.9189, 229.88
Particle 9 new velocities: 57.9304, 38.9393
36.5949, 219.442
Particle 10 new velocities: -2.75037, -17.6108
79.9602, 132.615
Particle 11 new velocities: -37.9807, 55.8755
-66.6508, 155.206
Particle 12 new velocities: 6.14053, -9.06773
86.731, 0.916991
Particle 13 new velocities: 66.467, -73.7277
129.231, 89.95
Particle 14 new velocities: 12.8147, 82.7416
48.1173, 11.7872
Particle 15 new velocities: 75.5532, 98.3998
60.8943, 150.448
Particle 16 new velocities: -21.2972, 58.7422
38.8461, 119.615
Particle 17 new velocities: 35.0481, -1.75539
62.8577, 55.3528
Particle 18 new velocities: 10.4816, 3.65372
46.8409, 14.7063
Particle 19 new velocities: -13.64, 83.8768
126.954, 55.4963
Particle 20 new velocities: -75.6874, 44.8911
65.7699, 158.831
-- ITERATION 2 --
-------------
Particle: 1:
Relays Coordinates:
84.4352, 114.605
162.986, 223.204
Evaluation Time: 1.01648 seconds
Resulting Fitness: 0.783333
-------------
Particle: 2:
Relays Coordinates:
90.0785, 24.3521
177.798, 133.503
Evaluation Time: 0.926939 seconds
Resulting Fitness: 0.666667
New local best!
-------------
Particle: 3:
Relays Coordinates:
104.391, 99.6342
134.933, 172.861
Evaluation Time: 0.931182 seconds
Resulting Fitness: 0.7375
-------------
Particle: 4:
Relays Coordinates:
48.799, 101.742
163.62, 194.177
Evaluation Time: 0.998485 seconds
Resulting Fitness: 0.7375
New local best!
-------------
Particle: 5:
Relays Coordinates:
53.1576, 74.8758
113.57, 206.672
Evaluation Time: 0.90795 seconds
Resulting Fitness: 0.695833
-------------
Particle: 6:
Relays Coordinates:
98.0524, 67.6552
116.923, 206.672
Evaluation Time: 0.91029 seconds
Resulting Fitness: 0.741667
New local best!
-------------
Particle: 7:
Relays Coordinates:
90.2834, 99.3282
146.297, 208.646
Evaluation Time: 0.9618 seconds
Resulting Fitness: 0.758333
-------------
Particle: 8:
Relays Coordinates:
40.1348, 41.8615
59.5183, 186.004
Evaluation Time: 0.822103 seconds
Resulting Fitness: 0.554167
-------------
Particle: 9:
Relays Coordinates:
112.814, 85.7124
112.907, 167.735
Evaluation Time: 0.899707 seconds
Resulting Fitness: 0.716667
New local best!
-------------
Particle: 10:
Relays Coordinates:
57.8697, 81.631
148.227, 206.287
Evaluation Time: 0.961872 seconds
Resulting Fitness: 0.7375
New local best!
-------------
Particle: 11:
Relays Coordinates:
39.2994, 66.9905
55.2562, 206.599
Evaluation Time: 0.823652 seconds
Resulting Fitness: 0.570833
-------------
Particle: 12:
Relays Coordinates:
83.6508, 108.69
158.755, 224.09
Evaluation Time: 1.03674 seconds
Resulting Fitness: 0.75
New local best!
-------------
Particle: 13:
Relays Coordinates:
45.2294, 22.4668
140.684, 125.598
Evaluation Time: 0.949134 seconds
Resulting Fitness: 0.6375
-------------
Particle: 14:
Relays Coordinates:
67.1706, 131.982
105.985, 105.402
Evaluation Time: 0.857651 seconds
Resulting Fitness: 0.629167
-------------
Particle: 15:
Relays Coordinates:
84.654, 112.582
87.0129, 136.54
Evaluation Time: 0.850891 seconds
Resulting Fitness: 0.583333
New local best!
-------------
Particle: 16:
Relays Coordinates:
50.6164, 134.045
133.173, 245.758
Evaluation Time: 0.882475 seconds
Resulting Fitness: 0.6375
-------------
Particle: 17:
Relays Coordinates:
105.283, 100.215
173.374, 120.285
Evaluation Time: 0.892986 seconds
Resulting Fitness: 0.658333
-------------
Particle: 18:
Relays Coordinates:
86.6928, 118.779
202.405, 201.009
Evaluation Time: 1.02118 seconds
Resulting Fitness: 0.866667
New local best!
New global best!
-------------
Particle: 19:
Relays Coordinates:
49.8047, 77.0311
176.951, 137.413
Evaluation Time: 0.921928 seconds
Resulting Fitness: 0.691667
-------------
Particle: 20:
Relays Coordinates:
3.02128, 76.032
109.042, 167.404
Evaluation Time: 0.922602 seconds
Resulting Fitness: 0.604167
Current global best fitness: 0.866667
Current global best relays: 86.6928, 118.779
202.405, 201.009
Particle 1 new velocities: 1.78795, 5.16128
11.7205, -12.1153
Particle 2 new velocities: 28.9148, 28.2315
91.8934, 105.039
Particle 3 new velocities: 17.7356, 48.6145
64.1653, 60.0998
Particle 4 new velocities: 15.3547, 23.6624
154.032, 50.6862
Particle 5 new velocities: 26.3863, 106.357
86.1676, 0.0187858
Particle 6 new velocities: 47.5649, 31.4602
90.4528, -0.509051
Particle 7 new velocities: 26.0668, -16.7551
31.6754, 5.1024
Particle 8 new velocities: 53.5294, 118.508
221.741, 9.63618
Particle 9 new velocities: 21.4487, 68.3218
72.4549, 215.828
Particle 10 new velocities: 5.25456, 11.1079
93.6552, 100.494
Particle 11 new velocities: 88.06, 47.5055
164.227, 57.6106
Particle 12 new velocities: 6.83242, -5.18586
69.3998, -24.8955
Particle 13 new velocities: 81.3298, -51.507
185.973, 114.623
Particle 14 new velocities: 54.3905, 31.9096
160.647, 94.7557
Particle 15 new velocities: 60.5721, 79.6335
137.686, 145.787
Particle 16 new velocities: 64.2532, 28.0279
86.4832, 72.3088
Particle 17 new velocities: 85.4401, 7.04167
47.1964, -41.7079
Particle 18 new velocities: 8.38529, 2.92298
37.4727, 11.765
Particle 19 new velocities: 59.3147, 77.1799
117.948, 142.721
Particle 20 new velocities: 111.084, 94.9144
145.301, 63.2717
-- ITERATION 3 --
-------------
Particle: 1:
Relays Coordinates:
86.2232, 119.766
174.706, 211.089
Evaluation Time: 1.03663 seconds
Resulting Fitness: 0.8125
New local best!
-------------
Particle: 2:
Relays Coordinates:
70.2643, 31.0501
159.25, 140.856
Evaluation Time: 0.909535 seconds
Resulting Fitness: 0.683333
New local best!
-------------
Particle: 3:
Relays Coordinates:
89.0303, 108.073
145.142, 169.829
Evaluation Time: 0.926087 seconds
Resulting Fitness: 0.716667
-------------
Particle: 4:
Relays Coordinates:
34.0939, 66.6448
168.814, 130.13
Evaluation Time: 0.952359 seconds
Resulting Fitness: 0.670833
-------------
Particle: 5:
Relays Coordinates:
57.9875, 132.118
145.609, 150.677
Evaluation Time: 0.908039 seconds
Resulting Fitness: 0.675
-------------
Particle: 6:
Relays Coordinates:
117.95, 80.2835
167.975, 166.992
Evaluation Time: 0.962331 seconds
Resulting Fitness: 0.733333
-------------
Particle: 7:
Relays Coordinates:
116.35, 82.573
177.972, 213.748
Evaluation Time: 1.01368 seconds
Resulting Fitness: 0.845833
New local best!
-------------
Particle: 8:
Relays Coordinates:
75.868, 129.899
227.82, 158.469
Evaluation Time: 1.0573 seconds
Resulting Fitness: 0.833333
New local best!
-------------
Particle: 9:
Relays Coordinates:
97.8776, 112.291
135.129, 255.15
Evaluation Time: 0.955701 seconds
Resulting Fitness: 0.75
New local best!
-------------
Particle: 10:
Relays Coordinates:
33.5468, 49.2852
128.546, 163.036
Evaluation Time: 0.928909 seconds
Resulting Fitness: 0.666667
-------------
Particle: 11:
Relays Coordinates:
103.161, 92.7417
177.781, 214.01
Evaluation Time: 0.996589 seconds
Resulting Fitness: 0.8125
New local best!
-------------
Particle: 12:
Relays Coordinates:
81.4349, 93.1536
205.34, 179.275
Evaluation Time: 1.0101 seconds
Resulting Fitness: 0.841667
New local best!
-------------
Particle: 13:
Relays Coordinates:
60.5329, 0
156.239, 114.897
Evaluation Time: 0.883067 seconds
Resulting Fitness: 0.625
-------------
Particle: 14:
Relays Coordinates:
88.6181, 119.477
194.375, 145.915
Evaluation Time: 0.970755 seconds
Resulting Fitness: 0.733333
New local best!
-------------
Particle: 15:
Relays Coordinates:
85.7546, 113.502
132.682, 166.711
Evaluation Time: 0.904822 seconds
Resulting Fitness: 0.708333
New local best!
-------------
Particle: 16:
Relays Coordinates:
83.74, 118.151
160.13, 231.871
Evaluation Time: 1.00895 seconds
Resulting Fitness: 0.775
New local best!
-------------
Particle: 17:
Relays Coordinates:
125.133, 70.3709
144.716, 51.5542
Evaluation Time: 0.82312 seconds
Resulting Fitness: 0.6
-------------
Particle: 18:
Relays Coordinates:
85.5702, 109.532
215.89, 191.496
Evaluation Time: 1.068 seconds
Resulting Fitness: 0.875
New local best!
New global best!
-------------
Particle: 19:
Relays Coordinates:
71.5933, 101.178
193.483, 183.796
Evaluation Time: 0.999211 seconds
Resulting Fitness: 0.8125
New local best!
-------------
Particle: 20:
Relays Coordinates:
83.1824, 124.62
185.416, 168.162
Evaluation Time: 0.995651 seconds
Resulting Fitness: 0.725
Current global best fitness: 0.875
Current global best relays: 85.5702, 109.532
215.89, 191.496
Particle 1 new velocities: 0.688271, 2.30396
55.3277, -15.7419
Particle 2 new velocities: 38.3251, 115.243
121.137, 143.018
Particle 3 new velocities: 13.2164, 45.329
62.136, 58.2921
Particle 4 new velocities: 39.6742, 57.23
157.595, 86.1248
Particle 5 new velocities: 80.8226, 20.6196
142.327, 29.081
Particle 6 new velocities: -26.3652, 23.3323
40.0404, 64.3132
Particle 7 new velocities: 18.3206, 11.9483
68.4673, -0.236723
Particle 8 new velocities: 44.1723, 89.2283
168.413, 34.8337
Particle 9 new velocities: 1.60808, 53.0689
100.126, -58.237
Particle 10 new velocities: 53.9153, 87.3442
135.757, 140.242
Particle 11 new velocities: 67.9914, 53.899
154.863, 31.739
Particle 12 new velocities: 9.53793, -2.52084
60.2657, -5.38982
Particle 13 new velocities: 39.6374, 261.225
164.323, 225.104
Particle 14 new velocities: 40.1461, 12.9047
146.825, 96.0641
Particle 15 new velocities: 48.2952, 58.702
190.065, 142.931
Particle 16 new velocities: 51.8304, 12.5605
138.154, 7.08841
Particle 17 new velocities: 68.0874, 91.3651
95.8976, -27.5426
Particle 18 new velocities: 6.70823, 2.33838
29.9782, 9.41203
Particle 19 new velocities: 58.9469, 68.6847
119.805, 122.019
Particle 20 new velocities: 89.6071, 70.746
84.6989, 60.0462
-- ITERATION 4 --
-------------
Particle: 1:
Relays Coordinates:
78.2203, 109.863
207.031, 175.812
Evaluation Time: 0.991794 seconds
Resulting Fitness: 0.820833
New local best!
-------------
Particle: 2:
Relays Coordinates:
71.2455, 95.9831
183.962, 186.25
Evaluation Time: 0.993594 seconds
Resulting Fitness: 0.804167
New local best!
-------------
Particle: 3:
Relays Coordinates:
82.8198, 124.256
167.896, 184.778
Evaluation Time: 0.977282 seconds
Resulting Fitness: 0.754167
New local best!
-------------
Particle: 4:
Relays Coordinates:
39.2034, 65.8321
173.467, 114.927
Evaluation Time: 0.894381 seconds
Resulting Fitness: 0.658333
-------------
Particle: 5:
Relays Coordinates:
101.193, 111.346
209.905, 131.044
Evaluation Time: 0.94527 seconds
Resulting Fitness: 0.720833
-------------
Particle: 6:
Relays Coordinates:
74.1837, 83.9288
168.492, 187.357
Evaluation Time: 0.951055 seconds
Resulting Fitness: 0.7875
New local best!
-------------
Particle: 7:
Relays Coordinates:
121.204, 85.0692
221.796, 192.16
Evaluation Time: 1.06237 seconds
Resulting Fitness: 0.875
New local best!
-------------
Particle: 8:
Relays Coordinates:
70.8826, 129.393
206.672, 114.143
Evaluation Time: 0.943109 seconds
Resulting Fitness: 0.704167
-------------
Particle: 9:
Relays Coordinates:
72.5251, 120.547
171.501, 143.55
Evaluation Time: 0.965853 seconds
Resulting Fitness: 0.6875
-------------
Particle: 10:
Relays Coordinates:
51.6455, 80.6783
156.068, 179.083
Evaluation Time: 0.945001 seconds
Resulting Fitness: 0.7375
-------------
Particle: 11:
Relays Coordinates:
112.293, 96.211
218.248, 161.236
Evaluation Time: 1.05183 seconds
Resulting Fitness: 0.808333
-------------
Particle: 12:
Relays Coordinates:
66.3192, 66.0713
193.626, 126.763
Evaluation Time: 0.928493 seconds
Resulting Fitness: 0.695833
-------------
Particle: 13:
Relays Coordinates:
53.2346, 138.825
170.36, 180.69
Evaluation Time: 0.975443 seconds
Resulting Fitness: 0.683333
-------------
Particle: 14:
Relays Coordinates:
76.0339, 78.1701
201.475, 142.886
Evaluation Time: 0.971616 seconds
Resulting Fitness: 0.758333
New local best!
-------------
Particle: 15:
Relays Coordinates:
87.9501, 112.983
211.755, 203.156
Evaluation Time: 1.09305 seconds
Resulting Fitness: 0.858333
New local best!
-------------
Particle: 16:
Relays Coordinates:
98.8308, 95.2886
217.449, 174.201
Evaluation Time: 1.07959 seconds
Resulting Fitness: 0.866667
New local best!
-------------
Particle: 17:
Relays Coordinates:
114.095, 95.5035
142.08, 14.1786
Evaluation Time: 0.888873 seconds
Resulting Fitness: 0.6
-------------
Particle: 18:
Relays Coordinates:
74.7456, 90.6147
199.153, 162.736
Evaluation Time: 1.04099 seconds
Resulting Fitness: 0.804167
-------------
Particle: 19:
Relays Coordinates:
85.6474, 111.447
205.549, 200.645
Evaluation Time: 1.05809 seconds
Resulting Fitness: 0.841667
New local best!
-------------
Particle: 20:
Relays Coordinates:
102.03, 115.362
159.5, 134.755
Evaluation Time: 0.926295 seconds
Resulting Fitness: 0.654167
Current global best fitness: 0.875
Current global best relays: 85.5702, 109.532
215.89, 191.496
Particle 1 new velocities: 3.15794, 1.80081
49.5874, -3.4184
Particle 2 new velocities: 44.0368, 97.7771
119.706, 119.66
Particle 3 new velocities: 11.2427, 24.7831
89.9881, 51.6559
Particle 4 new velocities: 72.9152, 108.892
129.967, 208.855
Particle 5 new velocities: 32.8295, 11.9502
-6.48619, 56.4346
Particle 6 new velocities: -11.1221, 20.3793
84.6912, 56.2021
Particle 7 new velocities: -8.97954, 21.394
52.6161, -0.818937
Particle 8 new velocities: 45.424, 53.6795
32.1788, 127.874
Particle 9 new velocities: 30.5205, 18.1415
112.013, 157.646
Particle 10 new velocities: 57.8299, 88.8734
170.079, 149.165
Particle 11 new velocities: 47.2431, 46.7745
70.2019, 101.642
Particle 12 new velocities: 16.7195, 51.7036
82.1079, 132.202
Particle 13 new velocities: 50.3213, 177.026
138.346, 174.36
Particle 14 new velocities: 35.0688, 48.6421
128.209, 125.332
Particle 15 new velocities: 36.7314, 45.8683
154.289, 100.889
Particle 16 new velocities: 38.4488, 17.6383
108.993, 22.3805
Particle 17 new velocities: 92.2667, 134.008
122.81, 130.388
Particle 18 new velocities: 34.3949, 29.9862
52.2843, 43.6041
Particle 19 new velocities: 47.1463, 54.7531
101.122, 86.9802
Particle 20 new velocities: 65.8906, 48.5777
89.3856, 97.7694
-- ITERATION 5 --
-------------
Particle: 1:
Relays Coordinates:
65.9164, 90.4479
207.861, 139.639
Evaluation Time: 0.981463 seconds
Resulting Fitness: 0.754167
-------------
Particle: 2:
Relays Coordinates:
75.6367, 127.126
199.237, 200.707
Evaluation Time: 1.1683 seconds
Resulting Fitness: 0.829167
New local best!
-------------
Particle: 3:
Relays Coordinates:
76.1907, 120.722
208.886, 191.511
Evaluation Time: 1.08412 seconds
Resulting Fitness: 0.8625
New local best!
-------------
Particle: 4:
Relays Coordinates:
66.2049, 103.173
179.175, 191.19
Evaluation Time: 1.01299 seconds
Resulting Fitness: 0.75
New local best!
-------------
Particle: 5:
Relays Coordinates:
108.558, 99.87
164.769, 151.858
Evaluation Time: 0.965828 seconds
Resulting Fitness: 0.695833
-------------
Particle: 6:
Relays Coordinates:
41.3747, 68.4365
166.114, 159.799
Evaluation Time: 1.00732 seconds
Resulting Fitness: 0.704167
-------------
Particle: 7:
Relays Coordinates:
90.9015, 86.2351
222.274, 154.987
Evaluation Time: 1.16914 seconds
Resulting Fitness: 0.829167
-------------
Particle: 8:
Relays Coordinates:
76.3088, 120.114
156.71, 158.787
Evaluation Time: 0.928748 seconds
Resulting Fitness: 0.704167
-------------
Particle: 9:
Relays Coordinates:
60.8474, 81.8944
167.412, 177.853
Evaluation Time: 0.909803 seconds
Resulting Fitness: 0.745833
-------------
Particle: 10:
Relays Coordinates:
58.1797, 90.1067
173.328, 174.444
Evaluation Time: 0.948783 seconds
Resulting Fitness: 0.7625
New local best!
-------------
Particle: 11:
Relays Coordinates:
104.672, 93.8128
189.252, 172.474
Evaluation Time: 0.986281 seconds
Resulting Fitness: 0.779167
-------------
Particle: 12:
Relays Coordinates:
49.0335, 69.5449
162.818, 152.916
Evaluation Time: 0.943202 seconds
Resulting Fitness: 0.7
-------------
Particle: 13:
Relays Coordinates:
44.5774, 135.964
132.888, 150.664
Evaluation Time: 0.892236 seconds
Resulting Fitness: 0.683333
-------------
Particle: 14:
Relays Coordinates:
65.605, 74.8813
194.675, 158.38
Evaluation Time: 0.97272 seconds
Resulting Fitness: 0.7375
-------------
Particle: 15:
Relays Coordinates:
66.2608, 84.42
186.004, 161.582
Evaluation Time: 0.94925 seconds
Resulting Fitness: 0.733333
-------------
Particle: 16:
Relays Coordinates:
100.077, 82.3237
237.976, 143.308
Evaluation Time: 0.958043 seconds
Resulting Fitness: 0.808333
-------------
Particle: 17:
Relays Coordinates:
98.7021, 109.775
126.696, 69.1459
Evaluation Time: 0.865926 seconds
Resulting Fitness: 0.625
-------------
Particle: 18:
Relays Coordinates:
98.2264, 108.541
226.294, 185.706
Evaluation Time: 1.04582 seconds
Resulting Fitness: 0.866667
-------------
Particle: 19:
Relays Coordinates:
87.1259, 109.044
201.207, 188.711
Evaluation Time: 1.08548 seconds
Resulting Fitness: 0.879167
New local best!
New global best!
-------------
Particle: 20:
Relays Coordinates:
110.173, 107.561
163.294, 152.559
Evaluation Time: 0.953074 seconds
Resulting Fitness: 0.7
Current global best fitness: 0.879167
Current global best relays: 87.1259, 109.044
201.207, 188.711
Particle 1 new velocities: 19.1496, 31.9363
31.5278, 40.9027
Particle 2 new velocities: 38.1303, 59.0517
97.1905, 85.3187
Particle 3 new velocities: 9.10093, 17.5838
71.9004, 38.3345
Particle 4 new velocities: 59.7922, 90.3761
109.814, 165.338
Particle 5 new velocities: 1.47044, 29.1092
3.97032, 98.917
Particle 6 new velocities: 38.2274, 60.4852
77.6553, 83.1562
Particle 7 new velocities: 38.1825, 16.9536
40.683, 65.2188
Particle 8 new velocities: 39.6199, 33.1266
81.2597, 114.852
Particle 9 new velocities: 82.7898, 41.5662
101.688, 149.727
Particle 10 new velocities: 69.6519, 78.2743
162.941, 122.718
Particle 11 new velocities: 20.4166, 56.7197
56.2131, 120.122
Particle 12 new velocities: 58.2171, 60.5122
93.9211, 154.977
Particle 13 new velocities: 65.5094, 121.93
126.302, 14.1687
Particle 14 new velocities: 53.8149, 75.3337
108.749, 86.8687
Particle 15 new velocities: 52.7136, 105.28
58.6003, 139.814
Particle 16 new velocities: 28.3492, 40.7271
46.687, 36.7703
Particle 17 new velocities: 146.869, 143.496
185.314, 185.655
Particle 18 new velocities: 27.0869, 25.485
21.3215, 37.4748
Particle 19 new velocities: 37.717, 43.8025
80.8977, 69.5842
Particle 20 new velocities: 15.9821, 43.5777
110.669, 154.351
-- ITERATION 6 --
-------------
Particle: 1:
Relays Coordinates:
76.5594, 110.146
215.45, 162.487
Evaluation Time: 1.03819 seconds
Resulting Fitness: 0.808333
-------------
Particle: 2:
Relays Coordinates:
74.6426, 122.151
194.486, 187.662
Evaluation Time: 1.00808 seconds
Resulting Fitness: 0.841667
New local best!
-------------
Particle: 3:
Relays Coordinates:
55.9598, 90.7422
184.224, 150.802
Evaluation Time: 0.946047 seconds
Resulting Fitness: 0.716667
-------------
Particle: 4:
Relays Coordinates:
82.6667, 126.988
189.605, 229.635
Evaluation Time: 1.08341 seconds
Resulting Fitness: 0.866667
New local best!
-------------
Particle: 5:
Relays Coordinates:
99.0255, 116.081
151.866, 225.697
Evaluation Time: 1.00824 seconds
Resulting Fitness: 0.779167
New local best!
-------------
Particle: 6:
Relays Coordinates:
58.03, 93.984
177.707, 177.114
Evaluation Time: 0.987211 seconds
Resulting Fitness: 0.7375
-------------
Particle: 7:
Relays Coordinates:
104.558, 83.5829
212.995, 178.366
Evaluation Time: 1.03002 seconds
Resulting Fitness: 0.820833
-------------
Particle: 8:
Relays Coordinates:
84.512, 111.712
173.48, 199.483
Evaluation Time: 1.01905 seconds
Resulting Fitness: 0.779167
-------------
Particle: 9:
Relays Coordinates:
84.8164, 72.9023
158.901, 193.433
Evaluation Time: 0.987501 seconds
Resulting Fitness: 0.770833
New local best!
-------------
Particle: 10:
Relays Coordinates:
75.4833, 99.4273
198.564, 175.471
Evaluation Time: 1.01748 seconds
Resulting Fitness: 0.808333
New local best!
-------------
Particle: 11:
Relays Coordinates:
91.1894, 109.738
178.944, 213.303
Evaluation Time: 1.03351 seconds
Resulting Fitness: 0.820833
New local best!
-------------
Particle: 12:
Relays Coordinates:
70.3671, 85.3305
168.447, 202.008
Evaluation Time: 1.00421 seconds
Resulting Fitness: 0.783333
-------------
Particle: 13:
Relays Coordinates:
58.5046, 137.055
137.744, 87.5986
Evaluation Time: 0.852841 seconds
Resulting Fitness: 0.675
-------------
Particle: 14:
Relays Coordinates:
87.0571, 109.507
221.196, 178.787
Evaluation Time: 1.06715 seconds
Resulting Fitness: 0.870833
New local best!
-------------
Particle: 15:
Relays Coordinates:
78.0592, 124.462
160.485, 197.746
Evaluation Time: 0.976651 seconds
Resulting Fitness: 0.754167
-------------
Particle: 16:
Relays Coordinates:
104.025, 99.6711
230.577, 145.864
Evaluation Time: 1.02446 seconds
Resulting Fitness: 0.7875
-------------
Particle: 17:
Relays Coordinates:
105.71, 109.025
134.31, 109.683
Evaluation Time: 0.905823 seconds
Resulting Fitness: 0.620833
-------------
Particle: 18:
Relays Coordinates:
101.504, 108.561
200.568, 180.776
Evaluation Time: 1.06781 seconds
Resulting Fitness: 0.825
-------------
Particle: 19:
Relays Coordinates:
91.0105, 111.425
205.654, 188.297
Evaluation Time: 1.08429 seconds
Resulting Fitness: 0.879167
-------------
Particle: 20:
Relays Coordinates:
82.7704, 99.1619
179.747, 201.364
Evaluation Time: 1.05119 seconds
Resulting Fitness: 0.8
New local best!
Current global best fitness: 0.879167
Current global best relays: 87.1259, 109.044
201.207, 188.711
Particle 1 new velocities: 21.7226, 24.4698
1.88852, 64.3501
Particle 2 new velocities: 35.3404, 38.7989
83.0184, 68.3961
Particle 3 new velocities: 39.6349, 16.9343
80.6432, 86.0297
Particle 4 new velocities: 49.7457, 49.43
98.171, -37.536
Particle 5 new velocities: -7.93167, 18.4139
49.5416, 50.0474
Particle 6 new velocities: 53.1633, 53.1508
83.4309, 93.9143
Particle 7 new velocities: 36.0095, 31.7093
28.3474, 62.9198
Particle 8 new velocities: 20.1217, 37.0354
138.337, 73.1281
Particle 9 new velocities: 68.3829, 67.4336
113.633, 117.978
Particle 10 new velocities: 56.9739, 74.0163
131.198, 104.74
Particle 11 new velocities: 11.5022, 44.9989
64.7047, 72.0335
Particle 12 new velocities: 72.6015, 58.2735
96.9466, 88.7839
Particle 13 new velocities: 25.7959, 68.0517
182.408, 153.826
Particle 14 new velocities: 43.1343, 60.1713
72.3708, 69.6428
Particle 15 new velocities: 63.2659, 50.2854
115.458, 105.567
Particle 16 new velocities: 1.07464, 31.8199
0.848426, 61.0194
Particle 17 new velocities: 135.07, 124.577
196.59, 158.688
Particle 18 new velocities: -4.28939, 22.1984
42.0328, 51.11
Particle 19 new velocities: 28.2756, 31.7729
60.1916, 56.7161
Particle 20 new velocities: 13.5994, 46.5807
89.5532, 113.855
-- ITERATION 7 --
-------------
Particle: 1:
Relays Coordinates:
88.4537, 121.154
195.604, 204.154
Evaluation Time: 1.07998 seconds
Resulting Fitness: 0.833333
New local best!
-------------
Particle: 2:
Relays Coordinates:
80.1776, 117.333
202.301, 186.666
Evaluation Time: 1.08688 seconds
Resulting Fitness: 0.858333
New local best!
-------------
Particle: 3:
Relays Coordinates:
62.7197, 70.6466
173.779, 155.385
Evaluation Time: 0.956855 seconds
Resulting Fitness: 0.720833
-------------
Particle: 4:
Relays Coordinates:
86.8758, 115.748
188.81, 126.036
Evaluation Time: 0.959683 seconds
Resulting Fitness: 0.6875
-------------
Particle: 5:
Relays Coordinates:
73.786, 108.941
163.14, 223.353
Evaluation Time: 1.03605 seconds
Resulting Fitness: 0.770833
-------------
Particle: 6:
Relays Coordinates:
81.0599, 107.261
190.37, 197.58
Evaluation Time: 1.07259 seconds
Resulting Fitness: 0.833333
New local best!
-------------
Particle: 7:
Relays Coordinates:
113.86, 93.3867
195.487, 195.442
Evaluation Time: 1.08356 seconds
Resulting Fitness: 0.866667
-------------
Particle: 8:
Relays Coordinates:
61.7851, 87.834
184.125, 160.974
Evaluation Time: 0.97886 seconds
Resulting Fitness: 0.733333
-------------
Particle: 9:
Relays Coordinates:
111.682, 102.305
198.677, 227.018
Evaluation Time: 1.11026 seconds
Resulting Fitness: 0.870833
New local best!
-------------
Particle: 10:
Relays Coordinates:
86.9052, 113.796
216.356, 183.847
Evaluation Time: 1.08592 seconds
Resulting Fitness: 0.8625
New local best!
-------------
Particle: 11:
Relays Coordinates:
74.8622, 112.803
177.62, 208.01
Evaluation Time: 1.04387 seconds
Resulting Fitness: 0.779167
-------------
Particle: 12:
Relays Coordinates:
104.224, 104.687
193.472, 211.988
Evaluation Time: 1.02927 seconds
Resulting Fitness: 0.8625
New local best!
-------------
Particle: 13:
Relays Coordinates:
49.7786, 121.114
189.046, 142.559
Evaluation Time: 0.976278 seconds
Resulting Fitness: 0.725
New local best!
-------------
Particle: 14:
Relays Coordinates:
85.4186, 111.326
192.609, 162.995
Evaluation Time: 1.01616 seconds
Resulting Fitness: 0.758333
-------------
Particle: 15:
Relays Coordinates:
92.7234, 114.652
181.046, 199.004
Evaluation Time: 1.07131 seconds
Resulting Fitness: 0.7875
-------------
Particle: 16:
Relays Coordinates:
94.5897, 118.342
208.283, 186.195
Evaluation Time: 1.15943 seconds
Resulting Fitness: 0.854167
-------------
Particle: 17:
Relays Coordinates:
103.648, 100.558
142.442, 115.525
Evaluation Time: 0.920499 seconds
Resulting Fitness: 0.629167
-------------
Particle: 18:
Relays Coordinates:
78.7437, 105.915
196.507, 187.828
Evaluation Time: 1.0949 seconds
Resulting Fitness: 0.845833
-------------
Particle: 19:
Relays Coordinates:
96.6217, 115.99
215.335, 198.461
Evaluation Time: 1.04456 seconds
Resulting Fitness: 0.858333
-------------
Particle: 20:
Relays Coordinates:
56.9054, 86.0595
159.019, 186.133
Evaluation Time: 0.926083 seconds
Resulting Fitness: 0.7375
Current global best fitness: 0.879167
Current global best relays: 87.1259, 109.044
201.207, 188.711
Particle 1 new velocities: 16.0948, 4.41077
4.78041, 39.5943
Particle 2 new velocities: 35.4841, 21.5822
65.4359, 56.8123
Particle 3 new velocities: 63.8892, 90.2881
114.656, 99.1307
Particle 4 new velocities: 38.2643, 35.6261
92.6112, 148.992
Particle 5 new velocities: 9.96684, 25.9624
85.2456, 21.5104
Particle 6 new velocities: 45.3859, 43.2902
77.792, 66.4927
Particle 7 new velocities: 35.5273, 24.8559
42.1462, 45.2735
Particle 8 new velocities: 26.8346, 91.0972
125.176, 62.3772
Particle 9 new velocities: 43.3513, 54.5546
92.3646, 59.5606
Particle 10 new velocities: 45.5988, 55.5
85.8771, 89.5683
Particle 11 new velocities: 40.3182, 30.3255
64.8749, 44.1412
Particle 12 new velocities: 45.153, 50.5556
86.3916, 60.7548
Particle 13 new velocities: 22.1111, 50.0494
152.066, 162.693
Particle 14 new velocities: 36.9494, 45.1893
65.0502, 77.9067
Particle 15 new velocities: 43.5594, 37.7431
104.914, 76.4964
Particle 16 new velocities: -4.09121, 13.4491
7.26045, 43.1049
Particle 17 new velocities: 164.384, 122.669
198.737, 149.066
Particle 18 new velocities: 7.97183, 27.5014
47.5235, 46.9511
Particle 19 new velocities: 6.58081, 9.60147
42.0282, 26.7411
Particle 20 new velocities: 46.3393, 61.4165
110.854, 106.34
-- ITERATION 8 --
-------------
Particle: 1:
Relays Coordinates:
94.0936, 113.008
180.346, 219.373
Evaluation Time: 1.02528 seconds
Resulting Fitness: 0.804167
-------------
Particle: 2:
Relays Coordinates:
93.6859, 112.521
216.867, 197.217
Evaluation Time: 1.04015 seconds
Resulting Fitness: 0.866667
New local best!
-------------
Particle: 3:
Relays Coordinates:
92.2979, 117.321
210.269, 185.542
Evaluation Time: 1.03794 seconds
Resulting Fitness: 0.8625
-------------
Particle: 4:
Relays Coordinates:
91.2272, 110.351
205.156, 200.496
Evaluation Time: 1.04344 seconds
Resulting Fitness: 0.845833
-------------
Particle: 5:
Relays Coordinates:
61.0558, 98.3446
181.073, 178.505
Evaluation Time: 1.04792 seconds
Resulting Fitness: 0.720833
-------------
Particle: 6:
Relays Coordinates:
92.179, 109.752
195.49, 192.509
Evaluation Time: 1.02147 seconds
Resulting Fitness: 0.833333
-------------
Particle: 7:
Relays Coordinates:
121.004, 95.7765
192.483, 194.979
Evaluation Time: 1.06505 seconds
Resulting Fitness: 0.870833
-------------
Particle: 8:
Relays Coordinates:
58.1434, 117.397
202.932, 146.541
Evaluation Time: 1.03375 seconds
Resulting Fitness: 0.766667
-------------
Particle: 9:
Relays Coordinates:
101.718, 102.915
190.953, 188.024
Evaluation Time: 1.01478 seconds
Resulting Fitness: 0.845833
-------------
Particle: 10:
Relays Coordinates:
86.9359, 111.075
198.295, 179.387
Evaluation Time: 1.03396 seconds
Resulting Fitness: 0.829167
-------------
Particle: 11:
Relays Coordinates:
93.2961, 115.934
196.421, 204.243
Evaluation Time: 1.06741 seconds
Resulting Fitness: 0.85
New local best!
-------------
Particle: 12:
Relays Coordinates:
98.0064, 101.855
183.618, 178.946
Evaluation Time: 1.0608 seconds
Resulting Fitness: 0.758333
-------------
Particle: 13:
Relays Coordinates:
34.3846, 81.8667
163.153, 146.001
Evaluation Time: 0.921117 seconds
Resulting Fitness: 0.695833
-------------
Particle: 14:
Relays Coordinates:
89.2063, 114.099
187.834, 175.617
Evaluation Time: 0.974438 seconds
Resulting Fitness: 0.733333
-------------
Particle: 15:
Relays Coordinates:
99.3502, 111.096
208.465, 200.84
Evaluation Time: 1.02799 seconds
Resulting Fitness: 0.866667
New local best!
-------------
Particle: 16:
Relays Coordinates:
81.4487, 118.612
193.989, 206.37
Evaluation Time: 1.03974 seconds
Resulting Fitness: 0.8375
-------------
Particle: 17:
Relays Coordinates:
115.379, 96.0919
146.866, 113.898
Evaluation Time: 0.848714 seconds
Resulting Fitness: 0.633333
-------------
Particle: 18:
Relays Coordinates:
70.2395, 108.067
197.665, 190.171
Evaluation Time: 1.04252 seconds
Resulting Fitness: 0.841667
-------------
Particle: 19:
Relays Coordinates:
83.594, 101.729
208.464, 182.413
Evaluation Time: 1.01167 seconds
Resulting Fitness: 0.841667
-------------
Particle: 20:
Relays Coordinates:
67.7389, 96.759
177.064, 191.892
Evaluation Time: 0.983261 seconds
Resulting Fitness: 0.783333
Current global best fitness: 0.879167
Current global best relays: 87.1259, 109.044
201.207, 188.711
Particle 1 new velocities: 10.5865, 12.557
23.6767, -0.0109094
Particle 2 new velocities: 27.83, 14.1325
50.1386, 35.2974
Particle 3 new velocities: 20.6938, 73.3025
82.4258, 87.1985
Particle 4 new velocities: 23.1068, 36.2024
68.6695, 152.147
Particle 5 new velocities: 70.6103, 25.56
45.2182, 94.975
Particle 6 new velocities: 16.3157, 34.3723
55.1361, 53.7254
Particle 7 new velocities: 12.6916, 8.01355
67.4727, 29.9577
Particle 8 new velocities: 30.7999, 79.4346
139.268, 61.222
Particle 9 new velocities: 30.7332, 47.7588
92.4334, 89.0601
Particle 10 new velocities: 36.5323, 47.3344
78.1564, 86.6608
Particle 11 new velocities: 31.3453, 15.8269
57.0982, 18.1077
Particle 12 new velocities: 30.6929, 49.5599
89.3704, 61.5008
Particle 13 new velocities: 52.9668, 100.853
156.743, 181.842
Particle 14 new velocities: 25.7415, 32.1358
74.8963, 80.831
Particle 15 new velocities: 31.9697, 27.9896
82.3351, 55.726
Particle 16 new velocities: 2.04574, 1.15074
42.8783, 10.2619
Particle 17 new velocities: 147.666, 134.827
218.266, 143.39
Particle 18 new velocities: 32.9389, 23.874
64.5332, 37.3016
Particle 19 new velocities: 6.36162, 18.8185
14.6627, 28.5747
Particle 20 new velocities: 63.4733, 63.1648
119.831, 93.8801
-- ITERATION 9 --
-------------
Particle: 1:
Relays Coordinates:
94.2122, 113.009
183.621, 197.426
Evaluation Time: 1.03144 seconds
Resulting Fitness: 0.8125
-------------
Particle: 2:
Relays Coordinates:
98.4279, 102.589
216.274, 188.337
Evaluation Time: 1.04193 seconds
Resulting Fitness: 0.870833
New local best!
-------------
Particle: 3:
Relays Coordinates:
74.1338, 125.068
192.037, 178.945
Evaluation Time: 1.00511 seconds
Resulting Fitness: 0.775
-------------
Particle: 4:
Relays Coordinates:
67.5131, 86.5386
161.691, 206.672
Evaluation Time: 0.991489 seconds
Resulting Fitness: 0.770833
-------------
Particle: 5:
Relays Coordinates:
106.65, 100.363
183.296, 221.519
Evaluation Time: 1.00957 seconds
Resulting Fitness: 0.854167
New local best!
-------------
Particle: 6:
Relays Coordinates:
87.8808, 116.741
203.007, 199.45
Evaluation Time: 1.03459 seconds
Resulting Fitness: 0.8375
New local best!
-------------
Particle: 7:
Relays Coordinates:
108.293, 84.07
210.564, 182.199
Evaluation Time: 1.00655 seconds
Resulting Fitness: 0.8625
-------------
Particle: 8:
Relays Coordinates:
52.5202, 116.227
202.066, 122.682
Evaluation Time: 0.935357 seconds
Resulting Fitness: 0.679167
-------------
Particle: 9:
Relays Coordinates:
96.5566, 109.842
206.588, 201.995
Evaluation Time: 1.02791 seconds
Resulting Fitness: 0.845833
-------------
Particle: 10:
Relays Coordinates:
90.0083, 115.481
201.533, 193.949
Evaluation Time: 1.01403 seconds
Resulting Fitness: 0.858333
-------------
Particle: 11:
Relays Coordinates:
100.96, 106.727
205.35, 180.104
Evaluation Time: 1.03582 seconds
Resulting Fitness: 0.841667
-------------
Particle: 12:
Relays Coordinates:
93.8218, 110.381
199.009, 175.286
Evaluation Time: 1.02921 seconds
Resulting Fitness: 0.845833
-------------
Particle: 13:
Relays Coordinates:
46.4221, 97.1046
170.006, 174.229
Evaluation Time: 0.942512 seconds
Resulting Fitness: 0.725
-------------
Particle: 14:
Relays Coordinates:
93.1077, 118.451
212.811, 207.723
Evaluation Time: 1.03843 seconds
Resulting Fitness: 0.8625
-------------
Particle: 15:
Relays Coordinates:
95.7322, 101.393
211.993, 187.036
Evaluation Time: 1.0908 seconds
Resulting Fitness: 0.8625
-------------
Particle: 16:
Relays Coordinates:
67.6305, 97.0078
191.863, 175.472
Evaluation Time: 1.02893 seconds
Resulting Fitness: 0.775
-------------
Particle: 17:
Relays Coordinates:
113.232, 99.403
150.664, 110.754
Evaluation Time: 0.873693 seconds
Resulting Fitness: 0.625
-------------
Particle: 18:
Relays Coordinates:
83.5745, 106.873
212.38, 184.253
Evaluation Time: 1.0813 seconds
Resulting Fitness: 0.870833
-------------
Particle: 19:
Relays Coordinates:
80.9601, 108.493
200.814, 189.889
Evaluation Time: 1.07491 seconds
Resulting Fitness: 0.870833
-------------
Particle: 20:
Relays Coordinates:
95.6537, 116.584
216.436, 208.328
Evaluation Time: 1.10317 seconds
Resulting Fitness: 0.875
New local best!
Current global best fitness: 0.879167
Current global best relays: 87.1259, 109.044
201.207, 188.711
Particle 1 new velocities: -1.35349, 21.6796
37.5478, -5.86369
Particle 2 new velocities: 21.6302, 13.6777
33.0654, 28.6674
Particle 3 new velocities: 23.003, 43.9317
93.4547, 79.6158
Particle 4 new velocities: 50.7541, 46.4406
92.5388, 23.1828
Particle 5 new velocities: 44.2016, 27.8787
36.3926, 47.1248
Particle 6 new velocities: 12.9521, 26.8884
43.4488, 36.9413
Particle 7 new velocities: 11.9264, 27.353
62.5331, 42.3142
Particle 8 new velocities: 78.8586, 74.7288
137.782, 126.605
Particle 9 new velocities: 36.6575, 34.7668
59.8538, 82.0582
Particle 10 new velocities: 21.3687, 31.3322
68.8975, 57.9073
Particle 11 new velocities: 9.69605, 22.6344
38.5751, 26.9886
Particle 12 new velocities: 28.3415, 31.1044
69.6903, 91.6565
Particle 13 new velocities: 44.185, 94.3021
167.926, 122.617
Particle 14 new velocities: 14.4935, 15.3809
51.1286, 12.5467
Particle 15 new velocities: 21.0988, 40.566
53.903, 51.7582
Particle 16 new velocities: 29.7298, 12.7384
59.8822, 17.788
Particle 17 new velocities: 150.255, 159.396
14.9324, 147.173
Particle 18 new velocities: 31.9817, 23.0864
44.9047, 34.0569
Particle 19 new velocities: 10.2505, 15.7833
12.6692, 21.4663
Particle 20 new velocities: 40.5713, 45.1694
80.8094, 50.7953
-- ITERATION 10 --
-------------
Particle: 1:
Relays Coordinates:
83.5728, 121.22
199.052, 172.406
Evaluation Time: 1.00759 seconds
Resulting Fitness: 0.7875
-------------
Particle: 2:
Relays Coordinates:
108.052, 104.64
224.406, 195.304
Evaluation Time: 1.11832 seconds
Resulting Fitness: 0.879167
New local best!
-------------
Particle: 3:
Relays Coordinates:
70.8127, 123.201
208.124, 188.491
Evaluation Time: 1.11287 seconds
Resulting Fitness: 0.833333
-------------
Particle: 4:
Relays Coordinates:
95.7964, 107.713
205.926, 186.182
Evaluation Time: 1.11226 seconds
Resulting Fitness: 0.858333
-------------
Particle: 5:
Relays Coordinates:
109.971, 93.488
160.153, 195.841
Evaluation Time: 0.995159 seconds
Resulting Fitness: 0.7875
-------------
Particle: 6:
Relays Coordinates:
81.6746, 116.34
199.629, 191.477
Evaluation Time: 1.02791 seconds
Resulting Fitness: 0.845833
New local best!
-------------
Particle: 7:
Relays Coordinates:
97.3778, 90.2526
221.209, 181.856
Evaluation Time: 1.02799 seconds
Resulting Fitness: 0.8375
-------------
Particle: 8:
Relays Coordinates:
86.1976, 125.286
222.974, 163.557
Evaluation Time: 1.06258 seconds
Resulting Fitness: 0.825
-------------
Particle: 9:
Relays Coordinates:
97.1131, 105.419
194.236, 207.075
Evaluation Time: 1.03172 seconds
Resulting Fitness: 0.870833
-------------
Particle: 10:
Relays Coordinates:
90.2153, 118.918
219.049, 204.004
Evaluation Time: 1.07343 seconds
Resulting Fitness: 0.866667
New local best!
-------------
Particle: 11:
Relays Coordinates:
99.59, 116.425
219.533, 186.383
Evaluation Time: 1.05458 seconds
Resulting Fitness: 0.858333
New local best!
-------------
Particle: 12:
Relays Coordinates:
89.0571, 103.143
195.882, 194.601
Evaluation Time: 1.03036 seconds
Resulting Fitness: 0.845833
-------------
Particle: 13:
Relays Coordinates:
48.1524, 101.721
179.591, 157.756
Evaluation Time: 0.939743 seconds
Resulting Fitness: 0.729167
New local best!
-------------
Particle: 14:
Relays Coordinates:
87.1569, 108.403
213.791, 178.418
Evaluation Time: 1.01175 seconds
Resulting Fitness: 0.8375
-------------
Particle: 15:
Relays Coordinates:
94.6331, 114.987
215.376, 193.424
Evaluation Time: 1.07199 seconds
Resulting Fitness: 0.858333
-------------
Particle: 16:
Relays Coordinates:
78.8619, 88.8944
203.913, 156.54
Evaluation Time: 0.985975 seconds
Resulting Fitness: 0.779167
-------------
Particle: 17:
Relays Coordinates:
126.025, 123.783
79.204, 123.366
Evaluation Time: 0.892089 seconds
Resulting Fitness: 0.6625
-------------
Particle: 18:
Relays Coordinates:
93.6005, 105.267
208.401, 176.831
Evaluation Time: 1.03286 seconds
Resulting Fitness: 0.8375
-------------
Particle: 19:
Relays Coordinates:
91.2106, 124.276
213.483, 211.356
Evaluation Time: 1.09108 seconds
Resulting Fitness: 0.829167
-------------
Particle: 20:
Relays Coordinates:
99.308, 117.919
216.692, 188.901
Evaluation Time: 1.07642 seconds
Resulting Fitness: 0.866667
Current global best fitness: 0.879167
Current global best relays: 87.1259, 109.044
201.207, 188.711
Particle 1 new velocities: 8.19574, 15.0492
28.1159, 11.7762
Particle 2 new velocities: 11.4828, 13.6307
18.3705, 20.6383
Particle 3 new velocities: 42.1805, 20.3758
70.668, 66.6919
Particle 4 new velocities: 34.1671, 57.5455
68.9809, 71.1704
Particle 5 new velocities: 30.2904, 28.1478
49.8314, 58.8041
Particle 6 new velocities: 16.3567, 20.2298
36.6582, 29.4964
Particle 7 new velocities: 35.1453, 21.6921
25.3402, 42.3577
Particle 8 new velocities: 55.4775, 46.1316
84.0749, 98.3013
Particle 9 new velocities: 48.1815, 30.6641
54.9468, 78.6527
Particle 10 new velocities: 14.8126, 19.2939
39.6866, 39.8794
Particle 11 new velocities: -8.23401, 14.3959
30.686, 22.1975
Particle 12 new velocities: 37.9774, 30.3298
59.6371, 83.5989
Particle 13 new velocities: 50.4599, 83.9252
159.886, 120.537
Particle 14 new velocities: 11.5681, 13.6303
41.8395, 18.9397
Particle 15 new velocities: 19.9944, 19.9227
31.4384, 39.3353
Particle 16 new velocities: 28.2339, 16.3211
63.9449, 56.2927
Particle 17 new velocities: 96.7702, 115.286
206.082, 131.598
Particle 18 new velocities: 16.8108, 25.5031
37.909, 37.6133
Particle 19 new velocities: 5.74019, -14.7458
-4.59748, -10.9636
Particle 20 new velocities: 25.2136, 26.6429
59.1769, 51.3305
-- ITERATION 11 --
-------------
Particle: 1:
Relays Coordinates:
82.5917, 122.642
204.451, 165.764
Evaluation Time: 1.07906 seconds
Resulting Fitness: 0.783333
-------------
Particle: 2:
Relays Coordinates:
107.582, 106.444
218.499, 194.348
Evaluation Time: 1.04114 seconds
Resulting Fitness: 0.8375
-------------
Particle: 3:
Relays Coordinates:
82.3721, 104.668
203.239, 186.028
Evaluation Time: 1.0162 seconds
Resulting Fitness: 0.866667
New local best!
-------------
Particle: 4:
Relays Coordinates:
94.7434, 120.474
200.407, 187.61
Evaluation Time: 1.12307 seconds
Resulting Fitness: 0.8375
-------------
Particle: 5:
Relays Coordinates:
113.611, 98.525
170.087, 206.263
Evaluation Time: 1.07196 seconds
Resulting Fitness: 0.808333
-------------
Particle: 6:
Relays Coordinates:
88.2281, 122.912
212.659, 198.876
Evaluation Time: 1.10077 seconds
Resulting Fitness: 0.870833
New local best!
-------------
Particle: 7:
Relays Coordinates:
107.344, 90.6752
199.705, 181.613
Evaluation Time: 1.06458 seconds
Resulting Fitness: 0.8625
-------------
Particle: 8:
Relays Coordinates:
92.953, 112.467
201.455, 171.805
Evaluation Time: 1.053 seconds
Resulting Fitness: 0.795833
-------------
Particle: 9:
Relays Coordinates:
105.92, 99.2049
181.654, 208.295
Evaluation Time: 1.06738 seconds
Resulting Fitness: 0.820833
-------------
Particle: 10:
Relays Coordinates:
85.0726, 111.952
209.576, 197.545
Evaluation Time: 1.07437 seconds
Resulting Fitness: 0.870833
New local best!
-------------
Particle: 11:
Relays Coordinates:
73.9984, 105.965
202.677, 168.95
Evaluation Time: 1.09365 seconds
Resulting Fitness: 0.791667
-------------
Particle: 12:
Relays Coordinates:
92.6081, 97.3018
186.273, 202.808
Evaluation Time: 1.06673 seconds
Resulting Fitness: 0.825
-------------
Particle: 13:
Relays Coordinates:
58.2295, 109.622
200.458, 164.329
Evaluation Time: 1.06697 seconds
Resulting Fitness: 0.7625
New local best!
-------------
Particle: 14:
Relays Coordinates:
79.9673, 98.8474
207.061, 159.86
Evaluation Time: 0.985685 seconds
Resulting Fitness: 0.8
-------------
Particle: 15:
Relays Coordinates:
92.8483, 109.277
199.92, 188.535
Evaluation Time: 1.02534 seconds
Resulting Fitness: 0.866667
-------------
Particle: 16:
Relays Coordinates:
78.0728, 76.7021
195.269, 155.155
Evaluation Time: 0.941308 seconds
Resulting Fitness: 0.7375
-------------
Particle: 17:
Relays Coordinates:
95.906, 102.911
122.806, 109.754
Evaluation Time: 0.883664 seconds
Resulting Fitness: 0.625
-------------
Particle: 18:
Relays Coordinates:
99.3702, 117.693
221.679, 193
Evaluation Time: 1.11631 seconds
Resulting Fitness: 0.858333
-------------
Particle: 19:
Relays Coordinates:
96.9508, 109.53
208.886, 200.392
Evaluation Time: 1.10268 seconds
Resulting Fitness: 0.870833
-------------
Particle: 20:
Relays Coordinates:
100.863, 117.095
223.454, 194.587
Evaluation Time: 1.12495 seconds
Resulting Fitness: 0.833333
Current global best fitness: 0.879167
Current global best relays: 87.1259, 109.044
201.207, 188.711
Particle 1 new velocities: 13.2084, -4.53473
15.7289, 30.7062
Particle 2 new velocities: 1.49361, 11.0866
23.6979, 12.9487
Particle 3 new velocities: 34.5637, 18.0622
55.0628, 54.8152
Particle 4 new velocities: 19.6125, 37.9841
45.2909, 121.455
Particle 5 new velocities: 23.0807, 27.4621
55.4093, 34.3956
Particle 6 new velocities: 11.8653, 9.00016
15.8886, 17.4473
Particle 7 new velocities: 30.43, 32.5434
26.6829, 47.4166
Particle 8 new velocities: 22.9531, 43.657
81.7712, 82.1673
Particle 9 new velocities: 37.9191, 29.3213
55.7432, 72.4134
Particle 10 new velocities: 13.9063, 15.1771
25.7431, 25.4723
Particle 11 new velocities: 45.4324, 23.0006
28.9079, 48.3123
Particle 12 new velocities: 28.2406, 45.7869
61.1197, 52.2458
Particle 13 new velocities: 47.7822, 66.9734
128.751, 121.632
Particle 14 new velocities: 17.1397, 27.6756
50.2856, 69.3177
Particle 15 new velocities: 15.893, 18.1656
32.4235, 51.891
Particle 16 new velocities: 41.1381, 41.7241
89.554, 59.8252
Particle 17 new velocities: 133.378, 133.617
213.557, 148.576
Particle 18 new velocities: -1.36074, 3.55623
6.32396, 26.6016
Particle 19 new velocities: 2.89288, -12.4239
-13.5565, -28.0991
Particle 20 new velocities: 1.23669, 11.0724
35.3741, 41.9836
-- ITERATION 12 --
-------------
Particle: 1:
Relays Coordinates:
95.8, 118.107
220.18, 196.47
Evaluation Time: 1.13181 seconds
Resulting Fitness: 0.858333
New local best!
-------------
Particle: 2:
Relays Coordinates:
98.1677, 105.777
217.977, 186.567
Evaluation Time: 1.06765 seconds
Resulting Fitness: 0.8625
-------------
Particle: 3:
Relays Coordinates:
94.718, 99.4111
209.225, 195.083
Evaluation Time: 1.09475 seconds
Resulting Fitness: 0.866667
-------------
Particle: 4:
Relays Coordinates:
83.3655, 115.516
179.114, 225.309
Evaluation Time: 1.07864 seconds
Resulting Fitness: 0.8125
-------------
Particle: 5:
Relays Coordinates:
110.721, 102.05
182.652, 194.933
Evaluation Time: 1.00176 seconds
Resulting Fitness: 0.7875
-------------
Particle: 6:
Relays Coordinates:
90.0841, 118.721
205.693, 194.691
Evaluation Time: 1.07888 seconds
Resulting Fitness: 0.854167
-------------
Particle: 7:
Relays Coordinates:
111.597, 99.8071
183.374, 185.514
Evaluation Time: 1.06053 seconds
Resulting Fitness: 0.795833
-------------
Particle: 8:
Relays Coordinates:
84.4956, 113.814
206.472, 185.146
Evaluation Time: 1.07189 seconds
Resulting Fitness: 0.854167
New local best!
-------------
Particle: 9:
Relays Coordinates:
104.858, 93.6957
173.063, 204.636
Evaluation Time: 1.03512 seconds
Resulting Fitness: 0.808333
-------------
Particle: 10:
Relays Coordinates:
89.081, 114.416
211.787, 200.716
Evaluation Time: 1.10288 seconds
Resulting Fitness: 0.870833
-------------
Particle: 11:
Relays Coordinates:
96.739, 104.462
187.584, 175.983
Evaluation Time: 1.02829 seconds
Resulting Fitness: 0.766667
-------------
Particle: 12:
Relays Coordinates:
97.8875, 115.902
200.388, 206.593
Evaluation Time: 1.08249 seconds
Resulting Fitness: 0.8375
-------------
Particle: 13:
Relays Coordinates:
62.5989, 104.278
194.394, 168.857
Evaluation Time: 0.971812 seconds
Resulting Fitness: 0.758333
-------------
Particle: 14:
Relays Coordinates:
78.6567, 102.484
208.451, 185.634
Evaluation Time: 1.03146 seconds
Resulting Fitness: 0.825
-------------
Particle: 15:
Relays Coordinates:
97.8672, 114.698
209.109, 216.383
Evaluation Time: 1.10798 seconds
Resulting Fitness: 0.858333
-------------
Particle: 16:
Relays Coordinates:
86.9047, 86.3327
207.636, 156.721
Evaluation Time: 1.03232 seconds
Resulting Fitness: 0.795833
-------------
Particle: 17:
Relays Coordinates:
98.6992, 101.818
144.793, 111.202
Evaluation Time: 0.885694 seconds
Resulting Fitness: 0.629167
-------------
Particle: 18:
Relays Coordinates:
88.2085, 109.124
205.203, 197.641
Evaluation Time: 1.0257 seconds
Resulting Fitness: 0.854167
-------------
Particle: 19:
Relays Coordinates:
99.8437, 97.1066
195.329, 172.293
Evaluation Time: 0.988872 seconds
Resulting Fitness: 0.7875
-------------
Particle: 20:
Relays Coordinates:
82.7004, 103.815
209.651, 191.623
Evaluation Time: 1.15179 seconds
Resulting Fitness: 0.8625
Current global best fitness: 0.879167
Current global best relays: 87.1259, 109.044
201.207, 188.711
Particle 1 new velocities: 6.02802, -11.4802
-7.57188, 21.6941
Particle 2 new velocities: -7.40148, 11.2701
7.47595, 22.3448
Particle 3 new velocities: -1.46079, 17.7182
36.9227, 27.1484
Particle 4 new velocities: 18.4472, 44.7736
57.6877, 68.0263
Particle 5 new velocities: -9.04257, 28.5902
60.3572, 24.0927
Particle 6 new velocities: 5.29816, 2.99366
17.2821, 18.2224
Particle 7 new velocities: 22.1013, 20.9887
87.0514, 48.7397
Particle 8 new velocities: 19.2013, 32.0212
64.4278, 68.3208
Particle 9 new velocities: 26.3253, 42.1254
70.662, 80.6878
Particle 10 new velocities: 8.05095, 2.66588
10.8586, 7.23278
Particle 11 new velocities: 25.3503, 32.9252
83.0739, 54.5989
Particle 12 new velocities: 21.0608, 21.0652
42.7067, 31.5603
Particle 13 new velocities: 39.5011, 60.8287
109.426, 108.201
Particle 14 new velocities: 30.4043, 25.141
44.0432, 48.1468
Particle 15 new velocities: 13.1557, 4.10427
18.0457, 2.12126
Particle 16 new velocities: 49.8249, 43.4113
85.1108, 65.3118
Particle 17 new velocities: 173.937, 122.205
208.472, 99.6483
Particle 18 new velocities: -1.7262, 3.31432
2.57268, 1.8918
Particle 19 new velocities: -10.2564, 13.1661
-7.36282, 11.6638
Particle 20 new velocities: 3.73221, 21.644
30.4926, 48.2788
-- ITERATION 13 --
-------------
Particle: 1:
Relays Coordinates:
91.6453, 95.9642
191.347, 196.348
Evaluation Time: 1.08097 seconds
Resulting Fitness: 0.841667
-------------
Particle: 2:
Relays Coordinates:
81.6896, 105.343
202.907, 188.021
Evaluation Time: 1.08992 seconds
Resulting Fitness: 0.870833
-------------
Particle: 3:
Relays Coordinates:
75.5383, 94.8747
199.379, 180.008
Evaluation Time: 1.03487 seconds
Resulting Fitness: 0.825
-------------
Particle: 4:
Relays Coordinates:
82.4682, 129.834
191.809, 237.601
Evaluation Time: 1.08368 seconds
Resulting Fitness: 0.845833
-------------
Particle: 5:
Relays Coordinates:
91.5102, 117.576
218.708, 197.124
Evaluation Time: 1.06842 seconds
Resulting Fitness: 0.8875
New local best!
New global best!
-------------
Particle: 6:
Relays Coordinates:
85.844, 109.543
200.677, 191.622
Evaluation Time: 1.01733 seconds
Resulting Fitness: 0.870833
-------------
Particle: 7:
Relays Coordinates:
108.295, 97.8446
219.045, 189.745
Evaluation Time: 1.02379 seconds
Resulting Fitness: 0.879167
New local best!
-------------
Particle: 8:
Relays Coordinates:
75.595, 106.314
197.486, 184.777
Evaluation Time: 1.00209 seconds
Resulting Fitness: 0.845833
-------------
Particle: 9:
Relays Coordinates:
106.259, 110.015
197.417, 231.113
Evaluation Time: 1.18555 seconds
Resulting Fitness: 0.875
New local best!
-------------
Particle: 10:
Relays Coordinates:
97.132, 117.082
222.646, 207.949
Evaluation Time: 1.04689 seconds
Resulting Fitness: 0.85
-------------
Particle: 11:
Relays Coordinates:
98.8923, 111.284
219.233, 186.771
Evaluation Time: 1.04611 seconds
Resulting Fitness: 0.85
-------------
Particle: 12:
Relays Coordinates:
96.3481, 110.943
196.907, 192.904
Evaluation Time: 1.03798 seconds
Resulting Fitness: 0.870833
New local best!
-------------
Particle: 13:
Relays Coordinates:
66.9878, 108.327
199.337, 181.778
Evaluation Time: 1.0457 seconds
Resulting Fitness: 0.825
New local best!
-------------
Particle: 14:
Relays Coordinates:
88.3394, 103.376
204.52, 189.362
Evaluation Time: 1.03831 seconds
Resulting Fitness: 0.854167
-------------
Particle: 15:
Relays Coordinates:
99.9206, 106.922
204.439, 196.654
Evaluation Time: 1.04964 seconds
Resulting Fitness: 0.845833
-------------
Particle: 16:
Relays Coordinates:
110.751, 105.093
237.125, 179.846
Evaluation Time: 1.21638 seconds
Resulting Fitness: 0.829167
-------------
Particle: 17:
Relays Coordinates:
117.361, 96.4342
150.664, 90.7643
Evaluation Time: 0.862055 seconds
Resulting Fitness: 0.620833
-------------
Particle: 18:
Relays Coordinates:
86.4824, 112.438
207.775, 199.533
Evaluation Time: 1.08216 seconds
Resulting Fitness: 0.841667
-------------
Particle: 19:
Relays Coordinates:
89.5873, 110.273
187.967, 183.957
Evaluation Time: 1.01797 seconds
Resulting Fitness: 0.808333
-------------
Particle: 20:
Relays Coordinates:
63.0094, 91.4599
175.064, 174.888
Evaluation Time: 1.02596 seconds
Resulting Fitness: 0.766667
Current global best fitness: 0.8875
Current global best relays: 91.5102, 117.576
218.708, 197.124
Particle 1 new velocities: 5.41955, 10.5787
45.2959, 17.5225
Particle 2 new velocities: 50.6941, 14.8885
12.5929, 25.9877
Particle 3 new velocities: 23.4081, 33.7821
45.3403, 38.3297
Particle 4 new velocities: 24.5834, 27.601
45.6977, -6.59513
Particle 5 new velocities: -7.23405, 22.8722
48.2858, 19.2742
Particle 6 new velocities: 7.86836, 30.0229
42.6782, 22.3269
Particle 7 new velocities: 3.56762, 42.3718
69.5025, 42.1594
Particle 8 new velocities: 32.2813, 42.0214
73.9372, 68.0183
Particle 9 new velocities: 13.9751, 39.1717
57.7912, 22.5133
Particle 10 new velocities: -17.8472, -2.68935
-8.77077, -15.183
Particle 11 new velocities: 16.1164, 34.9588
66.6024, 47.8903
Particle 12 new velocities: 14.0692, 17.4158
45.4191, 25.6598
Particle 13 new velocities: 35.8635, 50.7673
108.244, 94.2315
Particle 14 new velocities: 27.9292, 41.2394
52.2654, 27.4107
Particle 15 new velocities: 1.74281, 14.6839
25.4282, 5.98336
Particle 16 new velocities: 15.3475, 24.6871
57.8437, 55.2411
Particle 17 new velocities: 154.163, 197.939
18.7568, 160.13
Particle 18 new velocities: -0.040934, 2.65522
20.678, -10.1888
Particle 19 new velocities: -6.99622, 13.5619
8.63597, 20.1905
Particle 20 new velocities: 80.1757, 59.5683
101.052, 59.6771
-- ITERATION 14 --
-------------
Particle: 1:
Relays Coordinates:
78.6225, 86.2998
191.681, 173.235
Evaluation Time: 0.966495 seconds
Resulting Fitness: 0.791667
-------------
Particle: 2:
Relays Coordinates:
107.231, 97.3874
174.555, 173.347
Evaluation Time: 0.985003 seconds
Resulting Fitness: 0.720833
-------------
Particle: 3:
Relays Coordinates:
89.0518, 115.791
220.248, 196.504
Evaluation Time: 1.03651 seconds
Resulting Fitness: 0.841667
-------------
Particle: 4:
Relays Coordinates:
86.7118, 127.523
192.381, 187.115
Evaluation Time: 1.05398 seconds
Resulting Fitness: 0.766667
-------------
Particle: 5:
Relays Coordinates:
61.4373, 102.387
194.639, 157.754
Evaluation Time: 0.990207 seconds
Resulting Fitness: 0.770833
-------------
Particle: 6:
Relays Coordinates:
84.3411, 125.61
219.02, 192.554
Evaluation Time: 1.13786 seconds
Resulting Fitness: 0.841667
-------------
Particle: 7:
Relays Coordinates:
81.5481, 102.218
210.351, 169.059
Evaluation Time: 1.05394 seconds
Resulting Fitness: 0.825
-------------
Particle: 8:
Relays Coordinates:
78.6418, 108.137
197.867, 184.288
Evaluation Time: 1.0304 seconds
Resulting Fitness: 0.841667
-------------
Particle: 9:
Relays Coordinates:
87.6506, 108.757
186.047, 184.893
Evaluation Time: 1.04031 seconds
Resulting Fitness: 0.779167
-------------
Particle: 10:
Relays Coordinates:
71.3563, 102.953
192.487, 173.489
Evaluation Time: 1.00854 seconds
Resulting Fitness: 0.783333
-------------
Particle: 11:
Relays Coordinates:
83.8414, 106.611
208.374, 171.068
Evaluation Time: 0.994986 seconds
Resulting Fitness: 0.825
-------------
Particle: 12:
Relays Coordinates:
99.3756, 115.523
218.093, 196.708
Evaluation Time: 1.06808 seconds
Resulting Fitness: 0.858333
-------------
Particle: 13:
Relays Coordinates:
67.4807, 104.381
201.804, 181.09
Evaluation Time: 0.999819 seconds
Resulting Fitness: 0.816667
-------------
Particle: 14:
Relays Coordinates:
94.1775, 117.138
207.996, 175.586
Evaluation Time: 1.11952 seconds
Resulting Fitness: 0.8125
-------------
Particle: 15:
Relays Coordinates:
91.4971, 109.446
206.881, 182.374
Evaluation Time: 1.08641 seconds
Resulting Fitness: 0.841667
-------------
Particle: 16:
Relays Coordinates:
91.9258, 94.6094
215.032, 171.379
Evaluation Time: 1.00054 seconds
Resulting Fitness: 0.841667
-------------
Particle: 17:
Relays Coordinates:
129.869, 140.798
81.0332, 120.002
Evaluation Time: 1.06557 seconds
Resulting Fitness: 0.691667
-------------
Particle: 18:
Relays Coordinates:
77.7973, 103.584
205.608, 170.41
Evaluation Time: 1.07345 seconds
Resulting Fitness: 0.8125
-------------
Particle: 19:
Relays Coordinates:
82.5911, 123.835
196.603, 204.147
Evaluation Time: 1.11668 seconds
Resulting Fitness: 0.85
-------------
Particle: 20:
Relays Coordinates:
104.382, 110.1
201.289, 170.998
Evaluation Time: 1.01985 seconds
Resulting Fitness: 0.795833
Current global best fitness: 0.8875
Current global best relays: 91.5102, 117.576
218.708, 197.124
Particle 1 new velocities: 11.4837, 49.7485
52.2923, 56.8194
Particle 2 new velocities: 34.2708, 29.9669
42.8589, 65.4393
Particle 3 new velocities: 20.2803, 20.0169
14.0296, 17.9614
Particle 4 new velocities: 24.242, 17.4376
52.2425, 10.0823
Particle 5 new velocities: 47.8328, 45.3117
64.6018, 86.3396
Particle 6 new velocities: 16.4842, 17.8132
33.5318, 32.3878
Particle 7 new velocities: 42.236, 47.7123
80.4202, 84.2376
Particle 8 new velocities: 41.1723, 39.7491
71.4715, 71.0366
Particle 9 new velocities: 21.784, 40.0218
81.2708, 80.7162
Particle 10 new velocities: 22.709, 15.6884
13.6132, 33.247
Particle 11 new velocities: 16.8102, 44.2053
70.3637, 66.1928
Particle 12 new velocities: 2.81699, 11.66
22.1246, 17.6744
Particle 13 new velocities: 39.4215, 59.2985
95.8603, 86.8742
Particle 14 new velocities: 19.8899, 24.3131
55.2896, 51.79
Particle 15 new velocities: 7.39906, 18.543
30.1486, 24.3621
Particle 16 new velocities: 15.1338, 23.5557
49.6727, 50.6543
Particle 17 new velocities: 122.408, 156.584
238.163, 89.4034
Particle 18 new velocities: 17.5497, 24.491
32.5344, 34.429
Particle 19 new velocities: 5.64677, -14.25
9.65045, 4.69078
Particle 20 new velocities: 45.4574, 60.5952
108.787, 72.0223
-- ITERATION 15 --
-------------
Particle: 1:
Relays Coordinates:
72.986, 110.199
197.618, 186.344
Evaluation Time: 1.01068 seconds
Resulting Fitness: 0.829167
-------------
Particle: 2:
Relays Coordinates:
114.616, 103.157
176.105, 193.417
Evaluation Time: 1.06857 seconds
Resulting Fitness: 0.758333
-------------
Particle: 3:
Relays Coordinates:
88.559, 110.004
189.764, 173.717
Evaluation Time: 0.972707 seconds
Resulting Fitness: 0.75
-------------
Particle: 4:
Relays Coordinates:
89.8726, 117.418
198.145, 159.73
Evaluation Time: 0.978626 seconds
Resulting Fitness: 0.754167
-------------
Particle: 5:
Relays Coordinates:
88.5088, 119.636
209.985, 197.716
Evaluation Time: 1.02685 seconds
Resulting Fitness: 0.858333
-------------
Particle: 6:
Relays Coordinates:
81.6685, 116.173
204.567, 182.203
Evaluation Time: 1.00155 seconds
Resulting Fitness: 0.845833
-------------
Particle: 7:
Relays Coordinates:
90.2386, 109.299
211.972, 184.653
Evaluation Time: 1.02577 seconds
Resulting Fitness: 0.85
-------------
Particle: 8:
Relays Coordinates:
97.0494, 119.787
218.164, 206.813
Evaluation Time: 1.05902 seconds
Resulting Fitness: 0.833333
-------------
Particle: 9:
Relays Coordinates:
79.7778, 108.46
194.875, 193.629
Evaluation Time: 1.01451 seconds
Resulting Fitness: 0.8625
-------------
Particle: 10:
Relays Coordinates:
94.0653, 118.642
206.101, 206.736
Evaluation Time: 1.03787 seconds
Resulting Fitness: 0.858333
-------------
Particle: 11:
Relays Coordinates:
73.375, 109.945
203.2, 172.963
Evaluation Time: 0.998714 seconds
Resulting Fitness: 0.7875
-------------
Particle: 12:
Relays Coordinates:
91.9733, 114.465
216.196, 192.944
Evaluation Time: 1.02173 seconds
Resulting Fitness: 0.870833
-------------
Particle: 13:
Relays Coordinates:
70.1386, 107.39
195.297, 175.811
Evaluation Time: 0.978246 seconds
Resulting Fitness: 0.766667
-------------
Particle: 14:
Relays Coordinates:
92.3946, 114.576
213.262, 184.175
Evaluation Time: 1.06859 seconds
Resulting Fitness: 0.854167
-------------
Particle: 15:
Relays Coordinates:
89.0065, 115.19
213.326, 186.062
Evaluation Time: 1.10294 seconds
Resulting Fitness: 0.870833
New local best!
-------------
Particle: 16:
Relays Coordinates:
86.7183, 95.7137
214.411, 179.847
Evaluation Time: 1.08406 seconds
Resulting Fitness: 0.841667
-------------
Particle: 17:
Relays Coordinates:
97.7372, 115.212
123.663, 81.128
Evaluation Time: 0.84491 seconds
Resulting Fitness: 0.645833
-------------
Particle: 18:
Relays Coordinates:
85.8122, 115.268
214.328, 184.355
Evaluation Time: 1.0304 seconds
Resulting Fitness: 0.8625
-------------
Particle: 19:
Relays Coordinates:
88.2378, 109.585
206.253, 208.838
Evaluation Time: 1.03288 seconds
Resulting Fitness: 0.829167
-------------
Particle: 20:
Relays Coordinates:
98.3096, 111.993
203.441, 159.446
Evaluation Time: 1.00259 seconds
Resulting Fitness: 0.783333
Current global best fitness: 0.8875
Current global best relays: 91.5102, 117.576
218.708, 197.124
Particle 1 new velocities: 63.729, 60.9268
74.8116, 61.1757
Particle 2 new velocities: 17.8314, 39.3091
98.4142, 56.3552
Particle 3 new velocities: 9.68316, 24.5328
34.954, 59.4128
Particle 4 new velocities: 20.4184, 26.2341
48.6942, 44.2065
Particle 5 new velocities: 42.8275, 31.6982
71.1685, 68.3769
Particle 6 new velocities: 22.8302, 18.7992
32.4944, 40.6744
Particle 7 new velocities: 60.3062, 33.8015
68.864, 75.9671
Particle 8 new velocities: 30.7846, 28.2432
54.8372, 25.3003
Particle 9 new velocities: 53.8798, 44.5
69.2997, 123.795
Particle 10 new velocities: 14.5997, 7.65286
26.1277, 16.2481
Particle 11 new velocities: 21.407, 50.3113
71.4905, 83.9787
Particle 12 new velocities: 6.2077, 7.73928
7.7213, 16.3305
Particle 13 new velocities: 52.6212, 54.1767
82.4776, 78.4879
Particle 14 new velocities: 8.6165, 14.0091
58.8239, 50.8342
Particle 15 new velocities: 6.41758, 17.741
29.2451, 22.1026
Particle 16 new velocities: 32.0293, 20.3693
50.1665, 50.9038
Particle 17 new velocities: 175.554, 136.648
288.684, 125.626
Particle 18 new velocities: 14.2323, 19.6326
30.1592, 32.728
Particle 19 new velocities: 4.78458, -10.524
21.506, -17.6626
Particle 20 new velocities: 32.8584, 54.3814
92.4319, 168.916
-- ITERATION 16 --
-------------
Particle: 1:
Relays Coordinates:
89.6987, 112.276
178.741, 162.398
Evaluation Time: 0.943666 seconds
Resulting Fitness: 0.7375
-------------
Particle: 2:
Relays Coordinates:
96.5544, 103.858
200.125, 182.084
Evaluation Time: 1.0193 seconds
Resulting Fitness: 0.85
-------------
Particle: 3:
Relays Coordinates:
88.4179, 121.084
202.247, 209.816
Evaluation Time: 1.04324 seconds
Resulting Fitness: 0.8625
-------------
Particle: 4:
Relays Coordinates:
89.3357, 116.358
199.94, 165.188
Evaluation Time: 1.00926 seconds
Resulting Fitness: 0.775
-------------
Particle: 5:
Relays Coordinates:
95.7442, 110.322
204.961, 193.982
Evaluation Time: 1.02995 seconds
Resulting Fitness: 0.870833
-------------
Particle: 6:
Relays Coordinates:
94.0488, 121.475
213.355, 200.589
Evaluation Time: 1.07105 seconds
Resulting Fitness: 0.85
-------------
Particle: 7:
Relays Coordinates:
109.747, 104.32
204.729, 189.992
Evaluation Time: 1.08103 seconds
Resulting Fitness: 0.8875
New local best!
-------------
Particle: 8:
Relays Coordinates:
93.191, 107.914
199.018, 169.211
Evaluation Time: 1.01827 seconds
Resulting Fitness: 0.783333
-------------
Particle: 9:
Relays Coordinates:
97.4364, 111.508
192.583, 231.403
Evaluation Time: 1.0579 seconds
Resulting Fitness: 0.875
-------------
Particle: 10:
Relays Coordinates:
97.7985, 113.665
209.005, 200.686
Evaluation Time: 1.05506 seconds
Resulting Fitness: 0.845833
-------------
Particle: 11:
Relays Coordinates:
69.0961, 116.827
200.249, 187.311
Evaluation Time: 1.04661 seconds
Resulting Fitness: 0.829167
-------------
Particle: 12:
Relays Coordinates:
88.3629, 109.984
201.526, 188.347
Evaluation Time: 1.06379 seconds
Resulting Fitness: 0.866667
-------------
Particle: 13:
Relays Coordinates:
89.4918, 117.782
202.498, 185.384
Evaluation Time: 1.04896 seconds
Resulting Fitness: 0.845833
New local best!
-------------
Particle: 14:
Relays Coordinates:
73.6371, 93.7384
198.35, 171.322
Evaluation Time: 1.0151 seconds
Resulting Fitness: 0.8
-------------
Particle: 15:
Relays Coordinates:
85.8817, 119.638
218.314, 187.348
Evaluation Time: 1.07039 seconds
Resulting Fitness: 0.858333
-------------
Particle: 16:
Relays Coordinates:
96.1855, 94.0273
214.308, 186.908
Evaluation Time: 1.05091 seconds
Resulting Fitness: 0.858333
-------------
Particle: 17:
Relays Coordinates:
105.879, 97.5756
135.597, 80.1005
Evaluation Time: 0.845896 seconds
Resulting Fitness: 0.6125
-------------
Particle: 18:
Relays Coordinates:
90.0401, 121.41
220.039, 195.375
Evaluation Time: 1.07276 seconds
Resulting Fitness: 0.879167
New local best!
-------------
Particle: 19:
Relays Coordinates:
83.7202, 89.1545
204.983, 172.058
Evaluation Time: 1.02071 seconds
Resulting Fitness: 0.808333
-------------
Particle: 20:
Relays Coordinates:
86.0593, 109.158
194.122, 215.438
Evaluation Time: 1.06056 seconds
Resulting Fitness: 0.854167
Current global best fitness: 0.8875
Current global best relays: 91.5102, 117.576
218.708, 197.124
Particle 1 new velocities: 58.3095, 51.7967
129.155, 85.336
Particle 2 new velocities: 16.125, 36.2791
114.002, 74.644
Particle 3 new velocities: 1.51184, 0.377048
45.0832, 41.0219
Particle 4 new velocities: 6.87072, 39.15
52.0251, 93.8147
Particle 5 new velocities: 32.0377, 27.2215
74.1814, 55.3912
Particle 6 new velocities: 14.1918, 14.3219
26.8509, 30.2465
Particle 7 new velocities: 39.1028, 41.105
58.7994, 65.8051
Particle 8 new velocities: 14.2401, 38.1276
54.7663, 67.4717
Particle 9 new velocities: 52.0428, 36.6411
86.3388, 77.6095
Particle 10 new velocities: 4.19751, 5.23084
28.4425, 12.2881
Particle 11 new velocities: 58.7354, 39.7257
80.0279, 67.3539
Particle 12 new velocities: 13.3262, 8.34903
16.8165, 24.147
Particle 13 new velocities: 42.1735, 43.3391
78.9316, 69.9314
Particle 14 new velocities: 21.4171, 29.982
66.9438, 77.5174
Particle 15 new velocities: 12.9604, 5.33447
19.987, 20.8826
Particle 16 new velocities: 24.4504, 29.8944
47.4806, 51.8296
Particle 17 new velocities: 140.777, 142.595
26.212, 94.9939
Particle 18 new velocities: 12.4539, 11.8489
22.4116, 28.3012
Particle 19 new velocities: 16.0864, 30.4603
20.0731, 17.7925
Particle 20 new velocities: 38.4983, 53.3012
138.878, 115.882
-- ITERATION 17 --
-------------
Particle: 1:
Relays Coordinates:
97.1081, 107.648
202.011, 162.538
Evaluation Time: 1.02301 seconds
Resulting Fitness: 0.804167
-------------
Particle: 2:
Relays Coordinates:
73.929, 91.9438
206.099, 168.439
Evaluation Time: 0.999626 seconds
Resulting Fitness: 0.791667
-------------
Particle: 3:
Relays Coordinates:
65.5588, 88.5448
180.303, 182.861
Evaluation Time: 0.974471 seconds
Resulting Fitness: 0.7625
-------------
Particle: 4:
Relays Coordinates:
77.9272, 125.961
204.091, 209.793
Evaluation Time: 1.0412 seconds
Resulting Fitness: 0.825
-------------
Particle: 5:
Relays Coordinates:
103.503, 111.411
226.105, 201.992
Evaluation Time: 1.13252 seconds
Resulting Fitness: 0.8375
-------------
Particle: 6:
Relays Coordinates:
87.6749, 109.995
194.567, 186.977
Evaluation Time: 1.04352 seconds
Resulting Fitness: 0.85
-------------
Particle: 7:
Relays Coordinates:
108.512, 106.015
192.113, 186.476
Evaluation Time: 1.09017 seconds
Resulting Fitness: 0.833333
-------------
Particle: 8:
Relays Coordinates:
87.0192, 118.294
205.565, 191.713
Evaluation Time: 1.09605 seconds
Resulting Fitness: 0.8625
New local best!
-------------
Particle: 9:
Relays Coordinates:
108.97, 108.001
203.334, 225.27
Evaluation Time: 1.14602 seconds
Resulting Fitness: 0.883333
New local best!
-------------
Particle: 10:
Relays Coordinates:
91.7964, 107.006
213.703, 191.677
Evaluation Time: 1.09333 seconds
Resulting Fitness: 0.8875
New local best!
-------------
Particle: 11:
Relays Coordinates:
93.1891, 114.127
204.322, 185.65
Evaluation Time: 1.10867 seconds
Resulting Fitness: 0.858333
-------------
Particle: 12:
Relays Coordinates:
91.5202, 106.499
196.508, 191.245
Evaluation Time: 1.05778 seconds
Resulting Fitness: 0.85
-------------
Particle: 13:
Relays Coordinates:
95.9841, 117.458
205.162, 186.125
Evaluation Time: 1.11284 seconds
Resulting Fitness: 0.85
New local best!
-------------
Particle: 14:
Relays Coordinates:
69.2945, 90.1922
193.399, 181.404
Evaluation Time: 1.08871 seconds
Resulting Fitness: 0.791667
-------------
Particle: 15:
Relays Coordinates:
88.9579, 112.475
214.471, 187.408
Evaluation Time: 1.0851 seconds
Resulting Fitness: 0.854167
-------------
Particle: 16:
Relays Coordinates:
97.7151, 100.377
212.048, 193.377
Evaluation Time: 1.08814 seconds
Resulting Fitness: 0.8625
-------------
Particle: 17:
Relays Coordinates:
145.647, 141.818
95.5467, 103.392
Evaluation Time: 0.932056 seconds
Resulting Fitness: 0.708333
New local best!
-------------
Particle: 18:
Relays Coordinates:
92.2446, 119.933
218.205, 201.308
Evaluation Time: 1.11266 seconds
Resulting Fitness: 0.845833
-------------
Particle: 19:
Relays Coordinates:
89.8259, 107.653
202.551, 170.865
Evaluation Time: 1.05729 seconds
Resulting Fitness: 0.816667
-------------
Particle: 20:
Relays Coordinates:
66.195, 86.3376
176.97, 176.077
Evaluation Time: 1.01647 seconds
Resulting Fitness: 0.754167
Current global best fitness: 0.8875
Current global best relays: 91.5102, 117.576
218.708, 197.124
Particle 1 new velocities: 43.1545, 54.5472
127.558, 138.046
Particle 2 new velocities: 73.0985, 42.2303
99.1012, 121.33
Particle 3 new velocities: 29.1087, 35.7665
89.4378, 42.3879
Particle 4 new velocities: 15.7546, 29.3514
42.078, 63.0322
Particle 5 new velocities: -8.10934, 29.2502
51.4533, 35.675
Particle 6 new velocities: 11.7851, 30.8147
28.2115, 34.9635
Particle 7 new velocities: 24.2691, 43.6575
65.43, 68.2498
Particle 8 new velocities: 11.6398, 30.1921
43.9348, 59.919
Particle 9 new velocities: 37.2795, 35.0582
85.6002, 46.6695
Particle 10 new velocities: 3.34766, 5.40776
28.9748, 14.1365
Particle 11 new velocities: 53.8255, 34.2666
99.9006, 59.0413
Particle 12 new velocities: 11.8665, 20.3817
17.5342, 21.1029
Particle 13 new velocities: 31.0443, 34.7227
74.1789, 65.1027
Particle 14 new velocities: 45.0137, 59.4084
77.3382, 73.956
Particle 15 new velocities: 13.132, 6.27722
18.6463, 16.6134
Particle 16 new velocities: 19.03, 29.7359
47.4546, 14.2128
Particle 17 new velocities: 60.5758, 84.7537
42.2054, 147.122
Particle 18 new velocities: 8.99029, 8.91014
18.3146, 17.7601
Particle 19 new velocities: 9.01703, 29.7562
29.0774, 75.4193
Particle 20 new velocities: 55.2818, 115.633
156.367, 123.234
-- ITERATION 18 --
-------------
Particle: 1:
Relays Coordinates:
92.0263, 106.416
216.23, 197.213
Evaluation Time: 1.0866 seconds
Resulting Fitness: 0.8625
New local best!
-------------
Particle: 2:
Relays Coordinates:
96.4648, 88.0316
200.242, 190.117
Evaluation Time: 1.07402 seconds
Resulting Fitness: 0.870833
-------------
Particle: 3:
Relays Coordinates:
69.0126, 90.6229
196.641, 164.207
Evaluation Time: 1.01479 seconds
Resulting Fitness: 0.758333
-------------
Particle: 4:
Relays Coordinates:
68.294, 113.223
179.457, 198.889
Evaluation Time: 1.03726 seconds
Resulting Fitness: 0.783333
-------------
Particle: 5:
Relays Coordinates:
69.5422, 102.542
202.34, 173.259
Evaluation Time: 1.05711 seconds
Resulting Fitness: 0.8125
-------------
Particle: 6:
Relays Coordinates:
80.5626, 114.056
180.45, 179.772
Evaluation Time: 0.980056 seconds
Resulting Fitness: 0.75
-------------
Particle: 7:
Relays Coordinates:
96.7971, 109.111
187.749, 185.695
Evaluation Time: 1.04164 seconds
Resulting Fitness: 0.8
-------------
Particle: 8:
Relays Coordinates:
79.9137, 120.274
202.095, 203.822
Evaluation Time: 1.08733 seconds
Resulting Fitness: 0.8125
-------------
Particle: 9:
Relays Coordinates:
106.616, 104.29
210.633, 198.244
Evaluation Time: 1.07604 seconds
Resulting Fitness: 0.85
-------------
Particle: 10:
Relays Coordinates:
77.0667, 91.0555
196.569, 166.709
Evaluation Time: 1.04757 seconds
Resulting Fitness: 0.766667
-------------
Particle: 11:
Relays Coordinates:
107.174, 108.179
221.778, 178.38
Evaluation Time: 1.1362 seconds
Resulting Fitness: 0.841667
-------------
Particle: 12:
Relays Coordinates:
93.048, 114.193
192.638, 191.113
Evaluation Time: 1.04041 seconds
Resulting Fitness: 0.858333
-------------
Particle: 13:
Relays Coordinates:
92.6037, 110.939
203.64, 183.145
Evaluation Time: 1.10676 seconds
Resulting Fitness: 0.854167
New local best!
-------------
Particle: 14:
Relays Coordinates:
92.5897, 121.176
219.297, 206.841
Evaluation Time: 1.11601 seconds
Resulting Fitness: 0.825
-------------
Particle: 15:
Relays Coordinates:
91.8809, 106.877
209.806, 183.619
Evaluation Time: 1.10219 seconds
Resulting Fitness: 0.8625
-------------
Particle: 16:
Relays Coordinates:
94.5636, 105.391
210.197, 168.148
Evaluation Time: 1.02896 seconds
Resulting Fitness: 0.829167
-------------
Particle: 17:
Relays Coordinates:
109.595, 120.41
73.2071, 133.133
Evaluation Time: 0.876539 seconds
Resulting Fitness: 0.65
-------------
Particle: 18:
Relays Coordinates:
91.1114, 115.959
212.868, 197.162
Evaluation Time: 1.03382 seconds
Resulting Fitness: 0.8625
-------------
Particle: 19:
Relays Coordinates:
88.9586, 123.669
208.465, 221.656
Evaluation Time: 1.06077 seconds
Resulting Fitness: 0.816667
-------------
Particle: 20:
Relays Coordinates:
79.701, 132.513
218.702, 196.378
Evaluation Time: 1.09676 seconds
Resulting Fitness: 0.820833
Current global best fitness: 0.8875
Current global best relays: 91.5102, 117.576
218.708, 197.124
Particle 1 new velocities: 33.9344, 49.821
105.138, 110.432
Particle 2 new velocities: 65.9431, 49.9518
95.3673, 105.166
Particle 3 new velocities: 51.6291, 67.0794
81.6624, 91.1721
Particle 4 new velocities: 47.4454, 34.1727
45.0419, 93.5881
Particle 5 new velocities: 39.1874, 40.6228
57.79, 48.6263
Particle 6 new velocities: 20.5722, 34.5325
96.9862, 34.9665
Particle 7 new velocities: 38.2268, 32.6273
71.5326, 69.6213
Particle 8 new velocities: 30.7622, 19.4435
44.5334, 26.352
Particle 9 new velocities: 19.4288, 33.3179
77.3784, 42.8622
Particle 10 new velocities: 35.2111, 30.7952
52.1343, 31.3208
Particle 11 new velocities: 17.8348, 48.1952
75.142, 77.3738
Particle 12 new velocities: 14.0152, 16.2614
27.5412, 23.1724
Particle 13 new velocities: 23.8285, 32.713
68.7905, 55.2661
Particle 14 new velocities: 27.4673, 33.7998
61.9948, 27.151
Particle 15 new velocities: 10.3426, 12.6418
22.8827, 21.4925
Particle 16 new velocities: 15.4713, 17.6726
54.1383, 43.4055
Particle 17 new velocities: 59.0887, 102.364
209.605, 164.693
Particle 18 new velocities: 7.2336, 16.2355
18.9544, 12.4884
Particle 19 new velocities: 8.41734, -1.82918
20.5855, 10.7493
Particle 20 new velocities: 68.4788, 65.713
123.553, 116.715
-- ITERATION 19 --
-------------
Particle: 1:
Relays Coordinates:
74.3786, 92.2565
189.765, 181.661
Evaluation Time: 0.975366 seconds
Resulting Fitness: 0.7875
-------------
Particle: 2:
Relays Coordinates:
106.556, 90.5309
193.949, 193.735
Evaluation Time: 1.01911 seconds
Resulting Fitness: 0.866667
-------------
Particle: 3:
Relays Coordinates:
87.9478, 114.965
202.883, 186.171
Evaluation Time: 1.10535 seconds
Resulting Fitness: 0.8875
New local best!
-------------
Particle: 4:
Relays Coordinates:
93.749, 119.391
181.844, 236.907
Evaluation Time: 1.05995 seconds
Resulting Fitness: 0.8375
-------------
Particle: 5:
Relays Coordinates:
88.0709, 115.963
210.705, 179.727
Evaluation Time: 1.07276 seconds
Resulting Fitness: 0.85
-------------
Particle: 6:
Relays Coordinates:
81.9191, 120.357
224.724, 173.938
Evaluation Time: 1.26156 seconds
Resulting Fitness: 0.841667
-------------
Particle: 7:
Relays Coordinates:
98.4324, 103.327
189.016, 186.126
Evaluation Time: 0.998359 seconds
Resulting Fitness: 0.8125
-------------
Particle: 8:
Relays Coordinates:
89.6475, 113.171
199.769, 186.441
Evaluation Time: 1.02979 seconds
Resulting Fitness: 0.85
-------------
Particle: 9:
Relays Coordinates:
91.8868, 100.316
209.96, 175.766
Evaluation Time: 1.02636 seconds
Resulting Fitness: 0.8375
-------------
Particle: 10:
Relays Coordinates:
101.05, 109.666
223.833, 178.226
Evaluation Time: 1.10216 seconds
Resulting Fitness: 0.845833
-------------
Particle: 11:
Relays Coordinates:
91.1312, 113.997
216.455, 186.445
Evaluation Time: 1.08333 seconds
Resulting Fitness: 0.870833
New local best!
-------------
Particle: 12:
Relays Coordinates:
96.3569, 117.409
198.161, 192.857
Evaluation Time: 1.05164 seconds
Resulting Fitness: 0.870833
-------------
Particle: 13:
Relays Coordinates:
94.3101, 116.359
220.668, 193.113
Evaluation Time: 1.09198 seconds
Resulting Fitness: 0.866667
New local best!
-------------
Particle: 14:
Relays Coordinates:
87.5215, 112.978
205.062, 170.58
Evaluation Time: 1.05966 seconds
Resulting Fitness: 0.808333
-------------
Particle: 15:
Relays Coordinates:
92.0011, 107.567
209.42, 184.6
Evaluation Time: 1.06794 seconds
Resulting Fitness: 0.8625
-------------
Particle: 16:
Relays Coordinates:
89.1282, 99.6816
214.112, 171.358
Evaluation Time: 1.06265 seconds
Resulting Fitness: 0.829167
-------------
Particle: 17:
Relays Coordinates:
89.6457, 118.391
150.298, 158.277
Evaluation Time: 0.984402 seconds
Resulting Fitness: 0.720833
New local best!
-------------
Particle: 18:
Relays Coordinates:
88.5105, 118.975
208.64, 188.685
Evaluation Time: 1.08686 seconds
Resulting Fitness: 0.870833
-------------
Particle: 19:
Relays Coordinates:
87.6384, 109.655
206.146, 209.165
Evaluation Time: 1.08068 seconds
Resulting Fitness: 0.845833
-------------
Particle: 20:
Relays Coordinates:
87.4987, 117.05
202.098, 184.878
Evaluation Time: 1.02265 seconds
Resulting Fitness: 0.854167
Current global best fitness: 0.8875
Current global best relays: 91.5102, 117.576
218.708, 197.124
Particle 1 new velocities: 31.012, 48.0584
122.784, 116.546
Particle 2 new velocities: 46.1976, 64.2843
104.189, 88.3717
Particle 3 new velocities: 42.169, 56.131
83.139, 87.0368
Particle 4 new velocities: 29.2856, 34.5145
76.0124, 24.5922
Particle 5 new velocities: 35.2683, 34.9103
59.2918, 63.6311
Particle 6 new velocities: 23.6656, 27.2491
68.443, 49.0597
Particle 7 new velocities: 32.7629, 38.2003
114.318, 60.5013
Particle 8 new velocities: 26.188, 18.347
44.6904, 37.233
Particle 9 new velocities: 16.3806, 36.3954
66.8533, 92.4806
Particle 10 new velocities: 6.04612, 28.7154
25.2737, 47.6234
Particle 11 new velocities: 14.5949, 40.3955
60.4965, 74.1585
Particle 12 new velocities: 5.65655, 3.24318
45.4997, 21.1978
Particle 13 new velocities: 18.9388, 26.2406
54.0889, 48.9543
Particle 14 new velocities: 26.7695, 25.175
83.3342, 62.2175
Particle 15 new velocities: 4.06776, 29.7607
24.2198, 33.9623
Particle 16 new velocities: 16.4019, 33.0298
49.2253, 55.7254
Particle 17 new velocities: 47.4132, 80.9649
233.894, 132.075
Particle 18 new velocities: 9.81899, 14.2446
44.7991, 20.7417
Particle 19 new velocities: 9.77664, 4.02418
21.29, -16.6748
Particle 20 new velocities: 65.2357, 52.283
125.636, 124.037
-- ITERATION 20 --
-------------
Particle: 1:
Relays Coordinates:
62.2321, 82.8545
184.557, 176.089
Evaluation Time: 1.02024 seconds
Resulting Fitness: 0.754167
-------------
Particle: 2:
Relays Coordinates:
100.222, 101.574
195.608, 185.09
Evaluation Time: 1.05885 seconds
Resulting Fitness: 0.816667
-------------
Particle: 3:
Relays Coordinates:
85.3696, 112.256
187.659, 179.252
Evaluation Time: 0.964066 seconds
Resulting Fitness: 0.791667
-------------
Particle: 4:
Relays Coordinates:
89.6922, 112.197
187.978, 190.633
Evaluation Time: 0.994993 seconds
Resulting Fitness: 0.8
-------------
Particle: 5:
Relays Coordinates:
89.9143, 109.987
196.828, 177.408
Evaluation Time: 0.997221 seconds
Resulting Fitness: 0.795833
-------------
Particle: 6:
Relays Coordinates:
76.9713, 107.605
213.719, 162.565
Evaluation Time: 1.009 seconds
Resulting Fitness: 0.816667
-------------
Particle: 7:
Relays Coordinates:
95.6414, 103.174
221.131, 179.791
Evaluation Time: 1.04377 seconds
Resulting Fitness: 0.879167
-------------
Particle: 8:
Relays Coordinates:
93.8268, 106.53
198.012, 181.176
Evaluation Time: 1.03903 seconds
Resulting Fitness: 0.841667
-------------
Particle: 9:
Relays Coordinates:
71.0342, 89.6964
181.617, 175.997
Evaluation Time: 0.976367 seconds
Resulting Fitness: 0.758333
-------------
Particle: 10:
Relays Coordinates:
86.7478, 112.089
201.776, 182.938
Evaluation Time: 1.01814 seconds
Resulting Fitness: 0.85
-------------
Particle: 11:
Relays Coordinates:
77.0743, 112.552
201.898, 189.98
Evaluation Time: 1.02458 seconds
Resulting Fitness: 0.8375
-------------
Particle: 12:
Relays Coordinates:
91.8121, 108.587
219.295, 192.649
Evaluation Time: 1.04313 seconds
Resulting Fitness: 0.841667
-------------
Particle: 13:
Relays Coordinates:
91.7316, 115.505
222.553, 196.075
Evaluation Time: 1.10332 seconds
Resulting Fitness: 0.825
-------------
Particle: 14:
Relays Coordinates:
83.3182, 100.713
210.241, 169.71
Evaluation Time: 1.00391 seconds
Resulting Fitness: 0.804167
-------------
Particle: 15:
Relays Coordinates:
86.462, 123.595
210.275, 196.706
Evaluation Time: 1.09387 seconds
Resulting Fitness: 0.858333
-------------
Particle: 16:
Relays Coordinates:
85.4794, 107.496
213.303, 183.938
Evaluation Time: 1.04732 seconds
Resulting Fitness: 0.804167
-------------
Particle: 17:
Relays Coordinates:
80.9319, 117.718
206.672, 171.45
Evaluation Time: 1.03543 seconds
Resulting Fitness: 0.795833
New local best!
-------------
Particle: 18:
Relays Coordinates:
79.6469, 107.908
205.286, 169.636
Evaluation Time: 1.03592 seconds
Resulting Fitness: 0.804167
-------------
Particle: 19:
Relays Coordinates:
97.415, 113.68
227.436, 192.49
Evaluation Time: 1.11821 seconds
Resulting Fitness: 0.85
-------------
Particle: 20:
Relays Coordinates:
100.209, 111.1
215.027, 202.679
Evaluation Time: 1.01855 seconds
Resulting Fitness: 0.883333
New local best!
Final Evaluation Time: 425.07 seconds
Final global best fitness: 0.8875
Final global best relays:
91.5102, 117.576
218.708, 197.124
