ITERATION: 0
new best fitness: 0.161111
ITERATION: 1
new best fitness: 0.333333
ITERATION: 7
new best fitness: 0.413889
ITERATION: 21
new best fitness: 0.422222
ITERATION: 46
new best fitness: 0.45
ITERATION: 50
new best fitness: 0.455556
ITERATION: 124
new best fitness: 0.477778
ITERATION: 228
new best fitness: 0.491667
ITERATION: 376
new best fitness: 0.536111
Final Evaluation Time: 598.533 seconds
Final global best fitness: 0.536111
Final global best relays:
165.008, 383.404
212.801, 163.758
133.438, 240.037
76.2469, 113.443
