ITERATION: 0
new best fitness: 0.175
ITERATION: 1
new best fitness: 0.191667
ITERATION: 4
new best fitness: 0.202778
ITERATION: 6
new best fitness: 0.216667
ITERATION: 12
new best fitness: 0.225
ITERATION: 14
new best fitness: 0.280556
ITERATION: 59
new best fitness: 0.313889
ITERATION: 91
new best fitness: 0.366667
ITERATION: 173
new best fitness: 0.377778
Final Evaluation Time: 612.923 seconds
Final global best fitness: 0.377778
Final global best relays:
347.39, 450.472
311.509, 308.211
162.3, 125.887
88.6503, 63.1207
102.713, 285.713
217.714, 229.023
