ITERATION: 0
new best fitness: 0.461111
ITERATION: 1
new best fitness: 0.513889
ITERATION: 2
new best fitness: 0.527778
ITERATION: 7
new best fitness: 0.536111
ITERATION: 17
new best fitness: 0.575
ITERATION: 20
new best fitness: 0.577778
ITERATION: 34
new best fitness: 0.597222
ITERATION: 113
new best fitness: 0.677778
ITERATION: 156
new best fitness: 0.708333
Final Evaluation Time: 621.353 seconds
Final global best fitness: 0.708333
Final global best relays:
67.0064, 109.873
332.203, 436.877
166.661, 204.694
228.068, 333.709
