ITERATION: 0
new best fitness: 0.445238
ITERATION: 1
new best fitness: 0.488095
ITERATION: 2
new best fitness: 0.492857
ITERATION: 4
new best fitness: 0.602381
ITERATION: 29
new best fitness: 0.619048
ITERATION: 85
new best fitness: 0.621429
ITERATION: 151
new best fitness: 0.661905
Final Evaluation Time: 1066.3 seconds
Final global best fitness: 0.661905
Final global best relays:
189.255, 169.456
184.584, 312.433
473.094, 449.312
77.8022, 81.9049
438.367, 381.621
300.638, 113.51
439.115, 241.02
433.111, 144.47
