PSO EXECUTION
============================
Seed: 60466
Particles: 20
Relays: 2
Iterations: 20
Backend: Simulation
Network Configuration: 3
Area: 500 x 500
Sink: 0, 0
Simulated Relay range: 155
w: 0.8
c1: 1.7
c2: 1.3

Relay Nodes Positions: 
PARTICLE 1: 
77.2854, 115.923
50.365, 137.385
PARTICLE 2: 
58.4431, 204.715
72.5694, 54.7026
PARTICLE 3: 
61.4576, 161.143
93.2524, 17.0792
PARTICLE 4: 
83.2881, 61.3054
167.203, 56.2918
PARTICLE 5: 
270.01, 61.9722
122.258, 85.6243
PARTICLE 6: 
33.564, 59.6602
36.9362, 13.9183
PARTICLE 7: 
77.2045, 60.3128
203.54, 150.109
PARTICLE 8: 
87.4624, 204.955
29.6262, 84.1397
PARTICLE 9: 
56.173, 39.0858
160.212, 81.3786
PARTICLE 10: 
126.478, 75.1906
203.445, 58.5731
PARTICLE 11: 
26.7269, 14.1814
94.4518, 140.281
PARTICLE 12: 
84.5814, 173.494
5.6119, 106.852
PARTICLE 13: 
83.2308, 107.555
214.571, 134.215
PARTICLE 14: 
154.244, 12.5207
227.775, 124.352
PARTICLE 15: 
171.071, 176.711
42.9491, 109.68
PARTICLE 16: 
52.0503, 78.9148
97.4207, 212.365
PARTICLE 17: 
15.1211, 128.347
129.154, 31.6247
PARTICLE 18: 
116.408, 45.9743
186.575, 47.5516
PARTICLE 19: 
137.918, 34.3171
180.623, 131.718
PARTICLE 20: 
240.69, 13.3765
123.919, 35.7127
Nodes Positions: 
374.958, 121.316
169.861, 151.834
447.01, 106.719
410.154, 459.155
432.013, 409.717
107.249, 337.841
69.2731, 176.343
204.331, 497.887
308.519, 381.771
185.208, 169.918
275.29, 236.212
417.541, 397.022
146.337, 215.42
211.455, 330.931
237.372, 206.021
119.39, 23.6194
25.5562, 310.195
354.081, 293.04
319.272, 441.705
88.0478, 342.697
2.75475, 196.712
334.14, 467.279
393.981, 84.2529
484.251, 25.441
346.13, 15.2546
306.142, 423.634
297.715, 220.242
23.3371, 247.774
287.141, 141.059
46.5149, 76.5776
366.436, 255.198
463.609, 324.979
331.547, 36.8282
260.56, 230.979
403.374, 74.9644
77.3548, 190.588
226.764, 490.919
469.801, 389.725
95.4315, 362.13
477.01, 94.3954
62.2139, 480.314
438.716, 7.72028
223.575, 278.582
384.204, 438.808
163.54, 48.8027
383.03, 456.228
497.484, 163.339
455.645, 131.766
181.458, 307.221
57.9362, 259.301
254.357, 354.649
39.642, 270.42
10.5347, 145.122
112.586, 51.08
268.896, 429.989
129.832, 403.164
196.766, 64.0186
150.834, 374.383
249.714, 288.938
135.861, 109.952
All particles start with velocity zero
-- ITERATION 0 --
-------------
Particle: 1:
Relays Coordinates:
77.2854, 115.923
50.365, 137.385
Evaluation Time: 1.07597 seconds
Resulting Fitness: 0.0722222
New local best!
New global best!
-------------
Particle: 2:
Relays Coordinates:
58.4431, 204.715
72.5694, 54.7026
Evaluation Time: 1.18901 seconds
Resulting Fitness: 0.113889
New local best!
New global best!
-------------
Particle: 3:
Relays Coordinates:
61.4576, 161.143
93.2524, 17.0792
Evaluation Time: 1.19807 seconds
Resulting Fitness: 0.0805556
New local best!
-------------
Particle: 4:
Relays Coordinates:
83.2881, 61.3054
167.203, 56.2918
Evaluation Time: 1.04953 seconds
Resulting Fitness: 0.0388889
New local best!
-------------
Particle: 5:
Relays Coordinates:
270.01, 61.9722
122.258, 85.6243
Evaluation Time: 1.19648 seconds
Resulting Fitness: 0.111111
New local best!
-------------
Particle: 6:
Relays Coordinates:
33.564, 59.6602
36.9362, 13.9183
Evaluation Time: 1.01201 seconds
Resulting Fitness: 0.0222222
New local best!
-------------
Particle: 7:
Relays Coordinates:
77.2045, 60.3128
203.54, 150.109
Evaluation Time: 1.1821 seconds
Resulting Fitness: 0.0972222
New local best!
-------------
Particle: 8:
Relays Coordinates:
87.4624, 204.955
29.6262, 84.1397
Evaluation Time: 1.23374 seconds
Resulting Fitness: 0.1
New local best!
-------------
Particle: 9:
Relays Coordinates:
56.173, 39.0858
160.212, 81.3786
Evaluation Time: 1.11078 seconds
Resulting Fitness: 0.0388889
New local best!
-------------
Particle: 10:
Relays Coordinates:
126.478, 75.1906
203.445, 58.5731
Evaluation Time: 1.06074 seconds
Resulting Fitness: 0.0722222
New local best!
-------------
Particle: 11:
Relays Coordinates:
26.7269, 14.1814
94.4518, 140.281
Evaluation Time: 1.15656 seconds
Resulting Fitness: 0.0805556
New local best!
-------------
Particle: 12:
Relays Coordinates:
84.5814, 173.494
5.6119, 106.852
Evaluation Time: 1.14707 seconds
Resulting Fitness: 0.0888889
New local best!
-------------
Particle: 13:
Relays Coordinates:
83.2308, 107.555
214.571, 134.215
Evaluation Time: 1.18819 seconds
Resulting Fitness: 0.105556
New local best!
-------------
Particle: 14:
Relays Coordinates:
154.244, 12.5207
227.775, 124.352
Evaluation Time: 1.20499 seconds
Resulting Fitness: 0.113889
New local best!
-------------
Particle: 15:
Relays Coordinates:
171.071, 176.711
42.9491, 109.68
Evaluation Time: 1.17766 seconds
Resulting Fitness: 0.105556
New local best!
-------------
Particle: 16:
Relays Coordinates:
52.0503, 78.9148
97.4207, 212.365
Evaluation Time: 1.20664 seconds
Resulting Fitness: 0.105556
New local best!
-------------
Particle: 17:
Relays Coordinates:
15.1211, 128.347
129.154, 31.6247
Evaluation Time: 1.05085 seconds
Resulting Fitness: 0.111111
New local best!
-------------
Particle: 18:
Relays Coordinates:
116.408, 45.9743
186.575, 47.5516
Evaluation Time: 1.0321 seconds
Resulting Fitness: 0.0666667
New local best!
-------------
Particle: 19:
Relays Coordinates:
137.918, 34.3171
180.623, 131.718
Evaluation Time: 1.11965 seconds
Resulting Fitness: 0.0777778
New local best!
-------------
Particle: 20:
Relays Coordinates:
240.69, 13.3765
123.919, 35.7127
Evaluation Time: 1.13936 seconds
Resulting Fitness: 0.0611111
New local best!
Current global best fitness: 0.113889
Current global best relays: 58.4431, 204.715
72.5694, 54.7026
Particle 1 new velocities: -6.39338, 104.503
7.51745, -80.7931
Particle 2 new velocities: 0, 0
0, 0
Particle 3 new velocities: -2.50136, 7.70623
-1.97391, 0.175968
Particle 4 new velocities: -11.8591, 66.8514
-107.533, -0.116366
Particle 5 new velocities: -265.68, 89.7371
-39.3992, -16.7897
Particle 6 new velocities: 32.2825, 151.278
11.9621, 48.7139
Particle 7 new velocities: -15.1898, 2.71619
-6.29104, -15.287
Particle 8 new velocities: -35.7218, -0.259076
49.6482, -6.77937
Particle 9 new velocities: 1.50446, 182.606
-62.2425, -32.5473
Particle 10 new velocities: -88.1962, 36.0331
-152.86, -1.44745
Particle 11 new velocities: 30.7349, 120.131
-9.91321, -22.5692
Particle 12 new velocities: -28.4328, 21.3205
23.5842, -44.1414
Particle 13 new velocities: -0.455043, 13.1361
-1.11274, -45.9775
Particle 14 new velocities: -45.3216, 183.514
-138.616, -5.98418
Particle 15 new velocities: -80.3762, 35.5636
7.74758, -43.7681
Particle 16 new velocities: 1.42243, 152.023
-10.9034, -114.699
Particle 17 new velocities: 9.78127, 89.5481
-60.8967, 23.5041
Particle 18 new velocities: -34.0725, 83.4172
-59.3357, 8.26607
Particle 19 new velocities: -8.16631, 68.5478
-58.7277, -58.4984
Particle 20 new velocities: -43.853, 202.438
-14.6296, 11.3186
-- ITERATION 1 --
-------------
Particle: 1:
Relays Coordinates:
63.8028, 198.384
52.0942, 50.9329
Evaluation Time: 1.14876 seconds
Resulting Fitness: 0.0888889
New local best!
-------------
Particle: 2:
Relays Coordinates:
58.4431, 204.715
72.5694, 54.7026
Evaluation Time: 1.16128 seconds
Resulting Fitness: 0.113889
-------------
Particle: 3:
Relays Coordinates:
53.0606, 151.964
82.1507, 15.5297
Evaluation Time: 1.06759 seconds
Resulting Fitness: 0.0944444
New local best!
-------------
Particle: 4:
Relays Coordinates:
71.429, 128.157
59.6699, 56.1754
Evaluation Time: 1.04562 seconds
Resulting Fitness: 0.0277778
-------------
Particle: 5:
Relays Coordinates:
4.33013, 151.709
82.8588, 68.8347
Evaluation Time: 1.03395 seconds
Resulting Fitness: 0.0611111
-------------
Particle: 6:
Relays Coordinates:
65.8465, 210.938
48.8983, 62.6321
Evaluation Time: 1.20613 seconds
Resulting Fitness: 0.0861111
New local best!
-------------
Particle: 7:
Relays Coordinates:
62.0147, 63.029
197.249, 134.822
Evaluation Time: 1.1325 seconds
Resulting Fitness: 0.0666667
-------------
Particle: 8:
Relays Coordinates:
51.7406, 204.696
79.2744, 77.3603
Evaluation Time: 1.09853 seconds
Resulting Fitness: 0.111111
New local best!
-------------
Particle: 9:
Relays Coordinates:
46.7187, 179.57
79.3553, 39.5533
Evaluation Time: 1.09008 seconds
Resulting Fitness: 0.116667
New local best!
New global best!
-------------
Particle: 10:
Relays Coordinates:
38.2815, 111.224
50.5853, 57.1257
Evaluation Time: 1.04269 seconds
Resulting Fitness: 0.0388889
-------------
Particle: 11:
Relays Coordinates:
57.4617, 134.312
84.5386, 117.712
Evaluation Time: 1.0749 seconds
Resulting Fitness: 0.0777778
-------------
Particle: 12:
Relays Coordinates:
56.1486, 194.814
29.1961, 62.7107
Evaluation Time: 1.1372 seconds
Resulting Fitness: 0.116667
New local best!
-------------
Particle: 13:
Relays Coordinates:
82.7758, 120.691
213.458, 88.2376
Evaluation Time: 1.15831 seconds
Resulting Fitness: 0.0694444
-------------
Particle: 14:
Relays Coordinates:
108.922, 196.035
89.1591, 118.368
Evaluation Time: 1.18917 seconds
Resulting Fitness: 0.0916667
-------------
Particle: 15:
Relays Coordinates:
90.695, 212.275
50.6967, 65.9117
Evaluation Time: 1.21309 seconds
Resulting Fitness: 0.0888889
-------------
Particle: 16:
Relays Coordinates:
53.4728, 230.938
86.5173, 97.6663
Evaluation Time: 1.15125 seconds
Resulting Fitness: 0.138889
New local best!
New global best!
-------------
Particle: 17:
Relays Coordinates:
22.4121, 196.106
61.4315, 49.6159
Evaluation Time: 1.11027 seconds
Resulting Fitness: 0.0722222
-------------
Particle: 18:
Relays Coordinates:
82.3359, 129.392
127.239, 55.8177
Evaluation Time: 1.07225 seconds
Resulting Fitness: 0.111111
New local best!
-------------
Particle: 19:
Relays Coordinates:
129.751, 102.865
121.895, 73.2192
Evaluation Time: 1.07547 seconds
Resulting Fitness: 0.0694444
-------------
Particle: 20:
Relays Coordinates:
159.438, 174.81
88.5245, 38.0954
Evaluation Time: 1.21626 seconds
Resulting Fitness: 0.0916667
New local best!
Current global best fitness: 0.138889
Current global best relays: 53.4728, 230.938
86.5173, 97.6663
Particle 1 new velocities: -16.676, 109.754
45.6524, -12.0973
Particle 2 new velocities: -2.70095, 19.082
13.6678, 14.3266
Particle 3 new velocities: -1.97046, 77.6762
0.467434, 43.0563
Particle 4 new velocities: 4.068, 59.5271
14.3265, 12.6514
Particle 5 new velocities: -0.46906, 90.7427
-6.12094, 6.91747
Particle 6 new velocities: 24.2331, 129.017
10.5575, 75.8206
Particle 7 new velocities: -3.35004, 90.2162
-8.07109, -33.6065
Particle 8 new velocities: -26.9606, 31.4647
46.9981, 9.91508
Particle 9 new velocities: 6.56804, 194.447
-48.5522, 41.6908
Particle 10 new velocities: -41.215, 113.625
143.566, 42.3603
Particle 11 new velocities: -27.2978, 11.5779
-6.54533, -34.5731
Particle 12 new velocities: -23.1724, 60.3142
86.064, -8.17097
Particle 13 new velocities: -27.8289, 120.822
-2.91785, 16.4377
Particle 14 new velocities: -9.60884, -131.749
15.4198, -19.5597
Particle 15 new velocities: -40.4843, 18.7418
29.1555, 55.064
Particle 16 new velocities: 1.13795, 121.618
-8.72272, -91.7593
Particle 17 new velocities: -3.55489, 34.1093
41.372, 23.7887
Particle 18 new velocities: -50.4546, 137.504
-82.1048, 30.5161
Particle 19 new velocities: -72.9289, 107.739
-20.4655, -10.9619
Particle 20 new velocities: -115.377, 215.724
-12.3595, 34.2527
-- ITERATION 2 --
-------------
Particle: 1:
Relays Coordinates:
25.0452, 163.757
51.9465, 20.6388
Evaluation Time: 1.07386 seconds
Resulting Fitness: 0.0777778
-------------
Particle: 2:
Relays Coordinates:
50.1679, 201.417
77.6134, 62.1263
Evaluation Time: 1.13109 seconds
Resulting Fitness: 0.111111
-------------
Particle: 3:
Relays Coordinates:
41.383, 186.009
66.9207, 47.4546
Evaluation Time: 1.0948 seconds
Resulting Fitness: 0.0944444
-------------
Particle: 4:
Relays Coordinates:
75.497, 187.684
73.9964, 68.8268
Evaluation Time: 1.13022 seconds
Resulting Fitness: 0.1
New local best!
-------------
Particle: 5:
Relays Coordinates:
3.12747, 196.386
62.1577, 61.3592
Evaluation Time: 1.09492 seconds
Resulting Fitness: 0.0861111
-------------
Particle: 6:
Relays Coordinates:
65.668, 247.827
43.3433, 100.932
Evaluation Time: 1.16417 seconds
Resulting Fitness: 0.113889
New local best!
-------------
Particle: 7:
Relays Coordinates:
52.7982, 137.921
170.26, 91.0942
Evaluation Time: 1.13766 seconds
Resulting Fitness: 0.105556
New local best!
-------------
Particle: 8:
Relays Coordinates:
20.0718, 191.29
102.281, 70.6931
Evaluation Time: 1.14638 seconds
Resulting Fitness: 0.116667
New local best!
-------------
Particle: 9:
Relays Coordinates:
25.4869, 178.891
14.733, 38.8588
Evaluation Time: 1.14488 seconds
Resulting Fitness: 0.0972222
-------------
Particle: 10:
Relays Coordinates:
0, 147.523
127.383, 65.2728
Evaluation Time: 1.05516 seconds
Resulting Fitness: 0.075
New local best!
-------------
Particle: 11:
Relays Coordinates:
30.164, 145.89
77.9932, 83.1387
Evaluation Time: 1.04278 seconds
Resulting Fitness: 0.0611111
-------------
Particle: 12:
Relays Coordinates:
21.6357, 167.39
75.6222, 35.7835
Evaluation Time: 1.05267 seconds
Resulting Fitness: 0.0777778
-------------
Particle: 13:
Relays Coordinates:
36.0507, 158.457
138.136, 68.6775
Evaluation Time: 1.08708 seconds
Resulting Fitness: 0.116667
New local best!
-------------
Particle: 14:
Relays Coordinates:
99.3133, 64.2853
104.579, 98.8079
Evaluation Time: 1.02916 seconds
Resulting Fitness: 0.0472222
-------------
Particle: 15:
Relays Coordinates:
50.2107, 231.016
79.8522, 120.976
Evaluation Time: 1.14621 seconds
Resulting Fitness: 0.147222
New local best!
New global best!
-------------
Particle: 16:
Relays Coordinates:
23.5081, 151.764
33.488, 2.54278
Evaluation Time: 1.04973 seconds
Resulting Fitness: 0.0638889
-------------
Particle: 17:
Relays Coordinates:
15.2744, 186.474
83.2708, 59.4577
Evaluation Time: 1.0877 seconds
Resulting Fitness: 0.108333
-------------
Particle: 18:
Relays Coordinates:
25.8239, 216.185
36.5587, 69.9304
Evaluation Time: 1.09567 seconds
Resulting Fitness: 0.0833333
-------------
Particle: 19:
Relays Coordinates:
56.8224, 210.604
101.429, 62.2573
Evaluation Time: 1.14691 seconds
Resulting Fitness: 0.116667
New local best!
-------------
Particle: 20:
Relays Coordinates:
21.0743, 186.791
36.4295, 34.6039
Evaluation Time: 1.08504 seconds
Resulting Fitness: 0.1
New local best!
Current global best fitness: 0.147222
Current global best relays: 50.2107, 231.016
79.8522, 120.976
Particle 1 new velocities: 3.69776, 103.52
51.5445, 78.7658
Particle 2 new velocities: 4.88803, 51.8317
7.89695, 50.8334
Particle 3 new velocities: 12.9585, 57.3625
8.40873, 100.25
Particle 4 new velocities: -10.1808, 72.0966
12.5447, 73.4834
Particle 5 new velocities: 370.179, -30.099
4.52926, 55.8715
Particle 6 new velocities: 7.63451, 102.011
44.0557, 81.2187
Particle 7 new velocities: -3.70097, 94.5406
-20.5925, -25.1654
Particle 8 new velocities: 1.62891, 69.1181
8.58814, 69.6846
Particle 9 new velocities: 43.3317, 217.45
-9.59019, 73.9232
Particle 10 new velocities: 11.823, 171.052
75.7297, 98.0806
Particle 11 new velocities: 1.59945, -59.228
9.57103, 43.904
Particle 12 new velocities: 16.1454, 65.6947
71.2467, 49.1635
Particle 13 new velocities: -20.352, 164.705
-35.3702, 50.6358
Particle 14 new velocities: 53.8248, -60.8299
126.992, 39.7979
Particle 15 new velocities: -32.3875, 14.9935
23.3244, 44.0512
Particle 16 new velocities: 24.2944, 288.765
100.4, 87.2334
Particle 17 new velocities: 38.6891, -8.41634
86.6536, 46.3924
Particle 18 new velocities: 21.3371, 3.06856
23.5274, 13.4457
Particle 19 new velocities: -66.7536, 91.7236
-39.9076, 60.5141
Particle 20 new velocities: -84.3473, 221.429
38.1224, 61.1032
-- ITERATION 3 --
-------------
Particle: 1:
Relays Coordinates:
23.2818, 216.494
83.8278, 80.5178
Evaluation Time: 1.10556 seconds
Resulting Fitness: 0.0972222
New local best!
-------------
Particle: 2:
Relays Coordinates:
55.056, 253.249
85.5104, 112.96
Evaluation Time: 1.18125 seconds
Resulting Fitness: 0.144444
New local best!
-------------
Particle: 3:
Relays Coordinates:
48.9074, 219.034
67.7964, 132.934
Evaluation Time: 1.158 seconds
Resulting Fitness: 0.0777778
-------------
Particle: 4:
Relays Coordinates:
58.7846, 233.802
77.887, 128.079
Evaluation Time: 1.21574 seconds
Resulting Fitness: 0.125
New local best!
-------------
Particle: 5:
Relays Coordinates:
178.551, 79.5346
31.8962, 56.0711
Evaluation Time: 1.09568 seconds
Resulting Fitness: 0.0555556
-------------
Particle: 6:
Relays Coordinates:
53.4376, 255.032
63.7138, 132.788
Evaluation Time: 1.16502 seconds
Resulting Fitness: 0.0972222
-------------
Particle: 7:
Relays Coordinates:
35.7919, 169.464
109.108, 48.0621
Evaluation Time: 1.1042 seconds
Resulting Fitness: 0.113889
New local best!
-------------
Particle: 8:
Relays Coordinates:
17.5776, 210.931
89.8038, 113.706
Evaluation Time: 1.11611 seconds
Resulting Fitness: 0.141667
New local best!
-------------
Particle: 9:
Relays Coordinates:
36.5731, 210.632
2.73312, 59.937
Evaluation Time: 1.11689 seconds
Resulting Fitness: 0.075
-------------
Particle: 10:
Relays Coordinates:
6.98137, 188.116
119.936, 96.4585
Evaluation Time: 1.13658 seconds
Resulting Fitness: 0.144444
New local best!
-------------
Particle: 11:
Relays Coordinates:
31.7634, 86.6618
87.5643, 127.043
Evaluation Time: 1.05363 seconds
Resulting Fitness: 0.0472222
-------------
Particle: 12:
Relays Coordinates:
30.6027, 188.798
118.964, 68.8071
Evaluation Time: 1.1166 seconds
Resulting Fitness: 0.125
New local best!
-------------
Particle: 13:
Relays Coordinates:
10.2999, 212.026
67.4243, 78.2814
Evaluation Time: 1.09464 seconds
Resulting Fitness: 0.0972222
-------------
Particle: 14:
Relays Coordinates:
137.824, 3.10982
208.413, 124.745
Evaluation Time: 1.15346 seconds
Resulting Fitness: 0.113889
-------------
Particle: 15:
Relays Coordinates:
12.9932, 179.341
75.2157, 120.305
Evaluation Time: 1.1058 seconds
Resulting Fitness: 0.105556
-------------
Particle: 16:
Relays Coordinates:
18.5197, 170.67
51.8711, 34.7811
Evaluation Time: 1.07993 seconds
Resulting Fitness: 0.0805556
-------------
Particle: 17:
Relays Coordinates:
43.7104, 144.227
137.639, 85.7386
Evaluation Time: 1.0802 seconds
Resulting Fitness: 0.0972222
-------------
Particle: 18:
Relays Coordinates:
47.161, 219.254
60.086, 83.3761
Evaluation Time: 1.10023 seconds
Resulting Fitness: 0.105556
-------------
Particle: 19:
Relays Coordinates:
0, 244.885
49.8327, 99.4448
Evaluation Time: 1.15305 seconds
Resulting Fitness: 0.113889
-------------
Particle: 20:
Relays Coordinates:
0, 195.25
35.6579, 45.7764
Evaluation Time: 1.07816 seconds
Resulting Fitness: 0.0777778
Current global best fitness: 0.147222
Current global best relays: 50.2107, 231.016
79.8522, 120.976
Particle 1 new velocities: 23.1603, 98.6933
38.468, 85.0074
Particle 2 new velocities: 3.20104, 22.8279
0.181025, 45.5468
Particle 3 new velocities: 15.1536, -15.6297
15.9069, 3.67689
Particle 4 new velocities: -15.0521, 56.7776
12.4368, 56.6843
Particle 5 new velocities: 217.954, 131.962
120.309, 90.4637
Particle 6 new velocities: 18.9732, 63.3784
42.9725, 47.9733
Particle 7 new velocities: 7.22748, 122.236
-51.09, 56.8956
Particle 8 new velocities: 39.3864, 80.3779
4.72998, 61.2831
Particle 9 new velocities: 43.8199, 183.204
18.2935, 51.3835
Particle 10 new velocities: 54.9241, 165.126
55.7185, 104.615
Particle 11 new velocities: 11.2764, -113.556
5.82515, 45.6468
Particle 12 new velocities: 36.8645, 57.7802
41.0466, 70.6929
Particle 13 new velocities: 22.1362, 71.4843
-14.3862, 50.0987
Particle 14 new velocities: 17.0726, -8.39218
-35.606, 30.3632
Particle 15 new velocities: 36.4817, 97.8874
22.0734, 35.9637
Particle 16 new velocities: 58.5793, 271.745
113.168, 132.023
Particle 17 new velocities: 11.8023, 32.6485
33.6053, -21.1978
Particle 18 new velocities: 22.3029, -33.6544
109.94, 26.2758
Particle 19 new velocities: 58.0265, 61.8095
-15.1312, 48.9512
Particle 20 new velocities: 68.3673, 206.663
64.8876, 118.443
-- ITERATION 4 --
-------------
Particle: 1:
Relays Coordinates:
33.8563, 229.771
89.1536, 120.668
Evaluation Time: 1.13367 seconds
Resulting Fitness: 0.138889
New local best!
-------------
Particle: 2:
Relays Coordinates:
47.1882, 223.622
69.41, 128.39
Evaluation Time: 1.12734 seconds
Resulting Fitness: 0.108333
-------------
Particle: 3:
Relays Coordinates:
57.655, 183.064
75.333, 122.95
Evaluation Time: 1.14071 seconds
Resulting Fitness: 0.119444
New local best!
-------------
Particle: 4:
Relays Coordinates:
31.881, 211.833
65.846, 134.693
Evaluation Time: 1.12411 seconds
Resulting Fitness: 0.0805556
-------------
Particle: 5:
Relays Coordinates:
234.132, 124.886
89.8754, 86.5274
Evaluation Time: 1.22128 seconds
Resulting Fitness: 0.075
-------------
Particle: 6:
Relays Coordinates:
52.7875, 232.121
77.7743, 131.775
Evaluation Time: 1.18732 seconds
Resulting Fitness: 0.113889
-------------
Particle: 7:
Relays Coordinates:
34.8457, 236.278
46.9943, 85.0158
Evaluation Time: 1.17638 seconds
Resulting Fitness: 0.108333
-------------
Particle: 8:
Relays Coordinates:
41.5268, 212.364
68.9151, 127.567
Evaluation Time: 1.13112 seconds
Resulting Fitness: 0.116667
-------------
Particle: 9:
Relays Coordinates:
42.7241, 209.301
11.1744, 59.1603
Evaluation Time: 1.1126 seconds
Resulting Fitness: 0.0722222
-------------
Particle: 10:
Relays Coordinates:
32.8991, 187.727
93.35, 106.859
Evaluation Time: 1.10804 seconds
Resulting Fitness: 0.130556
-------------
Particle: 11:
Relays Coordinates:
34.8622, 0
75.6454, 139.878
Evaluation Time: 1.08729 seconds
Resulting Fitness: 0.0611111
-------------
Particle: 12:
Relays Coordinates:
49.1836, 179.756
116.648, 101.695
Evaluation Time: 1.16033 seconds
Resulting Fitness: 0.147222
New local best!
-------------
Particle: 13:
Relays Coordinates:
29.1925, 255.16
47.7343, 115.542
Evaluation Time: 1.17472 seconds
Resulting Fitness: 0.125
New local best!
-------------
Particle: 14:
Relays Coordinates:
139.407, 0
155.527, 139.598
Evaluation Time: 1.1874 seconds
Resulting Fitness: 0.0888889
-------------
Particle: 15:
Relays Coordinates:
40.0746, 224.555
78.8042, 126.577
Evaluation Time: 1.13443 seconds
Resulting Fitness: 0.130556
-------------
Particle: 16:
Relays Coordinates:
40.9735, 235.117
87.7085, 88.6466
Evaluation Time: 1.13118 seconds
Resulting Fitness: 0.116667
-------------
Particle: 17:
Relays Coordinates:
44.9653, 143.269
138.708, 52.278
Evaluation Time: 1.11309 seconds
Resulting Fitness: 0.111111
-------------
Particle: 18:
Relays Coordinates:
50.6391, 135.302
123.949, 79.9362
Evaluation Time: 1.09499 seconds
Resulting Fitness: 0.119444
New local best!
-------------
Particle: 19:
Relays Coordinates:
52.2238, 276.025
31.2313, 133.556
Evaluation Time: 1.15934 seconds
Resulting Fitness: 0.127778
New local best!
-------------
Particle: 20:
Relays Coordinates:
40.3702, 237.326
59.3711, 96.97
Evaluation Time: 1.10582 seconds
Resulting Fitness: 0.122222
New local best!
Current global best fitness: 0.147222
Current global best relays: 50.2107, 231.016
79.8522, 120.976
Particle 1 new velocities: 18.7496, 79.1421
19.3931, 68.3399
Particle 2 new velocities: 11.9045, 39.8236
31.08, 13.3866
Particle 3 new velocities: 11.4647, 14.3341
18.1632, 2.71882
Particle 4 new velocities: 26.3697, 80.1277
20.7229, 23.8446
Particle 5 new velocities: 152.74, 20.7163
115.835, 109.562
Particle 6 new velocities: 25.6841, 63.4122
-8.85395, -14.1342
Particle 7 new velocities: 18.6682, 60.0374
15.5296, 40.1144
Particle 8 new velocities: 19.4344, 76.0851
29.9147, 27.4094
Particle 9 new velocities: 43.9755, 117.141
109.582, 74.7324
Particle 10 new velocities: 11.0824, 137.055
44.7134, 76.2702
Particle 11 new velocities: 18.9082, 133.893
17.7237, 21.0823
Particle 12 new velocities: 30.7025, 112.795
31.1416, 78.8894
Particle 13 new velocities: 35.6504, 51.7886
2.21881, 40.5481
Particle 14 new velocities: -66.7008, 108.402
-10.9427, -13.8823
Particle 15 new velocities: 47.7817, 86.8638
18.8355, 20.3534
Particle 16 new velocities: 68.5695, 210.132
88.1714, 146.39
Particle 17 new velocities: 3.89397, 16.8715
-2.38886, 31.0836
Particle 18 new velocities: 17.5024, 67.9449
76.6891, 51.3839
Particle 19 new velocities: 46.4067, 12.3195
13.1022, 25.4327
Particle 20 new velocities: 61.838, 157.216
53.0377, 113.606
-- ITERATION 5 --
-------------
Particle: 1:
Relays Coordinates:
34.5147, 202.678
71.2175, 124.008
Evaluation Time: 1.14683 seconds
Resulting Fitness: 0.127778
-------------
Particle: 2:
Relays Coordinates:
47.8651, 213.391
81.397, 114.839
Evaluation Time: 1.16465 seconds
Resulting Fitness: 0.130556
-------------
Particle: 3:
Relays Coordinates:
62.2077, 177.658
84.1466, 113.102
Evaluation Time: 1.08959 seconds
Resulting Fitness: 0.116667
-------------
Particle: 4:
Relays Coordinates:
47.1831, 236.488
70.1209, 128.415
Evaluation Time: 1.13083 seconds
Resulting Fitness: 0.111111
-------------
Particle: 5:
Relays Coordinates:
205.6, 77.3793
109.323, 104.21
Evaluation Time: 1.18346 seconds
Resulting Fitness: 0.0805556
-------------
Particle: 6:
Relays Coordinates:
63.562, 239.382
55.8255, 95.289
Evaluation Time: 1.17513 seconds
Resulting Fitness: 0.147222
New local best!
-------------
Particle: 7:
Relays Coordinates:
48.1625, 266.683
56.2716, 112.617
Evaluation Time: 1.16225 seconds
Resulting Fitness: 0.133333
New local best!
-------------
Particle: 8:
Relays Coordinates:
49.3786, 233.644
80.0522, 125.531
Evaluation Time: 1.1966 seconds
Resulting Fitness: 0.130556
-------------
Particle: 9:
Relays Coordinates:
63.204, 237.976
88.0314, 97.6077
Evaluation Time: 1.20659 seconds
Resulting Fitness: 0.127778
New local best!
-------------
Particle: 10:
Relays Coordinates:
28.8562, 213.09
90.5834, 120.151
Evaluation Time: 1.16443 seconds
Resulting Fitness: 0.127778
-------------
Particle: 11:
Relays Coordinates:
53.7704, 133.893
93.3692, 160.961
Evaluation Time: 1.12441 seconds
Resulting Fitness: 0.0972222
New local best!
-------------
Particle: 12:
Relays Coordinates:
52.4133, 191.942
96.9645, 118.482
Evaluation Time: 1.15356 seconds
Resulting Fitness: 0.127778
-------------
Particle: 13:
Relays Coordinates:
58.3586, 276.253
44.9578, 140.481
Evaluation Time: 1.14645 seconds
Resulting Fitness: 0.108333
-------------
Particle: 14:
Relays Coordinates:
72.7064, 108.402
144.584, 125.715
Evaluation Time: 1.10604 seconds
Resulting Fitness: 0.0972222
-------------
Particle: 15:
Relays Coordinates:
71.1636, 252.249
79.0882, 119.014
Evaluation Time: 1.1894 seconds
Resulting Fitness: 0.152778
New local best!
New global best!
-------------
Particle: 16:
Relays Coordinates:
52.3941, 212.961
84.1228, 112.417
Evaluation Time: 1.15244 seconds
Resulting Fitness: 0.125
-------------
Particle: 17:
Relays Coordinates:
43.9733, 144.126
122.687, 75.0254
Evaluation Time: 1.0981 seconds
Resulting Fitness: 0.1
-------------
Particle: 18:
Relays Coordinates:
44.7077, 133.35
131.639, 86.1591
Evaluation Time: 1.10671 seconds
Resulting Fitness: 0.108333
-------------
Particle: 19:
Relays Coordinates:
88.7675, 259.51
39.9002, 143.09
Evaluation Time: 1.19708 seconds
Resulting Fitness: 0.105556
-------------
Particle: 20:
Relays Coordinates:
60.3529, 232.973
66.3763, 124.343
Evaluation Time: 1.16956 seconds
Resulting Fitness: 0.144444
New local best!
Current global best fitness: 0.152778
Current global best relays: 71.1636, 252.249
79.0882, 119.014
Particle 1 new velocities: 26.8791, 155.943
29.0156, 45.0102
Particle 2 new velocities: 26.5031, 118.728
28.4566, 12.4692
Particle 3 new velocities: 13.3764, 54.6092
5.34046, 20.1875
Particle 4 new velocities: 45.0099, 72.9293
35.7279, 9.61118
Particle 5 new velocities: 140.592, 156
73.1266, 67.9844
Particle 6 new velocities: 24.2488, 56.9915
4.07569, 15.6163
Particle 7 new velocities: 18.2466, 35.5011
21.4794, 32.8959
Particle 8 new velocities: -15.2061, 79.2579
36.4426, 14.2622
Particle 9 new velocities: 37.2276, 103.651
81.7939, 79.4493
Particle 10 new velocities: 26.1488, 108.135
26.5629, 58.0996
Particle 11 new velocities: 17.4642, 232.841
-3.74528, -0.276589
Particle 12 new velocities: 30.8418, 136.79
41.4893, 49.4181
Particle 13 new velocities: 41.761, 7.79444
15.2469, 3.14081
Particle 14 new velocities: 11.3213, 32.3237
93.1358, -19.5644
Particle 15 new velocities: 38.2254, 69.491
15.0684, 16.2827
Particle 16 new velocities: 65.8781, 185.336
70.1017, 102.796
Particle 17 new velocities: -10.401, 12.6323
-18.0237, 63.0749
Particle 18 new velocities: 28.1784, 131.148
30.7929, 39.7438
Particle 19 new velocities: -47.6361, 28.7187
12.9264, -7.12252
Particle 20 new velocities: 60.0408, 139.898
58.079, 88.8368
-- ITERATION 6 --
-------------
Particle: 1:
Relays Coordinates:
44.7561, 261.435
73.0699, 123.214
Evaluation Time: 1.1552 seconds
Resulting Fitness: 0.119444
-------------
Particle: 2:
Relays Coordinates:
54.2144, 242.115
80.0832, 92.8078
Evaluation Time: 1.1554 seconds
Resulting Fitness: 0.125
-------------
Particle: 3:
Relays Coordinates:
68.0257, 209.041
80.5383, 119.961
Evaluation Time: 1.17307 seconds
Resulting Fitness: 0.125
New local best!
-------------
Particle: 4:
Relays Coordinates:
74.6763, 250.628
85.7375, 111.801
Evaluation Time: 1.20964 seconds
Resulting Fitness: 0.155556
New local best!
New global best!
-------------
Particle: 5:
Relays Coordinates:
204.423, 137.808
107.735, 101.679
Evaluation Time: 1.17433 seconds
Resulting Fitness: 0.116667
New local best!
-------------
Particle: 6:
Relays Coordinates:
71.1267, 240.063
48.52, 89.8333
Evaluation Time: 1.20614 seconds
Resulting Fitness: 0.127778
-------------
Particle: 7:
Relays Coordinates:
59.7682, 271.966
69.9759, 130.962
Evaluation Time: 1.17471 seconds
Resulting Fitness: 0.127778
-------------
Particle: 8:
Relays Coordinates:
24.9118, 228.105
84.9247, 101.909
Evaluation Time: 1.15568 seconds
Resulting Fitness: 0.141667
-------------
Particle: 9:
Relays Coordinates:
59.3039, 201.727
100.28, 104.55
Evaluation Time: 1.15326 seconds
Resulting Fitness: 0.155556
New local best!
-------------
Particle: 10:
Relays Coordinates:
36.0888, 210.755
76.8597, 116.95
Evaluation Time: 1.12835 seconds
Resulting Fitness: 0.130556
-------------
Particle: 11:
Relays Coordinates:
51.93, 267.348
65.3358, 117.139
Evaluation Time: 1.15077 seconds
Resulting Fitness: 0.133333
New local best!
-------------
Particle: 12:
Relays Coordinates:
54.6237, 215.682
90.8395, 110.159
Evaluation Time: 1.12746 seconds
Resulting Fitness: 0.130556
-------------
Particle: 13:
Relays Coordinates:
90.1076, 255.643
54.1842, 129.26
Evaluation Time: 1.21491 seconds
Resulting Fitness: 0.152778
New local best!
-------------
Particle: 14:
Relays Coordinates:
75.6249, 126.653
213.948, 95.5357
Evaluation Time: 1.16279 seconds
Resulting Fitness: 0.0777778
-------------
Particle: 15:
Relays Coordinates:
88.6051, 260.61
76.2668, 109.59
Evaluation Time: 1.19481 seconds
Resulting Fitness: 0.147222
-------------
Particle: 16:
Relays Coordinates:
62.8547, 211.671
81.9612, 114.373
Evaluation Time: 1.13644 seconds
Resulting Fitness: 0.133333
-------------
Particle: 17:
Relays Coordinates:
30.2151, 141.083
94.197, 124.29
Evaluation Time: 1.06764 seconds
Resulting Fitness: 0.0944444
-------------
Particle: 18:
Relays Coordinates:
53.1339, 192.82
118.413, 91.7832
Evaluation Time: 1.16078 seconds
Resulting Fitness: 0.147222
New local best!
-------------
Particle: 19:
Relays Coordinates:
41.1314, 288.229
52.8265, 135.968
Evaluation Time: 1.15506 seconds
Resulting Fitness: 0.122222
-------------
Particle: 20:
Relays Coordinates:
71.0913, 220.176
73.4896, 125.881
Evaluation Time: 1.1824 seconds
Resulting Fitness: 0.113889
Current global best fitness: 0.155556
Current global best relays: 74.6763, 250.628
85.7375, 111.801
Particle 1 new velocities: 40.5227, 62.6889
41.7654, 21.3058
Particle 2 new velocities: 43.7489, 100.118
33.9728, 35.5127
Particle 3 new velocities: 16.6676, 74.5108
4.57403, 7.02917
Particle 4 new velocities: 36.0079, 58.3434
28.5823, 7.68894
Particle 5 new velocities: -36.4276, 152.262
34.4592, 65.6916
Particle 6 new velocities: 12.3366, 56.4878
15.5873, 48.8297
Particle 7 new velocities: 27.2436, 12.8955
23.1909, -17.1677
Particle 8 new velocities: 23.2743, 78.6265
31.9367, 34.5393
Particle 9 new velocities: 36.6305, 97.6344
53.3685, 72.432
Particle 10 new velocities: 11.4485, 119.634
66.8483, 14.172
Particle 11 new velocities: 20.5385, 175.289
20.5575, -2.8886
Particle 12 new velocities: 21.9527, 101.917
49.0866, 36.9521
Particle 13 new velocities: 20.8573, 1.80112
38.0978, -7.74851
Particle 14 new velocities: 130.673, -17.3219
29.25, 34.6054
Particle 15 new velocities: 10.2836, 43.0686
19.0907, 21.6483
Particle 16 new velocities: 54.7236, 197.3
65.0685, 67.6888
Particle 17 new velocities: -6.13861, 62.5177
6.40474, 18.7204
Particle 18 new velocities: 42.738, 122.19
-6.95142, 40.4523
Particle 19 new velocities: 18.9482, -26.707
-2.60726, -25.4849
Particle 20 new velocities: 39.1299, 142.951
53.0488, 60.3817
-- ITERATION 7 --
-------------
Particle: 1:
Relays Coordinates:
69.0758, 262.54
93.0167, 117.061
Evaluation Time: 1.19792 seconds
Resulting Fitness: 0.166667
New local best!
New global best!
-------------
Particle: 2:
Relays Coordinates:
64.2737, 224.539
74.8322, 84.1911
Evaluation Time: 1.17278 seconds
Resulting Fitness: 0.108333
-------------
Particle: 3:
Relays Coordinates:
76.224, 255.196
76.6011, 114.291
Evaluation Time: 1.30087 seconds
Resulting Fitness: 0.163889
New local best!
-------------
Particle: 4:
Relays Coordinates:
89.6542, 250.267
92.5991, 96.7871
Evaluation Time: 1.22174 seconds
Resulting Fitness: 0.141667
-------------
Particle: 5:
Relays Coordinates:
110.222, 190.315
93.2934, 109.812
Evaluation Time: 1.19698 seconds
Resulting Fitness: 0.108333
-------------
Particle: 6:
Relays Coordinates:
75.117, 266.895
57.6966, 124.797
Evaluation Time: 1.20301 seconds
Resulting Fitness: 0.15
New local best!
-------------
Particle: 7:
Relays Coordinates:
78.3106, 256.375
83.8501, 102.415
Evaluation Time: 1.21884 seconds
Resulting Fitness: 0.166667
New local best!
-------------
Particle: 8:
Relays Coordinates:
39.0307, 248.453
94.6578, 110.523
Evaluation Time: 1.15527 seconds
Resulting Fitness: 0.15
New local best!
-------------
Particle: 9:
Relays Coordinates:
62.9425, 196.411
100.809, 116.118
Evaluation Time: 1.14474 seconds
Resulting Fitness: 0.119444
-------------
Particle: 10:
Relays Coordinates:
31.1892, 216.768
94.2868, 86.0292
Evaluation Time: 1.10828 seconds
Resulting Fitness: 0.0916667
-------------
Particle: 11:
Relays Coordinates:
31.1953, 190.541
36.9743, 49.1809
Evaluation Time: 1.09389 seconds
Resulting Fitness: 0.0944444
-------------
Particle: 12:
Relays Coordinates:
55.8242, 231.529
102.006, 107.244
Evaluation Time: 1.22572 seconds
Resulting Fitness: 0.175
New local best!
New global best!
-------------
Particle: 13:
Relays Coordinates:
110.965, 257.444
92.282, 121.511
Evaluation Time: 1.28641 seconds
Resulting Fitness: 0.172222
New local best!
-------------
Particle: 14:
Relays Coordinates:
135.352, 71.7324
159.562, 85.3856
Evaluation Time: 1.06424 seconds
Resulting Fitness: 0.0777778
-------------
Particle: 15:
Relays Coordinates:
80.0998, 245.979
77.2396, 106.303
Evaluation Time: 1.19049 seconds
Resulting Fitness: 0.141667
-------------
Particle: 16:
Relays Coordinates:
77.1431, 268.326
96.4662, 119.451
Evaluation Time: 1.21598 seconds
Resulting Fitness: 0.141667
New local best!
-------------
Particle: 17:
Relays Coordinates:
19.5019, 164.916
81.4874, 115.839
Evaluation Time: 1.11114 seconds
Resulting Fitness: 0.0944444
-------------
Particle: 18:
Relays Coordinates:
77.6563, 255.158
90.2836, 107.111
Evaluation Time: 1.21193 seconds
Resulting Fitness: 0.172222
New local best!
-------------
Particle: 19:
Relays Coordinates:
60.0796, 261.522
50.2193, 110.483
Evaluation Time: 1.16032 seconds
Resulting Fitness: 0.133333
New local best!
-------------
Particle: 20:
Relays Coordinates:
72.3161, 238.247
83.0219, 122.207
Evaluation Time: 1.23265 seconds
Resulting Fitness: 0.119444
Current global best fitness: 0.175
Current global best relays: 55.8242, 231.529
102.006, 107.244
Particle 1 new velocities: 24.2295, 39.9188
39.7966, 11.2601
Particle 2 new velocities: 25.4572, 127.625
62.8929, 76.8898
Particle 3 new velocities: -1.3326, 52.4052
19.7231, 3.52788
Particle 4 new velocities: 9.60057, 30.516
20.6087, 8.06996
Particle 5 new velocities: 62.8785, 108.794
35.2582, 44.7664
Particle 6 new velocities: -10.087, 7.46711
21.2354, 31.2282
Particle 7 new velocities: -2.89599, 0.872872
24.2362, -7.45618
Particle 8 new velocities: 24.4414, 62.6102
30.1894, 23.6249
Particle 9 new velocities: 18.7327, 81.4902
43.2893, 47.0355
Particle 10 new velocities: 6.94153, 78.7694
79.1408, 26.7331
Particle 11 new velocities: 41.1398, 180.384
110.002, 161.872
Particle 12 new velocities: 17.5622, 81.5334
39.2693, 29.5617
Particle 13 new velocities: 7.53845, -12.3519
37.3292, -20.6813
Particle 14 new velocities: 99.0657, -14.0586
45.9618, 110.925
Particle 15 new velocities: -1.85989, 30.2088
17.727, 20.3657
Particle 16 new velocities: 21.2531, 113.769
58.2847, 51.6174
Particle 17 new velocities: 27.6792, -3.01055
48.9449, -29.4086
Particle 18 new velocities: 6.91489, 83.8212
-1.96031, 32.4683
Particle 19 new velocities: 15.0587, -41.2041
10.4739, -24.1267
Particle 20 new velocities: -1.13967, 103.256
25.0306, 41.8197
-- ITERATION 8 --
-------------
Particle: 1:
Relays Coordinates:
75.5773, 244.992
107.579, 103.94
Evaluation Time: 1.20804 seconds
Resulting Fitness: 0.144444
-------------
Particle: 2:
Relays Coordinates:
65.4138, 256.727
100.402, 117.428
Evaluation Time: 1.2447 seconds
Resulting Fitness: 0.163889
New local best!
-------------
Particle: 3:
Relays Coordinates:
60.662, 249.157
78.0226, 95.4332
Evaluation Time: 1.22733 seconds
Resulting Fitness: 0.130556
-------------
Particle: 4:
Relays Coordinates:
80.3964, 227.434
91.6983, 84.9342
Evaluation Time: 1.22682 seconds
Resulting Fitness: 0.0972222
-------------
Particle: 5:
Relays Coordinates:
126.19, 218.051
93.7141, 112.688
Evaluation Time: 1.18936 seconds
Resulting Fitness: 0.0944444
-------------
Particle: 6:
Relays Coordinates:
52.6742, 222.234
63.9349, 126.38
Evaluation Time: 1.16789 seconds
Resulting Fitness: 0.113889
-------------
Particle: 7:
Relays Coordinates:
67.8732, 231.523
97.2777, 85.4626
Evaluation Time: 1.2333 seconds
Resulting Fitness: 0.105556
-------------
Particle: 8:
Relays Coordinates:
51.4124, 251.961
101.126, 108.66
Evaluation Time: 1.21076 seconds
Resulting Fitness: 0.158333
New local best!
-------------
Particle: 9:
Relays Coordinates:
53.5872, 182.331
94.5428, 107.045
Evaluation Time: 1.14796 seconds
Resulting Fitness: 0.130556
-------------
Particle: 10:
Relays Coordinates:
25.0176, 193.902
113.786, 73.9833
Evaluation Time: 1.13197 seconds
Resulting Fitness: 0.119444
-------------
Particle: 11:
Relays Coordinates:
42.7132, 219.028
86.788, 124.624
Evaluation Time: 1.14575 seconds
Resulting Fitness: 0.136111
New local best!
-------------
Particle: 12:
Relays Coordinates:
53.4987, 228.223
102.99, 99.7314
Evaluation Time: 1.17965 seconds
Resulting Fitness: 0.155556
-------------
Particle: 13:
Relays Coordinates:
106.653, 220.583
116.65, 90.747
Evaluation Time: 1.22309 seconds
Resulting Fitness: 0.130556
-------------
Particle: 14:
Relays Coordinates:
138.421, 34.0558
121.36, 115.919
Evaluation Time: 1.10315 seconds
Resulting Fitness: 0.102778
-------------
Particle: 15:
Relays Coordinates:
70.4159, 248.569
85.4699, 114.002
Evaluation Time: 1.19981 seconds
Resulting Fitness: 0.15
-------------
Particle: 16:
Relays Coordinates:
64.5577, 250.693
101.532, 112.238
Evaluation Time: 1.17996 seconds
Resulting Fitness: 0.15
New local best!
-------------
Particle: 17:
Relays Coordinates:
42.463, 145.715
117.389, 77.787
Evaluation Time: 1.07707 seconds
Resulting Fitness: 0.0861111
-------------
Particle: 18:
Relays Coordinates:
61.6524, 247.116
64.3877, 101.753
Evaluation Time: 1.17459 seconds
Resulting Fitness: 0.133333
-------------
Particle: 19:
Relays Coordinates:
75.1383, 220.318
60.6932, 86.3561
Evaluation Time: 1.16923 seconds
Resulting Fitness: 0.125
-------------
Particle: 20:
Relays Coordinates:
51.8876, 248.956
78.7703, 119.575
Evaluation Time: 1.19919 seconds
Resulting Fitness: 0.144444
Current global best fitness: 0.175
Current global best relays: 55.8242, 231.529
102.006, 107.244
Particle 1 new velocities: -2.90217, 31.897
19.1412, 15.8768
Particle 2 new velocities: 8.67884, 89.9909
52.24, 56.3635
Particle 3 new velocities: -4.32425, 33.6073
37.9081, 11.6578
Particle 4 new velocities: -26.5677, 38.6664
11.4324, 35.2351
Particle 5 new velocities: -17.7781, 81.0785
48.895, 18.4599
Particle 6 new velocities: 17.0824, 79.5942
45.6995, 11.7358
Particle 7 new velocities: 1.5396, 13.6239
20.9645, 28.7034
Particle 8 new velocities: 21.4988, 30.4481
25.1036, 18.2395
Particle 9 new velocities: 20.944, 86.2463
40.3412, 36.8028
Particle 10 new velocities: 36.4734, 86.3954
66.6882, 72.7414
Particle 11 new velocities: 42.0252, 160.419
100.625, 116.794
Particle 12 new velocities: 16.1942, 68.536
29.6099, 38.4752
Particle 13 new velocities: -38.7031, 23.2833
-18.9503, 11.6879
Particle 14 new velocities: 50.8948, 165.314
27.6386, 98.5215
Particle 15 new velocities: -4.35444, 3.6273
22.4677, 14.1173
Particle 16 new velocities: 15.8904, 67.8727
46.831, 40.3607
Particle 17 new velocities: 13.3414, -3.75669
24.0518, -14.6
Particle 18 new velocities: 10.1765, 72.2386
61.2528, 33.9396
Particle 19 new velocities: -18.0297, 0.844125
29.7734, 24.5673
Particle 20 new velocities: 11.6574, 57.6167
25.1174, 37.5939
-- ITERATION 9 --
-------------
Particle: 1:
Relays Coordinates:
58.8669, 224.28
102.643, 97.0518
Evaluation Time: 1.16429 seconds
Resulting Fitness: 0.15
-------------
Particle: 2:
Relays Coordinates:
48.6122, 227.482
100.148, 114.025
Evaluation Time: 1.18003 seconds
Resulting Fitness: 0.147222
-------------
Particle: 3:
Relays Coordinates:
45.6336, 229.039
93.9039, 86.7437
Evaluation Time: 1.14317 seconds
Resulting Fitness: 0.108333
-------------
Particle: 4:
Relays Coordinates:
48.4459, 239.491
92.8177, 108.152
Evaluation Time: 1.19488 seconds
Resulting Fitness: 0.147222
-------------
Particle: 5:
Relays Coordinates:
79.0322, 218.065
103.962, 95.6064
Evaluation Time: 1.18582 seconds
Resulting Fitness: 0.141667
New local best!
-------------
Particle: 6:
Relays Coordinates:
56.5029, 244.481
88.8039, 111.874
Evaluation Time: 1.19222 seconds
Resulting Fitness: 0.15
-------------
Particle: 7:
Relays Coordinates:
62.4715, 220.633
106.418, 102.749
Evaluation Time: 1.16904 seconds
Resulting Fitness: 0.141667
-------------
Particle: 8:
Relays Coordinates:
59.0581, 228.751
102.246, 102.789
Evaluation Time: 1.18555 seconds
Resulting Fitness: 0.155556
-------------
Particle: 9:
Relays Coordinates:
54.3332, 195.793
98.3304, 104.865
Evaluation Time: 1.18026 seconds
Resulting Fitness: 0.158333
New local best!
-------------
Particle: 10:
Relays Coordinates:
40.3442, 183.903
118.409, 96.2661
Evaluation Time: 1.2366 seconds
Resulting Fitness: 0.141667
-------------
Particle: 11:
Relays Coordinates:
40.5301, 181.488
89.6389, 115.47
Evaluation Time: 1.11341 seconds
Resulting Fitness: 0.116667
-------------
Particle: 12:
Relays Coordinates:
50.8061, 216.337
96.6652, 100.753
Evaluation Time: 1.20752 seconds
Resulting Fitness: 0.144444
-------------
Particle: 13:
Relays Coordinates:
67.9499, 243.866
97.6998, 102.435
Evaluation Time: 1.20944 seconds
Resulting Fitness: 0.147222
-------------
Particle: 14:
Relays Coordinates:
111.789, 117.726
87.9821, 126.625
Evaluation Time: 1.07078 seconds
Resulting Fitness: 0.0777778
-------------
Particle: 15:
Relays Coordinates:
59.4553, 226.977
97.1438, 115.307
Evaluation Time: 1.21829 seconds
Resulting Fitness: 0.141667
-------------
Particle: 16:
Relays Coordinates:
52.782, 209.011
97.341, 100.12
Evaluation Time: 1.16191 seconds
Resulting Fitness: 0.147222
-------------
Particle: 17:
Relays Coordinates:
55.8044, 141.959
141.441, 63.1871
Evaluation Time: 1.10666 seconds
Resulting Fitness: 0.113889
New local best!
-------------
Particle: 18:
Relays Coordinates:
52.3633, 232.809
91.5919, 98.92
Evaluation Time: 1.17647 seconds
Resulting Fitness: 0.141667
-------------
Particle: 19:
Relays Coordinates:
57.1086, 221.162
90.4666, 110.923
Evaluation Time: 1.13088 seconds
Resulting Fitness: 0.133333
-------------
Particle: 20:
Relays Coordinates:
51.4714, 248.324
84.149, 127.307
Evaluation Time: 1.16902 seconds
Resulting Fitness: 0.138889
Current global best fitness: 0.175
Current global best relays: 55.8242, 231.529
102.006, 107.244
Particle 1 new velocities: 6.85972, 33.9765
7.72787, 26.7249
Particle 2 new velocities: 18.0508, 112.399
43.984, 39.5928
Particle 3 new velocities: 7.94072, 37.4756
10.4403, 32.8054
Particle 4 new velocities: -7.17481, 37.1851
10.2779, 31.8686
Particle 5 new velocities: -17.779, 79.0414
37.9635, 20.1501
Particle 6 new velocities: 30.9412, 60.5193
40.4364, 18.3381
Particle 7 new velocities: 3.20611, 48.536
1.16224, 26.373
Particle 8 new velocities: 7.2858, 37.2955
19.3562, 25.774
Particle 9 new velocities: 17.2643, 109.629
33.0715, 30.5754
Particle 10 new velocities: 18.4616, 108.089
36.2753, 64.9778
Particle 11 new velocities: 45.677, 165.025
89.3959, 90.4002
Particle 12 new velocities: 14.2795, 79.6853
25.1819, 39.6228
Particle 13 new velocities: -10.9759, 15.4047
-17.138, 32.8394
Particle 14 new velocities: 30.2948, 25.9472
135.536, 76.7509
Particle 15 new velocities: 1.68797, 39.5622
20.9531, 9.37034
Particle 16 new velocities: 32.1758, 118.398
45.7891, 48.3528
Particle 17 new velocities: 10.6775, 49.6471
4.73739, 12.9963
Particle 18 new velocities: 13.862, 92.4369
58.4399, 45.4257
Particle 19 new velocities: -12.7838, 44.9251
-32.819, 19.0729
Particle 20 new velocities: 14.285, 27.7093
26.9158, 25.3415
-- ITERATION 10 --
-------------
Particle: 1:
Relays Coordinates:
59.1539, 232.431
99.3339, 111.399
Evaluation Time: 1.18156 seconds
Resulting Fitness: 0.152778
-------------
Particle: 2:
Relays Coordinates:
48.5973, 247.773
105.072, 111.987
Evaluation Time: 1.20893 seconds
Resulting Fitness: 0.155556
-------------
Particle: 3:
Relays Coordinates:
48.2169, 239.863
93.9098, 107.594
Evaluation Time: 1.18642 seconds
Resulting Fitness: 0.15
-------------
Particle: 4:
Relays Coordinates:
33.4295, 224.107
83.5074, 113.417
Evaluation Time: 1.14885 seconds
Resulting Fitness: 0.147222
-------------
Particle: 5:
Relays Coordinates:
44.6536, 216.591
103.464, 84.3865
Evaluation Time: 1.13651 seconds
Resulting Fitness: 0.111111
-------------
Particle: 6:
Relays Coordinates:
70.8298, 247.05
104.685, 105.472
Evaluation Time: 1.19159 seconds
Resulting Fitness: 0.152778
New local best!
-------------
Particle: 7:
Relays Coordinates:
59.1098, 242.252
96.8222, 116.21
Evaluation Time: 1.21548 seconds
Resulting Fitness: 0.144444
-------------
Particle: 8:
Relays Coordinates:
53.7385, 215.498
98.4979, 104.136
Evaluation Time: 1.16339 seconds
Resulting Fitness: 0.155556
-------------
Particle: 9:
Relays Coordinates:
57.994, 247.392
106.436, 109.707
Evaluation Time: 1.24674 seconds
Resulting Fitness: 0.163889
New local best!
-------------
Particle: 10:
Relays Coordinates:
38.5825, 191.576
101.488, 105.792
Evaluation Time: 1.18584 seconds
Resulting Fitness: 0.152778
New local best!
-------------
Particle: 11:
Relays Coordinates:
45.814, 184.151
95.1464, 109.408
Evaluation Time: 1.17635 seconds
Resulting Fitness: 0.152778
New local best!
-------------
Particle: 12:
Relays Coordinates:
52.7193, 239.778
98.6962, 113.704
Evaluation Time: 1.17749 seconds
Resulting Fitness: 0.15
-------------
Particle: 13:
Relays Coordinates:
51.2766, 233.344
72.5056, 121.747
Evaluation Time: 1.13478 seconds
Resulting Fitness: 0.141667
-------------
Particle: 14:
Relays Coordinates:
103.579, 104.738
162.945, 148.261
Evaluation Time: 1.12616 seconds
Resulting Fitness: 0.0888889
-------------
Particle: 15:
Relays Coordinates:
55.029, 239.885
106.287, 112.21
Evaluation Time: 1.19601 seconds
Resulting Fitness: 0.152778
-------------
Particle: 16:
Relays Coordinates:
61.9343, 238.681
104.342, 108.237
Evaluation Time: 1.16956 seconds
Resulting Fitness: 0.158333
New local best!
-------------
Particle: 17:
Relays Coordinates:
59.8337, 172.445
131.56, 68.565
Evaluation Time: 1.13441 seconds
Resulting Fitness: 0.125
New local best!
-------------
Particle: 18:
Relays Coordinates:
48.2783, 237.104
109.373, 105.228
Evaluation Time: 1.17463 seconds
Resulting Fitness: 0.147222
-------------
Particle: 19:
Relays Coordinates:
44.3247, 266.087
57.6476, 129.996
Evaluation Time: 1.17694 seconds
Resulting Fitness: 0.125
-------------
Particle: 20:
Relays Coordinates:
53.2627, 223.587
89.9625, 123.645
Evaluation Time: 1.17671 seconds
Resulting Fitness: 0.130556
Current global best fitness: 0.175
Current global best relays: 55.8242, 231.529
102.006, 107.244
Particle 1 new velocities: 12.7901, 75.1067
-0.421424, 21.7439
Particle 2 new velocities: 27.1161, 98.3841
27.4607, 30.1151
Particle 3 new velocities: 44.8193, 26.0925
-1.99039, 30.3491
Particle 4 new velocities: 34.4725, 47.6744
26.5064, 20.5286
Particle 5 new velocities: 2.66106, 82.5584
30.9077, 38.0703
Particle 6 new velocities: 13.7775, 48.0894
30.1986, 16.6196
Particle 7 new velocities: 28.8748, 53.5946
-19.6086, -8.46452
Particle 8 new velocities: 4.07522, 35.8219
19.4469, 29.1507
Particle 9 new velocities: 12.6659, 74.7551
23.2898, 23.3517
Particle 10 new velocities: 27.5645, 99.1725
29.4365, 53.3928
Particle 11 new velocities: 39.0267, 145.078
72.1391, 70.8517
Particle 12 new velocities: 16.1124, 42.3856
24.5765, 17.4865
Particle 13 new velocities: 9.33112, 29.9411
-5.0247, 23.2628
Particle 14 new velocities: 1.30091, 11.2888
133.767, 30.7397
Particle 15 new velocities: 28.6025, 47.9923
-20.841, 17.1322
Particle 16 new velocities: 22.5349, 91.3438
33.8767, 37.511
Particle 17 new velocities: 7.69477, 101.889
-11.5285, 36.4847
Particle 18 new velocities: 32.9264, 71.1147
28.5521, 39.6571
Particle 19 new velocities: 9.1865, 15.7828
4.37442, -40.0772
Particle 20 new velocities: 15.6979, 32.3332
33.4255, 9.41592
-- ITERATION 11 --
-------------
Particle: 1:
Relays Coordinates:
58.2747, 249.105
80.1191, 107.846
Evaluation Time: 1.20305 seconds
Resulting Fitness: 0.138889
-------------
Particle: 2:
Relays Coordinates:
55.1951, 252.349
96.6165, 103.593
Evaluation Time: 1.2051 seconds
Resulting Fitness: 0.15
-------------
Particle: 3:
Relays Coordinates:
83.7325, 239.36
82.7274, 124.149
Evaluation Time: 1.23009 seconds
Resulting Fitness: 0.113889
-------------
Particle: 4:
Relays Coordinates:
55.0007, 220.143
89.1112, 108.496
Evaluation Time: 1.22208 seconds
Resulting Fitness: 0.136111
-------------
Particle: 5:
Relays Coordinates:
34.4924, 218.08
97.9568, 89.271
Evaluation Time: 1.11884 seconds
Resulting Fitness: 0.108333
-------------
Particle: 6:
Relays Coordinates:
68.5319, 239.063
109.255, 98.894
Evaluation Time: 1.18814 seconds
Resulting Fitness: 0.138889
-------------
Particle: 7:
Relays Coordinates:
71.2676, 239.636
62.543, 87.274
Evaluation Time: 1.18388 seconds
Resulting Fitness: 0.136111
-------------
Particle: 8:
Relays Coordinates:
46.8291, 203.569
95.5353, 107.962
Evaluation Time: 1.12328 seconds
Resulting Fitness: 0.136111
-------------
Particle: 9:
Relays Coordinates:
51.5111, 234.845
94.5698, 96.9996
Evaluation Time: 1.18791 seconds
Resulting Fitness: 0.130556
-------------
Particle: 10:
Relays Coordinates:
48.2212, 211.956
95.4442, 116.046
Evaluation Time: 1.1424 seconds
Resulting Fitness: 0.125
-------------
Particle: 11:
Relays Coordinates:
50.0976, 194.406
98.7804, 106.441
Evaluation Time: 1.15195 seconds
Resulting Fitness: 0.161111
New local best!
-------------
Particle: 12:
Relays Coordinates:
55.7537, 228.553
99.8509, 106.264
Evaluation Time: 1.18889 seconds
Resulting Fitness: 0.180556
New local best!
New global best!
-------------
Particle: 13:
Relays Coordinates:
54.547, 236.956
60.7328, 130.509
Evaluation Time: 1.16613 seconds
Resulting Fitness: 0.133333
-------------
Particle: 14:
Relays Coordinates:
76.4577, 84.5834
216.303, 130.492
Evaluation Time: 1.18504 seconds
Resulting Fitness: 0.0722222
-------------
Particle: 15:
Relays Coordinates:
75.2684, 259.09
76.9017, 116.408
Evaluation Time: 1.20276 seconds
Resulting Fitness: 0.163889
New local best!
-------------
Particle: 16:
Relays Coordinates:
61.578, 240.588
100.761, 106.25
Evaluation Time: 1.20136 seconds
Resulting Fitness: 0.163889
New local best!
-------------
Particle: 17:
Relays Coordinates:
54.6981, 222.211
97.2258, 85.0903
Evaluation Time: 1.18504 seconds
Resulting Fitness: 0.111111
-------------
Particle: 18:
Relays Coordinates:
59.1982, 224.692
100.548, 105.621
Evaluation Time: 1.17682 seconds
Resulting Fitness: 0.166667
-------------
Particle: 19:
Relays Coordinates:
39.0097, 205.483
45.214, 65.5511
Evaluation Time: 1.13292 seconds
Resulting Fitness: 0.075
-------------
Particle: 20:
Relays Coordinates:
55.8581, 207.295
99.9443, 107.78
Evaluation Time: 1.16432 seconds
Resulting Fitness: 0.152778
New local best!
Current global best fitness: 0.180556
Current global best relays: 55.7537, 228.553
99.8509, 106.264
Particle 1 new velocities: 23.844, 49.2521
38.7191, 26.2443
Particle 2 new velocities: 22.9384, 55.7318
26.6776, 47.5573
Particle 3 new velocities: 21.516, 36.942
0.855438, -4.69222
Particle 4 new velocities: 35.3055, 56.0057
29.2955, 14.049
Particle 5 new velocities: 49.7161, 66.4341
31.7568, 37.0533
Particle 6 new velocities: 9.93165, 32.5368
18.4641, 28.2346
Particle 7 new velocities: 16.4753, 64.6807
46.3452, 25.8838
Particle 8 new velocities: 10.6195, 38.5034
28.3488, 22.6129
Particle 9 new velocities: 22.9676, 61.8434
26.2451, 21.4323
Particle 10 new velocities: 27.6911, 84.2372
30.8701, 37.9745
Particle 11 new velocities: 32.8356, 119.563
57.7569, 56.6554
Particle 12 new velocities: 12.8899, 33.9085
19.6612, 13.9892
Particle 13 new velocities: 76.9617, 23.0212
47.6291, -8.0854
Particle 14 new velocities: 68.9125, 14.7776
85.902, 5.27133
Particle 15 new velocities: -1.58579, 1.28985
-15.5609, 6.97334
Particle 16 new velocities: 15.9653, 59.6709
25.9478, 30.01
Particle 17 new velocities: 12.2097, 88.4514
41.9462, 23.9337
Particle 18 new velocities: 28.2931, 68.7035
18.9135, 32.5971
Particle 19 new velocities: 38.3906, 58.9466
14.5814, -19.9331
Particle 20 new velocities: 12.4403, 31.4287
26.6676, 7.42047
-- ITERATION 12 --
-------------
Particle: 1:
Relays Coordinates:
66.5161, 241.67
96.259, 108.613
Evaluation Time: 1.21299 seconds
Resulting Fitness: 0.155556
-------------
Particle: 2:
Relays Coordinates:
56.9593, 224.591
89.8814, 110.188
Evaluation Time: 1.18332 seconds
Resulting Fitness: 0.127778
-------------
Particle: 3:
Relays Coordinates:
94.7237, 248.672
75.2246, 107.511
Evaluation Time: 1.26455 seconds
Resulting Fitness: 0.144444
-------------
Particle: 4:
Relays Coordinates:
81.2755, 248.534
106.566, 110.29
Evaluation Time: 1.24919 seconds
Resulting Fitness: 0.155556
-------------
Particle: 5:
Relays Coordinates:
68.2089, 230.456
105.068, 102.323
Evaluation Time: 1.17923 seconds
Resulting Fitness: 0.158333
New local best!
-------------
Particle: 6:
Relays Coordinates:
63.5554, 219.996
103.453, 102.974
Evaluation Time: 1.17492 seconds
Resulting Fitness: 0.152778
-------------
Particle: 7:
Relays Coordinates:
63.9645, 221.847
79.3795, 82.492
Evaluation Time: 1.15262 seconds
Resulting Fitness: 0.0916667
-------------
Particle: 8:
Relays Coordinates:
46.5334, 196.079
100.346, 105.766
Evaluation Time: 1.18063 seconds
Resulting Fitness: 0.163889
New local best!
-------------
Particle: 9:
Relays Coordinates:
60.3277, 240.318
97.8601, 95.9299
Evaluation Time: 1.20566 seconds
Resulting Fitness: 0.136111
-------------
Particle: 10:
Relays Coordinates:
55.34, 215.925
92.0832, 112.281
Evaluation Time: 1.14223 seconds
Resulting Fitness: 0.147222
-------------
Particle: 11:
Relays Coordinates:
54.4124, 205.996
102.704, 107.008
Evaluation Time: 1.14597 seconds
Resulting Fitness: 0.155556
-------------
Particle: 12:
Relays Coordinates:
61.7792, 236.215
107.561, 108.228
Evaluation Time: 1.2391 seconds
Resulting Fitness: 0.175
-------------
Particle: 13:
Relays Coordinates:
118.358, 233.98
97.5257, 110.181
Evaluation Time: 1.26874 seconds
Resulting Fitness: 0.119444
-------------
Particle: 14:
Relays Coordinates:
117.75, 80.4824
244.786, 109.968
Evaluation Time: 1.16268 seconds
Resulting Fitness: 0.0944444
-------------
Particle: 15:
Relays Coordinates:
73.6826, 260.38
61.3407, 123.381
Evaluation Time: 1.19575 seconds
Resulting Fitness: 0.144444
-------------
Particle: 16:
Relays Coordinates:
62.8101, 243.21
102.634, 110.371
Evaluation Time: 1.24155 seconds
Resulting Fitness: 0.161111
-------------
Particle: 17:
Relays Coordinates:
43.8982, 203.826
91.3107, 71.5306
Evaluation Time: 1.13064 seconds
Resulting Fitness: 0.113889
-------------
Particle: 18:
Relays Coordinates:
70.868, 237.65
96.7635, 111.957
Evaluation Time: 1.19283 seconds
Resulting Fitness: 0.152778
-------------
Particle: 19:
Relays Coordinates:
50.7823, 173.492
39.2318, 29.9299
Evaluation Time: 1.18564 seconds
Resulting Fitness: 0.0944444
-------------
Particle: 20:
Relays Coordinates:
61.4686, 214.851
113.951, 103.68
Evaluation Time: 1.18035 seconds
Resulting Fitness: 0.147222
Current global best fitness: 0.180556
Current global best relays: 55.7537, 228.553
99.8509, 106.264
Particle 1 new velocities: 11.3475, 72.8072
31.5359, 27.8372
Particle 2 new velocities: 21.8939, 51.1225
40.302, 40.1399
Particle 3 new velocities: -43.3133, 24.8642
22.4679, 5.29869
Particle 4 new velocities: 24.3959, 34.0717
6.71516, 12.2725
Particle 5 new velocities: 36.6751, 51.9208
25.2148, 31.2502
Particle 6 new velocities: 12.2119, 67.5498
13.4229, 28.9652
Particle 7 new velocities: 17.9899, 73.8527
46.7372, 62.1676
Particle 8 new velocities: 12.8113, 50.3285
22.1689, 18.5782
Particle 9 new velocities: 15.0695, 41.3928
35.9023, 46.1963
Particle 10 new velocities: 7.0386, 68.5523
37.9184, 25.1071
Particle 11 new velocities: 24.0093, 114.179
42.8244, 45.0874
Particle 12 new velocities: -2.19241, 15.4259
-0.10364, 9.28057
Particle 13 new velocities: 18.8626, 31.8977
30.75, -4.24899
Particle 14 new velocities: 55.2536, 56.0723
-46.5199, 13.6822
Particle 15 new velocities: -17.6637, -26.6869
33.1972, -23.2496
Particle 16 new velocities: 3.26804, 26.696
17.4771, 17.8213
Particle 17 new velocities: 25.021, 78.5585
68.487, 16.6916
Particle 18 new velocities: 27.8033, 81.9118
4.78699, 14.6601
Particle 19 new velocities: 47.0051, 178.717
68.1608, 114.344
Particle 20 new velocities: 2.72032, 29.3179
-5.01945, 12.2927
-- ITERATION 13 --
-------------
Particle: 1:
Relays Coordinates:
63.0695, 254.726
103.514, 110.525
Evaluation Time: 1.2117 seconds
Resulting Fitness: 0.169444
New local best!
-------------
Particle: 2:
Relays Coordinates:
57.484, 200.995
94.9037, 109.589
Evaluation Time: 1.18818 seconds
Resulting Fitness: 0.147222
-------------
Particle: 3:
Relays Coordinates:
46.2693, 246.183
87.9233, 101.529
Evaluation Time: 1.22752 seconds
Resulting Fitness: 0.133333
-------------
Particle: 4:
Relays Coordinates:
95.1043, 254.345
101.953, 110.307
Evaluation Time: 1.23865 seconds
Resulting Fitness: 0.188889
New local best!
New global best!
-------------
Particle: 5:
Relays Coordinates:
84.956, 228.725
105.529, 108.194
Evaluation Time: 1.19928 seconds
Resulting Fitness: 0.144444
-------------
Particle: 6:
Relays Coordinates:
61.3716, 232.912
94.6693, 106.871
Evaluation Time: 1.1758 seconds
Resulting Fitness: 0.141667
-------------
Particle: 7:
Relays Coordinates:
59.7448, 215.565
91.9391, 105.457
Evaluation Time: 1.16031 seconds
Resulting Fitness: 0.133333
-------------
Particle: 8:
Relays Coordinates:
48.0692, 199.59
99.2371, 100.719
Evaluation Time: 1.1575 seconds
Resulting Fitness: 0.144444
-------------
Particle: 9:
Relays Coordinates:
54.9645, 205.367
97.5128, 103.61
Evaluation Time: 1.17315 seconds
Resulting Fitness: 0.155556
-------------
Particle: 10:
Relays Coordinates:
50.5267, 230.426
105.301, 111.284
Evaluation Time: 1.19413 seconds
Resulting Fitness: 0.175
New local best!
-------------
Particle: 11:
Relays Coordinates:
57.1695, 233.407
106.09, 110.877
Evaluation Time: 1.19829 seconds
Resulting Fitness: 0.169444
New local best!
-------------
Particle: 12:
Relays Coordinates:
53.6281, 226.477
96.7115, 105.758
Evaluation Time: 1.1714 seconds
Resulting Fitness: 0.166667
-------------
Particle: 13:
Relays Coordinates:
123.498, 239.29
115.448, 95.3388
Evaluation Time: 1.23879 seconds
Resulting Fitness: 0.125
-------------
Particle: 14:
Relays Coordinates:
113.508, 89.5936
130.083, 81.1269
Evaluation Time: 1.06362 seconds
Resulting Fitness: 0.0722222
-------------
Particle: 15:
Relays Coordinates:
56.0188, 233.693
94.538, 100.132
Evaluation Time: 1.16666 seconds
Resulting Fitness: 0.138889
-------------
Particle: 16:
Relays Coordinates:
53.5233, 218.624
97.2903, 103.835
Evaluation Time: 1.17451 seconds
Resulting Fitness: 0.152778
-------------
Particle: 17:
Relays Coordinates:
45.2179, 185.272
104.843, 57.8826
Evaluation Time: 1.12334 seconds
Resulting Fitness: 0.119444
-------------
Particle: 18:
Relays Coordinates:
71.9314, 232.961
74.0303, 92.3038
Evaluation Time: 1.2177 seconds
Resulting Fitness: 0.138889
-------------
Particle: 19:
Relays Coordinates:
71.287, 256.76
78.2892, 105.176
Evaluation Time: 1.22298 seconds
Resulting Fitness: 0.169444
New local best!
-------------
Particle: 20:
Relays Coordinates:
57.7701, 219.752
98.0381, 104.375
Evaluation Time: 1.15954 seconds
Resulting Fitness: 0.161111
New local best!
Current global best fitness: 0.188889
Current global best relays: 95.1043, 254.345
101.953, 110.307
Particle 1 new velocities: 11.7464, 57.9658
24.9359, 22.1407
Particle 2 new velocities: 31.2745, 57.3032
35.3918, 34.9102
Particle 3 new velocities: 48.011, 27.0711
30.3184, 19.7979
Particle 4 new velocities: 19.5167, 27.2574
5.37213, 9.81796
Particle 5 new velocities: 25.133, 70.0372
19.208, 18.1118
Particle 6 new velocities: 38.0596, 63.5354
24.6389, 25.3321
Particle 7 new velocities: 78.7736, 133.352
43.6622, 51.2705
Particle 8 new velocities: 23.3614, 51.3929
20.788, 27.8588
Particle 9 new velocities: 36.9776, 83.068
36.0963, 47.899
Particle 10 new velocities: 15.2197, 68.4489
27.7892, 20.0413
Particle 11 new velocities: 48.764, 116.56
30.7828, 35.8625
Particle 12 new velocities: 45.7469, 16.6567
7.01825, 8.45649
Particle 13 new velocities: -8.67794, 52.3108
-15.4222, 9.15812
Particle 14 new velocities: 71.673, 40.8874
-62.0518, 20.7704
Particle 15 new velocities: 44.1493, 29.1787
12.5, -12.4817
Particle 16 new velocities: 18.7851, 55.9689
16.5334, 21.2514
Particle 17 new velocities: 86.1056, 109.487
74.5313, 58.3181
Particle 18 new velocities: 41.3633, 83.8199
24.4495, 42.4266
Particle 19 new velocities: 64.5983, 140.111
62.4341, 96.4088
Particle 20 new velocities: 37.4648, 51.3551
-0.48857, 11.2529
-- ITERATION 14 --
-------------
Particle: 1:
Relays Coordinates:
60.6009, 253.281
104.044, 107.459
Evaluation Time: 1.23578 seconds
Resulting Fitness: 0.161111
-------------
Particle: 2:
Relays Coordinates:
64.7049, 188.299
94.9854, 105.34
Evaluation Time: 1.19243 seconds
Resulting Fitness: 0.15
-------------
Particle: 3:
Relays Coordinates:
84.8523, 245.928
106.417, 109.194
Evaluation Time: 1.21561 seconds
Resulting Fitness: 0.163889
-------------
Particle: 4:
Relays Coordinates:
103.159, 253.442
96.5927, 108.112
Evaluation Time: 1.28837 seconds
Resulting Fitness: 0.166667
-------------
Particle: 5:
Relays Coordinates:
89.1721, 241.998
101.037, 102.308
Evaluation Time: 1.3144 seconds
Resulting Fitness: 0.138889
-------------
Particle: 6:
Relays Coordinates:
80.5393, 240.122
96.6396, 107.084
Evaluation Time: 1.19949 seconds
Resulting Fitness: 0.15
-------------
Particle: 7:
Relays Coordinates:
100.98, 254.361
98.8533, 114.254
Evaluation Time: 1.22899 seconds
Resulting Fitness: 0.163889
-------------
Particle: 8:
Relays Coordinates:
57.8588, 203.296
97.2204, 104.148
Evaluation Time: 1.15206 seconds
Resulting Fitness: 0.158333
-------------
Particle: 9:
Relays Coordinates:
67.0258, 210.269
97.401, 110.45
Evaluation Time: 1.13863 seconds
Resulting Fitness: 0.127778
-------------
Particle: 10:
Relays Coordinates:
53.2546, 242.089
107.803, 106.374
Evaluation Time: 1.19422 seconds
Resulting Fitness: 0.155556
-------------
Particle: 11:
Relays Coordinates:
77.2255, 255.127
99.7806, 106.973
Evaluation Time: 1.20095 seconds
Resulting Fitness: 0.183333
New local best!
-------------
Particle: 12:
Relays Coordinates:
99.375, 243.133
103.73, 114.214
Evaluation Time: 1.28399 seconds
Resulting Fitness: 0.136111
-------------
Particle: 13:
Relays Coordinates:
93.0045, 236.197
81.0211, 84.6425
Evaluation Time: 1.23991 seconds
Resulting Fitness: 0.0916667
-------------
Particle: 14:
Relays Coordinates:
185.181, 130.481
68.0308, 101.897
Evaluation Time: 1.26286 seconds
Resulting Fitness: 0.105556
-------------
Particle: 15:
Relays Coordinates:
81.1362, 212.926
86.7007, 70.9965
Evaluation Time: 1.22582 seconds
Resulting Fitness: 0.125
-------------
Particle: 16:
Relays Coordinates:
65.0775, 247.133
102.441, 112.578
Evaluation Time: 1.23231 seconds
Resulting Fitness: 0.155556
-------------
Particle: 17:
Relays Coordinates:
86.1614, 193.391
117.688, 76.2393
Evaluation Time: 1.2062 seconds
Resulting Fitness: 0.133333
New local best!
-------------
Particle: 18:
Relays Coordinates:
91.7687, 256.592
79.7687, 109.132
Evaluation Time: 1.26228 seconds
Resulting Fitness: 0.172222
-------------
Particle: 19:
Relays Coordinates:
80.2389, 234.349
83.0957, 119.034
Evaluation Time: 1.21401 seconds
Resulting Fitness: 0.127778
-------------
Particle: 20:
Relays Coordinates:
85.7113, 243.997
87.7946, 104.066
Evaluation Time: 1.24851 seconds
Resulting Fitness: 0.138889
Current global best fitness: 0.188889
Current global best relays: 95.1043, 254.345
101.953, 110.307
Particle 1 new velocities: 17.3168, 49.0642
17.2726, 20.6707
Particle 2 new velocities: 60.2814, 106.674
31.404, 43.0228
Particle 3 new velocities: 41.4133, 41.903
13.6084, 22.1311
Particle 4 new velocities: 4.74011, 23.7479
9.59088, 12.3091
Particle 5 new velocities: 0.833402, 54.5734
17.587, 17.5955
Particle 6 new velocities: 44.0714, 73.4872
21.574, 22.0393
Particle 7 new velocities: 33.2598, 109.595
22.1683, 35.7621
Particle 8 new velocities: 31.3707, 55.3248
25.4736, 31.2635
Particle 9 new velocities: 29.2686, 137.927
39.0698, 37.2147
Particle 10 new velocities: 12.264, 53.5714
18.8513, 22.9638
Particle 11 new velocities: 60.0121, 92.2604
25.4598, 31.8002
Particle 12 new velocities: 26.4616, 10.5844
0.0468202, -1.57675
Particle 13 new velocities: 14.7982, 93.6447
7.69713, 95.4341
Particle 14 new velocities: -1.52536, -102.005
223.22, 41.421
Particle 15 new velocities: 45.934, 44.3766
13.1191, 43.0349
Particle 16 new velocities: 22.4881, 49.2779
11.2274, 14.7582
Particle 17 new velocities: 70.3442, 144.984
49.2753, 81.5118
Particle 18 new velocities: 14.1242, 64.6406
31.758, 33.868
Particle 19 new velocities: 59.9393, 142.361
62.3824, 73.3671
Particle 20 new velocities: 16.0679, 36.1837
10.3525, 12.3507
-- ITERATION 15 --
-------------
Particle: 1:
Relays Coordinates:
63.1134, 244.899
98.2667, 103.785
Evaluation Time: 1.1652 seconds
Resulting Fitness: 0.158333
-------------
Particle: 2:
Relays Coordinates:
91.115, 215.035
92.1379, 108.157
Evaluation Time: 1.17319 seconds
Resulting Fitness: 0.141667
-------------
Particle: 3:
Relays Coordinates:
102.275, 233.143
97.221, 106.373
Evaluation Time: 1.23136 seconds
Resulting Fitness: 0.141667
-------------
Particle: 4:
Relays Coordinates:
97.1091, 249.471
95.5652, 108.379
Evaluation Time: 1.2079 seconds
Resulting Fitness: 0.147222
-------------
Particle: 5:
Relays Coordinates:
72.9044, 240.222
96.0855, 97.1216
Evaluation Time: 1.1726 seconds
Resulting Fitness: 0.127778
-------------
Particle: 6:
Relays Coordinates:
100.935, 254.024
95.753, 104.59
Evaluation Time: 1.22844 seconds
Resulting Fitness: 0.155556
New local best!
-------------
Particle: 7:
Relays Coordinates:
88.0747, 238.791
79.4023, 98.4257
Evaluation Time: 1.19825 seconds
Resulting Fitness: 0.122222
-------------
Particle: 8:
Relays Coordinates:
72.2759, 209.483
99.3821, 109.683
Evaluation Time: 1.17234 seconds
Resulting Fitness: 0.155556
-------------
Particle: 9:
Relays Coordinates:
70.1987, 253.835
99.4872, 107.648
Evaluation Time: 1.23213 seconds
Resulting Fitness: 0.169444
New local best!
-------------
Particle: 10:
Relays Coordinates:
53.07, 239.485
102.59, 104.763
Evaluation Time: 1.18877 seconds
Resulting Fitness: 0.155556
-------------
Particle: 11:
Relays Coordinates:
100.046, 253.245
91.3002, 101.166
Evaluation Time: 1.22623 seconds
Resulting Fitness: 0.141667
-------------
Particle: 12:
Relays Coordinates:
125.837, 253.718
103.777, 112.638
Evaluation Time: 1.243 seconds
Resulting Fitness: 0.158333
-------------
Particle: 13:
Relays Coordinates:
78.5882, 240.454
64.6756, 131.276
Evaluation Time: 1.16838 seconds
Resulting Fitness: 0.0916667
-------------
Particle: 14:
Relays Coordinates:
148.761, 23.0656
235.913, 116.088
Evaluation Time: 1.16378 seconds
Resulting Fitness: 0.119444
New local best!
-------------
Particle: 15:
Relays Coordinates:
127.07, 257.303
99.8198, 114.031
Evaluation Time: 1.25834 seconds
Resulting Fitness: 0.15
-------------
Particle: 16:
Relays Coordinates:
78.8091, 266.77
102.302, 114.603
Evaluation Time: 1.23128 seconds
Resulting Fitness: 0.169444
New local best!
-------------
Particle: 17:
Relays Coordinates:
102.683, 222.008
109.544, 103.5
Evaluation Time: 1.21184 seconds
Resulting Fitness: 0.125
-------------
Particle: 18:
Relays Coordinates:
85.7733, 260.199
90.3366, 115.83
Evaluation Time: 1.21825 seconds
Resulting Fitness: 0.169444
-------------
Particle: 19:
Relays Coordinates:
82.7739, 222.444
85.9033, 113.611
Evaluation Time: 1.17782 seconds
Resulting Fitness: 0.138889
-------------
Particle: 20:
Relays Coordinates:
91.6013, 252.162
88.3324, 104.775
Evaluation Time: 1.21828 seconds
Resulting Fitness: 0.155556
Current global best fitness: 0.188889
Current global best relays: 95.1043, 254.345
101.953, 110.307
Particle 1 new velocities: 53.8307, 50.496
15.0685, 21.0584
Particle 2 new velocities: 45.1583, 165.45
38.3695, 43.1249
Particle 3 new velocities: -12.2042, 52.0719
3.6182, 29.5901
Particle 4 new velocities: -0.94594, 27.0421
12.2604, 11.8199
Particle 5 new velocities: 23.5191, 41.3773
23.7489, 18.8859
Particle 6 new velocities: 31.3649, 58.8516
22.0075, 22.6235
Particle 7 new velocities: 24.4743, 103.418
29.8849, 44.6325
Particle 8 new velocities: 12.3282, 52.1339
22.3378, 19.4031
Particle 9 new velocities: 50.4829, 110.662
34.3913, 31.7183
Particle 10 new velocities: 58.9516, 40.7874
17.3266, 31.1893
Particle 11 new velocities: 30.5162, 76.242
30.0268, 32.9173
Particle 12 new velocities: -55.4498, -1.85326
-3.16374, -3.26799
Particle 13 new velocities: 39.9603, 82.316
51.6613, 42.905
Particle 14 new velocities: -1.76723, 25.0085
12.4836, 29.2567
Particle 15 new velocities: -68.0687, 36.9414
3.62095, 32.295
Particle 16 new velocities: 26.1529, 24.9827
8.82462, 7.01727
Particle 17 new velocities: 30.327, 151.788
38.6004, 67.9722
Particle 18 new velocities: 10.5165, 42.4941
32.6054, 19.272
Particle 19 new velocities: 35.5573, 174.091
59.2354, 42.4189
Particle 20 new velocities: -3.58284, 20.6864
25.2809, 13.3636
-- ITERATION 16 --
-------------
Particle: 1:
Relays Coordinates:
105.25, 265.856
102.002, 112.359
Evaluation Time: 1.23397 seconds
Resulting Fitness: 0.172222
New local best!
-------------
Particle: 2:
Relays Coordinates:
89.409, 249.637
85.6259, 99.2557
Evaluation Time: 1.21081 seconds
Resulting Fitness: 0.15
-------------
Particle: 3:
Relays Coordinates:
81.0639, 256.694
90.7553, 122.367
Evaluation Time: 1.22809 seconds
Resulting Fitness: 0.180556
New local best!
-------------
Particle: 4:
Relays Coordinates:
86.5468, 248.862
97.043, 108.179
Evaluation Time: 1.22788 seconds
Resulting Fitness: 0.161111
-------------
Particle: 5:
Relays Coordinates:
86.7812, 253.44
107.851, 104.407
Evaluation Time: 1.24153 seconds
Resulting Fitness: 0.175
New local best!
-------------
Particle: 6:
Relays Coordinates:
107.163, 253.429
95.3861, 103.043
Evaluation Time: 1.23982 seconds
Resulting Fitness: 0.155556
-------------
Particle: 7:
Relays Coordinates:
82.0482, 249.471
79.6704, 104.289
Evaluation Time: 1.24489 seconds
Resulting Fitness: 0.155556
-------------
Particle: 8:
Relays Coordinates:
68.5293, 211.91
98.5931, 104.56
Evaluation Time: 1.18944 seconds
Resulting Fitness: 0.166667
New local best!
-------------
Particle: 9:
Relays Coordinates:
79.1791, 239.146
87.8377, 91.4379
Evaluation Time: 1.24047 seconds
Resulting Fitness: 0.127778
-------------
Particle: 10:
Relays Coordinates:
90.7375, 227.021
97.1325, 110.122
Evaluation Time: 1.2442 seconds
Resulting Fitness: 0.136111
-------------
Particle: 11:
Relays Coordinates:
95.1799, 240.196
88.4474, 97.7467
Evaluation Time: 1.20422 seconds
Resulting Fitness: 0.111111
-------------
Particle: 12:
Relays Coordinates:
70.3867, 251.865
100.613, 109.37
Evaluation Time: 1.24892 seconds
Resulting Fitness: 0.163889
-------------
Particle: 13:
Relays Coordinates:
86.4218, 235.299
84.8096, 126.978
Evaluation Time: 1.20731 seconds
Resulting Fitness: 0.119444
-------------
Particle: 14:
Relays Coordinates:
146.993, 48.0741
248.396, 145.345
Evaluation Time: 1.22929 seconds
Resulting Fitness: 0.116667
-------------
Particle: 15:
Relays Coordinates:
47.7912, 238.338
83.787, 118.524
Evaluation Time: 1.16127 seconds
Resulting Fitness: 0.147222
-------------
Particle: 16:
Relays Coordinates:
94.4658, 262.578
100.014, 109.458
Evaluation Time: 1.25487 seconds
Resulting Fitness: 0.186111
New local best!
-------------
Particle: 17:
Relays Coordinates:
87.2681, 245.248
97.1978, 112.503
Evaluation Time: 1.21447 seconds
Resulting Fitness: 0.15
New local best!
-------------
Particle: 18:
Relays Coordinates:
77.9947, 245.181
99.5831, 109.432
Evaluation Time: 1.23902 seconds
Resulting Fitness: 0.147222
-------------
Particle: 19:
Relays Coordinates:
69.8734, 234.15
85.703, 92.1339
Evaluation Time: 1.20967 seconds
Resulting Fitness: 0.122222
-------------
Particle: 20:
Relays Coordinates:
79.2166, 245.564
102.252, 106.324
Evaluation Time: 1.23877 seconds
Resulting Fitness: 0.158333
Current global best fitness: 0.188889
Current global best relays: 95.1043, 254.345
101.953, 110.307
Particle 1 new velocities: 30.5351, 30.32
11.9981, 16.5471
Particle 2 new velocities: 15.7801, 143.828
54.2558, 61.0595
Particle 3 new velocities: 2.18047, 40.8855
16.2281, 18.9914
Particle 4 new velocities: 17.7431, 35.3773
19.0533, 11.4264
Particle 5 new velocities: 19.6003, 33.6702
16.1593, 21.1648
Particle 6 new velocities: 6.18069, 48.5508
18.4052, 19.2318
Particle 7 new velocities: 22.3446, 91.4516
54.537, 40.6953
Particle 8 new velocities: 19.074, 46.2016
19.9188, 18.1932
Particle 9 new velocities: 49.3833, 122.531
32.3653, 45.8841
Particle 10 new velocities: 36.7134, 61.3381
15.4529, 26.7539
Particle 11 new velocities: 18.115, 91.3307
51.3428, 39.7166
Particle 12 new velocities: -34.8378, -5.67879
-1.11209, -4.80761
Particle 13 new velocities: 53.7615, 81.1549
52.981, 21.3046
Particle 14 new velocities: -51.6088, 223.176
-151.389, -33.3945
Particle 15 new velocities: 28.1134, 34.8758
15.8208, 17.9024
Particle 16 new velocities: 21.3617, 15.81
9.26318, 6.60722
Particle 17 new velocities: 31.3392, 130.85
32.476, 54.3523
Particle 18 new velocities: 28.6075, 47.5215
24.6155, 12.9102
Particle 19 new velocities: 38.0447, 183.472
65.7802, 59.3918
Particle 20 new velocities: -7.9522, 15.4734
17.0745, 10.9094
-- ITERATION 17 --
-------------
Particle: 1:
Relays Coordinates:
122.206, 266.558
102.6, 116.016
Evaluation Time: 1.29141 seconds
Resulting Fitness: 0.15
-------------
Particle: 2:
Relays Coordinates:
69.0145, 258.152
91.7764, 105.183
Evaluation Time: 1.28328 seconds
Resulting Fitness: 0.175
New local best!
-------------
Particle: 3:
Relays Coordinates:
67.4279, 241.039
86.6565, 114.5
Evaluation Time: 1.20668 seconds
Resulting Fitness: 0.144444
-------------
Particle: 4:
Relays Coordinates:
93.861, 255.815
104.487, 107.645
Evaluation Time: 1.28358 seconds
Resulting Fitness: 0.188889
-------------
Particle: 5:
Relays Coordinates:
86.169, 232.559
100.448, 101.713
Evaluation Time: 1.24463 seconds
Resulting Fitness: 0.141667
-------------
Particle: 6:
Relays Coordinates:
91.8081, 244.604
92.171, 99.0427
Evaluation Time: 1.21157 seconds
Resulting Fitness: 0.116667
-------------
Particle: 7:
Relays Coordinates:
76.1024, 248.533
97.8372, 105.694
Evaluation Time: 1.29527 seconds
Resulting Fitness: 0.169444
New local best!
-------------
Particle: 8:
Relays Coordinates:
78.843, 232.3
106.661, 110.478
Evaluation Time: 1.22053 seconds
Resulting Fitness: 0.147222
-------------
Particle: 9:
Relays Coordinates:
84.3498, 237.296
78.8652, 90.097
Evaluation Time: 1.2144 seconds
Resulting Fitness: 0.108333
-------------
Particle: 10:
Relays Coordinates:
103.235, 233.571
91.1942, 110.869
Evaluation Time: 1.19741 seconds
Resulting Fitness: 0.138889
-------------
Particle: 11:
Relays Coordinates:
82.592, 241.683
101.907, 100.211
Evaluation Time: 1.24456 seconds
Resulting Fitness: 0.138889
-------------
Particle: 12:
Relays Coordinates:
31.994, 221.567
89.5507, 94.1058
Evaluation Time: 1.18644 seconds
Resulting Fitness: 0.116667
-------------
Particle: 13:
Relays Coordinates:
102.194, 230.695
100.449, 108.098
Evaluation Time: 1.26473 seconds
Resulting Fitness: 0.147222
-------------
Particle: 14:
Relays Coordinates:
85.8462, 244.125
87.3066, 100.755
Evaluation Time: 1.18048 seconds
Resulting Fitness: 0.136111
New local best!
-------------
Particle: 15:
Relays Coordinates:
68.3141, 245.892
89.647, 122.784
Evaluation Time: 1.19874 seconds
Resulting Fitness: 0.141667
-------------
Particle: 16:
Relays Coordinates:
104.245, 250.549
98.3493, 104.459
Evaluation Time: 1.26303 seconds
Resulting Fitness: 0.155556
-------------
Particle: 17:
Relays Coordinates:
86.4647, 274.176
94.5322, 121.638
Evaluation Time: 1.26978 seconds
Resulting Fitness: 0.158333
New local best!
-------------
Particle: 18:
Relays Coordinates:
86.3478, 237.089
100.601, 99.0975
Evaluation Time: 1.1928 seconds
Resulting Fitness: 0.127778
-------------
Particle: 19:
Relays Coordinates:
57.3521, 221.941
80.5044, 80.527
Evaluation Time: 1.17607 seconds
Resulting Fitness: 0.102778
-------------
Particle: 20:
Relays Coordinates:
64.138, 234.934
107.394, 105.51
Evaluation Time: 1.21127 seconds
Resulting Fitness: 0.166667
New local best!
Current global best fitness: 0.188889
Current global best relays: 95.1043, 254.345
101.953, 110.307
Particle 1 new velocities: -8.39972, 23.1728
8.84614, 5.26695
Particle 2 new velocities: 21.3101, 114.954
49.6705, 51.3753
Particle 3 new velocities: 12.2051, 35.599
35.3215, 24.5411
Particle 4 new velocities: 16.902, 26.076
13.7937, 9.86746
Particle 5 new velocities: 18.4115, 70.045
26.0402, 28.4953
Particle 6 new velocities: 12.8556, 45.5063
16.1243, 36.0919
Particle 7 new velocities: 21.3538, 76.9844
47.4111, 32.927
Particle 8 new velocities: 11.8073, 4.76143
-1.44923, 13.2455
Particle 9 new velocities: 23.8755, 133.769
64.6652, 51.1215
Particle 10 new velocities: -50.359, 65.025
34.0607, 21.1091
Particle 11 new velocities: 14.7651, 99.8967
40.6706, 46.0353
Particle 12 new velocities: 28.5428, 11.3109
20.7832, 20.3051
Particle 13 new velocities: 41.3659, 103.131
29.6507, 40.4685
Particle 14 new velocities: -34.7845, 180.751
-107.616, -23.7646
Particle 15 new velocities: 34.2558, 41.6544
11.4376, 6.21462
Particle 16 new velocities: 7.904, 26.6842
10.7454, 14.5601
Particle 17 new velocities: 35.6067, 103.069
27.0705, 42.6973
Particle 18 new velocities: 23.3905, 89.4845
5.23884, 27.5143
Particle 19 new velocities: 75.1064, 172.061
62.552, 65.3644
Particle 20 new velocities: 13.7049, 23.4765
9.07553, 10.2113
-- ITERATION 18 --
-------------
Particle: 1:
Relays Coordinates:
102.426, 260.758
100.301, 109.154
Evaluation Time: 1.23891 seconds
Resulting Fitness: 0.177778
New local best!
-------------
Particle: 2:
Relays Coordinates:
59.262, 244.795
92.8033, 102.718
Evaluation Time: 1.18146 seconds
Resulting Fitness: 0.144444
-------------
Particle: 3:
Relays Coordinates:
64.5027, 224.077
98.8022, 112.624
Evaluation Time: 1.15958 seconds
Resulting Fitness: 0.127778
-------------
Particle: 4:
Relays Coordinates:
99.6867, 253.702
106.452, 105.761
Evaluation Time: 1.31227 seconds
Resulting Fitness: 0.158333
-------------
Particle: 5:
Relays Coordinates:
84.7102, 245.109
102.456, 105.469
Evaluation Time: 1.20876 seconds
Resulting Fitness: 0.15
-------------
Particle: 6:
Relays Coordinates:
84.7776, 234.989
87.7191, 109.459
Evaluation Time: 1.21418 seconds
Resulting Fitness: 0.122222
-------------
Particle: 7:
Relays Coordinates:
71.0456, 237.302
105.886, 101.055
Evaluation Time: 1.19672 seconds
Resulting Fitness: 0.141667
-------------
Particle: 8:
Relays Coordinates:
81.5853, 213.355
94.6904, 111.351
Evaluation Time: 1.21386 seconds
Resulting Fitness: 0.133333
-------------
Particle: 9:
Relays Coordinates:
71.0067, 243.456
94.1703, 92.6534
Evaluation Time: 1.22772 seconds
Resulting Fitness: 0.125
-------------
Particle: 10:
Relays Coordinates:
42.8298, 241.862
101.456, 106.902
Evaluation Time: 1.23366 seconds
Resulting Fitness: 0.155556
-------------
Particle: 11:
Relays Coordinates:
70.9733, 249.012
103.939, 106.613
Evaluation Time: 1.19508 seconds
Resulting Fitness: 0.155556
-------------
Particle: 12:
Relays Coordinates:
54.4832, 209.59
99.3005, 102.97
Evaluation Time: 1.16703 seconds
Resulting Fitness: 0.152778
-------------
Particle: 13:
Relays Coordinates:
104.655, 243.359
94.8429, 108.305
Evaluation Time: 1.20671 seconds
Resulting Fitness: 0.147222
-------------
Particle: 14:
Relays Coordinates:
21.9804, 182.895
0, 33.1419
Evaluation Time: 1.12417 seconds
Resulting Fitness: 0.105556
-------------
Particle: 15:
Relays Coordinates:
92.3129, 258.792
90.9762, 116.099
Evaluation Time: 1.25734 seconds
Resulting Fitness: 0.175
New local best!
-------------
Particle: 16:
Relays Coordinates:
100.934, 249.51
98.1852, 107.117
Evaluation Time: 1.24175 seconds
Resulting Fitness: 0.155556
-------------
Particle: 17:
Relays Coordinates:
80.091, 247.51
79.7835, 107.82
Evaluation Time: 1.22896 seconds
Resulting Fitness: 0.144444
-------------
Particle: 18:
Relays Coordinates:
79.9993, 238.072
77.1571, 92.3
Evaluation Time: 1.23142 seconds
Resulting Fitness: 0.125
-------------
Particle: 19:
Relays Coordinates:
78.2154, 232.654
84.4734, 86.1474
Evaluation Time: 1.18541 seconds
Resulting Fitness: 0.1
-------------
Particle: 20:
Relays Coordinates:
70.0586, 232.569
104.822, 104.15
Evaluation Time: 1.19465 seconds
Resulting Fitness: 0.163889
Current global best fitness: 0.188889
Current global best relays: 95.1043, 254.345
101.953, 110.307
Particle 1 new velocities: -6.99857, 15.207
8.85846, 5.18186
Particle 2 new velocities: 36.0514, 99.4553
47.5197, 46.4315
Particle 3 new velocities: 27.3619, 93.9031
18.5341, 24.8192
Particle 4 new velocities: 5.57935, 22.3507
7.57417, 16.0362
Particle 5 new velocities: 22.4993, 76.7068
23.124, 23.0665
Particle 6 new velocities: 31.6159, 77.5402
27.9196, 23.7968
Particle 7 new velocities: 44.4883, 84.9883
25.1023, 32.762
Particle 8 new velocities: 20.9326, 13.8839
11.6968, 2.83932
Particle 9 new velocities: 23.9312, 118.919
68.1115, 51.4606
Particle 10 new velocities: 28.0317, 46.7535
27.5507, 22.2399
Particle 11 new velocities: 20.8826, 86.4827
25.2159, 39.0735
Particle 12 new velocities: 48.2134, 48.8351
18.25, 20.4735
Particle 13 new velocities: 23.6228, 88.8651
25.1705, 39.2463
Particle 14 new velocities: 72.0077, 171.268
127.161, 84.1466
Particle 15 new velocities: 30.4379, 33.1473
21.2083, 1.43811
Particle 16 new velocities: -6.93723, 38.7185
11.2861, 15.7182
Particle 17 new velocities: 57.2588, 104.204
48.3494, 38.1215
Particle 18 new velocities: 30.8969, 89.7583
41.5997, 32.6393
Particle 19 new velocities: 53.8341, 188.243
61.3262, 101.014
Particle 20 new velocities: 29.5616, 19.1158
7.56727, 14.3274
-- ITERATION 19 --
-------------
Particle: 1:
Relays Coordinates:
85.8846, 248.368
98.2438, 102.903
Evaluation Time: 1.22932 seconds
Resulting Fitness: 0.147222
-------------
Particle: 2:
Relays Coordinates:
69.4834, 250.959
102.295, 108.73
Evaluation Time: 1.22161 seconds
Resulting Fitness: 0.163889
-------------
Particle: 3:
Relays Coordinates:
74.4104, 257.564
95.0424, 111.329
Evaluation Time: 1.20813 seconds
Resulting Fitness: 0.180556
-------------
Particle: 4:
Relays Coordinates:
94.7394, 248.448
102.624, 109.618
Evaluation Time: 1.24172 seconds
Resulting Fitness: 0.15
-------------
Particle: 5:
Relays Coordinates:
78.1557, 234.604
91.5475, 93.7022
Evaluation Time: 1.18797 seconds
Resulting Fitness: 0.108333
-------------
Particle: 6:
Relays Coordinates:
94.2787, 253.149
93.6674, 107.937
Evaluation Time: 1.25126 seconds
Resulting Fitness: 0.175
New local best!
-------------
Particle: 7:
Relays Coordinates:
93.5825, 261.055
106.1, 108.391
Evaluation Time: 1.30946 seconds
Resulting Fitness: 0.188889
New local best!
-------------
Particle: 8:
Relays Coordinates:
92.2661, 204.515
95.7484, 102.771
Evaluation Time: 1.19279 seconds
Resulting Fitness: 0.136111
-------------
Particle: 9:
Relays Coordinates:
62.2887, 237.754
106.473, 94.5532
Evaluation Time: 1.18275 seconds
Resulting Fitness: 0.127778
-------------
Particle: 10:
Relays Coordinates:
57.3978, 233.779
104.496, 104.605
Evaluation Time: 1.18255 seconds
Resulting Fitness: 0.152778
-------------
Particle: 11:
Relays Coordinates:
66.963, 244.575
94.154, 106.206
Evaluation Time: 1.17896 seconds
Resulting Fitness: 0.152778
-------------
Particle: 12:
Relays Coordinates:
92.4269, 232.583
105.795, 111.099
Evaluation Time: 1.23201 seconds
Resulting Fitness: 0.144444
-------------
Particle: 13:
Relays Coordinates:
103.905, 269.102
97.2109, 119.516
Evaluation Time: 1.27824 seconds
Resulting Fitness: 0.152778
-------------
Particle: 14:
Relays Coordinates:
55.499, 209.13
75.0872, 69.2577
Evaluation Time: 1.16915 seconds
Resulting Fitness: 0.0972222
-------------
Particle: 15:
Relays Coordinates:
99.4282, 236.471
90.8694, 95.2049
Evaluation Time: 1.23243 seconds
Resulting Fitness: 0.119444
-------------
Particle: 16:
Relays Coordinates:
84.597, 259.405
98.5241, 110.552
Evaluation Time: 1.23792 seconds
Resulting Fitness: 0.188889
New local best!
-------------
Particle: 17:
Relays Coordinates:
100.128, 256.399
93.4088, 106.391
Evaluation Time: 1.25825 seconds
Resulting Fitness: 0.172222
New local best!
-------------
Particle: 18:
Relays Coordinates:
80.8433, 238.988
86.5737, 91.0808
Evaluation Time: 1.19355 seconds
Resulting Fitness: 0.108333
-------------
Particle: 19:
Relays Coordinates:
77.9739, 248.535
86.0932, 110.517
Evaluation Time: 1.21643 seconds
Resulting Fitness: 0.152778
-------------
Particle: 20:
Relays Coordinates:
89.6582, 226.516
101.151, 106.629
Evaluation Time: 1.19977 seconds
Resulting Fitness: 0.147222
Current global best fitness: 0.188889
Current global best relays: 95.1043, 254.345
101.953, 110.307
Particle 1 new velocities: 10.0497, 20.8533
12.155, 14.843
Particle 2 new velocities: 34.7636, 89.3209
33.7801, 37.3062
Particle 3 new velocities: 32.0576, 71.6716
17.2799, 22.4982
Particle 4 new velocities: 5.32768, 26.47
5.25572, 13.4381
Particle 5 new velocities: 40.4201, 113.716
25.4221, 44.0848
Particle 6 new velocities: 25.7701, 62.3949
24.5685, 20.9949
Particle 7 new velocities: 37.5054, 65.0796
20.0213, 27.4288
Particle 8 new velocities: -11.5578, 45.8754
15.6436, 7.49348
Particle 9 new velocities: 50.7428, 123.931
42.0401, 70.0346
Particle 10 new velocities: 34.2218, 47.6054
19.1402, 23.4246
Particle 11 new velocities: 46.2758, 82.8264
36.3992, 34.3514
Particle 12 new velocities: 32.4277, 60.6155
7.24891, 13.5568
Particle 13 new velocities: 11.9789, 50.7096
23.7649, 21.5692
Particle 14 new velocities: 100.754, 226.957
148.703, 104.234
Particle 15 new velocities: 13.5217, 50.2055
31.1207, 10.4381
Particle 16 new velocities: 3.28502, 24.7133
10.4522, 12.4467
Particle 17 new velocities: 42.1924, 82.7254
44.8902, 32.7769
Particle 18 new velocities: 24.8512, 81.6968
48.1684, 47.669
Particle 19 new velocities: 49.2584, 162.862
54.0629, 80.2699
Particle 20 new velocities: -14.9284, 28.3123
10.7331, 11.5237
-- ITERATION 20 --
-------------
Particle: 1:
Relays Coordinates:
86.3409, 242.3
99.3589, 105.971
Evaluation Time: 1.22044 seconds
Resulting Fitness: 0.144444
-------------
Particle: 2:
Relays Coordinates:
75.9961, 248.064
99.1991, 106.46
Evaluation Time: 1.21968 seconds
Resulting Fitness: 0.163889
-------------
Particle: 3:
Relays Coordinates:
77.6151, 240.013
81.8829, 97.5598
Evaluation Time: 1.2062 seconds
Resulting Fitness: 0.127778
-------------
Particle: 4:
Relays Coordinates:
90.0604, 247.426
97.0916, 110.75
Evaluation Time: 1.21794 seconds
Resulting Fitness: 0.144444
-------------
Particle: 5:
Relays Coordinates:
86.4418, 253.925
85.2709, 100.447
Evaluation Time: 1.23725 seconds
Resulting Fitness: 0.161111
-------------
Particle: 6:
Relays Coordinates:
97.2395, 255.59
95.7711, 104.435
Evaluation Time: 1.24466 seconds
Resulting Fitness: 0.166667
-------------
Particle: 7:
Relays Coordinates:
106.181, 264.169
102.159, 110.014
Evaluation Time: 1.26699 seconds
Resulting Fitness: 0.194444
New local best!
New global best!
-------------
Particle: 8:
Relays Coordinates:
72.6375, 225.352
100.253, 99.2381
Evaluation Time: 1.17276 seconds
Resulting Fitness: 0.144444
-------------
Particle: 9:
Relays Coordinates:
74.16, 237.302
97.4395, 107.986
Evaluation Time: 1.19271 seconds
Resulting Fitness: 0.163889
-------------
Particle: 10:
Relays Coordinates:
74.2119, 227.921
100.145, 103.704
Evaluation Time: 1.17164 seconds
Resulting Fitness: 0.152778
-------------
Particle: 11:
Relays Coordinates:
82.5511, 238.676
95.1733, 102.466
Evaluation Time: 1.20227 seconds
Resulting Fitness: 0.138889
-------------
Particle: 12:
Relays Coordinates:
112.369, 263.879
101.74, 112.19
Evaluation Time: 1.26247 seconds
Resulting Fitness: 0.180556
-------------
Particle: 13:
Relays Coordinates:
93.8659, 259.047
97.9904, 114.279
Evaluation Time: 1.25011 seconds
Resulting Fitness: 0.188889
New local best!
-------------
Particle: 14:
Relays Coordinates:
83.039, 231.754
118.931, 92.2005
Evaluation Time: 1.20176 seconds
Resulting Fitness: 0.136111
-------------
Particle: 15:
Relays Coordinates:
91.4894, 232.208
98.812, 85.5708
Evaluation Time: 1.17336 seconds
Resulting Fitness: 0.0944444
-------------
Particle: 16:
Relays Coordinates:
79.0938, 255.707
98.0787, 110.699
Evaluation Time: 1.22018 seconds
Resulting Fitness: 0.172222
-------------
Particle: 17:
Relays Coordinates:
103.752, 247.222
100.82, 101.454
Evaluation Time: 1.19988 seconds
Resulting Fitness: 0.136111
-------------
Particle: 18:
Relays Coordinates:
77.0513, 233.78
98.227, 101.149
Evaluation Time: 1.21095 seconds
Resulting Fitness: 0.147222
-------------
Particle: 19:
Relays Coordinates:
75.1294, 242.926
82.7608, 112.658
Evaluation Time: 1.18728 seconds
Resulting Fitness: 0.144444
-------------
Particle: 20:
Relays Coordinates:
67.2568, 229.346
100.695, 106.338
Evaluation Time: 1.19889 seconds
Resulting Fitness: 0.169444
New local best!
Final Evaluation Time: 494.711 seconds
Final global best fitness: 0.194444
Final global best relays:
106.181, 264.169
102.159, 110.014
