ITERATION: 0
new best fitness: 0.64
ITERATION: 1
new best fitness: 0.846667
ITERATION: 10
new best fitness: 0.856667
ITERATION: 22
new best fitness: 0.86
ITERATION: 26
new best fitness: 0.886667
ITERATION: 32
new best fitness: 0.89
ITERATION: 47
new best fitness: 0.916667
ITERATION: 173
new best fitness: 0.943333
Final Evaluation Time: 675.015 seconds
Final global best fitness: 0.943333
Final global best relays:
184.415, 187.193
90.5565, 96.6142
327.865, 107.739
207.687, 241.108
133.142, 327.274
343.858, 255.991
