PSO EXECUTION
============================
Seed: 2165300857
Particles: 20
Relays: 4
Iterations: 10
Backend: Simulation
Network Configuration: 1
Area: 350 x 350
Sink: 0, 0
Simulated Relay range: 155
w: 0.8
c1: 1.7
c2: 1.3

Relay Nodes Positions: 
PARTICLE 1: 
44.452, 40.9294
99.0396, 168.362
323.356, 251.183
179.034, 278.373
PARTICLE 2: 
239.512, 234.511
320.707, 327.191
102.24, 166.797
54.9825, 46.4207
PARTICLE 3: 
14.9905, 85.0409
207.812, 225.15
296.11, 277.303
130.589, 169.716
PARTICLE 4: 
217.231, 207.318
74.6166, 54.2412
308.826, 331.517
168.748, 170.39
PARTICLE 5: 
83.4551, 297.783
262.646, 97.1965
202.816, 205.093
118.221, 59.2103
PARTICLE 6: 
211.378, 199.29
99.0944, 119.078
281.613, 309.075
26.147, 69.6637
PARTICLE 7: 
154.537, 108.223
327.077, 273.534
15.8326, 55.031
232.975, 226.967
PARTICLE 8: 
153.72, 140.802
287.084, 281.294
84.274, 29.6563
195.733, 250.366
PARTICLE 9: 
65.2947, 25.5282
284.183, 275.645
254.858, 223.683
142.896, 136.582
PARTICLE 10: 
49.9332, 60.9472
322.255, 274.288
192.441, 229.463
99.4897, 136.003
PARTICLE 11: 
53.5512, 38.1919
287.672, 296.972
178.258, 236.578
158.633, 124.832
PARTICLE 12: 
209.145, 279.302
77.4867, 2.09893
148.45, 114.991
267.951, 180.364
PARTICLE 13: 
74.8661, 17.6122
250.867, 243.151
140.147, 146.236
276.33, 304.715
PARTICLE 14: 
121.224, 165.201
43.2476, 43.9248
304.169, 279.45
192.495, 178.267
PARTICLE 15: 
179.01, 200.058
161.05, 167.376
287.042, 280.455
53.2149, 61.6957
PARTICLE 16: 
259.7, 236.975
305.968, 294.315
37.5524, 49.853
162.277, 133.974
PARTICLE 17: 
27.9831, 72.484
247.168, 180.034
338.397, 269.672
124.818, 173.789
PARTICLE 18: 
192.749, 236.38
76.4681, 141.278
116.548, 73.7998
320.582, 295.782
PARTICLE 19: 
43.7982, 37.3654
119.447, 114.669
201.126, 235.548
268.059, 285.021
PARTICLE 20: 
41.8657, 38.9837
135.757, 113.54
324.114, 276.041
246.719, 182.986
Nodes Positions: 
25.9743, 276.24
303.085, 132.278
55.7114, 6.98924
0.475083, 307.803
170.739, 17.2064
176.826, 42.8851
211.296, 76.0962
311.281, 147.477
99.8609, 280.823
330.586, 93.2892
128.774, 256.497
142.373, 198.303
349.351, 116.939
225.731, 48.7259
134.836, 148.835
281.304, 239.846
28.4062, 251.206
235.308, 185.345
191.766, 103.224
78.7253, 208.305
118.414, 224.231
290.622, 296.117
42.0908, 328.841
15.3146, 342.474
315.16, 303.792
161.472, 183.32
107.252, 126.749
67.9509, 157.562
199.451, 65.3837
262.18, 52.804
238.565, 31.0538
86.668, 264.172
274.109, 215.072
89.9012, 228.709
45.1723, 111.437
264.615, 320.995
209.838, 168.761
333.269, 82.1774
156.869, 335.135
248.426, 26.2361
All particles start with velocity zero
-- ITERATION 0 --
-------------
Particle: 1:
Relays Coordinates:
44.452, 40.9294
99.0396, 168.362
323.356, 251.183
179.034, 278.373
Evaluation Time: 1.18205 seconds
Resulting Fitness: 0.716667
New local best!
New global best!
-------------
Particle: 2:
Relays Coordinates:
239.512, 234.511
320.707, 327.191
102.24, 166.797
54.9825, 46.4207
Evaluation Time: 1.09687 seconds
Resulting Fitness: 0.708333
New local best!
-------------
Particle: 3:
Relays Coordinates:
14.9905, 85.0409
207.812, 225.15
296.11, 277.303
130.589, 169.716
Evaluation Time: 1.14993 seconds
Resulting Fitness: 0.683333
New local best!
-------------
Particle: 4:
Relays Coordinates:
217.231, 207.318
74.6166, 54.2412
308.826, 331.517
168.748, 170.39
Evaluation Time: 1.14288 seconds
Resulting Fitness: 0.791667
New local best!
New global best!
-------------
Particle: 5:
Relays Coordinates:
83.4551, 297.783
262.646, 97.1965
202.816, 205.093
118.221, 59.2103
Evaluation Time: 1.17525 seconds
Resulting Fitness: 0.879167
New local best!
New global best!
-------------
Particle: 6:
Relays Coordinates:
211.378, 199.29
99.0944, 119.078
281.613, 309.075
26.147, 69.6637
Evaluation Time: 1.2603 seconds
Resulting Fitness: 0.795833
New local best!
-------------
Particle: 7:
Relays Coordinates:
154.537, 108.223
327.077, 273.534
15.8326, 55.031
232.975, 226.967
Evaluation Time: 1.25548 seconds
Resulting Fitness: 0.808333
New local best!
-------------
Particle: 8:
Relays Coordinates:
153.72, 140.802
287.084, 281.294
84.274, 29.6563
195.733, 250.366
Evaluation Time: 1.1318 seconds
Resulting Fitness: 0.766667
New local best!
-------------
Particle: 9:
Relays Coordinates:
65.2947, 25.5282
284.183, 275.645
254.858, 223.683
142.896, 136.582
Evaluation Time: 1.12726 seconds
Resulting Fitness: 0.8125
New local best!
-------------
Particle: 10:
Relays Coordinates:
49.9332, 60.9472
322.255, 274.288
192.441, 229.463
99.4897, 136.003
Evaluation Time: 1.17054 seconds
Resulting Fitness: 0.679167
New local best!
-------------
Particle: 11:
Relays Coordinates:
53.5512, 38.1919
287.672, 296.972
178.258, 236.578
158.633, 124.832
Evaluation Time: 1.23155 seconds
Resulting Fitness: 0.804167
New local best!
-------------
Particle: 12:
Relays Coordinates:
209.145, 279.302
77.4867, 2.09893
148.45, 114.991
267.951, 180.364
Evaluation Time: 1.23677 seconds
Resulting Fitness: 0.854167
New local best!
-------------
Particle: 13:
Relays Coordinates:
74.8661, 17.6122
250.867, 243.151
140.147, 146.236
276.33, 304.715
Evaluation Time: 1.15967 seconds
Resulting Fitness: 0.770833
New local best!
-------------
Particle: 14:
Relays Coordinates:
121.224, 165.201
43.2476, 43.9248
304.169, 279.45
192.495, 178.267
Evaluation Time: 1.32344 seconds
Resulting Fitness: 0.758333
New local best!
-------------
Particle: 15:
Relays Coordinates:
179.01, 200.058
161.05, 167.376
287.042, 280.455
53.2149, 61.6957
Evaluation Time: 1.29967 seconds
Resulting Fitness: 0.729167
New local best!
-------------
Particle: 16:
Relays Coordinates:
259.7, 236.975
305.968, 294.315
37.5524, 49.853
162.277, 133.974
Evaluation Time: 1.17742 seconds
Resulting Fitness: 0.791667
New local best!
-------------
Particle: 17:
Relays Coordinates:
27.9831, 72.484
247.168, 180.034
338.397, 269.672
124.818, 173.789
Evaluation Time: 1.22562 seconds
Resulting Fitness: 0.816667
New local best!
-------------
Particle: 18:
Relays Coordinates:
192.749, 236.38
76.4681, 141.278
116.548, 73.7998
320.582, 295.782
Evaluation Time: 1.1152 seconds
Resulting Fitness: 0.795833
New local best!
-------------
Particle: 19:
Relays Coordinates:
43.7982, 37.3654
119.447, 114.669
201.126, 235.548
268.059, 285.021
Evaluation Time: 1.11994 seconds
Resulting Fitness: 0.75
New local best!
-------------
Particle: 20:
Relays Coordinates:
41.8657, 38.9837
135.757, 113.54
324.114, 276.041
246.719, 182.986
Evaluation Time: 1.23587 seconds
Resulting Fitness: 0.783333
New local best!
Current global best fitness: 0.879167
Current global best relays: 83.4551, 297.783
262.646, 97.1965
202.816, 205.093
118.221, 59.2103
Particle 1 new velocities: 49.6776, 173.551
111.426, -20.9584
-20.9543, -54.0262
-4.24166, -183.04
Particle 2 new velocities: -198.926, 30.392
-11.5368, -239.603
39.5972, 12.4226
81.5562, 0.828404
Particle 3 new velocities: 54.7412, 241.266
62.1479, -156.922
-35.6809, -29.401
-6.43274, -12.6353
Particle 4 new velocities: -107.581, 91.4974
71.6206, 9.32413
-25.0743, -40.7672
-14.7031, -124.524
Particle 5 new velocities: 0, 0
0, 0
0, 0
0, 0
Particle 6 new velocities: -157.063, 9.39171
89.0405, -10.5748
-11.5948, -56.3281
90.3829, -2.15623
Particle 7 new velocities: -12.3051, 43.9065
-54.0981, -50.3358
238.99, 155.533
-102.109, -166.148
Particle 8 new velocities: -59.7772, 170.34
-22.9549, -150.129
12.8562, 101.137
-95.4351, -94.9685
Particle 9 new velocities: 10.4452, 108.193
-6.81549, -203.538
-7.66423, -8.49579
-6.12995, -3.88397
Particle 10 new velocities: 5.39695, 37.3673
-42.3362, -59.5848
10.1798, -26.1098
7.67481, -56.1373
Particle 11 new velocities: 4.67794, 283.976
-6.05727, -177.318
26.7116, -18.6154
-25.0204, -41.116
Particle 12 new velocities: -111.108, 22.0106
142.988, 91.0413
41.0722, 21.7104
-137.124, -73.812
Particle 13 new velocities: 8.86052, 96.8085
1.11131, -33.9833
62.8374, 65.8529
-1.04446, -44.2606
Particle 14 new velocities: -26.8712, 41.9498
205.313, 31.4096
-2.49228, -88.8443
-32.3708, -69.0462
Particle 15 new velocities: -65.2386, 79.5546
25.9968, -69.003
-69.0796, -92.8826
6.79101, -3.14582
Particle 16 new velocities: -0.00935014, 40.5146
-15.2979, -168.301
36.4664, 53.7637
-46.5479, -53.3904
Particle 17 new velocities: 43.6576, 200.495
8.23173, -57.2321
-150.784, -20.5649
-4.10814, -69.093
Particle 18 new velocities: -76.5445, 17.7842
20.7084, -3.96255
13.4598, 159.16
-20.1708, -49.4125
Particle 19 new velocities: 19.9395, 313.104
71.9492, -7.06094
0.509023, -13.5319
-68.5099, -37.2167
Particle 20 new velocities: 43.8515, 285.149
74.3187, -16.4546
-153.044, -55.7817
-165.491, -18.0279
-- ITERATION 1 --
-------------
Particle: 1:
Relays Coordinates:
94.1297, 214.48
210.465, 147.404
302.402, 197.157
174.792, 95.3323
Evaluation Time: 0.648009 seconds
Resulting Fitness: 0.05
-------------
Particle: 2:
Relays Coordinates:
40.5857, 264.903
309.17, 87.5877
141.837, 179.22
136.539, 47.2491
Evaluation Time: 1.16593 seconds
Resulting Fitness: 0.770833
New local best!
-------------
Particle: 3:
Relays Coordinates:
69.7317, 326.307
269.96, 68.2277
260.429, 247.902
124.157, 157.08
Evaluation Time: 0.625041 seconds
Resulting Fitness: 0.0583333
-------------
Particle: 4:
Relays Coordinates:
109.649, 298.815
146.237, 63.5654
283.752, 290.75
154.045, 45.8657
Evaluation Time: 0.877011 seconds
Resulting Fitness: 0.4125
-------------
Particle: 5:
Relays Coordinates:
83.4551, 297.783
262.646, 97.1965
202.816, 205.093
118.221, 59.2103
Evaluation Time: 1.21789 seconds
Resulting Fitness: 0.879167
-------------
Particle: 6:
Relays Coordinates:
54.3153, 208.682
188.135, 108.503
270.019, 252.747
116.53, 67.5075
Evaluation Time: 1.15823 seconds
Resulting Fitness: 0.808333
New local best!
-------------
Particle: 7:
Relays Coordinates:
142.232, 152.129
272.979, 223.198
254.822, 210.564
130.866, 60.8191
Evaluation Time: 1.14471 seconds
Resulting Fitness: 0.8625
New local best!
-------------
Particle: 8:
Relays Coordinates:
93.9429, 311.141
264.129, 131.165
97.1302, 130.793
100.298, 155.398
Evaluation Time: 1.33461 seconds
Resulting Fitness: 0.354167
-------------
Particle: 9:
Relays Coordinates:
75.7399, 133.721
277.367, 72.107
247.193, 215.187
136.766, 132.698
Evaluation Time: 1.20835 seconds
Resulting Fitness: 0.7875
-------------
Particle: 10:
Relays Coordinates:
55.3301, 98.3145
279.919, 214.703
202.62, 203.354
107.164, 79.8653
Evaluation Time: 1.24355 seconds
Resulting Fitness: 0.7875
New local best!
-------------
Particle: 11:
Relays Coordinates:
58.2292, 322.168
281.614, 119.654
204.97, 217.963
133.612, 83.7158
Evaluation Time: 1.20284 seconds
Resulting Fitness: 0.666667
-------------
Particle: 12:
Relays Coordinates:
98.0366, 301.312
220.475, 93.1403
189.522, 136.702
130.827, 106.552
Evaluation Time: 1.18826 seconds
Resulting Fitness: 0.116667
-------------
Particle: 13:
Relays Coordinates:
83.7266, 114.421
251.978, 209.167
202.984, 212.089
275.286, 260.454
Evaluation Time: 1.09323 seconds
Resulting Fitness: 0.775
New local best!
-------------
Particle: 14:
Relays Coordinates:
94.3526, 207.151
248.561, 75.3344
301.677, 190.605
160.125, 109.221
Evaluation Time: 0.628872 seconds
Resulting Fitness: 0.0541667
-------------
Particle: 15:
Relays Coordinates:
113.772, 279.613
187.047, 98.3726
217.962, 187.572
60.0059, 58.5499
Evaluation Time: 1.36883 seconds
Resulting Fitness: 0.933333
New local best!
New global best!
-------------
Particle: 16:
Relays Coordinates:
259.691, 277.489
290.67, 126.013
74.0188, 103.617
115.729, 80.5833
Evaluation Time: 1.13565 seconds
Resulting Fitness: 0.545833
-------------
Particle: 17:
Relays Coordinates:
71.6407, 272.979
255.399, 122.802
187.613, 249.107
120.71, 104.696
Evaluation Time: 1.46198 seconds
Resulting Fitness: 0.7375
-------------
Particle: 18:
Relays Coordinates:
116.205, 254.165
97.1765, 137.315
130.007, 232.96
300.412, 246.37
Evaluation Time: 1.2448 seconds
Resulting Fitness: 0.125
-------------
Particle: 19:
Relays Coordinates:
63.7377, 350
191.396, 107.608
201.635, 222.016
199.549, 247.805
Evaluation Time: 0.616358 seconds
Resulting Fitness: 0.0541667
-------------
Particle: 20:
Relays Coordinates:
85.7172, 324.132
210.075, 97.0852
171.069, 220.259
81.2285, 164.959
Evaluation Time: 1.36605 seconds
Resulting Fitness: 0.0541667
Current global best fitness: 0.933333
Current global best relays: 113.772, 279.613
187.047, 98.3726
217.962, 187.572
60.0059, 58.5499
Particle 1 new velocities: 19.3459, 101.679
-46.617, -41.5835
-7.29307, -11.864
-31.4091, 1.29098
Particle 2 new velocities: -120.249, 34.4385
-92.642, -185.852
72.3041, 13.9886
-21.7908, 12.8188
Particle 3 new velocities: 32.9923, -73.6241
-29.6265, -20.4367
-19.5686, -3.35194
-21.7904, -24.69
Particle 4 new velocities: 21.7044, 13.8908
65.1654, 23.2733
6.90921, -45.6918
-36.4682, 12.2634
Particle 5 new velocities: 1.57125, -10.9326
-80.2682, 0.877817
14.8102, -11.5201
-62.6464, -0.270188
Particle 6 new velocities: -115.792, 15.4039
71.1827, -14.7919
-33.6145, -74.4982
69.598, -7.59226
Particle 7 new velocities: -38.059, 113.945
-77.8777, -75.6707
182.212, 124.307
-157.206, -133.639
Particle 8 new velocities: 32.879, 71.1417
-37.4454, 6.99603
31.2164, -26.0094
17.7376, -108.42
Particle 9 new velocities: 26.2418, 198.304
-79.7159, -1.23918
-37.2877, -6.10534
-73.2833, -42.3496
Particle 10 new velocities: 18.2163, 157.32
-53.2309, -171.902
15.4731, -39.4338
-17.4035, -66.4767
Particle 11 new velocities: 66.2894, 14.7069
-29.5171, -54.0966
3.01794, -18.0282
-1.98841, -0.46286
Particle 12 new velocities: 70.534, -5.80725
24.9173, -39.3414
29.7437, 27.2874
37.3164, 39.915
Particle 13 new velocities: 33.8197, 87.475
-75.9127, -54.2884
66.1324, 36.8001
-217.504, -151.061
Particle 14 new velocities: 10.6843, 12.383
-182.47, 2.38535
-99.1009, -44.7847
-84.2081, -14.2461
Particle 15 new velocities: -52.1909, 63.6437
20.7975, -55.2024
-55.2637, -74.3061
5.43281, -2.51665
Particle 16 new velocities: -40.7041, 3.53829
3.75131, -94.0464
189.888, 57.4806
-88.2609, -18.9162
Particle 17 new velocities: 23.1009, 48.1356
-90.3505, -4.67752
67.7097, -48.8756
-0.123377, -7.24889
Particle 18 new velocities: -45.6296, 22.4719
18.2001, -34.8899
56.8315, -173.959
-12.6164, -86.7938
Particle 19 new velocities: 71.5882, -530.3
2.02364, -10.8955
2.52582, -41.5346
21.6293, -78.1309
Particle 20 new velocities: 23.4198, 14.4153
-5.7234, 10.5864
65.3679, 20.5976
78.8842, -85.7043
-- ITERATION 2 --
-------------
Particle: 1:
Relays Coordinates:
113.476, 316.159
163.848, 105.82
295.109, 185.293
143.383, 96.6233
Evaluation Time: 1.24223 seconds
Resulting Fitness: 0.0916667
-------------
Particle: 2:
Relays Coordinates:
0, 299.341
216.528, 0
214.141, 193.209
114.748, 60.0679
Evaluation Time: 1.06183 seconds
Resulting Fitness: 0.616667
-------------
Particle: 3:
Relays Coordinates:
102.724, 252.683
240.333, 47.791
240.86, 244.55
102.366, 132.39
Evaluation Time: 1.38237 seconds
Resulting Fitness: 0.195833
-------------
Particle: 4:
Relays Coordinates:
131.354, 312.706
211.403, 86.8387
290.661, 245.058
117.577, 58.129
Evaluation Time: 1.16499 seconds
Resulting Fitness: 0.629167
-------------
Particle: 5:
Relays Coordinates:
85.0263, 286.85
182.378, 98.0743
217.626, 193.573
55.5743, 58.9401
Evaluation Time: 1.32536 seconds
Resulting Fitness: 0.85
-------------
Particle: 6:
Relays Coordinates:
0, 224.086
259.318, 93.7111
236.404, 178.249
186.128, 59.9152
Evaluation Time: 0.616979 seconds
Resulting Fitness: 0.0541667
-------------
Particle: 7:
Relays Coordinates:
104.173, 266.074
195.101, 147.527
350, 334.87
0, 0
Evaluation Time: 0.655142 seconds
Resulting Fitness: 0.0625
-------------
Particle: 8:
Relays Coordinates:
126.822, 350
226.684, 138.161
128.347, 104.784
118.036, 46.9779
Evaluation Time: 1.04011 seconds
Resulting Fitness: 0.7125
-------------
Particle: 9:
Relays Coordinates:
101.982, 332.025
197.651, 70.8678
209.906, 209.082
63.4828, 90.3486
Evaluation Time: 1.21015 seconds
Resulting Fitness: 0.883333
New local best!
-------------
Particle: 10:
Relays Coordinates:
73.5464, 255.635
226.688, 42.8011
218.094, 163.92
89.761, 13.3887
Evaluation Time: 1.18425 seconds
Resulting Fitness: 0.770833
-------------
Particle: 11:
Relays Coordinates:
124.519, 336.875
252.097, 65.5578
207.988, 199.934
131.624, 83.2529
Evaluation Time: 1.3135 seconds
Resulting Fitness: 0.783333
-------------
Particle: 12:
Relays Coordinates:
168.571, 295.505
245.392, 53.7989
219.266, 163.989
168.143, 146.467
Evaluation Time: 0.606456 seconds
Resulting Fitness: 0.0541667
-------------
Particle: 13:
Relays Coordinates:
117.546, 201.896
176.066, 154.879
269.116, 248.889
57.7822, 109.393
Evaluation Time: 1.24489 seconds
Resulting Fitness: 0.866667
New local best!
-------------
Particle: 14:
Relays Coordinates:
105.037, 219.534
66.0907, 77.7198
202.576, 145.821
75.9165, 94.975
Evaluation Time: 1.16067 seconds
Resulting Fitness: 0.858333
New local best!
-------------
Particle: 15:
Relays Coordinates:
61.5806, 343.256
207.844, 43.1702
162.699, 113.266
65.4387, 56.0333
Evaluation Time: 1.04925 seconds
Resulting Fitness: 0.691667
-------------
Particle: 16:
Relays Coordinates:
218.987, 281.028
294.421, 31.9668
263.907, 161.097
27.4686, 61.6671
Evaluation Time: 0.695687 seconds
Resulting Fitness: 0.195833
-------------
Particle: 17:
Relays Coordinates:
94.7416, 321.115
165.049, 118.124
255.323, 200.231
120.587, 97.4473
Evaluation Time: 1.17226 seconds
Resulting Fitness: 0.75
-------------
Particle: 18:
Relays Coordinates:
70.5752, 276.636
115.377, 102.425
186.839, 59.0004
287.795, 159.576
Evaluation Time: 1.22169 seconds
Resulting Fitness: 0.716667
-------------
Particle: 19:
Relays Coordinates:
135.326, 0
193.42, 96.7128
204.161, 180.481
221.178, 169.674
Evaluation Time: 1.12126 seconds
Resulting Fitness: 0.8125
New local best!
-------------
Particle: 20:
Relays Coordinates:
109.137, 338.548
204.352, 107.672
236.437, 240.857
160.113, 79.2543
Evaluation Time: 1.37776 seconds
Resulting Fitness: 0.0541667
Current global best fitness: 0.933333
Current global best relays: 113.772, 279.613
187.047, 98.3726
217.962, 187.572
60.0059, 58.5499
Particle 1 new velocities: -42.6257, -192.875
-65.0659, -11.0134
-32.3945, 64.8867
-49.0061, 174.088
Particle 2 new velocities: 19.2361, -32.1314
39.3071, 176.716
14.5733, 5.21667
-59.6707, -11.4211
Particle 3 new velocities: -69.8161, -262.106
-114.988, 196.223
57.8471, -9.10489
-34.7605, 20.2987
Particle 4 new velocities: 81.0618, -46.5455
-4.1674, 19.3456
-12.9452, -84.9046
13.011, 145.988
Particle 5 new velocities: 36.1658, 2.92544
58.6218, 0.56544
6.96385, -10.4397
13.1391, -0.398131
Particle 6 new velocities: 123.453, 62.5707
-134.618, -0.601574
6.49812, 15.4157
-65.3525, 3.1428
Particle 7 new velocities: 19.0619, 74.2124
-1.79278, -105.382
-123.887, -100.647
102.624, 35.3279
Particle 8 new velocities: 31.3363, -302.015
-35.3946, 24.1469
-16.4752, 15.0023
15.5688, 29.6057
Particle 9 new velocities: 34.3398, 151.715
-67.5792, 19.9294
-28.9413, -26.4738
-59.6037, -64.1207
Particle 10 new velocities: 28.9967, 30.7675
19.2155, 129.837
-9.81283, 17.8031
-33.406, 46.9489
Particle 11 new velocities: -57.2341, -474.594
-27.9979, 248.955
-3.88783, -9.41976
-24.4335, 34.4353
Particle 12 new velocities: 1.76108, -30.7537
-155.862, -35.0296
-38.3512, -34.7544
106.121, -10.5869
Particle 13 new velocities: 22.8422, 71.7083
-55.7811, -87.7652
-3.42882, -33.9594
-173.261, -182.233
Particle 14 new velocities: 18.8199, 77.4008
-139.624, 20.5539
-73.4893, -10.1678
-72.5426, -56.1876
Particle 15 new velocities: 19.0623, -17.1316
-3.54164, -35.4429
73.2933, 23.2097
-3.77969, 1.52073
Particle 16 new velocities: -26.3416, -53.1985
-44.8884, 372.993
-156.811, -130.044
-63.131, 4.86262
Particle 17 new velocities: 17.9111, -75.971
-32.1153, -12.0995
146.981, -36.3381
-25.5997, -3.39295
Particle 18 new velocities: -6.89916, -35.4169
80.4923, 3.87473
27.4009, -114.511
-45.0294, 35.2276
Particle 19 new velocities: 43.9729, 38.3471
-0.988621, -6.70767
13.813, -30.4132
-139.499, -161.98
Particle 20 new velocities: -0.353113, -121.206
-37.2453, 2.97001
51.1445, 35.0935
115.204, -14.8263
-- ITERATION 3 --
-------------
Particle: 1:
Relays Coordinates:
70.8498, 123.284
98.7826, 94.807
262.715, 250.179
94.3768, 270.711
Evaluation Time: 1.10712 seconds
Resulting Fitness: 0.6875
-------------
Particle: 2:
Relays Coordinates:
19.2361, 267.21
255.836, 176.716
228.714, 198.425
55.0772, 48.6468
Evaluation Time: 0.747394 seconds
Resulting Fitness: 0.266667
-------------
Particle: 3:
Relays Coordinates:
32.9079, 0
125.345, 244.014
298.707, 235.445
67.6056, 152.689
Evaluation Time: 1.14372 seconds
Resulting Fitness: 0.575
-------------
Particle: 4:
Relays Coordinates:
212.415, 266.161
207.235, 106.184
277.716, 160.154
130.588, 204.117
Evaluation Time: 0.667594 seconds
Resulting Fitness: 0.0625
-------------
Particle: 5:
Relays Coordinates:
121.192, 289.775
241, 98.6397
224.59, 183.133
68.7134, 58.542
Evaluation Time: 1.28371 seconds
Resulting Fitness: 0.316667
-------------
Particle: 6:
Relays Coordinates:
123.453, 286.657
124.699, 93.1096
242.902, 193.665
120.775, 63.058
Evaluation Time: 1.28959 seconds
Resulting Fitness: 0.916667
New local best!
-------------
Particle: 7:
Relays Coordinates:
123.235, 340.286
193.308, 42.1454
226.113, 234.224
102.624, 35.3279
Evaluation Time: 0.837692 seconds
Resulting Fitness: 0.520833
-------------
Particle: 8:
Relays Coordinates:
158.158, 47.9848
191.289, 162.307
111.871, 119.786
133.604, 76.5836
Evaluation Time: 1.07073 seconds
Resulting Fitness: 0.708333
-------------
Particle: 9:
Relays Coordinates:
136.322, 350
130.072, 90.7972
180.964, 182.608
3.87908, 26.2279
Evaluation Time: 1.18874 seconds
Resulting Fitness: 0.733333
-------------
Particle: 10:
Relays Coordinates:
102.543, 286.402
245.903, 172.638
208.281, 181.723
56.355, 60.3376
Evaluation Time: 0.796999 seconds
Resulting Fitness: 0.3125
-------------
Particle: 11:
Relays Coordinates:
67.2845, 0
224.1, 314.512
204.1, 190.515
107.191, 117.688
Evaluation Time: 1.25992 seconds
Resulting Fitness: 0.791667
-------------
Particle: 12:
Relays Coordinates:
170.332, 264.751
89.5298, 18.7693
180.915, 129.235
274.265, 135.88
Evaluation Time: 1.17674 seconds
Resulting Fitness: 0.866667
New local best!
-------------
Particle: 13:
Relays Coordinates:
140.388, 273.604
120.285, 67.1138
265.688, 214.93
0, 0
Evaluation Time: 0.775292 seconds
Resulting Fitness: 0.5
-------------
Particle: 14:
Relays Coordinates:
123.857, 296.934
0, 98.2736
129.087, 135.653
3.3739, 38.7874
Evaluation Time: 1.13249 seconds
Resulting Fitness: 0.683333
-------------
Particle: 15:
Relays Coordinates:
80.6429, 326.125
204.303, 7.72733
235.992, 136.476
61.659, 57.554
Evaluation Time: 1.04694 seconds
Resulting Fitness: 0.645833
-------------
Particle: 16:
Relays Coordinates:
192.645, 227.829
249.533, 350
107.096, 31.0532
0, 66.5298
Evaluation Time: 0.788585 seconds
Resulting Fitness: 0.383333
-------------
Particle: 17:
Relays Coordinates:
112.653, 245.144
132.934, 106.025
350, 163.893
94.987, 94.0544
Evaluation Time: 1.12979 seconds
Resulting Fitness: 0.695833
-------------
Particle: 18:
Relays Coordinates:
63.6761, 241.22
195.869, 106.3
214.24, 0
242.766, 194.803
Evaluation Time: 0.60881 seconds
Resulting Fitness: 0.0541667
-------------
Particle: 19:
Relays Coordinates:
179.299, 38.3471
192.431, 90.0051
217.974, 150.068
81.6796, 7.69353
Evaluation Time: 1.18296 seconds
Resulting Fitness: 0.704167
-------------
Particle: 20:
Relays Coordinates:
108.784, 217.342
167.107, 110.642
287.582, 275.95
275.317, 64.428
Evaluation Time: 0.611471 seconds
Resulting Fitness: 0.0625
Current global best fitness: 0.933333
Current global best relays: 113.772, 279.613
187.047, 98.3726
217.962, 187.572
60.0059, 58.5499
Particle 1 new velocities: 1.93145, 25.3668
11.6797, 117.937
52.4304, 45.8433
8.19825, 106.273
Particle 2 new velocities: 34.8684, -17.9681
-42.42, -87.5197
-115.4, -6.41021
63.5163, -8.73696
Particle 3 new velocities: 36.2701, 421.306
38.1117, 119.236
-25.175, -28.3137
6.19623, -23.3887
Particle 4 new velocities: 45.6432, -116.282
-108.836, -52.3894
-12.2375, 53.3501
46.5944, -86.7006
Particle 5 new velocities: -43.981, 3.27423
40.8923, -0.148299
-20.9092, 10.2215
83.0896, -0.055007
Particle 6 new velocities: 94.1447, 45.9673
-100.05, 5.20339
-19.8085, 4.42081
-52.739, 0.0586273
Particle 7 new velocities: 20.6471, -154.926
34.8437, 74.2419
-61.8538, -159.906
53.3942, 66.5767
Particle 8 new velocities: -26.1052, -95.7269
58.8304, 107.272
51.2382, 13.1978
78.0104, 191.39
Particle 9 new velocities: -27.3615, -93.7459
107.331, -10.8884
11.7484, 6.53924
40.5019, 47.7595
Particle 10 new velocities: -11.1639, -151.96
-24.1017, 100.996
-7.90191, 37.7814
39.7556, 61.0472
Particle 11 new velocities: -20.8433, 285.573
-30.3234, 123.471
-7.87681, 52.7989
-45.2123, -3.93681
Particle 12 new velocities: -18.145, -13.7324
-99.0812, 66.6545
-0.428385, -11.7335
-117.149, -19.6331
Particle 13 new velocities: 6.36096, 27.6683
116.801, -28.3543
-9.16635, -2.48056
153.086, 149.104
Particle 14 new velocities: -18.2024, -39.7226
229.669, -0.164971
101.8, 62.932
109.084, -6.6299
Particle 15 new velocities: 75.4064, -61.1605
-19.3883, 34.9885
25.3536, 138.621
-4.33162, 2.3978
Particle 16 new velocities: 71.8626, 9.5516
7.57149, -76.1864
-15.5422, 73.9067
200.422, 25.3468
Particle 17 new velocities: -4.26993, -291.936
143.088, 41.4764
-145.721, 104.575
-10.1575, -24.6432
Particle 18 new velocities: 207.6, 5.33472
-30.3626, 3.05042
-50.9023, 252.581
-59.799, 19.51
Particle 19 new velocities: -8.51021, 106.174
-3.97988, 12.4068
3.88902, 41.8872
-59.1575, -54.4264
Particle 20 new velocities: -90.3171, -150.643
-45.2242, -2.20739
69.5745, -78.6842
-83.4165, 54.2734
-- ITERATION 4 --
-------------
Particle: 1:
Relays Coordinates:
72.7813, 148.65
110.462, 212.744
315.145, 296.023
102.575, 350
Evaluation Time: 1.03247 seconds
Resulting Fitness: 0.266667
-------------
Particle: 2:
Relays Coordinates:
54.1045, 249.242
213.416, 89.196
113.314, 192.015
118.594, 39.9099
Evaluation Time: 1.16024 seconds
Resulting Fitness: 0.879167
New local best!
-------------
Particle: 3:
Relays Coordinates:
69.178, 350
163.457, 350
273.532, 207.132
73.8019, 129.3
Evaluation Time: 0.827079 seconds
Resulting Fitness: 0.4875
-------------
Particle: 4:
Relays Coordinates:
258.059, 149.878
98.3992, 53.7948
265.478, 213.504
177.182, 117.416
Evaluation Time: 1.14912 seconds
Resulting Fitness: 0.804167
New local best!
-------------
Particle: 5:
Relays Coordinates:
77.2111, 293.05
281.892, 98.4914
203.681, 193.355
151.803, 58.487
Evaluation Time: 1.32446 seconds
Resulting Fitness: 0.329167
-------------
Particle: 6:
Relays Coordinates:
217.598, 332.624
24.6492, 98.313
223.094, 198.085
68.0364, 63.1167
Evaluation Time: 0.798343 seconds
Resulting Fitness: 0.420833
-------------
Particle: 7:
Relays Coordinates:
143.882, 185.36
228.152, 116.387
164.259, 74.318
156.019, 101.905
Evaluation Time: 1.26588 seconds
Resulting Fitness: 0.0583333
-------------
Particle: 8:
Relays Coordinates:
132.053, 0
250.12, 269.579
163.11, 132.984
211.615, 267.974
Evaluation Time: 1.11549 seconds
Resulting Fitness: 0.7875
New local best!
-------------
Particle: 9:
Relays Coordinates:
108.96, 256.254
237.403, 79.9088
192.713, 189.148
44.381, 73.9873
Evaluation Time: 0.772904 seconds
Resulting Fitness: 0.316667
-------------
Particle: 10:
Relays Coordinates:
91.3792, 134.443
221.802, 273.634
200.379, 219.504
96.1106, 121.385
Evaluation Time: 1.20014 seconds
Resulting Fitness: 0.7
-------------
Particle: 11:
Relays Coordinates:
46.4412, 285.573
193.776, 350
196.223, 243.314
61.9783, 113.751
Evaluation Time: 1.07491 seconds
Resulting Fitness: 0.416667
-------------
Particle: 12:
Relays Coordinates:
152.187, 251.019
0, 85.4238
180.486, 117.501
157.116, 116.247
Evaluation Time: 1.25377 seconds
Resulting Fitness: 0.629167
-------------
Particle: 13:
Relays Coordinates:
146.749, 301.272
237.085, 38.7595
256.521, 212.449
153.086, 149.104
Evaluation Time: 0.637391 seconds
Resulting Fitness: 0.0625
-------------
Particle: 14:
Relays Coordinates:
105.655, 257.212
229.669, 98.1086
230.887, 198.585
112.458, 32.1575
Evaluation Time: 1.37781 seconds
Resulting Fitness: 0.970833
New local best!
New global best!
-------------
Particle: 15:
Relays Coordinates:
156.049, 264.964
184.914, 42.7158
261.345, 275.097
57.3274, 59.9518
Evaluation Time: 0.994204 seconds
Resulting Fitness: 0.525
-------------
Particle: 16:
Relays Coordinates:
264.508, 237.381
257.105, 273.814
91.5538, 104.96
200.422, 91.8765
Evaluation Time: 1.24655 seconds
Resulting Fitness: 0.829167
New local best!
-------------
Particle: 17:
Relays Coordinates:
108.383, 0
276.021, 147.501
204.279, 268.468
84.8296, 69.4112
Evaluation Time: 0.768777 seconds
Resulting Fitness: 0.479167
-------------
Particle: 18:
Relays Coordinates:
271.276, 246.554
165.506, 109.351
163.337, 252.581
182.967, 214.313
Evaluation Time: 0.647843 seconds
Resulting Fitness: 0.0541667
-------------
Particle: 19:
Relays Coordinates:
170.789, 144.521
188.451, 102.412
221.863, 191.955
22.5221, 0
Evaluation Time: 0.666465 seconds
Resulting Fitness: 0.1375
-------------
Particle: 20:
Relays Coordinates:
18.4669, 66.6983
121.882, 108.434
350, 197.266
191.9, 118.701
Evaluation Time: 1.21081 seconds
Resulting Fitness: 0.716667
Current global best fitness: 0.970833
Current global best relays: 105.655, 257.212
229.669, 98.1086
230.887, 198.585
112.458, 32.1575
Particle 1 new velocities: 11.3899, -65.9723
119.583, -66.9126
10.954, -25.6192
108.722, -37.6088
Particle 2 new velocities: 69.4145, -12.2919
-31.7101, -68.1526
-75.866, 2.60304
50.4366, -15.0793
Particle 3 new velocities: 43.1339, -389.634
164.986, -297.372
-65.8652, 14.289
137.203, -3.99994
Particle 4 new velocities: -3.63042, -90.5885
-25.3706, -9.03321
-25.5833, 35.5757
-33.8285, -156.766
Particle 5 new velocities: -28.3305, -5.93757
-41.4447, -1.64283
-12.9367, 19.2621
16.7581, -31.4961
Particle 6 new velocities: -80.5026, -3.03038
166.499, -1.106
0.316357, 0.802746
3.25493, -5.62302
Particle 7 new velocities: 11.2453, -146.336
68.6835, 154.29
54.0441, -72.2651
-2.13627, 12.524
Particle 8 new velocities: -40.914, 284.446
40.3794, 62.6454
47.1623, 66.635
25.4452, -1.78949
Particle 9 new velocities: -27.0584, 31.6436
48.4493, -11.0716
57.6311, 38.7351
86.9143, 51.2626
Particle 10 new velocities: -35.3708, -43.1016
-3.80791, -149.384
3.56623, -20.4264
57.2746, -32.259
Particle 11 new velocities: 8.9618, 184.073
40.3937, -79.7641
24.8178, -14.999
138.517, -66.1254
Particle 12 new velocities: -13.4175, 8.29001
284.069, 45.4688
31.3851, 79.6337
64.601, -79.2387
Particle 13 new velocities: -29.7645, -184.263
28.2976, 16.5325
-12.4316, 35.3281
70.6103, -22.6113
Particle 14 new velocities: -14.5619, -31.7781
183.735, -0.131977
81.4399, 50.3456
87.267, -5.30392
Particle 15 new velocities: -7.7631, -38.1464
39.4503, 142.796
-20.8448, -2.2157
1.86081, -7.50187
Particle 16 new velocities: -42.0061, 28.8268
-22.1238, -197.323
113.114, 101.115
157.659, -45.5037
Particle 17 new velocities: -94.1203, 373.804
41.2245, 53.5829
100.52, 68.2436
63.3118, 75.2191
Particle 18 new velocities: -123.697, -4.60539
-68.1108, 19.1022
-31.1352, -27.0139
-35.1915, -115.31
Particle 19 new velocities: -82.3744, -26.0432
52.8143, 3.82954
1.12513, 32.8237
135.658, 174.463
Particle 20 new velocities: 9.68417, -48.7406
103.17, -3.23198
-102.588, 59.4512
-87.3117, 101.669
-- ITERATION 5 --
-------------
Particle: 1:
Relays Coordinates:
84.1712, 82.6782
230.046, 145.831
326.099, 270.403
211.297, 312.391
Evaluation Time: 1.24003 seconds
Resulting Fitness: 0.770833
New local best!
-------------
Particle: 2:
Relays Coordinates:
123.519, 236.95
181.705, 21.0433
37.4482, 194.618
169.03, 24.8306
Evaluation Time: 0.97111 seconds
Resulting Fitness: 0.075
-------------
Particle: 3:
Relays Coordinates:
112.312, 0
328.442, 52.6281
207.667, 221.421
211.005, 125.3
Evaluation Time: 1.39713 seconds
Resulting Fitness: 0.75
New local best!
-------------
Particle: 4:
Relays Coordinates:
254.428, 59.2895
73.0286, 44.7616
239.895, 249.079
143.354, 0
Evaluation Time: 1.0278 seconds
Resulting Fitness: 0.575
-------------
Particle: 5:
Relays Coordinates:
48.8807, 287.112
240.447, 96.8486
190.744, 212.617
168.561, 26.9909
Evaluation Time: 1.4103 seconds
Resulting Fitness: 0.075
-------------
Particle: 6:
Relays Coordinates:
137.095, 329.594
191.148, 97.207
223.41, 198.888
71.2914, 57.4936
Evaluation Time: 1.3073 seconds
Resulting Fitness: 0.908333
-------------
Particle: 7:
Relays Coordinates:
155.128, 39.0241
296.835, 270.678
218.303, 2.05284
153.882, 114.429
Evaluation Time: 1.07147 seconds
Resulting Fitness: 0.5
-------------
Particle: 8:
Relays Coordinates:
91.139, 284.446
290.499, 332.225
210.272, 199.619
237.06, 266.184
Evaluation Time: 0.765271 seconds
Resulting Fitness: 0.05
-------------
Particle: 9:
Relays Coordinates:
81.9016, 287.898
285.852, 68.8372
250.344, 227.883
131.295, 125.25
Evaluation Time: 1.37074 seconds
Resulting Fitness: 0.0583333
-------------
Particle: 10:
Relays Coordinates:
56.0084, 91.341
217.994, 124.25
203.945, 199.078
153.385, 89.1257
Evaluation Time: 1.24919 seconds
Resulting Fitness: 0.858333
New local best!
-------------
Particle: 11:
Relays Coordinates:
55.403, 350
234.17, 270.236
221.041, 228.315
200.495, 47.626
Evaluation Time: 0.633853 seconds
Resulting Fitness: 0.0625
-------------
Particle: 12:
Relays Coordinates:
138.769, 259.309
284.069, 130.893
211.871, 197.135
221.717, 37.0079
Evaluation Time: 0.630736 seconds
Resulting Fitness: 0.0708333
-------------
Particle: 13:
Relays Coordinates:
116.985, 117.009
265.383, 55.292
244.09, 247.777
223.697, 126.493
Evaluation Time: 1.38997 seconds
Resulting Fitness: 0.370833
-------------
Particle: 14:
Relays Coordinates:
91.0926, 225.434
350, 97.9767
312.327, 248.931
199.725, 26.8536
Evaluation Time: 0.720383 seconds
Resulting Fitness: 0.075
-------------
Particle: 15:
Relays Coordinates:
148.286, 226.818
224.365, 185.512
240.501, 272.881
59.1882, 52.4499
Evaluation Time: 0.86758 seconds
Resulting Fitness: 0.295833
-------------
Particle: 16:
Relays Coordinates:
222.502, 266.207
234.981, 76.4905
204.667, 206.075
350, 46.3728
Evaluation Time: 0.628531 seconds
Resulting Fitness: 0.0583333
-------------
Particle: 17:
Relays Coordinates:
14.2625, 350
317.246, 201.084
304.799, 336.712
148.141, 144.63
Evaluation Time: 0.705547 seconds
Resulting Fitness: 0.0708333
-------------
Particle: 18:
Relays Coordinates:
147.579, 241.949
97.3955, 128.453
132.202, 225.568
147.775, 99.0029
Evaluation Time: 1.2118 seconds
Resulting Fitness: 0.525
-------------
Particle: 19:
Relays Coordinates:
88.4143, 118.477
241.265, 106.242
222.988, 224.779
158.18, 174.463
Evaluation Time: 1.2474 seconds
Resulting Fitness: 0.8375
New local best!
-------------
Particle: 20:
Relays Coordinates:
28.151, 17.9577
225.053, 105.202
247.412, 256.718
104.588, 220.37
Evaluation Time: 0.771503 seconds
Resulting Fitness: 0.15
Current global best fitness: 0.970833
Current global best relays: 105.655, 257.212
229.669, 98.1086
230.887, 198.585
112.458, 32.1575
Particle 1 new velocities: 26.3031, 165.955
95.484, -72.6149
-69.6386, -30.1333
-4.88701, -289.241
Particle 2 new velocities: 15.4988, 0.393402
77.6224, -35.2423
286.504, 0.284016
-56.3485, -4.09841
Particle 3 new velocities: 28.8499, 118.437
85.3951, -214.974
-49.3475, -13.7649
42.3008, -56.1329
Particle 4 new velocities: -45.6366, -41.9422
35.8777, 50.897
-23.5013, -20.8171
5.72789, 72.7662
Particle 5 new velocities: -4.03677, -3.93631
-15.5052, -0.507036
8.26625, -6.42882
-115.394, -19.4532
Particle 6 new velocities: -77.8236, -31.4653
110.33, -6.14659
16.2108, -7.45738
103.927, -19.2808
Particle 7 new velocities: -40.0681, 134.245
-59.9523, -157.993
100.55, 487.489
-85.4505, -128.949
Particle 8 new velocities: -21.4012, -27.2159
11.9331, -151.138
52.2811, -2.67435
-13.2418, -152.641
Particle 9 new velocities: -17.2839, 38.0221
-31.6739, 26.4004
20.4551, -31.8668
10.457, -7.32013
Particle 10 new velocities: -2.26112, -10.3426
7.25739, -133.024
35.7994, -16.5146
15.6404, -76.0664
Particle 11 new velocities: 55.8895, -562.178
108.362, -147.938
11.3559, -22.9663
26.2982, -31.7931
Particle 12 new velocities: -8.0698, 9.05078
61.7757, -107.785
-6.62224, 62.5167
-24.5253, -17.1046
Particle 13 new velocities: -29.2731, 162.067
-83.9427, 42.0168
21.8428, -5.53444
-62.3441, -114.537
Particle 14 new velocities: 3.12435, 45.2256
-254.703, 0.151333
-108.385, 10.9659
-3.93144, 9.99293
Particle 15 new velocities: -26.2544, 59.4654
-22.9806, -40.3917
-30.9984, -125.485
50.2397, -2.6484
Particle 16 new velocities: -100.482, -11.2067
-23.1659, -9.7963
-78.1711, 11.7497
-272.708, -0.836548
Particle 17 new velocities: -42.4225, -184.728
-15.1992, -66.2987
91.983, -186.382
-7.62628, -43.3829
Particle 18 new velocities: -102.892, -2.29399
-12.914, 4.65754
-20.3962, -69.7481
-8.84876, 129.274
Particle 19 new velocities: -57.0572, 154.968
28.4148, -3.41948
7.8822, 17.8179
69.5254, 111.008
Particle 20 new velocities: 23.9606, 147.891
-1.25396, 2.3415
-72.6448, 5.92008
-5.46197, -36.3064
-- ITERATION 6 --
-------------
Particle: 1:
Relays Coordinates:
110.474, 248.633
325.53, 73.2162
256.46, 240.27
206.41, 23.1498
Evaluation Time: 0.684578 seconds
Resulting Fitness: 0.0625
-------------
Particle: 2:
Relays Coordinates:
139.018, 237.343
259.328, 0
323.952, 194.902
112.682, 20.7322
Evaluation Time: 0.823927 seconds
Resulting Fitness: 0.479167
-------------
Particle: 3:
Relays Coordinates:
141.162, 118.437
350, 0
158.319, 207.656
253.306, 69.1673
Evaluation Time: 1.37538 seconds
Resulting Fitness: 0.0583333
-------------
Particle: 4:
Relays Coordinates:
208.792, 17.3473
108.906, 95.6586
216.394, 228.262
149.082, 72.7662
Evaluation Time: 1.08565 seconds
Resulting Fitness: 0.633333
-------------
Particle: 5:
Relays Coordinates:
44.8439, 283.176
224.942, 96.3415
199.01, 206.188
53.1671, 7.53769
Evaluation Time: 0.704409 seconds
Resulting Fitness: 0.191667
-------------
Particle: 6:
Relays Coordinates:
59.2716, 298.128
301.478, 91.0604
239.621, 191.431
175.218, 38.2128
Evaluation Time: 1.20525 seconds
Resulting Fitness: 0.0541667
-------------
Particle: 7:
Relays Coordinates:
115.059, 173.269
236.883, 112.684
318.853, 350
68.4317, 0
Evaluation Time: 1.20831 seconds
Resulting Fitness: 0.2125
-------------
Particle: 8:
Relays Coordinates:
69.7377, 257.23
302.432, 181.087
262.553, 196.945
223.818, 113.543
Evaluation Time: 0.712069 seconds
Resulting Fitness: 0.0583333
-------------
Particle: 9:
Relays Coordinates:
64.6177, 325.92
254.179, 95.2376
270.799, 196.016
141.752, 117.93
Evaluation Time: 1.26627 seconds
Resulting Fitness: 0.0708333
-------------
Particle: 10:
Relays Coordinates:
53.7473, 80.9984
225.251, 0
239.744, 182.563
169.026, 13.0593
Evaluation Time: 1.20009 seconds
Resulting Fitness: 0.545833
-------------
Particle: 11:
Relays Coordinates:
111.293, 0
342.532, 122.298
232.397, 205.348
226.794, 15.8329
Evaluation Time: 1.48749 seconds
Resulting Fitness: 0.766667
-------------
Particle: 12:
Relays Coordinates:
130.699, 268.36
345.845, 23.1077
205.249, 259.651
197.192, 19.9033
Evaluation Time: 0.731259 seconds
Resulting Fitness: 0.05
-------------
Particle: 13:
Relays Coordinates:
87.7118, 279.077
181.44, 97.3088
265.932, 242.243
161.353, 11.9558
Evaluation Time: 1.37419 seconds
Resulting Fitness: 0.329167
-------------
Particle: 14:
Relays Coordinates:
94.217, 270.659
95.2974, 98.128
203.942, 259.896
195.793, 36.8465
Evaluation Time: 1.3369 seconds
Resulting Fitness: 0.633333
-------------
Particle: 15:
Relays Coordinates:
122.032, 286.283
201.384, 145.12
209.502, 147.396
109.428, 49.8015
Evaluation Time: 1.19467 seconds
Resulting Fitness: 0.808333
-------------
Particle: 16:
Relays Coordinates:
122.019, 255.001
211.815, 66.6942
126.496, 217.825
77.292, 45.5363
Evaluation Time: 1.39404 seconds
Resulting Fitness: 0.6
-------------
Particle: 17:
Relays Coordinates:
0, 165.272
302.047, 134.785
350, 150.33
140.515, 101.247
Evaluation Time: 1.45608 seconds
Resulting Fitness: 0.254167
-------------
Particle: 18:
Relays Coordinates:
44.6869, 239.655
84.4816, 133.11
111.806, 155.819
138.926, 228.277
Evaluation Time: 1.24723 seconds
Resulting Fitness: 0.629167
-------------
Particle: 19:
Relays Coordinates:
31.357, 273.445
269.68, 102.822
230.871, 242.597
227.706, 285.471
Evaluation Time: 0.74252 seconds
Resulting Fitness: 0.0541667
-------------
Particle: 20:
Relays Coordinates:
52.1116, 165.849
223.799, 107.544
174.767, 262.638
99.1263, 184.064
Evaluation Time: 1.39229 seconds
Resulting Fitness: 0.0583333
Current global best fitness: 0.970833
Current global best relays: 105.655, 257.212
229.669, 98.1086
230.887, 198.585
112.458, 32.1575
Particle 1 new velocities: 7.00561, 59.5716
-120.97, -39.516
8.00821, -10.5603
-0.00611651, -36.4129
Particle 2 new velocities: -81.0886, 20.8169
6.93671, 144.168
-78.1551, 1.39117
-40.5933, 0.736783
Particle 3 new velocities: 4.76048, 61.0292
-54.3064, 138.55
73.9756, -9.81896
-174.812, -15.0798
Particle 4 new velocities: -73.9741, 63.7227
117.616, -14.4974
23.1217, -50.3157
23.3925, 45.5529
Particle 5 new velocities: 59.6402, -31.4171
29.7737, 1.32344
25.111, -6.60075
25.6435, 31.8781
Particle 6 new velocities: 55.5504, -62.8273
-284.06, 6.38927
9.26873, -2.61235
-10.385, -12.2664
Particle 7 new velocities: -20.8518, 120.289
-52.107, 10.901
-78.2293, -162.642
28.575, 69.8674
Particle 8 new velocities: 31.3657, -314.038
-93.5117, -23.2302
-105.916, -81.9251
-123.479, -119.52
Particle 9 new velocities: 10.734, 6.8712
-70.8519, 2.99008
-42.4618, -20.9775
-18.1262, -66.1893
Particle 10 new velocities: 19.1045, 144.595
-3.53776, 145.836
-35.7518, 18.3635
-43.5154, 7.80146
Particle 11 new velocities: -31.2036, 168.81
-1.58386, 27.4531
-19.5265, 13.2816
-135.885, 77.0245
Particle 12 new velocities: 21.6401, -4.51684
-346.069, -28.4564
-0.681444, 4.58957
8.35762, 128.193
Particle 13 new velocities: 26.6059, 84.3781
-52.2665, 42.6132
-21.2389, -27.2041
-195.407, 64.8476
Particle 14 new velocities: 26.6093, 17.1337
21.1247, 0.105273
-40.3123, -73.3208
-37.9859, -1.34737
Particle 15 new velocities: -26.4321, 30.6876
-27.8749, -123.476
3.92142, -14.1907
9.53534, -4.56727
Particle 16 new velocities: 32.5913, -13.3878
13.787, 325.277
-26.5382, -107.664
-145.287, 46.4171
Particle 17 new velocities: 135.813, -229.405
-74.63, -22.4946
-47.6011, -68.8097
-49.1921, 56.3048
Particle 18 new velocities: 171.229, 10.8528
155.234, 6.35215
28.964, -103.091
98.4514, 13.6671
Particle 19 new velocities: 81.7152, -128.612
-47.8674, -2.4958
1.36703, -17.7727
24.4306, -78.6917
Particle 20 new velocities: 39.3964, 51.9403
-86.8966, -0.449446
-7.11212, -25.6063
181.995, -73.0741
-- ITERATION 7 --
-------------
Particle: 1:
Relays Coordinates:
117.48, 308.204
204.56, 33.7002
264.469, 229.71
206.404, 0
Evaluation Time: 0.649864 seconds
Resulting Fitness: 0.0708333
-------------
Particle: 2:
Relays Coordinates:
57.9292, 258.16
266.265, 144.168
245.797, 196.293
72.0883, 21.4689
Evaluation Time: 0.740887 seconds
Resulting Fitness: 0.283333
-------------
Particle: 3:
Relays Coordinates:
145.922, 179.467
295.694, 138.55
232.295, 197.837
78.4938, 54.0875
Evaluation Time: 1.22316 seconds
Resulting Fitness: 0.879167
New local best!
-------------
Particle: 4:
Relays Coordinates:
134.817, 81.07
226.522, 81.1611
239.515, 177.947
172.474, 118.319
Evaluation Time: 1.12551 seconds
Resulting Fitness: 0.7
-------------
Particle: 5:
Relays Coordinates:
104.484, 251.759
254.716, 97.665
224.122, 199.587
78.8107, 39.4158
Evaluation Time: 0.749032 seconds
Resulting Fitness: 0.320833
-------------
Particle: 6:
Relays Coordinates:
114.822, 235.301
17.4176, 97.4496
248.89, 188.819
164.833, 25.9464
Evaluation Time: 1.28075 seconds
Resulting Fitness: 0.304167
-------------
Particle: 7:
Relays Coordinates:
94.2076, 293.557
184.776, 123.585
240.624, 187.358
97.0067, 69.8674
Evaluation Time: 1.30556 seconds
Resulting Fitness: 0.7875
-------------
Particle: 8:
Relays Coordinates:
101.103, 0
208.921, 157.856
156.637, 115.019
100.34, 0
Evaluation Time: 1.18437 seconds
Resulting Fitness: 0.745833
-------------
Particle: 9:
Relays Coordinates:
75.3517, 332.791
183.327, 98.2277
228.337, 175.038
123.626, 51.7404
Evaluation Time: 1.16873 seconds
Resulting Fitness: 0.783333
-------------
Particle: 10:
Relays Coordinates:
72.8518, 225.593
221.713, 145.836
203.993, 200.927
125.51, 20.8608
Evaluation Time: 1.33606 seconds
Resulting Fitness: 0.875
New local best!
-------------
Particle: 11:
Relays Coordinates:
80.0889, 168.81
340.948, 149.751
212.871, 218.63
90.9088, 92.8574
Evaluation Time: 1.23127 seconds
Resulting Fitness: 0.895833
New local best!
-------------
Particle: 12:
Relays Coordinates:
152.339, 263.843
0, 0
204.568, 264.241
205.549, 148.096
Evaluation Time: 0.606383 seconds
Resulting Fitness: 0.0625
-------------
Particle: 13:
Relays Coordinates:
114.318, 350
129.174, 139.922
244.694, 215.039
0, 76.8034
Evaluation Time: 1.24108 seconds
Resulting Fitness: 0.816667
-------------
Particle: 14:
Relays Coordinates:
120.826, 287.793
116.422, 98.2333
163.629, 186.576
157.807, 35.4992
Evaluation Time: 1.21744 seconds
Resulting Fitness: 0.804167
-------------
Particle: 15:
Relays Coordinates:
95.5997, 316.971
173.509, 21.6442
213.424, 133.206
118.963, 45.2343
Evaluation Time: 1.09011 seconds
Resulting Fitness: 0.691667
-------------
Particle: 16:
Relays Coordinates:
154.611, 241.613
225.602, 350
99.958, 110.16
0, 91.9534
Evaluation Time: 1.19479 seconds
Resulting Fitness: 0.691667
-------------
Particle: 17:
Relays Coordinates:
135.813, 0
227.417, 112.291
302.399, 81.5199
91.323, 157.552
Evaluation Time: 1.12806 seconds
Resulting Fitness: 0.808333
-------------
Particle: 18:
Relays Coordinates:
215.916, 250.508
239.716, 139.463
140.77, 52.7283
237.378, 241.944
Evaluation Time: 1.11722 seconds
Resulting Fitness: 0.866667
New local best!
-------------
Particle: 19:
Relays Coordinates:
113.072, 144.833
221.813, 100.326
232.238, 224.824
252.136, 206.779
Evaluation Time: 1.24585 seconds
Resulting Fitness: 0.0625
-------------
Particle: 20:
Relays Coordinates:
91.508, 217.789
136.902, 107.094
167.655, 237.031
281.121, 110.989
Evaluation Time: 1.2535 seconds
Resulting Fitness: 0.0625
Current global best fitness: 0.970833
Current global best relays: 105.655, 257.212
229.669, 98.1086
230.887, 198.585
112.458, 32.1575
Particle 1 new velocities: -21.8933, -30.3573
-80.3573, 71.6388
4.47981, 19.7156
-100.761, 524.573
Particle 2 new velocities: -17.117, 7.39418
-99.6967, 24.0922
-259.951, -3.57734
-2.23345, 34.4943
Particle 3 new velocities: -28.8474, 79.1164
-48.7003, 62.878
59.1504, -7.64092
-136.723, -28.5438
Particle 4 new velocities: 26.0851, 173.134
72.3627, -21.9006
45.5044, -17.2425
5.8912, -42.7761
Particle 5 new velocities: 26.6066, 53.7691
28.9415, 0.698983
16.4463, -4.22205
69.0568, 20.7406
Particle 6 new velocities: 48.1161, -28.9158
-23.9349, 5.50173
-3.68961, 6.29608
-59.135, 13.7052
Particle 7 new velocities: 15.0921, 16.266
15.306, 36.5438
-51.0789, -94.7193
78.6321, 11.3525
Particle 8 new velocities: 57.8373, 109.9
-12.3036, -0.882219
-67.9471, 47.8833
-5.37442, 363.76
Particle 9 new velocities: 49.252, -74.7393
0.415755, -41.7207
-60.1949, 2.96486
-104.064, -50.326
Particle 10 new velocities: 26.5482, 123.367
-0.34081, 91.6307
-6.24271, 13.1115
-40.931, 7.72392
Particle 11 new velocities: -5.08695, 220.452
-145.121, -31.3547
-3.41238, -2.06749
-105.319, 22.8439
Particle 12 new velocities: 41.247, -8.5704
391.519, 45.0418
13.2721, -132.465
10.8681, 96.0366
Particle 13 new velocities: 23.3252, -170.875
115.43, 5.20776
-1.82993, 5.38021
150.367, 39.6464
Particle 14 new velocities: -1.5345, 0.350555
131.404, 0.00155006
108.159, -32.4215
-119.378, -3.30362
Particle 15 new velocities: -8.35877, -2.38399
-1.08166, -9.51623
11.6165, 103.058
-68.4912, -6.84496
Particle 16 new velocities: 65.8852, -2.83895
62.0459, -335.66
118.379, -79.9501
141.374, 0.388572
Particle 17 new velocities: -6.42871, 131.768
-44.6199, 80.6003
-68.8101, -20.0082
-34.6436, 18.3891
Particle 18 new velocities: 97.4798, 16.3815
111.581, -20.2507
77.6278, 1.55974
66.0369, -37.6619
Particle 19 new velocities: 19.1693, -43.9398
-16.3665, 6.35823
-11.0246, -31.9483
-209.133, -121.828
Particle 20 new velocities: -17.1667, 29.249
-20.6092, -2.29988
316.486, 8.46048
-82.7596, -24.1127
-- ITERATION 8 --
-------------
Particle: 1:
Relays Coordinates:
95.5866, 277.847
124.203, 105.339
268.949, 249.425
105.643, 350
Evaluation Time: 1.13501 seconds
Resulting Fitness: 0.295833
-------------
Particle: 2:
Relays Coordinates:
40.8122, 265.554
166.568, 168.261
0, 192.716
69.8549, 55.9632
Evaluation Time: 1.07718 seconds
Resulting Fitness: 0.758333
-------------
Particle: 3:
Relays Coordinates:
117.075, 258.583
246.993, 201.427
291.446, 190.196
0, 25.5438
Evaluation Time: 0.625935 seconds
Resulting Fitness: 0.1
-------------
Particle: 4:
Relays Coordinates:
160.903, 254.204
298.885, 59.2606
285.02, 160.704
178.365, 75.5429
Evaluation Time: 0.608963 seconds
Resulting Fitness: 0.0625
-------------
Particle: 5:
Relays Coordinates:
131.091, 305.528
283.657, 98.364
240.568, 195.365
147.868, 60.1564
Evaluation Time: 1.37675 seconds
Resulting Fitness: 0.629167
-------------
Particle: 6:
Relays Coordinates:
162.938, 206.385
0, 102.951
245.2, 195.115
105.698, 39.6516
Evaluation Time: 1.12542 seconds
Resulting Fitness: 0.433333
-------------
Particle: 7:
Relays Coordinates:
109.3, 309.823
200.082, 160.129
189.545, 92.6387
175.639, 81.2198
Evaluation Time: 0.607588 seconds
Resulting Fitness: 0.0583333
-------------
Particle: 8:
Relays Coordinates:
158.941, 109.9
196.617, 156.974
88.6902, 162.903
94.9652, 350
Evaluation Time: 0.654313 seconds
Resulting Fitness: 0.0583333
-------------
Particle: 9:
Relays Coordinates:
124.604, 258.052
183.742, 56.507
168.142, 178.003
19.5618, 1.4144
Evaluation Time: 1.34943 seconds
Resulting Fitness: 0.129167
-------------
Particle: 10:
Relays Coordinates:
99.3999, 348.96
221.372, 237.467
197.75, 214.038
84.5792, 28.5847
Evaluation Time: 0.751177 seconds
Resulting Fitness: 0.308333
-------------
Particle: 11:
Relays Coordinates:
75.0019, 350
195.827, 118.396
209.458, 216.562
0, 115.701
Evaluation Time: 0.745003 seconds
Resulting Fitness: 0.233333
-------------
Particle: 12:
Relays Coordinates:
193.586, 255.272
350, 45.0418
217.84, 131.776
216.417, 244.133
Evaluation Time: 0.655549 seconds
Resulting Fitness: 0.0583333
-------------
Particle: 13:
Relays Coordinates:
137.643, 179.125
244.604, 145.13
242.864, 220.419
150.367, 116.45
Evaluation Time: 0.626545 seconds
Resulting Fitness: 0.0666667
-------------
Particle: 14:
Relays Coordinates:
119.292, 288.144
247.826, 98.2348
271.788, 154.154
38.4292, 32.1955
Evaluation Time: 0.691473 seconds
Resulting Fitness: 0.1875
-------------
Particle: 15:
Relays Coordinates:
87.2409, 314.587
172.427, 12.128
225.04, 236.263
50.472, 38.3893
Evaluation Time: 0.842382 seconds
Resulting Fitness: 0.375
-------------
Particle: 16:
Relays Coordinates:
220.496, 238.774
287.648, 14.3401
218.337, 30.2101
141.374, 92.342
Evaluation Time: 1.20255 seconds
Resulting Fitness: 0.15
-------------
Particle: 17:
Relays Coordinates:
129.384, 131.768
182.797, 192.891
233.589, 61.5117
56.6794, 175.941
Evaluation Time: 1.48292 seconds
Resulting Fitness: 0.05
-------------
Particle: 18:
Relays Coordinates:
313.396, 266.889
350, 119.212
218.398, 54.2881
303.415, 204.282
Evaluation Time: 0.634946 seconds
Resulting Fitness: 0.0583333
-------------
Particle: 19:
Relays Coordinates:
132.241, 100.893
205.446, 106.684
221.213, 192.876
43.0031, 84.9513
Evaluation Time: 1.23516 seconds
Resulting Fitness: 0.833333
-------------
Particle: 20:
Relays Coordinates:
74.3413, 247.038
116.293, 104.794
350, 245.492
198.362, 86.8768
Evaluation Time: 1.1907 seconds
Resulting Fitness: 0.7375
Current global best fitness: 0.970833
Current global best relays: 105.655, 257.212
229.669, 98.1086
230.887, 198.585
112.458, 32.1575
Particle 1 new velocities: -22.5789, -287.796
18.3907, 115.575
-2.65625, 31.3297
80.5681, -100.883
Particle 2 new velocities: 12.1303, -7.51811
-22.3649, 12.2667
111.063, 2.847
43.7794, 2.37716
Particle 3 new velocities: -13.178, -8.38399
-40.7085, -150.642
-64.4617, -0.92104
149.063, 7.48306
Particle 4 new velocities: 7.39862, 110.969
-294.919, 20.724
-54.6659, 55.4914
-51.9001, -61.4461
Particle 5 new velocities: -57.9577, -15.906
-17.7045, -0.907456
-40.747, 5.95349
-14.6296, -2.12855
Particle 6 new velocities: -57.8401, 48.4022
494.302, -12.2563
-11.3206, 3.49136
-26.0932, 14.7885
Particle 7 new velocities: 33.8449, -254.284
112.95, 51.1276
75.421, 208.354
-13.1715, -43.8933
Particle 8 new velocities: -17.9311, -5.32365
50.9142, 112.721
163.863, 45.4149
63.1534, -286.686
Particle 9 new velocities: 15.0141, 10.6089
48.6271, 21.304
23.2353, 56.1983
15.6073, 47.782
Particle 10 new velocities: -1.79768, -19.1195
6.26162, 28.2759
23.32, -17.6068
26.0866, 5.8428
Particle 11 new velocities: 27.1463, -150.45
57.4408, 3.68838
27.4329, -12.792
44.4549, -67.0176
Particle 12 new velocities: 14.0707, 3.24015
-247.894, 36.6913
18.9444, -72.5792
-93.5189, -254.699
Particle 13 new velocities: 3.23001, -22.5609
7.9295, 6.77733
12.4434, 23.4928
-21.1868, 15.493
Particle 14 new velocities: -30.1804, -61.575
82.4337, -0.0936166
-10.5327, 20.1842
49.5679, -2.72364
Particle 15 new velocities: 28.1962, -39.0803
34.4513, 217.769
0.105305, 57.981
-44.5633, -2.52615
Particle 16 new velocities: 64.4844, 18.0361
-63.4165, 43.3035
49.2599, 172.474
151.459, -15.0129
Particle 17 new velocities: -76.0195, 73.1512
-8.90416, -37.9472
-26.989, 324.707
18.3372, -124.264
Particle 18 new velocities: -299.851, -3.30709
-109.916, -9.47123
60.7533, 54.1872
-154.396, 3.91374
Particle 19 new velocities: -51.7407, 170.353
40.3324, 0.521236
-6.05422, 24.7702
-17.1149, -124.905
Particle 20 new velocities: -29.7029, -256.547
20.3337, 5.09743
-134.339, -17.3996
-120.998, 56.7714
-- ITERATION 9 --
-------------
Particle: 1:
Relays Coordinates:
73.0077, 0
142.593, 220.914
266.292, 280.755
186.211, 249.117
Evaluation Time: 0.729868 seconds
Resulting Fitness: 0.258333
-------------
Particle: 2:
Relays Coordinates:
52.9425, 258.036
144.203, 180.527
111.063, 195.563
113.634, 58.3404
Evaluation Time: 1.33392 seconds
Resulting Fitness: 0.783333
-------------
Particle: 3:
Relays Coordinates:
103.897, 250.199
206.285, 50.786
226.984, 189.275
149.063, 33.0268
Evaluation Time: 1.50192 seconds
Resulting Fitness: 0.854167
-------------
Particle: 4:
Relays Coordinates:
168.301, 350
3.9659, 79.9845
230.354, 216.196
126.465, 14.0968
Evaluation Time: 1.00062 seconds
Resulting Fitness: 0.383333
-------------
Particle: 5:
Relays Coordinates:
73.133, 289.622
265.953, 97.4565
199.821, 201.319
133.238, 58.0278
Evaluation Time: 1.37354 seconds
Resulting Fitness: 0.904167
New local best!
-------------
Particle: 6:
Relays Coordinates:
105.098, 254.787
350, 90.6951
233.879, 198.606
79.605, 54.4401
Evaluation Time: 0.842249 seconds
Resulting Fitness: 0.366667
-------------
Particle: 7:
Relays Coordinates:
143.145, 55.5394
313.032, 211.257
264.966, 300.993
162.467, 37.3266
Evaluation Time: 0.92077 seconds
Resulting Fitness: 0.445833
-------------
Particle: 8:
Relays Coordinates:
141.01, 104.576
247.531, 269.695
252.553, 208.318
158.119, 63.3142
Evaluation Time: 1.46242 seconds
Resulting Fitness: 0.1
-------------
Particle: 9:
Relays Coordinates:
139.618, 268.661
232.369, 77.811
191.378, 234.201
35.1691, 49.1964
Evaluation Time: 0.758974 seconds
Resulting Fitness: 0.208333
-------------
Particle: 10:
Relays Coordinates:
97.6023, 329.841
227.634, 265.743
221.07, 196.432
110.666, 34.4275
Evaluation Time: 0.779777 seconds
Resulting Fitness: 0.379167
-------------
Particle: 11:
Relays Coordinates:
102.148, 199.55
253.268, 122.085
236.891, 203.77
44.4549, 48.6837
Evaluation Time: 1.37729 seconds
Resulting Fitness: 0.616667
-------------
Particle: 12:
Relays Coordinates:
207.657, 258.512
102.106, 81.7331
236.784, 59.1964
122.899, 0
Evaluation Time: 0.966435 seconds
Resulting Fitness: 0.666667
-------------
Particle: 13:
Relays Coordinates:
140.873, 156.564
252.534, 151.907
255.307, 243.912
129.18, 131.943
Evaluation Time: 1.34388 seconds
Resulting Fitness: 0.05
-------------
Particle: 14:
Relays Coordinates:
89.1114, 226.569
330.259, 98.1412
261.255, 174.338
87.9972, 29.4719
Evaluation Time: 0.790394 seconds
Resulting Fitness: 0.316667
-------------
Particle: 15:
Relays Coordinates:
115.437, 275.506
206.879, 229.897
225.145, 294.244
5.9087, 35.8632
Evaluation Time: 0.650805 seconds
Resulting Fitness: 0.108333
-------------
Particle: 16:
Relays Coordinates:
284.98, 256.81
224.231, 57.6436
267.597, 202.684
292.833, 77.329
Evaluation Time: 0.665697 seconds
Resulting Fitness: 0.05
-------------
Particle: 17:
Relays Coordinates:
53.3644, 204.919
173.893, 154.944
206.6, 350
75.0166, 51.6772
Evaluation Time: 1.2004 seconds
Resulting Fitness: 0.7375
-------------
Particle: 18:
Relays Coordinates:
13.5453, 263.582
240.084, 109.741
279.151, 108.475
149.019, 208.196
Evaluation Time: 0.605226 seconds
Resulting Fitness: 0.05
-------------
Particle: 19:
Relays Coordinates:
80.5008, 271.246
245.779, 107.206
215.159, 217.646
25.8882, 0
Evaluation Time: 0.643416 seconds
Resulting Fitness: 0.1375
-------------
Particle: 20:
Relays Coordinates:
44.6384, 0
136.627, 109.892
215.661, 228.092
77.3632, 143.648
Evaluation Time: 1.19021 seconds
Resulting Fitness: 0.825
New local best!
Current global best fitness: 0.970833
Current global best relays: 105.655, 257.212
229.669, 98.1086
230.887, 198.585
112.458, 32.1575
Particle 1 new velocities: -6.242, 315.694
141.014, -49.2956
68.4692, -26.8931
47.5417, -162.773
Particle 2 new velocities: 17.1634, -18.1083
142.713, -130.652
97.0268, 0.316295
34.2264, -18.1473
Particle 3 new velocities: 33.5758, -17.3348
110.767, -34.9073
-38.8999, 7.73467
54.2366, 27.0816
Particle 4 new velocities: 84.0819, -279.051
36.6738, -11.1761
-23.2891, 22.3142
13.9383, 84.8472
Particle 5 new velocities: -5.35315, -36.4417
-21.8496, -0.294565
-9.03901, 2.30456
-26.9674, -7.88338
Particle 6 new velocities: -20.5607, 91.5066
-388.67, -1.75535
-2.95554, 1.91555
13.8155, 13.9562
Particle 7 new velocities: 10.3356, 68.4313
7.88644, 35.5649
11.3738, 52.4704
-62.1195, -28.5825
Particle 8 new velocities: -47.925, -75.0584
39.145, 10.0107
86.4678, -82.3939
46.5604, 18.5868
Particle 9 new velocities: -7.73533, 27.8281
-7.96382, 26.2827
78.2991, -34.5659
77.5029, 77.2522
Particle 10 new velocities: -5.41714, -58.1682
5.64829, -235.89
14.63, -7.76908
23.7245, -10.3419
Particle 11 new velocities: 18.6278, -102.577
104.3, 11.0474
5.01484, 4.31095
82.425, -67.4374
Particle 12 new velocities: -136.833, 7.98289
-132.073, -3.23811
-20.7578, 13.3565
-22.7136, 226.691
Particle 13 new velocities: -68.0697, 115.375
-42.246, -15.4584
-14.9797, -25.518
-32.0926, -58.9898
Particle 14 new velocities: -1.26707, 36.3826
-105.319, -0.118101
-68.965, 52.1075
70.1309, 2.30374
Particle 15 new velocities: 12.1942, -33.9614
-2.09146, -112.672
-8.15279, -11.7114
83.4595, 20.5172
Particle 16 new velocities: -66.4289, -14.5094
-42.7303, 146.923
-157.647, 22.1647
-210.04, -11.2995
Particle 17 new velocities: -21.8806, -6.88992
65.9387, -41.8341
165.597, -136.33
91.2267, 12.216
Particle 18 new velocities: 82.9583, -25.6639
-94.4888, 32.2988
-150.848, -13.5652
-33.138, -76.8717
Particle 19 new velocities: -14.2199, -3.95528
11.6733, -7.59728
19.6023, 9.67741
284.037, 99.8013
Particle 20 new velocities: -1.87265, 116.043
88.2735, -7.42037
-102.154, -32.6356
-65.7817, -56.3829
-- ITERATION 10 --
-------------
Particle: 1:
Relays Coordinates:
66.7657, 315.694
283.607, 171.618
334.761, 253.862
233.753, 86.3443
Evaluation Time: 0.626903 seconds
Resulting Fitness: 0.0541667
-------------
Particle: 2:
Relays Coordinates:
70.1059, 239.928
286.916, 49.8749
208.09, 195.879
147.861, 40.193
Evaluation Time: 1.20694 seconds
Resulting Fitness: 0.6125
-------------
Particle: 3:
Relays Coordinates:
137.473, 232.864
317.051, 15.8787
188.084, 197.01
203.3, 60.1084
Evaluation Time: 0.651916 seconds
Resulting Fitness: 0.0666667
-------------
Particle: 4:
Relays Coordinates:
252.383, 70.9491
40.6397, 68.8085
207.065, 238.51
140.404, 98.944
Evaluation Time: 1.33626 seconds
Resulting Fitness: 0.804167
-------------
Particle: 5:
Relays Coordinates:
67.7799, 253.18
244.103, 97.1619
190.782, 203.623
106.27, 50.1444
Evaluation Time: 1.35964 seconds
Resulting Fitness: 0.95
New local best!
-------------
Particle: 6:
Relays Coordinates:
84.5373, 346.294
0, 88.9397
230.924, 200.522
93.4205, 68.3963
Evaluation Time: 0.92698 seconds
Resulting Fitness: 0.470833
-------------
Particle: 7:
Relays Coordinates:
153.48, 123.971
320.919, 246.822
276.34, 350
100.348, 8.74408
Evaluation Time: 1.13054 seconds
Resulting Fitness: 0.625
-------------
Particle: 8:
Relays Coordinates:
93.0846, 29.5175
286.676, 279.706
339.021, 125.924
204.679, 81.901
Evaluation Time: 1.08631 seconds
Resulting Fitness: 0.679167
-------------
Particle: 9:
Relays Coordinates:
131.882, 296.489
224.406, 104.094
269.677, 199.636
112.672, 126.449
Evaluation Time: 1.32586 seconds
Resulting Fitness: 0.1625
-------------
Particle: 10:
Relays Coordinates:
92.1851, 271.672
233.282, 29.8523
235.7, 188.662
134.39, 24.0856
Evaluation Time: 1.37429 seconds
Resulting Fitness: 0.754167
-------------
Particle: 11:
Relays Coordinates:
120.776, 96.9727
350, 133.132
241.906, 208.081
126.88, 0
Evaluation Time: 1.27318 seconds
Resulting Fitness: 0.633333
-------------
Particle: 12:
Relays Coordinates:
70.8239, 266.495
0, 78.495
216.026, 72.5529
100.185, 226.691
Evaluation Time: 1.1483 seconds
Resulting Fitness: 0.145833
-------------
Particle: 13:
Relays Coordinates:
72.8032, 271.94
210.288, 136.449
240.327, 218.394
97.0873, 72.953
Evaluation Time: 1.30654 seconds
Resulting Fitness: 0.816667
-------------
Particle: 14:
Relays Coordinates:
87.8443, 262.951
224.94, 98.0231
192.29, 226.446
158.128, 31.7756
Evaluation Time: 1.61246 seconds
Resulting Fitness: 0.525
-------------
Particle: 15:
Relays Coordinates:
127.631, 241.545
204.787, 117.225
216.993, 282.533
89.3682, 56.3804
Evaluation Time: 1.26326 seconds
Resulting Fitness: 0.925
-------------
Particle: 16:
Relays Coordinates:
218.551, 242.301
181.501, 204.567
109.95, 224.849
82.7932, 66.0296
Evaluation Time: 1.20754 seconds
Resulting Fitness: 0.570833
-------------
Particle: 17:
Relays Coordinates:
31.4838, 198.029
239.831, 113.11
350, 213.67
166.243, 63.8932
Evaluation Time: 1.16811 seconds
Resulting Fitness: 0.0625
-------------
Particle: 18:
Relays Coordinates:
96.5036, 237.918
145.595, 142.039
128.303, 94.9101
115.881, 131.324
Evaluation Time: 1.32607 seconds
Resulting Fitness: 0.604167
-------------
Particle: 19:
Relays Coordinates:
66.2808, 267.291
257.452, 99.6084
234.761, 227.324
309.925, 99.8013
Evaluation Time: 0.652985 seconds
Resulting Fitness: 0.0541667
-------------
Particle: 20:
Relays Coordinates:
42.7657, 116.043
224.9, 102.471
113.506, 195.457
11.5816, 87.2653
Evaluation Time: 1.34048 seconds
Resulting Fitness: 0.85
New local best!
Final Evaluation Time: 235.384 seconds
Final global best fitness: 0.970833
Final global best relays:
105.655, 257.212
229.669, 98.1086
230.887, 198.585
112.458, 32.1575
