ITERATION: 0
new best fitness: 0.347222
ITERATION: 2
new best fitness: 0.402778
ITERATION: 4
new best fitness: 0.430556
ITERATION: 7
new best fitness: 0.494444
ITERATION: 10
new best fitness: 0.497222
ITERATION: 12
new best fitness: 0.527778
ITERATION: 89
new best fitness: 0.561111
ITERATION: 345
new best fitness: 0.566667
ITERATION: 389
new best fitness: 0.572222
Final Evaluation Time: 634.663 seconds
Final global best fitness: 0.572222
Final global best relays:
236.04, 163.886
146.591, 221.367
355.201, 153.189
385.303, 150.211
52.9769, 193.111
11.0678, 107.723
