ITERATION: 0
new best fitness: 0.457143
ITERATION: 1
new best fitness: 0.516667
ITERATION: 2
new best fitness: 0.557143
ITERATION: 3
new best fitness: 0.566667
ITERATION: 6
new best fitness: 0.62619
ITERATION: 146
new best fitness: 0.633333
ITERATION: 203
new best fitness: 0.640476
Final Evaluation Time: 1055.46 seconds
Final global best fitness: 0.640476
Final global best relays:
242.573, 102.594
427.302, 218.037
93.6132, 86.2879
321.81, 207.939
320.041, 341.445
182.256, 480.492
253.656, 459.953
96.1046, 233.674
