PSO EXECUTION
============================
Seed: 24342
Particles: 5
Relays: 5
Iterations: 20
Backend: Simulation
Network Configuration: 1
Area: 200 x 200
Sink: 0, 0
Simulated Relay range: 150
w: 0.7
c1: 1.5
c2: 1.5

Relay Nodes Positions: 
PARTICLE 1: 
24.191, 179.876
179.101, 97.7704
144.318, 70.6281
51.1522, 135.407
98.5718, 29.2647
PARTICLE 2: 
154.028, 32.4568
165.658, 123.849
84.7324, 104.408
11.7871, 172.17
41.7701, 64.6023
PARTICLE 3: 
160.131, 13.1359
158.266, 185.138
15.2906, 152.625
101.703, 90.6062
62.8352, 76.1346
PARTICLE 4: 
189.987, 145.104
64.7647, 44.8068
19.7108, 196.633
95.3421, 6.50803
133.201, 103.203
PARTICLE 5: 
163.767, 142.299
88.9412, 107.82
8.14678, 43.9821
50.5874, 37.5474
141.193, 185.352
Nodes Positions: 
118.868, 173.216
49.8592, 143.225
81.8878, 46.5675
186.898, 132.663
121.938, 82.969
158.86, 6.58923
70.2566, 107.658
6.01555, 38.4304
39.992, 67.5989
163.186, 192.846
All particles start with velocity zero
-- ITERATION 0 --
-------------
Particle: 1:
Relays Coordinates:
24.191, 179.876
179.101, 97.7704
144.318, 70.6281
51.1522, 135.407
98.5718, 29.2647
Evaluation Time: 2.97161 seconds
Resulting Fitness: 0.978333
New local best!
New global best!
-------------
Particle: 2:
Relays Coordinates:
154.028, 32.4568
165.658, 123.849
84.7324, 104.408
11.7871, 172.17
41.7701, 64.6023
Evaluation Time: 3.10884 seconds
Resulting Fitness: 0.970556
New local best!
-------------
Particle: 3:
Relays Coordinates:
160.131, 13.1359
158.266, 185.138
15.2906, 152.625
101.703, 90.6062
62.8352, 76.1346
Evaluation Time: 3.05231 seconds
Resulting Fitness: 0.983333
New local best!
New global best!
-------------
Particle: 4:
Relays Coordinates:
189.987, 145.104
64.7647, 44.8068
19.7108, 196.633
95.3421, 6.50803
133.201, 103.203
Evaluation Time: 2.91402 seconds
Resulting Fitness: 0.970556
New local best!
-------------
Particle: 5:
Relays Coordinates:
163.767, 142.299
88.9412, 107.82
8.14678, 43.9821
50.5874, 37.5474
141.193, 185.352
Evaluation Time: 3.4607 seconds
Resulting Fitness: 0.968889
New local best!
Current global best fitness: 0.983333
Current global best relays: 160.131, 13.1359
158.266, 185.138
15.2906, 152.625
101.703, 90.6062
62.8352, 76.1346
Particle 1 new velocities: 189.977, -210.606
-16.8484, 37.4015
-15.1325, 7.02607
46.6644, -64.5468
-16.9616, 66.4666
Particle 2 new velocities: 5.75671, -3.87972
-7.03135, 54.8459
-19.3338, 59.3788
133.821, -53.9769
10.7461, 3.1025
Particle 3 new velocities: 0, 0
0, 0
0, 0
0, 0
0, 0
Particle 4 new velocities: -42.2453, -57.2967
130.568, 179.063
-4.81303, -59.6895
7.95603, 40.6098
-94.5172, -2.05912
Particle 5 new velocities: -1.37958, -49.5421
50.7626, 50.8391
8.8645, 48.7843
62.4705, 37.4152
-34.1864, -141.336
-- ITERATION 1 --
-------------
Particle: 1:
Relays Coordinates:
200, 0
162.253, 135.172
129.186, 77.6542
97.8166, 70.8605
81.6102, 95.7314
Evaluation Time: 2.9303 seconds
Resulting Fitness: 0.986667
New local best!
New global best!
-------------
Particle: 2:
Relays Coordinates:
159.785, 28.5771
158.626, 178.695
65.3986, 163.787
145.608, 118.193
52.5162, 67.7048
Evaluation Time: 2.8708 seconds
Resulting Fitness: 0.982222
New local best!
-------------
Particle: 3:
Relays Coordinates:
160.131, 13.1359
158.266, 185.138
15.2906, 152.625
101.703, 90.6062
62.8352, 76.1346
Evaluation Time: 2.91313 seconds
Resulting Fitness: 0.983333
-------------
Particle: 4:
Relays Coordinates:
147.741, 87.8077
195.333, 200
14.8978, 136.943
103.298, 47.1178
38.6833, 101.144
Evaluation Time: 3.00302 seconds
Resulting Fitness: 0.987778
New local best!
New global best!
-------------
Particle: 5:
Relays Coordinates:
162.388, 92.7566
139.704, 158.659
17.0113, 92.7665
113.058, 74.9626
107.007, 44.0159
Evaluation Time: 2.81879 seconds
Resulting Fitness: 0.973333
New local best!
Current global best fitness: 0.987778
Current global best relays: 147.741, 87.8077
195.333, 200
14.8978, 136.943
103.298, 47.1178
38.6833, 101.144
Particle 1 new velocities: -63.6125, 5.59572
37.4288, 88.3538
-64.2269, 50.0101
35.2207, -72.6956
-24.148, 50.7988
Particle 2 new velocities: -4.91443, 80.1527
3.17432, 55.991
-71.248, 37.8783
73.4939, -102.198
-7.94103, 26.6871
Particle 3 new velocities: -1.70428, 3.58763
26.5241, 11.0995
-0.417495, -5.50466
1.82557, -55.7566
-30.8781, 13.6943
Particle 4 new velocities: -29.5717, -40.1077
91.3979, 0
-3.36912, -41.7826
5.56922, 28.4269
-66.1621, -1.44138
Particle 5 new velocities: -16.4731, -39.0788
107.434, 87.0146
4.05432, 78.6278
32.7527, 11.035
-126.234, -63.1631
-- ITERATION 2 --
-------------
Particle: 1:
Relays Coordinates:
136.388, 5.59572
199.682, 200
64.9587, 127.664
133.037, 0
57.4622, 146.53
Evaluation Time: 3.58878 seconds
Resulting Fitness: 0.959444
-------------
Particle: 2:
Relays Coordinates:
154.87, 108.73
161.801, 200
0, 200
200, 15.9953
44.5752, 94.3919
Evaluation Time: 2.9347 seconds
Resulting Fitness: 0.991667
New local best!
New global best!
-------------
Particle: 3:
Relays Coordinates:
158.427, 16.7235
184.79, 196.237
14.8731, 147.12
103.529, 34.8496
31.9571, 89.8289
Evaluation Time: 2.75668 seconds
Resulting Fitness: 0.967222
-------------
Particle: 4:
Relays Coordinates:
118.17, 47.7
200, 200
11.5287, 95.1606
108.867, 75.5447
0, 99.7024
Evaluation Time: 3.01762 seconds
Resulting Fitness: 0.972222
-------------
Particle: 5:
Relays Coordinates:
145.914, 53.6778
200, 200
21.0656, 171.394
145.811, 85.9977
0, 0
Evaluation Time: 2.70771 seconds
Resulting Fitness: 0.885
Current global best fitness: 0.991667
Current global best relays: 154.87, 108.73
161.801, 200
0, 200
200, 15.9953
44.5752, 94.3919
Particle 1 new velocities: 30.1537, 56.4514
-50.6079, -32.0225
-72.4124, 55.932
-1.34267, 53.4153
-20.0088, 24.2023
Particle 2 new velocities: -3.4401, 56.1069
2.22203, 0
0, 0
0, -71.5384
-5.55872, 18.681
Particle 3 new velocities: -5.61625, 132.56
-13.7932, -8.17428
-2.99321, 29.83
107.735, 5.88825
18.2352, -1.02133
Particle 4 new velocities: 29.6879, 25.1724
-26.5046, 0
-18.0104, 129.943
95.2896, -93.0099
89.7932, -2.69457
Particle 5 new velocities: -1.61877, -21.242
-15.1598, -25.0513
-23.6951, 27.152
5.95734, -63.7997
196.357, 167.059
-- ITERATION 3 --
-------------
Particle: 1:
Relays Coordinates:
166.541, 62.0471
149.074, 167.977
0, 183.596
131.695, 53.4153
37.4533, 170.732
Evaluation Time: 3.03463 seconds
Resulting Fitness: 0.97
-------------
Particle: 2:
Relays Coordinates:
151.43, 164.837
164.023, 200
0, 200
200, 0
39.0165, 113.073
Evaluation Time: 3.09192 seconds
Resulting Fitness: 0.932222
-------------
Particle: 3:
Relays Coordinates:
152.811, 149.284
170.997, 188.063
11.8799, 176.95
200, 40.7379
50.1923, 88.8076
Evaluation Time: 3.74472 seconds
Resulting Fitness: 0.99
New local best!
-------------
Particle: 4:
Relays Coordinates:
147.858, 72.8724
173.495, 200
0, 200
200, 0
89.7932, 97.0079
Evaluation Time: 2.8709 seconds
Resulting Fitness: 0.980556
-------------
Particle: 5:
Relays Coordinates:
144.296, 32.4358
184.84, 174.949
0, 198.546
151.768, 22.198
196.357, 167.059
Evaluation Time: 3.05411 seconds
Resulting Fitness: 0.948333
Current global best fitness: 0.991667
Current global best relays: 154.87, 108.73
161.801, 200
0, 200
200, 15.9953
44.5752, 94.3919
Particle 1 new velocities: 14.4478, 11.7651
-22.672, -26.522
96.3201, -4.32318
49.6243, 21.4589
-2.07051, -69.5359
Particle 2 new velocities: -0.457547, -54.7549
0.5587, 0
0, 0
0, 27.0208
3.28748, -3.89807
Particle 3 new velocities: -2.15305, 85.9681
-13.893, 11.9549
-9.32236, 54.177
0, -23.0321
11.4598, 2.74766
Particle 4 new velocities: 29.8138, 27.3248
-14.1468, 0
4.4898, -66.1912
-119.433, 77.0879
-34.2076, -2.57959
Particle 5 new velocities: 7.69896, 93.5963
-32.2548, -18.6767
21.0882, -57.7659
43.0425, -7.48686
-153.893, -140.279
-- ITERATION 4 --
-------------
Particle: 1:
Relays Coordinates:
180.989, 73.8122
126.402, 141.456
96.3201, 179.273
181.319, 74.8742
35.3828, 101.197
Evaluation Time: 3.52987 seconds
Resulting Fitness: 0.991667
New local best!
-------------
Particle: 2:
Relays Coordinates:
150.972, 110.082
164.582, 200
0, 200
200, 27.0208
42.3039, 109.175
Evaluation Time: 3.37877 seconds
Resulting Fitness: 0.985
-------------
Particle: 3:
Relays Coordinates:
150.658, 200
157.104, 200
2.55751, 200
200, 17.7057
61.6521, 91.5552
Evaluation Time: 2.79513 seconds
Resulting Fitness: 0.982778
-------------
Particle: 4:
Relays Coordinates:
177.671, 100.197
159.349, 200
4.4898, 133.809
80.5666, 77.0879
55.5856, 94.4283
Evaluation Time: 3.1854 seconds
Resulting Fitness: 0.987222
-------------
Particle: 5:
Relays Coordinates:
151.995, 126.032
152.585, 156.272
21.0882, 140.78
194.81, 14.7111
42.4639, 26.7805
Evaluation Time: 3.99984 seconds
Resulting Fitness: 0.97
Current global best fitness: 0.991667
Current global best relays: 154.87, 108.73
161.801, 200
0, 200
200, 15.9953
44.5752, 94.3919
Particle 1 new velocities: -26.6522, 45.1343
-8.18707, 56.6559
-1.47307, 27.1781
47.8831, -13.0559
5.73402, -56.8557
Particle 2 new velocities: 10.2587, -40.2695
-2.89706, 0
0, 0
0, -6.65838
4.89529, -30.862
Particle 3 new velocities: 5.22591, -25.7021
4.86282, -8.25523
-5.86721, -7.63139
0, 9.13336
-3.6313, 3.72723
Particle 4 new velocities: -28.0656, 16.7577
9.38502, 0
8.78414, 12.8879
-48.873, 46.7113
-45.757, 3.16453
Particle 5 new velocities: 18.336, 11.4497
-13.9659, 17.8412
-6.93276, 2.80012
-44.8611, 68.3314
-13.9938, -78.4679
-- ITERATION 5 --
-------------
Particle: 1:
Relays Coordinates:
154.337, 118.947
118.215, 198.111
94.847, 200
200, 61.8182
41.1169, 44.3409
Evaluation Time: 3.48451 seconds
Resulting Fitness: 0.977222
-------------
Particle: 2:
Relays Coordinates:
161.231, 69.8124
161.684, 200
0, 200
200, 20.3624
47.1992, 78.3128
Evaluation Time: 3.32839 seconds
Resulting Fitness: 0.98
-------------
Particle: 3:
Relays Coordinates:
155.884, 174.298
161.966, 191.745
0, 192.369
200, 26.8391
58.0208, 95.2825
Evaluation Time: 3.17418 seconds
Resulting Fitness: 0.987778
-------------
Particle: 4:
Relays Coordinates:
149.606, 116.955
168.734, 200
13.2739, 146.697
31.6936, 123.799
9.82855, 97.5928
Evaluation Time: 3.2863 seconds
Resulting Fitness: 0.979444
-------------
Particle: 5:
Relays Coordinates:
170.331, 137.482
138.619, 174.113
14.1555, 143.581
149.949, 83.0425
28.47, 0
Evaluation Time: 3.61877 seconds
Resulting Fitness: 0.980556
New local best!
Current global best fitness: 0.991667
Current global best relays: 154.87, 108.73
161.801, 200
0, 200
200, 15.9953
44.5752, 94.3919
Particle 1 new velocities: -16.9198, 7.05754
1.92659, 41.6528
-21.493, -26.5454
-25.3428, -33.0715
4.99014, 38.7985
Particle 2 new velocities: -1.32269, 22.302
-1.88673, 0
0, 0
0, -12.9406
-1.05698, -9.31532
Particle 3 new velocities: -1.65861, -123.842
10.6538, -8.77003
5.20418, -11.4307
0, 16.3554
-31.9048, 0.986379
Particle 4 new velocities: -16.1815, 5.2408
6.43092, 0
-0.997767, 71.2241
307, -142.822
28.2639, 3.6686
Particle 5 new velocities: 5.05999, -23.9716
-3.18464, 48.0568
-7.92708, 5.42953
20.3741, -6.66185
-7.76794, 77.1937
-- ITERATION 6 --
-------------
Particle: 1:
Relays Coordinates:
137.417, 126.004
120.141, 200
73.354, 173.455
174.657, 28.7467
46.107, 83.1394
Evaluation Time: 3.29603 seconds
Resulting Fitness: 0.987222
-------------
Particle: 2:
Relays Coordinates:
159.908, 92.1144
159.798, 200
0, 200
200, 7.42185
46.1423, 68.9975
Evaluation Time: 3.18808 seconds
Resulting Fitness: 0.978333
-------------
Particle: 3:
Relays Coordinates:
154.225, 50.4554
172.62, 182.975
5.20418, 180.938
200, 43.1945
26.116, 96.2688
Evaluation Time: 3.91724 seconds
Resulting Fitness: 0.985556
-------------
Particle: 4:
Relays Coordinates:
133.424, 122.196
175.165, 200
12.2762, 200
200, 0
38.0924, 101.261
Evaluation Time: 3.19543 seconds
Resulting Fitness: 0.985556
-------------
Particle: 5:
Relays Coordinates:
175.391, 113.51
135.435, 200
6.22838, 149.01
170.324, 76.3807
20.7021, 77.1937
Evaluation Time: 4.38051 seconds
Resulting Fitness: 0.946111
Current global best fitness: 0.991667
Current global best relays: 154.87, 108.73
161.801, 200
0, 200
200, 15.9953
44.5752, 94.3919
Particle 1 new velocities: 6.43689, -20.3836
59.0826, -27.0742
-81.3287, 4.33374
-11.0584, -17.4954
-12.4595, 39.2893
Particle 2 new velocities: -8.32932, 32.1132
1.53946, 0
0, 0
0, -4.1464
-4.0905, 49.3884
Particle 3 new velocities: -2.61773, 100.522
1.71673, 12.3728
7.86896, 13.2665
0, -26.7954
-9.17841, -2.24114
Particle 4 new velocities: 21.2595, -48.1746
20.3521, 0
-13.3669, -39.0291
-79.083, 59.2668
21.2864, -7.18858
Particle 5 new velocities: -17.1181, -11.3339
20.0779, -31.1353
-4.82812, 69.5491
31.8285, -75.9297
16.3152, 27.379
-- ITERATION 7 --
-------------
Particle: 1:
Relays Coordinates:
143.854, 105.621
179.224, 172.926
0, 177.788
163.599, 11.2513
33.6475, 122.429
Evaluation Time: 3.30043 seconds
Resulting Fitness: 0.985
-------------
Particle: 2:
Relays Coordinates:
151.579, 124.228
161.337, 200
0, 200
200, 3.27545
42.0518, 118.386
Evaluation Time: 3.19658 seconds
Resulting Fitness: 0.983889
-------------
Particle: 3:
Relays Coordinates:
151.607, 150.977
174.337, 195.348
13.0731, 194.204
200, 16.3991
16.9375, 94.0277
Evaluation Time: 3.92704 seconds
Resulting Fitness: 0.951111
-------------
Particle: 4:
Relays Coordinates:
154.684, 74.0212
195.517, 200
0, 160.971
120.917, 59.2668
59.3788, 94.0728
Evaluation Time: 3.2899 seconds
Resulting Fitness: 0.986667
-------------
Particle: 5:
Relays Coordinates:
158.273, 102.176
155.513, 168.865
1.40026, 200
200, 0.451002
37.0173, 104.573
Evaluation Time: 3.44201 seconds
Resulting Fitness: 0.984444
New local best!
Current global best fitness: 0.991667
Current global best relays: 154.87, 108.73
161.801, 200
0, 200
200, 15.9953
44.5752, 94.3919
Particle 1 new velocities: 49.8312, -21.7428
2.66849, -6.29795
134.14, 21.8885
25.8745, 66.9304
0.96611, -2.24071
Particle 2 new velocities: -4.48893, 7.96982
1.43683, 0
0, 0
0, 21.3945
1.10999, 6.35222
Particle 3 new velocities: -0.0516751, 39.2121
-5.70949, 5.72613
-12.826, 11.4569
0, -16.1803
57.032, -8.79526
Particle 4 new velocities: 11.1587, 17.84
-28.0117, 0
5.19859, -35.677
-8.01738, -21.3984
-10.3726, -1.30614
Particle 5 new velocities: -15.4827, -5.83849
21.3252, -9.1353
-4.83818, 0
0, -34.6113
13.0174, 8.2296
-- ITERATION 8 --
-------------
Particle: 1:
Relays Coordinates:
193.685, 83.8777
181.892, 166.628
134.14, 199.677
189.473, 78.1817
34.6136, 120.188
Evaluation Time: 3.6476 seconds
Resulting Fitness: 0.980556
-------------
Particle: 2:
Relays Coordinates:
147.09, 132.197
162.774, 200
0, 200
200, 24.6699
43.1617, 124.738
Evaluation Time: 3.6682 seconds
Resulting Fitness: 0.984444
-------------
Particle: 3:
Relays Coordinates:
151.556, 190.189
168.628, 200
0.247157, 200
200, 0.218833
73.9696, 85.2324
Evaluation Time: 3.0032 seconds
Resulting Fitness: 0.984444
-------------
Particle: 4:
Relays Coordinates:
165.843, 91.8613
167.505, 200
5.19859, 125.294
112.9, 37.8683
49.0062, 92.7667
Evaluation Time: 2.89563 seconds
Resulting Fitness: 0.986667
-------------
Particle: 5:
Relays Coordinates:
142.79, 96.3377
176.838, 159.729
0, 200
200, 0
50.0346, 112.802
Evaluation Time: 3.21711 seconds
Resulting Fitness: 0.982778
Current global best fitness: 0.991667
Current global best relays: 154.87, 108.73
161.801, 200
0, 200
200, 15.9953
44.5752, 94.3919
Particle 1 new velocities: -9.55638, -8.05171
-100.197, -6.76231
-81.5218, -6.97444
13.1854, 41.5227
8.05957, -44.8257
Particle 2 new velocities: 7.99058, -15.1107
0.775147, 0
0, 0
0, -7.0549
3.79569, -41.5518
Particle 3 new velocities: 4.49272, -39.3428
-8.57345, -12.965
0.436753, -14.1436
0, -6.22602
-37.1932, 6.98775
Particle 4 new velocities: -5.45813, 31.9843
-21.281, 0
13.3357, 91.2674
24.9171, -25.4206
-16.5652, 10.7572
Particle 5 new velocities: 13.4465, 15.4617
13.9737, 28.098
1.47177, 0
0, 18.68
-4.50017, -21.7017
-- ITERATION 9 --
-------------
Particle: 1:
Relays Coordinates:
184.129, 75.826
81.6957, 159.866
52.618, 192.702
200, 119.704
42.6731, 75.3623
Evaluation Time: 3.94164 seconds
Resulting Fitness: 0.976111
-------------
Particle: 2:
Relays Coordinates:
155.081, 117.087
163.549, 200
0, 200
200, 17.615
46.9574, 83.1864
Evaluation Time: 3.42836 seconds
Resulting Fitness: 0.982778
-------------
Particle: 3:
Relays Coordinates:
156.048, 150.846
160.054, 187.035
0.683909, 185.856
200, 0
36.7764, 92.2202
Evaluation Time: 3.22599 seconds
Resulting Fitness: 0.980556
-------------
Particle: 4:
Relays Coordinates:
160.384, 123.846
146.224, 200
18.5343, 200
137.817, 12.4477
32.441, 103.524
Evaluation Time: 3.50487 seconds
Resulting Fitness: 0.987222
-------------
Particle: 5:
Relays Coordinates:
156.236, 111.799
190.812, 187.827
1.47177, 200
200, 18.68
45.5345, 91.1006
Evaluation Time: 3.1453 seconds
Resulting Fitness: 0.982222
Current global best fitness: 0.991667
Current global best relays: 154.87, 108.73
161.801, 200
0, 200
200, 15.9953
44.5752, 94.3919
Particle 1 new velocities: -32.868, 7.68822
31.2575, 40.9253
-77.899, -12.3117
-6.53938, -19.0994
1.69947, -28.8229
Particle 2 new velocities: 5.31245, -32.8112
-3.0044, 0
0, 0
0, -8.28664
-1.42952, -15.833
Particle 3 new velocities: -1.63349, -61.6847
10.29, 6.0672
6.1774, 1.04969
0, 40.3277
-17.3167, 2.58934
Particle 4 new velocities: -14.6426, -23.5241
61.6461, 0
2.64381, -21.8649
67.3121, 21.0811
3.24566, -1.9101
Particle 5 new velocities: 10.387, -6.02483
-44.8521, 5.86094
0.273433, 0
0, -12.1257
-12.4392, -0.655755
-- ITERATION 10 --
-------------
Particle: 1:
Relays Coordinates:
151.261, 83.5142
112.953, 200
0, 180.391
193.461, 100.605
44.3726, 46.5394
Evaluation Time: 3.52957 seconds
Resulting Fitness: 0.966111
-------------
Particle: 2:
Relays Coordinates:
160.393, 84.2755
160.545, 200
0, 200
200, 9.32839
45.5279, 67.3533
Evaluation Time: 3.50389 seconds
Resulting Fitness: 0.970556
-------------
Particle: 3:
Relays Coordinates:
154.415, 89.1616
170.344, 193.102
6.86131, 186.906
200, 40.3277
19.4597, 94.8095
Evaluation Time: 3.31172 seconds
Resulting Fitness: 0.99
-------------
Particle: 4:
Relays Coordinates:
145.742, 100.321
200, 200
21.1781, 178.135
200, 33.5289
35.6867, 101.614
Evaluation Time: 3.46675 seconds
Resulting Fitness: 0.981667
-------------
Particle: 5:
Relays Coordinates:
166.623, 105.775
145.959, 193.688
1.7452, 200
200, 6.55427
33.0952, 90.4449
Evaluation Time: 3.24606 seconds
Resulting Fitness: 0.987222
New local best!
Current global best fitness: 0.991667
Current global best relays: 154.87, 108.73
161.801, 200
0, 200
200, 15.9953
44.5752, 94.3919
Particle 1 new velocities: 3.02302, 2.3873
110.231, -25.9748
110.733, -6.57571
-15.6457, -49.8402
0.0574545, 34.1746
Particle 2 new velocities: -10.6499, 13.3201
-0.622979, 0
0, 0
0, 4.96464
-2.12139, 27.9939
Particle 3 new velocities: -1.01848, -31.0721
4.07044, 9.75596
1.52875, -2.88474
0, 13.8124
42.2164, 1.19608
Particle 4 new velocities: -5.42696, -23.8044
-40.8864, 0
-24.6902, -51.0013
-82.8371, 8.98126
5.92408, -10.4012
Particle 5 new velocities: -6.70222, -2.64165
-15.1356, 8.31735
-0.621951, 0
0, -7.52202
-4.78596, 4.73534
-- ITERATION 11 --
-------------
Particle: 1:
Relays Coordinates:
154.284, 85.9015
200, 174.025
110.733, 173.815
177.815, 50.765
44.4301, 80.714
Evaluation Time: 3.30463 seconds
Resulting Fitness: 0.985556
-------------
Particle: 2:
Relays Coordinates:
149.743, 97.5956
159.922, 200
0, 200
200, 14.293
43.4065, 95.3472
Evaluation Time: 3.36691 seconds
Resulting Fitness: 0.983333
-------------
Particle: 3:
Relays Coordinates:
153.396, 58.0895
174.415, 200
8.39006, 184.021
200, 54.1401
61.6761, 96.0056
Evaluation Time: 3.62249 seconds
Resulting Fitness: 0.985
-------------
Particle: 4:
Relays Coordinates:
140.315, 76.5171
159.114, 200
0, 127.134
117.163, 42.5101
41.6107, 91.2126
Evaluation Time: 3.35428 seconds
Resulting Fitness: 0.981667
-------------
Particle: 5:
Relays Coordinates:
159.921, 103.133
130.824, 200
1.12325, 200
200, 0
28.3093, 95.1802
Evaluation Time: 3.47442 seconds
Resulting Fitness: 0.982778
Current global best fitness: 0.991667
Current global best relays: 154.87, 108.73
161.801, 200
0, 200
200, 15.9953
44.5752, 94.3919
Particle 1 new velocities: 22.7252, 27.8472
-32.1084, -30.0309
43.0477, 10.3743
-6.4621, -45.8402
-7.57464, 58.3113
Particle 2 new velocities: 2.53859, 28.8312
1.02317, 0
0, 0
0, 8.12373
0.277368, 18.3798
Particle 3 new velocities: 0.128057, 76.7284
-1.37691, -5.53331
-1.15957, 3.11908
0, -37.2632
2.00526, -2.65764
Particle 4 new velocities: 9.82016, 31.6037
-1.42297, 0
15.6877, -23.7797
51.9048, -24.1434
4.97441, 4.13161
Particle 5 new velocities: 1.17909, -0.21664
33.0149, -3.99999
0.0470978, 0
0, 21.2915
20.9555, 1.65415
-- ITERATION 12 --
-------------
Particle: 1:
Relays Coordinates:
177.009, 113.749
167.892, 143.994
153.781, 184.189
171.353, 4.92471
36.8554, 139.025
Evaluation Time: 3.45554 seconds
Resulting Fitness: 0.973333
-------------
Particle: 2:
Relays Coordinates:
152.282, 126.427
160.945, 200
0, 200
200, 22.4168
43.6839, 113.727
Evaluation Time: 3.25137 seconds
Resulting Fitness: 0.981111
-------------
Particle: 3:
Relays Coordinates:
153.524, 134.818
173.038, 194.467
7.23049, 187.14
200, 16.877
63.6814, 93.348
Evaluation Time: 3.40759 seconds
Resulting Fitness: 0.986111
-------------
Particle: 4:
Relays Coordinates:
150.135, 108.121
157.691, 200
15.6877, 103.354
169.068, 18.3668
46.5851, 95.3443
Evaluation Time: 3.57363 seconds
Resulting Fitness: 0.982222
-------------
Particle: 5:
Relays Coordinates:
161.1, 102.916
163.839, 196
1.17035, 200
200, 21.2915
49.2648, 96.8344
Evaluation Time: 3.72295 seconds
Resulting Fitness: 0.983889
Current global best fitness: 0.991667
Current global best relays: 154.87, 108.73
161.801, 200
0, 200
200, 15.9953
44.5752, 94.3919
Particle 1 new velocities: 8.32033, 9.03026
-50.6833, 28.9534
-224, 16.4995
40.2222, -16.1994
-6.19416, -32.2768
Particle 2 new velocities: 6.82951, -6.15848
2.23296, 0
0, 0
0, -0.486329
1.60319, -6.98251
Particle 3 new velocities: -0.101464, 30.8907
-8.29874, -6.00152
-4.5509, 11.8322
0, 5.94246
-13.508, -2.54707
Particle 4 new velocities: 7.98047, 13.9806
23.5106, 0
6.02299, 71.5146
39.8178, 13.4688
-4.39343, 5.78398
Particle 5 new velocities: -2.13011, 9.76413
9.18481, 2.86705
-0.898155, 0
0, -4.77726
-14.3408, -5.3999
-- ITERATION 13 --
-------------
Particle: 1:
Relays Coordinates:
185.329, 122.779
117.208, 172.948
0, 200
200, 0
30.6613, 106.749
Evaluation Time: 3.59329 seconds
Resulting Fitness: 0.983333
-------------
Particle: 2:
Relays Coordinates:
159.111, 120.268
163.178, 200
0, 200
200, 21.9304
45.2871, 106.745
Evaluation Time: 3.34903 seconds
Resulting Fitness: 0.976111
-------------
Particle: 3:
Relays Coordinates:
153.423, 165.709
164.739, 188.465
2.67958, 198.973
200, 22.8194
50.1733, 90.8009
Evaluation Time: 3.1731 seconds
Resulting Fitness: 0.988333
-------------
Particle: 4:
Relays Coordinates:
158.115, 122.101
181.201, 200
21.7107, 174.869
200, 31.8356
42.1917, 101.128
Evaluation Time: 3.43326 seconds
Resulting Fitness: 0.988333
New local best!
-------------
Particle: 5:
Relays Coordinates:
158.97, 112.68
173.024, 198.867
0.272193, 200
200, 16.5143
34.9239, 91.4345
Evaluation Time: 3.22532 seconds
Resulting Fitness: 0.982778
Current global best fitness: 0.991667
Current global best relays: 154.87, 108.73
161.801, 200
0, 200
200, 15.9953
44.5752, 94.3919
Particle 1 new velocities: -35.795, -23.473
-17.0018, -17.4886
65.3501, -28.2462
-4.79811, 55.9838
9.33679, -30.5876
Particle 2 new velocities: -4.05787, -20.8093
-1.07593, 0
0, 0
0, -6.49433
-0.0122226, -21.977
Particle 3 new velocities: 0.98227, -16.5093
-6.10305, 4.64794
2.03706, -2.99235
0, 25.8946
-12.2017, -2.32935
Particle 4 new velocities: 2.17142, -7.09369
-9.83736, 0
-8.56452, 51.4133
0, -14.035
-0.907199, 2.2491
Particle 5 new velocities: 7.62655, 5.66971
-10.0455, -4.17981
1.21858, 0
0, -6.44241
0.803748, -3.34823
-- ITERATION 14 --
-------------
Particle: 1:
Relays Coordinates:
149.534, 99.3059
100.207, 155.459
65.3501, 171.754
195.202, 55.9838
39.998, 76.161
Evaluation Time: 3.38598 seconds
Resulting Fitness: 0.983889
-------------
Particle: 2:
Relays Coordinates:
155.054, 99.459
162.102, 200
0, 200
200, 15.4361
45.2749, 84.7675
Evaluation Time: 3.4913 seconds
Resulting Fitness: 0.985556
-------------
Particle: 3:
Relays Coordinates:
154.405, 149.199
158.636, 193.113
4.71665, 195.98
200, 48.714
37.9717, 88.4715
Evaluation Time: 3.46528 seconds
Resulting Fitness: 0.979444
-------------
Particle: 4:
Relays Coordinates:
160.287, 115.008
171.364, 200
13.1462, 200
200, 17.8006
41.2845, 103.377
Evaluation Time: 3.28105 seconds
Resulting Fitness: 0.988333
-------------
Particle: 5:
Relays Coordinates:
166.597, 118.35
162.978, 194.687
1.49078, 200
200, 10.0718
35.7277, 88.0862
Evaluation Time: 3.23812 seconds
Resulting Fitness: 0.988333
New local best!
Current global best fitness: 0.991667
Current global best relays: 154.87, 108.73
161.801, 200
0, 200
200, 15.9953
44.5752, 94.3919
Particle 1 new velocities: 2.19716, -13.7245
-4.5787, 16.2185
48.498, -0.888375
-4.00312, -14.0541
12.7614, 16.8064
Particle 2 new velocities: -2.89602, 1.91636
-0.894331, 0
0, 0
0, -3.67069
-1.45282, -4.2963
Particle 3 new velocities: -1.08314, -16.669
17.2081, 2.91828
0.226999, -26.5223
0, -2.64037
-3.32359, 5.9992
Particle 4 new velocities: -4.10064, -5.01997
-9.07697, 0
-21.2603, -37.3054
0, 9.7349
4.56059, -8.16933
Particle 5 new velocities: 3.35016, -8.61613
-8.67706, 1.47841
-0.8854, 0
0, 1.28151
2.91312, 4.7126
-- ITERATION 15 --
-------------
Particle: 1:
Relays Coordinates:
151.731, 85.5814
95.6278, 171.678
113.848, 170.865
191.199, 41.9297
52.7594, 92.9673
Evaluation Time: 3.32766 seconds
Resulting Fitness: 0.988889
-------------
Particle: 2:
Relays Coordinates:
152.158, 101.375
161.208, 200
0, 200
200, 11.7654
43.822, 80.4712
Evaluation Time: 3.29273 seconds
Resulting Fitness: 0.980556
-------------
Particle: 3:
Relays Coordinates:
153.322, 132.53
175.844, 196.031
4.94364, 169.458
200, 46.0736
34.6481, 94.4707
Evaluation Time: 3.24537 seconds
Resulting Fitness: 0.985
-------------
Particle: 4:
Relays Coordinates:
156.186, 109.988
162.287, 200
0, 162.695
200, 27.5355
45.8451, 95.208
Evaluation Time: 3.70324 seconds
Resulting Fitness: 0.983889
-------------
Particle: 5:
Relays Coordinates:
169.947, 109.734
154.301, 196.166
0.605377, 200
200, 11.3534
38.6408, 92.7988
Evaluation Time: 3.50329 seconds
Resulting Fitness: 0.981667
Current global best fitness: 0.991667
Current global best relays: 154.87, 108.73
161.801, 200
0, 200
200, 15.9953
44.5752, 94.3919
Particle 1 new velocities: 39.2971, -10.675
43.1638, 5.81399
-154.057, 38.8245
9.16117, -15.9226
-24.5238, 23.0982
Particle 2 new velocities: 1.2947, 5.2638
0.39802, 0
0, 0
0, 4.39853
0.51181, 32.0123
Particle 3 new velocities: -0.175621, -11.8803
5.92622, -6.77951
5.94712, 3.90474
0, -7.74163
19.998, 3.94884
Particle 4 new velocities: -2.843, 0.0312154
18.6928, 0
4.92645, 11.345
0, -2.7349
1.46439, -5.66212
Particle 5 new velocities: -8.75307, -6.26202
14.4231, 0.00666095
-0.400538, 0
0, 6.11591
-0.0252097, 1.09772
-- ITERATION 16 --
-------------
Particle: 1:
Relays Coordinates:
191.029, 74.9064
138.792, 177.492
0, 200
200, 26.0071
28.2356, 116.066
Evaluation Time: 3.66329 seconds
Resulting Fitness: 0.983889
-------------
Particle: 2:
Relays Coordinates:
153.452, 106.639
161.606, 200
0, 200
200, 16.1639
44.3339, 112.483
Evaluation Time: 3.13895 seconds
Resulting Fitness: 0.983889
-------------
Particle: 3:
Relays Coordinates:
153.146, 120.65
181.77, 189.252
10.8908, 173.363
200, 38.332
54.6461, 98.4196
Evaluation Time: 3.58667 seconds
Resulting Fitness: 0.987778
-------------
Particle: 4:
Relays Coordinates:
153.343, 110.019
180.98, 200
4.92645, 174.04
200, 24.8007
47.3095, 89.5459
Evaluation Time: 3.3312 seconds
Resulting Fitness: 0.984444
-------------
Particle: 5:
Relays Coordinates:
161.194, 103.472
168.724, 196.172
0.204839, 200
200, 17.4693
38.6156, 93.8965
Evaluation Time: 3.37269 seconds
Resulting Fitness: 0.989444
New local best!
Current global best fitness: 0.991667
Current global best relays: 154.87, 108.73
161.801, 200
0, 200
200, 15.9953
44.5752, 94.3919
Particle 1 new velocities: -18.9045, 29.4455
36.7323, -28.2188
52.6442, -20.8947
-18.9222, 19.7612
-3.64267, 2.96295
Particle 2 new velocities: 2.80008, 4.32256
0.568202, 0
0, 0
0, 2.66324
0.634137, -6.15964
Particle 3 new velocities: 1.9358, -2.59612
-6.1517, 9.41061
-6.55647, 22.4065
0, -35.8893
-0.922194, -5.67319
Particle 4 new velocities: 1.84294, 3.90165
-13.5879, 0
12.5709, 16.5522
0, 6.41706
-9.49507, 18.1911
Particle 5 new velocities: -13.3999, 2.94838
0.0284629, 1.34055
-0.364124, 0
0, 2.69739
7.02339, 1.4621
-- ITERATION 17 --
-------------
Particle: 1:
Relays Coordinates:
172.124, 104.352
175.524, 149.273
52.6442, 179.105
181.078, 45.7683
24.5929, 119.029
Evaluation Time: 3.95752 seconds
Resulting Fitness: 0.977222
-------------
Particle: 2:
Relays Coordinates:
156.252, 110.962
162.174, 200
0, 200
200, 18.8272
44.968, 106.324
Evaluation Time: 3.35331 seconds
Resulting Fitness: 0.986667
-------------
Particle: 3:
Relays Coordinates:
155.082, 118.054
175.618, 198.662
4.3343, 195.769
200, 2.44266
53.7239, 92.7464
Evaluation Time: 3.46404 seconds
Resulting Fitness: 0.99
-------------
Particle: 4:
Relays Coordinates:
155.186, 113.921
167.392, 200
17.4974, 190.592
200, 31.2177
37.8144, 107.737
Evaluation Time: 3.25889 seconds
Resulting Fitness: 0.982222
-------------
Particle: 5:
Relays Coordinates:
147.794, 106.42
168.753, 197.513
0, 200
200, 20.1667
45.639, 95.3586
Evaluation Time: 3.46912 seconds
Resulting Fitness: 0.981667
Current global best fitness: 0.991667
Current global best relays: 154.87, 108.73
161.801, 200
0, 200
200, 15.9953
44.5752, 94.3919
Particle 1 new velocities: -14.9552, 22.4997
-26.6996, -9.31068
-2.48164, -4.84724
-5.20531, -3.87944
16.3279, -56.1562
Particle 2 new velocities: 0.111471, 1.58983
-0.402349, 0
0, 0
0, -0.0587158
0.246358, -15.6887
Particle 3 new velocities: -0.540201, 4.5737
-25.8125, 3.55389
0.587675, -3.59178
0, 44.6551
-13.0711, -3.2464
Particle 4 new velocities: 5.40346, -2.81287
3.10383, 0
3.79845, 0.92128
0, -2.34159
0.272665, 5.47613
Particle 5 new velocities: 10.856, 0.0393746
-3.35857, 2.73228
0.00215992, 0
0, -3.93493
-0.670914, -1.88907
-- ITERATION 18 --
-------------
Particle: 1:
Relays Coordinates:
157.169, 126.852
148.824, 139.962
50.1626, 174.258
175.872, 41.8888
40.9209, 62.8723
Evaluation Time: 4.02103 seconds
Resulting Fitness: 0.958333
-------------
Particle: 2:
Relays Coordinates:
156.364, 112.552
161.772, 200
0, 200
200, 18.7685
45.2144, 90.6352
Evaluation Time: 3.40947 seconds
Resulting Fitness: 0.979444
-------------
Particle: 3:
Relays Coordinates:
154.542, 122.628
149.806, 200
4.92197, 192.178
200, 47.0978
40.6527, 89.5
Evaluation Time: 3.07652 seconds
Resulting Fitness: 0.986667
-------------
Particle: 4:
Relays Coordinates:
160.59, 111.108
170.496, 200
21.2958, 191.513
200, 28.8761
38.0871, 113.213
Evaluation Time: 3.25208 seconds
Resulting Fitness: 0.987222
-------------
Particle: 5:
Relays Coordinates:
158.65, 106.46
165.394, 200
0.00215992, 200
200, 16.2317
44.968, 93.4696
Evaluation Time: 3.2819 seconds
Resulting Fitness: 0.983333
Current global best fitness: 0.991667
Current global best relays: 154.87, 108.73
161.801, 200
0, 200
200, 15.9953
44.5752, 94.3919
Particle 1 new velocities: 1.72046, -65.8679
-5.53313, 22.7378
-1.83562, 16.4011
0.391286, 13.9373
12.7363, 30.5103
Particle 2 new velocities: -2.27192, -1.26962
-0.226245, 0
0, 0
0, -4.96748
-0.586393, -3.64009
Particle 3 new velocities: -0.516455, 25.4204
27.8621, -0.326909
4.51924, -6.7679
0, -14.4744
4.30733, 1.18947
Particle 4 new velocities: -4.0648, 6.22065
-3.77711, 0
-8.89582, -4.30774
0, -13.1908
11.364, -8.06276
Particle 5 new velocities: 5.92434, 0.99541
-1.29847, -4.6568
0.0809792, 0
0, -2.48891
-2.26952, -0.384758
-- ITERATION 19 --
-------------
Particle: 1:
Relays Coordinates:
158.889, 60.9837
143.291, 162.7
48.3269, 190.659
176.264, 55.8261
53.6572, 93.3826
Evaluation Time: 3.55993 seconds
Resulting Fitness: 0.984444
-------------
Particle: 2:
Relays Coordinates:
154.092, 111.282
161.545, 200
0, 200
200, 13.801
44.628, 86.9951
Evaluation Time: 3.69346 seconds
Resulting Fitness: 0.985
-------------
Particle: 3:
Relays Coordinates:
154.026, 148.048
177.668, 199.673
9.44121, 185.41
200, 32.6233
44.9601, 90.6895
Evaluation Time: 3.16406 seconds
Resulting Fitness: 0.982222
-------------
Particle: 4:
Relays Coordinates:
156.525, 117.328
166.719, 200
12.4, 187.205
200, 15.6853
49.4511, 105.15
Evaluation Time: 3.50587 seconds
Resulting Fitness: 0.981667
-------------
Particle: 5:
Relays Coordinates:
164.574, 107.455
164.096, 195.343
0.0831391, 200
200, 13.7428
42.6985, 93.0848
Evaluation Time: 3.42644 seconds
Resulting Fitness: 0.986111
Current global best fitness: 0.991667
Current global best relays: 154.87, 108.73
161.801, 200
0, 200
200, 15.9953
44.5752, 94.3919
Particle 1 new velocities: 27.786, -31.928
-19.5504, 19.1828
6.87473, 9.11762
36.9348, -25.4859
-0.39514, 25.6872
Particle 2 new velocities: -0.941914, -2.89995
-0.0328912, 0
0, 0
0, -0.026925
-0.498677, 9.98885
Particle 3 new velocities: 0.48761, 4.61175
10.2256, -14.1112
3.39796, -10.8023
0, -7.86096
4.3944, -0.0355598
Particle 4 new velocities: -2.0828, 2.75031
0.533879, 0
-10.6672, -2.4762
0, -0.619266
6.2404, -19.8227
Particle 5 new velocities: -10.8388, -0.220375
2.76109, 2.2776
0.149038, 0
0, 4.40553
-2.44249, 1.70203
-- ITERATION 20 --
-------------
Particle: 1:
Relays Coordinates:
186.675, 29.0557
123.741, 181.883
55.2017, 199.777
200, 30.3402
53.2621, 119.07
Evaluation Time: 3.06857 seconds
Resulting Fitness: 0.971111
-------------
Particle: 2:
Relays Coordinates:
153.15, 108.382
161.512, 200
0, 200
200, 13.7741
44.1293, 96.9839
Evaluation Time: 3.3058 seconds
Resulting Fitness: 0.988889
-------------
Particle: 3:
Relays Coordinates:
154.513, 152.66
187.894, 185.562
12.8392, 174.607
200, 24.7624
49.3545, 90.6539
Evaluation Time: 3.46047 seconds
Resulting Fitness: 0.981667
-------------
Particle: 4:
Relays Coordinates:
154.442, 120.079
167.252, 200
1.7328, 184.729
200, 15.0661
55.6915, 85.3277
Evaluation Time: 3.29715 seconds
Resulting Fitness: 0.982222
-------------
Particle: 5:
Relays Coordinates:
153.735, 107.235
166.857, 197.621
0.232177, 200
200, 18.1483
40.256, 94.7868
Evaluation Time: 3.43387 seconds
Resulting Fitness: 0.985556
Final global best fitness: 0.991667
Final global best relays:
154.87, 108.73
161.801, 200
0, 200
200, 15.9953
44.5752, 94.3919
