ITERATION: 0
new best fitness: 0.191667
ITERATION: 3
new best fitness: 0.227778
ITERATION: 5
new best fitness: 0.244444
ITERATION: 6
new best fitness: 0.286111
ITERATION: 10
new best fitness: 0.291667
ITERATION: 15
new best fitness: 0.308333
ITERATION: 20
new best fitness: 0.35
ITERATION: 95
new best fitness: 0.402778
ITERATION: 344
new best fitness: 0.405556
Final Evaluation Time: 611.465 seconds
Final global best fitness: 0.405556
Final global best relays:
232.836, 44.8109
271.308, 170.851
146.247, 231.907
132.747, 39.5671
192.442, 365.735
40.6312, 338.183
