PSO EXECUTION
============================
Seed: 42069
Particles: 4
Relays: 4
Iterations: 5
Backend: Simulation
Network Configuration: 1
Area: 350 x 350
Sink: 0, 0
Simulated Relay range: 150
w: 0.8
c1: 1.2
c2: 1.8

Relay Nodes Positions: 
PARTICLE 1: 
73.9434, 2.91728
275.312, 262.957
153.24, 105.223
223.256, 189.745
PARTICLE 2: 
49.4356, 47.9918
153.629, 118.065
320.327, 288.814
243.682, 230.982
PARTICLE 3: 
139.822, 168.749
52.3988, 78.6915
240.586, 247.896
334.262, 281.788
PARTICLE 4: 
118.218, 114.577
230.357, 213.927
318.267, 297.405
13.8205, 16.1255
Nodes Positions: 
51.746, 8.78722
261.875, 316.182
325.329, 285.208
264.438, 340.025
219.524, 5.03225
292.719, 138.823
347.577, 222.204
130.979, 212.535
81.1737, 330.631
167.212, 263.508
286.299, 298.424
13.7551, 104.577
19.6884, 207.299
58.7925, 34.1988
74.8458, 93.4742
95.3297, 247.946
182.062, 24.2599
236.16, 313.095
40.706, 188.512
341.146, 112.679
103.203, 53.3657
276.311, 199.943
32.5908, 73.8457
114.398, 278.273
244.506, 150.851
307.66, 175.976
113.015, 253.873
246.316, 65.2828
67.5491, 290.585
187.723, 145.457
207.29, 38.4371
134.051, 159.265
3.39169, 117.665
320.462, 171.571
146.308, 343.905
197.782, 125.832
300.953, 84.5618
158.014, 233.823
153.628, 243.073
216.948, 52.1592
All particles start with velocity zero
-- ITERATION 0 --
-------------
Particle: 1:
Relays Coordinates:
73.9434, 2.91728
275.312, 262.957
153.24, 105.223
223.256, 189.745
Evaluation Time: 1.19398 seconds
Resulting Fitness: 0.9
New local best!
New global best!
-------------
Particle: 2:
Relays Coordinates:
49.4356, 47.9918
153.629, 118.065
320.327, 288.814
243.682, 230.982
Evaluation Time: 1.20182 seconds
Resulting Fitness: 0.866667
New local best!
-------------
Particle: 3:
Relays Coordinates:
139.822, 168.749
52.3988, 78.6915
240.586, 247.896
334.262, 281.788
Evaluation Time: 1.13705 seconds
Resulting Fitness: 0.854167
New local best!
-------------
Particle: 4:
Relays Coordinates:
118.218, 114.577
230.357, 213.927
318.267, 297.405
13.8205, 16.1255
Evaluation Time: 1.1679 seconds
Resulting Fitness: 0.858333
New local best!
Current global best fitness: 0.9
Current global best relays: 73.9434, 2.91728
275.312, 262.957
153.24, 105.223
223.256, 189.745
Particle 1 new velocities: 0, 0
0, 0
0, 0
0, 0
Particle 2 new velocities: 36.4415, -18.7395
97.7067, 60.4504
-154.321, -252.617
-36.6167, -28.0174
Particle 3 new velocities: -31.7371, -110.134
23.059, 3.77202
-152.3, -117.937
-101.755, -158.079
Particle 4 new velocities: -54.2491, -49.2295
62.5108, 70.5527
-164.286, -304.625
14.6533, 32.1636
-- ITERATION 1 --
-------------
Particle: 1:
Relays Coordinates:
73.9434, 2.91728
275.312, 262.957
153.24, 105.223
223.256, 189.745
Evaluation Time: 1.18723 seconds
Resulting Fitness: 0.9
-------------
Particle: 2:
Relays Coordinates:
85.8771, 29.2522
251.335, 178.515
166.006, 36.1969
207.065, 202.964
Evaluation Time: 1.14823 seconds
Resulting Fitness: 0.45
-------------
Particle: 3:
Relays Coordinates:
108.085, 58.6157
75.4578, 82.4635
88.2867, 129.959
232.508, 123.709
Evaluation Time: 0.969545 seconds
Resulting Fitness: 0.791667
-------------
Particle: 4:
Relays Coordinates:
63.969, 65.3476
292.868, 284.48
153.981, 0
28.4739, 48.289
Evaluation Time: 0.793066 seconds
Resulting Fitness: 0.4375
Current global best fitness: 0.9
Current global best relays: 73.9434, 2.91728
275.312, 262.957
153.24, 105.223
223.256, 189.745
Particle 1 new velocities: 0, 0
0, 0
0, 0
0, 0
Particle 2 new velocities: 23.9486, -34.6542
-1.9481, 149.564
-110.805, 46.8721
13.4535, -19.2097
Particle 3 new velocities: -53.0564, -145.558
146.755, 71.2596
-46.7816, -50.5143
-16.616, -68.1117
Particle 4 new velocities: 7.63316, -60.4168
-28.8352, -4.66419
-115.59, 261.749
324.165, 36.1756
-- ITERATION 2 --
-------------
Particle: 1:
Relays Coordinates:
73.9434, 2.91728
275.312, 262.957
153.24, 105.223
223.256, 189.745
Evaluation Time: 1.26305 seconds
Resulting Fitness: 0.9
-------------
Particle: 2:
Relays Coordinates:
109.826, 0
249.387, 328.079
55.2018, 83.069
220.519, 183.755
Evaluation Time: 0.773279 seconds
Resulting Fitness: 0.445833
-------------
Particle: 3:
Relays Coordinates:
55.0288, 0
222.213, 153.723
41.5051, 79.4446
215.892, 55.5971
Evaluation Time: 1.08889 seconds
Resulting Fitness: 0.333333
-------------
Particle: 4:
Relays Coordinates:
71.6022, 4.93084
264.033, 279.816
38.3917, 261.749
350, 84.4646
Evaluation Time: 0.738617 seconds
Resulting Fitness: 0.275
Current global best fitness: 0.9
Current global best relays: 73.9434, 2.91728
275.312, 262.957
153.24, 105.223
223.256, 189.745
Particle 1 new velocities: 0, 0
0, 0
0, 0
0, 0
Particle 2 new velocities: -32.9836, 8.66399
-22.3323, -2.13319
161.886, 263.048
37.6988, 32.8871
Particle 3 new velocities: 49.4146, 146.439
128.579, 199.522
170.58, 33.0292
124.41, 61.2526
Particle 4 new velocities: 28.9903, 47.3969
-37.7756, -67.5614
99.14, 13.9929
-201.029, 67.0609
-- ITERATION 3 --
-------------
Particle: 1:
Relays Coordinates:
73.9434, 2.91728
275.312, 262.957
153.24, 105.223
223.256, 189.745
Evaluation Time: 1.18594 seconds
Resulting Fitness: 0.9
-------------
Particle: 2:
Relays Coordinates:
76.8421, 8.66399
227.055, 325.946
217.088, 346.117
258.218, 216.642
Evaluation Time: 0.692748 seconds
Resulting Fitness: 0.2875
-------------
Particle: 3:
Relays Coordinates:
104.443, 146.439
350, 350
212.085, 112.474
340.301, 116.85
Evaluation Time: 1.08134 seconds
Resulting Fitness: 0.175
-------------
Particle: 4:
Relays Coordinates:
100.592, 52.3277
226.257, 212.254
137.532, 275.742
148.971, 151.526
Evaluation Time: 1.20156 seconds
Resulting Fitness: 0.970833
New local best!
New global best!
Current global best fitness: 0.970833
Current global best relays: 100.592, 52.3277
226.257, 212.254
137.532, 275.742
148.971, 151.526
Particle 1 new velocities: 23.4135, 16.4059
-52.6051, -19.8465
-7.22561, 187.723
-133.111, -2.1482
Particle 2 new velocities: -21.9001, 87.1152
-32.2679, -345.838
135.788, 89.7722
-18.3769, -42.0929
Particle 3 new velocities: 48.7135, 119.902
-229.539, -426.001
114.968, 287.807
-137.188, 201.019
Particle 4 new velocities: 23.1922, 37.9175
-30.2205, -54.0492
79.312, 11.1943
-160.823, 53.6487
-- ITERATION 4 --
-------------
Particle: 1:
Relays Coordinates:
97.357, 19.3231
222.707, 243.11
146.014, 292.946
90.1457, 187.597
Evaluation Time: 1.20365 seconds
Resulting Fitness: 0.35
-------------
Particle: 2:
Relays Coordinates:
54.942, 95.7792
194.787, 0
350, 350
239.841, 174.549
Evaluation Time: 1.1478 seconds
Resulting Fitness: 0.366667
-------------
Particle: 3:
Relays Coordinates:
153.157, 266.341
120.461, 0
327.053, 350
203.113, 317.869
Evaluation Time: 0.694544 seconds
Resulting Fitness: 0.354167
-------------
Particle: 4:
Relays Coordinates:
123.785, 90.2453
196.037, 158.205
216.844, 286.936
0, 205.174
Evaluation Time: 1.19696 seconds
Resulting Fitness: 0.845833
Current global best fitness: 0.970833
Current global best relays: 100.592, 52.3277
226.257, 212.254
137.532, 275.742
148.971, 151.526
Particle 1 new velocities: 8.33634, 42.1555
-37.084, -34.3334
-16.5001, -23.3468
11.3494, -34.388
Particle 2 new velocities: 29.6541, -10.2039
-50.2057, 432.222
-345.393, -46.3372
-115.879, -16.0605
Particle 3 new velocities: 29.1037, -162.795
-126.465, 307.113
-140.932, -84.6868
-57.9924, 130.298
Particle 4 new velocities: -28.7545, -32.7083
34.93, -3.27753
23.4302, -4.93735
324.568, 6.45843
-- ITERATION 5 --
-------------
Particle: 1:
Relays Coordinates:
105.693, 61.4786
185.623, 208.777
129.514, 269.599
101.495, 153.209
Evaluation Time: 1.2202 seconds
Resulting Fitness: 0.8875
-------------
Particle: 2:
Relays Coordinates:
84.5961, 85.5753
144.582, 350
4.60691, 303.663
123.961, 158.488
Evaluation Time: 0.895683 seconds
Resulting Fitness: 0.629167
-------------
Particle: 3:
Relays Coordinates:
182.261, 103.546
0, 307.113
186.121, 265.313
145.121, 350
Evaluation Time: 0.615711 seconds
Resulting Fitness: 0.175
-------------
Particle: 4:
Relays Coordinates:
95.0302, 57.5369
230.967, 154.928
240.274, 281.998
324.568, 211.633
Evaluation Time: 1.15056 seconds
Resulting Fitness: 0.425
Final global best fitness: 0.970833
Final global best relays:
100.592, 52.3277
226.257, 212.254
137.532, 275.742
148.971, 151.526
