ITERATION: 0
new best fitness: 0.414583
ITERATION: 3
new best fitness: 0.435417
ITERATION: 4
new best fitness: 0.5
ITERATION: 9
new best fitness: 0.502083
ITERATION: 26
new best fitness: 0.504167
ITERATION: 32
new best fitness: 0.5375
ITERATION: 39
new best fitness: 0.55
ITERATION: 170
new best fitness: 0.560417
Final Evaluation Time: 1145.85 seconds
Final global best fitness: 0.560417
Final global best relays:
270.887, 371.808
407.581, 415.817
430.296, 560.357
543.412, 635.304
173.642, 191.577
251.403, 243.4
134.555, 66.6056
500.618, 598.961
