Area: 500 x 500
Nodes Positions: 
305.378, 64.7531
410.147, 385.69
259.419, 48.3467
168.545, 93.7158
387.713, 251.692
466.127, 466.665
44.4024, 495.328
377.514, 100.017
314.735, 443.957
374.356, 51.6537
204.621, 132.628
433.597, 361.534
336.765, 195.475
150.261, 115.102
183.186, 231.849
329.345, 190.745
494.554, 122.367
165.525, 322.066
278.681, 367.571
185.442, 294.612
287, 177.006
1.86936, 163.075
417.675, 41.0331
210.217, 6.93513
447.715, 484.036
130.141, 86.4906
67.4399, 306.536
317.671, 233.515
34.7718, 274.961
483.362, 249.404
292.25, 151.137
54.2765, 9.30332
13.801, 216.683
243.919, 264.48
229.356, 332.797
271.787, 31.295
365.788, 67.0967
22.4757, 148.238
137.869, 216.385
401.426, 467.42
28.1303, 139.783
398.104, 451.518
89.2183, 351.359
101.196, 430.152
353.134, 475.606
342.254, 398.149
217.905, 283.939
467.256, 419.703
426.705, 167.905
82.1397, 435.409
233.619, 375.969
61.0404, 347.438
119.13, 341.412
146.068, 278.838
450.294, 204.711
195.579, 23.7374
114.612, 75.9382
478.637, 409.781
252.832, 308.581
94.0071, 400.188
Final global best relays:
113.626, 253.346
249.408, 313.02
94.4515, 113.591
