PSO EXECUTION
============================
Seed: 37283284
Particles: 4
Relays: 4
Iterations: 20
Backend: Simulation
Network Configuration: 1
Area: 350 x 350
Sink: 0, 0
Simulated Relay range: 150
w: 0.8
c1: 1.2
c2: 1.8

Relay Nodes Positions: 
PARTICLE 1: 
275.329, 237.264
55.1603, 70.5482
174.729, 147.528
233.639, 291.97
PARTICLE 2: 
40.055, 81.5476
224.301, 199.151
110.853, 149.62
272.266, 314.487
PARTICLE 3: 
297.906, 295.214
186.482, 258.919
86.9459, 11.324
145.35, 123.044
PARTICLE 4: 
73.9804, 114.147
217.941, 176.875
318.999, 268.521
137.822, 75.1121
Nodes Positions: 
113.001, 64.9085
181.518, 42.4974
259.72, 235.093
5.93922, 165.152
218.843, 196.614
43.8501, 154.006
342.894, 112.562
135.299, 264.825
160.705, 129.493
320.689, 29.082
66.3196, 338.242
274.557, 21.4516
145.756, 59.7172
241.415, 100.345
295.924, 11.2715
25.1297, 240.231
266.996, 301.547
78.6802, 0.0960066
33.8658, 322.513
194.589, 80.2092
35.2156, 345.646
93.5407, 277.9
228.31, 254.557
83.905, 146.848
11.8064, 282.277
309.66, 183.221
248.038, 309.633
184.06, 331.718
155.543, 206.21
326.013, 186.774
96.357, 221.721
127.426, 135.973
333.221, 48.074
299.525, 173.964
167.55, 121.328
55.7011, 89.2967
287.293, 296.992
213.183, 218.342
201.98, 72.2107
121.839, 250.472
All particles start with velocity zero
-- ITERATION 0 --
-------------
Particle: 1:
Relays Coordinates:
275.329, 237.264
55.1603, 70.5482
174.729, 147.528
233.639, 291.97
Evaluation Time: 1.39378 seconds
Resulting Fitness: 0.766667
New local best!
New global best!
-------------
Particle: 2:
Relays Coordinates:
40.055, 81.5476
224.301, 199.151
110.853, 149.62
272.266, 314.487
Evaluation Time: 1.39996 seconds
Resulting Fitness: 0.741667
New local best!
-------------
Particle: 3:
Relays Coordinates:
297.906, 295.214
186.482, 258.919
86.9459, 11.324
145.35, 123.044
Evaluation Time: 1.46373 seconds
Resulting Fitness: 0.7625
New local best!
-------------
Particle: 4:
Relays Coordinates:
73.9804, 114.147
217.941, 176.875
318.999, 268.521
137.822, 75.1121
Evaluation Time: 1.47962 seconds
Resulting Fitness: 0.7875
New local best!
New global best!
Current global best fitness: 0.7875
Current global best relays: 73.9804, 114.147
217.941, 176.875
318.999, 268.521
137.822, 75.1121
Particle 1 new velocities: -123.422, -35.9008
106.829, 80.2972
2.09062, 150.627
-29.9687, -24.0356
Particle 2 new velocities: 56.2225, 49.1583
-5.06239, -17.6146
373.522, 114.539
-185.651, -57.8246
Particle 3 new velocities: -372.631, -81.8013
2.33638, -75.5172
352.785, 232.951
-9.25319, -55.1203
Particle 4 new velocities: 0, 0
0, 0
0, 0
0, 0
-- ITERATION 1 --
-------------
Particle: 1:
Relays Coordinates:
151.906, 201.363
161.989, 150.845
176.82, 298.154
203.67, 267.934
Evaluation Time: 0.824485 seconds
Resulting Fitness: 0.125
-------------
Particle: 2:
Relays Coordinates:
96.2775, 130.706
219.239, 181.537
350, 264.159
86.6158, 256.663
Evaluation Time: 1.53249 seconds
Resulting Fitness: 0.375
-------------
Particle: 3:
Relays Coordinates:
0, 213.413
188.818, 183.402
350, 244.275
136.097, 67.9239
Evaluation Time: 1.28969 seconds
Resulting Fitness: 0.716667
-------------
Particle: 4:
Relays Coordinates:
73.9804, 114.147
217.941, 176.875
318.999, 268.521
137.822, 75.1121
Evaluation Time: 1.48099 seconds
Resulting Fitness: 0.7875
Current global best fitness: 0.7875
Current global best relays: 73.9804, 114.147
217.941, 176.875
318.999, 268.521
137.822, 75.1121
Particle 1 new velocities: -143.478, -49.8073
72.8627, 51.0436
130.31, -50.7753
-57.7901, -49.648
Particle 2 new velocities: -8.16982, 16.8509
-0.973374, -7.11747
-188.312, 62.5136
-41.321, -200.118
Particle 3 new velocities: 201.73, -107.627
37.3481, -21.1264
-315.858, 129.993
3.18905, -41.6275
Particle 4 new velocities: 0, 0
0, 0
0, 0
0, 0
-- ITERATION 2 --
-------------
Particle: 1:
Relays Coordinates:
8.42884, 151.556
234.852, 201.889
307.13, 247.379
145.88, 218.286
Evaluation Time: 1.57345 seconds
Resulting Fitness: 0.75
-------------
Particle: 2:
Relays Coordinates:
88.1077, 147.557
218.266, 174.419
161.688, 326.672
45.2948, 56.5445
Evaluation Time: 1.5745 seconds
Resulting Fitness: 0.754167
New local best!
-------------
Particle: 3:
Relays Coordinates:
201.73, 105.786
226.166, 162.276
34.142, 350
139.286, 26.2964
Evaluation Time: 1.40055 seconds
Resulting Fitness: 0.7625
-------------
Particle: 4:
Relays Coordinates:
73.9804, 114.147
217.941, 176.875
318.999, 268.521
137.822, 75.1121
Evaluation Time: 1.48185 seconds
Resulting Fitness: 0.7875
Current global best fitness: 0.7875
Current global best relays: 73.9804, 114.147
217.941, 176.875
318.999, 268.521
137.822, 75.1121
Particle 1 new velocities: 49.9692, 46.3484
30.6559, -81.4915
103.257, -52.604
-36.8228, -96.0414
Particle 2 new velocities: -10.4968, -46.5154
-1.10445, -3.24864
-52.0524, 39.0209
30.1265, -144.395
Particle 3 new velocities: 107.824, -62.9804
-18.6745, 16.59
240.22, -374.937
5.06744, 87.5522
Particle 4 new velocities: 0, 0
0, 0
0, 0
0, 0
-- ITERATION 3 --
-------------
Particle: 1:
Relays Coordinates:
58.3981, 197.904
265.508, 120.398
350, 194.775
109.057, 122.245
Evaluation Time: 1.606 seconds
Resulting Fitness: 0.316667
-------------
Particle: 2:
Relays Coordinates:
77.6108, 101.041
217.161, 171.17
109.636, 350
75.4212, 0
Evaluation Time: 1.35589 seconds
Resulting Fitness: 0.666667
-------------
Particle: 3:
Relays Coordinates:
309.554, 42.806
207.492, 178.866
274.362, 0
144.354, 113.849
Evaluation Time: 1.1063 seconds
Resulting Fitness: 0.0958333
-------------
Particle: 4:
Relays Coordinates:
73.9804, 114.147
217.941, 176.875
318.999, 268.521
137.822, 75.1121
Evaluation Time: 1.13064 seconds
Resulting Fitness: 0.7875
Current global best fitness: 0.7875
Current global best relays: 73.9804, 114.147
217.941, 176.875
318.999, 268.521
137.822, 75.1121
Particle 1 new velocities: 128.981, 25.4825
-51.4543, -49.4638
-114.969, 49.657
14.4525, -75.2599
Particle 2 new velocities: -8.49177, 19.5782
0.51512, 5.48114
107.11, -130.537
12.7793, 104.343
Particle 3 new velocities: -129.866, 128.302
-6.24347, 66.926
163.307, 321.045
-1.98987, 79.7712
Particle 4 new velocities: 0, 0
0, 0
0, 0
0, 0
-- ITERATION 4 --
-------------
Particle: 1:
Relays Coordinates:
187.38, 223.387
214.053, 70.9338
235.031, 244.432
123.51, 46.9847
Evaluation Time: 1.12675 seconds
Resulting Fitness: 0.829167
New local best!
New global best!
-------------
Particle: 2:
Relays Coordinates:
69.1191, 120.62
217.676, 176.652
216.745, 219.463
88.2006, 104.343
Evaluation Time: 1.09036 seconds
Resulting Fitness: 0.775
New local best!
-------------
Particle: 3:
Relays Coordinates:
179.688, 171.108
201.248, 245.792
350, 321.045
142.364, 193.62
Evaluation Time: 0.638958 seconds
Resulting Fitness: 0.104167
-------------
Particle: 4:
Relays Coordinates:
73.9804, 114.147
217.941, 176.875
318.999, 268.521
137.822, 75.1121
Evaluation Time: 1.15675 seconds
Resulting Fitness: 0.7875
Current global best fitness: 0.829167
Current global best relays: 187.38, 223.387
214.053, 70.9338
235.031, 244.432
123.51, 46.9847
Particle 1 new velocities: 103.185, 20.386
-41.1634, -39.571
-91.9755, 39.7256
11.562, -60.2079
Particle 2 new velocities: 99.3182, 66.6084
-0.406285, -133.221
98.282, -98.8015
34.0273, 77.6253
Particle 3 new velocities: -77.8544, 136.294
-3.75171, 15.05
-423.108, 53.3439
-18.0362, -163.628
Particle 4 new velocities: 193.955, 169.459
-6.40905, -119.764
-139.934, -42.7708
-17.8637, -32.7506
-- ITERATION 5 --
-------------
Particle: 1:
Relays Coordinates:
290.565, 243.773
172.89, 31.3627
143.055, 284.158
135.072, 0
Evaluation Time: 0.816088 seconds
Resulting Fitness: 0.420833
-------------
Particle: 2:
Relays Coordinates:
168.437, 187.228
217.27, 43.4302
315.027, 120.661
122.228, 181.968
Evaluation Time: 0.634012 seconds
Resulting Fitness: 0.116667
-------------
Particle: 3:
Relays Coordinates:
101.833, 307.402
197.497, 260.842
0, 350
124.328, 29.9917
Evaluation Time: 0.721892 seconds
Resulting Fitness: 0.354167
-------------
Particle: 4:
Relays Coordinates:
267.935, 283.606
211.532, 57.1108
179.065, 225.75
119.958, 42.3615
Evaluation Time: 1.13117 seconds
Resulting Fitness: 0.541667
Current global best fitness: 0.829167
Current global best relays: 187.38, 223.387
214.053, 70.9338
235.031, 244.432
123.51, 46.9847
Particle 1 new velocities: -96.1782, -0.410676
66.5118, 48.2745
50.9283, -29.8956
-17.4064, 117.743
Particle 2 new velocities: -20.0299, 47.4439
-0.93712, 61.9872
-78.8409, 119.925
-3.15115, -173.172
Particle 3 new velocities: 209.942, -32.657
4.31073, -319.51
16.0325, -445.798
7.43124, -56.3427
Particle 4 new velocities: -4.00249, -93.7844
5.56618, -47.8932
38.7387, 40.6097
1.11921, -22.8196
-- ITERATION 6 --
-------------
Particle: 1:
Relays Coordinates:
194.386, 243.362
239.402, 79.6372
193.984, 254.262
117.665, 117.743
Evaluation Time: 1.42655 seconds
Resulting Fitness: 0.195833
-------------
Particle: 2:
Relays Coordinates:
148.407, 234.672
216.333, 105.417
236.187, 240.587
119.077, 8.79615
Evaluation Time: 1.24874 seconds
Resulting Fitness: 0.841667
New local best!
New global best!
-------------
Particle: 3:
Relays Coordinates:
311.776, 274.745
201.807, 0
16.0325, 0
131.759, 0
Evaluation Time: 0.814238 seconds
Resulting Fitness: 0.420833
-------------
Particle: 4:
Relays Coordinates:
263.932, 189.821
217.098, 9.21761
217.804, 266.36
121.077, 19.542
Evaluation Time: 0.7945 seconds
Resulting Fitness: 0.4375
Current global best fitness: 0.841667
Current global best relays: 148.407, 234.672
216.333, 105.417
236.187, 240.587
119.077, 8.79615
Particle 1 new velocities: -133.662, -37.3
-0.0283592, 61.8668
54.3115, -26.5351
-11.3291, 4.47718
Particle 2 new velocities: -16.024, 37.9551
-0.749696, 49.5898
-63.0727, 95.9403
-2.52092, -138.538
Particle 3 new velocities: 2.8549, -91.8233
14.6376, 379.616
311.097, 268.622
17.0046, 105.991
Particle 4 new velocities: -255.131, -138.964
4.28727, 136.262
96.4604, 17.633
9.18677, -4.16763
-- ITERATION 7 --
-------------
Particle: 1:
Relays Coordinates:
60.7242, 206.062
239.373, 141.504
248.295, 227.727
106.336, 122.221
Evaluation Time: 1.2695 seconds
Resulting Fitness: 0.429167
-------------
Particle: 2:
Relays Coordinates:
132.383, 272.627
215.583, 155.007
173.114, 336.527
116.556, 0
Evaluation Time: 1.19427 seconds
Resulting Fitness: 0.308333
-------------
Particle: 3:
Relays Coordinates:
314.63, 182.922
216.445, 350
327.13, 268.622
148.763, 105.991
Evaluation Time: 1.10905 seconds
Resulting Fitness: 0.108333
-------------
Particle: 4:
Relays Coordinates:
8.80152, 50.8574
221.385, 145.479
314.264, 283.993
130.264, 15.3743
Evaluation Time: 1.19752 seconds
Resulting Fitness: 0.633333
Current global best fitness: 0.841667
Current global best relays: 148.407, 234.672
216.333, 105.417
236.187, 240.587
119.077, 8.79615
Particle 1 new velocities: 13.9675, 16.3675
-13.6058, -14.9272
22.2335, 13.0825
14.6103, -133.576
Particle 2 new velocities: 8.59596, 15.6206
0.871942, -50.6808
78.1835, -28.759
0.827279, 15.2075
Particle 3 new velocities: -50.699, 85.9963
-7.02415, -250.393
194.703, 35.9862
-20.8669, 59.543
Particle 4 new velocities: -112.942, 113.284
-5.57721, 97.44
-26.6943, -67.3551
-4.88561, -7.10472
-- ITERATION 8 --
-------------
Particle: 1:
Relays Coordinates:
74.6917, 222.43
225.768, 126.577
270.529, 240.809
120.946, 0
Evaluation Time: 1.19535 seconds
Resulting Fitness: 0.4125
-------------
Particle: 2:
Relays Coordinates:
140.979, 288.247
216.455, 104.326
251.297, 307.768
117.383, 15.2075
Evaluation Time: 0.998355 seconds
Resulting Fitness: 0.645833
-------------
Particle: 3:
Relays Coordinates:
263.931, 268.918
209.421, 99.6071
350, 304.609
127.897, 165.534
Evaluation Time: 0.61921 seconds
Resulting Fitness: 0.125
-------------
Particle: 4:
Relays Coordinates:
0, 164.141
215.808, 242.919
287.57, 216.638
125.379, 8.2696
Evaluation Time: 0.864674 seconds
Resulting Fitness: 0.4
Current global best fitness: 0.841667
Current global best relays: 148.407, 234.672
216.333, 105.417
236.187, 240.587
119.077, 8.79615
Particle 1 new velocities: 53.1011, 31.678
-28.6712, -34.4455
-8.58084, 13.0769
10.2424, 7.88739
Particle 2 new velocities: 8.27142, -64.775
0.471851, -38.7672
49.5266, -141.408
3.51587, 5.84259
Particle 3 new velocities: -229.305, 69.9638
0.998559, -45.7317
-276.098, -119.863
-10.9093, -74.2245
Particle 4 new velocities: 222.506, 80.4016
-2.09708, -54.4684
-78.1821, 25.4035
-14.2546, 72.3814
-- ITERATION 9 --
-------------
Particle: 1:
Relays Coordinates:
127.793, 254.108
197.096, 92.1313
261.948, 253.886
131.189, 7.88739
Evaluation Time: 1.16982 seconds
Resulting Fitness: 0.575
-------------
Particle: 2:
Relays Coordinates:
149.251, 223.472
216.927, 65.5591
300.824, 166.359
120.899, 21.0501
Evaluation Time: 1.44032 seconds
Resulting Fitness: 0.783333
-------------
Particle: 3:
Relays Coordinates:
34.6266, 338.882
210.419, 53.8754
73.9024, 184.745
116.987, 91.3099
Evaluation Time: 1.37336 seconds
Resulting Fitness: 0.745833
-------------
Particle: 4:
Relays Coordinates:
222.506, 244.543
213.711, 188.451
209.388, 242.041
111.124, 80.651
Evaluation Time: 1.23975 seconds
Resulting Fitness: 0.7375
Current global best fitness: 0.841667
Current global best relays: 148.407, 234.672
216.333, 105.417
236.187, 240.587
119.077, 8.79615
Particle 1 new velocities: 96.3449, -2.36843
13.5469, -16.0074
-69.3227, 0.819429
-21.3574, 13.2034
Particle 2 new velocities: 5.17019, -39.4285
-0.224118, 40.8297
-95.1344, -72.3824
0.289374, -9.96273
Particle 3 new velocities: 200.384, -101.977
4.88369, 259.713
-163.127, -210.535
12.0839, -83.4717
Particle 4 new velocities: 24.5188, 56.5416
4.61293, -171.783
50.947, 40.1205
4.2773, 29.1454
-- ITERATION 10 --
-------------
Particle: 1:
Relays Coordinates:
224.138, 251.739
210.643, 76.1239
192.625, 254.706
109.832, 21.0908
Evaluation Time: 1.23637 seconds
Resulting Fitness: 0.595833
-------------
Particle: 2:
Relays Coordinates:
154.421, 184.044
216.703, 106.389
205.69, 93.977
121.188, 11.0874
Evaluation Time: 1.23892 seconds
Resulting Fitness: 0.816667
-------------
Particle: 3:
Relays Coordinates:
235.01, 236.905
215.303, 313.589
0, 0
129.071, 7.8382
Evaluation Time: 0.828023 seconds
Resulting Fitness: 0.3375
-------------
Particle: 4:
Relays Coordinates:
247.025, 301.085
218.324, 16.6682
260.335, 282.162
115.401, 109.796
Evaluation Time: 1.45226 seconds
Resulting Fitness: 0.425
Current global best fitness: 0.841667
Current global best relays: 148.407, 234.672
216.333, 105.417
236.187, 240.587
119.077, 8.79615
Particle 1 new velocities: 10.834, -37.0714
13.7181, 16.1385
-8.06982, -27.9823
-9.85604, 24.5341
Particle 2 new velocities: -7.04829, 46.9468
-0.667868, 30.3991
4.11328, 153.671
-5.45993, -12.6272
Particle 3 new velocities: 70.4814, -22.794
-19.4462, 70.9561
230.551, 414.52
20.2648, 55.6575
Particle 4 new velocities: -42.8339, -36.6726
0.811816, -58.1306
65.8918, -6.26041
20.5013, -21.7863
-- ITERATION 11 --
-------------
Particle: 1:
Relays Coordinates:
234.972, 214.668
224.361, 92.2624
184.555, 226.723
99.9755, 45.6249
Evaluation Time: 1.49054 seconds
Resulting Fitness: 0.8625
New local best!
New global best!
-------------
Particle: 2:
Relays Coordinates:
147.373, 230.991
216.035, 136.788
209.803, 247.648
115.728, 0
Evaluation Time: 1.34819 seconds
Resulting Fitness: 0.354167
-------------
Particle: 3:
Relays Coordinates:
305.492, 214.111
195.857, 350
230.551, 350
149.336, 63.4957
Evaluation Time: 0.945515 seconds
Resulting Fitness: 0.2875
-------------
Particle: 4:
Relays Coordinates:
204.191, 264.412
219.136, 0
326.227, 275.901
135.903, 88.0101
Evaluation Time: 1.03583 seconds
Resulting Fitness: 0.35
Current global best fitness: 0.8625
Current global best relays: 234.972, 214.668
224.361, 92.2624
184.555, 226.723
99.9755, 45.6249
Particle 1 new velocities: 8.66721, -29.6572
10.9745, 12.9108
-6.45586, -22.3858
-7.88483, 19.6273
Particle 2 new velocities: 124.465, 24.6698
7.33375, 1.17028
-30.2488, 91.5054
-18.2726, 5.91883
Particle 3 new velocities: 42.7211, 76.9243
7.99714, -394.098
68.6956, -267.755
-74.6659, 81.2946
Particle 4 new velocities: -5.46137, -94.2708
3.01929, 173.06
34.1692, -75.1422
-0.378004, -74.187
-- ITERATION 12 --
-------------
Particle: 1:
Relays Coordinates:
243.639, 185.011
235.336, 105.173
178.099, 204.338
92.0907, 65.2522
Evaluation Time: 1.24342 seconds
Resulting Fitness: 0.85
-------------
Particle: 2:
Relays Coordinates:
271.838, 255.661
223.369, 137.958
179.554, 339.154
97.4558, 5.91883
Evaluation Time: 1.35603 seconds
Resulting Fitness: 0.2875
-------------
Particle: 3:
Relays Coordinates:
348.213, 291.035
203.854, 0
299.247, 82.2452
74.6699, 144.79
Evaluation Time: 0.956316 seconds
Resulting Fitness: 0.266667
-------------
Particle: 4:
Relays Coordinates:
198.73, 170.141
222.155, 173.06
350, 200.759
135.525, 13.8231
Evaluation Time: 1.18796 seconds
Resulting Fitness: 0.383333
Current global best fitness: 0.8625
Current global best relays: 234.972, 214.668
224.361, 92.2624
184.555, 226.723
99.9755, 45.6249
Particle 1 new velocities: -10.8867, 20.4963
2.47284, -5.15959
3.23175, 12.8232
5.83608, 6.20786
Particle 2 new velocities: -64.5809, -42.4046
-1.47232, -73.2499
-19.0365, -22.4795
-7.90141, 40.5279
Particle 3 new velocities: -128.123, 22.8052
12.3225, 205.055
-337.54, -186.685
-42.7955, -106.471
Particle 4 new velocities: -2.36324, -86.2349
2.90001, 134.382
-198.575, 30.8088
-45.5775, 21.5942
-- ITERATION 13 --
-------------
Particle: 1:
Relays Coordinates:
232.752, 205.507
237.809, 100.014
181.331, 217.161
97.9267, 71.4601
Evaluation Time: 1.45394 seconds
Resulting Fitness: 0.820833
-------------
Particle: 2:
Relays Coordinates:
207.257, 213.256
221.896, 64.7084
160.517, 316.674
89.5544, 46.4467
Evaluation Time: 1.52927 seconds
Resulting Fitness: 0.904167
New local best!
New global best!
-------------
Particle: 3:
Relays Coordinates:
220.089, 313.84
216.177, 205.055
0, 0
31.8744, 38.3191
Evaluation Time: 0.838796 seconds
Resulting Fitness: 0.2625
-------------
Particle: 4:
Relays Coordinates:
196.367, 83.9063
225.055, 307.443
151.425, 231.568
89.9471, 35.4173
Evaluation Time: 1.33604 seconds
Resulting Fitness: 0.845833
New local best!
Current global best fitness: 0.904167
Current global best relays: 207.257, 213.256
221.896, 64.7084
160.517, 316.674
89.5544, 46.4467
Particle 1 new velocities: -27.8856, 34.4099
-32.764, -30.9056
-12.7345, 92.8344
2.1696, -21.0148
Particle 2 new velocities: -51.6647, -33.9236
-1.17785, -58.5999
-15.2292, -17.9836
-6.32112, 32.4223
Particle 3 new velocities: -75.9611, -163.324
12.3071, 113.381
115.676, 289.927
36.4828, -70.3958
Particle 4 new velocities: 5.13784, 56.3304
-1.28161, -170.369
-142.906, 124.89
-36.7229, 33.1607
-- ITERATION 14 --
-------------
Particle: 1:
Relays Coordinates:
204.867, 239.917
205.045, 69.108
168.597, 309.995
100.096, 50.4452
Evaluation Time: 1.3124 seconds
Resulting Fitness: 0.579167
-------------
Particle: 2:
Relays Coordinates:
155.592, 179.332
220.719, 6.10847
145.288, 298.691
83.2332, 78.869
Evaluation Time: 1.32173 seconds
Resulting Fitness: 0.875
-------------
Particle: 3:
Relays Coordinates:
144.128, 150.517
228.484, 318.436
115.676, 289.927
68.3572, 0
Evaluation Time: 1.25364 seconds
Resulting Fitness: 0.304167
-------------
Particle: 4:
Relays Coordinates:
201.504, 140.237
223.773, 137.073
8.51908, 350
53.2242, 68.5779
Evaluation Time: 1.19401 seconds
Resulting Fitness: 0.416667
Current global best fitness: 0.904167
Current global best relays: 207.257, 213.256
221.896, 64.7084
160.517, 316.674
89.5544, 46.4467
Particle 1 new velocities: -13.1672, 4.10141
6.64013, -0.255085
-16.0817, 37.8589
-12.6723, -25.1676
Particle 2 new velocities: -9.61503, 16.5061
0.396698, 94.7262
4.39951, 3.84314
-1.3918, -6.21415
Particle 3 new velocities: 32.3202, 87.5851
-40.5792, -181.672
137.829, 221.231
110.532, 22.5412
Particle 4 new velocities: 6.86057, 34.1551
-0.827056, -62.9101
196.618, -54.6153
-12.4754, -36.079
-- ITERATION 15 --
-------------
Particle: 1:
Relays Coordinates:
191.699, 244.018
211.685, 68.8529
152.515, 347.854
87.424, 25.2777
Evaluation Time: 1.21571 seconds
Resulting Fitness: 0.583333
-------------
Particle: 2:
Relays Coordinates:
145.977, 195.839
221.115, 100.835
149.688, 302.534
81.8414, 72.6549
Evaluation Time: 1.32074 seconds
Resulting Fitness: 0.9375
New local best!
New global best!
-------------
Particle: 3:
Relays Coordinates:
176.448, 238.102
187.905, 136.763
253.505, 350
178.889, 22.5412
Evaluation Time: 1.37127 seconds
Resulting Fitness: 0.104167
-------------
Particle: 4:
Relays Coordinates:
208.365, 174.392
222.946, 74.1634
205.137, 295.385
40.7488, 32.4989
Evaluation Time: 0.715653 seconds
Resulting Fitness: 0.304167
Current global best fitness: 0.9375
Current global best relays: 145.977, 195.839
221.115, 100.835
149.688, 302.534
81.8414, 72.6549
Particle 1 new velocities: -27.1419, -4.31981
15.5772, 35.3189
8.85643, -13.4929
-8.64782, 32.4754
Particle 2 new velocities: -7.69202, 13.2049
0.317358, 75.781
3.5196, 3.07451
-1.11344, -4.97132
Particle 3 new velocities: -18.5663, 58.9898
-0.633545, -81.6999
-17.1879, -92.3164
-116.993, 171.494
Particle 4 new velocities: -17.3688, -0.864509
-2.05767, 134.408
10.3793, -44.5106
78.9936, -21.5733
-- ITERATION 16 --
-------------
Particle: 1:
Relays Coordinates:
164.557, 239.699
227.262, 104.172
161.371, 334.361
78.7762, 57.7531
Evaluation Time: 1.28222 seconds
Resulting Fitness: 0.7625
-------------
Particle: 2:
Relays Coordinates:
138.285, 209.043
221.433, 176.616
153.207, 305.608
80.728, 67.6835
Evaluation Time: 1.25623 seconds
Resulting Fitness: 0.866667
-------------
Particle: 3:
Relays Coordinates:
157.882, 297.091
187.271, 55.0634
236.317, 257.684
61.8959, 194.035
Evaluation Time: 0.616755 seconds
Resulting Fitness: 0.125
-------------
Particle: 4:
Relays Coordinates:
190.996, 173.527
220.889, 208.572
215.517, 250.874
119.742, 10.9257
Evaluation Time: 1.18323 seconds
Resulting Fitness: 0.308333
Current global best fitness: 0.9375
Current global best relays: 145.977, 195.839
221.115, 100.835
149.688, 302.534
81.8414, 72.6549
Particle 1 new velocities: -5.2562, -89.3762
3.25631, 26.018
29.3309, -89.1792
5.98621, 38.3201
Particle 2 new velocities: -3.36294, 5.97008
-0.0868728, -55.1359
-5.78564, -2.86044
1.92125, 9.36631
Particle 3 new velocities: 93.1915, -73.4097
34.1094, 180.015
-43.8963, -68.2039
-47.8625, -117.77
Particle 4 new velocities: -31.4588, -88.1202
3.26627, -5.26091
-24.7587, -23.7695
-7.00972, 54.9089
-- ITERATION 17 --
-------------
Particle: 1:
Relays Coordinates:
159.301, 150.322
230.518, 130.19
190.702, 245.182
84.7624, 96.0732
Evaluation Time: 1.20678 seconds
Resulting Fitness: 0.8625
-------------
Particle: 2:
Relays Coordinates:
134.922, 215.014
221.346, 121.48
147.422, 302.748
82.6492, 77.0499
Evaluation Time: 1.28241 seconds
Resulting Fitness: 0.908333
-------------
Particle: 3:
Relays Coordinates:
251.073, 223.682
221.38, 235.079
192.421, 189.48
14.0333, 76.2646
Evaluation Time: 0.80261 seconds
Resulting Fitness: 0.241667
-------------
Particle: 4:
Relays Coordinates:
159.538, 85.4072
224.155, 203.311
190.758, 227.105
112.733, 65.8346
Evaluation Time: 1.34524 seconds
Resulting Fitness: 0.795833
Current global best fitness: 0.9375
Current global best relays: 145.977, 195.839
221.115, 100.835
149.688, 302.534
81.8414, 72.6549
Particle 1 new velocities: 14.1549, 44.0676
-18.4256, -29.6058
-31.7387, -1.99698
8.35563, -18.3942
Particle 2 new velocities: 0.368449, -18.3243
-0.160428, -71.6169
-3.2399, -2.86908
1.16063, -2.65811
Particle 3 new velocities: -15.9104, -7.04807
7.16804, 140.694
-176.411, -55.2436
-4.24347, -65.3519
Particle 4 new velocities: -26.9486, 91.2782
0.121442, -49.913
-105.75, 21.0862
-47.5795, 35.9397
-- ITERATION 18 --
-------------
Particle: 1:
Relays Coordinates:
173.456, 194.39
212.093, 100.584
158.964, 243.185
93.118, 77.6791
Evaluation Time: 1.27043 seconds
Resulting Fitness: 0.891667
New local best!
-------------
Particle: 2:
Relays Coordinates:
135.291, 196.689
221.185, 49.8629
144.182, 299.879
83.8099, 74.3917
Evaluation Time: 1.2133 seconds
Resulting Fitness: 0.95
New local best!
New global best!
-------------
Particle: 3:
Relays Coordinates:
235.163, 216.634
228.548, 350
16.0098, 134.236
9.78988, 10.9127
Evaluation Time: 0.820099 seconds
Resulting Fitness: 0.375
-------------
Particle: 4:
Relays Coordinates:
132.589, 176.685
224.276, 153.398
85.0075, 248.191
65.1531, 101.774
Evaluation Time: 1.27233 seconds
Resulting Fitness: 0.9
New local best!
Current global best fitness: 0.95
Current global best relays: 135.291, 196.689
221.185, 49.8629
144.182, 299.879
83.8099, 74.3917
Particle 1 new velocities: -23.2101, 35.504
-5.36497, -31.1075
-45.4347, 87.8492
-10.0646, -17.5112
Particle 2 new velocities: 0.294759, -14.6594
-0.128342, -57.2935
-2.59192, -2.29527
0.928501, -2.12648
Particle 3 new velocities: -110.944, 69.0879
-40.5162, -32.4677
40.3267, 167.479
193.639, 139.814
Particle 4 new velocities: -17.2706, 93.4483
-4.73605, -56.3777
-61.2357, 27.0166
-26.7564, 17.2785
-- ITERATION 19 --
-------------
Particle: 1:
Relays Coordinates:
150.246, 229.894
206.728, 69.4764
113.529, 331.034
83.0534, 60.1678
Evaluation Time: 1.19413 seconds
Resulting Fitness: 0.6
-------------
Particle: 2:
Relays Coordinates:
135.585, 182.03
221.057, 0
141.59, 297.583
84.7384, 72.2653
Evaluation Time: 1.17871 seconds
Resulting Fitness: 0.879167
-------------
Particle: 3:
Relays Coordinates:
124.219, 285.722
188.032, 317.532
56.3365, 301.715
203.429, 150.726
Evaluation Time: 0.62046 seconds
Resulting Fitness: 0.0958333
-------------
Particle: 4:
Relays Coordinates:
115.318, 270.134
219.54, 97.0201
23.7718, 275.207
38.3966, 119.053
Evaluation Time: 1.17621 seconds
Resulting Fitness: 0.516667
Current global best fitness: 0.95
Current global best relays: 135.291, 196.689
221.185, 49.8629
144.182, 299.879
83.8099, 74.3917
Particle 1 new velocities: -17.4051, -54.7869
20.9771, -24.3951
13.2228, -2.49985
-0.230912, 22.372
Particle 2 new velocities: -0.630234, 1.95911
0.0189663, 78.581
-0.742194, 0.576348
-0.0331848, 2.46429
Particle 3 new velocities: -23.5514, -33.6144
-5.83668, -148.151
112.737, 103.823
94.1556, 23.9561
Particle 4 new velocities: 16.8734, 19.1527
-0.621905, -1.36793
8.76666, 26.7835
-11.2028, -21.8149
-- ITERATION 20 --
-------------
Particle: 1:
Relays Coordinates:
132.841, 175.107
227.705, 45.0813
126.752, 328.534
82.8225, 82.5398
Evaluation Time: 1.13306 seconds
Resulting Fitness: 0.820833
-------------
Particle: 2:
Relays Coordinates:
134.955, 183.989
221.076, 78.581
140.848, 298.16
84.7052, 74.7296
Evaluation Time: 1.22324 seconds
Resulting Fitness: 0.925
-------------
Particle: 3:
Relays Coordinates:
100.668, 252.107
182.196, 169.381
169.073, 350
297.584, 174.682
Evaluation Time: 0.67709 seconds
Resulting Fitness: 0.116667
-------------
Particle: 4:
Relays Coordinates:
132.192, 289.286
218.918, 95.6522
32.5384, 301.991
27.1939, 97.2379
Evaluation Time: 0.858444 seconds
Resulting Fitness: 0.316667
Final global best fitness: 0.95
Final global best relays:
135.291, 196.689
221.185, 49.8629
144.182, 299.879
83.8099, 74.3917
