PSO EXECUTION
============================
Seed: 37283284
Particles: 4
Relays: 6
Iterations: 50
Backend: Simulation
Network Configuration: 1
Area: 350 x 350
Sink: 0, 0
Simulated Relay range: 150
w: 0.5
c1: 1.7
c2: 1.2

Relay Nodes Positions: 
PARTICLE 1: 
244.337, 214.656
109.22, 30.0914
348.727, 257.893
231.48, 294.445
19.1221, 78.9573
139.849, 155.871
PARTICLE 2: 
83.2021, 201.069
332.925, 344.402
4.09638, 40.2983
224.775, 240.892
248.268, 159.077
149.77, 73.2307
PARTICLE 3: 
103.534, 100.67
274.083, 254.747
142.151, 192.771
16.5413, 148.442
349.439, 291.769
190.921, 17.8368
PARTICLE 4: 
265.243, 190.752
211.988, 76.0736
139.348, 266.566
112.452, 12.8203
298.928, 145.032
39.3211, 298.517
Nodes Positions: 
113.001, 64.9085
181.518, 42.4974
259.72, 235.093
5.93922, 165.152
218.843, 196.614
43.8501, 154.006
342.894, 112.562
135.299, 264.825
160.705, 129.493
320.689, 29.082
66.3196, 338.242
274.557, 21.4516
145.756, 59.7172
241.415, 100.345
295.924, 11.2715
25.1297, 240.231
266.996, 301.547
78.6802, 0.0960066
33.8658, 322.513
194.589, 80.2092
35.2156, 345.646
93.5407, 277.9
228.31, 254.557
83.905, 146.848
11.8064, 282.277
309.66, 183.221
248.038, 309.633
184.06, 331.718
155.543, 206.21
326.013, 186.774
96.357, 221.721
127.426, 135.973
333.221, 48.074
299.525, 173.964
167.55, 121.328
55.7011, 89.2967
287.293, 296.992
213.183, 218.342
201.98, 72.2107
121.839, 250.472
All particles start with velocity zero
-- ITERATION 0 --
-------------
Particle: 1:
Relays Coordinates:
244.337, 214.656
109.22, 30.0914
348.727, 257.893
231.48, 294.445
19.1221, 78.9573
139.849, 155.871
Evaluation Time: 5.50428 seconds
Resulting Fitness: 0.611667
New local best!
New global best!
-------------
Particle: 2:
Relays Coordinates:
83.2021, 201.069
332.925, 344.402
4.09638, 40.2983
224.775, 240.892
248.268, 159.077
149.77, 73.2307
Evaluation Time: 7.34977 seconds
Resulting Fitness: 0.468333
New local best!
-------------
Particle: 3:
Relays Coordinates:
103.534, 100.67
274.083, 254.747
142.151, 192.771
16.5413, 148.442
349.439, 291.769
190.921, 17.8368
Evaluation Time: 6.15513 seconds
Resulting Fitness: 0.6225
New local best!
New global best!
-------------
Particle: 4:
Relays Coordinates:
265.243, 190.752
211.988, 76.0736
139.348, 266.566
112.452, 12.8203
298.928, 145.032
39.3211, 298.517
Evaluation Time: 8.05711 seconds
Resulting Fitness: 0.6525
New local best!
New global best!
Current global best fitness: 0.6525
Current global best relays: 265.243, 190.752
211.988, 76.0736
139.348, 266.566
112.452, 12.8203
298.928, 145.032
39.3211, 298.517
Particle 1 new velocities: 10.171, -16.9313
92.1584, 16.8219
-49.7067, 7.92421
-101.862, -39.4256
312.918, 9.12661
-21.3424, 94.9176
Particle 2 new velocities: 32.7754, -5.01576
-67.9952, -103.291
92.4574, 102.649
-34.8742, -249.61
1.74839, -15.5155
-64.6601, 224.52
Particle 3 new velocities: 133.952, 49.9163
-63.536, -191.22
-3.19529, 47.2141
45.9676, -49.8357
-26.802, -142.271
-145.064, 278.568
Particle 4 new velocities: 0, 0
0, 0
0, 0
0, 0
0, 0
0, 0
-- ITERATION 1 --
-------------
Particle: 1:
Relays Coordinates:
254.508, 197.725
201.379, 46.9133
299.02, 265.818
129.618, 255.02
332.04, 88.0839
118.507, 250.789
Evaluation Time: 1.07517 seconds
Resulting Fitness: 0.104167
-------------
Particle: 2:
Relays Coordinates:
115.977, 196.053
264.93, 241.11
96.5537, 142.947
189.901, 0
250.016, 143.561
85.1096, 297.751
Evaluation Time: 7.44918 seconds
Resulting Fitness: 0.0816667
-------------
Particle: 3:
Relays Coordinates:
237.486, 150.587
210.547, 63.5273
138.956, 239.985
62.509, 98.6065
322.637, 149.498
45.8562, 296.405
Evaluation Time: 7.86727 seconds
Resulting Fitness: 0.4075
-------------
Particle: 4:
Relays Coordinates:
265.243, 190.752
211.988, 76.0736
139.348, 266.566
112.452, 12.8203
298.928, 145.032
39.3211, 298.517
Evaluation Time: 8.08602 seconds
Resulting Fitness: 0.6525
Current global best fitness: 0.6525
Current global best relays: 265.243, 190.752
211.988, 76.0736
139.348, 266.566
112.452, 12.8203
298.928, 145.032
39.3211, 298.517
Particle 1 new velocities: -6.46641, -5.20232
-42.477, 12.5765
-145.785, -6.13799
-45.1846, -28.2168
-320.268, 13.8888
-76.7937, -12.7062
Particle 2 new velocities: 7.16634, -6.56632
-74.7488, 38.8322
-88.0902, 105.061
-47.4652, 121.101
37.2073, -2.06516
-50.873, -63.455
Particle 3 new velocities: -33.3337, -16.8283
74.9532, 147.671
2.33318, -17.9187
40.529, -77.3928
3.81704, 166.386
5.19064, -295.335
Particle 4 new velocities: 0, 0
0, 0
0, 0
0, 0
0, 0
0, 0
-- ITERATION 2 --
-------------
Particle: 1:
Relays Coordinates:
248.042, 192.523
158.902, 59.4897
153.235, 259.68
84.4335, 226.803
11.7726, 101.973
41.7128, 238.082
Evaluation Time: 8.0582 seconds
Resulting Fitness: 0.579167
-------------
Particle: 2:
Relays Coordinates:
123.144, 189.487
190.181, 279.942
8.46352, 248.008
142.436, 121.101
287.224, 141.496
34.2366, 234.296
Evaluation Time: 1.07118 seconds
Resulting Fitness: 0.0983333
-------------
Particle: 3:
Relays Coordinates:
204.152, 133.758
285.5, 211.198
141.289, 222.066
103.038, 21.2137
326.454, 315.884
51.0469, 1.07022
Evaluation Time: 7.19907 seconds
Resulting Fitness: 0.536667
-------------
Particle: 4:
Relays Coordinates:
265.243, 190.752
211.988, 76.0736
139.348, 266.566
112.452, 12.8203
298.928, 145.032
39.3211, 298.517
Evaluation Time: 8.01737 seconds
Resulting Fitness: 0.6525
Current global best fitness: 0.6525
Current global best relays: 265.243, 190.752
211.988, 76.0736
139.348, 266.566
112.452, 12.8203
298.928, 145.032
39.3211, 298.517
Particle 1 new velocities: 8.74696, 3.70686
-48.4575, 2.02038
-52.2515, 1.75699
31.412, -178.671
-98.0254, 24.4562
49.0734, 42.3654
Particle 2 new velocities: 35.8891, 0.308088
81.5957, -104.977
87.1333, 0.721564
77.0202, 99.233
22.2556, 10.0163
31.4039, -67.6986
Particle 3 new velocities: 33.0588, 20.1105
-3.06238, -25.9291
0.811819, 0.674779
-37.1405, 33.5846
-8.67052, -42.7046
110.763, -51.7945
Particle 4 new velocities: 0, 0
0, 0
0, 0
0, 0
0, 0
0, 0
-- ITERATION 3 --
-------------
Particle: 1:
Relays Coordinates:
256.789, 196.23
110.444, 61.5101
100.983, 261.437
115.845, 48.1315
0, 126.429
90.7863, 280.448
Evaluation Time: 6.1242 seconds
Resulting Fitness: 0.376667
-------------
Particle: 2:
Relays Coordinates:
159.033, 189.795
271.776, 174.966
95.5968, 248.729
219.456, 220.334
309.479, 151.512
65.6405, 166.597
Evaluation Time: 6.89347 seconds
Resulting Fitness: 0.0808333
-------------
Particle: 3:
Relays Coordinates:
237.211, 153.869
282.437, 185.269
142.101, 222.741
65.8975, 54.7983
317.784, 273.179
161.81, 0
Evaluation Time: 6.68361 seconds
Resulting Fitness: 0.351667
-------------
Particle: 4:
Relays Coordinates:
265.243, 190.752
211.988, 76.0736
139.348, 266.566
112.452, 12.8203
298.928, 145.032
39.3211, 298.517
Evaluation Time: 8.04228 seconds
Resulting Fitness: 0.6525
Current global best fitness: 0.6525
Current global best relays: 265.243, 190.752
211.988, 76.0736
139.348, 266.566
112.452, 12.8203
298.928, 145.032
39.3211, 298.517
Particle 1 new velocities: -4.50069, 17.745
57.2306, -31.1991
52.0454, 0.0523141
38.8721, 218.168
278.068, 34.2693
84.0493, -9.26054
Particle 2 new velocities: -6.42358, 11.4789
87.6812, 96.276
-76.2829, -80.4051
-10.3565, 4.74206
-95.4008, 7.37055
141.04, -37.5956
Particle 3 new velocities: -184.143, 13.5114
-79.0711, 55.3464
-2.03923, -35.7148
-4.3207, 99.5715
10.3799, -84.821
-41.1677, 333.743
Particle 4 new velocities: 0, 0
0, 0
0, 0
0, 0
0, 0
0, 0
-- ITERATION 4 --
-------------
Particle: 1:
Relays Coordinates:
252.288, 213.975
167.675, 30.311
153.029, 261.489
154.718, 266.3
278.068, 160.698
174.836, 271.187
Evaluation Time: 6.83114 seconds
Resulting Fitness: 0.0741667
-------------
Particle: 2:
Relays Coordinates:
152.609, 201.274
350, 271.242
19.3139, 168.324
209.1, 225.076
214.078, 158.883
206.68, 129.001
Evaluation Time: 7.06913 seconds
Resulting Fitness: 0.0783333
-------------
Particle: 3:
Relays Coordinates:
53.0683, 167.38
203.366, 240.616
140.061, 187.026
61.5768, 154.37
328.164, 188.358
120.642, 333.743
Evaluation Time: 6.94905 seconds
Resulting Fitness: 0.0783333
-------------
Particle: 4:
Relays Coordinates:
265.243, 190.752
211.988, 76.0736
139.348, 266.566
112.452, 12.8203
298.928, 145.032
39.3211, 298.517
Evaluation Time: 8.13184 seconds
Resulting Fitness: 0.6525
Current global best fitness: 0.6525
Current global best relays: 265.243, 190.752
211.988, 76.0736
139.348, 266.566
112.452, 12.8203
298.928, 145.032
39.3211, 298.517
Particle 1 new velocities: -3.50741, -0.775144
-32.4631, -11.0713
117.458, -0.695069
34.1146, 35.9761
32.0659, -98.4974
-89.2293, -5.89594
Particle 2 new velocities: 19.6133, -4.0385
-5.96546, 1.05992
-40.372, -66.8133
-66.1946, -17.2267
-5.9574, -10.3102
-133.952, 29.0928
Particle 3 new velocities: 149.063, -46.4096
9.82615, -41.1287
-0.82026, 76.808
-72.5255, -110.656
-1.20886, 19.1691
-1.33863, -283.432
Particle 4 new velocities: 0, 0
0, 0
0, 0
0, 0
0, 0
0, 0
-- ITERATION 5 --
-------------
Particle: 1:
Relays Coordinates:
248.781, 213.2
135.212, 19.2398
270.487, 260.794
188.832, 302.276
310.134, 62.2007
85.6062, 265.291
Evaluation Time: 6.75961 seconds
Resulting Fitness: 0.285
-------------
Particle: 2:
Relays Coordinates:
172.223, 197.235
344.035, 272.302
0, 101.511
142.905, 207.85
208.121, 148.573
72.7279, 158.094
Evaluation Time: 7.52884 seconds
Resulting Fitness: 0.530833
New local best!
-------------
Particle: 3:
Relays Coordinates:
202.131, 120.971
213.192, 199.487
139.241, 263.834
0, 43.7143
326.955, 207.527
119.304, 50.3112
Evaluation Time: 9.08868 seconds
Resulting Fitness: 0.5525
-------------
Particle: 4:
Relays Coordinates:
265.243, 190.752
211.988, 76.0736
139.348, 266.566
112.452, 12.8203
298.928, 145.032
39.3211, 298.517
Evaluation Time: 8.20206 seconds
Resulting Fitness: 0.6525
Current global best fitness: 0.6525
Current global best relays: 265.243, 190.752
211.988, 76.0736
139.348, 266.566
112.452, 12.8203
298.928, 145.032
39.3211, 298.517
Particle 1 new velocities: 0.736073, -18.3137
40.5273, 24.9119
76.4669, 2.84344
35.6424, -118.151
-0.666351, 52.7118
2.31513, -92.9281
Particle 2 new velocities: 22.7627, -4.57255
-86.5855, -220.164
143.612, -28.956
-50.1291, -21.2479
62.5359, -7.59682
-88.8186, 153.487
Particle 3 new velocities: 59.5315, 19.0849
61.2788, -49.6838
4.56703, 13.5795
84.7673, -2.08847
14.2195, 47.078
-58.8095, 83.9389
Particle 4 new velocities: 0, 0
0, 0
0, 0
0, 0
0, 0
0, 0
-- ITERATION 6 --
-------------
Particle: 1:
Relays Coordinates:
249.517, 194.886
175.739, 44.1516
346.953, 263.637
224.475, 184.125
309.468, 114.913
87.9213, 172.363
Evaluation Time: 6.87538 seconds
Resulting Fitness: 0.0733333
-------------
Particle: 2:
Relays Coordinates:
194.985, 192.663
257.449, 52.138
143.612, 72.5551
92.7759, 186.602
270.657, 140.976
0, 311.581
Evaluation Time: 7.44906 seconds
Resulting Fitness: 0.135
-------------
Particle: 3:
Relays Coordinates:
261.663, 140.056
274.471, 149.803
143.808, 277.414
84.7673, 41.6258
341.174, 254.605
60.4942, 134.25
Evaluation Time: 6.68589 seconds
Resulting Fitness: 0.3925
-------------
Particle: 4:
Relays Coordinates:
265.243, 190.752
211.988, 76.0736
139.348, 266.566
112.452, 12.8203
298.928, 145.032
39.3211, 298.517
Evaluation Time: 8.62278 seconds
Resulting Fitness: 0.6525
Current global best fitness: 0.6525
Current global best relays: 265.243, 190.752
211.988, 76.0736
139.348, 266.566
112.452, 12.8203
298.928, 145.032
39.3211, 298.517
Particle 1 new velocities: 8.30965, 0.728957
29.7258, 34.343
24.6309, -2.38638
-85.6558, 11.5061
-124.583, -24.3611
-52.2012, 65.3839
Particle 2 new velocities: 51.3752, 3.01225
-50.9055, -68.7024
44.9766, 211.51
37.0777, -7.57088
5.13628, 3.22352
89.1564, -58.0603
Particle 3 new velocities: -212.598, -14.2772
17.7859, 20.973
-3.29406, -4.98091
-14.7923, 14.4633
1.99317, -18.4623
-18.1608, -31.325
Particle 4 new velocities: 0, 0
0, 0
0, 0
0, 0
0, 0
0, 0
-- ITERATION 7 --
-------------
Particle: 1:
Relays Coordinates:
257.827, 195.615
205.465, 78.4947
350, 261.251
138.819, 195.631
184.885, 90.5515
35.7201, 237.747
Evaluation Time: 1.05389 seconds
Resulting Fitness: 0.104167
-------------
Particle: 2:
Relays Coordinates:
246.36, 195.675
206.544, 0
188.589, 284.065
129.854, 179.031
275.793, 144.199
89.1564, 253.521
Evaluation Time: 1.07191 seconds
Resulting Fitness: 0.103333
-------------
Particle: 3:
Relays Coordinates:
49.065, 125.778
292.257, 170.776
140.514, 272.433
69.975, 56.0891
343.168, 236.143
42.3334, 102.925
Evaluation Time: 6.25193 seconds
Resulting Fitness: 0.385
-------------
Particle: 4:
Relays Coordinates:
265.243, 190.752
211.988, 76.0736
139.348, 266.566
112.452, 12.8203
298.928, 145.032
39.3211, 298.517
Evaluation Time: 8.82507 seconds
Resulting Fitness: 0.6525
Current global best fitness: 0.6525
Current global best relays: 265.243, 190.752
211.988, 76.0736
139.348, 266.566
112.452, 12.8203
298.928, 145.032
39.3211, 298.517
Particle 1 new velocities: 6.65573, 22.5115
-24.9233, -14.5177
-253.937, -3.12079
89.8134, 41.4559
-132.16, 27.7669
63.6768, 29.398
Particle 2 new velocities: -28.0521, 0.10615
39.9429, 458.158
-185.342, -61.5079
12.8502, -81.0038
-100.907, 3.76486
-11.5301, -140.304
Particle 3 new velocities: -1.56117, -6.50373
-112.954, -25.45
-1.8023, -70.6343
-47.2294, 134.148
-40.8799, 16.833
51.3655, 86.9094
Particle 4 new velocities: 0, 0
0, 0
0, 0
0, 0
0, 0
0, 0
-- ITERATION 8 --
-------------
Particle: 1:
Relays Coordinates:
264.482, 218.126
180.541, 63.9769
96.0631, 258.13
228.632, 237.087
52.7247, 118.318
99.3969, 267.145
Evaluation Time: 7.85707 seconds
Resulting Fitness: 0.5625
-------------
Particle: 2:
Relays Coordinates:
218.308, 195.781
246.486, 350
3.247, 222.557
142.704, 98.0271
174.886, 147.964
77.6263, 113.217
Evaluation Time: 7.0993 seconds
Resulting Fitness: 0.6025
New local best!
-------------
Particle: 3:
Relays Coordinates:
47.5039, 119.275
179.303, 145.326
138.712, 201.799
22.7456, 190.237
302.288, 252.976
93.6989, 189.835
Evaluation Time: 7.3294 seconds
Resulting Fitness: 0.569167
-------------
Particle: 4:
Relays Coordinates:
265.243, 190.752
211.988, 76.0736
139.348, 266.566
112.452, 12.8203
298.928, 145.032
39.3211, 298.517
Evaluation Time: 8.62407 seconds
Resulting Fitness: 0.6525
Current global best fitness: 0.6525
Current global best relays: 265.243, 190.752
211.988, 76.0736
139.348, 266.566
112.452, 12.8203
298.928, 145.032
39.3211, 298.517
Particle 1 new velocities: -2.07813, -14.6015
-69.8801, -35.2166
345.756, -1.3494
-63.6801, -95.7948
25.2061, -18.8116
64.2805, -67.8297
Particle 2 new velocities: 8.71376, -4.26535
-17.258, -286.337
59.7083, -15.1932
5.67317, -67.6543
37.4468, 1.45382
-8.04713, -17.3007
Particle 3 new velocities: 102.14, 6.87407
3.41388, 3.35925
3.87546, 19.4016
2.84764, -25.3683
21.3807, -13.8655
62.8223, 51.8651
Particle 4 new velocities: 0, 0
0, 0
0, 0
0, 0
0, 0
0, 0
-- ITERATION 9 --
-------------
Particle: 1:
Relays Coordinates:
262.404, 203.525
110.661, 28.7603
350, 256.781
164.952, 141.292
77.9308, 99.5068
163.677, 199.315
Evaluation Time: 7.13586 seconds
Resulting Fitness: 0.614167
New local best!
-------------
Particle: 2:
Relays Coordinates:
227.022, 191.516
229.228, 63.6632
62.9553, 207.364
148.377, 30.3728
212.333, 149.418
69.5792, 95.9165
Evaluation Time: 8.53116 seconds
Resulting Fitness: 0.569167
-------------
Particle: 3:
Relays Coordinates:
149.644, 126.149
182.717, 148.685
142.587, 221.2
25.5932, 164.869
323.668, 239.111
156.521, 241.7
Evaluation Time: 7.38221 seconds
Resulting Fitness: 0.08
-------------
Particle: 4:
Relays Coordinates:
265.243, 190.752
211.988, 76.0736
139.348, 266.566
112.452, 12.8203
298.928, 145.032
39.3211, 298.517
Evaluation Time: 8.90383 seconds
Resulting Fitness: 0.6525
Current global best fitness: 0.6525
Current global best relays: 265.243, 190.752
211.988, 76.0736
139.348, 266.566
112.452, 12.8203
298.928, 145.032
39.3211, 298.517
Particle 1 new velocities: 0.259712, -8.29238
-22.3128, -17.0259
-23.4486, 7.92871
-48.1174, -175.258
186.342, 6.04898
-11.2544, -31.9233
Particle 2 new velocities: 28.3291, -0.626404
5.11598, 117.265
15.9482, 11.1591
-10.4105, 35.9455
17.5785, -3.93059
-17.1501, 26.8112
Particle 3 new velocities: 136.455, 8.46122
103.378, 103.458
1.07655, 30.0722
52.7067, -80.8185
47.284, 2.54122
-82.2712, -92.9658
Particle 4 new velocities: 0, 0
0, 0
0, 0
0, 0
0, 0
0, 0
-- ITERATION 10 --
-------------
Particle: 1:
Relays Coordinates:
262.664, 195.232
88.3485, 11.7344
326.551, 264.709
116.835, 0
264.273, 105.556
152.423, 167.392
Evaluation Time: 6.57169 seconds
Resulting Fitness: 0.26
-------------
Particle: 2:
Relays Coordinates:
255.351, 190.89
234.344, 180.929
78.9035, 218.523
137.967, 66.3183
229.911, 145.487
52.4291, 122.728
Evaluation Time: 8.04073 seconds
Resulting Fitness: 0.645833
New local best!
-------------
Particle: 3:
Relays Coordinates:
286.099, 134.61
286.095, 252.143
143.664, 251.272
78.2999, 84.0502
350, 241.652
74.25, 148.734
Evaluation Time: 8.14489 seconds
Resulting Fitness: 0.556667
-------------
Particle: 4:
Relays Coordinates:
265.243, 190.752
211.988, 76.0736
139.348, 266.566
112.452, 12.8203
298.928, 145.032
39.3211, 298.517
Evaluation Time: 8.43508 seconds
Resulting Fitness: 0.6525
Current global best fitness: 0.6525
Current global best relays: 265.243, 190.752
211.988, 76.0736
139.348, 266.566
112.452, 12.8203
298.928, 145.032
39.3211, 298.517
Particle 1 new velocities: 0.00230441, 3.94907
88.2365, 72.2318
-162.719, -6.19412
-8.94189, 28.7991
-85.6761, 18.9828
-99.1704, 112.575
Particle 2 new velocities: 19.6786, -0.36195
-18.8015, 40.5048
60.574, 6.78427
-20.1091, -4.43912
82.0405, -1.98759
-21.8282, 51.9831
Particle 3 new velocities: -64.6882, 47.5481
21.5672, -53.0299
-0.182394, -32.7091
-3.76761, -57.9215
-59.5119, -7.81687
-43.3341, -165.354
Particle 4 new velocities: 0, 0
0, 0
0, 0
0, 0
0, 0
0, 0
-- ITERATION 11 --
-------------
Particle: 1:
Relays Coordinates:
262.666, 199.181
176.585, 83.9661
163.832, 258.515
107.893, 28.7991
178.597, 124.539
53.2527, 279.967
Evaluation Time: 9.06445 seconds
Resulting Fitness: 0.626667
New local best!
-------------
Particle: 2:
Relays Coordinates:
275.03, 190.528
215.543, 221.433
139.478, 225.308
117.857, 61.8792
311.952, 143.5
30.6009, 174.711
Evaluation Time: 8.33756 seconds
Resulting Fitness: 0.4475
-------------
Particle: 3:
Relays Coordinates:
221.411, 182.158
307.662, 199.113
143.481, 218.563
74.5323, 26.1287
290.488, 233.835
30.9159, 0
Evaluation Time: 1.91292 seconds
Resulting Fitness: 0.309167
-------------
Particle: 4:
Relays Coordinates:
265.243, 190.752
211.988, 76.0736
139.348, 266.566
112.452, 12.8203
298.928, 145.032
39.3211, 298.517
Evaluation Time: 8.57023 seconds
Resulting Fitness: 0.6525
Current global best fitness: 0.6525
Current global best relays: 265.243, 190.752
211.988, 76.0736
139.348, 266.566
112.452, 12.8203
298.928, 145.032
39.3211, 298.517
Particle 1 new velocities: 0.869518, -5.41803
73.5435, 34.3848
-101.132, 1.70489
-0.49176, 10.7398
-30.0692, 20.0516
-54.8021, 58.705
Particle 2 new velocities: 0.599382, 0.160083
-8.05458, -40.5532
-46.4016, 41.5698
12.3816, -31.8568
22.8683, 0.454034
12.8325, 152.273
Particle 3 new velocities: -177.18, -12.8398
-125.184, -59.566
-4.23479, -2.03026
29.1798, 46.6289
-18.9577, -58.9334
230.107, 192.453
Particle 4 new velocities: 0, 0
0, 0
0, 0
0, 0
0, 0
0, 0
-- ITERATION 12 --
-------------
Particle: 1:
Relays Coordinates:
263.536, 193.763
250.129, 118.351
62.6996, 260.22
107.401, 39.5389
148.527, 144.59
0, 338.672
Evaluation Time: 7.42174 seconds
Resulting Fitness: 0.645833
New local best!
-------------
Particle: 2:
Relays Coordinates:
275.629, 190.688
207.488, 180.88
93.0759, 266.877
130.239, 30.0223
334.82, 143.954
43.4334, 326.984
Evaluation Time: 6.50486 seconds
Resulting Fitness: 0.283333
-------------
Particle: 3:
Relays Coordinates:
44.2309, 169.318
182.479, 139.547
139.247, 216.533
103.712, 72.7575
271.53, 174.902
261.023, 192.453
Evaluation Time: 7.2571 seconds
Resulting Fitness: 0.65
New local best!
-------------
Particle: 4:
Relays Coordinates:
265.243, 190.752
211.988, 76.0736
139.348, 266.566
112.452, 12.8203
298.928, 145.032
39.3211, 298.517
Evaluation Time: 8.26246 seconds
Resulting Fitness: 0.6525
Current global best fitness: 0.6525
Current global best relays: 265.243, 190.752
211.988, 76.0736
139.348, 266.566
112.452, 12.8203
298.928, 145.032
39.3211, 298.517
Particle 1 new velocities: 1.8872, -5.68574
-3.11497, -5.13322
-30.0988, 4.85444
2.01587, -8.32662
21.1104, 10.5397
27.2779, 10.1828
Particle 2 new velocities: -12.4669, 0.151257
20.3422, -108.965
-20.9409, -6.09018
6.95705, -14.1132
-147.295, 3.23459
5.76426, -207.15
Particle 3 new velocities: -24.8467, 3.90437
-51.1089, -93.9537
-2.0404, 32.4502
19.0813, 8.00709
20.4484, -61.2223
53.4101, 127.426
Particle 4 new velocities: 0, 0
0, 0
0, 0
0, 0
0, 0
0, 0
-- ITERATION 13 --
-------------
Particle: 1:
Relays Coordinates:
265.423, 188.078
247.014, 113.218
32.6008, 265.075
109.417, 31.2123
169.638, 155.13
27.2779, 348.855
Evaluation Time: 7.2791 seconds
Resulting Fitness: 0.581667
-------------
Particle: 2:
Relays Coordinates:
263.162, 190.839
227.831, 71.9154
72.1351, 260.787
137.196, 15.9092
187.525, 147.188
49.1976, 119.834
Evaluation Time: 7.83745 seconds
Resulting Fitness: 0.440833
-------------
Particle: 3:
Relays Coordinates:
19.3843, 173.223
131.37, 45.5936
137.206, 248.983
122.793, 80.7646
291.979, 113.679
314.433, 319.879
Evaluation Time: 7.40021 seconds
Resulting Fitness: 0.4075
-------------
Particle: 4:
Relays Coordinates:
265.243, 190.752
211.988, 76.0736
139.348, 266.566
112.452, 12.8203
298.928, 145.032
39.3211, 298.517
Evaluation Time: 9.60022 seconds
Resulting Fitness: 0.6525
Current global best fitness: 0.6525
Current global best relays: 265.243, 190.752
211.988, 76.0736
139.348, 266.566
112.452, 12.8203
298.928, 145.032
39.3211, 298.517
Particle 1 new velocities: -2.05701, 4.5424
-15.6324, -35.682
115.99, -2.37815
-1.47502, -1.23638
41.0834, -12.6097
-23.9476, -47.3686
Particle 2 new velocities: -5.65257, 0.0775585
-2.47534, -11.4826
1.55709, -18.7143
-17.8143, 73.6804
0.1005, 0.245764
-0.319677, 113.206
Particle 3 new velocities: 270.495, -0.263863
71.8673, 48.727
1.98533, -28.4938
-12.1392, -48.7026
-20.0707, 5.00321
-179.533, -89.1263
Particle 4 new velocities: 0, 0
0, 0
0, 0
0, 0
0, 0
0, 0
-- ITERATION 14 --
-------------
Particle: 1:
Relays Coordinates:
263.366, 192.62
231.381, 77.5357
148.591, 262.697
107.942, 29.9759
210.721, 142.52
3.3303, 301.486
Evaluation Time: 8.21929 seconds
Resulting Fitness: 0.656667
New local best!
New global best!
-------------
Particle: 2:
Relays Coordinates:
257.51, 190.917
225.355, 60.4328
73.6922, 242.073
119.382, 89.5896
187.626, 147.434
48.878, 233.04
Evaluation Time: 7.85186 seconds
Resulting Fitness: 0.560833
-------------
Particle: 3:
Relays Coordinates:
289.879, 172.959
203.237, 94.3206
139.192, 220.489
110.654, 32.0621
271.908, 118.682
134.9, 230.753
Evaluation Time: 8.05028 seconds
Resulting Fitness: 0.635
-------------
Particle: 4:
Relays Coordinates:
265.243, 190.752
211.988, 76.0736
139.348, 266.566
112.452, 12.8203
298.928, 145.032
39.3211, 298.517
Evaluation Time: 8.16146 seconds
Resulting Fitness: 0.6525
Current global best fitness: 0.656667
Current global best relays: 263.366, 192.62
231.381, 77.5357
148.591, 262.697
107.942, 29.9759
210.721, 142.52
3.3303, 301.486
Particle 1 new velocities: -1.02851, 2.2712
-7.81622, -17.841
57.995, -1.18908
-0.737509, -0.618189
20.5417, -6.30487
-11.9738, -23.6843
Particle 2 new velocities: -0.405112, 0.323085
8.30515, 152.59
74.371, -21.6366
3.5706, 2.38199
27.0537, -3.07109
-1.85893, 20.4244
Particle 3 new velocities: -125.831, -0.206523
26.78, 40.4495
6.42229, 14.3529
-10.9095, 13.5984
-21.4745, 90.8017
-48.455, -50.1596
Particle 4 new velocities: -0.706584, 0.0568798
5.5161, 0.882444
10.995, -3.71198
-0.194678, 6.01964
-79.663, -0.934869
-18.4754, 3.55506
-- ITERATION 15 --
-------------
Particle: 1:
Relays Coordinates:
262.337, 194.891
223.565, 59.6947
206.586, 261.507
107.204, 29.3577
231.263, 136.215
0, 277.802
Evaluation Time: 7.14801 seconds
Resulting Fitness: 0.6225
-------------
Particle: 2:
Relays Coordinates:
257.105, 191.24
233.66, 213.023
148.063, 220.436
122.952, 91.9716
214.679, 144.363
47.019, 253.464
Evaluation Time: 7.8001 seconds
Resulting Fitness: 0.3675
-------------
Particle: 3:
Relays Coordinates:
164.048, 172.752
230.017, 134.77
145.614, 234.842
99.7447, 45.6604
250.434, 209.484
86.4455, 180.593
Evaluation Time: 8.6563 seconds
Resulting Fitness: 0.611667
-------------
Particle: 4:
Relays Coordinates:
264.537, 190.809
217.504, 76.956
150.343, 262.854
112.257, 18.8399
219.265, 144.097
20.8457, 302.072
Evaluation Time: 8.96999 seconds
Resulting Fitness: 0.635833
Current global best fitness: 0.656667
Current global best relays: 263.366, 192.62
231.381, 77.5357
148.591, 262.697
107.942, 29.9759
210.721, 142.52
3.3303, 301.486
Particle 1 new velocities: -0.407951, -1.36545
13.5452, 31.8158
-55.4602, 0.296897
1.01053, 0.714104
2.93476, 6.62893
2.34794, 26.3148
Particle 2 new velocities: -1.19562, 0.215807
3.35488, 47.3706
-35.4591, 8.1336
0.69015, -36.3157
22.0869, -3.33761
-35.6593, -178.555
Particle 3 new velocities: 8.01517, 19.9712
-2.53814, -28.1583
-5.82873, 27.7657
0.592421, 6.48069
-37.1173, -81.5146
173.337, 72.2683
Particle 4 new velocities: -0.846264, 0.421569
4.19094, -0.138648
1.53036, 3.45491
-2.70369, 9.89497
86.2877, 0.35033
1.52989, 1.01453
-- ITERATION 16 --
-------------
Particle: 1:
Relays Coordinates:
261.93, 193.526
237.11, 91.5105
151.126, 261.804
108.215, 30.0718
234.198, 142.844
2.34794, 304.117
Evaluation Time: 9.03314 seconds
Resulting Fitness: 0.621667
-------------
Particle: 2:
Relays Coordinates:
255.909, 191.455
237.015, 260.394
112.604, 228.57
123.643, 55.6559
236.766, 141.025
11.3597, 74.9088
Evaluation Time: 8.46637 seconds
Resulting Fitness: 0.5275
-------------
Particle: 3:
Relays Coordinates:
172.064, 192.723
227.479, 106.612
139.785, 262.608
100.337, 52.1411
213.316, 127.97
259.782, 252.861
Evaluation Time: 7.74771 seconds
Resulting Fitness: 0.625
-------------
Particle: 4:
Relays Coordinates:
263.69, 191.23
221.695, 76.8173
151.873, 266.309
109.554, 28.7349
305.553, 144.447
22.3756, 303.086
Evaluation Time: 9.14436 seconds
Resulting Fitness: 0.675833
New local best!
New global best!
Current global best fitness: 0.675833
Current global best relays: 263.69, 191.23
221.695, 76.8173
151.873, 266.309
109.554, 28.7349
305.553, 144.447
22.3756, 303.086
Particle 1 new velocities: 1.27918, -1.22699
-1.572, -15.9502
-30.9871, 5.59205
0.81085, -1.25751
21.9036, 3.65121
4.86075, 12.0635
Particle 2 new velocities: 8.26712, -0.0909466
-14.7384, -58.7506
-32.5973, 20.8303
-5.47559, -8.47584
87.8789, 6.04654
7.74267, 224.797
Particle 3 new velocities: 9.90132, 8.44087
-61.7328, -14.7626
6.49865, -0.13007
10.0163, 3.26017
105.002, 12.8885
-43.2973, 66.4867
Particle 4 new velocities: -0.423132, 0.210784
2.09547, -0.069324
0.76518, 1.72746
-1.35185, 4.94749
43.1438, 0.175165
0.764946, 0.507267
-- ITERATION 17 --
-------------
Particle: 1:
Relays Coordinates:
263.209, 192.299
235.538, 75.5603
120.139, 267.396
109.026, 28.8143
256.101, 146.495
7.20869, 316.181
Evaluation Time: 7.73885 seconds
Resulting Fitness: 0.610833
-------------
Particle: 2:
Relays Coordinates:
264.176, 191.364
222.277, 201.643
80.0068, 249.4
118.167, 47.18
324.645, 147.072
19.1024, 299.706
Evaluation Time: 2.74028 seconds
Resulting Fitness: 0.32
-------------
Particle: 3:
Relays Coordinates:
181.965, 201.164
165.746, 91.8491
146.284, 262.478
110.353, 55.4013
318.319, 140.858
216.485, 319.348
Evaluation Time: 8.47668 seconds
Resulting Fitness: 0.571667
-------------
Particle: 4:
Relays Coordinates:
263.267, 191.441
223.79, 76.748
152.639, 268.036
108.202, 33.6824
348.697, 144.622
23.1405, 303.594
Evaluation Time: 8.30361 seconds
Resulting Fitness: 0.648333
Current global best fitness: 0.675833
Current global best relays: 263.69, 191.23
221.695, 76.8173
151.873, 266.309
109.554, 28.7349
305.553, 144.447
22.3756, 303.086
Particle 1 new velocities: 0.831957, -0.911807
-17.2927, -6.65566
44.7272, -3.67806
0.678134, 0.997653
46.925, -2.30911
7.67567, -28.7903
Particle 2 new velocities: -5.50883, -0.224306
9.90626, -104.172
13.7552, -20.8088
9.09064, -0.313339
23.5718, 0.0959775
34.5118, 84.9061
Particle 3 new velocities: -103.74, -19.2885
-0.0853835, 13.8167
7.31686, -74.5096
-4.65229, -16.8152
21.8738, 42.9577
-23.9987, -23.7105
Particle 4 new velocities: 0.454853, -0.315531
-2.05588, 0.0898699
-0.333483, -1.74657
0.989687, -4.12152
-75.7962, -0.297976
-1.075, -0.342716
-- ITERATION 18 --
-------------
Particle: 1:
Relays Coordinates:
264.041, 191.387
218.245, 68.9046
164.866, 263.718
109.704, 29.8119
303.026, 144.186
14.8844, 287.39
Evaluation Time: 8.52309 seconds
Resulting Fitness: 0.613333
-------------
Particle: 2:
Relays Coordinates:
258.667, 191.14
232.183, 97.4716
93.762, 228.591
127.258, 46.8667
348.217, 147.168
53.6142, 350
Evaluation Time: 7.42736 seconds
Resulting Fitness: 0.594167
-------------
Particle: 3:
Relays Coordinates:
78.2247, 181.876
165.661, 105.666
153.601, 187.968
105.701, 38.5861
340.192, 183.816
192.486, 295.638
Evaluation Time: 7.15428 seconds
Resulting Fitness: 0.560833
-------------
Particle: 4:
Relays Coordinates:
263.722, 191.126
221.735, 76.8379
152.305, 266.29
109.191, 29.5608
272.901, 144.324
22.0655, 303.251
Evaluation Time: 8.10963 seconds
Resulting Fitness: 0.66
Current global best fitness: 0.675833
Current global best relays: 263.69, 191.23
221.695, 76.8173
151.873, 266.309
109.554, 28.7349
305.553, 144.447
22.3756, 303.086
Particle 1 new velocities: -0.0961281, 1.41275
9.59459, 1.14154
3.39569, -1.16336
-1.10602, -0.14138
-79.1315, -1.09572
-6.41332, 12.0423
Particle 2 new velocities: -3.60292, -0.291127
-2.3392, 46.7583
47.632, -14.6974
8.40106, 6.06937
-28.583, -4.33846
0.859698, -314.231
Particle 3 new velocities: 33.7669, -19.5169
35.3418, 54.7117
-7.07814, 58.805
-0.211742, -7.58984
-107.647, -24.6551
-6.13259, -171.678
Particle 4 new velocities: 0.19692, 0.0697288
-1.04493, 0.0130636
-1.18334, -0.841781
0.733526, -4.10068
15.3284, -0.130629
0.104869, -0.302483
-- ITERATION 19 --
-------------
Particle: 1:
Relays Coordinates:
263.945, 192.8
227.84, 70.0462
168.261, 262.555
108.598, 29.6705
223.895, 143.091
8.47104, 299.432
Evaluation Time: 8.12683 seconds
Resulting Fitness: 0.620833
-------------
Particle: 2:
Relays Coordinates:
255.064, 190.849
229.844, 144.23
141.394, 213.894
135.659, 52.936
319.634, 142.829
54.4739, 35.7686
Evaluation Time: 8.10845 seconds
Resulting Fitness: 0.605833
-------------
Particle: 3:
Relays Coordinates:
111.992, 162.359
201.003, 160.378
146.522, 246.773
105.489, 30.9963
232.545, 159.161
186.354, 123.96
Evaluation Time: 7.57056 seconds
Resulting Fitness: 0.590833
-------------
Particle: 4:
Relays Coordinates:
263.919, 191.195
220.69, 76.851
151.122, 265.448
109.925, 25.4602
288.229, 144.194
22.1704, 302.948
Evaluation Time: 8.1516 seconds
Resulting Fitness: 0.6675
Current global best fitness: 0.675833
Current global best relays: 263.69, 191.23
221.695, 76.8173
151.873, 266.309
109.554, 28.7349
305.553, 144.447
22.3756, 303.086
Particle 1 new velocities: -0.418389, -0.724701
-0.762514, 18.7142
-1.1511, 3.06925
-0.609807, -0.0477834
-18.9829, -0.104326
6.51759, 10.3963
Particle 2 new velocities: 6.47071, -0.0510593
-3.39281, 5.9231
-70.6583, 50.8043
-19.4291, -9.67533
-104.358, 1.83515
-26.2874, 146.422
Particle 3 new velocities: -72.4591, 32.6127
30.5172, -62.2989
-9.90638, 13.2159
2.42215, 15.4197
81.5087, -10.0656
-59.5786, 30.6195
Particle 4 new velocities: -0.287525, 0.0773782
1.58029, -0.0719065
0.169909, 0.655899
-0.533116, 5.39939
12.9385, 0.640672
0.329017, -0.0687944
-- ITERATION 20 --
-------------
Particle: 1:
Relays Coordinates:
263.526, 192.075
227.077, 88.7603
167.11, 265.624
107.988, 29.6228
204.912, 142.986
14.9886, 309.829
Evaluation Time: 7.81343 seconds
Resulting Fitness: 0.650833
-------------
Particle: 2:
Relays Coordinates:
261.535, 190.798
226.451, 150.153
70.7357, 264.698
116.229, 43.2607
215.276, 144.665
28.1865, 182.191
Evaluation Time: 6.90438 seconds
Resulting Fitness: 0.460833
-------------
Particle: 3:
Relays Coordinates:
39.5325, 194.972
231.52, 98.0786
136.616, 259.989
107.912, 46.416
314.054, 149.095
126.775, 154.579
Evaluation Time: 7.51809 seconds
Resulting Fitness: 0.609167
-------------
Particle: 4:
Relays Coordinates:
263.631, 191.273
222.27, 76.7791
151.292, 266.104
109.392, 30.8595
301.168, 144.834
22.4994, 302.88
Evaluation Time: 8.32535 seconds
Resulting Fitness: 0.685833
New local best!
New global best!
Current global best fitness: 0.685833
Current global best relays: 263.631, 191.273
222.27, 76.7791
151.292, 266.104
109.392, 30.8595
301.168, 144.834
22.4994, 302.88
Particle 1 new velocities: -0.23099, -0.197942
1.5749, -2.1353
-40.5195, -1.76851
0.848722, 0.952727
54.8229, 0.17902
2.73469, -8.23153
Particle 2 new velocities: 0.061523, 0.130019
2.67226, -53.5173
36.3795, -14.836
4.70628, 22.9337
-47.1037, 2.44029
23.8099, -4.02246
Particle 3 new velocities: 144.233, -18.8187
-43.594, 27.6704
13.2918, -6.74674
-3.5568, 38.9423
-28.5651, 9.23551
-7.12034, 112.124
Particle 4 new velocities: -0.143763, 0.0386891
0.790143, -0.0359533
0.0849545, 0.32795
-0.266558, 2.6997
6.46923, 0.320336
0.164508, -0.0343972
-- ITERATION 21 --
-------------
Particle: 1:
Relays Coordinates:
263.295, 191.877
228.652, 86.625
126.591, 263.856
108.837, 30.5755
259.735, 143.165
17.7233, 301.597
Evaluation Time: 7.62339 seconds
Resulting Fitness: 0.639167
-------------
Particle: 2:
Relays Coordinates:
261.597, 190.928
229.123, 96.6356
107.115, 249.862
120.936, 66.1944
168.172, 147.105
51.9964, 178.168
Evaluation Time: 7.27658 seconds
Resulting Fitness: 0.6925
New local best!
New global best!
-------------
Particle: 3:
Relays Coordinates:
183.766, 176.153
187.926, 125.749
149.908, 253.242
104.355, 85.3583
285.489, 158.331
119.655, 266.703
Evaluation Time: 7.51261 seconds
Resulting Fitness: 0.643333
-------------
Particle: 4:
Relays Coordinates:
263.488, 191.311
223.06, 76.7431
151.377, 266.432
109.125, 33.5592
307.637, 145.155
22.6639, 302.845
Evaluation Time: 8.41759 seconds
Resulting Fitness: 0.671667
Current global best fitness: 0.6925
Current global best relays: 261.597, 190.928
229.123, 96.6356
107.115, 249.862
120.936, 66.1944
168.172, 147.105
51.9964, 178.168
Particle 1 new velocities: -1.80763, -0.925383
3.27007, 2.39865
-7.50181, -11.3015
8.57832, 37.0114
-120.778, 0.570124
17.0669, -63.7306
Particle 2 new velocities: 0.0307615, 0.0650093
1.33613, -26.7587
18.1898, -7.41799
2.35314, 11.4669
-23.5518, 1.22014
11.905, -2.01123
Particle 3 new velocities: -5.15672, -1.93277
-14.2095, 13.9977
-32.2184, -6.8778
14.9894, 3.54734
-55.7891, -2.08793
112.49, -63.6717
Particle 4 new velocities: -0.976839, -0.470665
4.84813, 23.2672
-25.0191, -1.16007
12.1512, 9.12519
-82.5429, 2.10309
8.04942, -39.9942
-- ITERATION 22 --
-------------
Particle: 1:
Relays Coordinates:
261.488, 190.952
231.922, 89.0237
119.089, 252.554
117.415, 67.5869
138.957, 143.735
34.7902, 237.867
Evaluation Time: 7.33351 seconds
Resulting Fitness: 0.673333
New local best!
-------------
Particle: 2:
Relays Coordinates:
261.627, 190.993
230.459, 69.8769
125.305, 242.444
123.289, 77.6613
144.62, 148.325
63.9013, 176.157
Evaluation Time: 7.77737 seconds
Resulting Fitness: 0.618333
-------------
Particle: 3:
Relays Coordinates:
178.609, 174.22
173.716, 139.747
117.689, 246.365
119.344, 88.9057
229.7, 156.243
232.145, 203.032
Evaluation Time: 7.59121 seconds
Resulting Fitness: 0.554167
-------------
Particle: 4:
Relays Coordinates:
262.511, 190.841
227.908, 100.01
126.357, 265.272
121.276, 42.6844
225.094, 147.258
30.7133, 262.851
Evaluation Time: 7.845 seconds
Resulting Fitness: 0.631667
Current global best fitness: 0.6925
Current global best relays: 261.597, 190.928
229.123, 96.6356
107.115, 249.862
120.936, 66.1944
168.172, 147.105
51.9964, 178.168
Particle 1 new velocities: -0.807437, -0.488595
1.20663, 1.48386
-6.47484, -7.94157
8.30224, 18.3168
-32.0218, 1.62907
8.95832, -98.6371
Particle 2 new velocities: -0.0170155, -0.0478732
-0.910696, -8.36237
-16.1274, 8.83205
-2.47808, -17.9921
38.071, -1.36021
-8.41446, 3.93077
Particle 3 new velocities: 34.0557, 10.4788
32.2986, -9.14513
-9.42113, -6.28794
-5.59823, -34.8886
-4.05155, 2.95799
-118.54, -66.2748
Particle 4 new velocities: -0.28369, 0.310645
-0.182812, 5.98905
-9.84362, -12.837
-6.9867, -10.3136
-40.9357, -1.46252
-2.5636, -58.3376
-- ITERATION 23 --
-------------
Particle: 1:
Relays Coordinates:
260.68, 190.463
233.129, 90.5075
112.614, 244.613
125.717, 85.9037
106.935, 145.364
43.7486, 139.229
Evaluation Time: 8.03988 seconds
Resulting Fitness: 0.535
-------------
Particle: 2:
Relays Coordinates:
261.61, 190.945
229.549, 61.5146
109.178, 251.276
120.811, 59.6692
182.691, 146.965
55.4869, 180.088
Evaluation Time: 7.82557 seconds
Resulting Fitness: 0.704167
New local best!
New global best!
-------------
Particle: 3:
Relays Coordinates:
212.665, 184.699
206.015, 130.602
108.268, 240.077
113.746, 54.0171
225.648, 159.201
113.605, 136.757
Evaluation Time: 7.80384 seconds
Resulting Fitness: 0.629167
-------------
Particle: 4:
Relays Coordinates:
262.227, 191.151
227.725, 105.999
116.514, 252.435
114.29, 32.3709
184.158, 145.795
28.1497, 204.513
Evaluation Time: 7.78039 seconds
Resulting Fitness: 0.650833
Current global best fitness: 0.704167
Current global best relays: 261.61, 190.945
229.549, 61.5146
109.178, 251.276
120.811, 59.6692
182.691, 146.965
55.4869, 180.088
Particle 1 new velocities: 0.908038, 0.601587
-0.5989, -16.493
-2.75644, 13.5222
-3.65729, -23.6707
34.896, 2.28838
10.443, 64.5969
Particle 2 new velocities: -0.00850777, -0.0239366
-0.455348, -4.18118
-8.06368, 4.41602
-1.23904, -8.99605
19.0355, -0.680105
-4.20723, 1.96539
Particle 3 new velocities: -35.1792, -10.1843
22.9181, -66.6444
44.5397, -3.92474
-2.32853, 17.502
-28.0573, 4.31569
120.662, 38.2247
Particle 4 new velocities: -0.224726, 0.127012
-6.63949, -18.4662
46.7372, -6.80981
-4.89223, 18.6685
67.4055, -0.944624
22.5825, 5.63858
-- ITERATION 24 --
-------------
Particle: 1:
Relays Coordinates:
261.588, 191.065
232.53, 74.0145
109.858, 258.135
122.06, 62.233
141.831, 147.653
54.1915, 203.826
Evaluation Time: 7.81124 seconds
Resulting Fitness: 0.685833
New local best!
-------------
Particle: 2:
Relays Coordinates:
261.602, 190.921
229.093, 57.3334
101.114, 255.692
119.572, 50.6731
201.727, 146.285
51.2796, 182.053
Evaluation Time: 7.11024 seconds
Resulting Fitness: 0.713333
New local best!
New global best!
-------------
Particle: 3:
Relays Coordinates:
177.486, 174.515
228.933, 63.9573
152.808, 236.152
111.417, 71.5191
197.591, 163.516
234.267, 174.982
Evaluation Time: 7.17214 seconds
Resulting Fitness: 0.695
New local best!
-------------
Particle: 4:
Relays Coordinates:
262.002, 191.278
221.086, 87.5331
163.251, 245.625
109.397, 51.0394
251.564, 144.851
50.7322, 210.152
Evaluation Time: 8.56234 seconds
Resulting Fitness: 0.608333
Current global best fitness: 0.713333
Current global best relays: 261.602, 190.921
229.093, 57.3334
101.114, 255.692
119.572, 50.6731
201.727, 146.285
51.2796, 182.053
Particle 1 new velocities: 0.461439, 0.134091
-3.09213, -9.82052
-10.1372, 6.28455
-3.79441, -17.1944
72.3029, 0.666452
3.54748, 31.279
Particle 2 new velocities: -0.00425389, -0.0119683
-0.227674, -2.09059
-4.03184, 2.20801
-0.619521, -4.49803
9.51776, -0.340052
-2.10362, 0.982693
Particle 3 new velocities: -17.4352, -1.42146
11.6451, -40.1795
4.92115, 17.2374
8.1699, -11.0767
-12.9236, -9.9903
-18.4975, 20.6555
Particle 4 new velocities: 2.03208, -0.0357118
2.67354, -22.5473
-13.1519, 29.7287
-0.0526383, -3.74475
8.5012, 1.10298
8.01079, 40.9374
-- ITERATION 25 --
-------------
Particle: 1:
Relays Coordinates:
262.05, 191.199
229.438, 64.194
99.7206, 264.419
118.266, 45.0386
214.134, 148.319
57.739, 235.105
Evaluation Time: 8.59783 seconds
Resulting Fitness: 0.591667
-------------
Particle: 2:
Relays Coordinates:
261.598, 190.909
228.866, 55.2428
97.0821, 257.9
118.952, 46.1751
211.245, 145.945
49.176, 183.036
Evaluation Time: 8.91506 seconds
Resulting Fitness: 0.614167
-------------
Particle: 3:
Relays Coordinates:
160.05, 173.093
240.578, 23.7777
157.729, 253.389
119.587, 60.4424
184.667, 153.526
215.77, 195.637
Evaluation Time: 8.43682 seconds
Resulting Fitness: 0.681667
-------------
Particle: 4:
Relays Coordinates:
264.034, 191.243
223.759, 64.9859
150.099, 275.354
109.345, 47.2946
260.065, 145.954
58.743, 251.089
Evaluation Time: 10.2458 seconds
Resulting Fitness: 0.628333
Current global best fitness: 0.713333
Current global best relays: 261.602, 190.921
229.093, 57.3334
101.114, 255.692
119.572, 50.6731
201.727, 146.285
51.2796, 182.053
Particle 1 new velocities: -0.354737, -0.23045
-0.619841, 7.0966
10.8975, -5.95193
3.12496, 11.6126
-88.7436, -2.85863
-11.0918, -37.4104
Particle 2 new velocities: 0.000672678, 0.000201906
0.0816107, 1.47314
5.11722, -0.553391
0.831141, 3.25434
-7.54333, 0.353717
3.93673, -0.474167
Particle 3 new velocities: 88.3258, -0.13765
-9.07331, 12.4597
-29.4873, -12.0115
-1.0388, -5.06221
27.8116, -7.31812
-29.0249, -31.0571
Particle 4 new velocities: -2.02802, -0.242172
5.62128, -7.27017
-47.7485, 8.03415
5.00821, -10.2583
-36.766, 0.696699
-7.60662, -2.30623
-- ITERATION 26 --
-------------
Particle: 1:
Relays Coordinates:
261.695, 190.968
228.818, 71.2906
110.618, 258.468
121.391, 56.6512
125.391, 145.461
46.6472, 197.695
Evaluation Time: 8.43429 seconds
Resulting Fitness: 0.6825
-------------
Particle: 2:
Relays Coordinates:
261.598, 190.909
228.947, 56.7159
102.199, 257.347
119.783, 49.4295
203.701, 146.298
53.1127, 182.562
Evaluation Time: 7.55761 seconds
Resulting Fitness: 0.728333
New local best!
New global best!
-------------
Particle: 3:
Relays Coordinates:
248.376, 172.956
231.505, 36.2374
128.242, 241.378
118.549, 55.3802
212.479, 146.208
186.745, 164.58
Evaluation Time: 8.82394 seconds
Resulting Fitness: 0.645
-------------
Particle: 4:
Relays Coordinates:
262.006, 191
229.381, 57.7157
102.351, 283.388
114.353, 37.0363
223.299, 146.65
51.1364, 248.783
Evaluation Time: 7.91036 seconds
Resulting Fitness: 0.590833
Current global best fitness: 0.728333
Current global best relays: 261.598, 190.909
228.947, 56.7159
102.199, 257.347
119.783, 49.4295
203.701, 146.298
53.1127, 182.562
Particle 1 new velocities: -0.420938, -0.124767
5.6083, 2.07995
-3.94044, -4.08545
-0.183266, 11.0329
44.0371, 1.89597
0.388285, -12.0483
Particle 2 new velocities: 0.000336339, 0.000100953
0.0408053, 0.736568
2.55861, -0.276696
0.41557, 1.62717
-3.77166, 0.176859
1.96836, -0.237084
Particle 3 new velocities: -51.9499, 2.55365
-10.6791, 71.2464
-33.0789, 7.04904
-4.41114, -0.394491
-3.60314, -1.6685
-95.243, 1.30743
Particle 4 new velocities: 0.0965539, 0.26154
-4.51703, 25.4818
-9.61734, -26.8578
4.02953, -7.62737
-1.09339, -2.64999
-7.11753, 35.8142
-- ITERATION 27 --
-------------
Particle: 1:
Relays Coordinates:
261.274, 190.844
234.427, 73.3706
106.678, 254.382
121.207, 67.684
169.428, 147.357
47.0355, 185.647
Evaluation Time: 8.10629 seconds
Resulting Fitness: 0.696667
New local best!
-------------
Particle: 2:
Relays Coordinates:
261.599, 190.91
228.988, 57.4525
104.758, 257.07
120.199, 51.0566
199.93, 146.475
55.0811, 182.325
Evaluation Time: 7.95354 seconds
Resulting Fitness: 0.716667
-------------
Particle: 3:
Relays Coordinates:
196.426, 175.509
220.826, 107.484
95.163, 248.427
114.137, 54.9857
208.876, 144.539
91.502, 165.887
Evaluation Time: 7.55667 seconds
Resulting Fitness: 0.671667
-------------
Particle: 4:
Relays Coordinates:
262.103, 191.262
224.864, 83.1975
92.7333, 256.53
118.383, 29.409
222.205, 144
44.0188, 284.597
Evaluation Time: 7.33955 seconds
Resulting Fitness: 0.610833
Current global best fitness: 0.728333
Current global best relays: 261.598, 190.909
228.947, 56.7159
102.199, 257.347
119.783, 49.4295
203.701, 146.298
53.1127, 182.562
Particle 1 new velocities: -0.165523, -0.00555018
-3.7608, -11.1151
-3.96976, -0.08035
-1.35028, -13.9229
41.6499, 0.543835
5.11041, -6.93046
Particle 2 new velocities: -2.02221e-05, -0.00011176
-0.0103447, -0.872593
0.014927, 0.26764
-0.445081, -0.983546
5.09246, -0.208252
-1.96479, 0.0531798
Particle 3 new velocities: -4.26663, 13.5598
2.34002, -49.7154
4.09901, -8.87133
0.259336, 15.9802
-11.2755, 5.27591
-9.36919, 9.53599
Particle 4 new velocities: 1.29747, -0.140084
-5.51442, -21.6601
66.1303, -10.2297
-8.17258, -0.229672
77.8932, -0.335221
-29.5358, -62.5996
-- ITERATION 28 --
-------------
Particle: 1:
Relays Coordinates:
261.108, 190.838
230.666, 62.2555
102.708, 254.302
119.857, 53.7611
211.078, 147.9
52.1459, 178.716
Evaluation Time: 8.08534 seconds
Resulting Fitness: 0.623333
-------------
Particle: 2:
Relays Coordinates:
261.599, 190.909
228.978, 56.5799
104.773, 257.338
119.754, 50.0731
205.022, 146.267
53.1163, 182.378
Evaluation Time: 7.17795 seconds
Resulting Fitness: 0.7125
-------------
Particle: 3:
Relays Coordinates:
192.16, 189.069
223.166, 57.7685
99.2621, 239.556
114.397, 70.9659
197.6, 149.815
82.1328, 175.423
Evaluation Time: 7.02556 seconds
Resulting Fitness: 0.69
-------------
Particle: 4:
Relays Coordinates:
263.4, 191.122
219.349, 61.5375
158.864, 246.3
110.21, 29.1793
300.099, 143.665
14.483, 221.998
Evaluation Time: 8.89287 seconds
Resulting Fitness: 0.613333
Current global best fitness: 0.728333
Current global best relays: 261.598, 190.909
228.947, 56.7159
102.199, 257.347
119.783, 49.4295
203.701, 146.298
53.1127, 182.562
Particle 1 new velocities: 0.532564, 0.00385748
-1.57852, 7.52252
4.10168, 1.83549
0.818523, 2.21537
-15.9658, -0.768952
1.52681, 4.70432
Particle 2 new velocities: -6.23798e-05, -4.60554e-05
-0.0801424, -0.264721
-4.36808, 0.150874
-0.181036, -1.64203
1.08214, -0.0991162
-0.990177, 0.428095
Particle 3 new velocities: -13.7106, -9.92922
10.2715, -25.7313
73.3163, 12.4272
4.02107, 0.0972983
-1.62556, 13.7976
174.249, 7.96184
Particle 4 new velocities: 0.375918, -0.00331414
7.70392, 1.70403
8.27529, 19.9654
-5.03954, 25.9658
-26.0544, 1.9819
34.1024, -5.87966
-- ITERATION 29 --
-------------
Particle: 1:
Relays Coordinates:
261.641, 190.842
229.087, 69.778
106.81, 256.137
120.676, 55.9765
195.112, 147.132
53.6728, 183.421
Evaluation Time: 7.91888 seconds
Resulting Fitness: 0.711667
New local best!
-------------
Particle: 2:
Relays Coordinates:
261.599, 190.909
228.898, 56.3152
100.405, 257.489
119.573, 48.431
206.104, 146.168
52.1261, 182.806
Evaluation Time: 7.7125 seconds
Resulting Fitness: 0.6275
-------------
Particle: 3:
Relays Coordinates:
178.449, 179.14
233.437, 32.0372
172.578, 251.983
118.418, 71.0632
195.975, 163.613
256.381, 183.385
Evaluation Time: 6.93119 seconds
Resulting Fitness: 0.715833
New local best!
-------------
Particle: 4:
Relays Coordinates:
263.776, 191.119
227.053, 63.2415
167.139, 266.266
105.17, 55.1451
274.044, 145.647
48.5854, 216.118
Evaluation Time: 9.18038 seconds
Resulting Fitness: 0.649167
Current global best fitness: 0.728333
Current global best relays: 261.598, 190.909
228.947, 56.7159
102.199, 257.347
119.783, 49.4295
203.701, 146.298
53.1127, 182.562
Particle 1 new velocities: 0.225923, 0.0446873
-0.885152, -10.9963
0.42568, 2.09393
-0.578356, -2.97253
-5.89056, -0.955091
0.637082, 1.59997
Particle 2 new velocities: -0.000648978, 4.10886e-05
-0.0314999, 0.569949
1.22702, -0.24866
0.470604, 0.488385
-1.6789, 0.0974928
0.11374, -0.0927082
Particle 3 new velocities: 50.1353, 3.25383
1.25804, 2.01811
-26.5334, 8.21061
2.03679, -25.2833
-0.182529, -1.58898
33.5955, 3.23879
Particle 4 new velocities: -2.16946, 0.0215028
3.82416, 14.3122
-31.1853, 5.50967
6.04319, -13.9978
-63.5668, 0.735829
13.5655, 104.54
-- ITERATION 30 --
-------------
Particle: 1:
Relays Coordinates:
261.867, 190.887
228.202, 58.7817
107.235, 258.231
120.097, 53.004
189.221, 146.176
54.3098, 185.021
Evaluation Time: 8.71803 seconds
Resulting Fitness: 0.704167
-------------
Particle: 2:
Relays Coordinates:
261.598, 190.909
228.866, 56.8851
101.632, 257.24
120.043, 48.9194
204.425, 146.265
52.2399, 182.713
Evaluation Time: 9.58801 seconds
Resulting Fitness: 0.6125
-------------
Particle: 3:
Relays Coordinates:
228.584, 182.394
234.695, 34.0553
146.045, 260.193
120.455, 45.7798
195.792, 162.024
289.977, 186.624
Evaluation Time: 9.82497 seconds
Resulting Fitness: 0.59
-------------
Particle: 4:
Relays Coordinates:
261.607, 191.14
230.877, 77.5537
135.954, 271.775
111.214, 41.1472
210.477, 146.383
62.1509, 320.658
Evaluation Time: 8.8339 seconds
Resulting Fitness: 0.619167
Current global best fitness: 0.728333
Current global best relays: 261.598, 190.909
228.947, 56.7159
102.199, 257.347
119.783, 49.4295
203.701, 146.298
53.1127, 182.562
Particle 1 new velocities: -0.243184, 0.0224343
1.61386, -1.45954
-2.17117, -0.495131
-0.470084, -2.17573
8.79714, 0.783086
-1.05856, 0.00673646
Particle 2 new velocities: 0.000388954, 3.2326e-05
0.15536, 0.215189
1.26516, -0.00888899
-0.223602, 0.968842
-2.06931, 0.110379
0.970956, -0.255668
Particle 3 new velocities: -2.17736, 0.559659
-4.89112, 5.81798
-4.84096, 2.71049
-0.858679, 23.4716
5.68211, -0.695353
-83.512, -4.10902
Particle 4 new velocities: 0.44496, -0.242439
-11.5814, -0.223432
-11.3197, -1.35694
5.58565, -16.9137
86.1178, -0.752281
-34.9756, 30.6275
-- ITERATION 31 --
-------------
Particle: 1:
Relays Coordinates:
261.624, 190.909
229.816, 57.3221
105.064, 257.736
119.627, 50.8282
198.018, 146.96
53.2513, 185.027
Evaluation Time: 7.42134 seconds
Resulting Fitness: 0.709167
-------------
Particle: 2:
Relays Coordinates:
261.598, 190.909
229.022, 57.1003
102.897, 257.231
119.82, 49.8883
202.356, 146.376
53.2108, 182.458
Evaluation Time: 7.09697 seconds
Resulting Fitness: 0.706667
-------------
Particle: 3:
Relays Coordinates:
226.407, 182.953
229.804, 39.8733
141.204, 262.904
119.596, 69.2514
201.474, 161.329
206.465, 182.515
Evaluation Time: 7.45975 seconds
Resulting Fitness: 0.688333
-------------
Particle: 4:
Relays Coordinates:
262.052, 190.898
219.296, 77.3302
124.634, 270.418
116.799, 24.2335
296.595, 145.63
27.1753, 350
Evaluation Time: 7.5989 seconds
Resulting Fitness: 0.6175
Current global best fitness: 0.728333
Current global best relays: 261.598, 190.909
228.947, 56.7159
102.199, 257.347
119.783, 49.4295
203.701, 146.298
53.1127, 182.562
Particle 1 new velocities: -0.109423, 0.00452408
-0.250754, 18.968
-2.85582, -1.38476
0.380826, 5.61474
7.3184, 0.455569
-0.0340588, -4.27498
Particle 2 new velocities: 0.000200859, 1.48046e-05
0.0131716, -0.395627
-0.845726, 0.101601
-0.175514, -0.547153
-0.1706, -0.0111562
0.337027, 0.00613227
Particle 3 new velocities: -18.8444, -3.29743
1.10101, 15.465
14.9159, -11.3895
-1.31946, 2.96244
1.64023, -1.53368
-188.485, -1.80908
Particle 4 new velocities: 0.70472, 0.174577
-0.465887, -5.46725
13.2602, -11.5391
2.97218, 9.13482
16.4786, -0.533326
-16.0204, -127.006
-- ITERATION 32 --
-------------
Particle: 1:
Relays Coordinates:
261.514, 190.914
229.565, 76.2901
102.208, 256.351
120.008, 56.443
205.337, 147.415
53.2172, 180.752
Evaluation Time: 7.34348 seconds
Resulting Fitness: 0.699167
-------------
Particle: 2:
Relays Coordinates:
261.598, 190.909
229.035, 56.7047
102.051, 257.333
119.644, 49.3411
202.185, 146.365
53.5479, 182.464
Evaluation Time: 7.47646 seconds
Resulting Fitness: 0.701667
-------------
Particle: 3:
Relays Coordinates:
207.563, 179.656
230.905, 55.3383
156.12, 251.514
118.276, 72.2139
203.115, 159.795
17.9802, 180.706
Evaluation Time: 7.42264 seconds
Resulting Fitness: 0.695
-------------
Particle: 4:
Relays Coordinates:
262.757, 191.072
218.83, 71.863
137.894, 258.879
119.771, 33.3683
313.074, 145.097
11.1549, 222.994
Evaluation Time: 8.97958 seconds
Resulting Fitness: 0.64
Current global best fitness: 0.728333
Current global best relays: 261.598, 190.909
228.947, 56.7159
102.199, 257.347
119.783, 49.4295
203.701, 146.298
53.1127, 182.562
Particle 1 new velocities: 0.0901439, -0.101915
-0.360915, -14.385
6.25274, -0.463223
0.369081, -1.8589
1.79712, -0.431913
0.543617, 3.07463
Particle 2 new velocities: -6.50728e-05, -4.06197e-05
-0.23574, -0.185954
-0.144515, 0.0565219
0.0965945, -0.105742
2.95011, -0.0782103
-0.746697, 0.0567344
Particle 3 new velocities: 7.69058, 5.47825
-0.587507, -5.19019
-21.3285, 1.38457
1.23532, -24.1473
-2.5008, -11.1528
-28.0616, 4.17275
Particle 4 new velocities: -0.183851, 0.201816
13.2444, -6.98028
-11.6638, 2.17665
-3.08846, 5.26229
-90.1554, -0.10472
36.0706, 28.5018
-- ITERATION 33 --
-------------
Particle: 1:
Relays Coordinates:
261.604, 190.812
229.204, 61.905
108.461, 255.888
120.377, 54.5841
207.134, 146.983
53.7608, 183.827
Evaluation Time: 7.76752 seconds
Resulting Fitness: 0.700833
-------------
Particle: 2:
Relays Coordinates:
261.598, 190.909
228.799, 56.5187
101.907, 257.389
119.741, 49.2354
205.135, 146.286
52.8012, 182.52
Evaluation Time: 8.20401 seconds
Resulting Fitness: 0.639167
-------------
Particle: 3:
Relays Coordinates:
215.253, 185.134
230.318, 50.1481
134.791, 252.899
119.512, 48.0666
200.614, 148.642
0, 184.879
Evaluation Time: 8.02464 seconds
Resulting Fitness: 0.603333
-------------
Particle: 4:
Relays Coordinates:
262.573, 191.274
232.075, 64.8827
126.23, 261.056
116.683, 38.6306
222.918, 144.992
47.2255, 251.496
Evaluation Time: 8.24082 seconds
Resulting Fitness: 0.626667
Current global best fitness: 0.728333
Current global best relays: 261.598, 190.909
228.947, 56.7159
102.199, 257.347
119.783, 49.4295
203.701, 146.298
53.1127, 182.562
Particle 1 new velocities: 0.0642043, 0.0495976
-0.192075, -12.0476
-5.4692, 1.40404
0.248212, -3.31823
-15.6562, -0.464163
-0.62585, -0.377558
Particle 2 new velocities: -0.000262559, -9.90674e-06
0.219012, 0.257112
0.422988, 0.0106513
0.115886, 0.287981
-2.4841, -0.0137647
0.000960953, 0.0694282
Particle 3 new velocities: -33.9324, -1.36325
3.15102, -15.9017
29.3789, 5.38093
-0.625573, 9.2407
-3.8174, 12.4804
404.422, -0.0894857
Particle 4 new velocities: 0.792078, -0.0855666
-8.5511, -0.97252
6.52487, 2.42582
0.796561, -0.823287
-6.02234, 0.191382
-14.6976, 8.67262
-- ITERATION 34 --
-------------
Particle: 1:
Relays Coordinates:
261.669, 190.861
229.012, 49.8574
102.992, 257.292
120.625, 51.2658
191.478, 146.519
53.135, 183.449
Evaluation Time: 7.41429 seconds
Resulting Fitness: 0.719167
New local best!
-------------
Particle: 2:
Relays Coordinates:
261.598, 190.909
229.018, 56.7758
102.33, 257.4
119.857, 49.5234
202.651, 146.273
52.8021, 182.59
Evaluation Time: 7.84694 seconds
Resulting Fitness: 0.726667
-------------
Particle: 3:
Relays Coordinates:
181.321, 183.771
233.469, 34.2465
164.17, 258.28
118.886, 57.3073
196.796, 161.122
350, 184.789
Evaluation Time: 6.96107 seconds
Resulting Fitness: 0.705
-------------
Particle: 4:
Relays Coordinates:
263.365, 191.189
223.523, 63.9102
132.755, 263.482
117.48, 37.8073
216.896, 145.184
32.5279, 260.168
Evaluation Time: 7.95242 seconds
Resulting Fitness: 0.624167
Current global best fitness: 0.728333
Current global best relays: 261.598, 190.909
228.947, 56.7159
102.199, 257.347
119.783, 49.4295
203.701, 146.298
53.1127, 182.562
Particle 1 new velocities: -0.0262395, 0.0701336
-0.100826, -2.61225
-3.53138, 0.734359
-0.31967, -2.63355
0.0219995, -0.325291
-0.316509, -0.492605
Particle 2 new velocities: 6.64925e-05, 4.34969e-05
-0.0203011, 0.0532819
0.0715496, -0.100006
-0.121647, 0.0103716
0.480948, 0.0169138
0.376017, 0.0102348
Particle 3 new velocities: 54.1869, -2.62276
-0.244454, 1.93839
1.25052, -6.49527
-0.258486, 14.5121
0.0311269, 5.76537
-71.0667, -2.8723
Particle 4 new velocities: -0.721479, -0.303201
-2.55082, 11.1982
-5.98498, 0.998179
-5.07035, -0.363231
68.9746, -0.0637164
-3.87851, -23.9226
-- ITERATION 35 --
-------------
Particle: 1:
Relays Coordinates:
261.642, 190.931
228.911, 47.2451
99.4605, 258.026
120.306, 48.6323
191.5, 146.194
52.8185, 182.957
Evaluation Time: 7.48912 seconds
Resulting Fitness: 0.671667
-------------
Particle: 2:
Relays Coordinates:
261.598, 190.909
228.998, 56.8291
102.401, 257.3
119.735, 49.5337
203.132, 146.29
53.1781, 182.6
Evaluation Time: 7.18351 seconds
Resulting Fitness: 0.721667
-------------
Particle: 3:
Relays Coordinates:
235.508, 181.148
233.224, 36.1848
165.421, 251.785
118.628, 71.8194
196.828, 166.888
278.933, 181.917
Evaluation Time: 7.14709 seconds
Resulting Fitness: 0.700833
-------------
Particle: 4:
Relays Coordinates:
262.643, 190.885
220.973, 75.1084
126.77, 264.48
112.409, 37.4441
285.871, 145.12
28.6494, 236.246
Evaluation Time: 7.66505 seconds
Resulting Fitness: 0.651667
Current global best fitness: 0.728333
Current global best relays: 261.598, 190.909
228.947, 56.7159
102.199, 257.347
119.783, 49.4295
203.701, 146.298
53.1127, 182.562
Particle 1 new velocities: -0.0248023, -0.0967402
-0.0440051, 8.40304
0.207693, -0.214581
0.0266363, -0.314835
13.8453, -0.0646489
0.263577, 0.229605
Particle 2 new velocities: 0.000141226, 1.08346e-05
-0.0810383, -0.161184
-0.347946, 0.0249952
0.0525517, -0.0406051
1.17353, 0.0131198
0.133496, -0.0537152
Particle 3 new velocities: -21.4559, 3.40556
-2.44668, 5.21558
-24.6921, 2.63746
0.823499, -0.598615
-0.0189886, -12.8211
-109.795, -0.136151
Particle 4 new velocities: 0.269657, -0.066403
9.59411, 3.72169
6.50101, -0.66717
0.699481, 1.06119
25.1428, -0.00528684
6.79115, 21.4233
-- ITERATION 36 --
-------------
Particle: 1:
Relays Coordinates:
261.618, 190.835
228.867, 55.6482
99.6682, 257.812
120.332, 48.3175
205.345, 146.129
53.0821, 183.186
Evaluation Time: 7.90247 seconds
Resulting Fitness: 0.621667
-------------
Particle: 2:
Relays Coordinates:
261.598, 190.909
228.917, 56.6679
102.053, 257.325
119.788, 49.4931
204.306, 146.303
53.3116, 182.546
Evaluation Time: 8.49688 seconds
Resulting Fitness: 0.710833
-------------
Particle: 3:
Relays Coordinates:
214.052, 184.554
230.778, 41.4004
140.729, 254.422
119.451, 71.2207
196.809, 154.067
169.139, 181.781
Evaluation Time: 7.40526 seconds
Resulting Fitness: 0.6575
-------------
Particle: 4:
Relays Coordinates:
262.913, 190.819
230.567, 78.8301
133.271, 263.813
113.109, 38.5053
311.013, 145.115
35.4405, 257.669
Evaluation Time: 8.4482 seconds
Resulting Fitness: 0.6475
Current global best fitness: 0.728333
Current global best relays: 261.598, 190.909
228.947, 56.7159
102.199, 257.347
119.783, 49.4295
203.701, 146.298
53.1127, 182.562
Particle 1 new velocities: -0.00239733, -0.0298822
0.175652, -1.37539
6.43903, -0.405699
-0.0416855, 5.46927
-10.3991, 0.241047
0.20193, -0.495662
Particle 2 new velocities: -3.47599e-05, -3.73045e-05
-0.00999162, 0.00577199
0.18469, 0.0230701
0.0196483, -0.0906529
-0.013978, -0.00169134
-0.421601, -0.00774844
Particle 3 new velocities: 25.1243, 3.89077
-1.65032, 4.02382
-49.3704, 1.90354
-0.00937578, -19.935
0.0475265, 1.49313
-25.1506, 2.66506
Particle 4 new velocities: 0.707055, 0.383119
-7.78087, 0.312945
10.6273, -1.7601
-2.6317, -3.20528
-23.3586, 0.13636
-5.50085, -22.4135
-- ITERATION 37 --
-------------
Particle: 1:
Relays Coordinates:
261.615, 190.805
229.043, 54.2728
106.107, 257.406
120.291, 53.7867
194.946, 146.37
53.284, 182.691
Evaluation Time: 7.68374 seconds
Resulting Fitness: 0.7075
-------------
Particle: 2:
Relays Coordinates:
261.598, 190.909
228.907, 56.6737
102.238, 257.348
119.807, 49.4025
204.292, 146.301
52.89, 182.539
Evaluation Time: 7.50011 seconds
Resulting Fitness: 0.703333
-------------
Particle: 3:
Relays Coordinates:
239.176, 188.444
229.127, 45.4242
91.3582, 256.326
119.442, 51.2857
196.856, 155.56
143.988, 184.446
Evaluation Time: 8.94373 seconds
Resulting Fitness: 0.583333
-------------
Particle: 4:
Relays Coordinates:
263.62, 191.202
222.786, 79.1431
143.898, 262.053
110.477, 35.3
287.655, 145.251
29.9397, 235.256
Evaluation Time: 8.53853 seconds
Resulting Fitness: 0.6675
Current global best fitness: 0.728333
Current global best relays: 261.598, 190.909
228.947, 56.7159
102.199, 257.347
119.783, 49.4295
203.701, 146.298
53.1127, 182.562
Particle 1 new velocities: 0.00877706, 0.134515
-0.0214731, -3.21289
-2.36109, -0.416585
0.0576031, -5.61617
3.89369, 0.343206
-0.0366438, 0.513148
Particle 2 new velocities: -6.24882e-05, -1.47297e-05
0.0719914, 0.0797098
0.0382284, 0.00973938
-0.0514832, 0.0206018
-1.11559, -0.00338427
0.30607, 0.00893513
Particle 3 new velocities: 10.0663, -9.14903
5.48009, -10.405
7.33754, -5.58237
0.0467656, 6.89585
2.66459, -9.16691
38.6507, -1.48577
Particle 4 new velocities: -0.499619, -0.117562
-4.09654, -24.6551
-22.5732, -3.58939
1.41944, 5.263
-78.7142, 0.616422
9.83366, 54.6234
-- ITERATION 38 --
-------------
Particle: 1:
Relays Coordinates:
261.624, 190.939
229.022, 51.0599
103.746, 256.99
120.348, 48.1706
198.84, 146.713
53.2473, 183.204
Evaluation Time: 8.00211 seconds
Resulting Fitness: 0.705833
-------------
Particle: 2:
Relays Coordinates:
261.598, 190.909
228.979, 56.7534
102.276, 257.358
119.756, 49.4231
203.176, 146.298
53.1961, 182.548
Evaluation Time: 7.89804 seconds
Resulting Fitness: 0.723333
-------------
Particle: 3:
Relays Coordinates:
249.242, 179.295
234.607, 35.0193
98.6958, 250.743
119.489, 58.1816
199.521, 146.393
182.639, 182.96
Evaluation Time: 8.07883 seconds
Resulting Fitness: 0.658333
-------------
Particle: 4:
Relays Coordinates:
263.12, 191.084
218.689, 54.4879
121.325, 258.463
111.896, 40.563
208.941, 145.868
39.7734, 289.879
Evaluation Time: 8.20213 seconds
Resulting Fitness: 0.613333
Current global best fitness: 0.728333
Current global best relays: 261.598, 190.909
228.947, 56.7159
102.199, 257.347
119.783, 49.4295
203.701, 146.298
53.1127, 182.562
Particle 1 new velocities: 0.0202021, 0.0612643
-0.0417755, -1.90927
-3.36759, 0.129232
-0.334857, -0.472972
0.603175, -0.342446
-0.12201, 0.346138
Particle 2 new velocities: 5.47301e-06, 1.23219e-05
-0.0324996, -0.0114186
-0.101559, -0.0200604
0.0309669, 0.0152689
0.319879, -5.78132e-05
0.0494894, 0.0223042
Particle 3 new velocities: -45.9343, 2.26007
-3.98336, 12.22
97.7935, -0.750653
-1.12838, -2.74559
0.0723948, 4.88101
-40.1063, -0.542314
Particle 4 new velocities: -0.057156, -0.199233
10.1043, 7.52382
2.33121, 9.63794
4.89909, 6.00255
31.5785, 0.345619
-3.00777, 29.5511
-- ITERATION 39 --
-------------
Particle: 1:
Relays Coordinates:
261.644, 191.001
228.98, 49.1506
100.379, 257.119
120.013, 47.6976
199.443, 146.371
53.1253, 183.55
Evaluation Time: 7.50115 seconds
Resulting Fitness: 0.7125
-------------
Particle: 2:
Relays Coordinates:
261.598, 190.909
228.946, 56.742
102.175, 257.338
119.787, 49.4383
203.496, 146.298
53.2456, 182.57
Evaluation Time: 7.21221 seconds
Resulting Fitness: 0.71
-------------
Particle: 3:
Relays Coordinates:
203.308, 181.555
230.624, 47.2393
196.489, 249.993
118.36, 55.436
199.593, 151.274
142.532, 182.418
Evaluation Time: 6.72854 seconds
Resulting Fitness: 0.715
-------------
Particle: 4:
Relays Coordinates:
263.063, 190.885
228.794, 62.0118
123.656, 268.101
116.796, 46.5655
240.519, 146.213
36.7656, 319.43
Evaluation Time: 7.83846 seconds
Resulting Fitness: 0.585833
Current global best fitness: 0.728333
Current global best relays: 261.598, 190.909
228.947, 56.7159
102.199, 257.347
119.783, 49.4295
203.701, 146.298
53.1127, 182.562
Particle 1 new velocities: -0.011308, -0.0849489
0.0126398, 0.442407
0.675329, 0.333815
0.0397743, 4.26657
-0.842666, 0.005411
-0.0667892, -0.128166
Particle 2 new velocities: 3.29841e-05, 8.45102e-06
-0.015499, -0.0492054
0.0039265, -0.00397297
0.0141219, -0.00109392
0.472089, 0.000492761
-0.21789, -0.00109529
Particle 3 new velocities: -31.3796, 2.76617
-1.66431, -10.725
-10.5166, 4.30375
0.549989, 16.5406
1.76477, -0.0152756
-39.8359, 0.879353
Particle 4 new velocities: 0.180213, 0.33749
4.20393, 25.3696
19.0675, 1.58117
-7.41446, -20.2122
17.6341, -0.0741002
6.9883, -108.691
-- ITERATION 40 --
-------------
Particle: 1:
Relays Coordinates:
261.633, 190.916
228.992, 49.593
101.054, 257.453
120.053, 51.9642
198.6, 146.376
53.0585, 183.422
Evaluation Time: 7.3391 seconds
Resulting Fitness: 0.69
-------------
Particle: 2:
Relays Coordinates:
261.598, 190.909
228.931, 56.6928
102.179, 257.334
119.801, 49.4372
203.968, 146.298
53.0277, 182.569
Evaluation Time: 7.12886 seconds
Resulting Fitness: 0.7
-------------
Particle: 3:
Relays Coordinates:
171.928, 184.322
228.96, 36.5143
185.973, 254.296
118.91, 71.9766
201.358, 151.259
102.696, 183.297
Evaluation Time: 7.45599 seconds
Resulting Fitness: 0.683333
-------------
Particle: 4:
Relays Coordinates:
263.244, 191.223
232.998, 87.3813
142.724, 269.682
109.381, 26.3533
258.153, 146.139
43.7539, 210.74
Evaluation Time: 8.79246 seconds
Resulting Fitness: 0.650833
Current global best fitness: 0.728333
Current global best relays: 261.598, 190.909
228.947, 56.7159
102.199, 257.347
119.783, 49.4295
203.701, 146.298
53.1127, 182.562
Particle 1 new velocities: 0.0456082, -0.132261
-0.0434267, 6.03575
1.97815, -0.0711035
0.424532, 0.814207
-0.356215, 0.194939
0.0158056, -0.756579
Particle 2 new velocities: -7.42598e-06, -1.70963e-06
0.0344971, 0.00752969
0.0493333, 0.0111109
-0.00514089, -0.0115229
0.188884, 0.000904272
0.0498397, -0.0134846
Particle 3 new velocities: 71.6857, -1.24616
4.31197, 1.69421
-58.2852, 2.93537
0.509236, -7.15233
0.255894, 3.87311
180.772, -0.335974
Particle 4 new velocities: -1.4792, -0.0398771
-11.2622, -21.3319
16.655, -18.5918
5.57423, 3.04577
47.7981, -1.4319
5.48314, -29.4196
-- ITERATION 41 --
-------------
Particle: 1:
Relays Coordinates:
261.678, 190.783
228.949, 55.6288
103.032, 257.382
120.478, 52.7784
198.244, 146.571
53.0743, 182.665
Evaluation Time: 8.23645 seconds
Resulting Fitness: 0.700833
-------------
Particle: 2:
Relays Coordinates:
261.598, 190.909
228.965, 56.7003
102.228, 257.345
119.796, 49.4257
204.157, 146.299
53.0775, 182.555
Evaluation Time: 7.69935 seconds
Resulting Fitness: 0.719167
-------------
Particle: 3:
Relays Coordinates:
243.614, 183.075
233.272, 38.2085
127.687, 257.232
119.419, 64.8242
201.614, 155.132
283.469, 182.961
Evaluation Time: 7.08033 seconds
Resulting Fitness: 0.6875
-------------
Particle: 4:
Relays Coordinates:
261.764, 191.183
221.735, 66.0494
159.379, 251.091
114.955, 29.3991
305.951, 144.707
49.237, 181.32
Evaluation Time: 9.32483 seconds
Resulting Fitness: 0.59
Current global best fitness: 0.728333
Current global best relays: 261.598, 190.909
228.947, 56.7159
102.199, 257.347
119.783, 49.4295
203.701, 146.298
53.1127, 182.562
Particle 1 new velocities: -0.0705633, 0.146448
0.0719885, -1.40643
0.882984, -0.0658738
-0.176142, -3.09388
2.75734, -0.0940491
0.0464436, -0.22304
Particle 2 new velocities: -8.21601e-06, -1.79075e-06
-0.00292468, 0.0310197
-0.0377258, 0.00722153
-0.0149264, -0.000659741
-0.508505, -0.000544528
0.0471139, -0.000340072
Particle 3 new velocities: -34.7649, 3.2317
2.10004, 2.85498
18.1725, 0.866081
0.270867, -5.48266
-5.46773, -2.40398
-179.045, 0.48933
Particle 4 new velocities: -0.270603, -0.176018
2.43213, -8.39451
-51.9215, -7.07685
5.55175, 11.9651
-63.3117, -0.396967
-19.5454, 42.9518
-- ITERATION 42 --
-------------
Particle: 1:
Relays Coordinates:
261.608, 190.93
229.021, 54.2224
103.915, 257.316
120.301, 49.6845
201.001, 146.477
53.1208, 182.442
Evaluation Time: 7.75824 seconds
Resulting Fitness: 0.703333
-------------
Particle: 2:
Relays Coordinates:
261.598, 190.909
228.962, 56.7313
102.19, 257.352
119.781, 49.4251
203.649, 146.298
53.1247, 182.555
Evaluation Time: 7.48804 seconds
Resulting Fitness: 0.719167
-------------
Particle: 3:
Relays Coordinates:
208.849, 186.307
235.372, 41.0635
145.86, 258.098
119.69, 59.3416
196.146, 152.728
104.424, 183.45
Evaluation Time: 7.04217 seconds
Resulting Fitness: 0.711667
-------------
Particle: 4:
Relays Coordinates:
261.494, 191.007
224.168, 57.6549
107.457, 244.014
120.507, 41.3642
242.64, 144.31
29.6916, 224.272
Evaluation Time: 8.27149 seconds
Resulting Fitness: 0.576667
Current global best fitness: 0.728333
Current global best relays: 261.598, 190.909
228.947, 56.7159
102.199, 257.347
119.783, 49.4295
203.701, 146.298
53.1127, 182.562
Particle 1 new velocities: 0.0301086, 0.0244506
0.0164283, 0.0163139
-1.77909, -0.0260612
0.192093, -0.16544
-8.90102, -0.0569984
0.0217614, 1.55245
Particle 2 new velocities: -4.44579e-06, -1.54042e-06
-0.0189518, -0.00876202
-0.0113534, -0.00432981
-0.00287984, 0.00222509
-0.158697, -0.000246079
0.00993091, 0.0146851
Particle 3 new velocities: -7.81346, -3.125
-4.50793, -9.32111
-2.08913, -4.43764
0.110507, 14.9657
1.10129, 4.58892
70.8132, 0.118715
Particle 4 new velocities: 1.66372, 0.265867
-0.924413, 23.8256
29.2148, 17.7009
-15.1155, -3.39021
-5.1598, 0.257119
-4.97759, 92.9613
-- ITERATION 43 --
-------------
Particle: 1:
Relays Coordinates:
261.638, 190.954
229.037, 54.2387
102.136, 257.29
120.494, 49.5191
192.1, 146.42
53.1426, 183.995
Evaluation Time: 7.50117 seconds
Resulting Fitness: 0.700833
-------------
Particle: 2:
Relays Coordinates:
261.598, 190.909
228.943, 56.7226
102.179, 257.348
119.778, 49.4273
203.49, 146.298
53.1346, 182.57
Evaluation Time: 7.1945 seconds
Resulting Fitness: 0.715
-------------
Particle: 3:
Relays Coordinates:
201.036, 183.182
230.864, 31.7424
143.771, 253.66
119.801, 74.3073
197.247, 157.317
175.237, 183.569
Evaluation Time: 7.07575 seconds
Resulting Fitness: 0.659167
-------------
Particle: 4:
Relays Coordinates:
263.157, 191.273
223.243, 81.4804
136.672, 261.715
105.392, 37.974
237.48, 144.567
24.7141, 317.233
Evaluation Time: 9.44201 seconds
Resulting Fitness: 0.643333
Current global best fitness: 0.728333
Current global best relays: 261.598, 190.909
228.947, 56.7159
102.199, 257.347
119.783, 49.4295
203.701, 146.298
53.1127, 182.562
Particle 1 new velocities: 0.00784539, -0.0319246
-0.0744737, -2.29929
-0.476865, 0.00802166
-0.306338, 1.75302
3.75262, 0.117616
-0.0220069, 0.0538034
Particle 2 new velocities: 6.74903e-07, 7.94816e-07
-0.00208991, -0.0117687
0.00829141, -0.00354579
0.00972491, 0.00504215
0.247601, 6.02725e-06
-0.0464329, -0.0056501
Particle 3 new velocities: -21.2544, -0.537599
0.81254, 7.66717
-1.56928, 1.37437
-0.304723, -23.9263
3.46859, 1.38124
35.9106, -0.780017
Particle 4 new velocities: 0.934394, -0.0199125
2.90317, -10.8668
-11.9623, 12.7444
12.5543, 5.3022
-5.31227, 1.63326
2.19317, -49.4326
-- ITERATION 44 --
-------------
Particle: 1:
Relays Coordinates:
261.646, 190.922
228.963, 51.9394
101.659, 257.298
120.187, 51.2721
195.853, 146.538
53.1205, 184.049
Evaluation Time: 7.84355 seconds
Resulting Fitness: 0.7025
-------------
Particle: 2:
Relays Coordinates:
261.598, 190.909
228.941, 56.7108
102.187, 257.344
119.788, 49.4323
203.738, 146.298
53.0881, 182.564
Evaluation Time: 7.67737 seconds
Resulting Fitness: 0.7175
-------------
Particle: 3:
Relays Coordinates:
179.781, 182.645
231.676, 39.4096
142.202, 255.034
119.496, 50.3811
200.716, 158.698
211.147, 182.789
Evaluation Time: 8.55207 seconds
Resulting Fitness: 0.606667
-------------
Particle: 4:
Relays Coordinates:
264.092, 191.253
226.146, 70.6136
124.71, 274.459
117.946, 43.2762
232.168, 146.201
26.9072, 267.8
Evaluation Time: 7.34062 seconds
Resulting Fitness: 0.610833
Current global best fitness: 0.728333
Current global best relays: 261.598, 190.909
228.947, 56.7159
102.199, 257.347
119.783, 49.4295
203.701, 146.298
53.1127, 182.562
Particle 1 new velocities: -0.0228807, -0.0367321
0.00259349, -2.62203
0.135377, 0.0494463
0.215122, -0.727811
2.26334, -0.0200275
0.00478997, -1.01053
Particle 2 new velocities: 2.11133e-06, 9.67595e-07
0.00490937, -5.7551e-05
0.0152742, 0.00337571
-0.00434717, -0.00295617
0.0689611, 0.000239964
0.0155698, -0.00807704
Particle 3 new velocities: 28.3938, -3.0098
3.12997, -1.26954
-13.0758, -0.397909
-0.409481, 13.3698
-1.50521, -5.03684
-69.9085, 0.133837
Particle 4 new velocities: -0.00136389, -0.122517
2.72312, -12.7487
4.57278, -21.7726
-2.7186, -11.6002
21.5862, 0.821615
1.17328, 4.06498
-- ITERATION 45 --
-------------
Particle: 1:
Relays Coordinates:
261.623, 190.886
228.965, 49.3174
101.794, 257.347
120.402, 50.5443
198.116, 146.518
53.1253, 183.038
Evaluation Time: 7.50733 seconds
Resulting Fitness: 0.693333
-------------
Particle: 2:
Relays Coordinates:
261.598, 190.909
228.946, 56.7108
102.202, 257.348
119.783, 49.4294
203.807, 146.298
53.1037, 182.556
Evaluation Time: 7.16259 seconds
Resulting Fitness: 0.700833
-------------
Particle: 3:
Relays Coordinates:
208.175, 179.635
234.806, 38.14
129.126, 254.637
119.087, 63.7508
199.211, 153.661
141.239, 182.923
Evaluation Time: 7.99857 seconds
Resulting Fitness: 0.701667
-------------
Particle: 4:
Relays Coordinates:
264.09, 191.13
228.869, 57.8649
129.283, 252.686
115.227, 31.676
253.754, 147.022
28.0805, 271.865
Evaluation Time: 9.04384 seconds
Resulting Fitness: 0.623333
Current global best fitness: 0.728333
Current global best relays: 261.598, 190.909
228.947, 56.7159
102.199, 257.347
119.783, 49.4295
203.701, 146.298
53.1127, 182.562
Particle 1 new velocities: -0.0153259, -0.0134512
0.0413507, 0.244869
2.05906, 0.00326147
-0.359717, -0.372989
-6.70237, -0.246853
-0.00661848, -0.347115
Particle 2 new velocities: 3.95032e-06, -7.50588e-07
0.00473514, 0.0145703
0.00449981, 0.000763084
-0.00218914, -0.00142729
-0.104115, 0.000125404
0.0223057, -0.00239244
Particle 3 new velocities: 39.3121, -0.0373511
-5.71185, 18.1836
39.8194, -2.06537
-0.569306, 2.40313
-0.661439, 4.70446
34.6184, 0.0708694
Particle 4 new velocities: -2.51439, 0.0673766
-3.50787, 7.85431
25.3931, 7.04299
-2.44702, 6.81134
87.58, -1.73564
-4.42254, 16.6349
-- ITERATION 46 --
-------------
Particle: 1:
Relays Coordinates:
261.608, 190.872
229.007, 49.5622
103.853, 257.35
120.043, 50.1713
191.414, 146.271
53.1187, 182.691
Evaluation Time: 8.23326 seconds
Resulting Fitness: 0.7225
New local best!
-------------
Particle: 2:
Relays Coordinates:
261.598, 190.909
228.951, 56.7253
102.207, 257.348
119.781, 49.428
203.702, 146.299
53.126, 182.554
Evaluation Time: 7.48114 seconds
Resulting Fitness: 0.7175
-------------
Particle: 3:
Relays Coordinates:
247.487, 179.597
229.094, 56.3236
168.945, 252.571
118.517, 66.154
198.549, 158.366
175.857, 182.994
Evaluation Time: 7.76692 seconds
Resulting Fitness: 0.7125
-------------
Particle: 4:
Relays Coordinates:
261.576, 191.198
225.362, 65.7192
154.676, 259.729
112.78, 38.4873
341.334, 145.287
23.658, 288.5
Evaluation Time: 8.82663 seconds
Resulting Fitness: 0.6525
Current global best fitness: 0.728333
Current global best relays: 261.598, 190.909
228.947, 56.7159
102.199, 257.347
119.783, 49.4295
203.701, 146.298
53.1127, 182.562
Particle 1 new velocities: -0.0174661, 0.0158605
-0.0130474, 8.65576
-0.339485, -0.000218453
-0.331889, -0.543529
1.09368, -0.110505
-0.00728328, -0.210256
Particle 2 new velocities: -2.93568e-06, -1.01981e-07
0.00161146, -0.00278918
-0.0107125, -0.00231278
0.00379593, 0.00181458
-0.0531374, -0.000183381
-0.0109489, 0.0162619
Particle 3 new velocities: -67.9698, 4.49086
0.881559, -4.63512
-54.513, 4.0894
0.790016, 5.93732
1.00319, 0.690409
20.5319, -0.330925
Particle 4 new velocities: 0.555644, -0.0217295
-5.50192, 6.86434
4.25295, 4.86455
-0.660232, 4.89699
-71.5693, -0.918652
1.81105, -29.7311
-- ITERATION 47 --
-------------
Particle: 1:
Relays Coordinates:
261.59, 190.888
228.994, 58.218
103.514, 257.35
119.711, 49.6277
192.507, 146.16
53.1114, 182.481
Evaluation Time: 7.76343 seconds
Resulting Fitness: 0.716667
-------------
Particle: 2:
Relays Coordinates:
261.598, 190.909
228.952, 56.7225
102.196, 257.346
119.785, 49.4298
203.649, 146.298
53.1151, 182.57
Evaluation Time: 7.38055 seconds
Resulting Fitness: 0.709167
-------------
Particle: 3:
Relays Coordinates:
179.517, 184.088
229.976, 51.6885
114.432, 256.661
119.307, 72.0913
199.552, 159.056
196.389, 182.663
Evaluation Time: 7.25602 seconds
Resulting Fitness: 0.664167
-------------
Particle: 4:
Relays Coordinates:
262.132, 191.176
219.86, 72.5835
158.929, 264.594
112.12, 43.3843
269.765, 144.368
25.469, 258.769
Evaluation Time: 9.15564 seconds
Resulting Fitness: 0.658333
Current global best fitness: 0.728333
Current global best relays: 261.598, 190.909
228.947, 56.7159
102.199, 257.347
119.783, 49.4295
203.701, 146.298
53.1127, 182.562
Particle 1 new velocities: -0.00120735, 0.00896678
-0.0234431, 1.28723
-0.387379, -0.00179161
0.274195, -0.246831
7.15567, 0.00335408
0.000730485, 0.000816162
Particle 2 new velocities: -1.12881e-06, 4.23733e-07
-0.00625898, -0.0143856
-0.00227074, 0.00131444
-0.00182309, 0.000399131
0.0686778, 9.49788e-05
-0.00965235, 0.00427114
Particle 3 new velocities: 30.4088, -0.229965
0.224482, -6.78123
-13.3158, -0.32966
-0.0134245, -20.7824
-2.29542, -2.28278
39.8142, 0.37466
Particle 4 new velocities: 2.00672, 0.0185798
2.898, -4.09707
-20.9941, -2.617
0.627652, -16.3128
-102.526, 2.14705
23.9932, -44.6638
-- ITERATION 48 --
-------------
Particle: 1:
Relays Coordinates:
261.589, 190.897
228.97, 59.5052
103.127, 257.348
119.985, 49.3809
199.663, 146.164
53.1122, 182.481
Evaluation Time: 8.35811 seconds
Resulting Fitness: 0.706667
-------------
Particle: 2:
Relays Coordinates:
261.598, 190.909
228.946, 56.7082
102.194, 257.347
119.783, 49.4302
203.718, 146.298
53.1054, 182.574
Evaluation Time: 7.86352 seconds
Resulting Fitness: 0.7175
-------------
Particle: 3:
Relays Coordinates:
209.926, 183.858
230.201, 44.9073
101.116, 256.331
119.294, 51.3089
197.257, 156.773
236.203, 183.038
Evaluation Time: 8.96648 seconds
Resulting Fitness: 0.585
-------------
Particle: 4:
Relays Coordinates:
264.138, 191.194
222.758, 68.4865
137.935, 261.977
112.748, 27.0715
167.238, 146.515
49.4622, 214.105
Evaluation Time: 8.95441 seconds
Resulting Fitness: 0.603333
Current global best fitness: 0.728333
Current global best relays: 261.598, 190.909
228.947, 56.7159
102.199, 257.347
119.783, 49.4295
203.701, 146.298
53.1127, 182.562
Particle 1 new velocities: 0.0112011, -0.0209493
0.023933, -2.97805
-0.407131, 0.000521267
0.00167693, 0.971521
-6.02228, 0.209242
0.00244269, 0.0804664
Particle 2 new velocities: 1.4664e-06, 7.14536e-09
-0.00145109, 0.00417778
0.00416979, 0.000499139
-0.000675385, -0.00137628
0.00988013, 4.0762e-05
0.00584492, -0.0114986
Particle 3 new velocities: 11.5792, -2.75934
3.94482, 4.24043
73.6331, -1.31705
0.0810678, 4.12504
3.08687, 4.58926
-111.9, 0.252577
Particle 4 new velocities: -2.35991, 0.0443708
7.33972, -1.86248
-11.2306, 0.415179
1.83941, 5.94553
120.564, -0.818934
2.32828, 29.4844
-- ITERATION 49 --
-------------
Particle: 1:
Relays Coordinates:
261.6, 190.876
228.994, 56.5272
102.719, 257.349
119.987, 50.3524
193.641, 146.373
53.1146, 182.562
Evaluation Time: 7.44937 seconds
Resulting Fitness: 0.718333
-------------
Particle: 2:
Relays Coordinates:
261.598, 190.909
228.945, 56.7123
102.198, 257.348
119.783, 49.4288
203.728, 146.298
53.1113, 182.563
Evaluation Time: 7.22233 seconds
Resulting Fitness: 0.7175
-------------
Particle: 3:
Relays Coordinates:
221.505, 181.099
234.145, 49.1477
174.749, 255.014
119.375, 55.4339
200.344, 161.363
124.303, 183.29
Evaluation Time: 7.35939 seconds
Resulting Fitness: 0.695
-------------
Particle: 4:
Relays Coordinates:
261.779, 191.239
230.097, 66.624
126.704, 262.392
114.587, 33.0171
287.803, 145.696
51.7905, 243.59
Evaluation Time: 8.11208 seconds
Resulting Fitness: 0.659167
Current global best fitness: 0.728333
Current global best relays: 261.598, 190.909
228.947, 56.7159
102.199, 257.347
119.783, 49.4295
203.701, 146.298
53.1127, 182.562
Particle 1 new velocities: 0.0112264, 0.0124006
0.0149544, -2.12338
-0.102244, -0.000461505
-0.157354, -0.65591
3.51438, -0.0197946
0.00501744, 0.242325
Particle 2 new velocities: 7.81139e-07, -2.65982e-07
0.00186497, 0.0103135
0.00285469, -0.000440849
0.000925258, 0.000834654
-0.0574905, -7.09722e-05
0.00481387, -0.0062026
Particle 3 new velocities: -25.4328, 8.87544
-1.65542, -17.8319
1.29661, -2.1974
-0.848697, 0.368597
-0.934657, -11.699
55.5542, 0.181548
Particle 4 new velocities: -1.04091, 0.00869307
0.897514, 8.93946
8.47574, 0.256955
1.63327, 13.4685
57.0162, -1.09162
1.26857, 59.1673
-- ITERATION 50 --
-------------
Particle: 1:
Relays Coordinates:
261.611, 190.888
229.009, 54.4038
102.617, 257.348
119.829, 49.6965
197.155, 146.353
53.1196, 182.804
Evaluation Time: 7.69259 seconds
Resulting Fitness: 0.710833
-------------
Particle: 2:
Relays Coordinates:
261.598, 190.909
228.947, 56.7226
102.201, 257.347
119.783, 49.4296
203.67, 146.298
53.1161, 182.556
Evaluation Time: 7.22527 seconds
Resulting Fitness: 0.719167
-------------
Particle: 3:
Relays Coordinates:
196.073, 189.974
232.49, 31.3158
176.046, 252.816
118.526, 55.8025
199.409, 149.664
179.857, 183.472
Evaluation Time: 7.1561 seconds
Resulting Fitness: 0.689167
-------------
Particle: 4:
Relays Coordinates:
260.738, 191.248
230.995, 75.5635
135.18, 262.649
116.22, 46.4856
344.819, 144.604
53.0591, 302.757
Evaluation Time: 8.58647 seconds
Resulting Fitness: 0.645
Final global best fitness: 0.728333
Final global best relays:
261.598, 190.909
228.947, 56.7159
102.199, 257.347
119.783, 49.4295
203.701, 146.298
53.1127, 182.562
