PSO EXECUTION
============================
Seed: 184347641
Particles: 4
Relays: 4
Iterations: 50
Backend: Hybrid
Network Configuration: 3
Area: 350 x 350
Sink: 0, 0
Simulated Relay range: 155
w: 0.7
c1: 1
c2: 2

Relay Nodes Positions: 
PARTICLE 1: 
134.504, 94.2054
235.363, 209.573
51.412, 44.1244
286.215, 338.31
PARTICLE 2: 
25.544, 30.0046
118.146, 138.766
264.215, 341.8
206.772, 261.093
PARTICLE 3: 
130.643, 130.923
51.7478, 23.0823
207.423, 255.822
320.545, 323.369
PARTICLE 4: 
307.161, 276.819
40.5605, 41.0581
166.138, 212.579
179.522, 109.659
Nodes Positions: 
314.834, 18.9194
76.8668, 126.284
149.448, 117.959
174.648, 76.3786
104.111, 187.982
25.2432, 317.775
92.4231, 61.4821
12.9658, 342.798
225.95, 270.002
113.355, 154.966
209.942, 198.516
60.218, 5.58277
163.162, 103.296
45.8545, 217.491
129.372, 243.476
214.15, 259.968
285.932, 322.3
348.709, 287.384
256.367, 234.869
302.419, 299.486
332.585, 46.2537
274.091, 144.498
182.979, 173.872
39.2276, 35.0842
251.832, 94.9438
All particles start with velocity zero
-- ITERATION 0 --
-------------
Particle: 1:
Relays Coordinates:
134.504, 94.2054
235.363, 209.573
51.412, 44.1244
286.215, 338.31
Evaluation Time: 0.0275623 seconds
Resulting Fitness: 0.757125
New local best!
New global best!
-------------
Particle: 2:
Relays Coordinates:
25.544, 30.0046
118.146, 138.766
264.215, 341.8
206.772, 261.093
Evaluation Time: 0.034725 seconds
Resulting Fitness: 0.746833
New local best!
-------------
Particle: 3:
Relays Coordinates:
130.643, 130.923
51.7478, 23.0823
207.423, 255.822
320.545, 323.369
Evaluation Time: 0.0351367 seconds
Resulting Fitness: 0.752835
New local best!
-------------
Particle: 4:
Relays Coordinates:
307.161, 276.819
40.5605, 41.0581
166.138, 212.579
179.522, 109.659
Evaluation Time: 0.0242763 seconds
Resulting Fitness: 0.758495
New local best!
New global best!
Current global best fitness: 0.758495
Current global best relays: 307.161, 276.819
40.5605, 41.0581
166.138, 212.579
179.522, 109.659
Particle 1 new velocities: 58.5219, 2.37221
-6.35222, -144.256
57.8472, 65.7337
-77.1064, -22.4654
Particle 2 new velocities: 229.083, 46.4031
-132.534, -51.8109
-151.223, -81.1953
-34.1761, -154.515
Particle 3 new velocities: 152.666, 246.212
-2.72986, 30.4011
-50.4468, -6.81694
-257.715, -29.0955
Particle 4 new velocities: 0, 0
0, 0
0, 0
0, 0
-- ITERATION 1 --
-------------
Particle: 1:
Relays Coordinates:
193.026, 96.5776
229.011, 65.3162
109.259, 109.858
209.109, 315.844
Evaluation Time: 9.5795e-05 seconds
Resulting Fitness: 0
-------------
Particle: 2:
Relays Coordinates:
254.627, 76.4077
0, 86.9556
112.992, 260.605
172.596, 106.578
Evaluation Time: 6.1327e-05 seconds
Resulting Fitness: 0
-------------
Particle: 3:
Relays Coordinates:
283.309, 350
49.018, 53.4834
156.976, 249.005
62.83, 294.273
Evaluation Time: 4.9275e-05 seconds
Resulting Fitness: 0
-------------
Particle: 4:
Relays Coordinates:
307.161, 276.819
40.5605, 41.0581
166.138, 212.579
179.522, 109.659
Evaluation Time: 0.0255801 seconds
Resulting Fitness: 0.758495
Current global best fitness: 0.758495
Current global best relays: 307.161, 276.819
40.5605, 41.0581
166.138, 212.579
179.522, 109.659
Particle 1 new velocities: 202.194, 29.4263
-328.528, -8.72233
28.5884, 81.5744
-78.5588, -175.697
Particle 2 new velocities: 73.3752, 250.421
179.572, -44.7419
50.036, -111.056
-4.54196, -95.9132
Particle 3 new velocities: 15.255, -271.126
-7.81491, 6.96987
-16.1043, -62.9916
256.98, -197.358
Particle 4 new velocities: 0, 0
0, 0
0, 0
0, 0
-- ITERATION 2 --
-------------
Particle: 1:
Relays Coordinates:
350, 126.004
0, 56.5939
137.848, 191.433
130.55, 140.148
Evaluation Time: 7.2484e-05 seconds
Resulting Fitness: 0
-------------
Particle: 2:
Relays Coordinates:
328.003, 326.829
179.572, 42.2136
163.028, 149.549
168.054, 10.6651
Evaluation Time: 4.4855e-05 seconds
Resulting Fitness: 0
-------------
Particle: 3:
Relays Coordinates:
298.564, 78.8736
41.2031, 60.4533
140.872, 186.013
319.81, 96.915
Evaluation Time: 4.8282e-05 seconds
Resulting Fitness: 0
-------------
Particle: 4:
Relays Coordinates:
307.161, 276.819
40.5605, 41.0581
166.138, 212.579
179.522, 109.659
Evaluation Time: 0.0280722 seconds
Resulting Fitness: 0.758495
Current global best fitness: 0.758495
Current global best relays: 307.161, 276.819
40.5605, 41.0581
166.138, 212.579
179.522, 109.659
Particle 1 new velocities: -141.986, 257.624
242.576, 44.5801
35.6272, 12.6111
144.626, -180.733
Particle 2 new velocities: -8.10688, -29.2301
-143.474, -28.3078
106.385, 184.07
44.3004, 26.519
Particle 3 new velocities: -140.365, -17.773
-3.64242, -48.5491
73.3348, 6.20764
57.3469, -19.1942
Particle 4 new velocities: 0, 0
0, 0
0, 0
0, 0
-- ITERATION 3 --
-------------
Particle: 1:
Relays Coordinates:
208.014, 350
242.576, 101.174
173.475, 204.044
275.176, 0
Evaluation Time: 5.9775e-05 seconds
Resulting Fitness: 0
-------------
Particle: 2:
Relays Coordinates:
319.896, 297.598
36.0978, 13.9058
269.413, 333.619
212.355, 37.1841
Evaluation Time: 4.3927e-05 seconds
Resulting Fitness: 0
-------------
Particle: 3:
Relays Coordinates:
158.2, 61.1006
37.5606, 11.9042
214.206, 192.221
350, 77.7208
Evaluation Time: 4.4814e-05 seconds
Resulting Fitness: 0
-------------
Particle: 4:
Relays Coordinates:
307.161, 276.819
40.5605, 41.0581
166.138, 212.579
179.522, 109.659
Evaluation Time: 0.035251 seconds
Resulting Fitness: 0.758495
Current global best fitness: 0.758495
Current global best relays: 307.161, 276.819
40.5605, 41.0581
166.138, 212.579
179.522, 109.659
Particle 1 new velocities: -98.9018, -168.718
25.589, 2.67507
-90.2166, -48.0869
99.3386, 107.755
Particle 2 new velocities: -80.847, -220.526
-73.5247, 81.8688
-126.354, 25.1073
-2.36953, 271.75
Particle 3 new velocities: 190.819, 440.67
2.31541, -16.8343
5.3141, 79.2263
-307.198, 44.2829
Particle 4 new velocities: 0, 0
0, 0
0, 0
0, 0
-- ITERATION 4 --
-------------
Particle: 1:
Relays Coordinates:
109.113, 181.282
268.165, 103.849
83.2582, 155.957
350, 107.755
Evaluation Time: 6.6483e-05 seconds
Resulting Fitness: 0
-------------
Particle: 2:
Relays Coordinates:
239.049, 77.0725
0, 95.7747
143.059, 350
209.985, 308.934
Evaluation Time: 7.007e-05 seconds
Resulting Fitness: 0
-------------
Particle: 3:
Relays Coordinates:
349.019, 350
39.876, 0
219.52, 271.447
42.8015, 122.004
Evaluation Time: 5.1698e-05 seconds
Resulting Fitness: 0
-------------
Particle: 4:
Relays Coordinates:
307.161, 276.819
40.5605, 41.0581
166.138, 212.579
179.522, 109.659
Evaluation Time: 0.0248535 seconds
Resulting Fitness: 0.758495
Current global best fitness: 0.758495
Current global best relays: 307.161, 276.819
40.5605, 41.0581
166.138, 212.579
179.522, 109.659
Particle 1 new velocities: 120.239, -90.6715
-97.7796, -32.4533
20.7018, -55.2688
-106.619, 252.068
Particle 2 new velocities: -34.2879, 150.005
70.5504, 54.979
-45.4909, -55.5163
-1.81098, -126.228
Particle 3 new velocities: 27.8272, -226.492
4.51556, 19.9746
-84.9744, -18.1699
60.1322, 98.8901
Particle 4 new velocities: 0, 0
0, 0
0, 0
0, 0
-- ITERATION 5 --
-------------
Particle: 1:
Relays Coordinates:
229.351, 90.6108
170.385, 71.3957
103.96, 100.688
243.381, 350
Evaluation Time: 8.0512e-05 seconds
Resulting Fitness: 0
-------------
Particle: 2:
Relays Coordinates:
204.761, 227.077
70.5504, 150.754
97.568, 294.484
208.174, 182.705
Evaluation Time: 5.5924e-05 seconds
Resulting Fitness: 0
-------------
Particle: 3:
Relays Coordinates:
350, 123.508
44.3916, 19.9746
134.546, 253.277
102.934, 220.894
Evaluation Time: 5.1763e-05 seconds
Resulting Fitness: 0
-------------
Particle: 4:
Relays Coordinates:
307.161, 276.819
40.5605, 41.0581
166.138, 212.579
179.522, 109.659
Evaluation Time: 0.0248487 seconds
Resulting Fitness: 0.758495
Current global best fitness: 0.758495
Current global best relays: 307.161, 276.819
40.5605, 41.0581
166.138, 212.579
179.522, 109.659
Particle 1 new velocities: 68.798, 43.0639
-220.456, 34.644
87.2527, 46.5805
-124.784, -107.196
Particle 2 new velocities: -78.8958, 122.337
45.3021, -27.2337
158.702, -117.272
-55.7034, -165.456
Particle 3 new velocities: -233.05, 67.8517
3.21703, 31.6032
-13.2771, -41.5437
279.447, 66.5934
Particle 4 new velocities: 0, 0
0, 0
0, 0
0, 0
-- ITERATION 6 --
-------------
Particle: 1:
Relays Coordinates:
298.149, 133.675
0, 106.04
191.213, 147.268
118.597, 242.804
Evaluation Time: 7.5013e-05 seconds
Resulting Fitness: 0
-------------
Particle: 2:
Relays Coordinates:
125.865, 349.414
115.853, 123.52
256.27, 177.212
152.471, 17.2492
Evaluation Time: 5.2348e-05 seconds
Resulting Fitness: 0
-------------
Particle: 3:
Relays Coordinates:
116.95, 191.36
47.6086, 51.5778
121.269, 211.733
350, 287.487
Evaluation Time: 4.8762e-05 seconds
Resulting Fitness: 0
-------------
Particle: 4:
Relays Coordinates:
307.161, 276.819
40.5605, 41.0581
166.138, 212.579
179.522, 109.659
Evaluation Time: 0.0254625 seconds
Resulting Fitness: 0.758495
New local best!
New global best!
Current global best fitness: 0.758495
Current global best relays: 307.161, 276.819
40.5605, 41.0581
166.138, 212.579
179.522, 109.659
Particle 1 new velocities: 59.6135, 288.788
107.012, 17.9968
-79.7118, 55.8679
109.551, -248.87
Particle 2 new velocities: 199.234, -215.658
-92.6146, -25.9004
-17.7422, 1.445
13.3402, 86.2176
Particle 3 new velocities: -35.9441, 118.352
-4.5951, 0.535285
145.011, -22.2354
-268.609, 18.2696
Particle 4 new velocities: 0, 0
0, 0
0, 0
0, 0
-- ITERATION 7 --
-------------
Particle: 1:
Relays Coordinates:
350, 350
107.012, 124.037
111.501, 203.136
228.148, 0
Evaluation Time: 0.000121193 seconds
Resulting Fitness: 0
-------------
Particle: 2:
Relays Coordinates:
325.099, 133.757
23.2379, 97.6196
238.527, 178.657
165.811, 103.467
Evaluation Time: 0.0308494 seconds
Resulting Fitness: 0.767179
New local best!
New global best!
-------------
Particle: 3:
Relays Coordinates:
81.0062, 309.712
43.0135, 52.1131
266.279, 189.498
81.3914, 305.757
Evaluation Time: 9.3381e-05 seconds
Resulting Fitness: 0
-------------
Particle: 4:
Relays Coordinates:
307.161, 276.819
40.5605, 41.0581
166.138, 212.579
179.522, 109.659
Evaluation Time: 0.0264458 seconds
Resulting Fitness: 0.758495
Current global best fitness: 0.767179
Current global best relays: 325.099, 133.757
23.2379, 97.6196
238.527, 178.657
165.811, 103.467
Particle 1 new velocities: -116.826, -443.54
123.417, 18.8539
-104.826, -68.015
8.91875, 132.853
Particle 2 new velocities: 139.464, -150.96
-64.8302, -18.1303
-12.4195, 1.0115
9.33812, 60.3523
Particle 3 new velocities: 51.8535, -320.519
-39.7647, 14.8493
52.6012, -26.634
61.3791, -120.592
Particle 4 new velocities: 6.13978, -117.745
-14.6523, 74.3101
64.8141, -37.1858
-10.0576, -8.58334
-- ITERATION 8 --
-------------
Particle: 1:
Relays Coordinates:
233.174, 0
230.429, 142.89
6.67498, 135.121
237.066, 132.853
Evaluation Time: 7.171e-05 seconds
Resulting Fitness: 0
-------------
Particle: 2:
Relays Coordinates:
350, 0
0, 79.4893
226.108, 179.669
175.149, 163.819
Evaluation Time: 5.3153e-05 seconds
Resulting Fitness: 0
-------------
Particle: 3:
Relays Coordinates:
132.86, 0
3.2488, 66.9623
318.881, 162.864
142.771, 185.165
Evaluation Time: 5.0759e-05 seconds
Resulting Fitness: 0
-------------
Particle: 4:
Relays Coordinates:
313.3, 159.074
25.9082, 115.368
230.952, 175.393
169.465, 101.076
Evaluation Time: 0.0369074 seconds
Resulting Fitness: 0.762322
New local best!
Current global best fitness: 0.767179
Current global best relays: 325.099, 133.757
23.2379, 97.6196
238.527, 178.657
165.811, 103.467
Particle 1 new velocities: -53.8738, 94.2913
-315.667, -9.30963
304, -35.9751
9.36995, 238.375
Particle 2 new velocities: -29.652, 161.867
66.8676, 8.97672
13.8945, -0.649115
2.7735, -49.5395
Particle 3 new velocities: 41.688, 166.045
21.2122, 28.692
-67.587, 59.1962
160.303, -133.295
Particle 4 new velocities: 9.85436, -102.894
-15.5067, 30.2839
58.5295, -20.5979
-12.0924, -4.80808
-- ITERATION 9 --
-------------
Particle: 1:
Relays Coordinates:
179.3, 94.2913
0, 133.581
310.675, 99.1463
246.436, 350
Evaluation Time: 0.554637 seconds
Resulting Fitness: 0.28
-------------
Particle: 2:
Relays Coordinates:
320.348, 161.867
66.8676, 88.466
240.002, 179.019
177.923, 114.28
Evaluation Time: 0.629755 seconds
Resulting Fitness: 0.733333
-------------
Particle: 3:
Relays Coordinates:
174.548, 166.045
24.461, 95.6543
251.294, 222.06
303.074, 51.8695
Evaluation Time: 0.61972 seconds
Resulting Fitness: 0.42
-------------
Particle: 4:
Relays Coordinates:
323.155, 56.1799
10.4015, 145.652
289.482, 154.795
157.372, 96.2678
Evaluation Time: 0.583254 seconds
Resulting Fitness: 0.626667
Current global best fitness: 0.767179
Current global best relays: 325.099, 133.757
23.2379, 97.6196
238.527, 178.657
165.811, 103.467
Particle 1 new velocities: 120.241, 82.9693
65.9394, -1.54887
182.811, 74.1087
-51.8295, -105.726
Particle 2 new velocities: -11.0647, 80.3975
9.32922, 23.112
8.03415, -0.649689
-21.4643, -50.7173
Particle 3 new velocities: 295.099, 49.8108
25.8601, -7.29014
-54.9334, 63.2863
-150.813, -44.9754
Particle 4 new velocities: -1.62505, -3.52724
19.3728, -42.6101
-62.7564, 5.3412
-0.0865799, 6.82144
-- ITERATION 10 --
-------------
Particle: 1:
Relays Coordinates:
299.541, 177.261
65.9394, 132.032
350, 173.255
194.607, 244.274
Evaluation Time: 8.2133e-05 seconds
Resulting Fitness: 0
-------------
Particle: 2:
Relays Coordinates:
309.283, 242.265
76.1969, 111.578
248.037, 178.37
156.458, 63.5623
Evaluation Time: 0.0260802 seconds
Resulting Fitness: 0.761853
-------------
Particle: 3:
Relays Coordinates:
350, 215.856
50.3211, 88.3642
196.36, 285.346
152.261, 6.89417
Evaluation Time: 0.000117903 seconds
Resulting Fitness: 0
-------------
Particle: 4:
Relays Coordinates:
321.53, 52.6526
29.7743, 103.042
226.725, 160.136
157.286, 103.089
Evaluation Time: 0.025046 seconds
Resulting Fitness: 0.780263
New local best!
New global best!
Current global best fitness: 0.780263
Current global best relays: 321.53, 52.6526
29.7743, 103.042
226.725, 160.136
157.286, 103.089
Particle 1 new velocities: 0.0182582, 17.72
118.056, -8.98038
-269.841, -23.2649
19.4154, -187.304
Particle 2 new velocities: -3.1737, -239.471
-89.0355, 13.7581
-34.2079, -9.79412
-8.34368, -16.7765
Particle 3 new velocities: -87.7961, -270.848
-0.71242, -5.31107
-8.68537, -70.1248
-90.4911, 241.755
Particle 4 new velocities: -1.13753, -2.46907
13.561, -29.8271
-43.9295, 3.73884
-0.0606059, 4.77501
-- ITERATION 11 --
-------------
Particle: 1:
Relays Coordinates:
299.559, 194.981
183.995, 123.052
80.1593, 149.99
214.022, 56.9709
Evaluation Time: 0.000121849 seconds
Resulting Fitness: 0
-------------
Particle: 2:
Relays Coordinates:
306.11, 2.79385
0, 125.336
213.829, 168.576
148.115, 46.7858
Evaluation Time: 8.694e-05 seconds
Resulting Fitness: 0
-------------
Particle: 3:
Relays Coordinates:
262.204, 0
49.6087, 83.0531
187.675, 215.222
61.7699, 248.649
Evaluation Time: 0.000118813 seconds
Resulting Fitness: 0
-------------
Particle: 4:
Relays Coordinates:
320.392, 50.1836
43.3352, 73.2149
182.796, 163.875
157.225, 107.864
Evaluation Time: 8.5618e-05 seconds
Resulting Fitness: 0
Current global best fitness: 0.780263
Current global best relays: 321.53, 52.6526
29.7743, 103.042
226.725, 160.136
157.286, 103.089
Particle 1 new velocities: -5.66331, -22.9019
-30.4764, 32.9466
-182.469, -47.5264
-12.9682, -15.37
Particle 2 new velocities: 20.2682, -82.4676
12.1108, -19.1406
-0.356478, -6.70736
13.9545, 110.795
Particle 3 new velocities: -75.2154, 132.891
-32.6995, -4.08228
48.3555, -124.42
221.842, -73.6248
Particle 4 new velocities: 0.30576, 2.23608
-13.0837, -3.8947
33.1484, -1.12166
0.106645, 1.37498
-- ITERATION 12 --
-------------
Particle: 1:
Relays Coordinates:
293.896, 172.079
153.519, 155.998
0, 102.464
201.054, 41.6009
Evaluation Time: 6.206e-05 seconds
Resulting Fitness: 0
-------------
Particle: 2:
Relays Coordinates:
326.378, 0
12.1108, 106.196
213.472, 161.868
162.069, 157.58
Evaluation Time: 6.982e-05 seconds
Resulting Fitness: 0
-------------
Particle: 3:
Relays Coordinates:
186.989, 132.891
16.9091, 78.9708
236.03, 90.8013
283.612, 175.024
Evaluation Time: 6.1056e-05 seconds
Resulting Fitness: 0
-------------
Particle: 4:
Relays Coordinates:
320.698, 52.4197
30.2516, 69.3202
215.944, 162.754
157.332, 109.239
Evaluation Time: 0.0336267 seconds
Resulting Fitness: 0.770948
Current global best fitness: 0.780263
Current global best relays: 321.53, 52.6526
29.7743, 103.042
226.725, 160.136
157.286, 103.089
Particle 1 new velocities: -138.112, -124.91
-82.0298, 23.9641
312.654, -16.7286
-68.8213, 250.911
Particle 2 new velocities: 12.059, 63.3907
39.7872, -22.7255
29.4431, 3.79186
4.7271, 17.1174
Particle 3 new velocities: 30.3059, 61.3849
9.66517, -14.2759
20.5774, 122.338
78.5527, -142.932
Particle 4 new velocities: 2.17714, 1.83239
-9.679, 13.0846
40.9935, -5.37381
0.0227483, -11.0257
-- ITERATION 13 --
-------------
Particle: 1:
Relays Coordinates:
155.784, 47.1688
71.4889, 179.962
312.654, 85.7351
132.233, 292.512
Evaluation Time: 6.5579e-05 seconds
Resulting Fitness: 0
-------------
Particle: 2:
Relays Coordinates:
338.437, 63.3907
51.898, 83.4701
242.915, 165.66
166.796, 174.698
Evaluation Time: 0.0248888 seconds
Resulting Fitness: 0.775448
New local best!
-------------
Particle: 3:
Relays Coordinates:
217.294, 194.276
26.5743, 64.695
256.608, 213.14
350, 32.092
Evaluation Time: 0.000147383 seconds
Resulting Fitness: 0
-------------
Particle: 4:
Relays Coordinates:
322.875, 54.2521
20.5726, 82.4048
256.938, 157.38
157.354, 98.2136
Evaluation Time: 0.0252454 seconds
Resulting Fitness: 0.775634
Current global best fitness: 0.780263
Current global best relays: 321.53, 52.6526
29.7743, 103.042
226.725, 160.136
157.286, 103.089
Particle 1 new velocities: 35.6966, -33.3248
-16.9928, -18.3465
100.176, 11.8891
42.9931, 54.2471
Particle 2 new velocities: 7.52768, 33.2114
-13.615, 11.5047
1.73736, -5.48261
3.00039, -51.6691
Particle 3 new velocities: 115.373, -222.745
9.54366, -11.0169
-87.1904, -12.6857
-274.203, 129.483
Particle 4 new velocities: 0.75892, -1.37729
1.28694, 64.1111
-19.29, -1.99171
-0.0600004, -4.19023
-- ITERATION 14 --
-------------
Particle: 1:
Relays Coordinates:
191.481, 13.844
54.4961, 161.616
350, 97.6243
175.226, 346.759
Evaluation Time: 0.000114697 seconds
Resulting Fitness: 0
-------------
Particle: 2:
Relays Coordinates:
345.964, 96.6022
38.283, 94.9748
244.653, 160.178
169.797, 123.029
Evaluation Time: 0.0262746 seconds
Resulting Fitness: 0.762092
-------------
Particle: 3:
Relays Coordinates:
332.668, 0
36.118, 53.678
169.417, 200.454
75.7975, 161.575
Evaluation Time: 0.000158981 seconds
Resulting Fitness: 0
-------------
Particle: 4:
Relays Coordinates:
323.634, 52.8748
21.8595, 146.516
237.648, 155.388
157.294, 94.0233
Evaluation Time: 0.034064 seconds
Resulting Fitness: 0.782276
New local best!
New global best!
Current global best fitness: 0.782276
Current global best relays: 323.634, 52.8748
21.8595, 146.516
237.648, 155.388
157.294, 94.0233
Particle 1 new velocities: 241.89, 130.914
91.2115, -28.4227
-322.043, 35.3397
73.4701, -355.294
Particle 2 new velocities: -10.8626, -84.9681
-1.09829, 59.5082
-7.75528, -8.72749
-7.36062, -17.8305
Particle 3 new velocities: 44.2038, 118.026
-4.8658, 95.2395
92.2455, -44.2589
-40.8174, 164.906
Particle 4 new velocities: 0.531244, -0.964103
0.900858, 44.8778
-13.503, -1.3942
-0.0420003, -2.93316
-- ITERATION 15 --
-------------
Particle: 1:
Relays Coordinates:
350, 144.758
145.708, 133.193
27.9567, 132.964
248.696, 0
Evaluation Time: 7.3056e-05 seconds
Resulting Fitness: 0
-------------
Particle: 2:
Relays Coordinates:
335.102, 11.6341
37.1847, 154.483
236.897, 151.45
162.436, 105.198
Evaluation Time: 4.8546e-05 seconds
Resulting Fitness: 0
-------------
Particle: 3:
Relays Coordinates:
350, 118.026
31.2522, 148.918
261.663, 156.195
34.9801, 326.482
Evaluation Time: 4.7824e-05 seconds
Resulting Fitness: 0
-------------
Particle: 4:
Relays Coordinates:
324.165, 51.9107
22.7604, 191.394
224.145, 153.994
157.252, 91.0902
Evaluation Time: 4.9784e-05 seconds
Resulting Fitness: 0
Current global best fitness: 0.782276
Current global best relays: 323.634, 52.8748
21.8595, 146.516
237.648, 155.388
157.294, 94.0233
Particle 1 new velocities: -211.859, -81.2494
-13.2937, 26.5932
-45.3892, -24.3277
24.1945, 180.196
Particle 2 new velocities: -22.821, -8.42393
-26.6909, 11.1493
0.984889, 1.00756
-9.2442, -4.71447
Particle 3 new velocities: -171.339, -18.2081
-6.98997, 38.0816
12.9143, 13.9382
211.174, -328.015
Particle 4 new velocities: -0.129116, 1.11245
-0.669515, 0.539165
14.0411, 1.67914
-0.0104229, 3.67113
-- ITERATION 16 --
-------------
Particle: 1:
Relays Coordinates:
138.141, 63.5088
132.414, 159.786
0, 108.636
272.891, 180.196
Evaluation Time: 0.0261865 seconds
Resulting Fitness: 0.786543
New local best!
New global best!
-------------
Particle: 2:
Relays Coordinates:
312.281, 3.21016
10.4938, 165.632
237.882, 152.458
153.192, 100.484
Evaluation Time: 0.000102272 seconds
Resulting Fitness: 0
-------------
Particle: 3:
Relays Coordinates:
178.661, 99.8181
24.2622, 186.999
274.577, 170.133
246.154, 0
Evaluation Time: 0.000108678 seconds
Resulting Fitness: 0
-------------
Particle: 4:
Relays Coordinates:
324.036, 53.0231
22.0909, 191.933
238.186, 155.673
157.242, 94.7613
Evaluation Time: 0.000100023 seconds
Resulting Fitness: 0
Current global best fitness: 0.786543
Current global best relays: 138.141, 63.5088
132.414, 159.786
0, 108.636
272.891, 180.196
Particle 1 new velocities: -148.301, -56.8746
-9.30562, 18.6153
0, -17.0294
16.9362, 126.137
Particle 2 new velocities: -85.9561, 97.9328
138.477, -39.1807
-32.2018, 0.782617
55.1541, 123.17
Particle 3 new velocities: -200.593, -28.1239
74.1788, -36.1664
-498.926, 29.0381
237.218, 283.79
Particle 4 new velocities: -242.223, 0.913098
41.7206, -79.1961
-305.398, -27.5235
85.7788, 136.003
-- ITERATION 17 --
-------------
Particle: 1:
Relays Coordinates:
0, 6.63423
123.108, 178.402
0, 91.6068
289.827, 306.334
Evaluation Time: 7.565e-05 seconds
Resulting Fitness: 0
-------------
Particle: 2:
Relays Coordinates:
226.325, 101.143
148.971, 126.452
205.68, 153.24
208.346, 223.654
Evaluation Time: 7.3615e-05 seconds
Resulting Fitness: 0
-------------
Particle: 3:
Relays Coordinates:
0, 71.6942
98.441, 150.833
0, 199.171
350, 283.79
Evaluation Time: 6.9794e-05 seconds
Resulting Fitness: 0
-------------
Particle: 4:
Relays Coordinates:
81.8129, 53.9362
63.8114, 112.737
0, 128.15
243.021, 230.764
Evaluation Time: 6.6523e-05 seconds
Resulting Fitness: 0
Current global best fitness: 0.786543
Current global best relays: 138.141, 63.5088
132.414, 159.786
0, 108.636
272.891, 180.196
Particle 1 new velocities: 325.173, 12.885
9.02638, 8.37354
0, 14.5989
1.05497, -193.655
Particle 2 new velocities: -112.569, 31.1975
0.479878, -45.5818
-257.055, -76.3954
140.311, -7.15042
Particle 3 new velocities: 146.729, 15.0017
77.3657, -35.13
83.5594, 30.911
-79.9511, 67.701
Particle 4 new velocities: -65.3604, 5.59821
49.3657, -24.9952
186.127, -52.7043
18.5263, -0.374599
-- ITERATION 18 --
-------------
Particle: 1:
Relays Coordinates:
325.173, 19.5193
132.135, 186.775
0, 106.206
290.882, 112.678
Evaluation Time: 7.0806e-05 seconds
Resulting Fitness: 0
-------------
Particle: 2:
Relays Coordinates:
113.755, 132.34
149.451, 80.8698
0, 76.8449
348.656, 216.504
Evaluation Time: 7.3668e-05 seconds
Resulting Fitness: 0
-------------
Particle: 3:
Relays Coordinates:
146.729, 86.696
175.807, 115.703
83.5594, 230.082
270.049, 350
Evaluation Time: 6.4574e-05 seconds
Resulting Fitness: 0
-------------
Particle: 4:
Relays Coordinates:
16.4525, 59.5344
113.177, 87.7414
186.127, 75.4452
261.547, 230.389
Evaluation Time: 8.2849e-05 seconds
Resulting Fitness: 0
Current global best fitness: 0.786543
Current global best relays: 138.141, 63.5088
132.414, 159.786
0, 108.636
272.891, 180.196
Particle 1 new velocities: 50.0323, 102.131
6.62671, -36.9319
0, 10.969
-28.4774, -113.275
Particle 2 new velocities: 127.116, -93.8735
-93.2687, 16.2922
124.07, 38.034
-103.573, -58.8764
Particle 3 new velocities: 83.4887, 37.3187
-72.5992, 17.306
81.2637, 18.2919
-30.0144, -30.9206
Particle 4 new velocities: 250.625, 8.22366
44.8447, 75.9219
-88.5441, 12.3628
26.4978, -154.803
-- ITERATION 19 --
-------------
Particle: 1:
Relays Coordinates:
350, 121.65
138.761, 149.843
0, 117.175
262.404, 0
Evaluation Time: 0.508478 seconds
Resulting Fitness: 0.553333
-------------
Particle: 2:
Relays Coordinates:
240.872, 38.4669
56.1822, 97.162
124.07, 114.879
245.083, 157.627
Evaluation Time: 0.565565 seconds
Resulting Fitness: 0.746667
-------------
Particle: 3:
Relays Coordinates:
230.217, 124.015
103.207, 133.009
164.823, 248.374
240.035, 319.079
Evaluation Time: 0.6246 seconds
Resulting Fitness: 0.153333
-------------
Particle: 4:
Relays Coordinates:
267.078, 67.7581
158.022, 163.663
97.583, 87.8079
288.045, 75.5866
Evaluation Time: 0.535426 seconds
Resulting Fitness: 0.786667
New local best!
New global best!
Current global best fitness: 0.786667
Current global best relays: 267.078, 67.7581
158.022, 163.663
97.583, 87.8079
288.045, 75.5866
Particle 1 new velocities: -167.811, -40.4805
20.8498, 5.89326
16.9071, -39.2982
22.5084, 180.214
Particle 2 new velocities: 138.224, 4.79798
8.92537, 109.189
142.103, 56.1619
-49.3438, -56.8024
Particle 3 new velocities: 37.011, 6.45884
10.4106, -44.6485
-16.1168, -290.932
91.3927, -302.641
Particle 4 new velocities: 175.438, 5.75656
31.3913, 53.1453
-61.9808, 8.65393
18.5485, -108.362
-- ITERATION 20 --
-------------
Particle: 1:
Relays Coordinates:
182.189, 81.1698
159.611, 155.737
16.9071, 77.8765
284.913, 180.214
Evaluation Time: 8.0494e-05 seconds
Resulting Fitness: 0
-------------
Particle: 2:
Relays Coordinates:
350, 43.2649
65.1076, 206.351
266.174, 171.041
195.739, 100.825
Evaluation Time: 5.6201e-05 seconds
Resulting Fitness: 0
-------------
Particle: 3:
Relays Coordinates:
267.228, 130.474
113.618, 88.3603
148.706, 0
331.427, 16.4385
Evaluation Time: 5.6237e-05 seconds
Resulting Fitness: 0
-------------
Particle: 4:
Relays Coordinates:
350, 73.5146
189.413, 216.809
35.6022, 96.4619
306.593, 0
Evaluation Time: 5.8712e-05 seconds
Resulting Fitness: 0
Current global best fitness: 0.786667
Current global best relays: 267.078, 67.7581
158.022, 163.663
97.583, 87.8079
288.045, 75.5866
Particle 1 new velocities: -130.938, -61.0456
-6.93617, 6.26915
152.295, -16.8974
9.95602, 123.926
Particle 2 new velocities: -155.828, 12.9164
156.623, 50.3282
-48.0903, -38.0813
121.132, -21.4024
Particle 3 new velocities: -30.1069, -55.3225
-15.0371, 84.1635
-42.6757, 131.139
42.1386, 34.7356
Particle 4 new velocities: -139.745, -7.37864
2.07504, -75.4904
1.45215, 5.41743
-15.7184, 167.229
-- ITERATION 21 --
-------------
Particle: 1:
Relays Coordinates:
51.2506, 20.1242
152.675, 162.006
169.202, 60.9792
294.869, 304.14
Evaluation Time: 5.4954e-05 seconds
Resulting Fitness: 0
-------------
Particle: 2:
Relays Coordinates:
194.172, 56.1813
221.73, 256.68
218.083, 132.959
316.872, 79.4225
Evaluation Time: 5.4047e-05 seconds
Resulting Fitness: 0
-------------
Particle: 3:
Relays Coordinates:
237.121, 75.151
98.581, 172.524
106.031, 131.139
350, 51.1742
Evaluation Time: 5.274e-05 seconds
Resulting Fitness: 0
-------------
Particle: 4:
Relays Coordinates:
210.255, 66.136
191.488, 141.318
37.0543, 101.879
290.875, 167.229
Evaluation Time: 6.5014e-05 seconds
Resulting Fitness: 0
Current global best fitness: 0.786667
Current global best relays: 267.078, 67.7581
158.022, 163.663
97.583, 87.8079
288.045, 75.5866
Particle 1 new velocities: 77.5936, 58.5677
-1.20274, 6.38099
71.6947, 38.5345
-21.439, -101.168
Particle 2 new velocities: 17.5358, 21.9334
19.1848, -55.4933
-72.0359, -52.2378
28.3911, 0.172595
Particle 3 new velocities: 19.2386, -2.62237
22.83, -35.5224
-35.2372, 102.329
-103.922, 199.074
Particle 4 new velocities: -43.9903, -3.09219
0.0507077, -13.4427
146.932, -5.60605
-14.0893, 76.6294
-- ITERATION 22 --
-------------
Particle: 1:
Relays Coordinates:
128.844, 78.6919
151.472, 168.387
240.897, 99.5136
273.43, 202.972
Evaluation Time: 0.0302084 seconds
Resulting Fitness: 0.783652
-------------
Particle: 2:
Relays Coordinates:
211.708, 78.1147
240.915, 201.186
146.047, 80.7217
345.263, 79.5951
Evaluation Time: 9.3478e-05 seconds
Resulting Fitness: 0
-------------
Particle: 3:
Relays Coordinates:
256.36, 72.5286
121.411, 137.001
70.7934, 233.469
246.078, 250.248
Evaluation Time: 5.987e-05 seconds
Resulting Fitness: 0
-------------
Particle: 4:
Relays Coordinates:
166.265, 63.0438
191.539, 127.875
183.986, 96.2733
276.786, 243.858
Evaluation Time: 5.0098e-05 seconds
Resulting Fitness: 0
Current global best fitness: 0.786667
Current global best relays: 267.078, 67.7581
158.022, 163.663
97.583, 87.8079
288.045, 75.5866
Particle 1 new velocities: 332.094, 37.5434
-6.26799, -5.23819
-52.1913, 25.7505
5.51074, -206.135
Particle 2 new velocities: 131.591, 8.26494
-164.743, -93.6564
-97.1197, 32.4546
-125.259, -3.26921
Particle 3 new velocities: -27.7528, 10.1358
21.2367, -100.296
95.9042, -15.054
-44.9796, 123.055
Particle 4 new velocities: 180.184, 6.01278
-65.9124, 74.4775
6.6529, -18.9302
-4.60379, -226.089
-- ITERATION 23 --
-------------
Particle: 1:
Relays Coordinates:
350, 116.235
145.204, 163.149
188.705, 125.264
278.941, 0
Evaluation Time: 5.2975e-05 seconds
Resulting Fitness: 0
-------------
Particle: 2:
Relays Coordinates:
343.299, 86.3796
76.1721, 107.53
48.9277, 113.176
220.004, 76.3259
Evaluation Time: 0.0298871 seconds
Resulting Fitness: 0.726458
-------------
Particle: 3:
Relays Coordinates:
228.607, 82.6645
142.648, 36.7058
166.698, 218.415
201.099, 350
Evaluation Time: 0.0248624 seconds
Resulting Fitness: 0.769793
New local best!
-------------
Particle: 4:
Relays Coordinates:
346.449, 69.0566
125.626, 202.353
190.639, 77.3431
272.182, 17.7693
Evaluation Time: 0.000103936 seconds
Resulting Fitness: 0
Current global best fitness: 0.786667
Current global best relays: 267.078, 67.7581
158.022, 163.663
97.583, 87.8079
288.045, 75.5866
Particle 1 new velocities: -204.758, -0.894521
8.43324, -4.76689
-339.057, -49.2397
0.745893, 191.43
Particle 2 new velocities: -60.6533, -2.17225
-50.2786, 8.41282
88.546, -24.3298
-65.6815, 14.1883
Particle 3 new velocities: 14.7079, -13.8634
25.0276, 62.2144
33.0704, -107.952
77.1204, -32.7422
Particle 4 new velocities: -60.4834, 2.35634
-12.8705, 46.526
-186.413, 13.2567
13.8342, -149.019
-- ITERATION 24 --
-------------
Particle: 1:
Relays Coordinates:
145.242, 115.341
153.637, 158.382
0, 76.0244
279.687, 191.43
Evaluation Time: 0.0308604 seconds
Resulting Fitness: 0.782074
-------------
Particle: 2:
Relays Coordinates:
282.645, 84.2074
25.8936, 115.943
137.474, 88.8466
154.323, 90.5142
Evaluation Time: 0.0273673 seconds
Resulting Fitness: 0.772663
-------------
Particle: 3:
Relays Coordinates:
243.315, 68.8011
167.675, 98.9202
199.768, 110.463
278.219, 317.258
Evaluation Time: 6.4422e-05 seconds
Resulting Fitness: 0
-------------
Particle: 4:
Relays Coordinates:
285.966, 71.4129
112.756, 248.879
4.2257, 90.5997
286.016, 0
Evaluation Time: 5.334e-05 seconds
Resulting Fitness: 0
Current global best fitness: 0.786667
Current global best relays: 267.078, 67.7581
158.022, 163.663
97.583, 87.8079
288.045, 75.5866
Particle 1 new velocities: 98.6751, -42.1273
-3.1576, 2.67136
36.25, 19.7956
-0.647938, 56.7978
Particle 2 new velocities: -1.2711, -26.8667
216.385, 14.4709
63.8261, 26.1039
51.1101, 3.36742
Particle 3 new velocities: 9.79159, 3.13573
-0.522441, 19.3633
-91.34, -72.2453
16.397, -41.2186
Particle 4 new velocities: -84.0489, -2.71543
32.1302, -197.836
-42.6961, 8.58217
11.6841, 176.882
-- ITERATION 25 --
-------------
Particle: 1:
Relays Coordinates:
243.917, 73.2135
150.48, 161.053
36.25, 95.8199
279.039, 248.228
Evaluation Time: 5.1939e-05 seconds
Resulting Fitness: 0
-------------
Particle: 2:
Relays Coordinates:
281.374, 57.3407
242.279, 130.414
201.3, 114.95
205.433, 93.8816
Evaluation Time: 4.8171e-05 seconds
Resulting Fitness: 0
-------------
Particle: 3:
Relays Coordinates:
253.107, 71.9368
167.153, 118.284
108.428, 38.2175
294.616, 276.039
Evaluation Time: 4.9886e-05 seconds
Resulting Fitness: 0
-------------
Particle: 4:
Relays Coordinates:
201.917, 68.6975
144.886, 51.0428
0, 99.1819
297.7, 176.882
Evaluation Time: 0.0272243 seconds
Resulting Fitness: 0.779134
Current global best fitness: 0.786667
Current global best relays: 267.078, 67.7581
158.022, 163.663
97.583, 87.8079
288.045, 75.5866
Particle 1 new velocities: 72.2717, -37.8914
0.0115841, 3.16305
82.555, 12.9709
2.88397, -138.999
Particle 2 new velocities: 3.25631, 0.5653
-140.799, 18.473
-95.1359, 27.8369
176.312, 5.02497
Particle 3 new velocities: 13.4447, -2.92759
-28.9899, 28.6513
-26.937, 63.4866
-48.8447, -139.804
Particle 4 new velocities: 46.4052, -4.3496
32.1663, 48.5725
91.8914, -21.1033
-2.63715, -32.5978
-- ITERATION 26 --
-------------
Particle: 1:
Relays Coordinates:
316.189, 35.3221
150.491, 164.216
118.805, 108.791
281.923, 109.229
Evaluation Time: 6.7192e-05 seconds
Resulting Fitness: 0
-------------
Particle: 2:
Relays Coordinates:
284.63, 57.906
101.48, 148.887
106.164, 142.787
350, 98.9066
Evaluation Time: 4.9988e-05 seconds
Resulting Fitness: 0
-------------
Particle: 3:
Relays Coordinates:
266.551, 69.0092
138.163, 146.935
81.491, 101.704
245.771, 136.235
Evaluation Time: 0.0246383 seconds
Resulting Fitness: 0.765593
-------------
Particle: 4:
Relays Coordinates:
248.322, 64.3479
177.052, 99.6153
91.8914, 78.0786
295.063, 144.285
Evaluation Time: 0.0230511 seconds
Resulting Fitness: 0.767912
Current global best fitness: 0.786667
Current global best relays: 267.078, 67.7581
158.022, 163.663
97.583, 87.8079
288.045, 75.5866
Particle 1 new velocities: -85.4476, 6.34091
10.4735, -0.962584
36.4223, -21.3457
10.2322, -80.7578
Particle 2 new velocities: 27.7994, 13.1859
-117.894, -4.02348
-69.9773, -61.3288
-91.4031, 12.1687
Particle 3 new velocities: -23.6803, 8.83999
19.0553, -51.4187
7.01836, 117.676
-18.0834, -53.1457
Particle 4 new velocities: 48.2351, -0.29729
-10.9374, 126.226
70.5813, 13.3559
-16.7533, -121.006
-- ITERATION 27 --
-------------
Particle: 1:
Relays Coordinates:
230.741, 41.663
160.965, 163.253
155.227, 87.4452
292.155, 28.4709
Evaluation Time: 6.9598e-05 seconds
Resulting Fitness: 0
-------------
Particle: 2:
Relays Coordinates:
312.43, 71.0919
0, 144.863
36.1866, 81.4587
258.597, 111.075
Evaluation Time: 7.1552e-05 seconds
Resulting Fitness: 0
-------------
Particle: 3:
Relays Coordinates:
242.871, 77.8492
157.218, 95.5162
88.5094, 219.381
227.688, 83.0891
Evaluation Time: 4.8804e-05 seconds
Resulting Fitness: 0
-------------
Particle: 4:
Relays Coordinates:
296.557, 64.0506
166.115, 225.842
162.473, 91.4344
278.31, 23.2784
Evaluation Time: 5.8554e-05 seconds
Resulting Fitness: 0
Current global best fitness: 0.786667
Current global best relays: 267.078, 67.7581
158.022, 163.663
97.583, 87.8079
288.045, 75.5866
Particle 1 new velocities: -47.4635, 14.1056
4.5016, -2.22688
-93.527, -3.28453
-4.38336, 71.2675
Particle 2 new velocities: 17.4128, 1.1928
120.288, -15.4137
120.986, 7.37832
-127.039, 6.96982
Particle 3 new velocities: 15.1841, 2.64474
6.90737, -62.0042
46.2093, -141.701
64.1766, 172.75
Particle 4 new velocities: 11.206, 3.12504
-20.0835, 13.4357
-13.2311, 4.79334
10.1463, -4.28933
-- ITERATION 28 --
-------------
Particle: 1:
Relays Coordinates:
183.278, 55.7685
165.466, 161.027
61.7004, 84.1607
287.771, 99.7384
Evaluation Time: 0.0235535 seconds
Resulting Fitness: 0.76609
-------------
Particle: 2:
Relays Coordinates:
329.843, 72.2847
120.288, 129.45
157.173, 88.837
131.558, 118.045
Evaluation Time: 6.926e-05 seconds
Resulting Fitness: 0
-------------
Particle: 3:
Relays Coordinates:
258.055, 80.4939
164.126, 33.512
134.719, 77.6795
291.865, 255.84
Evaluation Time: 8.2027e-05 seconds
Resulting Fitness: 0
-------------
Particle: 4:
Relays Coordinates:
307.763, 67.1756
146.031, 239.277
149.242, 96.2278
288.456, 18.9891
Evaluation Time: 5.7142e-05 seconds
Resulting Fitness: 0
Current global best fitness: 0.786667
Current global best relays: 267.078, 67.7581
158.022, 163.663
97.583, 87.8079
288.045, 75.5866
Particle 1 new velocities: 75.1647, 25.4524
-20.2498, -1.41081
-65.7735, 2.43376
-8.17169, 94.2307
Particle 2 new velocities: -47.707, -13.3347
84.5114, 28.9072
-16.174, 34.2035
188.638, 13.4267
Particle 3 new velocities: -11.1274, -11.8699
-7.7271, 189.127
0.329509, -10.8188
-10.397, -115.36
Particle 4 new velocities: -65.2616, 2.68112
14.893, -67.6089
-55.8577, -5.13914
6.2524, 100.185
-- ITERATION 29 --
-------------
Particle: 1:
Relays Coordinates:
258.443, 81.2209
145.217, 159.616
0, 86.5944
279.6, 193.969
Evaluation Time: 0.606979 seconds
Resulting Fitness: 0.406667
-------------
Particle: 2:
Relays Coordinates:
282.136, 58.9499
204.8, 158.357
140.999, 123.04
320.196, 131.472
Evaluation Time: 0.39771 seconds
Resulting Fitness: 0.12
-------------
Particle: 3:
Relays Coordinates:
246.928, 68.6241
156.399, 222.639
135.048, 66.8607
281.468, 140.48
Evaluation Time: 0.558781 seconds
Resulting Fitness: 0.646667
-------------
Particle: 4:
Relays Coordinates:
242.502, 69.8568
160.924, 171.669
93.3838, 91.0886
294.708, 119.174
Evaluation Time: 0.573055 seconds
Resulting Fitness: 0.78
Current global best fitness: 0.786667
Current global best relays: 267.078, 67.7581
158.022, 163.663
97.583, 87.8079
288.045, 75.5866
Particle 1 new velocities: 33.2062, -8.9615
-13.6003, 4.48292
19.6018, 18.3818
6.75357, 46.1024
Particle 2 new velocities: -15.4084, 4.39555
-106.504, -47.509
15.2664, -3.05297
-20.4021, -70.8228
Particle 3 new velocities: 2.24831, -5.84975
-6.12011, 29.4812
-53.0486, 124.291
-70.1008, -103.449
Particle 4 new velocities: 5.4472, 0.809825
5.52788, -64.1998
-37.377, -7.89595
1.15274, -13.6342
-- ITERATION 30 --
-------------
Particle: 1:
Relays Coordinates:
291.649, 72.2594
131.616, 164.099
19.6018, 104.976
286.353, 240.072
Evaluation Time: 8.9185e-05 seconds
Resulting Fitness: 0
-------------
Particle: 2:
Relays Coordinates:
266.727, 63.3455
98.2954, 110.848
156.265, 119.988
299.794, 60.6491
Evaluation Time: 0.0366497 seconds
Resulting Fitness: 0.759969
-------------
Particle: 3:
Relays Coordinates:
249.176, 62.7743
150.278, 252.12
81.9996, 191.152
211.367, 37.0308
Evaluation Time: 7.6919e-05 seconds
Resulting Fitness: 0
-------------
Particle: 4:
Relays Coordinates:
247.949, 70.6666
166.452, 107.469
56.0068, 83.1927
295.861, 105.54
Evaluation Time: 0.0377302 seconds
Resulting Fitness: 0.756077
Current global best fitness: 0.786667
Current global best relays: 267.078, 67.7581
158.022, 163.663
97.583, 87.8079
288.045, 75.5866
Particle 1 new velocities: -121.791, -15.4687
-3.95932, 2.30581
36.8289, 13.08
-3.34912, -152.453
Particle 2 new velocities: -7.85678, 7.13274
-54.2106, -22.752
37.6157, 2.23511
-122.592, 45.3251
Particle 3 new velocities: 14.9844, 2.9311
-6.84552, -127.944
4.42441, -8.32381
5.3085, 12.7659
Particle 4 new velocities: 37.9105, -2.0939
-7.40981, 74.6784
24.5937, 4.92737
-10.0096, -82.4026
-- ITERATION 31 --
-------------
Particle: 1:
Relays Coordinates:
169.858, 56.7907
127.657, 166.404
56.4308, 118.056
283.004, 87.6188
Evaluation Time: 0.0402981 seconds
Resulting Fitness: 0.771715
-------------
Particle: 2:
Relays Coordinates:
258.871, 70.4782
44.0848, 88.0958
193.881, 122.223
177.202, 105.974
Evaluation Time: 0.0359411 seconds
Resulting Fitness: 0.764155
-------------
Particle: 3:
Relays Coordinates:
264.16, 65.7054
143.433, 124.176
86.424, 182.828
216.675, 49.7966
Evaluation Time: 8.2814e-05 seconds
Resulting Fitness: 0
-------------
Particle: 4:
Relays Coordinates:
285.859, 68.5727
159.043, 182.147
80.6004, 88.12
285.851, 23.137
Evaluation Time: 5.9276e-05 seconds
Resulting Fitness: 0
Current global best fitness: 0.786667
Current global best relays: 267.078, 67.7581
158.022, 163.663
97.583, 87.8079
288.045, 75.5866
Particle 1 new velocities: 9.47116, -9.42238
10.0847, -4.8034
3.71015, -44.1932
-4.05695, -113.926
Particle 2 new velocities: 10.726, 0.16505
81.9421, 44.9012
-132.263, 23.4057
-55.3036, 3.43017
Particle 3 new velocities: 5.67294, 5.04631
-2.13889, -83.6641
21.0556, -28.6782
34.7559, 123.873
Particle 4 new velocities: -0.686827, -2.59751
-6.45009, 28.7013
45.5223, 2.88512
-4.37726, -10.3664
-- ITERATION 32 --
-------------
Particle: 1:
Relays Coordinates:
179.329, 47.3683
137.742, 161.601
60.1409, 73.8631
278.947, 0
Evaluation Time: 0.0404815 seconds
Resulting Fitness: 0.782689
-------------
Particle: 2:
Relays Coordinates:
269.597, 70.6433
126.027, 132.997
61.6182, 145.628
121.898, 109.404
Evaluation Time: 8.8951e-05 seconds
Resulting Fitness: 0
-------------
Particle: 3:
Relays Coordinates:
269.833, 70.7517
141.294, 40.512
107.48, 154.15
251.431, 173.669
Evaluation Time: 0.0334748 seconds
Resulting Fitness: 0.785003
New local best!
-------------
Particle: 4:
Relays Coordinates:
285.172, 65.9752
152.592, 210.848
126.123, 91.0052
281.474, 12.7707
Evaluation Time: 7.2386e-05 seconds
Resulting Fitness: 0
Current global best fitness: 0.786667
Current global best relays: 267.078, 67.7581
158.022, 163.663
97.583, 87.8079
288.045, 75.5866
Particle 1 new velocities: 88.9276, 17.2781
30.4566, -4.16846
20.1436, 11.4394
8.06593, 195.567
Particle 2 new velocities: 34.0257, -10.2733
55.5211, 10.9767
-68.2842, 5.79276
316.159, -11.5588
Particle 3 new velocities: -1.47006, 3.27049
21.6537, 144.579
3.74724, -119.133
26.3157, 63.4316
Particle 4 new velocities: -15.4344, 0.992924
1.50156, -40.9838
1.2485, -4.56876
12.4469, 138.525
-- ITERATION 33 --
-------------
Particle: 1:
Relays Coordinates:
268.257, 64.6464
168.198, 157.433
80.2845, 85.3025
287.013, 195.567
Evaluation Time: 0.0423374 seconds
Resulting Fitness: 0.785255
-------------
Particle: 2:
Relays Coordinates:
303.622, 60.37
181.548, 143.974
0, 151.421
350, 97.8455
Evaluation Time: 7.1728e-05 seconds
Resulting Fitness: 0
-------------
Particle: 3:
Relays Coordinates:
268.363, 74.0222
162.948, 185.091
111.227, 35.0167
277.747, 237.101
Evaluation Time: 5.3383e-05 seconds
Resulting Fitness: 0
-------------
Particle: 4:
Relays Coordinates:
269.738, 66.9681
154.094, 169.865
127.371, 86.4364
293.921, 151.296
Evaluation Time: 0.0419936 seconds
Resulting Fitness: 0.766734
Current global best fitness: 0.786667
Current global best relays: 267.078, 67.7581
158.022, 163.663
97.583, 87.8079
288.045, 75.5866
Particle 1 new velocities: -57.0214, 16.5131
-4.19087, 9.89129
-22.4168, 20.8369
-0.142517, -18.9414
Particle 2 new velocities: -35.7597, -0.754344
-33.2082, -6.49939
267.584, -105.379
-163.017, 26.0055
Particle 3 new velocities: -1.532, -3.68176
7.52677, 67.6158
-13.6473, -3.12326
-0.435799, -245.302
Particle 4 new velocities: -15.9099, 2.45604
10.1478, -39.6868
-57.5401, -0.897861
-6.10918, -52.3945
-- ITERATION 34 --
-------------
Particle: 1:
Relays Coordinates:
211.236, 81.1595
164.008, 167.324
57.8677, 106.139
286.871, 176.625
Evaluation Time: 0.0402776 seconds
Resulting Fitness: 0.777463
-------------
Particle: 2:
Relays Coordinates:
267.863, 59.6157
148.34, 137.474
267.584, 46.042
186.983, 123.851
Evaluation Time: 0.000104023 seconds
Resulting Fitness: 0
-------------
Particle: 3:
Relays Coordinates:
266.831, 70.3405
170.475, 252.707
97.5795, 31.8934
277.311, 0
Evaluation Time: 7.4377e-05 seconds
Resulting Fitness: 0
-------------
Particle: 4:
Relays Coordinates:
253.828, 69.4241
164.242, 130.178
69.8312, 85.5385
287.812, 98.9013
Evaluation Time: 0.0308179 seconds
Resulting Fitness: 0.752737
Current global best fitness: 0.786667
Current global best relays: 267.078, 67.7581
158.022, 163.663
97.583, 87.8079
288.045, 75.5866
Particle 1 new velocities: -47.6161, -10.1881
-18.6198, 4.93361
41.5594, -14.4683
-11.8243, -189.902
Particle 2 new velocities: -6.39578, 6.4575
-81.0603, 4.70587
-8.17574, 18.7663
0.732995, 3.53939
Particle 3 new velocities: -0.669591, -7.33126
-31.5135, 34.0111
-6.58825, 70.1512
-8.90199, 128.47
Particle 4 new velocities: 7.47946, -1.67309
1.51435, -16.0625
-5.60895, 1.26134
-3.85652, -98.5758
-- ITERATION 35 --
-------------
Particle: 1:
Relays Coordinates:
163.619, 70.9713
145.388, 172.258
99.4271, 91.6711
275.046, 0
Evaluation Time: 0.0204332 seconds
Resulting Fitness: 0.773855
-------------
Particle: 2:
Relays Coordinates:
261.467, 66.0732
67.2795, 142.18
259.409, 64.8083
187.716, 127.39
Evaluation Time: 6.3117e-05 seconds
Resulting Fitness: 0
-------------
Particle: 3:
Relays Coordinates:
266.162, 63.0092
138.961, 286.718
90.9913, 102.045
268.409, 128.47
Evaluation Time: 5.5659e-05 seconds
Resulting Fitness: 0
-------------
Particle: 4:
Relays Coordinates:
261.308, 67.751
165.756, 114.115
64.2222, 86.7999
283.955, 0.325517
Evaluation Time: 0.0258624 seconds
Resulting Fitness: 0.756418
Current global best fitness: 0.786667
Current global best relays: 267.078, 67.7581
158.022, 163.663
97.583, 87.8079
288.045, 75.5866
Particle 1 new velocities: 118.008, -12.992
7.56227, -17.5206
-11.2676, -5.28728
3.49031, 141.364
Particle 2 new velocities: 82.1705, 5.49858
85.0124, -7.30498
-173.16, 119.797
141.966, -49.0317
Particle 3 new velocities: 1.93038, 0.674565
-19.9329, -321.04
13.5034, 68.3665
4.05872, 23.5896
Particle 4 new velocities: 19.7946, -1.1645
-7.8796, 90.7095
35.0552, 1.61282
4.45353, 88.4172
-- ITERATION 36 --
-------------
Particle: 1:
Relays Coordinates:
281.628, 57.9794
152.95, 154.737
88.1595, 86.3839
278.537, 141.364
Evaluation Time: 0.0265006 seconds
Resulting Fitness: 0.763984
-------------
Particle: 2:
Relays Coordinates:
343.637, 71.5718
152.292, 134.875
86.2489, 184.605
329.682, 78.3586
Evaluation Time: 8.8608e-05 seconds
Resulting Fitness: 0
-------------
Particle: 3:
Relays Coordinates:
268.092, 63.6838
119.028, 0
104.495, 170.411
272.468, 152.06
Evaluation Time: 4.7058e-05 seconds
Resulting Fitness: 0
-------------
Particle: 4:
Relays Coordinates:
281.102, 66.5865
157.877, 204.825
99.2774, 88.4127
288.409, 88.7427
Evaluation Time: 4.6282e-05 seconds
Resulting Fitness: 0
Current global best fitness: 0.786667
Current global best relays: 267.078, 67.7581
158.022, 163.663
97.583, 87.8079
288.045, 75.5866
Particle 1 new velocities: -66.3555, 0.133883
3.93665, -1.59912
-35.9733, 8.57609
12.6385, 71.7069
Particle 2 new velocities: -81.1822, 0.262663
34.9276, 9.69395
-17.5176, 28.4894
-44.7202, 26.7079
Particle 3 new velocities: 2.56538, 7.48162
69.5428, 262.596
5.74202, -81.0488
-3.07548, 14.1971
Particle 4 new velocities: -14.8464, -0.160259
-5.43673, 23.8033
21.2346, -0.119874
2.15408, 38.9455
-- ITERATION 37 --
-------------
Particle: 1:
Relays Coordinates:
215.272, 58.1132
156.887, 153.138
52.1863, 94.9599
291.175, 213.071
Evaluation Time: 0.0233655 seconds
Resulting Fitness: 0.765135
-------------
Particle: 2:
Relays Coordinates:
262.455, 71.8344
187.22, 144.569
68.7312, 213.094
284.961, 105.067
Evaluation Time: 6.4262e-05 seconds
Resulting Fitness: 0
-------------
Particle: 3:
Relays Coordinates:
270.657, 71.1654
188.571, 262.596
110.237, 89.3623
269.392, 166.257
Evaluation Time: 5.3861e-05 seconds
Resulting Fitness: 0
-------------
Particle: 4:
Relays Coordinates:
266.256, 66.4263
152.44, 228.628
120.512, 88.2928
290.563, 127.688
Evaluation Time: 0.0337902 seconds
Resulting Fitness: 0.782235
Current global best fitness: 0.786667
Current global best relays: 267.078, 67.7581
158.022, 163.663
97.583, 87.8079
288.045, 75.5866
Particle 1 new velocities: -87.2072, 10.7854
-6.89108, 7.15547
-36.6368, 2.98175
6.10994, -168.713
Particle 2 new velocities: 2.95781, -7.79401
-41.1847, -3.0539
91.0092, -174.053
-137.975, 41.5905
Particle 3 new velocities: -0.816554, 0.17708
6.09347, 78.6976
1.04848, -30.3403
1.91309, -142.957
Particle 4 new velocities: -9.20041, 0.622077
10.9768, -146.18
-22.1609, -0.863735
0.35242, -85.0604
-- ITERATION 38 --
-------------
Particle: 1:
Relays Coordinates:
128.065, 68.8986
149.996, 160.293
15.5495, 97.9417
297.285, 44.3583
Evaluation Time: 7.2713e-05 seconds
Resulting Fitness: 0
-------------
Particle: 2:
Relays Coordinates:
265.413, 64.0404
146.035, 141.515
159.74, 39.0409
146.986, 146.657
Evaluation Time: 5.0769e-05 seconds
Resulting Fitness: 0
-------------
Particle: 3:
Relays Coordinates:
269.841, 71.3425
194.664, 341.294
111.285, 59.022
271.305, 23.3
Evaluation Time: 5.1549e-05 seconds
Resulting Fitness: 0
-------------
Particle: 4:
Relays Coordinates:
257.055, 67.0484
163.417, 82.4477
98.3511, 87.4291
290.915, 42.6278
Evaluation Time: 0.0281469 seconds
Resulting Fitness: 0.752313
Current global best fitness: 0.786667
Current global best relays: 267.078, 67.7581
158.022, 163.663
97.583, 87.8079
288.045, 75.5866
Particle 1 new velocities: 18.9064, 2.55145
0.618865, 8.79926
46.9172, -0.804897
-31.508, -29.2305
Particle 2 new velocities: 57.3927, 0.144015
-46.0676, 12.0663
8.4259, -20.2776
53.9208, -50.1721
Particle 3 new velocities: -5.49038, -5.87508
-99.3793, -102.815
-20.2998, 54.8928
-9.12628, -69.774
Particle 4 new velocities: -3.13197, 1.71684
4.21186, 68.062
-17.2079, 0.133667
-5.0962, -36.509
-- ITERATION 39 --
-------------
Particle: 1:
Relays Coordinates:
146.971, 71.45
150.614, 169.093
62.4667, 97.1368
265.777, 15.1278
Evaluation Time: 0.538234 seconds
Resulting Fitness: 0.746667
-------------
Particle: 2:
Relays Coordinates:
322.806, 64.1844
99.9672, 153.581
168.166, 18.7633
200.907, 96.485
Evaluation Time: 0.619787 seconds
Resulting Fitness: 0.166667
-------------
Particle: 3:
Relays Coordinates:
264.351, 65.4674
95.2851, 238.479
90.9855, 113.915
262.179, 0
Evaluation Time: 0.536204 seconds
Resulting Fitness: 0.593333
-------------
Particle: 4:
Relays Coordinates:
253.923, 68.7652
167.628, 150.51
81.1432, 87.5628
285.819, 6.11878
Evaluation Time: 0.557622 seconds
Resulting Fitness: 0.726667
Current global best fitness: 0.786667
Current global best relays: 267.078, 67.7581
158.022, 163.663
97.583, 87.8079
288.045, 75.5866
Particle 1 new velocities: 184.216, -4.12479
-7.97249, -6.69136
22.7025, -2.13113
-7.80936, 137.161
Particle 2 new velocities: -16.8944, 1.73308
1.1434, -36.9788
68.7619, 153.88
101.26, -3.70951
Particle 3 new velocities: 1.02622, -0.261598
40.4586, -318.214
5.21916, 33.4111
19.8935, 218.125
Particle 4 new velocities: 23.0911, -0.301545
-8.31883, 56.8666
-11.0255, 0.303132
0.975522, 101.406
-- ITERATION 40 --
-------------
Particle: 1:
Relays Coordinates:
331.187, 67.3253
142.642, 162.401
85.1692, 95.0057
257.968, 152.289
Evaluation Time: 0.0328933 seconds
Resulting Fitness: 0.774977
-------------
Particle: 2:
Relays Coordinates:
305.911, 65.9175
101.111, 116.603
236.928, 172.643
302.167, 92.7755
Evaluation Time: 0.0452964 seconds
Resulting Fitness: 0.760053
-------------
Particle: 3:
Relays Coordinates:
265.377, 65.2058
135.744, 0
96.2046, 147.326
282.073, 218.125
Evaluation Time: 0.0325169 seconds
Resulting Fitness: 0.774918
-------------
Particle: 4:
Relays Coordinates:
277.015, 68.4637
159.31, 207.376
70.1177, 87.8659
286.795, 107.525
Evaluation Time: 0.000149959 seconds
Resulting Fitness: 0
Current global best fitness: 0.786667
Current global best relays: 267.078, 67.7581
158.022, 163.663
97.583, 87.8079
288.045, 75.5866
Particle 1 new velocities: -126.222, -3.16346
-10.1311, -4.57016
-27.3791, 2.5534
6.39572, 69.7908
Particle 2 new velocities: -32.2464, 2.48875
66.4604, 3.775
-154.554, 46.8264
18.37, 14.2128
Particle 3 new velocities: 7.76019, 6.81719
31.8989, 228.569
14.1552, -6.27105
-4.06173, 14.2045
Particle 4 new velocities: 5.22329, -1.14945
-8.5159, -8.13132
25.1143, 0.173414
2.20026, 14.2572
-- ITERATION 41 --
-------------
Particle: 1:
Relays Coordinates:
204.965, 64.1618
132.511, 157.831
57.7901, 97.5591
264.363, 222.079
Evaluation Time: 0.023709 seconds
Resulting Fitness: 0.780825
-------------
Particle: 2:
Relays Coordinates:
273.665, 68.4063
167.571, 120.378
82.3746, 219.469
320.537, 106.988
Evaluation Time: 0.000100704 seconds
Resulting Fitness: 0
-------------
Particle: 3:
Relays Coordinates:
273.137, 72.023
167.643, 228.569
110.36, 141.055
278.011, 232.329
Evaluation Time: 8.3017e-05 seconds
Resulting Fitness: 0
-------------
Particle: 4:
Relays Coordinates:
282.238, 67.3142
150.794, 199.245
95.232, 88.0393
288.995, 121.782
Evaluation Time: 6.9902e-05 seconds
Resulting Fitness: 0
Current global best fitness: 0.786667
Current global best relays: 267.078, 67.7581
158.022, 163.663
97.583, 87.8079
288.045, 75.5866
Particle 1 new velocities: -65.8448, 4.55155
21.0599, 6.08309
46.5861, -2.67371
26.072, -105.12
Particle 2 new velocities: -0.700887, -3.65573
-54.1406, 12.084
-48.4074, -50.54
-130.801, -29.1067
Particle 3 new velocities: 0.828916, 0.321087
4.99957, -52.7842
-4.98576, -18.2135
7.69125, -76.305
Particle 4 new velocities: -18.0203, -0.00741013
6.77108, -9.52875
24.0288, -0.51799
-0.0362053, -42.23
-- ITERATION 42 --
-------------
Particle: 1:
Relays Coordinates:
139.12, 68.7133
153.571, 163.914
104.376, 94.8854
290.435, 116.959
Evaluation Time: 0.02386 seconds
Resulting Fitness: 0.752378
-------------
Particle: 2:
Relays Coordinates:
272.964, 64.7505
113.43, 132.462
33.9672, 168.929
189.737, 77.8816
Evaluation Time: 0.000111017 seconds
Resulting Fitness: 0
-------------
Particle: 3:
Relays Coordinates:
273.966, 72.3441
172.642, 175.784
105.374, 122.841
285.702, 156.024
Evaluation Time: 8.3434e-05 seconds
Resulting Fitness: 0
-------------
Particle: 4:
Relays Coordinates:
264.218, 67.3068
157.565, 189.716
119.261, 87.5213
288.959, 79.5518
Evaluation Time: 0.0265971 seconds
Resulting Fitness: 0.764373
Current global best fitness: 0.786667
Current global best relays: 267.078, 67.7581
158.022, 163.663
97.583, 87.8079
288.045, 75.5866
Particle 1 new velocities: 37.7622, 1.60435
4.70864, 1.57667
-43.2226, 3.85303
4.20644, -86.2305
Particle 2 new velocities: 52.5662, -2.21356
-67.3604, 13.8285
104.51, -190.487
11.7847, 60.1399
Particle 3 new velocities: -8.28059, -6.20772
-5.42411, -148.047
-10.1512, -2.0419
1.65601, -177.195
Particle 4 new velocities: -8.39452, 0.108373
5.04346, -64.219
-25.367, 0.302892
-1.16856, -34.545
-- ITERATION 43 --
-------------
Particle: 1:
Relays Coordinates:
176.883, 70.3177
158.279, 165.491
61.1535, 98.7384
294.642, 30.7289
Evaluation Time: 0.0273686 seconds
Resulting Fitness: 0.771112
-------------
Particle: 2:
Relays Coordinates:
325.53, 62.537
46.0699, 146.29
138.478, 0
201.522, 138.021
Evaluation Time: 0.0246246 seconds
Resulting Fitness: 0.771452
-------------
Particle: 3:
Relays Coordinates:
265.685, 66.1363
167.218, 27.7378
95.2228, 120.799
287.358, 0
Evaluation Time: 0.0247131 seconds
Resulting Fitness: 0.765306
-------------
Particle: 4:
Relays Coordinates:
255.823, 67.4152
162.608, 125.497
93.8938, 87.8242
287.79, 45.0067
Evaluation Time: 0.0239475 seconds
Resulting Fitness: 0.756826
Current global best fitness: 0.786667
Current global best relays: 267.078, 67.7581
158.022, 163.663
97.583, 87.8079
288.045, 75.5866
Particle 1 new velocities: 27.1486, 0.597811
-4.22368, -3.30373
-45.331, -3.25367
-4.48596, 75.9799
Particle 2 new velocities: -16.308, 6.93129
135.298, -4.54261
71.5546, 176.526
144.226, -43.391
Particle 3 new velocities: -1.49091, -2.52573
-15.972, 121.545
5.0336, 18.5211
-21.1961, 224.884
Particle 4 new velocities: 22.6304, 0.333226
-5.39107, 3.45496
-11.3254, 0.183002
-0.619445, 13.3182
-- ITERATION 44 --
-------------
Particle: 1:
Relays Coordinates:
204.031, 70.9155
154.056, 162.187
15.8225, 95.4847
290.156, 106.709
Evaluation Time: 0.02391 seconds
Resulting Fitness: 0.764611
-------------
Particle: 2:
Relays Coordinates:
309.222, 69.4683
181.368, 141.748
210.032, 176.526
345.747, 94.6305
Evaluation Time: 6.7266e-05 seconds
Resulting Fitness: 0
-------------
Particle: 3:
Relays Coordinates:
264.194, 63.6106
151.246, 149.283
100.256, 139.32
266.162, 224.884
Evaluation Time: 5.645e-05 seconds
Resulting Fitness: 0
-------------
Particle: 4:
Relays Coordinates:
278.453, 67.7484
157.217, 128.952
82.5685, 88.0072
287.171, 58.3249
Evaluation Time: 0.0196285 seconds
Resulting Fitness: 0.757131
Current global best fitness: 0.786667
Current global best relays: 267.078, 67.7581
158.022, 163.663
97.583, 87.8079
288.045, 75.5866
Particle 1 new velocities: -18.1782, -8.442
-3.20253, -4.13665
-13.0592, -13.2589
-23.0565, 37.2048
Particle 2 new velocities: -11.0018, -0.202798
41.7714, 0.064514
-25.494, 17.5443
-40.9347, -10.4584
Particle 3 new velocities: 4.27924, 2.41901
-6.32222, 16.5883
6.19824, 7.48267
13.2801, -156.331
Particle 4 new velocities: -12.2739, 0.237518
-1.7165, 87.4132
-2.11653, -0.216899
0.640013, 12.8031
-- ITERATION 45 --
-------------
Particle: 1:
Relays Coordinates:
185.853, 62.4735
150.853, 158.05
2.76334, 82.2258
267.099, 143.914
Evaluation Time: 7.5801e-05 seconds
Resulting Fitness: 0
-------------
Particle: 2:
Relays Coordinates:
298.22, 69.2655
223.14, 141.812
184.538, 194.071
304.812, 84.1722
Evaluation Time: 5.3586e-05 seconds
Resulting Fitness: 0
-------------
Particle: 3:
Relays Coordinates:
268.474, 66.0296
144.924, 165.871
106.455, 146.803
279.442, 68.5532
Evaluation Time: 4.776e-05 seconds
Resulting Fitness: 0
-------------
Particle: 4:
Relays Coordinates:
266.179, 67.9859
155.501, 216.365
80.452, 87.7903
287.811, 71.1281
Evaluation Time: 4.8532e-05 seconds
Resulting Fitness: 0
Current global best fitness: 0.786667
Current global best relays: 267.078, 67.7581
158.022, 163.663
97.583, 87.8079
288.045, 75.5866
Particle 1 new velocities: 66.0857, -2.43449
-7.14229, 8.38385
23.0759, 9.77053
0.677109, 10.7134
Particle 2 new velocities: -26.877, -1.14873
-163.816, -25.5231
-57.083, -114.54
-162.442, 48.8258
Particle 3 new velocities: 3.06088, 6.37718
10.0742, -89.5043
-8.576, -84.9554
11.6403, -25.3335
Particle 4 new velocities: -6.02614, -0.231549
2.4275, -49.815
6.45237, -0.132788
0.82936, 18.1395
-- ITERATION 46 --
-------------
Particle: 1:
Relays Coordinates:
251.939, 60.039
143.711, 166.434
25.8393, 91.9963
267.777, 154.627
Evaluation Time: 0.022885 seconds
Resulting Fitness: 0.776179
-------------
Particle: 2:
Relays Coordinates:
271.343, 68.1167
59.3233, 116.289
127.455, 79.5306
142.37, 132.998
Evaluation Time: 0.0218655 seconds
Resulting Fitness: 0.759275
-------------
Particle: 3:
Relays Coordinates:
271.534, 72.4068
154.998, 76.3668
97.8787, 61.8478
291.083, 43.2197
Evaluation Time: 0.0230383 seconds
Resulting Fitness: 0.754517
-------------
Particle: 4:
Relays Coordinates:
260.153, 67.7544
157.928, 166.55
86.9043, 87.6575
288.64, 89.2676
Evaluation Time: 0.0211341 seconds
Resulting Fitness: 0.755558
Current global best fitness: 0.786667
Current global best relays: 267.078, 67.7581
158.022, 163.663
97.583, 87.8079
288.045, 75.5866
Particle 1 new velocities: 15.0597, 5.37174
2.34097, 4.07071
86.4696, 21.4015
15.5678, -71.1368
Particle 2 new velocities: 2.26092, -2.87027
0.243337, -17.4975
12.5252, -7.1074
-97.8558, 51.4719
Particle 3 new velocities: -3.98216, 2.39049
5.93422, 66.2796
0.549814, 47.8619
-31.5895, 7.27011
Particle 4 new velocities: 5.34104, -0.152842
1.87691, -39.027
12.8075, 0.176286
-0.144866, -12.5783
-- ITERATION 47 --
-------------
Particle: 1:
Relays Coordinates:
266.998, 65.4108
146.052, 170.505
112.309, 113.398
283.344, 83.4902
Evaluation Time: 6.6408e-05 seconds
Resulting Fitness: 0
-------------
Particle: 2:
Relays Coordinates:
273.604, 65.2465
59.5666, 98.7916
139.98, 72.4232
44.5145, 184.47
Evaluation Time: 0.0247895 seconds
Resulting Fitness: 0.773978
-------------
Particle: 3:
Relays Coordinates:
267.552, 74.7973
160.932, 142.646
98.4285, 109.71
259.493, 50.4898
Evaluation Time: 0.0229776 seconds
Resulting Fitness: 0.756615
-------------
Particle: 4:
Relays Coordinates:
265.494, 67.6015
159.805, 127.523
99.7118, 87.8338
288.495, 76.6892
Evaluation Time: 0.0228895 seconds
Resulting Fitness: 0.748506
Current global best fitness: 0.786667
Current global best relays: 267.078, 67.7581
158.022, 163.663
97.583, 87.8079
288.045, 75.5866
Particle 1 new velocities: -94.4771, 6.08091
0.77965, -6.28217
32.2217, -33.382
12.3658, -14.6514
Particle 2 new velocities: -0.820063, 0.659988
73.0174, 35.2408
-19.9068, 34.2225
184.366, -58.7847
Particle 3 new velocities: -2.51037, -12.7236
-12.8029, 60.922
6.40537, 60.3296
13.484, 114.461
Particle 4 new velocities: 5.97316, 0.0223862
-0.637638, 2.07611
6.93664, 0.0951123
-0.578074, -9.78252
-- ITERATION 48 --
-------------
Particle: 1:
Relays Coordinates:
172.521, 71.4917
146.831, 164.223
144.53, 80.0158
295.71, 68.8387
Evaluation Time: 6.3615e-05 seconds
Resulting Fitness: 0
-------------
Particle: 2:
Relays Coordinates:
272.784, 65.9065
132.584, 134.032
120.074, 106.646
228.881, 125.685
Evaluation Time: 5.1064e-05 seconds
Resulting Fitness: 0
-------------
Particle: 3:
Relays Coordinates:
265.042, 62.0737
148.129, 203.568
104.834, 170.039
272.977, 164.951
Evaluation Time: 5.3336e-05 seconds
Resulting Fitness: 0
-------------
Particle: 4:
Relays Coordinates:
271.468, 67.6239
159.167, 129.6
106.648, 87.9289
287.917, 66.9067
Evaluation Time: 0.022832 seconds
Resulting Fitness: 0.751923
Current global best fitness: 0.786667
Current global best relays: 267.078, 67.7581
158.022, 163.663
97.583, 87.8079
288.045, 75.5866
Particle 1 new velocities: 100.553, -9.0247
10.978, -8.4541
-94.2466, -3.10341
-20.9747, 36.1346
Particle 2 new velocities: 34.2391, -0.962493
57.4835, 33.7997
6.96077, 24.1513
211.494, -113.431
Particle 3 new velocities: 1.93951, 6.50432
-8.63862, -67.5114
2.57326, -85.1614
22.7763, 25.774
Particle 4 new velocities: -0.948276, 0.0799442
-3.00767, 55.575
-14.273, 0.0269097
-0.275743, 0.706266
-- ITERATION 49 --
-------------
Particle: 1:
Relays Coordinates:
273.074, 62.467
157.809, 155.769
50.2839, 76.9124
274.735, 104.973
Evaluation Time: 0.591441 seconds
Resulting Fitness: 0.726667
-------------
Particle: 2:
Relays Coordinates:
307.023, 64.944
190.068, 167.832
127.034, 130.797
350, 12.2545
Evaluation Time: 0.635274 seconds
Resulting Fitness: 0.12
-------------
Particle: 3:
Relays Coordinates:
266.981, 68.578
139.491, 136.057
107.407, 84.8778
295.753, 190.725
Evaluation Time: 0.581531 seconds
Resulting Fitness: 0.793333
New local best!
New global best!
-------------
Particle: 4:
Relays Coordinates:
270.519, 67.7039
156.16, 185.175
92.3755, 87.9558
287.641, 67.613
Evaluation Time: 0.525358 seconds
Resulting Fitness: 0.693333
Current global best fitness: 0.793333
Current global best relays: 266.981, 68.578
139.491, 136.057
107.407, 84.8778
295.753, 190.725
Particle 1 new velocities: -48.9971, 5.13235
-42.9167, -38.8369
5.26527, 22.7629
25.5112, 132.309
Particle 2 new velocities: 14.1125, 4.967
-134.729, -58.5635
50.5004, 33.9225
-78.652, -14.4981
Particle 3 new velocities: 1.35766, 4.55303
-6.04704, -47.258
1.80128, -59.613
15.9434, 18.0418
Particle 4 new velocities: -7.29002, 1.43114
-25.3998, 31.879
1.91603, -1.16813
13.7924, 68.1773
-- ITERATION 50 --
-------------
Particle: 1:
Relays Coordinates:
224.077, 67.5993
114.893, 116.932
55.5492, 99.6752
300.247, 237.283
Evaluation Time: 0.0001037 seconds
Resulting Fitness: 0
-------------
Particle: 2:
Relays Coordinates:
321.136, 69.911
55.3387, 109.269
177.535, 164.72
271.348, 0
Evaluation Time: 6.0966e-05 seconds
Resulting Fitness: 0
-------------
Particle: 3:
Relays Coordinates:
268.339, 73.131
133.444, 88.7991
109.208, 25.2648
311.697, 208.767
Evaluation Time: 0.0334127 seconds
Resulting Fitness: 0.770371
-------------
Particle: 4:
Relays Coordinates:
263.229, 69.135
130.76, 217.054
94.2915, 86.7877
301.434, 135.79
Evaluation Time: 7.4508e-05 seconds
Resulting Fitness: 0
Simulation of the best surrogate solution results: 0.793333
Final Evaluation Time: 13.9349 seconds
Final global best fitness: 0.793333
Final global best relays:
266.981, 68.578
139.491, 136.057
107.407, 84.8778
295.753, 190.725
