PSO EXECUTION
============================
Seed: 762688709
Particles: 4
Relays: 4
Iterations: 50
Backend: Hybrid
Network Configuration: 4
Area: 350 x 350
Sink: 350, 350
Simulated Relay range: 155
w: 0.8
c1: 1.1
c2: 1.8

Relay Nodes Positions: 
PARTICLE 1: 
283.166, 277.263
111.723, 60.2719
185.269, 222.812
66.2233, 172.497
PARTICLE 2: 
151.213, 137.432
271.52, 293.629
36.4673, 39.3318
224.394, 214.719
PARTICLE 3: 
285.298, 273.365
217.05, 193.802
58.3174, 38.4861
103.831, 102.289
PARTICLE 4: 
169.858, 94.2892
61.6754, 47.947
187.086, 245.562
308.73, 321.725
Nodes Positions: 
193.412, 41.3258
181.787, 272.599
116.453, 212.384
296.425, 242.775
30.3313, 311.447
268.347, 157.133
16.4027, 287.895
321.244, 58.1479
90.1586, 163.925
163.5, 73.7132
45.0501, 177.454
152.976, 261.793
136.82, 91.1553
302.498, 196.807
221.591, 135.073
250.865, 114.582
338.468, 316.013
240.816, 342.149
54.6073, 33.2685
74.7791, 0.161174
All particles start with velocity zero
-- ITERATION 0 --
-------------
Particle: 1:
Relays Coordinates:
283.166, 277.263
111.723, 60.2719
185.269, 222.812
66.2233, 172.497
Evaluation Time: 0.0256322 seconds
Resulting Fitness: 0.462626
New local best!
New global best!
-------------
Particle: 2:
Relays Coordinates:
151.213, 137.432
271.52, 293.629
36.4673, 39.3318
224.394, 214.719
Evaluation Time: 0.0268035 seconds
Resulting Fitness: 0.442826
New local best!
-------------
Particle: 3:
Relays Coordinates:
285.298, 273.365
217.05, 193.802
58.3174, 38.4861
103.831, 102.289
Evaluation Time: 0.0359025 seconds
Resulting Fitness: 0.438465
New local best!
-------------
Particle: 4:
Relays Coordinates:
169.858, 94.2892
61.6754, 47.947
187.086, 245.562
308.73, 321.725
Evaluation Time: 0.0367163 seconds
Resulting Fitness: 0.458072
New local best!
Current global best fitness: 0.462626
Current global best relays: 283.166, 277.263
111.723, 60.2719
185.269, 222.812
66.2233, 172.497
Particle 1 new velocities: 0, 0
0, 0
0, 0
0, 0
Particle 2 new velocities: 184.918, 129.08
-51.7827, -385.6
124.065, 163.613
-74.0505, -17.3867
Particle 3 new velocities: -2.47378, 6.90644
-4.71322, -108.638
167.573, 70.4029
-39.9166, 87.0697
Particle 4 new velocities: 98.9195, 328.295
39.9256, 12.2754
-0.176172, -10.4304
-173.46, -227.185
-- ITERATION 1 --
-------------
Particle: 1:
Relays Coordinates:
283.166, 277.263
111.723, 60.2719
185.269, 222.812
66.2233, 172.497
Evaluation Time: 0.0458664 seconds
Resulting Fitness: 0.462626
-------------
Particle: 2:
Relays Coordinates:
336.131, 266.512
219.738, 0
160.533, 202.945
150.344, 197.332
Evaluation Time: 9.3453e-05 seconds
Resulting Fitness: 0
-------------
Particle: 3:
Relays Coordinates:
282.824, 280.271
212.337, 85.1644
225.89, 108.889
63.9143, 189.359
Evaluation Time: 5.0064e-05 seconds
Resulting Fitness: 0
-------------
Particle: 4:
Relays Coordinates:
268.777, 350
101.601, 60.2224
186.91, 235.132
135.27, 94.54
Evaluation Time: 0.0235466 seconds
Resulting Fitness: 0.433612
Current global best fitness: 0.462626
Current global best relays: 283.166, 277.263
111.723, 60.2719
185.269, 222.812
66.2233, 172.497
Particle 1 new velocities: 0, 0
0, 0
0, 0
0, 0
Particle 2 new velocities: 90.3377, 85.9769
-153.951, 203.7
73.703, 3.66827
-98.5978, -14.1234
Particle 3 new velocities: 0.246236, 0.447517
-160.44, -17.0981
-21.9137, 53.8153
-29.6261, 2.65362
Particle 4 new velocities: -2.96024, -36.0311
41.2742, 7.17732
-0.194972, -4.92437
-128.375, -30.4545
-- ITERATION 2 --
-------------
Particle: 1:
Relays Coordinates:
283.166, 277.263
111.723, 60.2719
185.269, 222.812
66.2233, 172.497
Evaluation Time: 0.0337149 seconds
Resulting Fitness: 0.462626
-------------
Particle: 2:
Relays Coordinates:
350, 350
65.7869, 203.7
234.236, 206.613
51.7458, 183.209
Evaluation Time: 0.000101954 seconds
Resulting Fitness: 0
-------------
Particle: 3:
Relays Coordinates:
283.07, 280.719
51.8966, 68.0663
203.976, 162.704
34.2882, 192.013
Evaluation Time: 5.1979e-05 seconds
Resulting Fitness: 0
-------------
Particle: 4:
Relays Coordinates:
265.817, 313.969
142.875, 67.3997
186.715, 230.208
6.89512, 64.0855
Evaluation Time: 4.4479e-05 seconds
Resulting Fitness: 0
Current global best fitness: 0.462626
Current global best relays: 283.166, 277.263
111.723, 60.2719
185.269, 222.812
66.2233, 172.497
Particle 1 new velocities: 0, 0
0, 0
0, 0
0, 0
Particle 2 new velocities: -142.034, -197.097
86.2274, 24.9689
-136.565, -58.7325
1.11833, 10.0305
Particle 3 new velocities: 2.74043, -7.40567
40.6418, 86.4965
-118.858, -7.69898
49.8066, -92.5757
Particle 4 new velocities: -67.9027, -69.2105
-21.6635, -5.85636
-2.32868, -0.232483
43.3234, 263.705
-- ITERATION 3 --
-------------
Particle: 1:
Relays Coordinates:
283.166, 277.263
111.723, 60.2719
185.269, 222.812
66.2233, 172.497
Evaluation Time: 0.0333251 seconds
Resulting Fitness: 0.462626
-------------
Particle: 2:
Relays Coordinates:
207.966, 152.903
152.014, 228.669
97.6704, 147.881
52.8641, 193.239
Evaluation Time: 9.4333e-05 seconds
Resulting Fitness: 0
-------------
Particle: 3:
Relays Coordinates:
285.81, 273.313
92.5383, 154.563
85.1188, 155.005
84.0948, 99.437
Evaluation Time: 6.2984e-05 seconds
Resulting Fitness: 0
-------------
Particle: 4:
Relays Coordinates:
197.914, 244.758
121.212, 61.5434
184.386, 229.975
50.2186, 327.791
Evaluation Time: 6.7227e-05 seconds
Resulting Fitness: 0
Current global best fitness: 0.462626
Current global best relays: 283.166, 277.263
111.723, 60.2719
185.269, 222.812
66.2233, 172.497
Particle 1 new velocities: 0, 0
0, 0
0, 0
0, 0
Particle 2 new velocities: -101.207, -112.303
159.75, -97.1114
-61.0201, -135.41
86.1093, 13.2898
Particle 3 new velocities: -2.65853, -2.76291
126.24, 7.90551
26.2545, 11.4615
37.774, 46.4679
Particle 4 new velocities: 85.5265, -110.105
-54.1101, -12.1877
0.202267, 9.0308
190.771, 6.20583
-- ITERATION 4 --
-------------
Particle: 1:
Relays Coordinates:
283.166, 277.263
111.723, 60.2719
185.269, 222.812
66.2233, 172.497
Evaluation Time: 0.0398892 seconds
Resulting Fitness: 0.462626
-------------
Particle: 2:
Relays Coordinates:
106.758, 40.6002
311.764, 131.557
36.6502, 12.4704
138.973, 206.529
Evaluation Time: 0.000123114 seconds
Resulting Fitness: 0
-------------
Particle: 3:
Relays Coordinates:
283.152, 270.55
218.778, 162.468
111.373, 166.467
121.869, 145.905
Evaluation Time: 0.0349172 seconds
Resulting Fitness: 0.433677
-------------
Particle: 4:
Relays Coordinates:
283.441, 134.654
67.1016, 49.3557
184.588, 239.006
240.989, 333.996
Evaluation Time: 0.000119948 seconds
Resulting Fitness: 0
Current global best fitness: 0.462626
Current global best relays: 283.166, 277.263
111.723, 60.2719
185.269, 222.812
66.2233, 172.497
Particle 1 new velocities: 0, 0
0, 0
0, 0
0, 0
Particle 2 new velocities: 77.0018, -43.7374
-165.382, -71.55
25.1977, 42.1046
18.1874, -27.4419
Particle 3 new velocities: -2.00292, -0.140902
71.4892, -149.841
28.0533, -91.6468
-87.8161, 4.21965
Particle 4 new velocities: -43.0652, -78.2229
-24.9996, -5.12989
1.86847, -4.5213
28.3002, -172.214
-- ITERATION 5 --
-------------
Particle: 1:
Relays Coordinates:
283.166, 277.263
111.723, 60.2719
185.269, 222.812
66.2233, 172.497
Evaluation Time: 0.0315684 seconds
Resulting Fitness: 0.462626
-------------
Particle: 2:
Relays Coordinates:
183.76, 0
146.382, 60.0074
61.8479, 54.5749
157.161, 179.087
Evaluation Time: 7.0267e-05 seconds
Resulting Fitness: 0
-------------
Particle: 3:
Relays Coordinates:
281.149, 270.409
290.267, 12.6275
139.427, 74.82
34.0527, 150.125
Evaluation Time: 4.9698e-05 seconds
Resulting Fitness: 0
-------------
Particle: 4:
Relays Coordinates:
240.375, 56.4311
42.1019, 44.2258
186.457, 234.485
269.289, 161.782
Evaluation Time: 4.5585e-05 seconds
Resulting Fitness: 0
Current global best fitness: 0.462626
Current global best relays: 283.166, 277.263
111.723, 60.2719
185.269, 222.812
66.2233, 172.497
Particle 1 new velocities: 0, 0
0, 0
0, 0
0, 0
Particle 2 new velocities: 62.95, 375.784
-110.798, -55.8061
217.17, 290.76
9.24884, -20.2923
Particle 3 new velocities: 0.500844, 10.9667
-52.0083, 35.0555
68.3527, 28.3843
23.7269, -12.5517
Particle 4 new velocities: -7.36553, 22.3558
-3.25732, 6.8881
0.342168, 2.34298
-165.578, 33.3095
-- ITERATION 6 --
-------------
Particle: 1:
Relays Coordinates:
283.166, 277.263
111.723, 60.2719
185.269, 222.812
66.2233, 172.497
Evaluation Time: 0.0271916 seconds
Resulting Fitness: 0.462626
-------------
Particle: 2:
Relays Coordinates:
246.71, 350
35.5839, 4.20131
279.018, 345.335
166.41, 158.795
Evaluation Time: 6.9028e-05 seconds
Resulting Fitness: 0
-------------
Particle: 3:
Relays Coordinates:
281.65, 281.376
238.259, 47.683
207.779, 103.204
57.7795, 137.573
Evaluation Time: 5.3748e-05 seconds
Resulting Fitness: 0
-------------
Particle: 4:
Relays Coordinates:
233.01, 78.7869
38.8446, 51.1139
186.799, 236.828
103.711, 195.091
Evaluation Time: 4.5618e-05 seconds
Resulting Fitness: 0
Current global best fitness: 0.462626
Current global best relays: 283.166, 277.263
111.723, 60.2719
185.269, 222.812
66.2233, 172.497
Particle 1 new velocities: 0, 0
0, 0
0, 0
0, 0
Particle 2 new velocities: 23.0947, -214.389
21.3422, 282.261
11.1683, 31.8771
-22.3358, 51.3804
Particle 3 new velocities: 3.60824, -1.9788
-196.519, 64.0896
22.9353, 58.231
55.0862, 33.2191
Particle 4 new velocities: 56.8234, 58.4806
124.099, 18.3292
0.0814952, -0.673131
54.8604, 91.3216
-- ITERATION 7 --
-------------
Particle: 1:
Relays Coordinates:
283.166, 277.263
111.723, 60.2719
185.269, 222.812
66.2233, 172.497
Evaluation Time: 0.0228191 seconds
Resulting Fitness: 0.462626
-------------
Particle: 2:
Relays Coordinates:
269.805, 135.611
56.9261, 286.463
290.186, 350
144.074, 210.175
Evaluation Time: 0.000121666 seconds
Resulting Fitness: 0
-------------
Particle: 3:
Relays Coordinates:
285.258, 279.397
41.7406, 111.773
230.715, 161.435
112.866, 170.792
Evaluation Time: 0.0316505 seconds
Resulting Fitness: 0.43811
-------------
Particle: 4:
Relays Coordinates:
289.833, 137.267
162.944, 69.4431
186.88, 236.154
158.571, 286.413
Evaluation Time: 8.0731e-05 seconds
Resulting Fitness: 0
Current global best fitness: 0.462626
Current global best relays: 283.166, 277.263
111.723, 60.2719
185.269, 222.812
66.2233, 172.497
Particle 1 new velocities: 0, 0
0, 0
0, 0
0, 0
Particle 2 new velocities: -41.7222, -97.7476
246.072, -8.197
-248.186, -504.758
-36.7965, 22.2025
Particle 3 new velocities: 2.24999, -10.1149
-0.386842, 39.9324
-140.882, 52.438
34.1927, -40.3952
Particle 4 new velocities: -17.9365, 222.121
-44.2016, 5.41422
-2.64784, 1.97506
-102.24, -89.8759
-- ITERATION 8 --
-------------
Particle: 1:
Relays Coordinates:
283.166, 277.263
111.723, 60.2719
185.269, 222.812
66.2233, 172.497
Evaluation Time: 0.0250774 seconds
Resulting Fitness: 0.462626
New local best!
New global best!
-------------
Particle: 2:
Relays Coordinates:
228.083, 37.863
302.998, 278.266
42, 0
107.277, 232.378
Evaluation Time: 9.6406e-05 seconds
Resulting Fitness: 0
-------------
Particle: 3:
Relays Coordinates:
287.508, 269.282
41.3538, 151.705
89.8323, 213.873
147.058, 130.397
Evaluation Time: 8.1798e-05 seconds
Resulting Fitness: 0
-------------
Particle: 4:
Relays Coordinates:
271.897, 350
118.742, 74.8573
184.232, 238.129
56.3319, 196.537
Evaluation Time: 0.0333091 seconds
Resulting Fitness: 0.462494
New local best!
Current global best fitness: 0.462626
Current global best relays: 283.166, 277.263
111.723, 60.2719
185.269, 222.812
66.2233, 172.497
Particle 1 new velocities: 0, 0
0, 0
0, 0
0, 0
Particle 2 new velocities: -57.1111, -39.3019
45.8937, -169.2
-7.92639, 89.7777
32.8825, 9.67388
Particle 3 new velocities: -6.44867, -1.33904
178.545, -38.9223
-125.952, -49.1568
0.777712, 16.812
Particle 4 new velocities: 0.473528, -77.4151
-44.8063, -4.12291
-1.98456, -0.0527394
-81.5496, -93.5203
-- ITERATION 9 --
-------------
Particle: 1:
Relays Coordinates:
283.166, 277.263
111.723, 60.2719
185.269, 222.812
66.2233, 172.497
Evaluation Time: 0.463807 seconds
Resulting Fitness: 0.425
-------------
Particle: 2:
Relays Coordinates:
170.972, 0
348.892, 109.065
34.0736, 89.7777
140.16, 242.052
Evaluation Time: 0.327636 seconds
Resulting Fitness: 0.05
-------------
Particle: 3:
Relays Coordinates:
281.059, 267.943
219.899, 112.783
0, 164.717
147.836, 147.209
Evaluation Time: 0.432523 seconds
Resulting Fitness: 0.141667
-------------
Particle: 4:
Relays Coordinates:
272.37, 272.585
73.9357, 70.7344
182.248, 238.077
0, 103.017
Evaluation Time: 0.385468 seconds
Resulting Fitness: 0.158333
Current global best fitness: 0.462626
Current global best relays: 283.166, 277.263
111.723, 60.2719
185.269, 222.812
66.2233, 172.497
Particle 1 new velocities: 0, 0
0, 0
0, 0
0, 0
Particle 2 new velocities: 101.119, 92.8397
-258.755, -181.357
85.8725, 50.6202
-26.3686, -126.492
Particle 3 new velocities: -0.630474, 16.5492
122.063, 33.3376
131.719, -103.186
-67.1571, 7.70507
Particle 4 new velocities: 0.341949, 24.0101
12.2258, -20.0117
0.760612, -8.10537
57.4823, 93.9107
-- ITERATION 10 --
-------------
Particle: 1:
Relays Coordinates:
283.166, 277.263
111.723, 60.2719
185.269, 222.812
66.2233, 172.497
Evaluation Time: 0.0276993 seconds
Resulting Fitness: 0.462626
-------------
Particle: 2:
Relays Coordinates:
272.091, 92.8397
90.1371, 0
119.946, 140.398
113.791, 115.56
Evaluation Time: 0.000112902 seconds
Resulting Fitness: 0
-------------
Particle: 3:
Relays Coordinates:
280.429, 284.492
341.962, 146.12
131.719, 61.5304
80.679, 154.914
Evaluation Time: 7.9308e-05 seconds
Resulting Fitness: 0
-------------
Particle: 4:
Relays Coordinates:
272.712, 296.595
86.1615, 50.7227
183.008, 229.971
57.4823, 196.928
Evaluation Time: 0.026546 seconds
Resulting Fitness: 0.458999
Current global best fitness: 0.462626
Current global best relays: 283.166, 277.263
111.723, 60.2719
185.269, 222.812
66.2233, 172.497
Particle 1 new velocities: 0, 0
0, 0
0, 0
0, 0
Particle 2 new velocities: 56.6488, 159.955
-106.169, 334.248
101.615, 24.9628
-80.7587, 19.6695
Particle 3 new velocities: 7.45671, 7.32401
-56.5545, 4.80449
157.879, 7.02427
-68.4042, 13.2775
Particle 4 new velocities: 3.39334, 33.4126
67.3192, 10.8227
3.68052, -8.98846
49.3124, 44.1645
-- ITERATION 11 --
-------------
Particle: 1:
Relays Coordinates:
283.166, 277.263
111.723, 60.2719
185.269, 222.812
66.2233, 172.497
Evaluation Time: 0.0271837 seconds
Resulting Fitness: 0.462626
-------------
Particle: 2:
Relays Coordinates:
328.739, 252.795
0, 334.248
221.561, 165.361
33.0326, 135.23
Evaluation Time: 6.9211e-05 seconds
Resulting Fitness: 0
-------------
Particle: 3:
Relays Coordinates:
287.886, 291.816
285.407, 150.925
289.598, 68.5547
12.2749, 168.191
Evaluation Time: 4.5902e-05 seconds
Resulting Fitness: 0
-------------
Particle: 4:
Relays Coordinates:
276.106, 330.008
153.481, 61.5454
186.689, 220.983
106.795, 241.092
Evaluation Time: 4.5243e-05 seconds
Resulting Fitness: 0
Current global best fitness: 0.462626
Current global best relays: 283.166, 277.263
111.723, 60.2719
185.269, 222.812
66.2233, 172.497
Particle 1 new velocities: 0, 0
0, 0
0, 0
0, 0
Particle 2 new velocities: -195.014, 35.5621
405.309, 158.732
-121.355, 38.0194
180.057, 99.919
Particle 3 new velocities: 0.790641, -30.1922
-348.374, -58.1282
-193.241, 248.765
-13.5041, -23.405
Particle 4 new velocities: 9.01198, -18.7913
15.1062, 19.4976
0.53066, 14.6415
-3.899, 12.789
-- ITERATION 12 --
-------------
Particle: 1:
Relays Coordinates:
283.166, 277.263
111.723, 60.2719
185.269, 222.812
66.2233, 172.497
Evaluation Time: 0.0267887 seconds
Resulting Fitness: 0.462626
New local best!
New global best!
-------------
Particle: 2:
Relays Coordinates:
133.725, 288.357
350, 350
100.207, 203.38
213.09, 235.149
Evaluation Time: 7.6444e-05 seconds
Resulting Fitness: 0
-------------
Particle: 3:
Relays Coordinates:
288.676, 261.624
0, 92.7966
96.3572, 317.319
0, 144.786
Evaluation Time: 4.5625e-05 seconds
Resulting Fitness: 0
-------------
Particle: 4:
Relays Coordinates:
285.118, 311.216
168.587, 81.043
187.22, 235.624
102.896, 253.881
Evaluation Time: 4.7318e-05 seconds
Resulting Fitness: 0
Current global best fitness: 0.462626
Current global best relays: 283.166, 277.263
111.723, 60.2719
185.269, 222.812
66.2233, 172.497
Particle 1 new velocities: 0, 0
0, 0
0, 0
0, 0
Particle 2 new velocities: -89.2414, -17.7751
-116.52, -563.938
-17.1373, 32.2025
-35.7338, -5.22245
Particle 3 new velocities: -4.07656, -15.4928
252.806, 49.4791
-172.402, -38.6283
159.3, -27.4042
Particle 4 new velocities: 1.63783, -48.5807
-12.6689, -20.5455
-2.63549, 12.1819
-30.407, -186.348
-- ITERATION 13 --
-------------
Particle: 1:
Relays Coordinates:
283.166, 277.263
111.723, 60.2719
185.269, 222.812
66.2233, 172.497
Evaluation Time: 0.0253228 seconds
Resulting Fitness: 0.462626
-------------
Particle: 2:
Relays Coordinates:
44.4836, 270.582
233.48, 0
83.0695, 235.583
177.356, 229.926
Evaluation Time: 8.142e-05 seconds
Resulting Fitness: 0
-------------
Particle: 3:
Relays Coordinates:
284.6, 246.132
252.806, 142.276
0, 278.691
159.3, 117.382
Evaluation Time: 9.9454e-05 seconds
Resulting Fitness: 0
-------------
Particle: 4:
Relays Coordinates:
286.755, 262.636
155.918, 60.4975
184.584, 247.806
72.4887, 67.5333
Evaluation Time: 6.477e-05 seconds
Resulting Fitness: 0
Current global best fitness: 0.462626
Current global best relays: 283.166, 277.263
111.723, 60.2719
185.269, 222.812
66.2233, 172.497
Particle 1 new velocities: 0, 0
0, 0
0, 0
0, 0
Particle 2 new velocities: 85.7693, -143.991
-154.553, 114.852
-11.0763, 10.6189
-30.4862, -46.9042
Particle 3 new velocities: -3.59392, 9.94417
89.1088, -36.5804
35.9138, -83.4375
51.8764, -23.1637
Particle 4 new velocities: -12.4888, 10.9916
-62.6486, -16.1245
-1.75606, -5.85062
-41.8102, 89.3199
-- ITERATION 14 --
-------------
Particle: 1:
Relays Coordinates:
283.166, 277.263
111.723, 60.2719
185.269, 222.812
66.2233, 172.497
Evaluation Time: 0.0240267 seconds
Resulting Fitness: 0.462626
-------------
Particle: 2:
Relays Coordinates:
130.253, 126.592
78.9275, 114.852
71.9932, 246.201
146.869, 183.022
Evaluation Time: 0.000100112 seconds
Resulting Fitness: 0
-------------
Particle: 3:
Relays Coordinates:
281.006, 256.076
341.914, 105.695
35.9138, 195.253
211.177, 94.2183
Evaluation Time: 7.6092e-05 seconds
Resulting Fitness: 0
-------------
Particle: 4:
Relays Coordinates:
274.267, 273.627
93.2694, 44.373
182.828, 241.956
30.6785, 156.853
Evaluation Time: 7.8461e-05 seconds
Resulting Fitness: 0
Current global best fitness: 0.462626
Current global best relays: 283.166, 277.263
111.723, 60.2719
185.269, 222.812
66.2233, 172.497
Particle 1 new velocities: 0, 0
0, 0
0, 0
0, 0
Particle 2 new velocities: 147.47, 119.996
19.4868, 115.769
182.372, -194.64
-79.4164, -10.1846
Particle 3 new velocities: 4.10231, 32.5416
-107.164, -22.5391
218.334, -150.973
-268.929, 58.8393
Particle 4 new velocities: -8.52573, 87.0545
-32.2939, 12.3614
3.24191, -40.0846
43.0658, 115.583
-- ITERATION 15 --
-------------
Particle: 1:
Relays Coordinates:
283.166, 277.263
111.723, 60.2719
185.269, 222.812
66.2233, 172.497
Evaluation Time: 0.0229805 seconds
Resulting Fitness: 0.462626
-------------
Particle: 2:
Relays Coordinates:
277.723, 246.587
98.4143, 230.621
254.365, 51.5611
67.4531, 172.837
Evaluation Time: 0.00010356 seconds
Resulting Fitness: 0
-------------
Particle: 3:
Relays Coordinates:
285.108, 288.617
234.751, 83.1561
254.248, 44.2806
0, 153.058
Evaluation Time: 8.6228e-05 seconds
Resulting Fitness: 0
-------------
Particle: 4:
Relays Coordinates:
265.741, 350
60.9755, 56.7344
186.07, 201.871
73.7443, 272.436
Evaluation Time: 8.2252e-05 seconds
Resulting Fitness: 0
Current global best fitness: 0.462626
Current global best relays: 283.166, 277.263
111.723, 60.2719
185.269, 222.812
66.2233, 172.497
Particle 1 new velocities: 0, 0
0, 0
0, 0
0, 0
Particle 2 new velocities: 42.0423, 47.0969
149.695, 38.33
100.7, 108.828
-24.6221, 17.686
Particle 3 new velocities: 1.6914, 8.32247
-190.57, -20.4556
57.0038, 104.663
47.11, 57.31
Particle 4 new velocities: -0.697378, -87.4864
70.1369, 12.7469
0.546387, -4.00454
21.3519, -86.9146
-- ITERATION 16 --
-------------
Particle: 1:
Relays Coordinates:
283.166, 277.263
111.723, 60.2719
185.269, 222.812
66.2233, 172.497
Evaluation Time: 0.0229237 seconds
Resulting Fitness: 0.462626
-------------
Particle: 2:
Relays Coordinates:
319.765, 293.684
248.109, 268.951
350, 160.389
42.8311, 190.523
Evaluation Time: 9.3507e-05 seconds
Resulting Fitness: 0
-------------
Particle: 3:
Relays Coordinates:
286.799, 296.94
44.1805, 62.7005
311.251, 148.944
47.11, 210.368
Evaluation Time: 9.2153e-05 seconds
Resulting Fitness: 0
-------------
Particle: 4:
Relays Coordinates:
265.044, 262.514
131.112, 69.4813
186.616, 197.867
95.0961, 185.521
Evaluation Time: 0.0221245 seconds
Resulting Fitness: 0.452506
Current global best fitness: 0.462626
Current global best relays: 283.166, 277.263
111.723, 60.2719
185.269, 222.812
66.2233, 172.497
Particle 1 new velocities: 0, 0
0, 0
0, 0
0, 0
Particle 2 new velocities: -157.968, -15.6366
-42.0301, -113.484
-217.677, 47.6983
156.399, 9.57363
Particle 3 new velocities: -4.70472, -38.9354
-59.3673, 66.0894
-146.985, 62.7283
107.701, -74.9614
Particle 4 new velocities: 32.2443, -57.454
26.372, 6.96601
-2.37131, 32.1702
-60.2063, -79.2099
-- ITERATION 17 --
-------------
Particle: 1:
Relays Coordinates:
283.166, 277.263
111.723, 60.2719
185.269, 222.812
66.2233, 172.497
Evaluation Time: 0.0195112 seconds
Resulting Fitness: 0.462626
-------------
Particle: 2:
Relays Coordinates:
161.797, 278.048
206.079, 155.467
132.323, 208.087
199.23, 200.097
Evaluation Time: 6.1432e-05 seconds
Resulting Fitness: 0
-------------
Particle: 3:
Relays Coordinates:
282.095, 258.004
0, 128.79
164.266, 211.672
154.811, 135.406
Evaluation Time: 0.0323975 seconds
Resulting Fitness: 0.434966
-------------
Particle: 4:
Relays Coordinates:
297.288, 205.06
157.484, 76.4473
184.245, 230.037
34.8898, 106.312
Evaluation Time: 8.0223e-05 seconds
Resulting Fitness: 0
Current global best fitness: 0.462626
Current global best relays: 283.166, 277.263
111.723, 60.2719
185.269, 222.812
66.2233, 172.497
Particle 1 new velocities: 0, 0
0, 0
0, 0
0, 0
Particle 2 new velocities: 15.1685, -68.4799
-71.202, -174.501
-254.63, 16.9047
96.4226, 3.64595
Particle 3 new velocities: -0.0328275, -20.6896
102.926, 85.335
-205.524, -46.1953
-63.7973, 3.30359
Particle 4 new velocities: 10.7787, 77.3317
11.7139, -13.4738
-1.76935, 23.4848
5.27869, -11.7016
-- ITERATION 18 --
-------------
Particle: 1:
Relays Coordinates:
283.166, 277.263
111.723, 60.2719
185.269, 222.812
66.2233, 172.497
Evaluation Time: 0.0349741 seconds
Resulting Fitness: 0.462626
-------------
Particle: 2:
Relays Coordinates:
176.966, 209.568
134.877, 0
0, 224.992
295.652, 203.743
Evaluation Time: 8.1456e-05 seconds
Resulting Fitness: 0
-------------
Particle: 3:
Relays Coordinates:
282.062, 237.315
102.926, 214.125
0, 165.477
91.0141, 138.71
Evaluation Time: 4.671e-05 seconds
Resulting Fitness: 0
-------------
Particle: 4:
Relays Coordinates:
308.066, 282.391
169.198, 62.9735
182.476, 253.521
40.1685, 94.61
Evaluation Time: 4.7903e-05 seconds
Resulting Fitness: 0
Current global best fitness: 0.462626
Current global best relays: 283.166, 277.263
111.723, 60.2719
185.269, 222.812
66.2233, 172.497
Particle 1 new velocities: 0, 0
0, 0
0, 0
0, 0
Particle 2 new velocities: 67.9398, 3.37294
13.5736, 221.734
232.412, -180.231
-362.257, -32.8319
Particle 3 new velocities: 3.76454, 31.3086
191.677, -77.1812
272.097, -29.8837
-75.1701, 39.7916
Particle 4 new velocities: -33.4792, 93.5182
-93.4081, -9.55935
3.46544, -12.4349
24.338, 134.318
-- ITERATION 19 --
-------------
Particle: 1:
Relays Coordinates:
283.166, 277.263
111.723, 60.2719
185.269, 222.812
66.2233, 172.497
Evaluation Time: 0.51173 seconds
Resulting Fitness: 0.425
-------------
Particle: 2:
Relays Coordinates:
244.905, 212.941
148.45, 221.734
232.412, 44.7609
0, 170.911
Evaluation Time: 0.423121 seconds
Resulting Fitness: 0.0583333
-------------
Particle: 3:
Relays Coordinates:
285.826, 268.623
294.603, 136.944
272.097, 135.593
15.844, 178.501
Evaluation Time: 0.390907 seconds
Resulting Fitness: 0.216667
-------------
Particle: 4:
Relays Coordinates:
274.587, 350
75.7901, 53.4142
185.941, 241.087
64.5065, 228.928
Evaluation Time: 0.458888 seconds
Resulting Fitness: 0.216667
Current global best fitness: 0.462626
Current global best relays: 283.166, 277.263
111.723, 60.2719
185.269, 222.812
66.2233, 172.497
Particle 1 new velocities: 0, 0
0, 0
0, 0
0, 0
Particle 2 new velocities: 72.5123, 32.3252
78.9134, 128.733
29.8469, -111.409
170.486, -16.5647
Particle 3 new velocities: 2.8062, 32.9288
126.315, -117.27
92.596, 26.5815
76.318, -10.1865
Particle 4 new velocities: -19.3903, -67.2655
-39.3395, -6.45756
2.10375, -41.2575
14.2122, -14.6545
-- ITERATION 20 --
-------------
Particle: 1:
Relays Coordinates:
283.166, 277.263
111.723, 60.2719
185.269, 222.812
66.2233, 172.497
Evaluation Time: 0.0409242 seconds
Resulting Fitness: 0.462626
-------------
Particle: 2:
Relays Coordinates:
317.418, 245.266
227.364, 350
262.258, 0
170.486, 154.346
Evaluation Time: 7.8535e-05 seconds
Resulting Fitness: 0
-------------
Particle: 3:
Relays Coordinates:
288.633, 301.552
350, 19.6741
350, 162.175
92.162, 168.315
Evaluation Time: 4.8839e-05 seconds
Resulting Fitness: 0
-------------
Particle: 4:
Relays Coordinates:
255.197, 282.734
36.4507, 46.9566
188.045, 199.829
78.7187, 214.274
Evaluation Time: 5.5666e-05 seconds
Resulting Fitness: 0
Current global best fitness: 0.462626
Current global best relays: 283.166, 277.263
111.723, 60.2719
185.269, 222.812
66.2233, 172.497
Particle 1 new velocities: 0, 0
0, 0
0, 0
0, 0
Particle 2 new velocities: 10.8787, -38.1888
32.226, -180.093
-150.34, 192.537
126.197, 6.40831
Particle 3 new velocities: 0.603008, -1.19347
-337.252, -49.5228
-241.651, 22.4166
27.7297, -39.3235
Particle 4 new velocities: -13.139, 9.09858
41.3905, 20.7093
-4.22059, 5.34047
-24.3638, -22.6561
-- ITERATION 21 --
-------------
Particle: 1:
Relays Coordinates:
283.166, 277.263
111.723, 60.2719
185.269, 222.812
66.2233, 172.497
Evaluation Time: 0.032066 seconds
Resulting Fitness: 0.462626
-------------
Particle: 2:
Relays Coordinates:
328.296, 207.077
259.59, 169.907
111.919, 192.537
296.683, 160.755
Evaluation Time: 0.0307371 seconds
Resulting Fitness: 0.427614
-------------
Particle: 3:
Relays Coordinates:
289.236, 300.359
12.7482, 0
108.349, 184.591
119.892, 128.991
Evaluation Time: 7.4082e-05 seconds
Resulting Fitness: 0
-------------
Particle: 4:
Relays Coordinates:
242.058, 291.833
77.8412, 67.6659
183.824, 205.17
54.3549, 191.618
Evaluation Time: 0.0346182 seconds
Resulting Fitness: 0.460749
Current global best fitness: 0.462626
Current global best relays: 283.166, 277.263
111.723, 60.2719
185.269, 222.812
66.2233, 172.497
Particle 1 new velocities: 0, 0
0, 0
0, 0
0, 0
Particle 2 new velocities: -175.09, -34.6909
-213.443, -237.229
-39.857, 34.8572
-247.601, 52.9509
Particle 3 new velocities: -9.96135, -55.8306
19.9887, 62.1203
-170.46, -16.8784
12.0565, -23.2389
Particle 4 new velocities: 33.9044, 15.4085
113.012, 4.67026
-2.67582, 39.4177
-4.55372, -17.5872
-- ITERATION 22 --
-------------
Particle: 1:
Relays Coordinates:
283.166, 277.263
111.723, 60.2719
185.269, 222.812
66.2233, 172.497
Evaluation Time: 0.0381192 seconds
Resulting Fitness: 0.462626
-------------
Particle: 2:
Relays Coordinates:
153.207, 172.386
46.1468, 0
72.0617, 227.395
49.0815, 213.706
Evaluation Time: 7.3092e-05 seconds
Resulting Fitness: 0
-------------
Particle: 3:
Relays Coordinates:
279.274, 244.528
32.7369, 62.1203
0, 167.713
131.948, 105.752
Evaluation Time: 5.2179e-05 seconds
Resulting Fitness: 0
-------------
Particle: 4:
Relays Coordinates:
275.962, 307.242
190.853, 72.3362
181.149, 244.587
49.8012, 174.03
Evaluation Time: 4.7003e-05 seconds
Resulting Fitness: 0
Current global best fitness: 0.462626
Current global best relays: 283.166, 277.263
111.723, 60.2719
185.269, 222.812
66.2233, 172.497
Particle 1 new velocities: 0, 0
0, 0
0, 0
0, 0
Particle 2 new velocities: -48.9909, 41.6266
-34.2152, 320.952
40.7619, 20.3505
-153.475, 29.6943
Particle 3 new velocities: -1.6959, -15.5642
237.231, 184.819
112.404, 63.3837
-107.249, 86.7488
Particle 4 new velocities: 29.027, 3.25591
52.43, -0.384583
5.28941, 20.3526
11.5992, 0.689047
-- ITERATION 23 --
-------------
Particle: 1:
Relays Coordinates:
283.166, 277.263
111.723, 60.2719
185.269, 222.812
66.2233, 172.497
Evaluation Time: 0.0245385 seconds
Resulting Fitness: 0.462626
-------------
Particle: 2:
Relays Coordinates:
104.216, 214.013
11.9317, 320.952
112.824, 247.745
0, 243.4
Evaluation Time: 6.9005e-05 seconds
Resulting Fitness: 0
-------------
Particle: 3:
Relays Coordinates:
277.578, 228.964
269.968, 246.939
112.404, 231.097
24.6997, 192.501
Evaluation Time: 4.5272e-05 seconds
Resulting Fitness: 0
-------------
Particle: 4:
Relays Coordinates:
304.989, 310.497
243.283, 71.9516
186.438, 264.94
61.4004, 174.719
Evaluation Time: 4.434e-05 seconds
Resulting Fitness: 0
Current global best fitness: 0.462626
Current global best relays: 283.166, 277.263
111.723, 60.2719
185.269, 222.812
66.2233, 172.497
Particle 1 new velocities: 0, 0
0, 0
0, 0
0, 0
Particle 2 new velocities: 204.305, 6.73153
367.247, 17.6099
7.79065, -84.0406
122.738, -65.8973
Particle 3 new velocities: 13.2384, 10.9703
124.569, -184.346
201.599, -103.519
-55.4087, -41.0055
Particle 4 new velocities: -15.0811, -44.4162
-159.391, -3.51234
0.603359, -13.6617
13.4385, 2.81571
-- ITERATION 24 --
-------------
Particle: 1:
Relays Coordinates:
283.166, 277.263
111.723, 60.2719
185.269, 222.812
66.2233, 172.497
Evaluation Time: 0.0342977 seconds
Resulting Fitness: 0.462626
-------------
Particle: 2:
Relays Coordinates:
308.521, 220.744
350, 338.561
120.614, 163.705
122.738, 177.503
Evaluation Time: 8.0064e-05 seconds
Resulting Fitness: 0
-------------
Particle: 3:
Relays Coordinates:
290.817, 239.934
350, 62.5938
314.003, 127.577
0, 151.496
Evaluation Time: 4.6825e-05 seconds
Resulting Fitness: 0
-------------
Particle: 4:
Relays Coordinates:
289.908, 266.081
83.8916, 68.4392
187.041, 251.278
74.8389, 177.535
Evaluation Time: 0.0336877 seconds
Resulting Fitness: 0.451322
Current global best fitness: 0.462626
Current global best relays: 283.166, 277.263
111.723, 60.2719
185.269, 222.812
66.2233, 172.497
Particle 1 new velocities: 0, 0
0, 0
0, 0
0, 0
Particle 2 new velocities: 72.2286, -36.1937
-214.47, -421.121
-31.3779, -0.130287
153.064, -26.939
Particle 3 new velocities: 1.94063, 80.6495
-416.876, -58.2765
-290.202, -31.5693
73.8528, -46.0774
Particle 4 new velocities: -34.8647, 63.0461
-92.7726, -11.8078
-2.30823, -31.9981
-1.40515, 7.99678
-- ITERATION 25 --
-------------
Particle: 1:
Relays Coordinates:
283.166, 277.263
111.723, 60.2719
185.269, 222.812
66.2233, 172.497
Evaluation Time: 0.0400846 seconds
Resulting Fitness: 0.462626
-------------
Particle: 2:
Relays Coordinates:
350, 184.551
135.53, 0
89.2363, 163.574
275.802, 150.564
Evaluation Time: 8.9735e-05 seconds
Resulting Fitness: 0
-------------
Particle: 3:
Relays Coordinates:
292.757, 320.584
0, 4.31735
23.8008, 96.0082
73.8528, 105.418
Evaluation Time: 0.000127202 seconds
Resulting Fitness: 0
-------------
Particle: 4:
Relays Coordinates:
255.044, 329.127
0, 56.6314
184.733, 219.28
73.4337, 185.532
Evaluation Time: 0.0410359 seconds
Resulting Fitness: 0.43938
Current global best fitness: 0.462626
Current global best relays: 283.166, 277.263
111.723, 60.2719
185.269, 222.812
66.2233, 172.497
Particle 1 new velocities: 0, 0
0, 0
0, 0
0, 0
Particle 2 new velocities: -9.95461, 94.7732
-184.218, 132.772
127.587, 49.4953
-64.3247, 26.1038
Particle 3 new velocities: -13.4988, 44.4799
305.049, 134.302
-189.51, 177.903
57.4866, 81.5978
Particle 4 new velocities: -1.86336, -4.93105
161.194, 4.64177
-1.30846, -7.18587
-13.0591, -10.284
-- ITERATION 26 --
-------------
Particle: 1:
Relays Coordinates:
283.166, 277.263
111.723, 60.2719
185.269, 222.812
66.2233, 172.497
Evaluation Time: 0.0440798 seconds
Resulting Fitness: 0.462626
-------------
Particle: 2:
Relays Coordinates:
340.045, 279.324
0, 132.772
216.823, 213.07
211.477, 176.667
Evaluation Time: 7.56e-05 seconds
Resulting Fitness: 0
-------------
Particle: 3:
Relays Coordinates:
279.259, 350
305.049, 138.62
0, 273.911
131.339, 187.016
Evaluation Time: 4.8221e-05 seconds
Resulting Fitness: 0
-------------
Particle: 4:
Relays Coordinates:
253.18, 324.196
161.194, 61.2732
183.425, 212.094
60.3746, 175.248
Evaluation Time: 0.0413179 seconds
Resulting Fitness: 0.471628
New local best!
New global best!
Current global best fitness: 0.471628
Current global best relays: 253.18, 324.196
161.194, 61.2732
183.425, 212.094
60.3746, 175.248
Particle 1 new velocities: -22.438, 22.6236
55.4485, 0.435201
-1.76582, -0.0520075
-2.01702, 3.14482
Particle 2 new velocities: -285.447, -50.7508
477.638, 147.947
25.7673, -41.33
-219.684, 33.0276
Particle 3 new velocities: -46.9485, -59.1701
207.065, 102.523
215.904, -88.9739
-68.1258, 57.1
Particle 4 new velocities: -1.49069, -3.94484
128.956, 3.71342
-1.04677, -5.7487
-10.4473, -8.2272
-- ITERATION 27 --
-------------
Particle: 1:
Relays Coordinates:
260.728, 299.886
167.171, 60.7071
183.503, 222.76
64.2063, 175.642
Evaluation Time: 0.0361113 seconds
Resulting Fitness: 0.460199
-------------
Particle: 2:
Relays Coordinates:
54.5985, 228.573
350, 280.719
242.591, 171.74
0, 209.695
Evaluation Time: 0.000129411 seconds
Resulting Fitness: 0
-------------
Particle: 3:
Relays Coordinates:
232.31, 290.83
350, 241.143
215.904, 184.937
63.2135, 244.116
Evaluation Time: 4.65e-05 seconds
Resulting Fitness: 0
-------------
Particle: 4:
Relays Coordinates:
251.69, 320.251
290.15, 64.9866
182.378, 206.345
49.9273, 167.021
Evaluation Time: 5.0104e-05 seconds
Resulting Fitness: 0
Current global best fitness: 0.471628
Current global best relays: 253.18, 324.196
161.194, 61.2732
183.425, 212.094
60.3746, 175.248
Particle 1 new velocities: -6.95987, 29.4622
9.59753, 0.425274
-0.856211, -3.44547
-2.60932, -0.562589
Particle 2 new velocities: 140.923, 74.0962
-389.868, -228.164
-212.205, -113.444
293.888, -26.9617
Particle 3 new velocities: -5.99586, -32.1721
-230.697, -201.627
31.4228, -132.736
-52.7965, -144.345
Particle 4 new velocities: 1.51023, 2.75236
-193.439, -2.78717
0.313092, 0.369783
3.92589, 0.0983804
-- ITERATION 28 --
-------------
Particle: 1:
Relays Coordinates:
253.768, 329.349
176.769, 61.1324
182.647, 219.315
61.597, 175.079
Evaluation Time: 7.5784e-05 seconds
Resulting Fitness: 0
-------------
Particle: 2:
Relays Coordinates:
195.521, 302.669
0, 52.555
30.3855, 58.2956
293.888, 182.733
Evaluation Time: 6.4302e-05 seconds
Resulting Fitness: 0
-------------
Particle: 3:
Relays Coordinates:
226.314, 258.658
119.303, 39.5162
247.327, 52.2012
10.417, 99.7714
Evaluation Time: 6.7001e-05 seconds
Resulting Fitness: 0
-------------
Particle: 4:
Relays Coordinates:
253.2, 323.004
96.7106, 62.1994
182.691, 206.715
53.8532, 167.119
Evaluation Time: 0.0373306 seconds
Resulting Fitness: 0.462324
Current global best fitness: 0.471628
Current global best relays: 253.18, 324.196
161.194, 61.2732
183.425, 212.094
60.3746, 175.248
Particle 1 new velocities: 3.68797, -30.7074
-44.6455, -0.453643
1.58035, -11.6899
-1.35647, -2.67425
Particle 2 new velocities: 160.168, -117.674
420.795, -163.298
-9.40715, -12.3747
-130.828, -27.2155
Particle 3 new velocities: 101.354, 39.3397
-96.6036, -136.576
-216.98, 34.5257
31.0384, -13.6733
Particle 4 new velocities: 1.18963, 4.95504
-89.2352, -3.00781
1.36326, 7.83078
8.40605, 14.2639
-- ITERATION 29 --
-------------
Particle: 1:
Relays Coordinates:
257.456, 298.641
132.123, 60.6788
184.227, 207.625
60.2405, 172.405
Evaluation Time: 0.48097 seconds
Resulting Fitness: 0.45
-------------
Particle: 2:
Relays Coordinates:
350, 184.996
350, 0
20.9784, 45.9208
163.059, 155.518
Evaluation Time: 0.411118 seconds
Resulting Fitness: 0.0666667
-------------
Particle: 3:
Relays Coordinates:
327.669, 297.998
22.6994, 0
30.3467, 86.7268
41.4554, 86.0981
Evaluation Time: 0.385921 seconds
Resulting Fitness: 0.05
-------------
Particle: 4:
Relays Coordinates:
254.389, 327.959
7.47535, 59.1916
184.054, 214.546
62.2593, 181.383
Evaluation Time: 0.443511 seconds
Resulting Fitness: 0.291667
Current global best fitness: 0.471628
Current global best relays: 253.18, 324.196
161.194, 61.2732
183.425, 212.094
60.3746, 175.248
Particle 1 new velocities: 5.99002, -30.7786
-0.508581, -0.191654
1.7267, 10.9912
1.92924, 1.79212
Particle 2 new velocities: -144.514, -19.6701
-93.7198, 403.749
50.5364, 280.849
-116.823, 69.265
Particle 3 new velocities: -59.0934, 47.7121
194.894, 71.8281
-13.8821, 166.558
42.608, 26.1986
Particle 4 new velocities: -0.0998398, 3.0542
208.599, 1.60926
0.398003, 1.06079
5.50386, 5.47155
-- ITERATION 30 --
-------------
Particle: 1:
Relays Coordinates:
263.446, 267.863
131.614, 60.4871
185.954, 218.616
62.1697, 174.197
Evaluation Time: 0.0265663 seconds
Resulting Fitness: 0.455571
-------------
Particle: 2:
Relays Coordinates:
205.486, 165.325
256.28, 350
71.5147, 326.77
46.2365, 224.783
Evaluation Time: 6.5718e-05 seconds
Resulting Fitness: 0
-------------
Particle: 3:
Relays Coordinates:
268.575, 345.71
217.593, 71.8281
16.4647, 253.284
84.0635, 112.297
Evaluation Time: 8.3982e-05 seconds
Resulting Fitness: 0
-------------
Particle: 4:
Relays Coordinates:
254.29, 331.013
216.075, 60.8009
184.452, 215.607
67.7631, 186.855
Evaluation Time: 4.7637e-05 seconds
Resulting Fitness: 0
Current global best fitness: 0.471628
Current global best relays: 253.18, 324.196
161.194, 61.2732
183.425, 212.094
60.3746, 175.248
Particle 1 new velocities: 7.78629, 65.1881
4.33612, 0.500912
-0.820185, 3.81049
4.45446, 0.502978
Particle 2 new velocities: -157.297, 192.289
-123.981, -66.5472
215.299, 72.6217
102.51, 36.3434
Particle 3 new velocities: -60.4902, 4.60209
111.72, 87.0236
70.477, 33.2682
36.7015, 18.3141
Particle 4 new velocities: -2.12747, -2.07872
49.3021, 1.66382
-1.65353, -0.397137
-5.45264, -20.4898
-- ITERATION 31 --
-------------
Particle: 1:
Relays Coordinates:
271.233, 333.051
135.951, 60.988
185.134, 222.426
66.6242, 174.7
Evaluation Time: 0.0274719 seconds
Resulting Fitness: 0.460179
-------------
Particle: 2:
Relays Coordinates:
48.1885, 350
132.299, 283.453
286.813, 350
148.746, 261.126
Evaluation Time: 7.3006e-05 seconds
Resulting Fitness: 0
-------------
Particle: 3:
Relays Coordinates:
208.085, 350
329.313, 158.852
86.9417, 286.553
120.765, 130.611
Evaluation Time: 5.195e-05 seconds
Resulting Fitness: 0
-------------
Particle: 4:
Relays Coordinates:
252.162, 328.934
265.377, 62.4647
182.799, 215.21
62.3105, 166.365
Evaluation Time: 4.0965e-05 seconds
Resulting Fitness: 0
Current global best fitness: 0.471628
Current global best relays: 253.18, 324.196
161.194, 61.2732
183.425, 212.094
60.3746, 175.248
Particle 1 new velocities: 15.2638, 27.9019
17.9318, 0.225295
-2.31378, -13.0535
-0.030905, -1.47136
Particle 2 new velocities: -24.3021, -230.576
-41.8259, -237.704
34.5326, -300.883
-37.1001, -90.7284
Particle 3 new velocities: 32.1792, -17.1199
-72.4582, -31.1363
32.3581, -282.33
-8.39905, 44.1957
Particle 4 new velocities: -0.121552, -2.80309
-110.065, -1.0772
-0.404528, -3.91046
-9.05648, -1.78577
-- ITERATION 32 --
-------------
Particle: 1:
Relays Coordinates:
286.497, 350
153.882, 61.2133
182.82, 209.373
66.5933, 173.229
Evaluation Time: 6.7822e-05 seconds
Resulting Fitness: 0
-------------
Particle: 2:
Relays Coordinates:
23.8864, 119.424
90.4735, 45.7486
321.346, 49.1166
111.646, 170.398
Evaluation Time: 5.1201e-05 seconds
Resulting Fitness: 0
-------------
Particle: 3:
Relays Coordinates:
240.264, 332.88
256.855, 127.715
119.3, 4.22294
112.366, 174.807
Evaluation Time: 4.1145e-05 seconds
Resulting Fitness: 0
-------------
Particle: 4:
Relays Coordinates:
252.041, 326.131
155.311, 61.3875
182.394, 211.299
53.254, 164.579
Evaluation Time: 0.0327087 seconds
Resulting Fitness: 0.469381
Current global best fitness: 0.471628
Current global best relays: 253.18, 324.196
161.194, 61.2732
183.425, 212.094
60.3746, 175.248
Particle 1 new velocities: -13.2179, -38.7889
-12.4106, 0.123059
-1.69716, 3.43409
-0.934548, -0.206406
Particle 2 new velocities: 157.897, 91.9146
214.052, 67.0379
-267.857, 30.9501
-52.0053, -60.4653
Particle 3 new velocities: 49.0582, -58.8263
-181.301, -69.9528
60.4964, -198.182
-87.7452, 11.5625
Particle 4 new velocities: 0.463647, -3.24804
-72.3745, -1.04588
1.36083, -1.83544
5.73383, 23.7429
-- ITERATION 33 --
-------------
Particle: 1:
Relays Coordinates:
273.279, 311.211
141.472, 61.3364
181.123, 212.807
65.6587, 173.023
Evaluation Time: 0.0311381 seconds
Resulting Fitness: 0.459813
-------------
Particle: 2:
Relays Coordinates:
181.784, 211.339
304.525, 112.787
53.4892, 80.0667
59.6408, 109.932
Evaluation Time: 6.76e-05 seconds
Resulting Fitness: 0
-------------
Particle: 3:
Relays Coordinates:
289.323, 274.054
75.5543, 57.7626
179.796, 0
24.6207, 186.369
Evaluation Time: 4.7596e-05 seconds
Resulting Fitness: 0
-------------
Particle: 4:
Relays Coordinates:
252.504, 322.883
82.937, 60.3416
183.755, 209.464
58.9878, 188.322
Evaluation Time: 0.0343103 seconds
Resulting Fitness: 0.466466
Current global best fitness: 0.471628
Current global best relays: 253.18, 324.196
161.194, 61.2732
183.425, 212.094
60.3746, 175.248
Particle 1 new velocities: -27.1914, -43.7146
-9.76321, -0.988774
6.63028, 2.51425
-5.33516, 1.20506
Particle 2 new velocities: 216.919, 46.4559
81.8719, 190.398
-154.684, 201.672
19.1673, 20.0672
Particle 3 new velocities: -2.48485, 36.7104
72.9153, 70.5304
-62.4136, 328.069
-5.33796, -19.8471
Particle 4 new velocities: 1.79066, -0.212906
81.598, -0.0800192
0.795234, 0.751008
5.72243, 1.67425
-- ITERATION 34 --
-------------
Particle: 1:
Relays Coordinates:
246.087, 267.497
131.708, 60.3476
187.753, 215.321
60.3236, 174.228
Evaluation Time: 0.0356638 seconds
Resulting Fitness: 0.453779
-------------
Particle: 2:
Relays Coordinates:
350, 257.795
350, 303.185
0, 281.739
78.8081, 130
Evaluation Time: 6.8671e-05 seconds
Resulting Fitness: 0
-------------
Particle: 3:
Relays Coordinates:
286.838, 310.764
148.47, 128.293
117.383, 328.069
19.2828, 166.522
Evaluation Time: 5.2691e-05 seconds
Resulting Fitness: 0
-------------
Particle: 4:
Relays Coordinates:
254.295, 322.67
164.535, 60.2616
184.55, 210.215
64.7102, 189.996
Evaluation Time: 0.0342205 seconds
Resulting Fitness: 0.467495
Current global best fitness: 0.471628
Current global best relays: 253.18, 324.196
161.194, 61.2732
183.425, 212.094
60.3746, 175.248
Particle 1 new velocities: -2.32131, -22.9015
13.3717, 0.137401
-0.0522996, -2.42918
-4.14836, 0.775243
Particle 2 new velocities: -260.394, 46.5688
-40.0838, -261.541
177.531, -115.035
19.7203, 152.509
Particle 3 new velocities: -3.28186, 12.8252
99.4635, -25.0158
-32.5845, -126.854
54.3254, -62.4805
Particle 4 new velocities: -1.26508, 0.988342
60.4752, 1.47195
-0.973763, 4.53487
-5.20517, -19.5491
-- ITERATION 35 --
-------------
Particle: 1:
Relays Coordinates:
243.766, 244.595
145.08, 60.485
187.701, 212.892
56.1752, 175.003
Evaluation Time: 0.0266833 seconds
Resulting Fitness: 0.452741
-------------
Particle: 2:
Relays Coordinates:
89.606, 304.363
309.916, 41.6439
177.531, 166.704
98.5284, 282.508
Evaluation Time: 6.7879e-05 seconds
Resulting Fitness: 0
-------------
Particle: 3:
Relays Coordinates:
283.556, 323.589
247.933, 103.277
84.7981, 201.214
73.6081, 104.041
Evaluation Time: 4.8526e-05 seconds
Resulting Fitness: 0
-------------
Particle: 4:
Relays Coordinates:
253.03, 323.659
225.01, 61.7335
183.576, 214.75
59.5051, 170.447
Evaluation Time: 4.451e-05 seconds
Resulting Fitness: 0
Current global best fitness: 0.471628
Current global best relays: 253.18, 324.196
161.194, 61.2732
183.425, 212.094
60.3746, 175.248
Particle 1 new velocities: 11.0706, 56.389
9.21456, 1.0226
-4.8839, 8.80583
7.99235, -1.55375
Particle 2 new velocities: 92.1622, -117.438
-176.827, 12.0709
134.522, -159.241
30.5152, 50.246
Particle 3 new velocities: -40.7032, -4.15045
-48.2214, -28.8513
63.8258, -279.574
46.4361, 58.606
Particle 4 new velocities: -0.711726, 1.51693
-14.4541, 0.888446
-1.09916, 0.412853
-2.45725, -5.37997
-- ITERATION 36 --
-------------
Particle: 1:
Relays Coordinates:
254.837, 300.984
154.295, 61.5076
182.817, 221.698
64.1676, 173.449
Evaluation Time: 0.0230941 seconds
Resulting Fitness: 0.457709
-------------
Particle: 2:
Relays Coordinates:
181.768, 186.925
133.089, 53.7148
312.054, 7.4634
129.044, 332.755
Evaluation Time: 9.7767e-05 seconds
Resulting Fitness: 0
-------------
Particle: 3:
Relays Coordinates:
242.853, 319.439
199.712, 74.4259
148.624, 0
120.044, 162.647
Evaluation Time: 6.6091e-05 seconds
Resulting Fitness: 0
-------------
Particle: 4:
Relays Coordinates:
252.318, 325.176
210.556, 62.622
182.477, 215.162
57.0478, 165.067
Evaluation Time: 5.8885e-05 seconds
Resulting Fitness: 0
Current global best fitness: 0.471628
Current global best relays: 253.18, 324.196
161.194, 61.2732
183.425, 212.094
60.3746, 175.248
Particle 1 new velocities: 17.5845, 57.8288
11.0944, 0.304608
-1.72979, -6.36668
3.42838, -1.23915
Particle 2 new velocities: 139.544, 115.622
-61.5432, 183.502
-298.216, 57.65
-6.12234, -191.29
Particle 3 new velocities: -4.99875, -15.7
-91.8703, 23.4725
54.0055, 204.875
-19.3379, 50.1344
Particle 4 new velocities: 0.732812, -0.270499
-52.9343, -0.135628
1.19694, -3.55748
2.95498, 19.0207
-- ITERATION 37 --
-------------
Particle: 1:
Relays Coordinates:
272.421, 350
165.389, 61.8122
181.087, 215.331
67.5959, 172.21
Evaluation Time: 6.2006e-05 seconds
Resulting Fitness: 0
-------------
Particle: 2:
Relays Coordinates:
321.312, 302.547
71.546, 237.216
13.8375, 65.1134
122.921, 141.464
Evaluation Time: 7.8929e-05 seconds
Resulting Fitness: 0
-------------
Particle: 3:
Relays Coordinates:
237.854, 303.739
107.841, 97.8984
202.629, 204.875
100.706, 212.782
Evaluation Time: 0.026518 seconds
Resulting Fitness: 0.437811
-------------
Particle: 4:
Relays Coordinates:
253.051, 324.905
157.622, 62.4864
183.674, 211.605
60.0028, 184.088
Evaluation Time: 0.0355227 seconds
Resulting Fitness: 0.469646
Current global best fitness: 0.471628
Current global best relays: 253.18, 324.196
161.194, 61.2732
183.425, 212.094
60.3746, 175.248
Particle 1 new velocities: -3.38017, -87.2006
-41.2356, -2.12457
1.55315, -6.03137
2.33445, 1.33551
Particle 2 new velocities: -13.7969, -45.2041
160.968, -53.9294
-31.6947, 76.2826
-28.5954, -34.4889
Particle 3 new velocities: 19.0499, -14.3983
11.4561, 81.6742
-33.8474, 86.8054
-59.9045, -49.3705
Particle 4 new velocities: 0.68844, -1.04495
-37.3602, -1.72362
0.539519, -2.3214
2.68911, 10.3512
-- ITERATION 38 --
-------------
Particle: 1:
Relays Coordinates:
269.041, 262.799
124.154, 59.6876
182.64, 209.3
69.9304, 173.545
Evaluation Time: 0.0369058 seconds
Resulting Fitness: 0.462014
-------------
Particle: 2:
Relays Coordinates:
307.516, 257.343
232.514, 183.287
0, 141.396
94.3258, 106.975
Evaluation Time: 6.9245e-05 seconds
Resulting Fitness: 0
-------------
Particle: 3:
Relays Coordinates:
256.904, 289.341
119.297, 179.573
168.782, 291.68
40.8018, 163.411
Evaluation Time: 0.0373886 seconds
Resulting Fitness: 0.423509
-------------
Particle: 4:
Relays Coordinates:
253.739, 323.86
120.261, 60.7627
184.214, 209.284
62.6919, 194.439
Evaluation Time: 0.0396532 seconds
Resulting Fitness: 0.461266
Current global best fitness: 0.471628
Current global best relays: 253.18, 324.196
161.194, 61.2732
183.425, 212.094
60.3746, 175.248
Particle 1 new velocities: -17.6183, 13.5794
-9.43444, 0.174584
5.06279, 3.95885
-15.0044, 2.71054
Particle 2 new velocities: -64.5561, 25.6953
139.916, 40.2905
218.692, 68.4763
40.1361, 133.46
Particle 3 new velocities: 26.857, 25.7755
96.8797, -55.2576
-50.8349, 13.1096
26.4658, -56.6849
Particle 4 new velocities: 0.0554719, 0.0408233
57.6216, 0.0145956
-0.376282, 1.52313
-1.84208, -0.564439
-- ITERATION 39 --
-------------
Particle: 1:
Relays Coordinates:
251.423, 276.379
114.719, 59.8622
187.703, 213.259
54.926, 176.256
Evaluation Time: 0.472382 seconds
Resulting Fitness: 0.45
-------------
Particle: 2:
Relays Coordinates:
242.959, 283.038
350, 223.577
218.692, 209.872
134.462, 240.435
Evaluation Time: 0.419857 seconds
Resulting Fitness: 0.2
-------------
Particle: 3:
Relays Coordinates:
283.761, 315.116
216.177, 124.315
117.947, 304.79
67.2676, 106.726
Evaluation Time: 0.418446 seconds
Resulting Fitness: 0.0666667
-------------
Particle: 4:
Relays Coordinates:
253.795, 323.901
177.883, 60.7773
183.837, 210.807
60.8498, 193.875
Evaluation Time: 0.433455 seconds
Resulting Fitness: 0.233333
Current global best fitness: 0.471628
Current global best relays: 253.18, 324.196
161.194, 61.2732
183.425, 212.094
60.3746, 175.248
Particle 1 new velocities: -7.07495, 82.6143
63.4059, 0.533009
-3.19692, 12.88
-2.06055, -3.22676
Particle 2 new velocities: -83.0506, -44.0674
-245.071, -169.565
158.622, 4.68166
60.6668, -10.1572
Particle 3 new velocities: 21.2411, 9.42218
59.2373, -105.075
-30.2199, -217.17
26.8805, -40.0129
Particle 4 new velocities: -1.38235, 0.828822
13.7257, 0.567995
-0.938382, 3.97793
-1.59038, -34.1124
-- ITERATION 40 --
-------------
Particle: 1:
Relays Coordinates:
244.348, 350
178.125, 60.3952
184.506, 226.139
52.8655, 173.029
Evaluation Time: 7.3773e-05 seconds
Resulting Fitness: 0
-------------
Particle: 2:
Relays Coordinates:
159.909, 238.971
104.929, 54.012
350, 214.554
195.129, 230.278
Evaluation Time: 5.1241e-05 seconds
Resulting Fitness: 0
-------------
Particle: 3:
Relays Coordinates:
305.002, 324.538
275.414, 19.2395
87.7271, 87.6193
94.1481, 66.7136
Evaluation Time: 5.5565e-05 seconds
Resulting Fitness: 0
-------------
Particle: 4:
Relays Coordinates:
252.412, 324.73
191.609, 61.3453
182.899, 214.785
59.2594, 159.762
Evaluation Time: 0.0271184 seconds
Resulting Fitness: 0.464344
Current global best fitness: 0.471628
Current global best relays: 253.18, 324.196
161.194, 61.2732
183.425, 212.094
60.3746, 175.248
Particle 1 new velocities: 34.4468, -51.678
-16.5106, 1.54852
-3.61989, -17.122
9.94803, 0.808272
Particle 2 new velocities: 30.9951, -78.3136
-117.778, 80.578
-488.591, -92.0798
-90.3108, -68.832
Particle 3 new velocities: -35.9544, -22.2702
-11.2137, 78.6971
29.3011, -128.336
9.40608, 69.8208
Particle 4 new velocities: -0.593645, -0.30469
-52.6097, 0.398093
-0.47004, -0.696086
-0.254907, -6.58207
-- ITERATION 41 --
-------------
Particle: 1:
Relays Coordinates:
278.795, 298.322
161.615, 61.9438
180.886, 209.017
62.8135, 173.838
Evaluation Time: 0.0243112 seconds
Resulting Fitness: 0.462404
-------------
Particle: 2:
Relays Coordinates:
190.904, 160.657
0, 134.59
0, 122.474
104.818, 161.446
Evaluation Time: 0.00011365 seconds
Resulting Fitness: 0
-------------
Particle: 3:
Relays Coordinates:
269.047, 302.268
264.201, 97.9367
117.028, 0
103.554, 136.534
Evaluation Time: 0.000115424 seconds
Resulting Fitness: 0
-------------
Particle: 4:
Relays Coordinates:
251.819, 324.425
138.999, 61.7434
182.429, 214.089
59.0045, 153.18
Evaluation Time: 0.0347626 seconds
Resulting Fitness: 0.461798
Current global best fitness: 0.471628
Current global best relays: 253.18, 324.196
161.194, 61.2732
183.425, 212.094
60.3746, 175.248
Particle 1 new velocities: 24.3409, -27.1314
-49.5881, 0.0952438
1.318, 0.269442
4.42796, 0.551837
Particle 2 new velocities: 57.2578, 96.4309
59.4259, -41.3772
80.5713, 32.508
14.175, -24.4221
Particle 3 new velocities: -33.8642, -27.2194
-69.2186, 97.7158
77.2422, 174.528
-56.7053, 56.8278
Particle 4 new velocities: 1.7241, -0.532184
5.82784, -0.183407
1.07121, -3.90487
2.23956, 20.9669
-- ITERATION 42 --
-------------
Particle: 1:
Relays Coordinates:
303.135, 271.191
112.026, 62.039
182.204, 209.286
67.2415, 174.389
Evaluation Time: 0.0264051 seconds
Resulting Fitness: 0.462977
New local best!
-------------
Particle: 2:
Relays Coordinates:
248.162, 257.088
59.4259, 93.2128
80.5713, 154.982
118.993, 137.024
Evaluation Time: 0.000117932 seconds
Resulting Fitness: 0
-------------
Particle: 3:
Relays Coordinates:
235.183, 275.049
194.982, 195.652
194.27, 174.528
46.8489, 193.362
Evaluation Time: 0.0346043 seconds
Resulting Fitness: 0.420623
-------------
Particle: 4:
Relays Coordinates:
253.543, 323.893
144.827, 61.56
183.5, 210.184
61.2441, 174.147
Evaluation Time: 0.0234217 seconds
Resulting Fitness: 0.474465
New local best!
New global best!
Current global best fitness: 0.474465
Current global best relays: 253.543, 323.893
144.827, 61.56
183.5, 210.184
61.2441, 174.147
Particle 1 new velocities: -58.0755, 51.7626
14.1635, -0.430799
2.92462, 0.728977
-1.54051, 0.176312
Particle 2 new velocities: -11.5396, 93.4082
253.787, 75.564
106.886, -3.49753
24.1459, 97.7933
Particle 3 new velocities: 26.1122, 17.1525
-116.421, 50.5022
4.59158, 87.14
-6.63457, 10.1749
Particle 4 new velocities: 1.37928, -0.425747
4.66227, -0.146725
0.856971, -3.12389
1.79165, 16.7735
-- ITERATION 43 --
-------------
Particle: 1:
Relays Coordinates:
245.06, 322.953
126.19, 61.6082
185.129, 210.015
65.701, 174.566
Evaluation Time: 0.0378809 seconds
Resulting Fitness: 0.463567
New local best!
-------------
Particle: 2:
Relays Coordinates:
236.622, 350
313.213, 168.777
187.458, 151.485
143.139, 234.817
Evaluation Time: 0.0396762 seconds
Resulting Fitness: 0.427012
-------------
Particle: 3:
Relays Coordinates:
261.295, 292.201
78.5611, 246.155
198.862, 261.668
40.2143, 203.537
Evaluation Time: 0.0289321 seconds
Resulting Fitness: 0.426106
-------------
Particle: 4:
Relays Coordinates:
254.922, 323.467
149.489, 61.4133
184.357, 207.06
63.0358, 190.921
Evaluation Time: 0.0375788 seconds
Resulting Fitness: 0.471455
Current global best fitness: 0.474465
Current global best relays: 253.543, 323.893
144.827, 61.56
183.5, 210.184
61.2441, 174.147
Particle 1 new velocities: -33.4312, 42.3559
44.6974, -0.426028
0.57633, 0.699285
-7.32317, -0.256454
Particle 2 new velocities: 11.5534, -103.25
112.502, 20.1856
52.2359, 35.0002
-98.4975, 31.7794
Particle 3 new velocities: 40.8201, 31.806
15.116, -19.551
-139.918, -190.604
7.58971, -102.77
Particle 4 new velocities: -1.21258, 0.267143
-3.83299, 0.16516
-0.812639, 0.397691
-2.35592, -22.5095
-- ITERATION 44 --
-------------
Particle: 1:
Relays Coordinates:
211.629, 350
170.887, 61.1822
185.705, 210.714
58.3778, 174.309
Evaluation Time: 0.0529083 seconds
Resulting Fitness: 0.463708
New local best!
-------------
Particle: 2:
Relays Coordinates:
248.176, 246.75
350, 188.962
239.694, 186.485
44.6413, 266.597
Evaluation Time: 0.000100286 seconds
Resulting Fitness: 0
-------------
Particle: 3:
Relays Coordinates:
302.116, 324.007
93.6771, 226.604
58.9439, 71.0644
47.804, 100.767
Evaluation Time: 7.2892e-05 seconds
Resulting Fitness: 0
-------------
Particle: 4:
Relays Coordinates:
253.71, 323.734
145.656, 61.5785
183.545, 207.457
60.6798, 168.411
Evaluation Time: 0.029444 seconds
Resulting Fitness: 0.471569
Current global best fitness: 0.474465
Current global best relays: 253.543, 323.893
144.827, 61.56
183.5, 210.184
61.2441, 174.147
Particle 1 new velocities: 42.1982, -35.8091
0.928892, 0.301183
0.26773, -0.292107
-4.13691, -0.225219
Particle 2 new velocities: -20.7828, 54.5695
-339.375, -25.6076
-95.3736, -67.3824
50.8868, -109.965
Particle 3 new velocities: -61.9373, -0.219682
123.975, -277.228
-19.8259, 30.8289
27.9659, -30.3484
Particle 4 new velocities: -1.23025, 0.365828
-4.14683, 0.115386
-0.674388, 3.68333
-1.14123, -3.4257
-- ITERATION 45 --
-------------
Particle: 1:
Relays Coordinates:
253.827, 314.191
171.816, 61.4834
185.973, 210.422
54.2409, 174.084
Evaluation Time: 0.022924 seconds
Resulting Fitness: 0.470086
New local best!
-------------
Particle: 2:
Relays Coordinates:
227.393, 301.319
10.625, 163.355
144.32, 119.102
95.5281, 156.631
Evaluation Time: 0.000146742 seconds
Resulting Fitness: 0
-------------
Particle: 3:
Relays Coordinates:
240.178, 323.787
217.652, 0
39.118, 101.893
75.77, 70.4183
Evaluation Time: 8.2532e-05 seconds
Resulting Fitness: 0
-------------
Particle: 4:
Relays Coordinates:
252.479, 324.1
141.509, 61.6938
182.87, 211.141
59.5386, 164.985
Evaluation Time: 0.025451 seconds
Resulting Fitness: 0.467516
Current global best fitness: 0.474465
Current global best relays: 253.543, 323.893
144.827, 61.56
183.5, 210.184
61.2441, 174.147
Particle 1 new velocities: 33.3962, -21.3866
-30.0521, 0.289123
-1.92518, -0.33872
2.11463, -0.125537
Particle 2 new velocities: -48.4558, 52.8589
69.1145, 11.5216
-106.872, -6.59931
106.58, -38.9308
Particle 3 new velocities: 9.27601, -40.1133
93.1773, 144.355
14.7969, 26.1117
16.1549, 108.548
Particle 4 new velocities: 1.69627, -0.105313
2.8166, 0.00665313
0.443191, 2.3522
0.237416, 14.4931
-- ITERATION 46 --
-------------
Particle: 1:
Relays Coordinates:
287.223, 292.804
141.764, 61.7725
184.047, 210.084
56.3555, 173.958
Evaluation Time: 0.0354486 seconds
Resulting Fitness: 0.470265
New local best!
-------------
Particle: 2:
Relays Coordinates:
178.937, 350
79.7395, 174.876
37.4485, 112.503
202.109, 117.7
Evaluation Time: 5.3937e-05 seconds
Resulting Fitness: 0
-------------
Particle: 3:
Relays Coordinates:
249.454, 283.674
310.829, 144.355
53.9148, 128.005
91.9248, 178.966
Evaluation Time: 4.7803e-05 seconds
Resulting Fitness: 0
-------------
Particle: 4:
Relays Coordinates:
254.176, 323.995
144.326, 61.7005
183.313, 213.493
59.776, 179.479
Evaluation Time: 0.0361766 seconds
Resulting Fitness: 0.467133
Current global best fitness: 0.474465
Current global best relays: 253.543, 323.893
144.827, 61.56
183.5, 210.184
61.2441, 174.147
Particle 1 new velocities: 0.874899, -4.04516
-23.4295, -0.0288399
-2.16858, -0.233469
1.97764, -0.0883743
Particle 2 new velocities: -29.8022, -57.3186
306.913, -55.4753
-14.9591, -48.3133
-79.4163, 88.9534
Particle 3 new velocities: 24.9421, -15.4482
-134.204, 47.8481
145.781, 24.2841
7.80024, 37.4685
Particle 4 new velocities: 0.810427, -0.2612
3.23608, -0.287581
0.603495, -2.56858
1.9117, 6.36545
-- ITERATION 47 --
-------------
Particle: 1:
Relays Coordinates:
288.098, 288.759
118.335, 61.7436
181.879, 209.85
58.3331, 173.87
Evaluation Time: 0.0303161 seconds
Resulting Fitness: 0.467549
-------------
Particle: 2:
Relays Coordinates:
149.135, 292.681
350, 119.401
22.4894, 64.1899
122.692, 206.654
Evaluation Time: 8.8265e-05 seconds
Resulting Fitness: 0
-------------
Particle: 3:
Relays Coordinates:
274.396, 268.226
176.625, 192.203
199.695, 152.289
99.7251, 216.434
Evaluation Time: 0.0375887 seconds
Resulting Fitness: 0.43283
-------------
Particle: 4:
Relays Coordinates:
254.986, 323.734
147.562, 61.4129
183.917, 210.924
61.6877, 185.844
Evaluation Time: 0.0398382 seconds
Resulting Fitness: 0.463389
Current global best fitness: 0.474465
Current global best relays: 253.543, 323.893
144.827, 61.56
183.5, 210.184
61.2441, 174.147
Particle 1 new velocities: -22.5796, 58.5983
17.6509, -0.136131
-1.39506, 0.594639
3.3091, 0.192006
Particle 2 new velocities: 104.047, -154.662
-340.947, 38.8153
43.5346, 134.418
-123.463, 57.6123
Particle 3 new velocities: 23.4549, 42.8239
-75.7067, -156.981
-29.3394, -13.4399
-30.3313, -85.9453
Particle 4 new velocities: -1.29622, 0.193303
-2.86907, -0.0242757
-0.130859, -2.91207
1.15711, -14.0281
-- ITERATION 48 --
-------------
Particle: 1:
Relays Coordinates:
265.518, 347.357
135.985, 61.6075
180.484, 210.445
61.6422, 174.062
Evaluation Time: 8.603e-05 seconds
Resulting Fitness: 0
-------------
Particle: 2:
Relays Coordinates:
253.181, 138.019
9.05271, 158.216
66.024, 198.607
0, 264.266
Evaluation Time: 6.3986e-05 seconds
Resulting Fitness: 0
-------------
Particle: 3:
Relays Coordinates:
297.851, 311.05
100.918, 35.2216
170.356, 138.849
69.3938, 130.489
Evaluation Time: 6.2533e-05 seconds
Resulting Fitness: 0
-------------
Particle: 4:
Relays Coordinates:
253.69, 323.927
144.693, 61.3886
183.786, 208.012
62.8448, 171.816
Evaluation Time: 0.0430298 seconds
Resulting Fitness: 0.474144
Current global best fitness: 0.474465
Current global best relays: 253.543, 323.893
144.827, 61.56
183.5, 210.184
61.2441, 174.147
Particle 1 new velocities: -30.1077, 4.41516
21.0906, 0.03356
1.5836, 0.409147
-1.69596, 0.193268
Particle 2 new velocities: -19.8836, -40.8086
-46.9242, -42.6244
38.6292, -61.5555
218.869, -93.5475
Particle 3 new velocities: -61.6535, 41.421
134.024, -84.8595
-54.915, 27.0432
-13.8947, -27.9352
Particle 4 new velocities: -1.25949, 0.105107
-2.14039, 0.366729
-0.488484, -1.22419
-1.05243, -8.50457
-- ITERATION 49 --
-------------
Particle: 1:
Relays Coordinates:
235.411, 350
157.076, 61.6411
182.067, 210.854
59.9463, 174.255
Evaluation Time: 0.428962 seconds
Resulting Fitness: 0.258333
-------------
Particle: 2:
Relays Coordinates:
233.298, 97.2109
0, 115.592
104.653, 137.052
218.869, 170.719
Evaluation Time: 0.330551 seconds
Resulting Fitness: 0.05
-------------
Particle: 3:
Relays Coordinates:
236.198, 350
234.942, 0
115.441, 165.892
55.4991, 102.554
Evaluation Time: 0.34564 seconds
Resulting Fitness: 0.0666667
-------------
Particle: 4:
Relays Coordinates:
252.43, 324.032
142.553, 61.7554
183.298, 206.788
61.7924, 163.311
Evaluation Time: 0.49265 seconds
Resulting Fitness: 0.333333
Current global best fitness: 0.474465
Current global best relays: 253.543, 323.893
144.827, 61.56
183.5, 210.184
61.2441, 174.147
Particle 1 new velocities: 1.80554, -45.3084
-8.70473, -0.0516931
3.79962, -1.22571
-3.2884, 0.0495178
Particle 2 new velocities: -31.1984, 296.308
425.381, 90.413
-26.7339, 36.7333
43.4573, -35.2152
Particle 3 new velocities: -13.4892, -113.311
33.6815, 22.7809
-44.6235, 46.9392
22.3419, 50.9413
Particle 4 new velocities: 0.382054, -0.177161
0.51897, 0.0104401
-0.132675, 2.1935
-2.23653, 14.8676
-- ITERATION 50 --
-------------
Particle: 1:
Relays Coordinates:
237.216, 304.692
148.371, 61.5894
185.867, 209.628
56.6579, 174.305
Evaluation Time: 0.0387725 seconds
Resulting Fitness: 0.469373
-------------
Particle: 2:
Relays Coordinates:
202.099, 350
350, 206.005
77.9193, 173.785
262.327, 135.503
Evaluation Time: 8.7995e-05 seconds
Resulting Fitness: 0
-------------
Particle: 3:
Relays Coordinates:
222.709, 236.689
268.624, 22.7809
70.8176, 212.832
77.841, 153.495
Evaluation Time: 5.5705e-05 seconds
Resulting Fitness: 0
-------------
Particle: 4:
Relays Coordinates:
252.812, 323.855
143.072, 61.7658
183.165, 208.982
59.5559, 178.179
Evaluation Time: 0.0280168 seconds
Resulting Fitness: 0.470401
Simulation of the best surrogate solution results: 0.316667
Final Evaluation Time: 11.4919 seconds
Final global best fitness: 0.474465
Final global best relays:
253.543, 323.893
144.827, 61.56
183.5, 210.184
61.2441, 174.147
