ITERATION: 0
new best fitness: 0.238071
ITERATION: 1
new best fitness: 0.413924
ITERATION: 3
new best fitness: 0.423975
ITERATION: 7
new best fitness: 0.425295
ITERATION: 8
new best fitness: 0.462057
ITERATION: 9
new best fitness: 0.490026
ITERATION: 19
new best fitness: 0.530893
ITERATION: 24
new best fitness: 0.534648
ITERATION: 134
new best fitness: 0.549675
Final Evaluation Time: 22.4046 seconds
Final global best fitness: 0.547222
Final global best relays:
136.394, 60.9461
173.393, 205.956
227.469, 347.626
