ITERATION: 0
new best fitness: 0.22628
ITERATION: 1
new best fitness: 0.276969
ITERATION: 2
new best fitness: 0.37824
ITERATION: 4
new best fitness: 0.466629
ITERATION: 18
new best fitness: 0.511072
ITERATION: 19
new best fitness: 0.531301
ITERATION: 26
new best fitness: 0.539522
ITERATION: 39
new best fitness: 0.54396
ITERATION: 141
new best fitness: 0.55017
ITERATION: 287
new best fitness: 0.550268
ITERATION: 300
new best fitness: 0.567391
Final Evaluation Time: 22.1266 seconds
Final global best fitness: 0.555556
Final global best relays:
113.626, 253.346
249.408, 313.02
94.4515, 113.591
