PSO EXECUTION
============================
Seed: 37283284
Particles: 8
Relays: 4
Iterations: 25
Backend: Simulation
Network Configuration: 1
Area: 700 x 700
Sink: 0, 0
Simulated Relay range: 155
w: 0.8
c1: 1.5
c2: 1.5

Relay Nodes Positions: 
PARTICLE 1: 
174.083, 42.3972
129.69, 69.955
37.979, 166.368
79.5579, 125.511
PARTICLE 2: 
15.1499, 68.0599
153.634, 228.301
129.829, 58.9712
208.7, 175.721
PARTICLE 3: 
147.15, 25.6043
100.206, 190.169
32.2452, 161.839
170.048, 68.9904
PARTICLE 4: 
101.743, 143.39
254.214, 278.704
188.261, 207.637
10.0652, 24.7409
PARTICLE 5: 
215.062, 73.4833
128.792, 174.997
103.456, 153.439
36.05, 22.553
PARTICLE 6: 
61.6207, 173.827
202.046, 157.964
274.98, 288.74
103.527, 55.8074
PARTICLE 7: 
153.382, 52.662
177.156, 217.119
58.6488, 131.373
24.9096, 85.3665
PARTICLE 8: 
144.05, 26.8819
11.6561, 105.627
53.825, 181.326
194.68, 66.3545
Nodes Positions: 
110.07, 373.242
432.057, 108.952
259.506, 103.467
5.16469, 275.345
225.924, 431.272
401.38, 467.731
581.996, 257.797
139.93, 70.096
523.866, 95.0133
317.089, 438.959
350.216, 503.146
443.541, 417.9
508.31, 490.807
547.655, 348.098
291.806, 186.027
20.9102, 331.971
554.288, 563.383
612.81, 147.968
418.043, 521.21
194.763, 195.524
525.107, 291.721
687.426, 380.973
639.471, 529.324
605.775, 208.964
491.3, 585.078
694.451, 684.297
462.293, 130.742
186.933, 515.842
149.48, 404.711
331.839, 486.722
479.385, 446.977
124.68, 22.7064
339.664, 319.603
298.755, 251.763
168.807, 178.847
651.47, 283.81
280.616, 587.857
217.623, 459.294
669.539, 601.259
568.164, 313.639
403.335, 52.8174
628.859, 80.0953
143.255, 301.997
204.102, 0.767814
268.141, 232.109
44.983, 693.073
62.6467, 225.111
573.984, 551.538
240.114, 649.759
595.105, 363.677
360.377, 665.115
447.679, 36.0563
248.707, 63.1352
117.37, 623.978
632.251, 148.877
13.1414, 29.9553
485.588, 620.072
79.9238, 117.312
375.51, 661.696
158.327, 339.264
535.244, 173.258
37.5791, 218.704
428.675, 680.129
660.55, 472.634
468.229, 548.129
31.0999, 606.781
348.42, 13.1669
313.139, 139.307
175.366, 389.51
500.401, 268.448
77.633, 643.264
279.809, 537.434
104.722, 630.417
230.368, 160.594
55.9773, 49.6307
674.004, 576.101
381.444, 400.533
393.276, 355.96
91.0032, 421.708
587.155, 239.53
All particles start with velocity zero
-- ITERATION 0 --
-------------
Particle: 1:
Relays Coordinates:
174.083, 42.3972
129.69, 69.955
37.979, 166.368
79.5579, 125.511
Evaluation Time: 1.73978 seconds
Resulting Fitness: 0.179167
New local best!
New global best!
-------------
Particle: 2:
Relays Coordinates:
15.1499, 68.0599
153.634, 228.301
129.829, 58.9712
208.7, 175.721
Evaluation Time: 2.11128 seconds
Resulting Fitness: 0.270833
New local best!
New global best!
-------------
Particle: 3:
Relays Coordinates:
147.15, 25.6043
100.206, 190.169
32.2452, 161.839
170.048, 68.9904
Evaluation Time: 1.78583 seconds
Resulting Fitness: 0.2125
New local best!
-------------
Particle: 4:
Relays Coordinates:
101.743, 143.39
254.214, 278.704
188.261, 207.637
10.0652, 24.7409
Evaluation Time: 2.06085 seconds
Resulting Fitness: 0.266667
New local best!
-------------
Particle: 5:
Relays Coordinates:
215.062, 73.4833
128.792, 174.997
103.456, 153.439
36.05, 22.553
Evaluation Time: 1.82177 seconds
Resulting Fitness: 0.245833
New local best!
-------------
Particle: 6:
Relays Coordinates:
61.6207, 173.827
202.046, 157.964
274.98, 288.74
103.527, 55.8074
Evaluation Time: 2.08717 seconds
Resulting Fitness: 0.316667
New local best!
New global best!
-------------
Particle: 7:
Relays Coordinates:
153.382, 52.662
177.156, 217.119
58.6488, 131.373
24.9096, 85.3665
Evaluation Time: 1.82649 seconds
Resulting Fitness: 0.25
New local best!
-------------
Particle: 8:
Relays Coordinates:
144.05, 26.8819
11.6561, 105.627
53.825, 181.326
194.68, 66.3545
Evaluation Time: 1.65053 seconds
Resulting Fitness: 0.233333
New local best!
Current global best fitness: 0.316667
Current global best relays: 61.6207, 173.827
202.046, 157.964
274.98, 288.74
103.527, 55.8074
Particle 1 new velocities: -160.006, 20.8435
26.5411, 56.8324
293.545, 111.671
24.3368, -98.3918
Particle 2 new velocities: 67.6532, 107.024
12.6575, -27.6517
120.273, 30.8155
-12.0517, -23.7887
Particle 3 new velocities: -79.1856, 142.005
87.0156, -3.58304
254.209, 133.868
-92.0835, -12.8241
Particle 4 new velocities: -30.7492, 4.16375
-5.93135, -25.1791
126.904, 38.0339
51.6109, 24.2333
Particle 5 new velocities: -141.566, 98.7986
43.042, -1.47608
243.359, 129.139
64.6126, 45.2021
Particle 6 new velocities: 0, 0
0, 0
0, 0
0, 0
Particle 7 new velocities: -89.7026, 88.9315
20.9724, -86.878
300.878, 30.5283
62.9816, -13.5026
Particle 8 new velocities: -48.8344, 16.1225
236.759, 57.5419
293.251, 80.7935
-125.307, -8.24391
-- ITERATION 1 --
-------------
Particle: 1:
Relays Coordinates:
9.23576, 41.4922
102.504, 83.1852
217.513, 182.421
68.1653, 17.7926
Evaluation Time: 1.97297 seconds
Resulting Fitness: 0.227083
New local best!
-------------
Particle: 2:
Relays Coordinates:
60.3635, 127.636
121.227, 146.273
182.324, 65.4545
143.357, 110.758
Evaluation Time: 1.73113 seconds
Resulting Fitness: 0.2
-------------
Particle: 3:
Relays Coordinates:
67.9648, 167.609
187.221, 186.586
286.454, 295.707
77.9644, 56.1663
Evaluation Time: 2.09317 seconds
Resulting Fitness: 0.322917
New local best!
New global best!
-------------
Particle: 4:
Relays Coordinates:
51.7548, 107.567
180.998, 184.82
229.755, 179.094
44.9618, 35.7022
Evaluation Time: 1.97154 seconds
Resulting Fitness: 0.229167
-------------
Particle: 5:
Relays Coordinates:
53.578, 125.594
125.267, 126.497
252.829, 206
73.383, 49.3935
Evaluation Time: 1.80445 seconds
Resulting Fitness: 0.252083
New local best!
-------------
Particle: 6:
Relays Coordinates:
61.6207, 173.827
202.046, 157.964
274.98, 288.74
103.527, 55.8074
Evaluation Time: 2.19061 seconds
Resulting Fitness: 0.316667
-------------
Particle: 7:
Relays Coordinates:
57.3115, 127.434
178.315, 117.217
323.574, 145.711
79.1021, 64.6774
Evaluation Time: 1.96452 seconds
Resulting Fitness: 0.26875
New local best!
-------------
Particle: 8:
Relays Coordinates:
69.4121, 31.3502
181.094, 118.95
253.019, 191.085
50.5731, 42.3626
Evaluation Time: 1.84744 seconds
Resulting Fitness: 0.225
Current global best fitness: 0.322917
Current global best relays: 67.9648, 167.609
187.221, 186.586
286.454, 295.707
77.9644, 56.1663
Particle 1 new velocities: -124.632, 73.5655
58.382, 83.8753
248.596, 101.579
21.0109, -39.0885
Particle 2 new velocities: 54.4761, 105.95
62.6813, -11.6941
107.917, 134.671
-77.3018, -50.0633
Particle 3 new velocities: -63.3484, 113.604
69.6125, -2.86643
203.367, 107.095
-73.6668, -10.2593
Particle 4 new velocities: 25.0185, 92.2573
4.05946, 26.9851
148.536, 234.524
40.3903, 36.177
Particle 5 new velocities: -96.1417, 92.1281
78.5242, 30.1918
203.899, 155.989
56.4968, 46.0852
Particle 6 new velocities: 5.21855, -2.05107
-8.13714, 28.1734
6.72608, 0.75633
-30.678, 0.196848
Particle 7 new velocities: -64.7732, 93.1698
24.129, -34.879
225.024, 216.813
49.397, -15.5442
Particle 8 new velocities: -7.43601, 117.503
3.3004, 125.687
101.216, 202.918
-30.6062, 24.7271
-- ITERATION 2 --
-------------
Particle: 1:
Relays Coordinates:
0, 49.5286
69.256, 71.9141
200.645, 122.253
38.3875, 0
Evaluation Time: 1.81586 seconds
Resulting Fitness: 0.2
-------------
Particle: 2:
Relays Coordinates:
114.84, 233.587
183.908, 134.579
290.241, 200.126
66.0551, 60.695
Evaluation Time: 2.14836 seconds
Resulting Fitness: 0.291667
New local best!
-------------
Particle: 3:
Relays Coordinates:
2.20797, 134.503
122.843, 87.8726
234.28, 192.659
2.05553, 21.9572
Evaluation Time: 1.99592 seconds
Resulting Fitness: 0.247917
-------------
Particle: 4:
Relays Coordinates:
40.8005, 106.195
98.3472, 112.562
201.039, 219.813
45.3596, 38.1995
Evaluation Time: 1.98825 seconds
Resulting Fitness: 0.233333
-------------
Particle: 5:
Relays Coordinates:
0, 93.722
87.7254, 67.4493
196.606, 155.824
55.909, 41.1004
Evaluation Time: 1.84908 seconds
Resulting Fitness: 0.222917
-------------
Particle: 6:
Relays Coordinates:
66.8393, 171.776
193.909, 186.137
281.706, 289.496
72.8493, 56.0042
Evaluation Time: 2.12348 seconds
Resulting Fitness: 0.320833
New local best!
-------------
Particle: 7:
Relays Coordinates:
0, 69.2278
63.5292, 25.8385
172.156, 113.764
40.3244, 15.4185
Evaluation Time: 1.61939 seconds
Resulting Fitness: 0.197917
-------------
Particle: 8:
Relays Coordinates:
40.6625, 97.6626
120.981, 160.506
232.413, 258.506
13.1003, 44.0176
Evaluation Time: 1.9747 seconds
Resulting Fitness: 0.252083
New local best!
Current global best fitness: 0.322917
Current global best relays: 67.9648, 167.609
187.221, 186.586
286.454, 295.707
77.9644, 56.1663
Particle 1 new velocities: 64.1706, 70.2109
248.613, 148.541
278.636, 264.019
93.0962, 42.0742
Particle 2 new velocities: 17.8292, 18.6836
51.0729, 28.1986
83.2753, 183.332
-61.4289, -44.4143
Particle 3 new velocities: 108.96, 163.027
69.5637, 176.479
239.713, 105.123
70.7772, 66.5869
Particle 4 new velocities: 107.236, 197.61
164.827, 201.34
155.398, 215.701
28.4291, 16.4919
Particle 5 new velocities: 113.086, 143.021
230.626, 136.588
323.115, 234.912
56.9895, 45.7995
Particle 6 new velocities: 5.06627, -2.16525
-11.3292, 22.9163
8.772, 6.22805
-18.549, 0.265754
Particle 7 new velocities: 91.9061, 155.56
239.581, 101.258
363.431, 435.661
67.876, 65.2426
Particle 8 new velocities: -1.86163, 129.512
7.53647, 131.545
132.399, 169.489
55.001, 31.5862
-- ITERATION 3 --
-------------
Particle: 1:
Relays Coordinates:
37.8921, 70.705
187.698, 130.177
283.011, 228.089
77.6398, 24.8444
Evaluation Time: 2.12318 seconds
Resulting Fitness: 0.235417
New local best!
-------------
Particle: 2:
Relays Coordinates:
70.5056, 134.067
124.879, 86.5068
198.502, 203.785
2.45851, 8.65224
Evaluation Time: 2.2966 seconds
Resulting Fitness: 0.25
-------------
Particle: 3:
Relays Coordinates:
59.0791, 158.12
102.253, 140.487
251.899, 158.253
38.7063, 47.0559
Evaluation Time: 2.01139 seconds
Resulting Fitness: 0.216667
-------------
Particle: 4:
Relays Coordinates:
87.4143, 179.394
155.402, 185.356
210.473, 257.167
43.5715, 32.2947
Evaluation Time: 2.25254 seconds
Resulting Fitness: 0.302083
New local best!
-------------
Particle: 5:
Relays Coordinates:
60.0987, 125.815
169.185, 108.434
276.201, 207.653
59.9989, 46.1822
Evaluation Time: 1.92233 seconds
Resulting Fitness: 0.2375
-------------
Particle: 6:
Relays Coordinates:
71.9055, 169.61
182.579, 209.054
290.478, 295.724
54.3003, 56.27
Evaluation Time: 2.0863 seconds
Resulting Fitness: 0.3125
-------------
Particle: 7:
Relays Coordinates:
28.8411, 70.5407
95.1192, 39.8842
168.073, 172.415
33.9544, 25.3123
Evaluation Time: 1.83261 seconds
Resulting Fitness: 0.23125
-------------
Particle: 8:
Relays Coordinates:
20.6204, 120.73
68.2996, 155.208
193.876, 227.454
36.1918, 40.1789
Evaluation Time: 1.96707 seconds
Resulting Fitness: 0.229167
Current global best fitness: 0.322917
Current global best relays: 67.9648, 167.609
187.221, 186.586
286.454, 295.707
77.9644, 56.1663
Particle 1 new velocities: 79.4014, 71.6967
198.721, 139.944
226.204, 282.443
74.5227, 55.1849
Particle 2 new velocities: 30.3699, 174.814
126.043, 51.8721
131.057, 241
81.1089, 63.9464
Particle 3 new velocities: 100.634, 145.248
162.417, 259.396
226.144, 292.495
90.8082, 58.7428
Particle 4 new velocities: 64.6641, 148.767
161.881, 162.17
128.411, 197.132
46.9897, 45.8113
Particle 5 new velocities: 89.3348, 173.173
130.059, 186.913
271.124, 247.65
70.4662, 44.5316
Particle 6 new velocities: -1.25111, -2.53653
-4.09293, 6.3238
-1.46253, -4.05531
21.7116, -0.0863423
Particle 7 new velocities: 116.959, 174.764
281.666, 147.687
620.761, 468.581
158.919, 75.3253
Particle 8 new velocities: 63.3455, 126.678
107.512, 143.625
203.788, 185.67
101.687, 46.016
-- ITERATION 4 --
-------------
Particle: 1:
Relays Coordinates:
56.1011, 68.1103
184.823, 129.198
243.556, 244.186
72.7788, 38.2778
Evaluation Time: 1.95958 seconds
Resulting Fitness: 0.2625
New local best!
-------------
Particle: 2:
Relays Coordinates:
53.6094, 164.152
133.35, 73.5402
175.141, 236.377
44.4112, 38.5819
Evaluation Time: 2.1349 seconds
Resulting Fitness: 0.266667
-------------
Particle: 3:
Relays Coordinates:
104.788, 199.039
173.65, 262.364
313.644, 295.736
84.9745, 69.4145
Evaluation Time: 2.1885 seconds
Resulting Fitness: 0.320833
-------------
Particle: 4:
Relays Coordinates:
89.8007, 193.775
187.352, 205.21
200.107, 268.259
53.4755, 46.1208
Evaluation Time: 2.09633 seconds
Resulting Fitness: 0.304167
New local best!
-------------
Particle: 5:
Relays Coordinates:
71.4736, 143.005
143.127, 141.263
261.784, 217.77
62.4011, 43.3881
Evaluation Time: 1.91042 seconds
Resulting Fitness: 0.260417
New local best!
-------------
Particle: 6:
Relays Coordinates:
70.6544, 167.074
178.486, 215.378
289.016, 291.669
76.0119, 56.1836
Evaluation Time: 2.30149 seconds
Resulting Fitness: 0.3125
-------------
Particle: 7:
Relays Coordinates:
37.0604, 62.3532
95.7738, 47.6782
177.931, 162.933
49.0258, 25.5807
Evaluation Time: 1.83919 seconds
Resulting Fitness: 0.225
-------------
Particle: 8:
Relays Coordinates:
49.581, 146.092
103.815, 176.458
234.817, 243.945
81.416, 50.8973
Evaluation Time: 2.01624 seconds
Resulting Fitness: 0.260417
New local best!
Current global best fitness: 0.322917
Current global best relays: 67.9648, 167.609
187.221, 186.586
286.454, 295.707
77.9644, 56.1663
Particle 1 new velocities: 67.6517, 103.894
159.852, 182.036
241.717, 277.512
65.4975, 66.5353
Particle 2 new velocities: 106.513, 157.686
174.617, 212.054
178.83, 221.677
125.454, 66.2874
Particle 3 new velocities: 9.61569, 61.7081
133.664, 85.4234
127.742, 233.967
54.9227, 27.4065
Particle 4 new velocities: 32.1789, 81.5485
129.431, 111.252
194.086, 176.989
72.1036, 37.0739
Particle 5 new velocities: 68.7802, 145.384
111.482, 161.347
226.392, 237.82
70.894, 43.3828
Particle 6 new velocities: -3.80342, 2.07811
22.6752, -23.7015
-4.81173, -1.63745
16.6311, -0.265113
Particle 7 new velocities: 128.009, 284.327
286.17, 332.991
223.28, 523.589
196.004, 110.492
Particle 8 new velocities: 50.7853, 120.219
178.717, 127.465
178.19, 209.049
77.7642, 41.9929
-- ITERATION 5 --
-------------
Particle: 1:
Relays Coordinates:
73.0748, 101.567
203.527, 183.781
286.548, 308.057
81.6508, 61.8911
Evaluation Time: 2.06799 seconds
Resulting Fitness: 0.30625
New local best!
-------------
Particle: 2:
Relays Coordinates:
105.057, 211.158
202.057, 187.378
232.24, 300.53
111.449, 68.8048
Evaluation Time: 2.15715 seconds
Resulting Fitness: 0.3375
New local best!
New global best!
-------------
Particle: 3:
Relays Coordinates:
75.06, 171.076
201.629, 228.183
289.594, 347.538
91.7865, 63.5243
Evaluation Time: 2.2536 seconds
Resulting Fitness: 0.35625
New local best!
New global best!
-------------
Particle: 4:
Relays Coordinates:
88.9232, 200.711
230.935, 230.701
287.367, 324.586
91.5472, 60.649
Evaluation Time: 2.17279 seconds
Resulting Fitness: 0.335417
New local best!
-------------
Particle: 5:
Relays Coordinates:
74.5366, 153.262
135.31, 160.819
259.436, 242.119
70.8385, 46.1136
Evaluation Time: 2.0533 seconds
Resulting Fitness: 0.2625
New local best!
-------------
Particle: 6:
Relays Coordinates:
66.851, 169.152
201.162, 191.676
284.204, 290.031
92.643, 55.9185
Evaluation Time: 2.11773 seconds
Resulting Fitness: 0.31875
-------------
Particle: 7:
Relays Coordinates:
78.9521, 165.816
182.682, 182.073
191.898, 328.361
117.197, 65.0834
Evaluation Time: 2.21595 seconds
Resulting Fitness: 0.325
New local best!
-------------
Particle: 8:
Relays Coordinates:
73.167, 194.141
205.966, 221.559
301.082, 330.233
116.042, 67.7169
Evaluation Time: 2.22728 seconds
Resulting Fitness: 0.34375
New local best!
Current global best fitness: 0.35625
Current global best relays: 75.06, 171.076
201.629, 228.183
289.594, 347.538
91.7865, 63.5243
Particle 1 new velocities: 54.2136, 111.316
127.368, 157.484
193.749, 256.247
62.561, 55.2552
Particle 2 new velocities: 51.6517, 67.4191
139.071, 190.78
203.706, 190.296
93.1629, 47.3062
Particle 3 new velocities: 7.69255, 49.3665
106.931, 68.3387
102.194, 187.173
43.9381, 21.9252
Particle 4 new velocities: 10.2835, 27.5624
94.5836, 86.2167
157.594, 170.962
57.9722, 33.3793
Particle 5 new velocities: 55.6012, 120.528
99.4431, 216.164
193.507, 324.025
62.605, 47.226
Particle 6 new velocities: 1.62834, 5.52893
8.7471, 14.2972
1.35586, 10.2276
1.59424, 0.193953
Particle 7 new velocities: 97.1223, 232.957
252.814, 281.949
306.276, 431.151
123.691, 88.354
Particle 8 new velocities: 42.1173, 93.6407
139.371, 107.875
132.294, 173.542
58.1083, 30.935
-- ITERATION 6 --
-------------
Particle: 1:
Relays Coordinates:
67.6463, 113.135
175.851, 181.362
255.25, 299.895
76.6401, 62.2563
Evaluation Time: 2.1532 seconds
Resulting Fitness: 0.322917
New local best!
-------------
Particle: 2:
Relays Coordinates:
102.816, 182.774
223.814, 248.11
286.024, 322.03
134.246, 76.1804
Evaluation Time: 2.3829 seconds
Resulting Fitness: 0.327083
-------------
Particle: 3:
Relays Coordinates:
48.8646, 130.169
182.202, 175.093
231.347, 315.742
80.144, 50.4571
Evaluation Time: 2.25939 seconds
Resulting Fitness: 0.3375
-------------
Particle: 4:
Relays Coordinates:
58.5806, 134.793
192.215, 187.137
262.745, 292.616
88.2897, 55.5228
Evaluation Time: 2.12927 seconds
Resulting Fitness: 0.329167
-------------
Particle: 5:
Relays Coordinates:
69.1606, 145.503
124.757, 200.345
240.713, 300.873
70.9173, 49.6045
Evaluation Time: 2.30741 seconds
Resulting Fitness: 0.283333
New local best!
-------------
Particle: 6:
Relays Coordinates:
68.4793, 174.681
209.909, 205.973
285.56, 300.259
94.2373, 56.1124
Evaluation Time: 2.34062 seconds
Resulting Fitness: 0.31875
-------------
Particle: 7:
Relays Coordinates:
93.5732, 211.924
231.44, 246.6
264.75, 372.009
128.018, 81.5429
Evaluation Time: 2.49548 seconds
Resulting Fitness: 0.395833
New local best!
New global best!
-------------
Particle: 8:
Relays Coordinates:
75.638, 188.813
226.576, 216.142
284.338, 330.527
114.26, 64.7255
Evaluation Time: 2.36291 seconds
Resulting Fitness: 0.35625
New local best!
Current global best fitness: 0.395833
Current global best relays: 93.5732, 211.924
231.44, 246.6
264.75, 372.009
128.018, 81.5429
Particle 1 new velocities: 70.3705, 168.771
108.228, 136.726
164.092, 243.805
88.6476, 63.7279
Particle 2 new velocities: 41.4037, 125.424
94.5203, 110.312
94.0833, 174.702
56.7562, 35.4623
Particle 3 new velocities: 72.0333, 80.0159
166.25, 133.062
115.766, 224.465
96.0051, 75.0612
Particle 4 new velocities: 54.9625, 156.569
163.458, 158.175
161.983, 215.562
98.9321, 43.8029
Particle 5 new velocities: 52.2377, 183.667
124.738, 223.05
182.991, 299.278
68.1479, 56.2545
Particle 6 new velocities: 19.696, 5.7477
33.736, 4.21974
-28.988, 95.2968
15.4607, 14.4177
Particle 7 new velocities: 77.6978, 186.366
202.251, 225.559
245.021, 0
98.9526, 70.6832
Particle 8 new velocities: 35.7737, 97.0179
112.964, 89.5805
92.4225, 164.732
59.627, 48.2929
-- ITERATION 7 --
-------------
Particle: 1:
Relays Coordinates:
73.3478, 149.816
150.971, 169.045
222.855, 288.944
87.8406, 66.9532
Evaluation Time: 2.0757 seconds
Resulting Fitness: 0.30625
-------------
Particle: 2:
Relays Coordinates:
94.6227, 202.209
208.859, 235.16
249.388, 325.906
125.316, 73.2488
Evaluation Time: 2.21267 seconds
Resulting Fitness: 0.375
New local best!
-------------
Particle: 3:
Relays Coordinates:
71.389, 124.112
205.757, 181.963
204.967, 318.986
104.014, 74.1173
Evaluation Time: 2.28188 seconds
Resulting Fitness: 0.333333
-------------
Particle: 4:
Relays Coordinates:
67.046, 172.047
210.021, 203.903
250.798, 300.074
110.553, 58.6508
Evaluation Time: 2.30053 seconds
Resulting Fitness: 0.335417
-------------
Particle: 5:
Relays Coordinates:
71.6844, 194.372
147.325, 250.011
250.193, 354.383
82.1166, 62.5087
Evaluation Time: 2.58924 seconds
Resulting Fitness: 0.35
New local best!
-------------
Particle: 6:
Relays Coordinates:
71.422, 146.147
197.352, 170.256
207.823, 320.4
88.8554, 57.1295
Evaluation Time: 2.25353 seconds
Resulting Fitness: 0.335417
New local best!
-------------
Particle: 7:
Relays Coordinates:
91.0204, 211.668
230.481, 250.925
270.913, 197.701
120.621, 80.8992
Evaluation Time: 2.13791 seconds
Resulting Fitness: 0.2875
-------------
Particle: 8:
Relays Coordinates:
73.0972, 187.534
222.772, 200.584
247.193, 324.94
114.087, 74.1514
Evaluation Time: 2.47555 seconds
Resulting Fitness: 0.375
New local best!
Current global best fitness: 0.395833
Current global best relays: 93.5732, 211.924
231.44, 246.6
264.75, 372.009
128.018, 81.5429
Particle 1 new velocities: 55.5008, 162.116
236.727, 158.796
182.039, 292.797
81.0132, 65.654
Particle 2 new velocities: 32.2487, 109.375
92.923, 98.4074
77.6045, 163.944
45.5208, 36.3869
Particle 3 new velocities: 87.2781, 119.939
163.606, 175.043
274.057, 207.461
88.4961, 58.3625
Particle 4 new velocities: 68.735, 165.871
176.191, 192.226
190.249, 180.124
84.5684, 37.7637
Particle 5 new velocities: 46.7195, 148.179
134.066, 174.559
159.663, 256.531
113.855, 49.6417
Particle 6 new velocities: 40.0138, 14.2869
62.1846, 80.6297
29.7557, 106.639
50.7396, 12.9647
Particle 7 new velocities: 68.0371, 149.457
162.04, 176.745
187.752, 231.415
91.9819, 56.9449
Particle 8 new velocities: 43.3061, 109.852
96.1654, 122.715
100.14, 161.999
55.8057, 47.9964
-- ITERATION 8 --
-------------
Particle: 1:
Relays Coordinates:
76.0838, 184.193
228.932, 193.587
239.086, 343.512
99.7065, 78.3032
Evaluation Time: 2.56351 seconds
Resulting Fitness: 0.35
New local best!
-------------
Particle: 2:
Relays Coordinates:
92.4893, 227.145
219.999, 243.171
238.378, 357.101
124.54, 79.9244
Evaluation Time: 2.61411 seconds
Resulting Fitness: 0.375
-------------
Particle: 3:
Relays Coordinates:
93.6913, 144.11
218.105, 210.809
282.859, 310.862
113.675, 78.228
Evaluation Time: 2.29795 seconds
Resulting Fitness: 0.333333
-------------
Particle: 4:
Relays Coordinates:
80.1773, 199.537
228.055, 233.91
260.433, 283.552
115.217, 56.9318
Evaluation Time: 2.34559 seconds
Resulting Fitness: 0.30625
-------------
Particle: 5:
Relays Coordinates:
69.9163, 202.273
166.158, 250.704
242.016, 360.739
115.719, 66.2237
Evaluation Time: 2.42983 seconds
Resulting Fitness: 0.372917
New local best!
-------------
Particle: 6:
Relays Coordinates:
90.263, 129.952
210.225, 203.218
192.439, 345.902
113.072, 56.7762
Evaluation Time: 2.33041 seconds
Resulting Fitness: 0.339583
New local best!
-------------
Particle: 7:
Relays Coordinates:
93.9219, 213.241
231.78, 252.534
270.837, 253.388
125.54, 81.3955
Evaluation Time: 2.11017 seconds
Resulting Fitness: 0.29375
-------------
Particle: 8:
Relays Coordinates:
84.858, 216.795
232.505, 235.685
253.205, 354.978
123.852, 89.0457
Evaluation Time: 2.43059 seconds
Resulting Fitness: 0.377083
New local best!
Current global best fitness: 0.395833
Current global best relays: 93.5732, 211.924
231.44, 246.6
264.75, 372.009
128.018, 81.5429
Particle 1 new velocities: 61.5928, 146.934
192.043, 205.144
152.298, 276.735
99.1907, 53.185
Particle 2 new velocities: 28.3225, 60.4464
70.5073, 70.3941
93.2843, 123.268
40.7508, 28.4828
Particle 3 new velocities: 51.7634, 164.832
135.053, 186.389
212.216, 288.454
80.5775, 34.0073
Particle 4 new velocities: 80.2149, 138.634
148.272, 163.561
164.034, 182.613
46.718, 48.5385
Particle 5 new velocities: 63.1677, 121.667
114.363, 135.096
137.864, 208.002
93.1073, 46.0973
Particle 6 new velocities: 32.1756, 95.2087
66.3736, 92.6883
111.992, 109.549
54.4169, 38.5236
Particle 7 new velocities: 53.5578, 118.998
129.116, 131.259
140.677, 214.799
75.9097, 45.6524
Particle 8 new velocities: 39.9586, 81.9053
75.8025, 108.428
90.3962, 145.686
48.923, 35.1516
-- ITERATION 9 --
-------------
Particle: 1:
Relays Coordinates:
73.167, 175.974
223.724, 211.902
207.998, 329.625
105.702, 69.8782
Evaluation Time: 2.29165 seconds
Resulting Fitness: 0.325
-------------
Particle: 2:
Relays Coordinates:
88.0718, 209.654
211.779, 228.589
241.782, 350.189
120.497, 79.0289
Evaluation Time: 2.23799 seconds
Resulting Fitness: 0.375
-------------
Particle: 3:
Relays Coordinates:
85.8896, 182.427
208.536, 234.541
292.337, 353.89
114.704, 66.2738
Evaluation Time: 2.37096 seconds
Resulting Fitness: 0.379167
New local best!
-------------
Particle: 4:
Relays Coordinates:
105.233, 221.874
246.908, 260.781
278.493, 305.851
106.246, 69.1991
Evaluation Time: 2.22533 seconds
Resulting Fitness: 0.347917
New local best!
-------------
Particle: 5:
Relays Coordinates:
78.5848, 191.283
165.645, 227.811
224.315, 335.836
123.31, 66.3244
Evaluation Time: 2.17884 seconds
Resulting Fitness: 0.34375
-------------
Particle: 6:
Relays Coordinates:
89.2577, 164.142
201.64, 215.715
221.931, 332.024
122.099, 69.4736
Evaluation Time: 2.21934 seconds
Resulting Fitness: 0.3375
-------------
Particle: 7:
Relays Coordinates:
87.0853, 196.184
213.105, 226.626
242.995, 276.46
118.954, 75.0206
Evaluation Time: 2.0771 seconds
Resulting Fitness: 0.297917
-------------
Particle: 8:
Relays Coordinates:
81.8922, 195.977
202.281, 225.773
225.437, 328.486
113.358, 81.4859
Evaluation Time: 2.24 seconds
Resulting Fitness: 0.35
Current global best fitness: 0.395833
Current global best relays: 93.5732, 211.924
231.44, 246.6
264.75, 372.009
128.018, 81.5429
Particle 1 new velocities: 68.7055, 146.136
165.122, 183.242
201.383, 240.804
74.4707, 46.8064
Particle 2 new velocities: 37.744, 45.8033
56.2599, 74.7111
89.3442, 103.688
49.3755, 18.225
Particle 3 new velocities: 49.3798, 171.056
133.823, 152.225
156.355, 255.149
81.8628, 49.2904
Particle 4 new velocities: 56.3942, 100.946
100.613, 120.383
120.037, 233.842
60.5542, 49.6537
Particle 5 new velocities: 54.3162, 132.791
184.742, 134.485
172.032, 225.651
74.8267, 59.1024
Particle 6 new velocities: 29.0899, 140.689
95.8237, 71.0547
58.0345, 157.69
37.6023, 30.0654
Particle 7 new velocities: 46.6417, 110.039
148.778, 109.726
147.735, 410.673
78.5577, 42.0428
Particle 8 new velocities: 37.6606, 112.249
125.305, 101.408
97.3809, 179.764
61.6142, 36.3279
-- ITERATION 10 --
-------------
Particle: 1:
Relays Coordinates:
83.7743, 190.203
229.609, 233.329
241.735, 336.832
106.39, 68.9011
Evaluation Time: 2.1976 seconds
Resulting Fitness: 0.354167
New local best!
-------------
Particle: 2:
Relays Coordinates:
91.7197, 186.228
195.4, 221.106
241.391, 330.876
123.837, 70.8981
Evaluation Time: 2.29501 seconds
Resulting Fitness: 0.360417
-------------
Particle: 3:
Relays Coordinates:
79.8752, 208.728
202.16, 228.382
264.948, 359.631
116.071, 68.2396
Evaluation Time: 2.38714 seconds
Resulting Fitness: 0.385417
New local best!
-------------
Particle: 4:
Relays Coordinates:
117.826, 235.335
253.343, 277.869
290.528, 393.436
121.597, 86.6437
Evaluation Time: 2.40885 seconds
Resulting Fitness: 0.422917
New local best!
New global best!
-------------
Particle: 5:
Relays Coordinates:
87.1964, 212.625
229.889, 237.703
260.044, 368.392
129.998, 82.2925
Evaluation Time: 2.39699 seconds
Resulting Fitness: 0.389583
New local best!
-------------
Particle: 6:
Relays Coordinates:
86.2754, 222.221
216.851, 209.055
204.095, 357.001
116.423, 72.564
Evaluation Time: 2.17728 seconds
Resulting Fitness: 0.352083
New local best!
-------------
Particle: 7:
Relays Coordinates:
57.5651, 131.819
155.779, 144.788
168.196, 295.788
85.0223, 50.3919
Evaluation Time: 2.0276 seconds
Resulting Fitness: 0.310417
-------------
Particle: 8:
Relays Coordinates:
87.154, 224.696
238.81, 238.515
235.334, 370.514
127.555, 85.8862
Evaluation Time: 2.35144 seconds
Resulting Fitness: 0.364583
Current global best fitness: 0.422917
Current global best relays: 117.826, 235.335
253.343, 277.869
290.528, 393.436
121.597, 86.6437
Particle 1 new velocities: 78.8687, 137.228
151.163, 210.089
214.004, 232.764
79.2425, 37.763
Particle 2 new velocities: 52.4564, 93.9456
107.536, 104.706
145.154, 159.589
40.9776, 25.3655
Particle 3 new velocities: 49.9215, 163.986
163.513, 160.023
159.494, 254.115
71.9441, 62.1237
Particle 4 new velocities: 45.1154, 80.7565
80.4902, 96.3066
96.0293, 187.073
48.4433, 39.723
Particle 5 new velocities: 70.6668, 124.361
162.967, 139.388
159.354, 209.045
55.9817, 52.0318
Particle 6 new velocities: 63.8311, 120.184
83.3308, 63.0544
68.4289, 148.396
32.0198, 27.0368
Particle 7 new velocities: 110.068, 197.42
280.501, 295.815
273.354, 385.381
136.975, 107.028
Particle 8 new velocities: 73.8654, 96.9832
105.92, 94.5879
97.6165, 137.234
40.0516, 30.9932
-- ITERATION 11 --
-------------
Particle: 1:
Relays Coordinates:
96.0391, 193.345
224.842, 261.834
269.109, 336.341
109.614, 62.9841
Evaluation Time: 2.17402 seconds
Resulting Fitness: 0.372917
New local best!
-------------
Particle: 2:
Relays Coordinates:
116.783, 226.941
245.379, 263.907
313.101, 397.277
133.5, 77.9735
Evaluation Time: 2.52805 seconds
Resulting Fitness: 0.402083
New local best!
-------------
Particle: 3:
Relays Coordinates:
76.6437, 220.084
215.926, 229.349
250.629, 362.411
111.021, 76.9782
Evaluation Time: 2.41957 seconds
Resulting Fitness: 0.38125
-------------
Particle: 4:
Relays Coordinates:
106.906, 207.388
219.028, 245.496
253.62, 380.872
111.563, 82.9092
Evaluation Time: 2.52003 seconds
Resulting Fitness: 0.420833
-------------
Particle: 5:
Relays Coordinates:
93.2166, 198.987
231.978, 222.669
247.65, 340.97
109.819, 79.3171
Evaluation Time: 2.18633 seconds
Resulting Fitness: 0.360417
-------------
Particle: 6:
Relays Coordinates:
98.4849, 224.652
196.949, 178.531
178.803, 331.591
97.3931, 65.3481
Evaluation Time: 2.21892 seconds
Resulting Fitness: 0.34375
-------------
Particle: 7:
Relays Coordinates:
89.0873, 174.971
231.857, 234.155
234.658, 362.001
117.978, 83.6593
Evaluation Time: 2.33341 seconds
Resulting Fitness: 0.35625
-------------
Particle: 8:
Relays Coordinates:
117.383, 234.505
251.308, 242.832
242.721, 370.148
122.185, 85.2051
Evaluation Time: 2.45404 seconds
Resulting Fitness: 0.389583
New local best!
Current global best fitness: 0.422917
Current global best relays: 117.826, 235.335
253.343, 277.869
290.528, 393.436
121.597, 86.6437
Particle 1 new velocities: 65.2236, 154.576
148.296, 187.871
177.737, 211.51
76.4759, 64.4206
Particle 2 new velocities: 43.4405, 85.8211
93.9359, 84.7189
113.036, 123.709
29.0671, 28.4086
Particle 3 new velocities: 75.8655, 141.855
176.911, 184.512
141.781, 239.113
72.3117, 51.2984
Particle 4 new velocities: 50.8468, 97.054
71.0956, 120.582
132.012, 153.444
54.6831, 40.1978
Particle 5 new velocities: 54.7835, 126.688
140.679, 172.993
174.109, 196.628
70.951, 46.7192
Particle 6 new velocities: 65.7284, 94.8629
83.0643, 107.312
175.09, 193.959
68.9705, 61.198
Particle 7 new velocities: 117.706, 226.5
250.14, 256.106
268.114, 330.16
128.591, 84.5783
Particle 8 new velocities: 59.6969, 77.81
85.8502, 118.762
93.6447, 119.368
31.4809, 25.8209
-- ITERATION 12 --
-------------
Particle: 1:
Relays Coordinates:
105.804, 228.271
244.816, 295.051
293.176, 359.445
122.094, 83.5903
Evaluation Time: 2.25081 seconds
Resulting Fitness: 0.3875
New local best!
-------------
Particle: 2:
Relays Coordinates:
116.803, 228.003
247.36, 254.149
310.654, 379.799
118.511, 77.5526
Evaluation Time: 2.39696 seconds
Resulting Fitness: 0.420833
New local best!
-------------
Particle: 3:
Relays Coordinates:
90.0551, 213.721
231.967, 244.381
231.714, 355.194
108.256, 75.7461
Evaluation Time: 2.33784 seconds
Resulting Fitness: 0.366667
-------------
Particle: 4:
Relays Coordinates:
115.002, 221.938
211.5, 266.871
281.126, 389.517
121.194, 89.745
Evaluation Time: 2.31207 seconds
Resulting Fitness: 0.41875
-------------
Particle: 5:
Relays Coordinates:
97.1029, 213.675
244.5, 259.594
276.716, 352.718
118.603, 82.6924
Evaluation Time: 2.23456 seconds
Resulting Fitness: 0.36875
-------------
Particle: 6:
Relays Coordinates:
96.9663, 188.671
165.345, 168.788
208.97, 310.332
98.236, 74.7242
Evaluation Time: 2.00602 seconds
Resulting Fitness: 0.327083
-------------
Particle: 7:
Relays Coordinates:
98.9086, 192.022
230.538, 234.49
240.474, 331.058
117.933, 80.4675
Evaluation Time: 2.22925 seconds
Resulting Fitness: 0.364583
-------------
Particle: 8:
Relays Coordinates:
129.091, 227.677
245.788, 263.602
245.211, 356.857
112.022, 80.938
Evaluation Time: 2.24912 seconds
Resulting Fitness: 0.383333
Current global best fitness: 0.422917
Current global best relays: 117.826, 235.335
253.343, 277.869
290.528, 393.436
121.597, 86.6437
Particle 1 new velocities: 55.613, 133.468
124.95, 129.608
138.986, 211.241
61.0289, 54.6272
Particle 2 new velocities: 35.9893, 74.4169
82.7617, 97.8171
60.9667, 116.872
27.144, 35.6996
Particle 3 new velocities: 55.0397, 138.567
135.457, 171.199
193.826, 234.926
72.9633, 40.2365
Particle 4 new velocities: 45.6077, 91.8335
101.433, 118.436
124.564, 132.056
44.3636, 26.4666
Particle 5 new velocities: 31.884, 111.293
98.2808, 140.618
127.562, 169.708
59.4626, 40.5155
Particle 6 new velocities: 71.9164, 116.067
203.291, 215.624
253.038, 240.554
76.6024, 52.4932
Particle 7 new velocities: 107.034, 203.591
204.532, 232.133
294.869, 379.735
119.693, 69.1136
Particle 8 new velocities: 24.802, 79.8903
76.2592, 88.0192
135.949, 131.849
47.0812, 29.515
-- ITERATION 13 --
-------------
Particle: 1:
Relays Coordinates:
105.906, 237.337
242.603, 278.619
283.541, 374.427
120.147, 90.6845
Evaluation Time: 2.52174 seconds
Resulting Fitness: 0.410417
New local best!
-------------
Particle: 2:
Relays Coordinates:
123.762, 244.961
267.399, 285.092
301.013, 402.303
117.981, 91.7343
Evaluation Time: 2.42459 seconds
Resulting Fitness: 0.416667
-------------
Particle: 3:
Relays Coordinates:
85.677, 208.023
216.96, 245.395
251.277, 348.46
107.008, 68.4865
Evaluation Time: 2.24667 seconds
Resulting Fitness: 0.372917
-------------
Particle: 4:
Relays Coordinates:
117.084, 228.74
228.128, 280.889
295.748, 380.226
120.691, 84.7182
Evaluation Time: 2.3632 seconds
Resulting Fitness: 0.420833
-------------
Particle: 5:
Relays Coordinates:
84.6283, 213.212
224.899, 262.579
265.247, 342.764
116.829, 80.8367
Evaluation Time: 2.32426 seconds
Resulting Fitness: 0.375
-------------
Particle: 6:
Relays Coordinates:
110.804, 199.938
241.862, 252.213
303.123, 361.436
114.712, 83.4673
Evaluation Time: 2.33398 seconds
Resulting Fitness: 0.4
New local best!
-------------
Particle: 7:
Relays Coordinates:
109.446, 210.245
231.214, 247.982
284.503, 372.009
126.284, 79.4935
Evaluation Time: 2.3991 seconds
Resulting Fitness: 0.40625
New local best!
-------------
Particle: 8:
Relays Coordinates:
112.188, 224.217
234.773, 256.332
277.865, 356.267
115.986, 80.5202
Evaluation Time: 2.37569 seconds
Resulting Fitness: 0.391667
New local best!
Current global best fitness: 0.422917
Current global best relays: 117.826, 235.335
253.343, 277.869
290.528, 393.436
121.597, 86.6437
Particle 1 new velocities: 51.471, 106.541
113.195, 102.614
119.685, 181.508
49.2945, 39.439
Particle 2 new velocities: 24.8299, 44.0532
54.7983, 30.3317
49.0795, 83.0632
22.982, 22.6129
Particle 3 new velocities: 53.5087, 147.603
96.5771, 162.903
178.322, 207.993
73.9678, 37.5051
Particle 4 new velocities: 37.9193, 87.9394
133.75, 90.9669
96.6841, 134.137
37.6016, 22.745
Particle 5 new velocities: 73.2652, 103.746
95.0466, 102.737
133.506, 227.316
60.0604, 38.5382
Particle 6 new velocities: 65.6857, 117.739
167.014, 191.613
195.57, 234.485
62.2332, 45.6931
Particle 7 new velocities: 92.7515, 166.778
169.15, 193.544
243.663, 27.5516
89.406, 56.8071
Particle 8 new velocities: 26.3123, 79.3961
67.195, 70.8679
113.679, 150.126
39.9383, 25.289
-- ITERATION 14 --
-------------
Particle: 1:
Relays Coordinates:
103.255, 225.618
233.439, 250.127
264.557, 364.749
111.17, 85.374
Evaluation Time: 2.36093 seconds
Resulting Fitness: 0.39375
-------------
Particle: 2:
Relays Coordinates:
120.359, 234.101
260.98, 255.493
283.575, 393.147
114.18, 92.6212
Evaluation Time: 2.53709 seconds
Resulting Fitness: 0.433333
New local best!
New global best!
-------------
Particle: 3:
Relays Coordinates:
82.1878, 209.993
185.141, 241.096
253.674, 328.58
106.865, 62.587
Evaluation Time: 2.2921 seconds
Resulting Fitness: 0.3625
-------------
Particle: 4:
Relays Coordinates:
101.698, 207.773
237.429, 243.974
257.475, 337.474
103.856, 70.5066
Evaluation Time: 2.29624 seconds
Resulting Fitness: 0.360417
-------------
Particle: 5:
Relays Coordinates:
103.594, 207.956
209.916, 239.684
261.622, 374.029
116.057, 78.3219
Evaluation Time: 2.40516 seconds
Resulting Fitness: 0.408333
New local best!
-------------
Particle: 6:
Relays Coordinates:
93.7938, 168.827
217.293, 235.867
265.026, 316.697
94.0357, 68.6411
Evaluation Time: 2.14834 seconds
Resulting Fitness: 0.35
-------------
Particle: 7:
Relays Coordinates:
119.396, 222.629
236.411, 260.717
311.877, 235.936
127.363, 80.4841
Evaluation Time: 2.09811 seconds
Resulting Fitness: 0.3125
-------------
Particle: 8:
Relays Coordinates:
100.967, 221.334
220.134, 238.529
285.436, 369.161
113.669, 77.1349
Evaluation Time: 2.41133 seconds
Resulting Fitness: 0.4125
New local best!
Current global best fitness: 0.433333
Current global best relays: 120.359, 234.101
260.98, 255.493
283.575, 393.147
114.18, 92.6212
Particle 1 new velocities: 58.734, 95.047
130.277, 118.298
124.053, 190.364
50.0106, 39.934
Particle 2 new velocities: 19.8639, 35.2425
43.8386, 24.2653
39.2636, 66.4506
18.3856, 18.0903
Particle 3 new velocities: 72.7159, 135.386
112.846, 117.654
188.517, 241.876
72.9763, 49.5029
Particle 4 new velocities: 52.456, 78.2639
156.994, 93.3556
114.34, 178.4
44.1562, 48.7991
Particle 5 new velocities: 63.2975, 89.9813
96.4884, 103.508
135.105, 208.643
45.6873, 49.922
Particle 6 new velocities: 63.236, 180.218
177.093, 167.383
216.12, 241.994
89.928, 52.3886
Particle 7 new velocities: 70.5345, 136.115
137.038, 133.461
159.691, 231.802
64.0529, 61.0472
Particle 8 new velocities: 28.2327, 70.1095
96.7045, 64.9186
89.1909, 155.59
32.3941, 35.0883
-- ITERATION 15 --
-------------
Particle: 1:
Relays Coordinates:
118.09, 233.765
265.149, 268.582
283.296, 404.678
117.501, 91.3496
Evaluation Time: 2.52571 seconds
Resulting Fitness: 0.43125
New local best!
-------------
Particle: 2:
Relays Coordinates:
113.581, 218.168
246.903, 226.605
261.499, 372.274
107.378, 89.6764
Evaluation Time: 2.33948 seconds
Resulting Fitness: 0.404167
-------------
Particle: 3:
Relays Coordinates:
91.4691, 203.943
175.958, 211.839
261.11, 336.849
106.194, 66.188
Evaluation Time: 2.36077 seconds
Resulting Fitness: 0.370833
-------------
Particle: 4:
Relays Coordinates:
91.0263, 168.902
232.903, 199.19
219.553, 304.618
87.3997, 70.4489
Evaluation Time: 2.11188 seconds
Resulting Fitness: 0.327083
-------------
Particle: 5:
Relays Coordinates:
98.5477, 175.929
180.929, 202.651
234.263, 344.062
95.5085, 75.7268
Evaluation Time: 2.21542 seconds
Resulting Fitness: 0.339583
-------------
Particle: 6:
Relays Coordinates:
92.7245, 206.107
232.881, 238.115
284.112, 329.902
108.629, 71.4669
Evaluation Time: 2.34178 seconds
Resulting Fitness: 0.35
-------------
Particle: 7:
Relays Coordinates:
112.152, 211.834
220.518, 232.759
278.456, 276.195
113.029, 83.5728
Evaluation Time: 2.13416 seconds
Resulting Fitness: 0.316667
-------------
Particle: 8:
Relays Coordinates:
84.7678, 191.216
207.878, 199.092
245.793, 344.289
95.8321, 73.6296
Evaluation Time: 2.25314 seconds
Resulting Fitness: 0.366667
Current global best fitness: 0.433333
Current global best relays: 120.359, 234.101
260.98, 255.493
283.575, 393.147
114.18, 92.6212
Particle 1 new velocities: 47.8304, 76.1093
99.8385, 88.4167
99.5335, 139.886
35.7536, 31.9562
Particle 2 new velocities: 20.1795, 52.5188
45.3117, 72.6557
78.7999, 76.9438
24.2027, 19.4072
Particle 3 new velocities: 68.756, 116.419
222.221, 116.527
161.909, 279.296
78.1803, 71.4743
Particle 4 new velocities: 92.9612, 102.714
178.672, 143.013
171.561, 321.003
100.287, 73.4658
Particle 5 new velocities: 82.7627, 160.006
105.207, 133.175
179.358, 211.455
74.1253, 47.7406
Particle 6 new velocities: 64.3372, 159.43
166.4, 158.773
194.676, 270.748
80.9148, 48.8006
Particle 7 new velocities: 58.9543, 119.88
163.358, 131.867
135.011, 374.197
55.2007, 48.7403
Particle 8 new velocities: 77.029, 134.747
142.842, 113.426
105.384, 193.883
41.73, 40.955
-- ITERATION 16 --
-------------
Particle: 1:
Relays Coordinates:
120.956, 225.898
266.076, 260.252
279.083, 396.987
111.723, 89.8899
Evaluation Time: 2.32161 seconds
Resulting Fitness: 0.429167
-------------
Particle: 2:
Relays Coordinates:
120.384, 243.618
262.993, 269.334
306.269, 404.296
118.423, 98.1752
Evaluation Time: 2.4605 seconds
Resulting Fitness: 0.416667
-------------
Particle: 3:
Relays Coordinates:
85.1502, 170.254
211.609, 174.507
224.809, 327.445
97.9842, 73.1594
Evaluation Time: 2.25673 seconds
Resulting Fitness: 0.335417
-------------
Particle: 4:
Relays Coordinates:
97.7785, 144.348
218.727, 181.861
207.854, 332.481
99.7444, 76.4822
Evaluation Time: 2.15724 seconds
Resulting Fitness: 0.3375
-------------
Particle: 5:
Relays Coordinates:
107.062, 198.366
168.961, 198.302
244.239, 328.028
100.167, 72.9062
Evaluation Time: 2.22405 seconds
Resulting Fitness: 0.364583
-------------
Particle: 6:
Relays Coordinates:
92.7434, 215.846
235.772, 234.359
282.719, 354.678
111.924, 71.0167
Evaluation Time: 2.34647 seconds
Resulting Fitness: 0.379167
-------------
Particle: 7:
Relays Coordinates:
90.9329, 176.286
204.008, 193.777
219.733, 345.645
89.4043, 70.3166
Evaluation Time: 2.36225 seconds
Resulting Fitness: 0.333333
-------------
Particle: 8:
Relays Coordinates:
106.155, 213.864
230.108, 205.043
230.407, 353.095
90.2545, 75.179
Evaluation Time: 2.23877 seconds
Resulting Fitness: 0.3625
Current global best fitness: 0.433333
Current global best relays: 120.359, 234.101
260.98, 255.493
283.575, 393.147
114.18, 92.6212
Particle 1 new velocities: 37.3869, 74.6579
71.9731, 76.171
91.4554, 111.505
35.15, 28.8059
Particle 2 new velocities: 16.0918, 24.9357
35.1632, 40.3419
11.0333, 58.4159
17.7291, 11.4796
Particle 3 new velocities: 99.4747, 163.789
183.563, 177.088
217.545, 288.042
72.9952, 78.687
Particle 4 new velocities: 101.02, 223.273
201.624, 251.022
333.326, 378.837
107.464, 75.0092
Particle 5 new velocities: 76.7022, 137.728
267.055, 216.766
198.328, 256.102
65.6363, 60.7355
Particle 6 new velocities: 85.6722, 128.829
160.263, 142.219
170.71, 234.782
66.2891, 75.4096
Particle 7 new velocities: 91.2701, 130.899
217.486, 211.827
169.993, 356.266
97.0024, 68.2778
Particle 8 new velocities: 72.9363, 124.297
145.137, 157.271
146.138, 201.681
60.0474, 39.6524
-- ITERATION 17 --
-------------
Particle: 1:
Relays Coordinates:
128.258, 243.45
273.82, 272.503
300.136, 411.879
118.967, 96.1436
Evaluation Time: 2.56612 seconds
Resulting Fitness: 0.420833
-------------
Particle: 2:
Relays Coordinates:
110.546, 217.529
241.507, 250.838
257.015, 374.797
110.283, 88.8204
Evaluation Time: 2.53091 seconds
Resulting Fitness: 0.4125
-------------
Particle: 3:
Relays Coordinates:
98.1172, 177.524
210.011, 186.852
235.085, 327.095
90.8655, 80.6974
Evaluation Time: 2.13146 seconds
Resulting Fitness: 0.339583
-------------
Particle: 4:
Relays Coordinates:
95.0846, 175.832
201.053, 207.046
258.845, 334.808
99.107, 72.4579
Evaluation Time: 2.17869 seconds
Resulting Fitness: 0.360417
-------------
Particle: 5:
Relays Coordinates:
97.6598, 178.614
231.717, 220.584
235.198, 310.43
88.1147, 71.0227
Evaluation Time: 2.10968 seconds
Resulting Fitness: 0.33125
-------------
Particle: 6:
Relays Coordinates:
117.058, 226.142
259.839, 247.072
297.495, 386.744
116.925, 96.0703
Evaluation Time: 2.50674 seconds
Resulting Fitness: 0.43125
New local best!
-------------
Particle: 7:
Relays Coordinates:
87.1471, 146.926
201.599, 193.999
186.405, 334.808
89.1577, 66.2893
Evaluation Time: 2.25907 seconds
Resulting Fitness: 0.3375
-------------
Particle: 8:
Relays Coordinates:
117.502, 221.867
246.198, 237.714
247.051, 363.988
98.6131, 75.3409
Evaluation Time: 2.4012 seconds
Resulting Fitness: 0.389583
Current global best fitness: 0.433333
Current global best relays: 120.359, 234.101
260.98, 255.493
283.575, 393.147
114.18, 92.6212
Particle 1 new velocities: 18.3485, 37.4385
42.9993, 50.4702
47.8343, 78.1523
26.4923, 18.4937
Particle 2 new velocities: 30.2789, 49.1427
67.451, 37.2142
57.15, 57.9002
23.2853, 11.979
Particle 3 new velocities: 87.8676, 205.797
163.297, 269.344
227.229, 277.775
73.2405, 77.7103
Particle 4 new velocities: 113.81, 251.054
221.406, 246.667
327.683, 80.2206
104.764, 97.7249
Particle 5 new velocities: 98.1233, 183.43
208.882, 203.796
228.052, 369.596
78.1359, 72.9618
Particle 6 new velocities: 71.1728, 112.417
129.291, 125.39
125.818, 188.762
51.1531, 58.9883
Particle 7 new velocities: 90.446, 253.663
262.929, 226.711
234.19, 93.2516
140.068, 98.3388
Particle 8 new velocities: 60.9656, 101.742
123.306, 138.087
199.165, 206.37
82.02, 44.8924
-- ITERATION 18 --
-------------
Particle: 1:
Relays Coordinates:
118.751, 227.52
256.623, 261.608
281.856, 396.925
117.822, 92.8562
Evaluation Time: 2.43802 seconds
Resulting Fitness: 0.43125
-------------
Particle: 2:
Relays Coordinates:
126.742, 240.004
278.062, 259.247
282.748, 389.427
120.211, 90.7195
Evaluation Time: 2.4002 seconds
Resulting Fitness: 0.414583
-------------
Particle: 3:
Relays Coordinates:
122.025, 251.497
244.927, 299.31
303.325, 396.855
107.67, 103.931
Evaluation Time: 2.61799 seconds
Resulting Fitness: 0.420833
New local best!
-------------
Particle: 4:
Relays Coordinates:
111.015, 226.865
224.512, 241.122
311.705, 220.563
108.345, 90.4421
Evaluation Time: 2.14143 seconds
Resulting Fitness: 0.295833
-------------
Particle: 5:
Relays Coordinates:
115.608, 213.784
260.169, 250.592
273.545, 401.549
98.1693, 85.0214
Evaluation Time: 2.51577 seconds
Resulting Fitness: 0.416667
New local best!
-------------
Particle: 6:
Relays Coordinates:
123.499, 222.128
255.308, 244.373
277.736, 377.59
110.276, 101.734
Evaluation Time: 2.47116 seconds
Resulting Fitness: 0.4125
-------------
Particle: 7:
Relays Coordinates:
94.3803, 212.89
246.869, 223.583
223.521, 227.488
121.82, 87.4901
Evaluation Time: 1.87951 seconds
Resulting Fitness: 0.260417
-------------
Particle: 8:
Relays Coordinates:
117.092, 212.32
242.431, 246.563
292.762, 374.212
118.513, 78.8851
Evaluation Time: 2.43074 seconds
Resulting Fitness: 0.410417
Current global best fitness: 0.433333
Current global best relays: 120.359, 234.101
260.98, 255.493
283.575, 393.147
114.18, 92.6212
Particle 1 new velocities: 14.4067, 42.8107
46.1766, 46.6591
41.8656, 61.9465
17.0085, 13.1731
Particle 2 new velocities: 12.4089, 34.1166
29.7678, 25.1329
46.5326, 48.1025
3.05983, 11.8658
Particle 3 new velocities: 69.8406, 161.691
142.108, 163.753
180.963, 219.54
65.1229, 60.9938
Particle 4 new velocities: 103.812, 213.328
185.228, 236.795
254.42, 563.137
90.3286, 74.6754
Particle 5 new velocities: 84.0217, 162.334
167.876, 169.837
192.435, 283.22
67.8724, 58.4666
Particle 6 new velocities: 53.0937, 99.9858
116.241, 113.872
125.511, 162.679
51.0009, 42.5092
Particle 7 new velocities: 116.87, 215.036
214.17, 242.989
305.913, 388.341
105.42, 76.3594
Particle 8 new velocities: 42.1501, 121.442
104.861, 114.727
147.129, 177.499
54.2088, 53.1009
-- ITERATION 19 --
-------------
Particle: 1:
Relays Coordinates:
107.858, 218.968
245.268, 249.696
262.215, 371.686
109.213, 85.8838
Evaluation Time: 2.49698 seconds
Resulting Fitness: 0.395833
-------------
Particle: 2:
Relays Coordinates:
112.712, 222.038
249.342, 230.347
266.718, 354.399
99.8497, 83.0941
Evaluation Time: 2.33592 seconds
Resulting Fitness: 0.383333
-------------
Particle: 3:
Relays Coordinates:
113.295, 243.983
228.541, 273.434
285.967, 363.975
102.032, 97.3866
Evaluation Time: 2.24636 seconds
Resulting Fitness: 0.402083
-------------
Particle: 4:
Relays Coordinates:
114.168, 233.937
217.753, 253.985
300.862, 372.009
105.583, 87.7502
Evaluation Time: 2.3184 seconds
Resulting Fitness: 0.410417
-------------
Particle: 5:
Relays Coordinates:
106.091, 199.884
227.481, 223.433
247.641, 363.914
88.2413, 76.2554
Evaluation Time: 2.34054 seconds
Resulting Fitness: 0.38125
-------------
Particle: 6:
Relays Coordinates:
115.862, 211.339
243.773, 235.044
264.57, 354.47
105.814, 94.6379
Evaluation Time: 2.52697 seconds
Resulting Fitness: 0.379167
-------------
Particle: 7:
Relays Coordinates:
112.267, 227.417
245.015, 247.955
281.363, 327.277
120.765, 87.0764
Evaluation Time: 2.12504 seconds
Resulting Fitness: 0.375
-------------
Particle: 8:
Relays Coordinates:
104.479, 218.981
227.858, 237.043
288.613, 361.977
113.323, 86.596
Evaluation Time: 2.36609 seconds
Resulting Fitness: 0.391667
Current global best fitness: 0.433333
Current global best relays: 120.359, 234.101
260.98, 255.493
283.575, 393.147
114.18, 92.6212
Particle 1 new velocities: 36.1126, 56.2825
49.8117, 58.5448
65.2953, 94.4553
23.3473, 18.3629
Particle 2 new velocities: 28.7261, 29.6049
36.0555, 62.4566
59.6888, 64.6953
9.58606, 16.5606
Particle 3 new velocities: 68.8731, 125.257
145.833, 133.968
162.083, 220.126
65.8092, 53.8673
Particle 4 new velocities: 92.8387, 171.55
223.01, 191.39
192.409, 10.8019
96.3065, 59.5055
Particle 5 new velocities: 95.0077, 171.333
158.368, 163.923
185.563, 281.822
70.8178, 53.4407
Particle 6 new velocities: 48.3491, 126.541
123.034, 102.973
136.808, 177.263
58.9666, 31.8189
Particle 7 new velocities: 95.5981, 178.408
157.887, 200.687
246.082, 433.602
79.3489, 62.8294
Particle 8 new velocities: 51.0088, 100.947
78.9231, 97.7922
107.174, 162.83
43.8261, 40.7695
-- ITERATION 20 --
-------------
Particle: 1:
Relays Coordinates:
129.573, 247.725
265.572, 277.417
294.759, 419.527
119.304, 93.822
Evaluation Time: 2.58808 seconds
Resulting Fitness: 0.416667
-------------
Particle: 2:
Relays Coordinates:
127.295, 226.479
256.858, 263.524
293.766, 377.185
98.4922, 89.6892
Evaluation Time: 2.33572 seconds
Resulting Fitness: 0.41875
-------------
Particle: 3:
Relays Coordinates:
119.52, 242.258
245.626, 267.297
293.966, 383.229
110.121, 99.2377
Evaluation Time: 2.36306 seconds
Resulting Fitness: 0.420833
-------------
Particle: 4:
Relays Coordinates:
122.235, 239.436
260.266, 262.989
291.272, 226.046
119.214, 86.953
Evaluation Time: 1.98268 seconds
Resulting Fitness: 0.304167
-------------
Particle: 5:
Relays Coordinates:
106.872, 197.28
205.056, 205.857
230.222, 343.17
84.5305, 68.9258
Evaluation Time: 2.26598 seconds
Resulting Fitness: 0.358333
-------------
Particle: 6:
Relays Coordinates:
119.71, 246.315
267.402, 246.415
292.604, 387.633
120.125, 92.187
Evaluation Time: 2.57682 seconds
Resulting Fitness: 0.404167
-------------
Particle: 7:
Relays Coordinates:
110.468, 215.672
214.119, 238.427
280.306, 372.009
106.349, 79.6661
Evaluation Time: 2.30283 seconds
Resulting Fitness: 0.391667
-------------
Particle: 8:
Relays Coordinates:
113.351, 233.228
223.644, 244.095
288.529, 382.584
114.562, 92.8494
Evaluation Time: 2.40624 seconds
Resulting Fitness: 0.422917
New local best!
Current global best fitness: 0.433333
Current global best relays: 120.359, 234.101
260.98, 255.493
283.575, 393.147
114.18, 92.6212
Particle 1 new velocities: 9.72064, 27.5265
38.4252, 32.4862
49.0797, 50.0839
17.6549, 13.3464
Particle 2 new velocities: 14.7032, 38.7171
33.6883, 41.9102
35.1577, 77.3221
32.1397, 16.1926
Particle 3 new velocities: 56.9322, 99.0624
127.582, 117.621
126.037, 196.322
54.0315, 42.1005
Particle 4 new velocities: 68.4164, 128.21
172.101, 163.84
143.953, 266.843
78.7966, 53.6192
Particle 5 new velocities: 92.5939, 208.432
211.452, 139.084
168.252, 252.306
96.7317, 51.4654
Particle 6 new velocities: 35.7762, 77.167
89.5556, 90.9388
107.905, 143.906
38.6373, 28.4132
Particle 7 new velocities: 80.5916, 142.377
158.438, 190.87
205.358, 29.2415
88.862, 60.002
Particle 8 new velocities: 49.0504, 81.2992
90.6076, 82.5411
78.8625, 132.41
34.5114, 32.3655
-- ITERATION 21 --
-------------
Particle: 1:
Relays Coordinates:
112.828, 222.954
246.238, 251.022
278.509, 380.385
110.937, 86.8064
Evaluation Time: 2.32161 seconds
Resulting Fitness: 0.416667
-------------
Particle: 2:
Relays Coordinates:
127.798, 238.676
261.491, 274.89
296.031, 409.056
117.569, 95.2936
Evaluation Time: 2.60422 seconds
Resulting Fitness: 0.427083
-------------
Particle: 3:
Relays Coordinates:
115.77, 223.94
244.862, 252.545
275.564, 380.243
107.7, 92.732
Evaluation Time: 2.38719 seconds
Resulting Fitness: 0.43125
New local best!
-------------
Particle: 4:
Relays Coordinates:
112.578, 217.091
255.308, 252.039
256.996, 291.046
116.923, 83.0065
Evaluation Time: 2.07146 seconds
Resulting Fitness: 0.34375
-------------
Particle: 5:
Relays Coordinates:
106.004, 215.612
221.349, 183.316
211.766, 316.461
96.3302, 63.9808
Evaluation Time: 2.14485 seconds
Resulting Fitness: 0.325
-------------
Particle: 6:
Relays Coordinates:
113.349, 235.818
260.222, 245.931
291.971, 387.492
115.738, 87.9175
Evaluation Time: 2.3172 seconds
Resulting Fitness: 0.425
-------------
Particle: 7:
Relays Coordinates:
112.819, 211.425
219.991, 253.496
286.78, 236.934
115.27, 82.4726
Evaluation Time: 2.00772 seconds
Resulting Fitness: 0.29375
-------------
Particle: 8:
Relays Coordinates:
118.39, 229.29
229.089, 238.118
267.828, 375.431
108.674, 91.2816
Evaluation Time: 2.48517 seconds
Resulting Fitness: 0.416667
Current global best fitness: 0.433333
Current global best relays: 120.359, 234.101
260.98, 255.493
283.575, 393.147
114.18, 92.6212
Particle 1 new velocities: 13.1157, 46.465
40.7769, 33.9231
42.2497, 77.2345
26.1445, 15.4431
Particle 2 new velocities: -0.813818, 27.4941
25.8846, -9.39262
-1.7807, 24.5022
22.7541, 9.99164
Particle 3 new velocities: 50.6381, 80.8109
120.738, 97.6608
112.827, 165.149
46.9325, 33.5213
Particle 4 new velocities: 67.9376, 124.641
136.791, 158.444
153.384, 469.072
64.0437, 54.0545
Particle 5 new velocities: 85.8688, 181.322
248.004, 196.69
221.912, 390.508
98.4344, 75.3436
Particle 6 new velocities: 37.9792, 58.4093
72.0924, 82.6069
83.516, 115.014
29.8901, 29.9189
Particle 7 new velocities: 64.0723, 115.738
186.502, 154.041
156.701, 404.573
84.4227, 56.1603
Particle 8 new velocities: 39.5555, 71.7492
79.3499, 77.8259
86.0009, 119.451
37.8849, 29.7978
-- ITERATION 22 --
-------------
Particle: 1:
Relays Coordinates:
102.015, 218.229
232.482, 230.805
259.815, 370.672
111.036, 82.8221
Evaluation Time: 2.45112 seconds
Resulting Fitness: 0.395833
-------------
Particle: 2:
Relays Coordinates:
102.857, 215.598
232.775, 215.053
238.343, 351.182
113.662, 85.2811
Evaluation Time: 2.21064 seconds
Resulting Fitness: 0.375
-------------
Particle: 3:
Relays Coordinates:
121.312, 222.164
266.522, 255.3
283.137, 397.591
112.727, 92.0387
Evaluation Time: 2.51733 seconds
Resulting Fitness: 0.429167
-------------
Particle: 4:
Relays Coordinates:
95.9334, 181.611
208.378, 218.147
218.093, 372.009
96.1733, 72.8398
Evaluation Time: 2.37722 seconds
Resulting Fitness: 0.352083
-------------
Particle: 5:
Relays Coordinates:
91.7724, 189.853
224.49, 181.756
207.427, 334.808
93.1553, 66.6385
Evaluation Time: 2.28704 seconds
Resulting Fitness: 0.320833
-------------
Particle: 6:
Relays Coordinates:
122.576, 238.324
269.175, 266.116
304.144, 407.03
117.959, 95.4475
Evaluation Time: 2.41888 seconds
Resulting Fitness: 0.427083
-------------
Particle: 7:
Relays Coordinates:
104.452, 193.186
240.03, 240.646
261.871, 378.804
117.917, 81.8613
Evaluation Time: 2.36949 seconds
Resulting Fitness: 0.420833
New local best!
-------------
Particle: 8:
Relays Coordinates:
127.936, 243.842
249.836, 255.914
286.601, 400.854
118.713, 98.0744
Evaluation Time: 2.3679 seconds
Resulting Fitness: 0.410417
Current global best fitness: 0.433333
Current global best relays: 120.359, 234.101
260.98, 255.493
283.575, 393.147
114.18, 92.6212
Particle 1 new velocities: 49.8442, 55.5454
83.9819, 105.856
99.3481, 100.359
28.5245, 27.0297
Particle 2 new velocities: 23.2363, 73.3116
35.4392, 50.4968
77.2638, 29.9425
18.4822, 18.7771
Particle 3 new velocities: 39.7232, 70.5948
79.6606, 76.443
86.3069, 109.039
38.2275, 27.9526
Particle 4 new velocities: 54.7773, 173.014
196.06, 210.782
294.456, 44.9665
69.0148, 59.9863
Particle 5 new velocities: 110.921, 161.995
247.159, 245.53
273.1, 111.91
112.413, 115.448
Particle 6 new velocities: 27.1076, 34.8066
52.8444, 38.1193
40.3417, 78.6536
22.9576, 21.2407
Particle 7 new velocities: 57.2568, 96.5609
172.599, 123.703
138.013, 333.828
65.2414, 61.0273
Particle 8 new velocities: 27.0417, 50.4056
68.7773, 56.8927
71.3907, 81.1295
23.1011, 15.477
-- ITERATION 23 --
-------------
Particle: 1:
Relays Coordinates:
123.006, 221.758
256.336, 272.696
290.922, 381.535
113.044, 88.9799
Evaluation Time: 2.47636 seconds
Resulting Fitness: 0.416667
-------------
Particle: 2:
Relays Coordinates:
102.136, 234.017
217.253, 215.096
255.641, 308.711
107.036, 84.2871
Evaluation Time: 2.13323 seconds
Resulting Fitness: 0.364583
-------------
Particle: 3:
Relays Coordinates:
117.394, 213.421
252.367, 241.841
269.324, 369.333
110.046, 87.4736
Evaluation Time: 2.41954 seconds
Resulting Fitness: 0.395833
-------------
Particle: 4:
Relays Coordinates:
80.0939, 188.462
214.934, 227.951
272.389, 221.598
87.7877, 70.5892
Evaluation Time: 2.08773 seconds
Resulting Fitness: 0.260417
-------------
Particle: 5:
Relays Coordinates:
107.72, 186.986
250.654, 227.077
255.371, 237.404
109.247, 96.768
Evaluation Time: 2.35468 seconds
Resulting Fitness: 0.25625
-------------
Particle: 6:
Relays Coordinates:
121.244, 221.236
260.836, 246.43
279.034, 393.404
114.142, 94.5175
Evaluation Time: 2.34182 seconds
Resulting Fitness: 0.422917
-------------
Particle: 7:
Relays Coordinates:
69.6105, 124.727
177.623, 156.841
172.137, 301.327
78.8435, 61.5089
Evaluation Time: 2.12309 seconds
Resulting Fitness: 0.30625
-------------
Particle: 8:
Relays Coordinates:
125.532, 238.34
258.077, 253.374
289.974, 390.407
114.869, 91.9766
Evaluation Time: 2.35201 seconds
Resulting Fitness: 0.429167
New local best!
Current global best fitness: 0.433333
Current global best relays: 120.359, 234.101
260.98, 255.493
283.575, 393.147
114.18, 92.6212
Particle 1 new velocities: 35.5011, 69.6267
82.3356, 61.6943
62.5054, 100.905
29.5093, 25.9202
Particle 2 new velocities: 55.4335, 58.8709
58.8932, 109.876
107.632, 66.4365
21.5227, 25.5741
Particle 3 new velocities: 34.4352, 72.9209
66.1129, 71.9603
77.4576, 105.553
34.1997, 23.5161
Particle 4 new velocities: 134.647, 215.329
228.032, 244.487
247.115, 73.9306
85.0849, 88.8306
Particle 5 new velocities: 93.58, 206.019
200.823, 259.652
257.533, 486.486
86.967, 83.3358
Particle 6 new velocities: 15.3143, 48.9772
41.684, 39.2739
38.3871, 54.7966
19.8479, 17.2118
Particle 7 new velocities: 56.9158, 298.486
188.254, 271.924
248.518, 125.583
109.827, 110.947
Particle 8 new velocities: 15.1408, 36.0769
56.1776, 47.7351
47.6898, 68.8506
17.7828, 12.6354
-- ITERATION 24 --
-------------
Particle: 1:
Relays Coordinates:
128.39, 236.021
274.324, 270.856
286.276, 390.777
115.468, 93.0691
Evaluation Time: 2.42532 seconds
Resulting Fitness: 0.425
-------------
Particle: 2:
Relays Coordinates:
127.631, 237.239
223.679, 263.227
294.251, 303.87
104.133, 88.9876
Evaluation Time: 2.30068 seconds
Resulting Fitness: 0.354167
-------------
Particle: 3:
Relays Coordinates:
122.982, 231.937
257.969, 254.179
280.893, 384.658
116.839, 89.9017
Evaluation Time: 2.46105 seconds
Resulting Fitness: 0.422917
-------------
Particle: 4:
Relays Coordinates:
126.803, 238.434
261.567, 278.97
306.762, 174.506
102.08, 94.1358
Evaluation Time: 2.16493 seconds
Resulting Fitness: 0.329167
-------------
Particle: 5:
Relays Coordinates:
106.979, 208.859
239.933, 258.668
272.578, 372.009
104.276, 95.7145
Evaluation Time: 2.58746 seconds
Resulting Fitness: 0.410417
-------------
Particle: 6:
Relays Coordinates:
110.612, 218.873
245.041, 231.42
257.111, 363.043
108.532, 90.5007
Evaluation Time: 2.35975 seconds
Resulting Fitness: 0.385417
-------------
Particle: 7:
Relays Coordinates:
74.7125, 249.903
216.047, 253.181
248.393, 252.086
111.408, 101.834
Evaluation Time: 2.18124 seconds
Resulting Fitness: 0.304167
-------------
Particle: 8:
Relays Coordinates:
113.945, 222.278
254.546, 243.898
273.507, 371.999
107.448, 84.7357
Evaluation Time: 2.56201 seconds
Resulting Fitness: 0.39375
Current global best fitness: 0.433333
Current global best relays: 120.359, 234.101
260.98, 255.493
283.575, 393.147
114.18, 92.6212
Particle 1 new velocities: 14.1865, 51.2206
55.8934, 31.2934
43.2427, 82.9878
24.0729, 18.3671
Particle 2 new velocities: 35.3027, 40.245
100.449, 81.0214
68.0452, 306.278
30.2461, 23.9663
Particle 3 new velocities: 19.7791, 54.1985
43.0276, 57.8741
65.8487, 90.3269
17.851, 24.058
Particle 4 new velocities: 98.5716, 167.713
169.746, 162.416
176.116, 501.6
113.528, 63.0841
Particle 5 new velocities: 83.2791, 192.212
174.4, 201.884
221.532, 55.9743
71.1108, 54.8216
Particle 6 new velocities: 32.4284, 53.8821
55.9925, 64.171
65.8966, 75.1023
23.835, 19.1792
Particle 7 new velocities: 59.4293, 175.269
241.355, 201.392
215.364, 353.266
95.2062, 79.3085
Particle 8 new velocities: 22.5802, 45.0636
48.8867, 52.8372
52.607, 102.51
27.413, 19.2602
-- ITERATION 25 --
-------------
Particle: 1:
Relays Coordinates:
115.487, 232.666
267.476, 244.741
266.91, 383.749
113.028, 90.2633
Evaluation Time: 2.49405 seconds
Resulting Fitness: 0.422917
-------------
Particle: 2:
Relays Coordinates:
86.5897, 147.466
172.254, 182.948
192.539, 324.258
71.4145, 60.0283
Evaluation Time: 2.24005 seconds
Resulting Fitness: 0.33125
-------------
Particle: 3:
Relays Coordinates:
115.637, 231.77
243.807, 252.763
280.861, 384.738
109.099, 92.3073
Evaluation Time: 2.38099 seconds
Resulting Fitness: 0.422917
-------------
Particle: 4:
Relays Coordinates:
119.773, 215.843
229.217, 234.571
256.622, 359.311
114.583, 83.5531
Evaluation Time: 2.47172 seconds
Resulting Fitness: 0.3875
-------------
Particle: 5:
Relays Coordinates:
112.346, 236.828
244.66, 271.951
291.767, 252.72
103.564, 88.8901
Evaluation Time: 2.20543 seconds
Resulting Fitness: 0.3125
-------------
Particle: 6:
Relays Coordinates:
128.736, 245.479
270.93, 266.032
290.707, 394.33
119.13, 98.7119
Evaluation Time: 2.70823 seconds
Resulting Fitness: 0.397917
-------------
Particle: 7:
Relays Coordinates:
57.7437, 183.022
196.896, 195.679
199.632, 260.584
88.9405, 77.9758
Evaluation Time: 2.23179 seconds
Resulting Fitness: 0.297917
-------------
Particle: 8:
Relays Coordinates:
110.585, 216.547
245.78, 240.356
264.153, 384.352
109.238, 84.2367
Evaluation Time: 2.62875 seconds
Resulting Fitness: 0.429167
Final Evaluation Time: 468.579 seconds
Final global best fitness: 0.433333
Final global best relays:
120.359, 234.101
260.98, 255.493
283.575, 393.147
114.18, 92.6212
