ITERATION: 0
new best fitness: 0.224034
ITERATION: 1
new best fitness: 0.27601
ITERATION: 2
new best fitness: 0.368032
ITERATION: 4
new best fitness: 0.464597
ITERATION: 18
new best fitness: 0.498317
ITERATION: 19
new best fitness: 0.539694
ITERATION: 63
new best fitness: 0.554593
ITERATION: 153
new best fitness: 0.555535
ITERATION: 270
new best fitness: 0.556314
ITERATION: 287
new best fitness: 0.557875
ITERATION: 300
new best fitness: 0.56132
Final Evaluation Time: 22.6783 seconds
Final global best fitness: 0.555556
Final global best relays:
113.626, 253.346
249.408, 313.02
94.4515, 113.591
