PSO EXECUTION
============================
Seed: 37283284
Particles: 4
Relays: 4
Iterations: 50
Backend: Simulation
Network Configuration: 1
Area: 350 x 350
Sink: 0, 0
Simulated Relay range: 155
w: 0.8
c1: 1.2
c2: 1.8

Relay Nodes Positions: 
PARTICLE 1: 
275.329, 237.264
55.1603, 70.5482
174.729, 147.528
233.639, 291.97
PARTICLE 2: 
19.6462, 68.6749
295.299, 323.588
149.526, 148.279
229.343, 185.009
PARTICLE 3: 
332.506, 159.824
196.106, 180.762
171.848, 265.418
74.9968, 85.11
PARTICLE 4: 
169.317, 106.163
318.914, 282.454
23.4024, 68.9862
202.771, 239.402
Nodes Positions: 
113.001, 64.9085
181.518, 42.4974
259.72, 235.093
5.93922, 165.152
218.843, 196.614
43.8501, 154.006
342.894, 112.562
135.299, 264.825
160.705, 129.493
320.689, 29.082
66.3196, 338.242
274.557, 21.4516
145.756, 59.7172
241.415, 100.345
295.924, 11.2715
25.1297, 240.231
266.996, 301.547
78.6802, 0.0960066
33.8658, 322.513
194.589, 80.2092
35.2156, 345.646
93.5407, 277.9
228.31, 254.557
83.905, 146.848
11.8064, 282.277
309.66, 183.221
248.038, 309.633
184.06, 331.718
155.543, 206.21
326.013, 186.774
96.357, 221.721
127.426, 135.973
333.221, 48.074
299.525, 173.964
167.55, 121.328
55.7011, 89.2967
287.293, 296.992
213.183, 218.342
201.98, 72.2107
121.839, 250.472
All particles start with velocity zero
-- ITERATION 0 --
-------------
Particle: 1:
Relays Coordinates:
275.329, 237.264
55.1603, 70.5482
174.729, 147.528
233.639, 291.97
Evaluation Time: 1.0598 seconds
Resulting Fitness: 0.754167
New local best!
New global best!
-------------
Particle: 2:
Relays Coordinates:
19.6462, 68.6749
295.299, 323.588
149.526, 148.279
229.343, 185.009
Evaluation Time: 1.13187 seconds
Resulting Fitness: 0.7625
New local best!
New global best!
-------------
Particle: 3:
Relays Coordinates:
332.506, 159.824
196.106, 180.762
171.848, 265.418
74.9968, 85.11
Evaluation Time: 1.32705 seconds
Resulting Fitness: 0.866667
New local best!
New global best!
-------------
Particle: 4:
Relays Coordinates:
169.317, 106.163
318.914, 282.454
23.4024, 68.9862
202.771, 239.402
Evaluation Time: 1.26532 seconds
Resulting Fitness: 0.766667
New local best!
Current global best fitness: 0.866667
Current global best relays: 332.506, 159.824
196.106, 180.762
171.848, 265.418
74.9968, 85.11
Particle 1 new velocities: 3.01118, -17.7785
3.50339, 37.6086
-0.386844, 201.567
-220.293, -301.283
Particle 2 new velocities: 421.786, 3.37611
-100.592, -162.906
3.87404, 72.3651
-107.435, -83.5883
Particle 3 new velocities: 0, 0
0, 0
0, 0
0, 0
Particle 4 new velocities: 206.551, 56.49
-16.4205, -159.983
122.077, 53.3744
-69.497, -51.7835
-- ITERATION 1 --
-------------
Particle: 1:
Relays Coordinates:
278.34, 219.486
58.6637, 108.157
174.343, 349.095
13.3459, 0
Evaluation Time: 0.870468 seconds
Resulting Fitness: 0.420833
-------------
Particle: 2:
Relays Coordinates:
350, 72.051
194.707, 160.682
153.4, 220.644
121.908, 101.42
Evaluation Time: 1.23378 seconds
Resulting Fitness: 0.6625
-------------
Particle: 3:
Relays Coordinates:
332.506, 159.824
196.106, 180.762
171.848, 265.418
74.9968, 85.11
Evaluation Time: 1.25057 seconds
Resulting Fitness: 0.866667
-------------
Particle: 4:
Relays Coordinates:
350, 162.653
302.494, 122.471
145.48, 122.361
133.274, 187.619
Evaluation Time: 0.624101 seconds
Resulting Fitness: 0.125
Current global best fitness: 0.866667
Current global best relays: 332.506, 159.824
196.106, 180.762
171.848, 265.418
74.9968, 85.11
Particle 1 new velocities: 43.3019, -102.446
148.93, 67.2318
-0.12812, -87.4603
105.716, 349.139
Particle 2 new velocities: -311.646, 105.356
-58.8722, -64.1916
6.59375, -4.72629
-47.9753, -35.2438
Particle 3 new velocities: 0, 0
0, 0
0, 0
0, 0
Particle 4 new velocities: -199.493, 28.182
-32.8844, 95.7536
17.7633, 61.1671
-76.9574, -162.781
-- ITERATION 2 --
-------------
Particle: 1:
Relays Coordinates:
321.642, 117.039
207.594, 175.389
174.215, 261.635
119.062, 349.139
Evaluation Time: 0.64424 seconds
Resulting Fitness: 0.120833
-------------
Particle: 2:
Relays Coordinates:
38.3539, 177.407
135.835, 96.4907
159.994, 215.918
73.933, 66.1766
Evaluation Time: 1.19523 seconds
Resulting Fitness: 0.825
New local best!
-------------
Particle: 3:
Relays Coordinates:
332.506, 159.824
196.106, 180.762
171.848, 265.418
74.9968, 85.11
Evaluation Time: 1.25409 seconds
Resulting Fitness: 0.866667
-------------
Particle: 4:
Relays Coordinates:
150.507, 190.835
269.609, 218.224
163.243, 183.528
56.3169, 24.8383
Evaluation Time: 0.672862 seconds
Resulting Fitness: 0.325
Current global best fitness: 0.866667
Current global best relays: 332.506, 159.824
196.106, 180.762
171.848, 265.418
74.9968, 85.11
Particle 1 new velocities: 33.1679, -6.20507
94.7844, -16.6117
-2.32874, -188.263
58.6313, 30.3383
Particle 2 new velocities: 76.4128, 66.0322
-21.7797, 25.4073
26.2091, 9.80849
-37.8032, -4.57949
Particle 3 new velocities: 0, 0
0, 0
0, 0
0, 0
Particle 4 new velocities: -71.3381, -70.1411
-43.5089, 70.8273
-47.0479, 109.289
-0.636501, 77.6552
-- ITERATION 3 --
-------------
Particle: 1:
Relays Coordinates:
350, 110.834
302.378, 158.777
171.886, 73.371
177.693, 350
Evaluation Time: 0.596891 seconds
Resulting Fitness: 0.129167
-------------
Particle: 2:
Relays Coordinates:
114.767, 243.439
114.056, 121.898
186.203, 225.726
36.1298, 61.5971
Evaluation Time: 1.09897 seconds
Resulting Fitness: 0.808333
-------------
Particle: 3:
Relays Coordinates:
332.506, 159.824
196.106, 180.762
171.848, 265.418
74.9968, 85.11
Evaluation Time: 1.20436 seconds
Resulting Fitness: 0.866667
-------------
Particle: 4:
Relays Coordinates:
79.169, 120.694
226.101, 289.051
116.195, 292.816
55.6804, 102.493
Evaluation Time: 1.10095 seconds
Resulting Fitness: 0.4875
Current global best fitness: 0.866667
Current global best relays: 332.506, 159.824
196.106, 180.762
171.848, 265.418
74.9968, 85.11
Particle 1 new velocities: -100.816, 134.114
26.2777, -64.6938
-1.35361, 113.107
8.66232, -371.353
Particle 2 new velocities: 267.114, -89.9516
10.5169, 63.5675
1.48329, 76.6798
13.0457, 12.774
Particle 3 new velocities: 0, 0
0, 0
0, 0
0, 0
Particle 4 new velocities: 361.077, -3.32008
42.6109, 0.0565134
-110.498, -63.9188
148.075, 200.802
-- ITERATION 4 --
-------------
Particle: 1:
Relays Coordinates:
249.184, 244.948
328.656, 94.0832
170.532, 186.478
186.355, 0
Evaluation Time: 0.655373 seconds
Resulting Fitness: 0.1375
-------------
Particle: 2:
Relays Coordinates:
350, 153.487
124.572, 185.465
187.686, 302.406
49.1756, 74.3711
Evaluation Time: 1.0557 seconds
Resulting Fitness: 0.791667
-------------
Particle: 3:
Relays Coordinates:
332.506, 159.824
196.106, 180.762
171.848, 265.418
74.9968, 85.11
Evaluation Time: 1.17595 seconds
Resulting Fitness: 0.866667
-------------
Particle: 4:
Relays Coordinates:
350, 117.374
268.711, 289.108
5.69746, 228.898
203.755, 303.296
Evaluation Time: 0.616502 seconds
Resulting Fitness: 0.141667
Current global best fitness: 0.866667
Current global best relays: 332.506, 159.824
196.106, 180.762
171.848, 265.418
74.9968, 85.11
Particle 1 new velocities: 45.4465, 45.0299
-58.0238, 24.8281
0.806789, 154.873
-120.605, 186.232
Particle 2 new velocities: -287.208, -67.8161
106.849, 39.5067
-40.9046, 17.3313
38.0277, 24.9727
Particle 3 new velocities: 0, 0
0, 0
0, 0
0, 0
Particle 4 new velocities: -199.243, 52.2078
21.9263, -30.7535
-48.607, -112.601
39.3998, -0.267456
-- ITERATION 5 --
-------------
Particle: 1:
Relays Coordinates:
294.63, 289.978
270.632, 118.911
171.339, 341.35
65.7509, 186.232
Evaluation Time: 0.615391 seconds
Resulting Fitness: 0.125
-------------
Particle: 2:
Relays Coordinates:
62.7925, 85.6713
231.421, 224.972
146.782, 319.737
87.2033, 99.3438
Evaluation Time: 0.833744 seconds
Resulting Fitness: 0.466667
-------------
Particle: 3:
Relays Coordinates:
332.506, 159.824
196.106, 180.762
171.848, 265.418
74.9968, 85.11
Evaluation Time: 1.26872 seconds
Resulting Fitness: 0.866667
-------------
Particle: 4:
Relays Coordinates:
150.757, 169.581
290.638, 258.354
0, 116.297
243.155, 303.028
Evaluation Time: 1.15045 seconds
Resulting Fitness: 0.575
Current global best fitness: 0.866667
Current global best relays: 332.506, 159.824
196.106, 180.762
171.848, 265.418
74.9968, 85.11
Particle 1 new velocities: 36.8085, -120.46
-341.82, 64.8252
3.98192, -173.14
-45.9996, 60.2217
Particle 2 new velocities: -229.805, 67.5651
-53.8108, -137.467
-20.3512, -56.4594
20.1861, -33.5417
Particle 3 new velocities: 0, 0
0, 0
0, 0
0, 0
Particle 4 new velocities: -39.508, -10.5865
8.94312, -147.742
232.415, 11.6084
-82.8691, -421.651
-- ITERATION 6 --
-------------
Particle: 1:
Relays Coordinates:
331.439, 169.518
0, 183.737
175.321, 168.21
19.7513, 246.454
Evaluation Time: 1.23493 seconds
Resulting Fitness: 0.129167
-------------
Particle: 2:
Relays Coordinates:
0, 153.236
177.61, 87.5051
126.43, 263.278
107.389, 65.8021
Evaluation Time: 1.10428 seconds
Resulting Fitness: 0.6625
-------------
Particle: 3:
Relays Coordinates:
332.506, 159.824
196.106, 180.762
171.848, 265.418
74.9968, 85.11
Evaluation Time: 1.17296 seconds
Resulting Fitness: 0.866667
-------------
Particle: 4:
Relays Coordinates:
111.249, 158.995
299.581, 110.612
232.415, 127.905
160.286, 0
Evaluation Time: 1.25671 seconds
Resulting Fitness: 0.504167
Current global best fitness: 0.866667
Current global best relays: 332.506, 159.824
196.106, 180.762
171.848, 265.418
74.9968, 85.11
Particle 1 new velocities: -13.5983, -28.8514
60.3237, -81.1935
-1.61075, 30.8196
75.6578, -88.5915
Particle 2 new velocities: 457.681, 66.4629
-39.5715, 24.4743
34.1067, -51.8263
-63.8098, -15.5119
Particle 3 new velocities: 0, 0
0, 0
0, 0
0, 0
Particle 4 new velocities: 354.639, -63.064
-76.8227, 31.813
-79.53, 3.87947
-37.4114, 227.281
-- ITERATION 7 --
-------------
Particle: 1:
Relays Coordinates:
317.84, 140.667
60.3237, 102.543
173.71, 199.03
95.4091, 157.862
Evaluation Time: 1.2578 seconds
Resulting Fitness: 0.8875
New local best!
New global best!
-------------
Particle: 2:
Relays Coordinates:
350, 219.699
138.039, 111.979
160.537, 211.451
43.5796, 50.2902
Evaluation Time: 1.41634 seconds
Resulting Fitness: 0.783333
-------------
Particle: 3:
Relays Coordinates:
332.506, 159.824
196.106, 180.762
171.848, 265.418
74.9968, 85.11
Evaluation Time: 1.21691 seconds
Resulting Fitness: 0.866667
-------------
Particle: 4:
Relays Coordinates:
350, 95.9309
222.758, 142.425
152.885, 131.785
122.875, 227.281
Evaluation Time: 0.631215 seconds
Resulting Fitness: 0.125
Current global best fitness: 0.8875
Current global best relays: 317.84, 140.667
60.3237, 102.543
173.71, 199.03
95.4091, 157.862
Particle 1 new velocities: -10.8786, -23.0811
48.259, -64.9548
-1.2886, 24.6557
60.5263, -70.8732
Particle 2 new velocities: -74.1601, -11.2662
-167.966, 2.99266
43.7915, -44.6788
-38.3462, 27.8287
Particle 3 new velocities: -8.55712, -34.4304
-88.79, -52.385
3.24924, -88.0234
10.1484, 62.5068
Particle 4 new velocities: -125.561, 5.03503
-215.906, 59.4093
-111.393, -19.4917
7.38568, 135.017
-- ITERATION 8 --
-------------
Particle: 1:
Relays Coordinates:
306.962, 117.586
108.583, 37.5882
172.422, 223.686
155.935, 86.989
Evaluation Time: 1.26753 seconds
Resulting Fitness: 0.870833
-------------
Particle: 2:
Relays Coordinates:
275.84, 208.433
0, 114.972
204.329, 166.773
5.23334, 78.1188
Evaluation Time: 0.748977 seconds
Resulting Fitness: 0.283333
-------------
Particle: 3:
Relays Coordinates:
323.949, 125.393
107.316, 128.377
175.097, 177.394
85.1451, 147.617
Evaluation Time: 1.26033 seconds
Resulting Fitness: 0.208333
-------------
Particle: 4:
Relays Coordinates:
224.439, 100.966
6.8519, 201.835
41.4925, 112.293
130.26, 350
Evaluation Time: 1.09712 seconds
Resulting Fitness: 0.520833
Current global best fitness: 0.8875
Current global best relays: 317.84, 140.667
60.3237, 102.543
173.71, 199.03
95.4091, 157.862
Particle 1 new velocities: 13.5907, 25.4935
5.94266, 94.3656
0.515794, -29.7766
4.06698, 48.4634
Particle 2 new velocities: -210.902, -100.075
219.075, -8.97051
-30.7524, 56.9084
35.6281, 158.404
Particle 3 new velocities: -7.18563, -11.9817
-142.199, -35.2344
-1.20419, 14.5722
-0.0667188, 3.38378
Particle 4 new velocities: -104.858, 9.01588
-93.5943, 39.7478
13.949, 14.5447
58.7945, -356.844
-- ITERATION 9 --
-------------
Particle: 1:
Relays Coordinates:
320.552, 143.079
114.525, 131.954
172.937, 193.909
160.002, 135.452
Evaluation Time: 1.19744 seconds
Resulting Fitness: 0.120833
-------------
Particle: 2:
Relays Coordinates:
64.9377, 108.358
219.075, 106.001
173.576, 223.681
40.8614, 236.523
Evaluation Time: 1.4642 seconds
Resulting Fitness: 0.9
New local best!
New global best!
-------------
Particle: 3:
Relays Coordinates:
316.763, 113.412
0, 93.1424
173.893, 191.967
85.0784, 151.001
Evaluation Time: 1.26995 seconds
Resulting Fitness: 0.8
-------------
Particle: 4:
Relays Coordinates:
119.581, 109.982
0, 241.583
55.4415, 126.838
189.055, 0
Evaluation Time: 1.04666 seconds
Resulting Fitness: 0.75
Current global best fitness: 0.9
Current global best relays: 64.9377, 108.358
219.075, 106.001
173.576, 223.681
40.8614, 236.523
Particle 1 new velocities: -442.397, 17.0618
-31.6254, 37.9939
1.57922, -3.77879
-125.208, 211.073
Particle 2 new velocities: -168.722, -80.0599
175.26, -7.17641
-24.6019, 45.5267
28.5025, 126.724
Particle 3 new velocities: -422.674, -4.42103
37.0018, 24.8962
-1.68781, 120.714
-67.2591, -36.3546
Particle 4 new velocities: -46.2388, 3.26301
441.955, 44.7704
102.343, 133.632
-84.7564, 308.588
-- ITERATION 10 --
-------------
Particle: 1:
Relays Coordinates:
0, 160.141
82.9, 169.948
174.517, 190.13
34.7942, 346.525
Evaluation Time: 1.23888 seconds
Resulting Fitness: 0.5375
-------------
Particle: 2:
Relays Coordinates:
0, 28.2982
350, 98.8251
148.974, 269.208
69.3639, 350
Evaluation Time: 0.628976 seconds
Resulting Fitness: 0.183333
-------------
Particle: 3:
Relays Coordinates:
0, 108.991
37.0018, 118.039
172.205, 312.68
17.8193, 114.646
Evaluation Time: 0.768814 seconds
Resulting Fitness: 0.375
-------------
Particle: 4:
Relays Coordinates:
73.3422, 113.245
350, 286.353
157.784, 260.47
104.298, 308.588
Evaluation Time: 1.02156 seconds
Resulting Fitness: 0.45
Current global best fitness: 0.9
Current global best relays: 64.9377, 108.358
219.075, 106.001
173.576, 223.681
40.8614, 236.523
Particle 1 new velocities: 106.255, -41.6314
129.365, -19.2306
-0.186906, 39.5921
-48.1186, 83.1026
Particle 2 new velocities: 95.3171, 27.6993
-176.725, 8.89397
21.2421, -69.7843
-42.0269, -250.208
Particle 3 new velocities: 266.736, 48.1034
231.736, 64.3405
0.73232, -66.2026
13.656, 7.08015
Particle 4 new velocities: 27.2543, -3.86468
-145.006, -185.833
55.9878, 95.229
-70.3581, 140.459
-- ITERATION 11 --
-------------
Particle: 1:
Relays Coordinates:
106.255, 118.509
212.265, 150.717
174.33, 229.722
0, 350
Evaluation Time: 1.31189 seconds
Resulting Fitness: 0.6625
-------------
Particle: 2:
Relays Coordinates:
95.3171, 55.9975
173.275, 107.719
170.216, 199.423
27.3369, 99.7919
Evaluation Time: 1.25196 seconds
Resulting Fitness: 0.8125
-------------
Particle: 3:
Relays Coordinates:
266.736, 157.094
268.738, 182.379
172.937, 246.478
31.4752, 121.726
Evaluation Time: 0.796675 seconds
Resulting Fitness: 0.370833
-------------
Particle: 4:
Relays Coordinates:
100.597, 109.38
204.994, 100.52
213.772, 350
33.9404, 350
Evaluation Time: 1.02417 seconds
Resulting Fitness: 0.75
Current global best fitness: 0.9
Current global best relays: 64.9377, 108.358
219.075, 106.001
173.576, 223.681
40.8614, 236.523
Particle 1 new velocities: 213.383, -22.0209
-34.7319, -71.3592
-1.15936, 18.9521
90.4583, -322.908
Particle 2 new velocities: 2.48396, 146.073
-73.5784, 4.48169
23.4363, -32.7029
-11.0109, -45.1748
Particle 3 new velocities: 171.13, 22.014
75.1108, -63.5567
1.00502, -73.0176
59.9245, 49.9178
Particle 4 new velocities: 18.5521, -7.02841
-39.2668, -136.796
-107.53, -240.789
62.1973, -193.22
-- ITERATION 12 --
-------------
Particle: 1:
Relays Coordinates:
319.638, 96.4885
177.533, 79.358
173.17, 248.675
90.4583, 27.0922
Evaluation Time: 1.17305 seconds
Resulting Fitness: 0.675
-------------
Particle: 2:
Relays Coordinates:
97.8011, 202.071
99.697, 112.201
193.653, 166.72
16.3261, 54.6171
Evaluation Time: 1.20564 seconds
Resulting Fitness: 0.829167
-------------
Particle: 3:
Relays Coordinates:
350, 179.108
343.848, 118.822
173.942, 173.46
91.3997, 171.644
Evaluation Time: 0.61998 seconds
Resulting Fitness: 0.116667
-------------
Particle: 4:
Relays Coordinates:
119.149, 102.352
165.727, 0
106.242, 109.211
96.1376, 156.78
Evaluation Time: 0.973229 seconds
Resulting Fitness: 0.608333
Current global best fitness: 0.9
Current global best relays: 64.9377, 108.358
219.075, 106.001
173.576, 223.681
40.8614, 236.523
Particle 1 new velocities: 26.9224, 47.2006
-108.476, -35.7618
-0.310759, -38.1211
8.6185, -33.5921
Particle 2 new velocities: -17.2333, -41.1041
36.7116, -7.5559
13.2284, 90.7346
3.50507, 190.869
Particle 3 new velocities: -305.345, -97.7184
-216.132, -43.7762
-0.138252, 13.9603
-38.3351, 46.281
Particle 4 new velocities: -17.9468, 3.92241
21.3069, 326.044
4.59143, -51.903
-31.0817, 22.4014
-- ITERATION 13 --
-------------
Particle: 1:
Relays Coordinates:
346.56, 143.689
69.0575, 43.5961
172.86, 210.553
99.0768, 0
Evaluation Time: 0.732118 seconds
Resulting Fitness: 0.325
-------------
Particle: 2:
Relays Coordinates:
80.5678, 160.967
136.409, 104.645
206.881, 257.455
19.8311, 245.486
Evaluation Time: 1.22572 seconds
Resulting Fitness: 0.108333
-------------
Particle: 3:
Relays Coordinates:
44.6551, 81.3897
127.717, 75.0462
173.804, 187.42
53.0646, 217.925
Evaluation Time: 1.27519 seconds
Resulting Fitness: 0.854167
-------------
Particle: 4:
Relays Coordinates:
101.202, 106.274
187.034, 326.044
110.834, 57.3077
65.0559, 179.182
Evaluation Time: 0.962168 seconds
Resulting Fitness: 0.604167
Current global best fitness: 0.9
Current global best relays: 64.9377, 108.358
219.075, 106.001
173.576, 223.681
40.8614, 236.523
Particle 1 new velocities: -294.611, 17.0048
-86.1517, 112.605
1.12865, -33.9825
-25.7312, 120.964
Particle 2 new velocities: -40.1768, -145.089
145.669, -2.9237
-15.7318, 15.222
8.24175, 147.588
Particle 3 new velocities: -156.75, -5.56073
-120.622, 27.8317
-2.01394, 90.1796
-47.6474, -44.2652
Particle 4 new velocities: -49.5978, 5.37272
123.788, 26.1083
48.9115, 165.507
34.5888, 140.797
-- ITERATION 14 --
-------------
Particle: 1:
Relays Coordinates:
51.9486, 160.694
0, 156.201
173.988, 176.571
73.3456, 120.964
Evaluation Time: 1.1205 seconds
Resulting Fitness: 0.770833
-------------
Particle: 2:
Relays Coordinates:
40.391, 15.8774
282.078, 101.721
191.149, 272.677
28.0729, 350
Evaluation Time: 0.679581 seconds
Resulting Fitness: 0.254167
-------------
Particle: 3:
Relays Coordinates:
0, 75.8289
7.09449, 102.878
171.79, 277.6
5.41719, 173.66
Evaluation Time: 0.814914 seconds
Resulting Fitness: 0.429167
-------------
Particle: 4:
Relays Coordinates:
51.604, 111.647
310.822, 350
159.745, 222.814
99.6447, 319.979
Evaluation Time: 1.06629 seconds
Resulting Fitness: 0.7875
New local best!
Current global best fitness: 0.9
Current global best relays: 64.9377, 108.358
219.075, 106.001
173.576, 223.681
40.8614, 236.523
Particle 1 new velocities: -140.41, -25.1489
154.817, 61.8178
0.518345, 0.690262
-45.889, 239.667
Particle 2 new velocities: -28.38, -1.6094
1.62341, 7.93422
-27.4519, -17.0144
29.2353, -51.3965
Particle 3 new velocities: 103.007, 91.0271
271.309, 48.8345
-0.759473, 32.571
11.2336, -64.7764
Particle 4 new velocities: -29.9746, 1.89782
7.03431, -105.749
45.5521, 132.778
-61.8057, 69.1216
-- ITERATION 15 --
-------------
Particle: 1:
Relays Coordinates:
0, 135.545
154.817, 218.019
174.507, 177.261
27.4566, 350
Evaluation Time: 1.14238 seconds
Resulting Fitness: 0.3125
-------------
Particle: 2:
Relays Coordinates:
12.011, 14.268
283.701, 109.655
163.697, 255.663
57.3082, 298.604
Evaluation Time: 0.668253 seconds
Resulting Fitness: 0.175
-------------
Particle: 3:
Relays Coordinates:
103.007, 166.856
278.404, 151.712
171.031, 310.171
16.6508, 108.883
Evaluation Time: 1.16621 seconds
Resulting Fitness: 0.654167
-------------
Particle: 4:
Relays Coordinates:
21.6294, 113.545
317.857, 244.251
205.297, 350
37.839, 350
Evaluation Time: 0.760492 seconds
Resulting Fitness: 0.304167
Current global best fitness: 0.9
Current global best relays: 64.9377, 108.358
219.075, 106.001
173.576, 223.681
40.8614, 236.523
Particle 1 new velocities: 134.454, -27.7032
131.064, -105.153
-1.21635, 76.5322
25.0169, -50.9732
Particle 2 new velocities: 51.7557, 267.621
-99.8139, 4.14956
-3.4607, -105.152
11.5743, -168.865
Particle 3 new velocities: 49.7859, 22.9857
136.955, 31.0957
0.309993, -94.5739
36.2974, 120.436
Particle 4 new velocities: 23.8279, -8.37577
-171.669, -179.904
-21.5619, -358.153
19.8317, -156.326
-- ITERATION 16 --
-------------
Particle: 1:
Relays Coordinates:
134.454, 107.842
285.881, 112.866
173.29, 253.793
52.4735, 299.027
Evaluation Time: 1.29943 seconds
Resulting Fitness: 0.158333
-------------
Particle: 2:
Relays Coordinates:
63.7666, 281.889
183.888, 113.805
160.237, 150.511
68.8825, 129.739
Evaluation Time: 1.18621 seconds
Resulting Fitness: 0.854167
-------------
Particle: 3:
Relays Coordinates:
152.793, 189.842
350, 182.808
171.341, 215.597
52.9482, 229.32
Evaluation Time: 0.624064 seconds
Resulting Fitness: 0.129167
-------------
Particle: 4:
Relays Coordinates:
45.4573, 105.169
146.188, 64.3462
183.735, 0
57.6708, 193.674
Evaluation Time: 1.01275 seconds
Resulting Fitness: 0.720833
Current global best fitness: 0.9
Current global best relays: 64.9377, 108.358
219.075, 106.001
173.576, 223.681
40.8614, 236.523
Particle 1 new velocities: 176.308, -18.1532
-246.931, -101.143
-0.394442, -31.3357
26.4332, -226.453
Particle 2 new velocities: 43.1193, 108.411
-39.4316, -9.20548
20.9598, 45.8793
-17.9689, -54.8868
Particle 3 new velocities: 194.013, 12.8798
-344.142, -94.6015
4.22951, -28.3689
31.184, -43.5088
Particle 4 new velocities: 50.1125, 5.77821
124.219, 130.135
-29.6485, 531.571
40.619, 25.4932
-- ITERATION 17 --
-------------
Particle: 1:
Relays Coordinates:
310.762, 89.6886
38.9504, 11.7228
172.896, 222.458
78.9067, 72.5738
Evaluation Time: 1.00671 seconds
Resulting Fitness: 0.379167
-------------
Particle: 2:
Relays Coordinates:
106.886, 350
144.456, 104.599
181.196, 196.39
50.9137, 74.8521
Evaluation Time: 1.20542 seconds
Resulting Fitness: 0.770833
-------------
Particle: 3:
Relays Coordinates:
346.806, 202.722
5.85837, 88.2066
175.57, 187.228
84.1322, 185.811
Evaluation Time: 1.26141 seconds
Resulting Fitness: 0.820833
-------------
Particle: 4:
Relays Coordinates:
95.5698, 110.947
270.407, 194.482
154.087, 350
98.2897, 219.167
Evaluation Time: 1.1188 seconds
Resulting Fitness: 0.783333
Current global best fitness: 0.9
Current global best relays: 64.9377, 108.358
219.075, 106.001
173.576, 223.681
40.8614, 236.523
Particle 1 new velocities: -78.1519, 39.6403
90.5671, 181.833
0.647942, -33.4875
-36.9824, -30.5075
Particle 2 new velocities: -48.5514, -642.422
33.7456, -4.60559
0.989994, 90.9427
-32.0825, 223.395
Particle 3 new velocities: -250.571, -103.854
55.0094, 31.4771
-0.417462, 86.2473
-22.545, -69.6519
Particle 4 new velocities: -25.6866, 0.679999
83.4163, 138.34
-9.47567, -225.008
32.3987, 162.154
-- ITERATION 18 --
-------------
Particle: 1:
Relays Coordinates:
232.61, 129.329
129.518, 193.556
173.544, 188.97
41.9242, 42.0663
Evaluation Time: 1.30089 seconds
Resulting Fitness: 0.333333
-------------
Particle: 2:
Relays Coordinates:
58.3345, 0
178.202, 99.9938
182.186, 287.333
18.8312, 298.247
Evaluation Time: 1.05445 seconds
Resulting Fitness: 0.616667
-------------
Particle: 3:
Relays Coordinates:
96.235, 98.8671
60.8678, 119.684
175.153, 273.475
61.5872, 116.159
Evaluation Time: 0.896846 seconds
Resulting Fitness: 0.491667
-------------
Particle: 4:
Relays Coordinates:
69.8831, 111.627
350, 332.822
144.611, 124.992
130.688, 350
Evaluation Time: 0.964943 seconds
Resulting Fitness: 0.554167
Current global best fitness: 0.9
Current global best relays: 64.9377, 108.358
219.075, 106.001
173.576, 223.681
40.8614, 236.523
Particle 1 new velocities: -34.6843, 38.2509
186.454, -71.6703
0.642382, 7.41415
-3.11311, 269.018
Particle 2 new velocities: -26.9333, 103.888
109.005, 4.05553
-8.07721, -40.8484
33.9544, 102.35
Particle 3 new velocities: -108.984, 0.0907017
113.115, 19.8527
-3.68699, 16.977
-48.0023, 101.612
Particle 4 new velocities: -39.4599, -1.41494
-209.451, 4.23531
34.2754, -108.333
-72.6884, -106.782
-- ITERATION 19 --
-------------
Particle: 1:
Relays Coordinates:
197.926, 167.58
315.972, 121.886
174.186, 196.384
38.8111, 311.084
Evaluation Time: 0.637875 seconds
Resulting Fitness: 0.133333
-------------
Particle: 2:
Relays Coordinates:
31.4012, 103.888
287.206, 104.049
174.109, 246.485
52.7856, 350
Evaluation Time: 0.740142 seconds
Resulting Fitness: 0.3375
-------------
Particle: 3:
Relays Coordinates:
0, 98.9578
173.983, 139.536
171.466, 290.452
13.5849, 217.771
Evaluation Time: 1.16409 seconds
Resulting Fitness: 0.458333
-------------
Particle: 4:
Relays Coordinates:
30.4233, 110.212
140.549, 337.057
178.887, 16.6594
58, 243.218
Evaluation Time: 1.07348 seconds
Resulting Fitness: 0.675
Current global best fitness: 0.9
Current global best relays: 64.9377, 108.358
219.075, 106.001
173.576, 223.681
40.8614, 236.523
Particle 1 new velocities: -85.5393, 12.5713
-92.1703, -75.4428
-0.764471, 28.5846
36.8426, 110.174
Particle 2 new velocities: 10.3898, 90.5362
-37.4477, 6.47856
-7.29025, -66.0776
-4.14899, -129.043
Particle 3 new velocities: 380.886, 2.80148
128.958, -19.4521
-2.58932, -41.3112
27.1094, 54.822
Particle 4 new velocities: 28.7724, -0.0392418
-45.1455, -18.2274
18.8643, 143.081
-78.9443, -59.1032
-- ITERATION 20 --
-------------
Particle: 1:
Relays Coordinates:
112.387, 180.151
223.801, 46.4429
173.422, 224.969
75.6538, 350
Evaluation Time: 0.660673 seconds
Resulting Fitness: 0.141667
-------------
Particle: 2:
Relays Coordinates:
41.791, 194.425
249.758, 110.528
166.819, 180.407
48.6366, 220.957
Evaluation Time: 0.619112 seconds
Resulting Fitness: 0.129167
-------------
Particle: 3:
Relays Coordinates:
350, 101.759
302.941, 120.084
168.876, 249.141
40.6943, 272.593
Evaluation Time: 0.646917 seconds
Resulting Fitness: 0.120833
-------------
Particle: 4:
Relays Coordinates:
59.1956, 110.173
95.4039, 318.83
197.751, 159.74
0, 184.115
Evaluation Time: 1.0822 seconds
Resulting Fitness: 0.7875
Current global best fitness: 0.9
Current global best relays: 64.9377, 108.358
219.075, 106.001
173.576, 223.681
40.8614, 236.523
Particle 1 new velocities: -47.2832, -108.905
-142.094, 64.1373
-0.380941, 18.4793
19.2653, -144.66
Particle 2 new velocities: 38.122, -25.0049
-60.9532, 1.933
7.2964, 9.70168
-18.8118, -82.8412
Particle 3 new velocities: -123.224, 68.973
-34.8789, 26.6966
2.95843, -56.3784
26.7625, -177.02
Particle 4 new velocities: 24.6129, -1.33467
102.388, -73.8109
-14.6576, 220.357
74.8742, 86.5827
-- ITERATION 21 --
-------------
Particle: 1:
Relays Coordinates:
65.1035, 71.2464
81.7071, 110.58
173.041, 243.448
94.9191, 205.34
Evaluation Time: 1.21812 seconds
Resulting Fitness: 0.85
-------------
Particle: 2:
Relays Coordinates:
79.913, 169.42
188.805, 112.461
174.115, 190.109
29.8248, 138.116
Evaluation Time: 1.27902 seconds
Resulting Fitness: 0.879167
-------------
Particle: 3:
Relays Coordinates:
226.776, 170.732
268.062, 146.781
171.835, 192.763
67.4568, 95.5734
Evaluation Time: 1.15319 seconds
Resulting Fitness: 0.895833
New local best!
-------------
Particle: 4:
Relays Coordinates:
83.8085, 108.838
197.792, 245.019
183.093, 350
74.8742, 270.698
Evaluation Time: 1.11423 seconds
Resulting Fitness: 0.645833
Current global best fitness: 0.9
Current global best relays: 64.9377, 108.358
219.075, 106.001
173.576, 223.681
40.8614, 236.523
Particle 1 new velocities: -10.2652, 13.5687
-49.4122, 37.7352
0.645219, -37.8553
-9.09159, -111.188
Particle 2 new velocities: 19.6924, -115.399
8.41769, -10.1353
4.74514, 32.4354
-7.18119, 164.007
Particle 3 new velocities: -249.685, 54.8692
-91.3296, 21.1828
4.32858, 4.40821
5.05084, 42.8921
Particle 4 new velocities: -7.47951, -1.10119
116.528, -264.261
-39.4272, -63.2806
27.2901, 106.396
-- ITERATION 22 --
-------------
Particle: 1:
Relays Coordinates:
54.8384, 84.8151
32.295, 148.315
173.686, 205.593
85.8275, 94.1518
Evaluation Time: 1.08769 seconds
Resulting Fitness: 0.775
-------------
Particle: 2:
Relays Coordinates:
99.6053, 54.0209
197.223, 102.326
178.861, 222.544
22.6436, 302.123
Evaluation Time: 1.27513 seconds
Resulting Fitness: 0.895833
-------------
Particle: 3:
Relays Coordinates:
0, 225.601
176.732, 167.964
176.163, 197.171
72.5076, 138.466
Evaluation Time: 1.29442 seconds
Resulting Fitness: 0.7625
-------------
Particle: 4:
Relays Coordinates:
76.329, 107.737
314.32, 0
143.666, 286.719
102.164, 350
Evaluation Time: 0.806209 seconds
Resulting Fitness: 0.441667
Current global best fitness: 0.9
Current global best relays: 64.9377, 108.358
219.075, 106.001
173.576, 223.681
40.8614, 236.523
Particle 1 new velocities: 232.729, 106.538
140.017, -36.0663
0.499929, -12.9786
-37.7631, -26.7966
Particle 2 new velocities: -23.2568, -51.3295
48.1658, -6.07001
-2.61848, 27.0035
41.6767, 22.5857
Particle 3 new velocities: 181.714, -136.708
53.9523, -86.5601
-2.95586, 29.2131
-53.828, 197.327
Particle 4 new velocities: -24.2212, -0.0711764
23.1033, 276.861
24.5151, -178.588
-23.2523, -135.611
-- ITERATION 23 --
-------------
Particle: 1:
Relays Coordinates:
287.567, 191.353
172.312, 112.249
174.186, 192.614
48.0643, 67.3551
Evaluation Time: 1.33174 seconds
Resulting Fitness: 0.829167
-------------
Particle: 2:
Relays Coordinates:
76.3485, 2.69134
245.389, 96.2556
176.242, 249.547
64.3204, 324.709
Evaluation Time: 0.889332 seconds
Resulting Fitness: 0.308333
-------------
Particle: 3:
Relays Coordinates:
181.714, 88.8934
230.685, 81.4036
173.208, 226.384
18.6797, 335.793
Evaluation Time: 0.705106 seconds
Resulting Fitness: 0.1375
-------------
Particle: 4:
Relays Coordinates:
52.1078, 107.666
337.423, 276.861
168.181, 108.132
78.912, 214.389
Evaluation Time: 1.27421 seconds
Resulting Fitness: 0.795833
New local best!
Current global best fitness: 0.9
Current global best relays: 64.9377, 108.358
219.075, 106.001
173.576, 223.681
40.8614, 236.523
Particle 1 new velocities: -84.4246, -84.5665
22.5941, -43.7634
0.206442, 39.7317
-24.2935, 238.449
Particle 2 new velocities: -46.934, 190.48
-24.2581, 13.03
-6.42985, -29.6558
29.9507, -150.515
Particle 3 new velocities: 45.0728, -39.9429
73.5157, 20.1185
-3.24771, 9.94275
10.2962, -254.324
Particle 4 new velocities: -17.2199, 0.25506
-117.847, -50.7964
26.3913, -28.8082
-20.7046, -108.27
-- ITERATION 24 --
-------------
Particle: 1:
Relays Coordinates:
203.143, 106.786
194.906, 68.4855
174.392, 232.346
23.7709, 305.804
Evaluation Time: 0.673341 seconds
Resulting Fitness: 0.120833
-------------
Particle: 2:
Relays Coordinates:
29.4145, 193.171
221.131, 109.286
169.812, 219.892
94.271, 174.194
Evaluation Time: 0.688656 seconds
Resulting Fitness: 0.133333
-------------
Particle: 3:
Relays Coordinates:
226.786, 48.9505
304.2, 101.522
169.96, 236.327
28.9758, 81.469
Evaluation Time: 0.790881 seconds
Resulting Fitness: 0.320833
-------------
Particle: 4:
Relays Coordinates:
34.8879, 107.921
219.576, 226.064
194.573, 79.3233
58.2074, 106.119
Evaluation Time: 1.26479 seconds
Resulting Fitness: 0.870833
New local best!
Current global best fitness: 0.9
Current global best relays: 64.9377, 108.358
219.075, 106.001
173.576, 223.681
40.8614, 236.523
Particle 1 new velocities: -277.597, -49.5146
-4.0853, 41.4773
-0.767553, -9.71813
-1.17057, -29.8272
Particle 2 new velocities: 16.5264, 57.336
-21.4957, 3.53644
-0.597793, -15.3561
-63.8802, -15.4468
Particle 3 new velocities: -22.2816, 148.383
-81.2728, 64.2044
1.92815, -17.7196
40.1042, -98.9295
Particle 4 new velocities: 14.2214, 0.87721
-94.2997, -170.931
15.6839, 11.5489
-26.6793, 90.8906
-- ITERATION 25 --
-------------
Particle: 1:
Relays Coordinates:
0, 57.2718
190.821, 109.963
173.625, 222.628
22.6003, 275.977
Evaluation Time: 0.695451 seconds
Resulting Fitness: 0.2
-------------
Particle: 2:
Relays Coordinates:
45.9409, 250.507
199.635, 112.822
169.214, 204.536
30.3908, 158.747
Evaluation Time: 1.62133 seconds
Resulting Fitness: 0.6
-------------
Particle: 3:
Relays Coordinates:
204.505, 197.333
222.927, 165.726
171.888, 218.607
69.08, 0
Evaluation Time: 0.82015 seconds
Resulting Fitness: 0.308333
-------------
Particle: 4:
Relays Coordinates:
49.1093, 108.798
125.276, 55.1337
210.256, 90.8722
31.5281, 197.01
Evaluation Time: 1.43221 seconds
Resulting Fitness: 0.841667
Current global best fitness: 0.9
Current global best relays: 64.9377, 108.358
219.075, 106.001
173.576, 223.681
40.8614, 236.523
Particle 1 new velocities: 168.8, 35.9342
-137.933, 30.4757
-0.567674, -10.148
55.1421, -106.637
Particle 2 new velocities: 34.6527, -199.89
3.18601, -13.4707
3.68922, 14.6801
-45.1599, 133.574
Particle 3 new velocities: -161.75, 56.4015
-63.4498, -21.1343
3.6603, -20.0732
-5.83349, 449.817
Particle 4 new velocities: 28.1798, 0.374071
-31.4314, 32.8749
-49.4124, 51.508
-11.2916, 61.061
-- ITERATION 26 --
-------------
Particle: 1:
Relays Coordinates:
168.8, 93.2061
52.8881, 140.439
173.057, 212.48
77.7424, 169.34
Evaluation Time: 1.29533 seconds
Resulting Fitness: 0.8125
-------------
Particle: 2:
Relays Coordinates:
80.5935, 50.6173
202.821, 99.3513
172.904, 219.216
0, 292.321
Evaluation Time: 1.23198 seconds
Resulting Fitness: 0.883333
-------------
Particle: 3:
Relays Coordinates:
42.7549, 253.735
159.478, 144.592
175.548, 198.534
63.2465, 350
Evaluation Time: 0.711917 seconds
Resulting Fitness: 0.120833
-------------
Particle: 4:
Relays Coordinates:
77.2891, 109.172
93.8448, 88.0087
160.844, 142.38
20.2364, 258.071
Evaluation Time: 1.06439 seconds
Resulting Fitness: 0.704167
Current global best fitness: 0.9
Current global best relays: 64.9377, 108.358
219.075, 106.001
173.576, 223.681
40.8614, 236.523
Particle 1 new velocities: 55.3753, 39.1476
-99.0344, -27.8726
0.577061, -14.2011
27.4136, -48.5633
Particle 2 new velocities: 1.33962, -102.963
35.3183, -2.19295
4.16599, 20.7849
47.0275, 29.6588
Particle 3 new velocities: 63.8754, -74.4304
93.8272, -26.3392
-3.07603, 6.33971
-35.2659, -383.68
Particle 4 new velocities: -0.471014, -2.08692
109.069, 84.3332
5.9337, 135.041
53.7936, -105.274
-- ITERATION 27 --
-------------
Particle: 1:
Relays Coordinates:
224.175, 132.354
0, 112.566
173.634, 198.279
105.156, 120.776
Evaluation Time: 1.45724 seconds
Resulting Fitness: 0.891667
New local best!
-------------
Particle: 2:
Relays Coordinates:
81.9332, 0
238.139, 97.1584
177.07, 240.001
47.0275, 321.98
Evaluation Time: 1.60651 seconds
Resulting Fitness: 0.291667
-------------
Particle: 3:
Relays Coordinates:
106.63, 179.304
253.305, 118.253
172.472, 204.874
27.9806, 0
Evaluation Time: 0.685225 seconds
Resulting Fitness: 0.1875
-------------
Particle: 4:
Relays Coordinates:
76.818, 107.085
202.914, 172.342
166.778, 277.422
74.03, 152.797
Evaluation Time: 1.36832 seconds
Resulting Fitness: 0.825
Current global best fitness: 0.9
Current global best relays: 64.9377, 108.358
219.075, 106.001
173.576, 223.681
40.8614, 236.523
Particle 1 new velocities: -226.745, -11.4819
210.069, -26.9262
0.453771, 15.7365
-80.9291, 9.22703
Particle 2 new velocities: -22.4626, 129.429
-15.0664, 13.8932
-2.02233, -25.8423
34.8632, -168.354
Particle 3 new velocities: 91.6188, -90.9622
47.2926, -21.7419
-1.68975, 24.7849
16.3184, 394.166
Particle 4 new velocities: -24.7071, -0.561655
105.372, 68.6283
25.4196, -64.1616
18.1707, 38.9981
-- ITERATION 28 --
-------------
Particle: 1:
Relays Coordinates:
0, 120.872
210.069, 85.6397
174.088, 214.015
24.227, 130.004
Evaluation Time: 1.51122 seconds
Resulting Fitness: 0.379167
-------------
Particle: 2:
Relays Coordinates:
59.4705, 129.429
223.073, 111.052
175.047, 214.158
81.8907, 153.626
Evaluation Time: 1.45026 seconds
Resulting Fitness: 0.875
-------------
Particle: 3:
Relays Coordinates:
198.249, 88.3421
300.597, 96.5111
170.782, 229.659
44.299, 350
Evaluation Time: 0.811144 seconds
Resulting Fitness: 0.133333
-------------
Particle: 4:
Relays Coordinates:
52.1109, 106.524
308.285, 240.97
192.197, 213.26
92.2007, 191.795
Evaluation Time: 1.36177 seconds
Resulting Fitness: 0.866667
Current global best fitness: 0.9
Current global best relays: 64.9377, 108.358
219.075, 106.001
173.576, 223.681
40.8614, 236.523
Particle 1 new velocities: 78.5096, -11.3473
-57.7734, 10.5492
-0.267524, 20.7516
38.97, 24.7955
Particle 2 new velocities: -3.23431, 60.7154
-18.1098, 2.55658
-3.36624, -13.9483
-18.4646, 17.2727
Particle 3 new velocities: -5.81048, 30.5549
3.84352, 3.36204
2.69447, 13.8602
22.9973, -113.179
Particle 4 new velocities: -27.1127, 0.63967
-29.6843, -49.5574
-4.43387, -120.89
-40.8865, 35.1663
-- ITERATION 29 --
-------------
Particle: 1:
Relays Coordinates:
78.5096, 109.524
152.296, 96.1889
173.82, 234.767
63.197, 154.799
Evaluation Time: 1.19576 seconds
Resulting Fitness: 0.808333
-------------
Particle: 2:
Relays Coordinates:
56.2362, 190.145
204.963, 113.608
171.681, 200.21
63.4261, 170.898
Evaluation Time: 1.37298 seconds
Resulting Fitness: 0.125
-------------
Particle: 3:
Relays Coordinates:
192.439, 118.897
304.441, 99.8732
173.477, 243.519
67.2963, 236.821
Evaluation Time: 0.658101 seconds
Resulting Fitness: 0.141667
-------------
Particle: 4:
Relays Coordinates:
24.9983, 107.163
278.601, 191.413
187.764, 92.3703
51.3142, 226.961
Evaluation Time: 1.30039 seconds
Resulting Fitness: 0.675
Current global best fitness: 0.9
Current global best relays: 64.9377, 108.358
219.075, 106.001
173.576, 223.681
40.8614, 236.523
Particle 1 new velocities: 59.8751, -8.78117
-21.8627, 25.6321
-0.53108, 2.23729
3.64797, 85.9452
Particle 2 new velocities: 17.5374, 11.3988
-5.89181, -18.7138
1.29261, 28.3085
-44.6878, 72.6898
Particle 3 new velocities: -186.511, 63.9181
-118.503, 16.5359
0.582827, -27.5596
15.6877, -235.85
Particle 4 new velocities: -1.64851, 2.18047
-145.893, -138.775
-9.9728, -29.7593
-30.5119, -63.383
-- ITERATION 30 --
-------------
Particle: 1:
Relays Coordinates:
138.385, 100.743
130.433, 121.821
173.289, 237.004
66.845, 240.744
Evaluation Time: 1.60363 seconds
Resulting Fitness: 0.191667
-------------
Particle: 2:
Relays Coordinates:
73.7736, 201.543
199.071, 94.8944
172.974, 228.518
18.7383, 243.588
Evaluation Time: 0.734049 seconds
Resulting Fitness: 0.141667
-------------
Particle: 3:
Relays Coordinates:
5.92798, 182.815
185.938, 116.409
174.06, 215.959
82.984, 0.971279
Evaluation Time: 1.3296 seconds
Resulting Fitness: 0.766667
-------------
Particle: 4:
Relays Coordinates:
23.3498, 109.344
132.708, 52.6373
177.791, 62.6109
20.8024, 163.578
Evaluation Time: 1.12262 seconds
Resulting Fitness: 0.666667
Current global best fitness: 0.9
Current global best relays: 64.9377, 108.358
219.075, 106.001
173.576, 223.681
40.8614, 236.523
Particle 1 new velocities: 118.392, -0.615315
-19.4682, -4.25367
0.249304, -54.7279
-0.682862, -25.9659
Particle 2 new velocities: -2.21203, -89.1456
25.7529, -0.0295556
1.57099, 17.7516
20.3872, 52.6061
Particle 3 new velocities: -102.435, -75.3332
-35.4375, 30.9211
-1.79141, -39.1551
-43.6924, 198.075
Particle 4 new velocities: 59.1874, -0.302371
-49.338, 99.2765
-3.25396, 97.6197
-9.4027, -20.739
-- ITERATION 31 --
-------------
Particle: 1:
Relays Coordinates:
256.777, 100.128
110.965, 117.567
173.539, 182.276
66.1621, 214.778
Evaluation Time: 1.35154 seconds
Resulting Fitness: 0.545833
-------------
Particle: 2:
Relays Coordinates:
71.5616, 112.398
224.824, 94.8648
174.545, 246.27
39.1256, 296.194
Evaluation Time: 1.2003 seconds
Resulting Fitness: 0.754167
-------------
Particle: 3:
Relays Coordinates:
0, 107.482
150.501, 147.33
172.268, 176.804
39.2916, 199.046
Evaluation Time: 1.42475 seconds
Resulting Fitness: 0.795833
-------------
Particle: 4:
Relays Coordinates:
82.5371, 109.041
83.3705, 151.914
174.537, 160.231
11.3997, 142.839
Evaluation Time: 1.00257 seconds
Resulting Fitness: 0.683333
Current global best fitness: 0.9
Current global best relays: 64.9377, 108.358
219.075, 106.001
173.576, 223.681
40.8614, 236.523
Particle 1 new velocities: 15.3579, 26.5993
154.941, -12.1315
0.329451, -22.695
-6.89942, -87.4248
Particle 2 new velocities: -11.4549, -77.447
17.0618, 27.6678
-0.179799, -0.22059
18.0565, -34.632
Particle 3 new velocities: 102.815, -56.2474
56.6606, -15.4722
-0.0894651, 34.2757
-17.9168, 96.2405
Particle 4 new velocities: 28.749, -1.67072
62.0195, 54.2037
14.9245, 8.3244
41.3448, -25.3812
-- ITERATION 32 --
-------------
Particle: 1:
Relays Coordinates:
272.135, 126.727
265.906, 105.436
173.868, 159.581
59.2627, 127.353
Evaluation Time: 1.12344 seconds
Resulting Fitness: 0.8125
-------------
Particle: 2:
Relays Coordinates:
60.1066, 34.9507
241.886, 122.533
174.365, 246.049
57.1821, 261.562
Evaluation Time: 0.723586 seconds
Resulting Fitness: 0.325
-------------
Particle: 3:
Relays Coordinates:
102.815, 51.2345
207.161, 131.858
172.179, 211.08
21.3748, 295.287
Evaluation Time: 1.23301 seconds
Resulting Fitness: 0.9
New local best!
-------------
Particle: 4:
Relays Coordinates:
111.286, 107.371
145.39, 206.118
189.461, 168.555
52.7444, 117.458
Evaluation Time: 1.15815 seconds
Resulting Fitness: 0.7625
Current global best fitness: 0.9
Current global best relays: 64.9377, 108.358
219.075, 106.001
173.576, 223.681
40.8614, 236.523
Particle 1 new velocities: -294.949, 14.0328
-21.9095, -2.94178
-0.0439175, 111.63
36.764, -52.4757
Particle 2 new velocities: -6.36282, 10.8377
-3.95984, -15.5998
-1.53363, -27.2304
-33.6485, -48.5197
Particle 3 new velocities: 79.4442, -35.5901
59.7564, -16.5861
0.182266, 42.9279
9.27461, 3.31689
Particle 4 new velocities: -6.19821, 0.70669
181.525, 28.2072
13.5885, -56.7483
33.9992, 83.992
-- ITERATION 33 --
-------------
Particle: 1:
Relays Coordinates:
0, 140.76
243.996, 102.494
173.824, 271.211
96.0267, 74.8778
Evaluation Time: 1.19348 seconds
Resulting Fitness: 0.725
-------------
Particle: 2:
Relays Coordinates:
53.7438, 45.7885
237.926, 106.933
172.831, 218.819
23.5336, 213.042
Evaluation Time: 1.26562 seconds
Resulting Fitness: 0.354167
-------------
Particle: 3:
Relays Coordinates:
182.26, 15.6444
266.918, 115.272
172.361, 254.008
30.6494, 298.604
Evaluation Time: 1.26896 seconds
Resulting Fitness: 0.120833
-------------
Particle: 4:
Relays Coordinates:
105.088, 108.077
326.915, 234.325
203.05, 111.807
86.7437, 201.45
Evaluation Time: 1.1634 seconds
Resulting Fitness: 0.879167
New local best!
Current global best fitness: 0.9
Current global best relays: 64.9377, 108.358
219.075, 106.001
173.576, 223.681
40.8614, 236.523
Particle 1 new velocities: 174.805, -20.9455
-63.4202, 0.386161
-0.479311, -47.7147
36.9071, 89.6298
Particle 2 new velocities: 17.2041, 187.438
-36.7518, -13.0317
-0.489966, -17.9472
-8.11401, -9.70683
Particle 3 new velocities: -226.794, 120.374
17.459, -13.798
1.8355, -22.6126
16.3196, -42.2686
Particle 4 new velocities: -74.4918, 0.592601
76.4932, -178.591
-28.7473, -40.0123
26.2251, 81.7621
-- ITERATION 34 --
-------------
Particle: 1:
Relays Coordinates:
174.805, 119.815
180.576, 102.88
173.345, 223.497
132.934, 164.508
Evaluation Time: 0.634261 seconds
Resulting Fitness: 0.129167
-------------
Particle: 2:
Relays Coordinates:
70.948, 233.226
201.174, 93.901
172.341, 200.872
15.4196, 203.336
Evaluation Time: 0.712673 seconds
Resulting Fitness: 0.125
-------------
Particle: 3:
Relays Coordinates:
0, 136.019
284.377, 101.474
174.197, 231.395
46.969, 256.335
Evaluation Time: 1.21697 seconds
Resulting Fitness: 0.816667
-------------
Particle: 4:
Relays Coordinates:
30.5961, 108.67
350, 55.7338
174.302, 71.7945
112.969, 283.212
Evaluation Time: 1.00571 seconds
Resulting Fitness: 0.570833
Current global best fitness: 0.9
Current global best relays: 64.9377, 108.358
219.075, 106.001
173.576, 223.681
40.8614, 236.523
Particle 1 new velocities: 57.525, -26.1511
-53.0138, 2.10803
-0.115049, -43.3478
-141.973, 116.05
Particle 2 new velocities: -1.4156, -185.205
-13.9491, 9.65853
2.34394, 20.2131
1.06416, 11.7109
Particle 3 new velocities: 77.1119, -23.1374
-26.3701, 24.4801
-1.23452, -41.5702
2.21226, -4.15248
Particle 4 new velocities: 55.3198, 0.0871925
-192.558, 58.8893
-4.87023, 48.3321
-93.5728, -3.63587
-- ITERATION 35 --
-------------
Particle: 1:
Relays Coordinates:
232.33, 93.6635
127.562, 104.988
173.23, 180.149
0, 280.558
Evaluation Time: 1.17034 seconds
Resulting Fitness: 0.35
-------------
Particle: 2:
Relays Coordinates:
69.5323, 48.0218
187.225, 103.56
174.685, 221.085
16.4837, 215.047
Evaluation Time: 1.297 seconds
Resulting Fitness: 0.875
-------------
Particle: 3:
Relays Coordinates:
77.1119, 112.881
258.006, 125.954
172.962, 189.825
49.1813, 252.183
Evaluation Time: 1.19494 seconds
Resulting Fitness: 0.954167
New local best!
New global best!
-------------
Particle: 4:
Relays Coordinates:
85.9159, 108.757
157.442, 114.623
169.432, 120.127
19.396, 279.576
Evaluation Time: 1.06991 seconds
Resulting Fitness: 0.641667
Current global best fitness: 0.954167
Current global best relays: 77.1119, 112.881
258.006, 125.954
172.962, 189.825
49.1813, 252.183
Particle 1 new velocities: -36.1258, 17.7176
-59.8139, 17.7769
-0.00794583, -13.6391
39.9755, -105.021
Particle 2 new velocities: 0.593735, -2.36992
120.234, 16.8086
-1.26491, 14.113
52.5073, 74.5456
Particle 3 new velocities: 61.6895, -18.5099
-21.0961, 19.5841
-0.987617, -33.2561
1.76981, -3.32198
Particle 4 new velocities: 60.4078, 3.52509
61.3908, 191.648
12.5919, 41.0249
-22.7054, -120.111
-- ITERATION 36 --
-------------
Particle: 1:
Relays Coordinates:
196.204, 111.381
67.7483, 122.765
173.222, 166.51
39.9755, 175.537
Evaluation Time: 1.17017 seconds
Resulting Fitness: 0.845833
-------------
Particle: 2:
Relays Coordinates:
70.1261, 45.6518
307.459, 120.368
173.42, 235.198
68.991, 289.592
Evaluation Time: 0.770268 seconds
Resulting Fitness: 0.320833
-------------
Particle: 3:
Relays Coordinates:
138.801, 94.3715
236.91, 145.538
171.975, 156.569
50.9511, 248.861
Evaluation Time: 1.32195 seconds
Resulting Fitness: 0.2375
-------------
Particle: 4:
Relays Coordinates:
146.324, 112.282
218.833, 306.271
182.024, 161.151
0, 159.465
Evaluation Time: 1.32159 seconds
Resulting Fitness: 0.5875
Current global best fitness: 0.954167
Current global best relays: 77.1119, 112.881
258.006, 125.954
172.962, 189.825
49.1813, 252.183
Particle 1 new velocities: -226.24, 19.7493
180.905, 17.1019
0.209065, 32.5058
65.312, -70.4886
Particle 2 new velocities: 8.84432, 133.147
13.5912, 0.926014
-1.02993, 6.65375
1.91091, -24.4522
Particle 3 new velocities: -66.1828, 27.6686
33.7411, -7.95315
1.48682, 15.2249
-0.421719, 1.0336
Particle 4 new velocities: -10.6813, 0.488622
121.17, -213.495
22.1299, 28.5635
80.6932, 10.385
-- ITERATION 37 --
-------------
Particle: 1:
Relays Coordinates:
0, 131.13
248.653, 139.867
173.431, 199.016
105.288, 105.048
Evaluation Time: 1.36717 seconds
Resulting Fitness: 0.9
New local best!
-------------
Particle: 2:
Relays Coordinates:
78.9704, 178.799
321.05, 121.294
172.39, 241.852
70.902, 265.14
Evaluation Time: 0.671745 seconds
Resulting Fitness: 0.133333
-------------
Particle: 3:
Relays Coordinates:
72.6185, 122.04
270.651, 137.585
173.461, 171.794
50.5294, 249.894
Evaluation Time: 1.25891 seconds
Resulting Fitness: 0.941667
-------------
Particle: 4:
Relays Coordinates:
135.642, 112.771
340.003, 92.7758
204.154, 189.715
80.6932, 169.85
Evaluation Time: 1.32466 seconds
Resulting Fitness: 0.120833
Current global best fitness: 0.954167
Current global best relays: 77.1119, 112.881
258.006, 125.954
172.962, 189.825
49.1813, 252.183
Particle 1 new velocities: 26.8478, -8.65017
161.486, 9.33183
0.0197154, 21.7228
25.6183, -39.7986
Particle 2 new velocities: -2.21682, -26.7046
-122.689, 0.121948
0.436243, -24.0614
-28.839, -34.5392
Particle 3 new velocities: -49.3323, 7.91093
6.22401, -14.2834
0.781981, 31.8199
-1.28847, 4.95863
Particle 4 new velocities: -20.756, -1.26754
-57.7617, -110.144
-10.1981, -23.1324
17.7936, 99.6115
-- ITERATION 38 --
-------------
Particle: 1:
Relays Coordinates:
26.8478, 122.48
350, 149.199
173.451, 220.738
130.906, 65.2494
Evaluation Time: 1.22801 seconds
Resulting Fitness: 0.679167
-------------
Particle: 2:
Relays Coordinates:
76.7536, 152.094
198.361, 121.416
172.827, 217.79
42.063, 230.601
Evaluation Time: 1.38817 seconds
Resulting Fitness: 0.2
-------------
Particle: 3:
Relays Coordinates:
23.2862, 129.951
276.875, 123.302
174.243, 203.614
49.2409, 254.853
Evaluation Time: 1.61895 seconds
Resulting Fitness: 0.975
New local best!
New global best!
-------------
Particle: 4:
Relays Coordinates:
114.886, 111.503
282.242, 0
193.956, 166.582
98.4868, 269.462
Evaluation Time: 1.36334 seconds
Resulting Fitness: 0.641667
Current global best fitness: 0.975
Current global best relays: 23.2862, 129.951
276.875, 123.302
174.243, 203.614
49.2409, 254.853
Particle 1 new velocities: -13.6063, 10.7668
-147.417, -39.0538
0.114536, -13.2646
-133.294, 225.863
Particle 2 new velocities: -33.8613, -44.4037
-31.6116, -2.13881
1.67905, -33.0073
-17.8639, -14.5276
Particle 3 new velocities: -39.4658, 6.32874
4.97921, -11.4267
0.625585, 25.456
-1.03077, 3.9669
Particle 4 new velocities: -180.533, 12.4529
-47.225, 240.491
-9.36032, -8.12092
-48.1916, 50.7232
-- ITERATION 39 --
-------------
Particle: 1:
Relays Coordinates:
13.2414, 133.247
202.583, 110.145
173.565, 207.474
0, 291.112
Evaluation Time: 1.39344 seconds
Resulting Fitness: 0.358333
-------------
Particle: 2:
Relays Coordinates:
42.8923, 107.69
166.75, 119.277
174.506, 184.783
24.1991, 216.073
Evaluation Time: 1.42866 seconds
Resulting Fitness: 0.883333
-------------
Particle: 3:
Relays Coordinates:
0, 136.28
281.855, 111.875
174.869, 229.07
48.2101, 258.82
Evaluation Time: 1.43406 seconds
Resulting Fitness: 0.883333
-------------
Particle: 4:
Relays Coordinates:
0, 123.956
235.017, 240.491
184.596, 158.462
50.2952, 320.185
Evaluation Time: 0.790385 seconds
Resulting Fitness: 0.308333
Current global best fitness: 0.975
Current global best relays: 23.2862, 129.951
276.875, 123.302
174.243, 203.614
49.2409, 254.853
Particle 1 new velocities: -9.66101, 7.03127
-0.671903, -2.06716
0.966836, -23.7086
154.594, -93.2101
Particle 2 new velocities: -16.7469, -28.5858
37.4327, -6.40718
0.578259, 13.2251
-0.240318, 27.4312
Particle 3 new velocities: 47.8517, -0.442474
0.788619, 3.7804
0.0310064, -24.4184
0.544074, -2.50696
Particle 4 new velocities: 11.9422, -0.82872
66.0541, 74.0913
-6.79392, 12.7304
-12.396, -142.256
-- ITERATION 40 --
-------------
Particle: 1:
Relays Coordinates:
3.5804, 140.278
201.911, 108.078
174.532, 183.765
154.594, 197.902
Evaluation Time: 1.53016 seconds
Resulting Fitness: 0.658333
-------------
Particle: 2:
Relays Coordinates:
26.1454, 79.1045
204.183, 112.87
175.084, 198.008
23.9588, 243.504
Evaluation Time: 1.41149 seconds
Resulting Fitness: 0.4
-------------
Particle: 3:
Relays Coordinates:
47.8517, 135.837
282.643, 115.655
174.9, 204.651
48.7542, 256.313
Evaluation Time: 1.38277 seconds
Resulting Fitness: 0.966667
-------------
Particle: 4:
Relays Coordinates:
11.9422, 123.127
301.071, 314.582
177.802, 171.192
37.8992, 177.929
Evaluation Time: 1.13681 seconds
Resulting Fitness: 0.7625
Current global best fitness: 0.975
Current global best relays: 23.2862, 129.951
276.875, 123.302
174.243, 203.614
49.2409, 254.853
Particle 1 new velocities: 6.07196, -8.82556
110.98, 41.9697
0.136742, 19.5178
-45.9467, -73.6479
Particle 2 new velocities: 7.46367, 3.96872
121.185, -5.56407
-0.79472, 19.367
53.9964, 29.0536
Particle 3 new velocities: 14.841, -6.75769
-5.543, 14.7444
-1.38419, -21.3009
1.21551, -5.8356
Particle 4 new velocities: 108.524, -6.68333
48.3957, -21.519
-3.64611, -1.90564
45.7926, -89.8152
-- ITERATION 41 --
-------------
Particle: 1:
Relays Coordinates:
9.65236, 131.453
312.891, 150.048
174.669, 203.283
108.647, 124.254
Evaluation Time: 1.39852 seconds
Resulting Fitness: 0.8875
-------------
Particle: 2:
Relays Coordinates:
33.609, 83.0732
325.368, 107.306
174.289, 217.375
77.9551, 272.558
Evaluation Time: 0.802763 seconds
Resulting Fitness: 0.345833
-------------
Particle: 3:
Relays Coordinates:
62.6927, 129.08
277.1, 130.4
173.516, 183.35
49.9697, 250.477
Evaluation Time: 1.31016 seconds
Resulting Fitness: 0.966667
-------------
Particle: 4:
Relays Coordinates:
120.467, 116.444
349.466, 293.063
174.156, 169.286
83.6918, 88.1138
Evaluation Time: 1.09996 seconds
Resulting Fitness: 0.695833
Current global best fitness: 0.975
Current global best relays: 23.2862, 129.951
276.875, 123.302
174.243, 203.614
49.2409, 254.853
Particle 1 new velocities: 21.8842, -8.53924
15.2393, -11.7184
-1.32032, 14.8267
-56.4653, 81.7415
Particle 2 new velocities: 24.4683, 62.6648
-29.0067, 6.95692
-1.07853, 13.9205
8.19935, 4.11479
Particle 3 new velocities: -94.1063, -4.02623
-4.61681, -0.739332
0.0934905, -4.58987
0.0324375, -1.42252
Particle 4 new velocities: 18.4532, 9.24817
-90.2047, -91.822
25.1633, 55.5924
39.1194, 63.0806
-- ITERATION 42 --
-------------
Particle: 1:
Relays Coordinates:
31.5365, 122.914
328.13, 138.329
173.348, 218.11
52.1816, 205.995
Evaluation Time: 1.42338 seconds
Resulting Fitness: 0.829167
-------------
Particle: 2:
Relays Coordinates:
58.0773, 145.738
296.361, 114.263
173.211, 231.296
86.1545, 276.673
Evaluation Time: 1.44082 seconds
Resulting Fitness: 0.695833
-------------
Particle: 3:
Relays Coordinates:
0, 125.053
272.483, 129.66
173.609, 178.76
50.0022, 249.055
Evaluation Time: 1.44836 seconds
Resulting Fitness: 0.958333
-------------
Particle: 4:
Relays Coordinates:
138.92, 125.692
259.262, 201.241
199.319, 224.879
122.811, 151.194
Evaluation Time: 0.650133 seconds
Resulting Fitness: 0.133333
Current global best fitness: 0.975
Current global best relays: 23.2862, 129.951
276.875, 123.302
174.243, 203.614
49.2409, 254.853
Particle 1 new velocities: -16.0494, 12.4026
-120.628, -8.90314
0.390651, 7.49485
-30.6695, 40.8762
Particle 2 new velocities: -23.8624, 20.5501
-51.3465, 9.07869
1.03234, -26.5161
-42.8266, -31.6771
Particle 3 new velocities: 34.919, 5.4395
3.31508, -17.6478
0.743337, 17.1265
-0.747706, 12.8893
Particle 4 new velocities: -138.072, -0.621541
-29.0383, -161.142
-1.20315, 10.7047
-45.4093, 229.155
-- ITERATION 43 --
-------------
Particle: 1:
Relays Coordinates:
15.4871, 135.316
207.503, 129.426
173.739, 225.604
21.5121, 246.872
Evaluation Time: 1.42317 seconds
Resulting Fitness: 0.975
New local best!
-------------
Particle: 2:
Relays Coordinates:
34.2149, 166.288
245.015, 123.342
174.243, 204.779
43.3279, 244.996
Evaluation Time: 1.53293 seconds
Resulting Fitness: 0.216667
-------------
Particle: 3:
Relays Coordinates:
34.919, 130.493
275.798, 112.013
174.353, 195.887
49.2545, 261.944
Evaluation Time: 1.36158 seconds
Resulting Fitness: 0.945833
-------------
Particle: 4:
Relays Coordinates:
0.847983, 125.071
230.223, 40.0994
198.116, 235.583
77.4019, 350
Evaluation Time: 0.838693 seconds
Resulting Fitness: 0.3
Current global best fitness: 0.975
Current global best relays: 23.2862, 129.951
276.875, 123.302
174.243, 203.614
49.2409, 254.853
Particle 1 new velocities: 1.04262, 5.441
13.3245, -14.6383
1.07637, -23.8042
-3.63756, 35.241
Particle 2 new velocities: -18.3239, -20.0591
10.9826, 6.97982
0.262613, -20.6585
-24.768, -15.2206
Particle 3 new velocities: 14.639, 3.8099
4.13796, -11.3936
0.377759, 32.4017
-0.615309, -1.84708
Particle 4 new velocities: -10.3457, -6.81891
134.703, 114.983
-0.807039, 2.91171
-53.6076, -166.279
-- ITERATION 44 --
-------------
Particle: 1:
Relays Coordinates:
16.5297, 140.757
220.827, 114.788
174.815, 201.8
17.8746, 282.113
Evaluation Time: 1.53581 seconds
Resulting Fitness: 0.5
-------------
Particle: 2:
Relays Coordinates:
15.891, 146.229
255.997, 130.322
174.506, 184.121
18.5598, 229.775
Evaluation Time: 1.39593 seconds
Resulting Fitness: 0.729167
-------------
Particle: 3:
Relays Coordinates:
49.558, 134.303
279.936, 100.619
174.73, 228.289
48.6391, 260.097
Evaluation Time: 1.36781 seconds
Resulting Fitness: 0.841667
-------------
Particle: 4:
Relays Coordinates:
0, 118.252
350, 155.082
197.309, 238.495
23.7943, 183.721
Evaluation Time: 1.1733 seconds
Resulting Fitness: 0.4625
Current global best fitness: 0.975
Current global best relays: 23.2862, 129.951
276.875, 123.302
174.243, 203.614
49.2409, 254.853
Particle 1 new velocities: 11.9716, -15.515
85.5289, 9.54111
-0.910294, -4.11763
1.13783, 3.99573
Particle 2 new velocities: 15.6636, -67.1488
22.7915, -18.7985
-0.505645, 11.2122
31.2134, 21.5592
Particle 3 new velocities: -17.8216, -5.11905
0.111115, 35.4249
-0.327133, -20.9735
0.598411, -6.76581
Particle 4 new velocities: 26.805, 1.23658
-62.7408, 121.215
-20.8978, -120.27
22.9068, -57.9179
-- ITERATION 45 --
-------------
Particle: 1:
Relays Coordinates:
28.5014, 125.242
306.356, 124.329
173.905, 197.683
19.0124, 286.108
Evaluation Time: 1.22861 seconds
Resulting Fitness: 0.633333
-------------
Particle: 2:
Relays Coordinates:
31.5546, 79.0802
278.789, 111.523
174, 195.333
49.7732, 251.334
Evaluation Time: 1.21787 seconds
Resulting Fitness: 0.2875
-------------
Particle: 3:
Relays Coordinates:
31.7364, 129.184
280.048, 136.044
174.403, 207.315
49.2376, 253.331
Evaluation Time: 1.38636 seconds
Resulting Fitness: 0.966667
-------------
Particle: 4:
Relays Coordinates:
26.805, 119.488
287.259, 276.297
176.411, 118.225
46.7011, 125.803
Evaluation Time: 1.15969 seconds
Resulting Fitness: 0.704167
Current global best fitness: 0.975
Current global best relays: 23.2862, 129.951
276.875, 123.302
174.243, 203.614
49.2409, 254.853
Particle 1 new velocities: 1.75089, -2.50842
35.4428, 9.06045
-0.506244, 35.3569
33.8959, -40.9741
Particle 2 new velocities: 40.2631, -41.4083
3.25264, -13.6485
-0.492809, 38.7624
21.29, 20.5171
Particle 3 new velocities: -31.3386, -2.59817
-3.29023, 18.093
-0.614303, -23.7195
0.485243, -3.96706
Particle 4 new velocities: 58.0288, 15.2021
-10.8178, -131.87
-13.7211, 45.8779
23.8921, 24.5238
-- ITERATION 46 --
-------------
Particle: 1:
Relays Coordinates:
30.2522, 122.734
341.799, 133.389
173.399, 233.04
52.9083, 245.134
Evaluation Time: 1.16578 seconds
Resulting Fitness: 0.795833
-------------
Particle: 2:
Relays Coordinates:
71.8177, 37.6719
282.041, 97.8746
173.507, 234.096
71.0632, 271.851
Evaluation Time: 0.727649 seconds
Resulting Fitness: 0.325
-------------
Particle: 3:
Relays Coordinates:
0.397806, 126.586
276.757, 154.137
173.789, 183.596
49.7228, 249.364
Evaluation Time: 1.47477 seconds
Resulting Fitness: 0.958333
-------------
Particle: 4:
Relays Coordinates:
84.8338, 134.691
276.441, 144.426
162.69, 164.103
70.5932, 150.326
Evaluation Time: 1.3425 seconds
Resulting Fitness: 0.6625
Current global best fitness: 0.975
Current global best relays: 23.2862, 129.951
276.875, 123.302
174.243, 203.614
49.2409, 254.853
Particle 1 new velocities: -6.21925, 19.1465
-97.8569, 2.16405
0.792024, 18.6187
20.9548, -20.7222
Particle 2 new velocities: -13.3938, 44.9906
-26.3048, 10.926
0.473843, -23.0584
-30.2475, -33.5147
Particle 3 new velocities: 16.8732, 6.86668
-2.39692, -24.9537
0.0246513, 6.78644
0.212658, 3.10043
Particle 4 new velocities: 35.8132, -3.18997
-3.24452, -34.9919
1.81019, 38.9006
13.9509, 239.443
-- ITERATION 47 --
-------------
Particle: 1:
Relays Coordinates:
24.033, 141.88
243.942, 135.553
174.191, 251.658
73.863, 224.412
Evaluation Time: 1.41435 seconds
Resulting Fitness: 0.975
-------------
Particle: 2:
Relays Coordinates:
58.4239, 82.6625
255.737, 108.801
173.981, 211.037
40.8157, 238.337
Evaluation Time: 1.35967 seconds
Resulting Fitness: 0.75
-------------
Particle: 3:
Relays Coordinates:
17.271, 133.452
274.36, 129.183
173.814, 190.382
49.9355, 252.464
Evaluation Time: 1.39383 seconds
Resulting Fitness: 0.966667
-------------
Particle: 4:
Relays Coordinates:
120.647, 131.501
273.197, 109.434
164.5, 203.003
84.5441, 350
Evaluation Time: 1.33647 seconds
Resulting Fitness: 0.129167
Current global best fitness: 0.975
Current global best relays: 23.2862, 129.951
276.875, 123.302
174.243, 203.614
49.2409, 254.853
Particle 1 new velocities: -7.09926, 2.29702
-60.6867, -10.5846
0.312856, -56.8407
-33.2042, 20.3383
Particle 2 new velocities: -44.6631, 68.0943
-47.8759, 24.6363
0.395721, -16.6497
-13.0205, -3.31525
Particle 3 new velocities: 20.8281, -1.60472
2.14775, -25.5713
0.229133, 24.8214
-1.26253, 4.62057
Particle 4 new velocities: -123.098, -5.66886
59.5532, 103.545
40.9364, -11.1792
3.40809, -112.282
-- ITERATION 48 --
-------------
Particle: 1:
Relays Coordinates:
16.9337, 144.177
183.255, 124.969
174.504, 194.817
40.6589, 244.75
Evaluation Time: 1.50424 seconds
Resulting Fitness: 0.891667
-------------
Particle: 2:
Relays Coordinates:
13.7608, 150.757
207.861, 133.437
174.377, 194.388
27.7952, 235.021
Evaluation Time: 1.51701 seconds
Resulting Fitness: 0.9
-------------
Particle: 3:
Relays Coordinates:
38.0991, 131.848
276.508, 103.612
174.043, 215.203
48.6729, 257.085
Evaluation Time: 1.37599 seconds
Resulting Fitness: 0.916667
-------------
Particle: 4:
Relays Coordinates:
0, 125.832
332.75, 212.98
205.436, 191.824
87.9522, 237.718
Evaluation Time: 1.43831 seconds
Resulting Fitness: 0.858333
Current global best fitness: 0.975
Current global best relays: 23.2862, 129.951
276.875, 123.302
174.243, 203.614
49.2409, 254.853
Particle 1 new velocities: 4.21247, -6.51329
24.8353, -6.19824
-0.440281, -6.49564
-19.638, 35.2411
Particle 2 new velocities: -12.2717, 31.5564
93.1498, -1.43226
0.0756303, 25.2772
24.3107, 29.4951
Particle 3 new velocities: -23.0181, -1.85964
2.41525, 20.9008
0.328545, 0.2945
0.058835, -1.65993
Particle 4 new velocities: 75.7487, -13.7671
38.0727, 26.2511
4.30044, -7.48754
0.829316, -104.403
-- ITERATION 49 --
-------------
Particle: 1:
Relays Coordinates:
21.1462, 137.664
208.091, 118.771
174.063, 188.322
21.0209, 279.991
Evaluation Time: 1.33763 seconds
Resulting Fitness: 0.833333
-------------
Particle: 2:
Relays Coordinates:
1.48915, 182.313
301.011, 132.005
174.452, 219.665
52.1058, 264.517
Evaluation Time: 1.59804 seconds
Resulting Fitness: 0.108333
-------------
Particle: 3:
Relays Coordinates:
15.081, 129.988
278.923, 124.513
174.371, 215.498
48.7318, 255.425
Evaluation Time: 1.57907 seconds
Resulting Fitness: 0.945833
-------------
Particle: 4:
Relays Coordinates:
75.7487, 112.065
350, 239.231
209.737, 184.337
88.7815, 133.316
Evaluation Time: 1.28948 seconds
Resulting Fitness: 0.779167
Current global best fitness: 0.975
Current global best relays: 23.2862, 129.951
276.875, 123.302
174.243, 203.614
49.2409, 254.853
Particle 1 new velocities: 3.98928, -7.55972
90.6564, 11.7336
-0.237507, 45.6074
33.3915, -2.34323
Particle 2 new velocities: 51.1892, -95.4057
53.6347, -43.7401
-0.806938, 18.4881
5.85684, 5.27576
Particle 3 new velocities: -3.34911, -1.55945
-1.5264, 13.6434
-0.0117206, -20.3569
0.720806, -2.14032
Particle 4 new velocities: 37.8345, -3.28201
-67.3091, -70.4212
-61.0528, -72.3427
-33.4863, 159.559
-------------
Particle: 1:
Relays Coordinates:
25.1355, 130.104
298.747, 130.504
173.826, 233.929
54.4124, 277.648
Evaluation Time: 1.37678 seconds
Resulting Fitness: 0.795833
-------------
Particle: 2:
Relays Coordinates:
52.6784, 86.9074
350, 88.2645
173.645, 238.153
57.9627, 269.792
Evaluation Time: 1.14408 seconds
Resulting Fitness: 0.383333
-------------
Particle: 3:
Relays Coordinates:
11.7319, 128.428
277.397, 138.156
174.36, 195.141
49.4526, 253.285
Evaluation Time: 1.37724 seconds
Resulting Fitness: 0.954167
-------------
Particle: 4:
Relays Coordinates:
113.583, 108.783
282.691, 168.81
148.684, 111.994
55.2952, 292.875
Evaluation Time: 1.28094 seconds
Resulting Fitness: 0.733333
Final Evaluation Time: 230.979 seconds
Final global best fitness: 0.975
Final global best relays:
23.2862, 129.951
276.875, 123.302
174.243, 203.614
49.2409, 254.853
