PSO EXECUTION
============================
Seed: 37283284
Particles: 4
Relays: 4
Iterations: 50
Backend: Hybrid
Network Configuration: 1
Area: 350 x 350
Sink: 0, 0
Simulated Relay range: 155
w: 0.8
c1: 1.2
c2: 1.8

Relay Nodes Positions: 
PARTICLE 1: 
275.329, 237.264
55.1603, 70.5482
174.729, 147.528
233.639, 291.97
PARTICLE 2: 
19.6462, 68.6749
295.299, 323.588
149.526, 148.279
229.343, 185.009
PARTICLE 3: 
332.506, 159.824
196.106, 180.762
171.848, 265.418
74.9968, 85.11
PARTICLE 4: 
169.317, 106.163
318.914, 282.454
23.4024, 68.9862
202.771, 239.402
Nodes Positions: 
113.001, 64.9085
181.518, 42.4974
259.72, 235.093
5.93922, 165.152
218.843, 196.614
43.8501, 154.006
342.894, 112.562
135.299, 264.825
160.705, 129.493
320.689, 29.082
66.3196, 338.242
274.557, 21.4516
145.756, 59.7172
241.415, 100.345
295.924, 11.2715
25.1297, 240.231
266.996, 301.547
78.6802, 0.0960066
33.8658, 322.513
194.589, 80.2092
35.2156, 345.646
93.5407, 277.9
228.31, 254.557
83.905, 146.848
11.8064, 282.277
309.66, 183.221
248.038, 309.633
184.06, 331.718
155.543, 206.21
326.013, 186.774
96.357, 221.721
127.426, 135.973
333.221, 48.074
299.525, 173.964
167.55, 121.328
55.7011, 89.2967
287.293, 296.992
213.183, 218.342
201.98, 72.2107
121.839, 250.472
All particles start with velocity zero
-- ITERATION 0 --
-------------
Particle: 1:
Relays Coordinates:
275.329, 237.264
55.1603, 70.5482
174.729, 147.528
233.639, 291.97
Evaluation Time: 0.0430342 seconds
Resulting Fitness: 0.871506
New local best!
New global best!
-------------
Particle: 2:
Relays Coordinates:
19.6462, 68.6749
295.299, 323.588
149.526, 148.279
229.343, 185.009
Evaluation Time: 0.035008 seconds
Resulting Fitness: 0.863893
New local best!
-------------
Particle: 3:
Relays Coordinates:
332.506, 159.824
196.106, 180.762
171.848, 265.418
74.9968, 85.11
Evaluation Time: 0.0459334 seconds
Resulting Fitness: 0.892606
New local best!
New global best!
-------------
Particle: 4:
Relays Coordinates:
169.317, 106.163
318.914, 282.454
23.4024, 68.9862
202.771, 239.402
Evaluation Time: 0.0618324 seconds
Resulting Fitness: 0.867552
New local best!
Current global best fitness: 0.892606
Current global best relays: 332.506, 159.824
196.106, 180.762
171.848, 265.418
74.9968, 85.11
Particle 1 new velocities: 3.01118, -17.7785
3.50339, 37.6086
-0.386844, 201.567
-220.293, -301.283
Particle 2 new velocities: 421.786, 3.37611
-100.592, -162.906
3.87404, 72.3651
-107.435, -83.5883
Particle 3 new velocities: 0, 0
0, 0
0, 0
0, 0
Particle 4 new velocities: 206.551, 56.49
-16.4205, -159.983
122.077, 53.3744
-69.497, -51.7835
-- ITERATION 1 --
-------------
Particle: 1:
Relays Coordinates:
278.34, 219.486
58.6637, 108.157
174.343, 349.095
13.3459, 0
Evaluation Time: 9.2122e-05 seconds
Resulting Fitness: 0
-------------
Particle: 2:
Relays Coordinates:
350, 72.051
194.707, 160.682
153.4, 220.644
121.908, 101.42
Evaluation Time: 7.2033e-05 seconds
Resulting Fitness: 0
-------------
Particle: 3:
Relays Coordinates:
332.506, 159.824
196.106, 180.762
171.848, 265.418
74.9968, 85.11
Evaluation Time: 0.0423744 seconds
Resulting Fitness: 0.892606
New local best!
New global best!
-------------
Particle: 4:
Relays Coordinates:
350, 162.653
302.494, 122.471
145.48, 122.361
133.274, 187.619
Evaluation Time: 9.4395e-05 seconds
Resulting Fitness: 0
Current global best fitness: 0.892606
Current global best relays: 332.506, 159.824
196.106, 180.762
171.848, 265.418
74.9968, 85.11
Particle 1 new velocities: 43.3019, -102.446
148.93, 67.2318
-0.12812, -87.4603
105.716, 349.139
Particle 2 new velocities: -311.646, 105.356
-58.8722, -64.1916
6.59375, -4.72629
-47.9753, -35.2438
Particle 3 new velocities: 0, 0
0, 0
0, 0
0, 0
Particle 4 new velocities: -199.493, 28.182
-32.8844, 95.7536
17.7633, 61.1671
-76.9574, -162.781
-- ITERATION 2 --
-------------
Particle: 1:
Relays Coordinates:
321.642, 117.039
207.594, 175.389
174.215, 261.635
119.062, 349.139
Evaluation Time: 0.000194474 seconds
Resulting Fitness: 0
-------------
Particle: 2:
Relays Coordinates:
38.3539, 177.407
135.835, 96.4907
159.994, 215.918
73.933, 66.1766
Evaluation Time: 0.044888 seconds
Resulting Fitness: 0.908848
New local best!
New global best!
-------------
Particle: 3:
Relays Coordinates:
332.506, 159.824
196.106, 180.762
171.848, 265.418
74.9968, 85.11
Evaluation Time: 0.0419939 seconds
Resulting Fitness: 0.892606
-------------
Particle: 4:
Relays Coordinates:
150.507, 190.835
269.609, 218.224
163.243, 183.528
56.3169, 24.8383
Evaluation Time: 0.000124249 seconds
Resulting Fitness: 0
Current global best fitness: 0.908848
Current global best relays: 38.3539, 177.407
135.835, 96.4907
159.994, 215.918
73.933, 66.1766
Particle 1 new velocities: -306.635, 13.7283
22.6337, -139.158
-13.8362, -258.951
56.9599, 13.8691
Particle 2 new velocities: -249.317, 84.2847
-47.0977, -51.3533
5.275, -3.78103
-38.3802, -28.1951
Particle 3 new velocities: -172.086, 19.2635
-34.6828, -89.0522
-9.06788, -40.7206
-0.0332166, -14.5617
Particle 4 new velocities: -193.135, -54.3246
-93.7744, -19.6732
-52.176, 31.5005
-2.26858, 62.3355
-- ITERATION 3 --
-------------
Particle: 1:
Relays Coordinates:
15.0063, 130.767
230.227, 36.2304
160.378, 2.68309
176.022, 350
Evaluation Time: 6.9649e-05 seconds
Resulting Fitness: 0
-------------
Particle: 2:
Relays Coordinates:
0, 261.691
88.7374, 45.1374
165.269, 212.136
35.5528, 37.9815
Evaluation Time: 6.9084e-05 seconds
Resulting Fitness: 0
-------------
Particle: 3:
Relays Coordinates:
160.419, 179.087
161.424, 91.7097
162.78, 224.697
74.9635, 70.5483
Evaluation Time: 0.0416421 seconds
Resulting Fitness: 0.904059
New local best!
-------------
Particle: 4:
Relays Coordinates:
0, 136.51
175.835, 198.551
111.067, 215.028
54.0483, 87.1737
Evaluation Time: 0.0444188 seconds
Resulting Fitness: 0.906468
New local best!
Current global best fitness: 0.908848
Current global best relays: 38.3539, 177.407
135.835, 96.4907
159.994, 215.918
73.933, 66.1766
Particle 1 new velocities: 75.762, 134.683
-21.7035, 12.063
-8.72848, 116.111
8.47976, -397.363
Particle 2 new velocities: 54.3758, -95.4625
-20.0202, 6.91596
-1.07623, 4.25007
12.6519, -1.01065
Particle 3 new velocities: -217.225, 15.1966
-29.842, -63.9843
-11.6655, -42.3001
-1.45447, -11.6614
Particle 4 new velocities: 60.2518, 27.712
-99.913, -67.1161
-25.6384, 26.7274
7.11886, 41.4534
-- ITERATION 4 --
-------------
Particle: 1:
Relays Coordinates:
90.7683, 265.45
208.524, 48.2933
151.65, 118.794
184.501, 0
Evaluation Time: 9.3274e-05 seconds
Resulting Fitness: 0
-------------
Particle: 2:
Relays Coordinates:
54.3758, 166.229
68.7172, 52.0534
164.193, 216.387
48.2046, 36.9708
Evaluation Time: 0.0404696 seconds
Resulting Fitness: 0.90416
-------------
Particle: 3:
Relays Coordinates:
0, 194.284
131.581, 27.7253
151.114, 182.397
73.5091, 58.8869
Evaluation Time: 0.0298942 seconds
Resulting Fitness: 0.900903
-------------
Particle: 4:
Relays Coordinates:
60.2518, 164.222
75.922, 131.435
85.4287, 241.756
61.1671, 128.627
Evaluation Time: 0.0371827 seconds
Resulting Fitness: 0.914103
New local best!
New global best!
Current global best fitness: 0.914103
Current global best relays: 60.2518, 164.222
75.922, 131.435
85.4287, 241.756
61.1671, 128.627
Particle 1 new velocities: 151.291, 15.7194
-70.2027, 130.847
-37.5128, 227.171
-135.285, 216.901
Particle 2 new velocities: 33.2534, -76.1865
60.4229, 82.4435
-61.7815, 28.1501
35.5356, 144.844
Particle 3 new velocities: 260.152, -23.8561
-42.4004, 165.558
-82.207, 20.3585
-22.8425, 124.585
Particle 4 new velocities: 48.2014, 22.1696
-79.9304, -53.6929
-20.5107, 21.3819
5.69509, 33.1628
-- ITERATION 5 --
-------------
Particle: 1:
Relays Coordinates:
242.059, 281.17
138.321, 179.141
114.137, 345.965
49.2165, 216.901
Evaluation Time: 9.6289e-05 seconds
Resulting Fitness: 0
-------------
Particle: 2:
Relays Coordinates:
87.6292, 90.0425
129.14, 134.497
102.411, 244.537
83.7402, 181.815
Evaluation Time: 0.0477534 seconds
Resulting Fitness: 0.906127
-------------
Particle: 3:
Relays Coordinates:
260.152, 170.428
89.1811, 193.284
68.9075, 202.756
50.6666, 183.472
Evaluation Time: 0.000110751 seconds
Resulting Fitness: 0
-------------
Particle: 4:
Relays Coordinates:
108.453, 186.392
0, 77.7419
64.918, 263.138
66.8622, 161.79
Evaluation Time: 0.0299458 seconds
Resulting Fitness: 0.895709
Current global best fitness: 0.914103
Current global best relays: 60.2518, 164.222
75.922, 131.435
85.4287, 241.756
61.1671, 128.627
Particle 1 new velocities: 108.309, -124.892
-193.927, 9.1753
1.68653, -169.859
-52.2509, 89.2458
Particle 2 new velocities: 26.0751, 59.46
-15.4808, 22.3948
-32.4609, 8.61253
13.4006, -75.5146
Particle 3 new velocities: -246.538, -11.8791
-3.47486, -12.143
17.994, 99.1888
3.19856, -7.81988
Particle 4 new velocities: 0.969467, -14.2869
54.7981, 73.8274
32.4575, -1.84942
-4.39435, -58.7331
-- ITERATION 6 --
-------------
Particle: 1:
Relays Coordinates:
350, 156.277
0, 188.316
115.824, 176.106
0, 306.147
Evaluation Time: 9.9978e-05 seconds
Resulting Fitness: 0
-------------
Particle: 2:
Relays Coordinates:
113.704, 149.502
113.659, 156.892
69.9502, 253.149
97.1408, 106.3
Evaluation Time: 0.0354185 seconds
Resulting Fitness: 0.920602
New local best!
New global best!
-------------
Particle: 3:
Relays Coordinates:
13.6134, 158.549
85.7063, 181.141
86.9015, 301.944
53.8651, 175.652
Evaluation Time: 9.2141e-05 seconds
Resulting Fitness: 0
-------------
Particle: 4:
Relays Coordinates:
109.423, 172.105
54.7981, 151.569
97.3755, 261.288
62.4679, 103.057
Evaluation Time: 0.0289293 seconds
Resulting Fitness: 0.895325
Current global best fitness: 0.920602
Current global best relays: 113.704, 149.502
113.659, 156.892
69.9502, 253.149
97.1408, 106.3
Particle 1 new velocities: -172.996, -15.3128
39.2913, -172.306
-0.716623, -3.72328
173.498, -179.95
Particle 2 new velocities: 20.8601, 47.568
-12.3846, 17.9159
-25.9688, 6.89002
10.7204, -60.4117
Particle 3 new velocities: 31.3019, 6.03933
103.172, -41.1162
33.5933, 20.3177
22.7384, -213.204
Particle 4 new velocities: 2.4812, -50.2364
123.141, 62.3828
-1.20245, -10.2718
-0.515225, -31.6406
-- ITERATION 7 --
-------------
Particle: 1:
Relays Coordinates:
177.004, 140.965
39.2913, 16.0106
115.107, 172.383
173.498, 126.197
Evaluation Time: 0.000112879 seconds
Resulting Fitness: 0
-------------
Particle: 2:
Relays Coordinates:
134.564, 197.07
101.275, 174.808
43.9814, 260.039
107.861, 45.8887
Evaluation Time: 0.025264 seconds
Resulting Fitness: 0.911887
-------------
Particle: 3:
Relays Coordinates:
44.9153, 164.588
188.878, 140.025
120.495, 322.262
76.6035, 0
Evaluation Time: 0.000146685 seconds
Resulting Fitness: 0
-------------
Particle: 4:
Relays Coordinates:
111.904, 121.868
177.939, 213.952
96.1731, 251.016
61.9526, 71.4163
Evaluation Time: 0.0428065 seconds
Resulting Fitness: 0.905443
Current global best fitness: 0.920602
Current global best relays: 113.704, 149.502
113.659, 156.892
69.9502, 253.149
97.1408, 106.3
Particle 1 new velocities: -143.149, 71.9062
159.352, 36.4198
-63.9091, 96.2266
23.2931, -123.21
Particle 2 new velocities: -6.99973, -4.24615
15.058, -13.6484
12.0155, 2.87312
4.13325, 32.2278
Particle 3 new velocities: 164.995, -15.9483
13.3135, -46.0255
-33.3218, -102.019
26.6548, 112.52
Particle 4 new velocities: -14.5745, -1.68349
-3.75667, 13.5915
-35.4908, -12.4185
17.9984, 0.0527001
-- ITERATION 8 --
-------------
Particle: 1:
Relays Coordinates:
33.8545, 212.871
198.644, 52.4304
51.1979, 268.61
196.791, 2.98693
Evaluation Time: 9.8566e-05 seconds
Resulting Fitness: 0
-------------
Particle: 2:
Relays Coordinates:
127.565, 192.824
116.333, 161.159
55.9969, 262.912
111.994, 78.1166
Evaluation Time: 0.0428944 seconds
Resulting Fitness: 0.928463
New local best!
New global best!
-------------
Particle: 3:
Relays Coordinates:
209.911, 148.64
202.192, 93.999
87.1731, 220.244
103.258, 112.52
Evaluation Time: 0.0408892 seconds
Resulting Fitness: 0.934243
New local best!
New global best!
-------------
Particle: 4:
Relays Coordinates:
97.3293, 120.185
174.183, 227.544
60.6822, 238.598
79.951, 71.469
Evaluation Time: 0.0506776 seconds
Resulting Fitness: 0.908066
Current global best fitness: 0.934243
Current global best relays: 209.911, 148.64
202.192, 93.999
87.1731, 220.244
103.258, 112.52
Particle 1 new velocities: 309.034, -29.1963
118.843, 111.89
89.1675, -35.6086
33.31, 173.138
Particle 2 new velocities: 71.2767, -61.8629
145.022, -50.4676
48.4636, -63.6677
0.813809, 85.6361
Particle 3 new velocities: 131.996, -12.7586
10.6508, -36.8204
-26.6574, -81.6148
21.3238, 90.0159
Particle 4 new velocities: 0.773313, 34.5324
-2.8658, -159.062
-0.957136, -22.4552
6.55432, 82.5686
-- ITERATION 9 --
-------------
Particle: 1:
Relays Coordinates:
342.889, 183.675
317.487, 164.32
140.365, 233.001
230.101, 176.125
Evaluation Time: 0.674176 seconds
Resulting Fitness: 0.129167
-------------
Particle: 2:
Relays Coordinates:
198.841, 130.961
261.355, 110.692
104.46, 199.245
112.808, 163.753
Evaluation Time: 0.708036 seconds
Resulting Fitness: 0.125
-------------
Particle: 3:
Relays Coordinates:
341.907, 135.881
212.843, 57.1786
60.5156, 138.629
124.582, 202.536
Evaluation Time: 1.32439 seconds
Resulting Fitness: 0.65
-------------
Particle: 4:
Relays Coordinates:
98.1027, 154.717
171.317, 68.4814
59.7251, 216.143
86.5053, 154.038
Evaluation Time: 1.30682 seconds
Resulting Fitness: 0.1375
Current global best fitness: 0.934243
Current global best relays: 209.911, 148.64
202.192, 93.999
87.1731, 220.244
103.258, 112.52
Particle 1 new velocities: 7.26515, -22.4532
-186.224, -27.5071
34.5867, -103.249
-24.9211, 93.8197
Particle 2 new velocities: 32.0747, 0.189894
27.4114, -38.0307
17.7095, 48.0621
-9.35496, -37.8174
Particle 3 new velocities: -250.975, 12.7345
6.537, 9.98603
19.3128, 118.52
-29.7649, 10.6519
Particle 4 new velocities: -26.436, 20.1396
-74.1978, -63.6596
55.5837, -4.24619
10.813, 17.0936
-- ITERATION 10 --
-------------
Particle: 1:
Relays Coordinates:
350, 161.221
131.263, 136.813
174.952, 129.752
205.179, 269.945
Evaluation Time: 0.000101432 seconds
Resulting Fitness: 0
-------------
Particle: 2:
Relays Coordinates:
230.916, 131.151
288.766, 72.6609
122.17, 247.307
103.453, 125.935
Evaluation Time: 7.8265e-05 seconds
Resulting Fitness: 0
-------------
Particle: 3:
Relays Coordinates:
90.9319, 148.616
219.38, 67.1646
79.8284, 257.149
94.8173, 213.188
Evaluation Time: 7.345e-05 seconds
Resulting Fitness: 0
-------------
Particle: 4:
Relays Coordinates:
71.6667, 174.857
97.1192, 4.82174
115.309, 211.896
97.3184, 171.131
Evaluation Time: 7.3406e-05 seconds
Resulting Fitness: 0
Current global best fitness: 0.934243
Current global best relays: 209.911, 148.64
202.192, 93.999
87.1731, 220.244
103.258, 112.52
Particle 1 new velocities: -87.1446, 40.9647
-99.0803, -63.9793
-70.1947, 26.3852
-135.246, -22.4995
Particle 2 new velocities: -6.16313, 68.6305
-195.715, 80.5345
-67.1947, 8.53198
2.02595, -86.8369
Particle 3 new velocities: -22.8085, 10.2372
-16.3017, 43.906
35.6066, 21.8291
-6.89125, -56.783
Particle 4 new velocities: -4.50115, 0.000552145
16.5999, 202.31
15.7366, -1.00616
-19.8423, -56.6281
-- ITERATION 11 --
-------------
Particle: 1:
Relays Coordinates:
262.855, 202.186
32.1825, 72.8337
104.757, 156.137
69.9338, 247.445
Evaluation Time: 8.0932e-05 seconds
Resulting Fitness: 0
-------------
Particle: 2:
Relays Coordinates:
224.753, 199.782
93.0509, 153.195
54.9752, 255.839
105.479, 39.0983
Evaluation Time: 0.0484013 seconds
Resulting Fitness: 0.902943
-------------
Particle: 3:
Relays Coordinates:
68.1234, 158.853
203.078, 111.071
115.435, 278.978
87.926, 156.405
Evaluation Time: 0.00018401 seconds
Resulting Fitness: 0
-------------
Particle: 4:
Relays Coordinates:
67.1656, 174.858
113.719, 207.132
131.045, 210.89
77.4761, 114.503
Evaluation Time: 0.0334044 seconds
Resulting Fitness: 0.932181
New local best!
Current global best fitness: 0.934243
Current global best relays: 209.911, 148.64
202.192, 93.999
87.1731, 220.244
103.258, 112.52
Particle 1 new velocities: -81.9197, -4.7233
64.0042, -27.8977
-41.6396, 22.6139
-5.16324, -108.924
Particle 2 new velocities: -98.4719, -18.8002
-46.784, -13.8137
-3.62087, 12.3385
8.13728, -21.031
Particle 3 new velocities: 103.604, -6.25474
-14.6396, -6.90113
-29.5824, -55.5895
21.5527, -92.0897
Particle 4 new velocities: 143.542, -4.16463
77.4326, 36.9586
-57.5267, 12.6222
-14.5278, -47.9982
-- ITERATION 12 --
-------------
Particle: 1:
Relays Coordinates:
180.936, 197.463
96.1867, 44.9361
63.1177, 178.751
64.7706, 138.521
Evaluation Time: 0.021727 seconds
Resulting Fitness: 0.906367
New local best!
-------------
Particle: 2:
Relays Coordinates:
126.281, 180.982
46.2669, 139.382
51.3544, 268.177
113.617, 18.0673
Evaluation Time: 0.0380572 seconds
Resulting Fitness: 0.902758
-------------
Particle: 3:
Relays Coordinates:
171.727, 152.598
188.438, 104.169
85.8526, 223.389
109.479, 64.315
Evaluation Time: 0.0247789 seconds
Resulting Fitness: 0.921158
-------------
Particle: 4:
Relays Coordinates:
210.707, 170.693
191.152, 244.09
73.5187, 223.513
62.9483, 66.5049
Evaluation Time: 0.000159855 seconds
Resulting Fitness: 0
Current global best fitness: 0.934243
Current global best relays: 209.911, 148.64
202.192, 93.999
87.1731, 220.244
103.258, 112.52
Particle 1 new velocities: -49.1993, -69.9002
108.351, 11.3682
-13.9851, 88.8556
48.5039, -105.346
Particle 2 new velocities: -48.1294, -56.0765
78.8646, -38.2612
4.31058, -46.4251
3.34479, 86.5397
Particle 3 new velocities: 153.399, -13.0369
17.5783, -26.3365
-22.0573, -47.8505
4.51269, 10.4122
Particle 4 new velocities: 52.0405, -22.4478
40.4757, -122.998
-18.814, 0.0731713
59.6557, 64.0913
-- ITERATION 13 --
-------------
Particle: 1:
Relays Coordinates:
131.736, 127.563
204.538, 56.3043
49.1326, 267.606
113.274, 33.175
Evaluation Time: 0.000158422 seconds
Resulting Fitness: 0
-------------
Particle: 2:
Relays Coordinates:
78.1517, 124.905
125.131, 101.12
55.6649, 221.752
116.961, 104.607
Evaluation Time: 0.0411325 seconds
Resulting Fitness: 0.916571
-------------
Particle: 3:
Relays Coordinates:
325.126, 139.561
206.017, 77.8329
63.7954, 175.538
113.991, 74.7272
Evaluation Time: 0.0402633 seconds
Resulting Fitness: 0.916607
-------------
Particle: 4:
Relays Coordinates:
262.748, 148.245
231.628, 121.092
54.7048, 223.586
122.604, 130.596
Evaluation Time: 0.000111065 seconds
Resulting Fitness: 0
Current global best fitness: 0.934243
Current global best relays: 209.911, 148.64
202.192, 93.999
87.1731, 220.244
103.258, 112.52
Particle 1 new velocities: 54.9066, -28.4669
24.0765, 69.1726
27.0723, -51.7809
17.2356, -21.1995
Particle 2 new velocities: 176.985, 57.0158
112.756, 17.7941
4.92167, -12.8795
0.460585, 55.6048
Particle 3 new velocities: -91.8441, 0.68565
11.8383, 2.60679
34.1573, 43.2669
-14.2847, 104.432
Particle 4 new velocities: -94.7971, 9.19382
-63.0726, -105.667
15.5792, -4.4646
9.87628, 15.3233
-- ITERATION 14 --
-------------
Particle: 1:
Relays Coordinates:
186.643, 99.0958
228.614, 125.477
76.2049, 215.826
130.51, 11.9756
Evaluation Time: 7.3071e-05 seconds
Resulting Fitness: 0
-------------
Particle: 2:
Relays Coordinates:
255.137, 181.921
237.888, 118.915
60.5866, 208.873
117.422, 160.212
Evaluation Time: 6.9345e-05 seconds
Resulting Fitness: 0
-------------
Particle: 3:
Relays Coordinates:
233.282, 140.247
217.855, 80.4397
97.9526, 218.805
99.7067, 179.159
Evaluation Time: 6.42e-05 seconds
Resulting Fitness: 0
-------------
Particle: 4:
Relays Coordinates:
167.951, 157.439
168.555, 15.4251
70.284, 219.121
132.48, 145.919
Evaluation Time: 7.3739e-05 seconds
Resulting Fitness: 0
Current global best fitness: 0.934243
Current global best relays: 209.911, 148.64
202.192, 93.999
87.1731, 220.244
103.258, 112.52
Particle 1 new velocities: 79.4756, 99.6449
-92.0691, 19.8365
24.0552, -78.7065
-62.0451, 165.922
Particle 2 new velocities: 126.235, 37.2892
-40.8312, 30.4581
16.0368, 19.4136
-20.4548, 15.9352
Particle 3 new velocities: -85.206, 19.0988
-19.4891, 16.0411
10.6406, 35.9125
-7.33311, -0.041186
Particle 4 new velocities: -100.631, 3.04531
-45.104, -42.7855
74.6027, -10.5155
-71.5121, -25.3994
-- ITERATION 15 --
-------------
Particle: 1:
Relays Coordinates:
266.119, 198.741
136.545, 145.313
100.26, 137.119
68.4649, 177.898
Evaluation Time: 7.7025e-05 seconds
Resulting Fitness: 0
-------------
Particle: 2:
Relays Coordinates:
350, 219.21
197.057, 149.373
76.6234, 228.286
96.9672, 176.147
Evaluation Time: 6.4756e-05 seconds
Resulting Fitness: 0
-------------
Particle: 3:
Relays Coordinates:
148.076, 159.346
198.366, 96.4808
108.593, 254.718
92.3736, 179.118
Evaluation Time: 6.9526e-05 seconds
Resulting Fitness: 0
-------------
Particle: 4:
Relays Coordinates:
67.3201, 160.484
123.451, 0
144.887, 208.606
60.9682, 120.52
Evaluation Time: 0.02741 seconds
Resulting Fitness: 0.904738
Current global best fitness: 0.934243
Current global best relays: 209.911, 148.64
202.192, 93.999
87.1731, 220.244
103.258, 112.52
Particle 1 new velocities: 0.755123, 64.0267
-9.97235, -110.906
-18.0246, 74.1984
5.26337, 111.114
Particle 2 new velocities: -213.343, -124.908
-127.332, 31.3187
-4.31128, 41.7809
-8.30956, -141.466
Particle 3 new velocities: 32.0564, 0.818215
-11.1253, 8.24007
-5.61359, -37.5685
1.1878, -161.979
Particle 4 new velocities: 12.9837, -13.9363
88.3064, 332.161
28.9566, 13.4988
-31.0337, -32.8139
-- ITERATION 16 --
-------------
Particle: 1:
Relays Coordinates:
266.874, 262.767
126.573, 34.4076
82.2355, 211.318
73.7283, 289.012
Evaluation Time: 9.0004e-05 seconds
Resulting Fitness: 0
-------------
Particle: 2:
Relays Coordinates:
136.657, 94.3017
69.7242, 180.691
72.3122, 270.067
88.6576, 34.6807
Evaluation Time: 0.0374927 seconds
Resulting Fitness: 0.892454
-------------
Particle: 3:
Relays Coordinates:
180.133, 160.164
187.241, 104.721
102.98, 217.149
93.5614, 17.1391
Evaluation Time: 0.0266595 seconds
Resulting Fitness: 0.915071
-------------
Particle: 4:
Relays Coordinates:
80.3038, 146.548
211.757, 332.161
173.843, 222.104
29.9345, 87.7061
Evaluation Time: 0.0419449 seconds
Resulting Fitness: 0.879826
Current global best fitness: 0.934243
Current global best relays: 209.911, 148.64
202.192, 93.999
87.1731, 220.244
103.258, 112.52
Particle 1 new velocities: -136.508, -112.445
64.9619, 13.6192
-29.4723, 38.907
35.2974, -256.636
Particle 2 new velocities: -75.0121, -53.0803
29.8199, -91.7577
12.9175, -34.9577
11.3938, -68.379
Particle 3 new velocities: 52.6244, -0.127385
27.8245, -19.9302
-43.4375, -25.2318
22.9632, -35.8865
Particle 4 new velocities: 181.87, 22.3785
-47.159, -53.5958
-72.2661, -2.1545
43.7014, 6.0142
-- ITERATION 17 --
-------------
Particle: 1:
Relays Coordinates:
130.366, 150.322
191.535, 48.0268
52.7632, 250.224
109.026, 32.3757
Evaluation Time: 0.313421 seconds
Resulting Fitness: 0.89816
-------------
Particle: 2:
Relays Coordinates:
61.6446, 41.2213
99.5441, 88.9336
85.2296, 235.109
100.051, 0
Evaluation Time: 0.0605487 seconds
Resulting Fitness: 0.891898
-------------
Particle: 3:
Relays Coordinates:
232.757, 160.037
215.065, 84.7906
59.5422, 191.917
116.525, 0
Evaluation Time: 0.000107142 seconds
Resulting Fitness: 0
-------------
Particle: 4:
Relays Coordinates:
262.174, 168.926
164.598, 278.565
101.577, 219.95
73.6359, 93.7203
Evaluation Time: 0.0399888 seconds
Resulting Fitness: 0.904507
Current global best fitness: 0.934243
Current global best relays: 209.911, 148.64
202.192, 93.999
87.1731, 220.244
103.258, 112.52
Particle 1 new velocities: -38.2054, -50.9544
-19.2995, 83.8063
3.47507, -26.0691
-1.66156, -69.1402
Particle 2 new velocities: 152.89, 291.779
63.8871, 10.4479
-20.2947, -17.9905
17.8772, 162.239
Particle 3 new velocities: -7.55152, -20.3644
2.19599, 1.47616
5.80163, 33.6748
-6.8081, 45.4587
Particle 4 new velocities: -59.7068, -12.9534
-34.204, -124.27
-59.6999, -10.7342
37.4754, 52.9852
-- ITERATION 18 --
-------------
Particle: 1:
Relays Coordinates:
92.1608, 99.3681
172.235, 131.833
56.2382, 224.155
107.364, 0
Evaluation Time: 0.0505749 seconds
Resulting Fitness: 0.905565
-------------
Particle: 2:
Relays Coordinates:
214.534, 333
163.431, 99.3814
64.935, 217.119
117.929, 162.239
Evaluation Time: 0.000100911 seconds
Resulting Fitness: 0
-------------
Particle: 3:
Relays Coordinates:
225.205, 139.672
217.261, 86.2668
65.3438, 225.592
109.717, 45.4587
Evaluation Time: 7.6894e-05 seconds
Resulting Fitness: 0
-------------
Particle: 4:
Relays Coordinates:
202.467, 155.973
130.394, 154.295
41.8773, 209.216
111.111, 146.705
Evaluation Time: 7.5938e-05 seconds
Resulting Fitness: 0
Current global best fitness: 0.934243
Current global best relays: 209.911, 148.64
202.192, 93.999
87.1731, 220.244
103.258, 112.52
Particle 1 new velocities: 89.884, 41.3805
-3.62206, -71.2668
31.4566, -54.4481
-31.2982, 235.316
Particle 2 new velocities: 79.1856, 88.3559
99.4893, 57.6092
-23.1273, 28.0635
-15.0391, 56.8737
Particle 3 new velocities: -33.2515, 4.65147
-5.39898, 17.48
33.7778, 19.5967
-17.8965, 134.394
Particle 4 new velocities: -138.147, -10.6589
66.7128, -95.0194
62.6841, -3.37862
4.79717, -13.037
-- ITERATION 19 --
-------------
Particle: 1:
Relays Coordinates:
182.045, 140.749
168.613, 60.5663
87.6948, 169.707
76.0659, 235.316
Evaluation Time: 1.34301 seconds
Resulting Fitness: 0.116667
-------------
Particle: 2:
Relays Coordinates:
293.72, 350
262.921, 156.991
41.8077, 245.182
102.889, 219.113
Evaluation Time: 0.66119 seconds
Resulting Fitness: 0.129167
-------------
Particle: 3:
Relays Coordinates:
191.954, 144.324
211.862, 103.747
99.1216, 245.189
91.82, 179.853
Evaluation Time: 0.666658 seconds
Resulting Fitness: 0.125
-------------
Particle: 4:
Relays Coordinates:
64.3204, 145.314
197.107, 59.2753
104.561, 205.837
115.908, 133.668
Evaluation Time: 1.30965 seconds
Resulting Fitness: 0.645833
Current global best fitness: 0.934243
Current global best relays: 209.911, 148.64
202.192, 93.999
87.1731, 220.244
103.258, 112.52
Particle 1 new velocities: 88.2638, 48.9637
-66.7351, -25.8989
1.00619, 0.869341
-5.56206, 59.6732
Particle 2 new velocities: -52.2538, -307.248
-56.9674, -12.9211
42.3115, 11.329
-2.23633, -86.944
Particle 3 new velocities: -4.64113, 3.92175
-17.4945, 3.56466
20.2239, -17.463
-1.14455, -36.7496
Particle 4 new velocities: 101.79, 18.2724
13.9521, 87.9299
22.4231, 5.02808
-21.7902, -57.8511
-- ITERATION 20 --
-------------
Particle: 1:
Relays Coordinates:
270.309, 189.712
101.878, 34.6674
88.701, 170.577
70.5039, 294.989
Evaluation Time: 0.000113218 seconds
Resulting Fitness: 0
-------------
Particle: 2:
Relays Coordinates:
241.466, 42.7518
205.953, 144.07
84.1192, 256.511
100.653, 132.169
Evaluation Time: 8.2072e-05 seconds
Resulting Fitness: 0
-------------
Particle: 3:
Relays Coordinates:
187.313, 148.246
194.368, 107.311
119.345, 227.726
90.6755, 143.104
Evaluation Time: 8.1472e-05 seconds
Resulting Fitness: 0
-------------
Particle: 4:
Relays Coordinates:
166.11, 163.587
211.059, 147.205
126.984, 210.865
94.1183, 75.8173
Evaluation Time: 0.0276623 seconds
Resulting Fitness: 0.909897
Current global best fitness: 0.934243
Current global best relays: 209.911, 148.64
202.192, 93.999
87.1731, 220.244
103.258, 112.52
Particle 1 new velocities: 58.9168, 7.1241
-27.596, 89.0365
-7.42568, 51.1353
12.7139, -87.0857
Particle 2 new velocities: -132.263, -113.265
-78.3177, -39.9366
7.5037, -36.9301
6.21376, -131.171
Particle 3 new velocities: 16.9097, 3.68003
-3.5888, -21.6128
-28.3971, -34.8749
2.39333, -99.0932
Particle 4 new velocities: 85.8689, 2.97264
-29.6454, 78.0762
-22.4765, 12.7541
-23.4022, 24.5849
-- ITERATION 21 --
-------------
Particle: 1:
Relays Coordinates:
329.225, 196.836
74.2819, 123.704
81.2753, 221.712
83.2177, 207.903
Evaluation Time: 0.000153189 seconds
Resulting Fitness: 0
-------------
Particle: 2:
Relays Coordinates:
109.203, 0
127.635, 104.133
91.6229, 219.581
106.867, 0.997576
Evaluation Time: 0.0383715 seconds
Resulting Fitness: 0.894782
-------------
Particle: 3:
Relays Coordinates:
204.223, 151.926
190.779, 85.6986
90.9484, 192.851
93.0688, 44.0104
Evaluation Time: 0.0278349 seconds
Resulting Fitness: 0.908948
-------------
Particle: 4:
Relays Coordinates:
251.979, 166.559
181.414, 225.281
104.508, 223.619
70.7161, 100.402
Evaluation Time: 0.0429966 seconds
Resulting Fitness: 0.904777
Current global best fitness: 0.934243
Current global best relays: 209.911, 148.64
202.192, 93.999
87.1731, 220.244
103.258, 112.52
Particle 1 new velocities: -94.5694, -79.4984
44.5154, -37.1509
1.42267, 7.52977
1.02395, -256.36
Particle 2 new velocities: -83.2923, 263.158
-9.57325, -31.8537
-15.363, -0.392522
4.68324, 114.926
Particle 3 new velocities: 19.1513, -0.617214
14.4519, -11.4498
-29.6575, 42.7988
10.0084, 18.0689
Particle 4 new velocities: -86.7092, -8.66508
-7.18345, -135.403
5.83898, 5.56947
39.8677, 35.7824
-- ITERATION 22 --
-------------
Particle: 1:
Relays Coordinates:
234.656, 117.338
118.797, 86.553
82.698, 229.242
84.2417, 0
Evaluation Time: 0.0444289 seconds
Resulting Fitness: 0.919506
New local best!
-------------
Particle: 2:
Relays Coordinates:
25.9107, 263.158
118.062, 72.2793
76.2599, 219.189
111.55, 115.923
Evaluation Time: 0.0492163 seconds
Resulting Fitness: 0.918149
-------------
Particle: 3:
Relays Coordinates:
223.374, 151.308
205.231, 74.2488
61.2909, 235.65
103.077, 62.0793
Evaluation Time: 0.000208131 seconds
Resulting Fitness: 0
-------------
Particle: 4:
Relays Coordinates:
165.27, 157.894
174.23, 89.8788
110.347, 229.189
110.584, 136.185
Evaluation Time: 0.000129892 seconds
Resulting Fitness: 0
Current global best fitness: 0.934243
Current global best relays: 209.911, 148.64
202.192, 93.999
87.1731, 220.244
103.258, 112.52
Particle 1 new velocities: -114.847, -19.5917
110.44, -26.0294
2.14903, -5.68834
13.9171, 25.363
Particle 2 new velocities: 103.269, 152.964
142.951, -9.07872
-15.2135, 28.7618
-10.5316, 74.9947
Particle 3 new velocities: -4.64987, -5.74359
4.54756, 28.3655
31.8205, 1.85684
8.49246, 117.056
Particle 4 new velocities: -29.5987, -17.3316
-48.7827, -16.8823
0.0735005, -20.4038
5.35374, -7.15088
-- ITERATION 23 --
-------------
Particle: 1:
Relays Coordinates:
119.809, 97.7463
229.237, 60.5236
84.847, 223.553
98.1588, 25.363
Evaluation Time: 0.0592424 seconds
Resulting Fitness: 0.900571
-------------
Particle: 2:
Relays Coordinates:
129.18, 350
261.013, 63.2006
61.0464, 247.951
101.019, 190.918
Evaluation Time: 0.000102074 seconds
Resulting Fitness: 0
-------------
Particle: 3:
Relays Coordinates:
218.724, 145.565
209.778, 102.614
93.1115, 237.507
111.57, 179.135
Evaluation Time: 7.0146e-05 seconds
Resulting Fitness: 0
-------------
Particle: 4:
Relays Coordinates:
135.671, 140.563
125.448, 72.9965
110.42, 208.785
115.937, 129.034
Evaluation Time: 0.0613806 seconds
Resulting Fitness: 0.922985
Current global best fitness: 0.934243
Current global best relays: 209.911, 148.64
202.192, 93.999
87.1731, 220.244
103.258, 112.52
Particle 1 new velocities: 139.593, 74.8678
-65.366, 39.5757
1.90168, -3.68483
13.9543, 134.692
Particle 2 new velocities: 204.782, -394.619
-78.8955, 60.9423
8.13949, -21.7314
-7.04331, -125.886
Particle 3 new velocities: -24.5985, 0.00976902
-2.6398, 7.44246
9.97027, -5.73591
-3.71086, -76.45
Particle 4 new velocities: -68.004, -8.86637
43.0944, 175.231
-9.42289, -4.47935
-6.94649, -9.55481
-- ITERATION 24 --
-------------
Particle: 1:
Relays Coordinates:
259.402, 172.614
163.871, 100.099
86.7487, 219.868
112.113, 160.055
Evaluation Time: 0.000311829 seconds
Resulting Fitness: 0
-------------
Particle: 2:
Relays Coordinates:
333.962, 0
182.117, 124.143
69.1858, 226.219
93.9752, 65.0323
Evaluation Time: 0.000228803 seconds
Resulting Fitness: 0
-------------
Particle: 3:
Relays Coordinates:
194.125, 145.575
207.138, 110.057
103.082, 231.771
107.859, 102.685
Evaluation Time: 0.15592 seconds
Resulting Fitness: 0.934939
New local best!
New global best!
-------------
Particle: 4:
Relays Coordinates:
67.6669, 131.696
168.542, 248.227
100.998, 204.306
108.991, 119.479
Evaluation Time: 0.106113 seconds
Resulting Fitness: 0.929701
Current global best fitness: 0.934939
Current global best relays: 194.125, 145.575
207.138, 110.057
103.082, 231.771
107.859, 102.685
Particle 1 new velocities: 7.38988, 18.2941
-40.5813, 37.5312
11.1687, 25.5917
4.71154, -100.15
Particle 2 new velocities: -123.454, 165.265
-38.2684, 34.6975
37.4271, 24.6583
18.9674, -51.9316
Particle 3 new velocities: -19.6788, 0.00781521
-2.11184, 5.95397
7.97621, -4.58873
-2.96869, -61.16
Particle 4 new velocities: 63.1139, 38.0674
-14.4724, -45.7204
2.04989, 8.20253
-39.8468, -35.51
-- ITERATION 25 --
-------------
Particle: 1:
Relays Coordinates:
266.792, 190.908
123.29, 137.63
97.9175, 245.46
116.825, 59.9049
Evaluation Time: 0.0741684 seconds
Resulting Fitness: 0.916798
-------------
Particle: 2:
Relays Coordinates:
210.508, 165.265
143.849, 158.84
106.613, 250.877
112.943, 13.1006
Evaluation Time: 0.0406376 seconds
Resulting Fitness: 0.914124
-------------
Particle: 3:
Relays Coordinates:
174.447, 145.582
205.027, 116.011
111.058, 227.182
104.89, 41.5248
Evaluation Time: 0.047979 seconds
Resulting Fitness: 0.913394
-------------
Particle: 4:
Relays Coordinates:
130.781, 169.764
154.07, 202.507
103.047, 212.508
69.1442, 83.969
Evaluation Time: 0.0424626 seconds
Resulting Fitness: 0.907902
Current global best fitness: 0.934939
Current global best relays: 194.125, 145.575
207.138, 110.057
103.082, 231.771
107.859, 102.685
Particle 1 new velocities: -115.356, -52.283
-16.3562, 11.3809
-2.46595, -4.90937
-22.6716, -84.4872
Particle 2 new velocities: -164.573, 124.466
-37.9334, -58.6244
-2.81323, 11.9035
12.3583, 113.006
Particle 3 new velocities: 15.349, -0.00430697
-0.212477, -3.54955
-9.71888, 0.409856
1.93226, 86.5702
Particle 4 new velocities: 116.77, 13.2646
-4.51064, -170.36
8.43725, 12.7084
-7.5211, 26.2978
-- ITERATION 26 --
-------------
Particle: 1:
Relays Coordinates:
151.436, 138.625
106.934, 149.011
95.4515, 240.551
94.1531, 0
Evaluation Time: 0.0411012 seconds
Resulting Fitness: 0.902034
-------------
Particle: 2:
Relays Coordinates:
45.9353, 289.731
105.916, 100.216
103.8, 262.781
125.301, 126.107
Evaluation Time: 0.0296102 seconds
Resulting Fitness: 0.922954
-------------
Particle: 3:
Relays Coordinates:
189.796, 145.578
204.814, 112.461
101.339, 227.592
106.822, 128.095
Evaluation Time: 0.00011839 seconds
Resulting Fitness: 0
-------------
Particle: 4:
Relays Coordinates:
247.551, 183.028
149.559, 32.1472
111.485, 225.216
61.6231, 110.267
Evaluation Time: 0.0468713 seconds
Resulting Fitness: 0.903931
Current global best fitness: 0.934939
Current global best relays: 194.125, 145.575
207.138, 110.057
103.082, 231.771
107.859, 102.685
Particle 1 new velocities: -45.4805, -41.1548
-5.33972, -64.6475
1.06688, -20.7274
-12.8561, 74.375
Particle 2 new velocities: 96.9221, -29.3679
146.903, 4.09772
-12.7974, -24.289
-6.16633, 51.5613
Particle 3 new velocities: 21.2007, -0.00655594
4.13111, -4.94442
-3.50009, 4.57366
3.72134, 12.7073
Particle 4 new velocities: -6.00997, -41.927
-18.4048, -9.89498
16.3557, 14.5193
80.7378, 25.2991
-- ITERATION 27 --
-------------
Particle: 1:
Relays Coordinates:
105.956, 97.4703
101.594, 84.3638
96.5184, 219.823
81.297, 74.375
Evaluation Time: 0.0485142 seconds
Resulting Fitness: 0.898154
-------------
Particle: 2:
Relays Coordinates:
142.857, 260.363
252.818, 104.314
91.0023, 238.492
119.135, 177.668
Evaluation Time: 0.000134261 seconds
Resulting Fitness: 0
-------------
Particle: 3:
Relays Coordinates:
210.996, 145.572
208.945, 107.517
97.839, 232.165
110.544, 140.802
Evaluation Time: 7.6186e-05 seconds
Resulting Fitness: 0
-------------
Particle: 4:
Relays Coordinates:
241.541, 141.101
131.154, 22.2522
127.84, 239.736
142.361, 135.566
Evaluation Time: 0.0320365 seconds
Resulting Fitness: 0.925662
Current global best fitness: 0.934939
Current global best relays: 194.125, 145.575
207.138, 110.057
103.082, 231.771
107.859, 102.685
Particle 1 new velocities: 263.432, 55.5574
109.951, -32.7251
-10.3655, 3.09195
33.6375, 61.3266
Particle 2 new velocities: 128.53, -156.644
-62.3708, 35.7646
0.423751, -4.02315
-9.56632, -153.027
Particle 3 new velocities: -10.1477, -0.0030953
0.501294, -3.41748
7.28224, 2.8343
-2.09994, -72.0057
Particle 4 new velocities: -105.019, -4.64105
27.2235, 205.874
13.6574, -13.6106
5.73349, -45.2128
-- ITERATION 28 --
-------------
Particle: 1:
Relays Coordinates:
350, 153.028
211.545, 51.6387
86.1529, 222.915
114.934, 135.702
Evaluation Time: 9.1394e-05 seconds
Resulting Fitness: 0
-------------
Particle: 2:
Relays Coordinates:
271.388, 103.719
190.447, 140.078
91.426, 234.469
109.568, 24.6407
Evaluation Time: 0.0294476 seconds
Resulting Fitness: 0.915021
-------------
Particle: 3:
Relays Coordinates:
200.849, 145.568
209.447, 104.099
105.121, 235
108.444, 68.7965
Evaluation Time: 0.0300398 seconds
Resulting Fitness: 0.924198
-------------
Particle: 4:
Relays Coordinates:
136.521, 136.46
158.378, 228.126
141.498, 226.125
148.094, 90.3531
Evaluation Time: 0.000146769 seconds
Resulting Fitness: 0
Current global best fitness: 0.934939
Current global best relays: 194.125, 145.575
207.138, 110.057
103.082, 231.771
107.859, 102.685
Particle 1 new velocities: -96.9454, -3.68462
-18.0533, 62.5149
-1.82124, 21.686
-13.7259, -119.512
Particle 2 new velocities: -179.043, -7.36982
-49.7461, 30.5522
-24.5742, -3.05286
-8.57865, 17.7986
Particle 3 new velocities: -21.6474, 0.0090203
-0.78261, 0.459101
2.85421, -0.555258
-1.9334, -25.45
Particle 4 new velocities: -111.406, 12.7569
-22.0486, 73.2153
-44.6346, -16.5113
-58.9385, 2.57168
-- ITERATION 29 --
-------------
Particle: 1:
Relays Coordinates:
253.055, 149.343
193.492, 114.154
84.3317, 244.601
101.209, 16.1892
Evaluation Time: 1.34288 seconds
Resulting Fitness: 0.754167
-------------
Particle: 2:
Relays Coordinates:
92.3443, 96.3489
140.701, 170.63
66.8519, 231.416
100.99, 42.4394
Evaluation Time: 1.36627 seconds
Resulting Fitness: 0.733333
-------------
Particle: 3:
Relays Coordinates:
179.201, 145.577
208.664, 104.558
107.975, 234.444
106.51, 43.3465
Evaluation Time: 1.26032 seconds
Resulting Fitness: 0.895833
-------------
Particle: 4:
Relays Coordinates:
25.1157, 149.217
136.329, 301.342
96.8631, 209.614
89.1559, 92.9248
Evaluation Time: 1.07128 seconds
Resulting Fitness: 0.7875
Current global best fitness: 0.934939
Current global best relays: 194.125, 145.575
207.138, 110.057
103.082, 231.771
107.859, 102.685
Particle 1 new velocities: -133.746, -10.4914
-30.7624, 32.2842
15.1392, 8.78275
-3.29929, -7.41494
Particle 2 new velocities: 13.6607, 35.4898
-41.5915, -81.4579
11.2977, 5.49721
4.56454, 50.3587
Particle 3 new velocities: 26.4141, -0.000128659
-2.89048, 5.25671
-5.94222, -5.18272
-0.734251, 116.011
Particle 4 new velocities: -4.2921, 9.9935
82.2932, -203.831
-29.8335, 0.27026
-50.4872, 24.9398
-- ITERATION 30 --
-------------
Particle: 1:
Relays Coordinates:
119.309, 138.852
162.729, 146.438
99.4709, 253.384
97.9092, 8.77426
Evaluation Time: 0.0414512 seconds
Resulting Fitness: 0.905278
-------------
Particle: 2:
Relays Coordinates:
106.005, 131.839
99.1097, 89.1726
78.1496, 236.913
105.554, 92.798
Evaluation Time: 0.0277508 seconds
Resulting Fitness: 0.907466
-------------
Particle: 3:
Relays Coordinates:
205.615, 145.577
205.773, 109.815
102.033, 229.262
105.776, 159.357
Evaluation Time: 0.000106267 seconds
Resulting Fitness: 0
-------------
Particle: 4:
Relays Coordinates:
20.8236, 159.211
218.623, 97.5106
67.0297, 209.884
38.6688, 117.865
Evaluation Time: 7.3589e-05 seconds
Resulting Fitness: 0
Current global best fitness: 0.934939
Current global best relays: 194.125, 145.575
207.138, 110.057
103.082, 231.771
107.859, 102.685
Particle 1 new velocities: 54.968, -8.34921
-5.71706, -57.1291
-4.21903, -38.505
-1.19044, 2.58272
Particle 2 new velocities: 165.644, 50.6738
116.586, 3.5298
15.9049, 20.065
13.7988, 38.251
Particle 3 new velocities: 16.1172, -0.00602243
-0.458734, 4.62531
-2.4386, -2.0066
3.17263, -28.806
Particle 4 new velocities: 247.781, 13.9176
54.4865, -59.8066
77.8132, 16.6658
10.8338, 6.45367
-- ITERATION 31 --
-------------
Particle: 1:
Relays Coordinates:
174.277, 130.503
157.012, 89.3087
95.2519, 214.879
96.7188, 11.357
Evaluation Time: 0.0264503 seconds
Resulting Fitness: 0.910964
-------------
Particle: 2:
Relays Coordinates:
271.649, 182.512
215.696, 92.7024
94.0545, 256.978
119.353, 131.049
Evaluation Time: 0.000139997 seconds
Resulting Fitness: 0
-------------
Particle: 3:
Relays Coordinates:
221.733, 145.571
205.315, 114.44
99.5946, 227.255
108.949, 130.551
Evaluation Time: 7.3996e-05 seconds
Resulting Fitness: 0
-------------
Particle: 4:
Relays Coordinates:
268.605, 173.128
273.109, 37.7041
144.843, 226.55
49.5026, 124.318
Evaluation Time: 0.0267114 seconds
Resulting Fitness: 0.917579
Current global best fitness: 0.934939
Current global best relays: 194.125, 145.575
207.138, 110.057
103.082, 231.771
107.859, 102.685
Particle 1 new velocities: 68.0151, -13.4802
76.0274, -36.8763
-0.357292, -14.6797
3.77404, 85.0414
Particle 2 new velocities: 5.27798, 37.5982
53.4988, 88.709
18.0903, 6.20253
2.05007, -15.2967
Particle 3 new velocities: -14.6979, -0.000247028
1.44224, -1.89063
3.21274, 6.94136
0.0729026, -84.5124
Particle 4 new velocities: 119.538, -27.8639
-30.4789, 28.7044
12.1125, -2.48183
88.5826, -0.923633
-- ITERATION 32 --
-------------
Particle: 1:
Relays Coordinates:
242.292, 117.022
233.039, 52.4324
94.8946, 200.199
100.493, 96.3984
Evaluation Time: 0.0271554 seconds
Resulting Fitness: 0.933003
New local best!
-------------
Particle: 2:
Relays Coordinates:
276.927, 220.111
269.195, 181.411
112.145, 263.181
121.403, 115.752
Evaluation Time: 8.7981e-05 seconds
Resulting Fitness: 0
-------------
Particle: 3:
Relays Coordinates:
207.035, 145.571
206.757, 112.55
102.807, 234.197
109.022, 46.0391
Evaluation Time: 0.0270548 seconds
Resulting Fitness: 0.920192
-------------
Particle: 4:
Relays Coordinates:
350, 145.264
242.63, 66.4085
156.955, 224.068
138.085, 123.395
Evaluation Time: 9.3286e-05 seconds
Resulting Fitness: 0
Current global best fitness: 0.934939
Current global best relays: 194.125, 145.575
207.138, 110.057
103.082, 231.771
107.859, 102.685
Particle 1 new velocities: -11.127, 10.2859
58.7675, -8.34687
5.59501, 33.3395
3.90014, 69.3437
Particle 2 new velocities: -56.5485, -2.24813
-49.5388, -45.1221
-53.1069, -27.4955
-33.39, -25.7507
Particle 3 new velocities: -26.0908, 0.000808347
1.9288, -2.92704
2.73548, 0.254796
-2.38225, 9.54813
Particle 4 new velocities: -104.885, 2.10007
-155.992, 30.7503
-15.6674, -11.528
21.1009, -19.2334
-- ITERATION 33 --
-------------
Particle: 1:
Relays Coordinates:
231.165, 127.308
291.807, 44.0855
100.49, 233.539
104.393, 165.742
Evaluation Time: 7.0515e-05 seconds
Resulting Fitness: 0
-------------
Particle: 2:
Relays Coordinates:
220.379, 217.863
219.656, 136.289
59.0379, 235.685
88.0131, 90.0017
Evaluation Time: 0.0340978 seconds
Resulting Fitness: 0.902871
-------------
Particle: 3:
Relays Coordinates:
180.944, 145.572
208.686, 109.623
105.543, 234.451
106.639, 55.5872
Evaluation Time: 0.0260383 seconds
Resulting Fitness: 0.915156
-------------
Particle: 4:
Relays Coordinates:
245.115, 147.364
86.6384, 97.1587
141.288, 212.54
159.186, 104.161
Evaluation Time: 0.0397753 seconds
Resulting Fitness: 0.914834
Current global best fitness: 0.934939
Current global best relays: 194.125, 145.575
207.138, 110.057
103.082, 231.771
107.859, 102.685
Particle 1 new velocities: -36.4644, 15.9784
-60.9419, 25.2374
1.15115, -12.3312
-0.236734, -21.794
Particle 2 new velocities: -119.405, -151.861
-67.8273, -44.4607
-0.307113, -6.96358
-4.20013, -7.70128
Particle 3 new velocities: 16.3461, 0.00650277
0.659287, -1.63363
-3.00938, -4.06352
1.36122, 45.8795
Particle 4 new velocities: -236.627, 33.469
-37.1146, 120.24
-67.2201, -8.58417
-63.4877, -9.73895
-- ITERATION 34 --
-------------
Particle: 1:
Relays Coordinates:
194.701, 143.287
230.865, 69.3229
101.641, 221.208
104.156, 143.948
Evaluation Time: 0.000135076 seconds
Resulting Fitness: 0
-------------
Particle: 2:
Relays Coordinates:
100.974, 66.0018
151.829, 91.8286
58.7307, 228.721
83.8129, 82.3004
Evaluation Time: 0.0323807 seconds
Resulting Fitness: 0.896974
-------------
Particle: 3:
Relays Coordinates:
197.29, 145.578
209.345, 107.989
102.533, 230.388
108.001, 101.467
Evaluation Time: 0.033941 seconds
Resulting Fitness: 0.933956
-------------
Particle: 4:
Relays Coordinates:
8.48867, 180.833
49.5238, 217.399
74.0679, 203.956
95.6984, 94.4223
Evaluation Time: 0.0413544 seconds
Resulting Fitness: 0.90845
Current global best fitness: 0.934939
Current global best relays: 194.125, 145.575
207.138, 110.057
103.082, 231.771
107.859, 102.685
Particle 1 new velocities: -7.36274, 13.9783
-55.4409, 28.0995
-0.345222, -0.512358
2.72866, -93.1956
Particle 2 new velocities: 79.7215, 135.589
-77.2367, 19.0887
43.1359, 33.7218
4.07205, 4.05777
Particle 3 new velocities: 10.1036, -0.0041662
-0.765226, 1.96547
-1.43229, -0.311915
1.01626, 38.7969
Particle 4 new velocities: 60.3038, -14.0641
219.831, -78.8205
36.7858, 7.39127
-57.1753, 5.15783
-- ITERATION 35 --
-------------
Particle: 1:
Relays Coordinates:
187.338, 157.265
175.424, 97.4224
101.295, 220.695
106.885, 50.7525
Evaluation Time: 0.0503977 seconds
Resulting Fitness: 0.916642
-------------
Particle: 2:
Relays Coordinates:
180.695, 201.59
74.5921, 110.917
101.867, 262.443
87.885, 86.3582
Evaluation Time: 0.0348297 seconds
Resulting Fitness: 0.907936
-------------
Particle: 3:
Relays Coordinates:
207.394, 145.574
208.58, 109.955
101.101, 230.076
109.017, 140.264
Evaluation Time: 0.000138091 seconds
Resulting Fitness: 0
-------------
Particle: 4:
Relays Coordinates:
68.7924, 166.769
269.355, 138.578
110.854, 211.347
38.5232, 99.5801
Evaluation Time: 9.5907e-05 seconds
Resulting Fitness: 0
Current global best fitness: 0.934939
Current global best relays: 194.125, 145.575
207.138, 110.057
103.082, 231.771
107.859, 102.685
Particle 1 new velocities: 15.8668, -22.2728
-30.2073, -1.75686
-1.8823, -16.076
1.48518, 60.5442
Particle 2 new velocities: 60.1648, 21.0126
164.359, 57.4292
10.3445, 24.0552
44.0516, 17.4439
Particle 3 new velocities: 2.43726, -0.00282844
-2.96871, 1.73437
0.90597, 2.30464
-1.66568, -24.7984
Particle 4 new velocities: 115.486, -26.8592
5.28726, 15.9145
29.1319, 8.47124
55.0814, 23.1561
-- ITERATION 36 --
-------------
Particle: 1:
Relays Coordinates:
203.205, 134.992
145.217, 95.6656
99.4132, 204.619
108.37, 111.297
Evaluation Time: 6.7469e-05 seconds
Resulting Fitness: 0
-------------
Particle: 2:
Relays Coordinates:
240.86, 222.603
238.951, 168.347
112.211, 286.498
131.937, 103.802
Evaluation Time: 7.7554e-05 seconds
Resulting Fitness: 0
-------------
Particle: 3:
Relays Coordinates:
209.831, 145.571
205.611, 111.689
102.007, 232.381
107.351, 115.465
Evaluation Time: 6.656e-05 seconds
Resulting Fitness: 0
-------------
Particle: 4:
Relays Coordinates:
184.278, 139.91
274.642, 154.493
139.986, 219.818
93.6045, 122.736
Evaluation Time: 0.0493131 seconds
Resulting Fitness: 0.926157
Current global best fitness: 0.934939
Current global best relays: 194.125, 145.575
207.138, 110.057
103.082, 231.771
107.859, 102.685
Particle 1 new velocities: 20.051, -12.5014
181.347, 11.8891
-3.83243, 7.84128
-2.71202, 36.1283
Particle 2 new velocities: -77.4955, -92.2403
59.6555, 3.73723
-53.2528, 12.4821
-3.49054, 0.625191
Particle 3 new velocities: -27.4638, 0.00509058
1.28974, -0.581075
3.20224, 1.07662
-0.805518, -34.0396
Particle 4 new velocities: 49.9028, 2.34966
-108.678, -28.2029
-35.7578, 15.6522
63.9978, -4.07674
-- ITERATION 37 --
-------------
Particle: 1:
Relays Coordinates:
223.256, 122.491
326.564, 107.555
95.5808, 212.461
105.658, 147.425
Evaluation Time: 0.00027268 seconds
Resulting Fitness: 0
-------------
Particle: 2:
Relays Coordinates:
163.364, 130.363
298.606, 172.084
58.9583, 298.981
128.446, 104.427
Evaluation Time: 0.000190929 seconds
Resulting Fitness: 0
-------------
Particle: 3:
Relays Coordinates:
182.367, 145.576
206.901, 111.108
105.209, 233.457
106.546, 81.4256
Evaluation Time: 0.0597649 seconds
Resulting Fitness: 0.928351
-------------
Particle: 4:
Relays Coordinates:
234.181, 142.26
165.965, 126.29
104.228, 235.471
157.602, 118.659
Evaluation Time: 0.000349407 seconds
Resulting Fitness: 0
Current global best fitness: 0.934939
Current global best relays: 194.125, 145.575
207.138, 110.057
103.082, 231.771
107.859, 102.685
Particle 1 new velocities: 20.1928, 15.5162
-176.127, -23.9378
-1.13897, 1.65895
-1.32639, -24.0227
Particle 2 new velocities: -78.6002, -1.16966
-155.254, -65.1823
-7.82578, -38.4476
-25.9749, -3.71342
Particle 3 new velocities: -12.5138, 0.00114304
1.42205, -1.18068
0.825107, -0.975656
0.282001, 11.1526
Particle 4 new velocities: -3.31751, 16.0734
-73.9334, -9.25246
-17.6915, -5.0983
-124.135, -20.5584
-- ITERATION 38 --
-------------
Particle: 1:
Relays Coordinates:
243.448, 138.007
150.437, 83.6169
94.4418, 214.12
104.332, 123.402
Evaluation Time: 0.000287442 seconds
Resulting Fitness: 0
-------------
Particle: 2:
Relays Coordinates:
84.7641, 129.193
143.352, 106.902
51.1325, 260.533
102.471, 100.714
Evaluation Time: 0.24192 seconds
Resulting Fitness: 0.917402
-------------
Particle: 3:
Relays Coordinates:
169.853, 145.578
208.323, 109.927
106.034, 232.481
106.828, 92.5782
Evaluation Time: 0.0922926 seconds
Resulting Fitness: 0.931239
-------------
Particle: 4:
Relays Coordinates:
230.864, 158.333
92.0311, 117.037
86.5362, 230.372
33.4676, 98.1011
Evaluation Time: 0.079047 seconds
Resulting Fitness: 0.906627
Current global best fitness: 0.934939
Current global best relays: 194.125, 145.575
207.138, 110.057
103.082, 231.771
107.859, 102.685
Particle 1 new velocities: -57.6796, -2.95566
-25.6671, 6.38863
0.789415, -4.60248
3.89387, -64.7696
Particle 2 new velocities: 18.6649, 18.5946
-97.8095, -34.1274
21.5988, -64.7492
-6.14597, -19.1491
Particle 3 new velocities: 24.6885, -0.00156904
-1.03464, -0.607324
-0.511824, -1.59114
2.39813, 20.5918
Particle 4 new velocities: -229.65, 16.9996
145.958, -5.56818
36.4775, -17.2224
12.446, -8.42949
-- ITERATION 39 --
-------------
Particle: 1:
Relays Coordinates:
185.769, 135.051
124.77, 90.0055
95.2312, 209.517
108.226, 58.6326
Evaluation Time: 1.13528 seconds
Resulting Fitness: 0.816667
-------------
Particle: 2:
Relays Coordinates:
103.429, 147.788
45.5427, 72.7741
72.7313, 195.784
96.3252, 81.5647
Evaluation Time: 0.977782 seconds
Resulting Fitness: 0.6375
-------------
Particle: 3:
Relays Coordinates:
194.542, 145.576
207.288, 109.32
105.523, 230.89
109.226, 113.17
Evaluation Time: 1.20833 seconds
Resulting Fitness: 0.75
-------------
Particle: 4:
Relays Coordinates:
1.21414, 175.333
237.989, 111.469
123.014, 213.15
45.9135, 89.6716
Evaluation Time: 1.29117 seconds
Resulting Fitness: 0.833333
Current global best fitness: 0.934939
Current global best relays: 194.125, 145.575
207.138, 110.057
103.082, 231.771
107.859, 102.685
Particle 1 new velocities: -41.9931, -14.6379
148.498, 10.0418
11.4562, 22.3486
-4.82496, 59.918
Particle 2 new velocities: 61.9545, 23.7183
12.5145, 51.3863
29.1936, 22.3121
7.73291, 1.69636
Particle 3 new velocities: 18.8952, -0.00252551
-0.92383, 0.347459
-2.24121, 0.275771
0.103333, 1.45896
Particle 4 new velocities: -124.689, -10.6645
-13.1199, 69.387
16.2862, -4.88695
144.396, 30.6302
-- ITERATION 40 --
-------------
Particle: 1:
Relays Coordinates:
143.776, 120.413
273.268, 100.047
106.687, 231.866
103.401, 118.551
Evaluation Time: 0.000104837 seconds
Resulting Fitness: 0
-------------
Particle: 2:
Relays Coordinates:
165.383, 171.506
58.0572, 124.16
101.925, 218.096
104.058, 83.2611
Evaluation Time: 0.0716758 seconds
Resulting Fitness: 0.91837
-------------
Particle: 3:
Relays Coordinates:
213.437, 145.574
206.364, 109.667
103.281, 231.166
109.329, 114.629
Evaluation Time: 0.000126618 seconds
Resulting Fitness: 0
-------------
Particle: 4:
Relays Coordinates:
0, 164.668
224.869, 180.856
139.3, 208.263
190.309, 120.302
Evaluation Time: 9.0937e-05 seconds
Resulting Fitness: 0
Current global best fitness: 0.934939
Current global best relays: 194.125, 145.575
207.138, 110.057
103.082, 231.771
107.859, 102.685
Particle 1 new velocities: 60.8427, 16.1734
20.8408, 0.503652
1.59278, 0.428932
-1.45966, 46.8377
Particle 2 new velocities: 53.3201, 9.90763
210.501, 64.9836
12.4699, 34.4182
20.1608, 17.9531
Particle 3 new velocities: -3.31096, -0.000861492
0.0894586, 0.874897
-2.22152, 1.2497
-2.2745, -30.1674
Particle 4 new velocities: 380, -19.7321
-131.685, 40.8743
-36.7367, 8.6266
-34.9494, 18.8686
-- ITERATION 41 --
-------------
Particle: 1:
Relays Coordinates:
204.618, 136.587
294.109, 100.551
108.28, 232.295
101.941, 165.388
Evaluation Time: 8.0548e-05 seconds
Resulting Fitness: 0
-------------
Particle: 2:
Relays Coordinates:
218.704, 181.413
268.558, 189.144
114.395, 252.514
124.219, 101.214
Evaluation Time: 9.0412e-05 seconds
Resulting Fitness: 0
-------------
Particle: 3:
Relays Coordinates:
210.126, 145.573
206.454, 110.542
101.06, 232.416
107.055, 84.4616
Evaluation Time: 0.043009 seconds
Resulting Fitness: 0.93256
-------------
Particle: 4:
Relays Coordinates:
350, 144.936
93.1845, 221.73
102.563, 216.89
155.36, 139.17
Evaluation Time: 0.000101518 seconds
Resulting Fitness: 0
Current global best fitness: 0.934939
Current global best relays: 194.125, 145.575
207.138, 110.057
103.082, 231.771
107.859, 102.685
Particle 1 new velocities: 47.5949, 8.65975
-80.9672, -37.8211
-14.5041, -9.57597
0.678428, -112.31
Particle 2 new velocities: -96.7995, -10.2327
-3.66936, -9.44263
-27.4329, 25.8311
2.02004, 4.06233
Particle 3 new velocities: -45.6806, 0.00236189
0.626984, -0.157367
1.55963, 0.60334
-0.782457, -10.6155
Particle 4 new velocities: -249.116, 2.52093
86.3861, -2.97358
-0.979253, 32.3057
-92.0984, -14.3278
-- ITERATION 42 --
-------------
Particle: 1:
Relays Coordinates:
252.213, 145.247
213.142, 62.7299
93.7761, 222.719
102.619, 53.0782
Evaluation Time: 8.666e-05 seconds
Resulting Fitness: 0
-------------
Particle: 2:
Relays Coordinates:
121.904, 171.181
264.889, 179.701
86.9618, 278.345
126.239, 105.277
Evaluation Time: 7.9523e-05 seconds
Resulting Fitness: 0
-------------
Particle: 3:
Relays Coordinates:
164.445, 145.575
207.081, 110.385
102.62, 233.019
106.272, 73.8461
Evaluation Time: 0.0519451 seconds
Resulting Fitness: 0.918496
-------------
Particle: 4:
Relays Coordinates:
100.884, 147.457
179.571, 218.757
101.584, 249.195
63.2614, 124.843
Evaluation Time: 0.0487459 seconds
Resulting Fitness: 0.931754
Current global best fitness: 0.934939
Current global best relays: 194.125, 145.575
207.138, 110.057
103.082, 231.771
107.859, 102.685
Particle 1 new velocities: -63.0836, -18.8332
-63.2728, -36.301
3.65021, -8.81779
5.29248, -20.3068
Particle 2 new velocities: 25.8645, -48.7261
-72.5742, -97.9812
-1.1055, -42.7991
-16.1228, -11.4392
Particle 3 new velocities: 7.96232, 0.00112008
0.593482, -1.00593
1.73499, -0.562127
0.986517, 61.276
Particle 4 new velocities: -115.661, 16.4722
82.7318, -154.041
34.3642, 1.86684
-32.2597, -49.5886
-- ITERATION 43 --
-------------
Particle: 1:
Relays Coordinates:
189.13, 126.413
149.869, 26.4288
97.4263, 213.901
107.912, 32.7713
Evaluation Time: 0.0470181 seconds
Resulting Fitness: 0.909669
-------------
Particle: 2:
Relays Coordinates:
147.769, 122.455
192.315, 81.7202
85.8563, 235.546
110.116, 93.8374
Evaluation Time: 0.0391966 seconds
Resulting Fitness: 0.92494
-------------
Particle: 3:
Relays Coordinates:
172.408, 145.576
207.674, 109.379
104.355, 232.457
107.259, 135.122
Evaluation Time: 0.000106437 seconds
Resulting Fitness: 0
-------------
Particle: 4:
Relays Coordinates:
0, 163.929
262.302, 64.7156
135.948, 251.062
31.0017, 75.254
Evaluation Time: 8.6368e-05 seconds
Resulting Fitness: 0
Current global best fitness: 0.934939
Current global best relays: 194.125, 145.575
207.138, 110.057
103.082, 231.771
107.859, 102.685
Particle 1 new velocities: 5.16505, -6.94608
86.8508, 81.1256
10.4237, 16.2988
-0.822605, 60.8812
Particle 2 new velocities: 31.2369, -5.56641
-45.8614, -75.3581
-23.1189, -36.3255
-16.4249, -1.44268
Particle 3 new velocities: 31.1931, -0.000658715
-0.264636, -0.641145
-1.13955, -2.11087
1.54922, -6.59656
Particle 4 new velocities: 211.378, 2.16492
-154.5, 32.0064
26.416, -0.423594
82.7052, 4.33288
-- ITERATION 44 --
-------------
Particle: 1:
Relays Coordinates:
194.295, 119.467
236.72, 107.554
107.85, 230.2
107.089, 93.6525
Evaluation Time: 0.0409936 seconds
Resulting Fitness: 0.932096
-------------
Particle: 2:
Relays Coordinates:
179.005, 116.888
146.453, 6.36215
62.7373, 199.221
93.6913, 92.3947
Evaluation Time: 0.0301217 seconds
Resulting Fitness: 0.90902
-------------
Particle: 3:
Relays Coordinates:
203.601, 145.575
207.41, 108.738
103.215, 230.346
108.808, 128.526
Evaluation Time: 0.000108444 seconds
Resulting Fitness: 0
-------------
Particle: 4:
Relays Coordinates:
211.378, 166.094
107.802, 96.722
162.364, 250.639
113.707, 79.5869
Evaluation Time: 0.0269378 seconds
Resulting Fitness: 0.919665
Current global best fitness: 0.934939
Current global best relays: 194.125, 145.575
207.138, 110.057
103.082, 231.771
107.859, 102.685
Particle 1 new velocities: 37.9815, 35.2914
28.7141, 25.1557
-11.1854, -4.11617
-2.13775, 54.6848
Particle 2 new velocities: 1.61869, 95.7724
30.7854, 113.444
45.6871, 15.6823
12.621, -3.37887
Particle 3 new velocities: 14.3029, -0.00220943
-0.495214, 2.07706
-1.08385, 1.01858
-0.480827, -31.3353
Particle 4 new velocities: 134.872, -16.3897
-46.6207, 115.243
-66.1538, -46.1071
41.2674, 59.6376
-- ITERATION 45 --
-------------
Particle: 1:
Relays Coordinates:
232.276, 154.759
265.434, 132.71
96.6646, 226.083
104.951, 148.337
Evaluation Time: 0.000145681 seconds
Resulting Fitness: 0
-------------
Particle: 2:
Relays Coordinates:
180.624, 212.661
177.239, 119.807
108.424, 214.903
106.312, 89.0158
Evaluation Time: 0.0344711 seconds
Resulting Fitness: 0.932243
New local best!
-------------
Particle: 3:
Relays Coordinates:
217.904, 145.573
206.915, 110.815
102.131, 231.365
108.327, 97.1902
Evaluation Time: 0.0356097 seconds
Resulting Fitness: 0.933788
-------------
Particle: 4:
Relays Coordinates:
346.25, 149.704
61.1816, 211.965
96.2104, 204.531
154.974, 139.224
Evaluation Time: 0.0001052 seconds
Resulting Fitness: 0
Current global best fitness: 0.934939
Current global best relays: 194.125, 145.575
207.138, 110.057
103.082, 231.771
107.859, 102.685
Particle 1 new velocities: -10.3926, 1.97438
-24.256, -52.3778
-4.3624, -23.5726
-2.1256, -20.1806
Particle 2 new velocities: 1.35545, 61.569
69.7291, 86.1075
35.1089, 35.6685
12.369, 19.7441
Particle 3 new velocities: -36.6236, 0.0007941
-0.157605, 1.05203
1.22965, 1.57602
-1.29222, -19.8487
Particle 4 new velocities: -234.709, -12.2535
138.215, -56.1396
-40.5992, 12.267
1.49354, 26.9776
-- ITERATION 46 --
-------------
Particle: 1:
Relays Coordinates:
221.884, 156.733
241.178, 80.3324
92.3022, 202.511
102.826, 128.157
Evaluation Time: 7.9229e-05 seconds
Resulting Fitness: 0
-------------
Particle: 2:
Relays Coordinates:
181.98, 274.23
246.968, 205.914
143.533, 250.571
118.681, 108.76
Evaluation Time: 8.6888e-05 seconds
Resulting Fitness: 0
-------------
Particle: 3:
Relays Coordinates:
181.28, 145.574
206.757, 111.867
103.361, 232.941
107.035, 77.3415
Evaluation Time: 0.0381817 seconds
Resulting Fitness: 0.926782
-------------
Particle: 4:
Relays Coordinates:
111.541, 137.451
199.397, 155.825
55.6112, 216.798
156.468, 166.202
Evaluation Time: 0.00010495 seconds
Resulting Fitness: 0
Current global best fitness: 0.934939
Current global best relays: 194.125, 145.575
207.138, 110.057
103.082, 231.771
107.859, 102.685
Particle 1 new velocities: -36.2244, -50.8396
-68.3244, -70.255
11.3401, -13.2294
-2.07, -71.052
Particle 2 new velocities: 10.4823, -23.4755
-23.0746, -30.8355
-52.5296, -21.1065
-10.9243, -7.24599
Particle 3 new velocities: -5.75936, 0.00201432
0.634289, -1.4729
0.666806, -0.245027
-0.733643, 13.09
Particle 4 new velocities: -178.681, 13.9512
103.523, -15.3539
1.96581, 22.2627
-135.441, -131.966
-- ITERATION 47 --
-------------
Particle: 1:
Relays Coordinates:
185.659, 105.894
172.853, 10.0774
103.642, 189.282
100.756, 57.1047
Evaluation Time: 0.0313292 seconds
Resulting Fitness: 0.900695
-------------
Particle: 2:
Relays Coordinates:
192.462, 250.754
223.893, 175.078
91.0037, 229.465
107.757, 101.514
Evaluation Time: 0.0318911 seconds
Resulting Fitness: 0.930371
-------------
Particle: 3:
Relays Coordinates:
175.521, 145.576
207.391, 110.394
104.028, 232.696
106.301, 90.4315
Evaluation Time: 0.0408465 seconds
Resulting Fitness: 0.932741
-------------
Particle: 4:
Relays Coordinates:
0, 151.402
302.919, 140.471
57.5771, 239.061
21.027, 34.2365
Evaluation Time: 0.000156105 seconds
Resulting Fitness: 0
Current global best fitness: 0.934939
Current global best relays: 194.125, 145.575
207.138, 110.057
103.082, 231.771
107.859, 102.685
Particle 1 new velocities: -11.5095, -10.1669
-27.4067, 43.7316
1.04657, 49.1461
-0.0653105, -1.15679
Particle 2 new velocities: 0.3105, -72.3751
-61.3405, -132.133
-9.85859, -21.6508
-9.77329, -6.92195
Particle 3 new velocities: 18.0622, -0.00142036
0.0989139, -1.49986
0.0725864, -1.5518
2.62594, 21.4521
Particle 4 new velocities: 311.227, 6.47902
-242.729, 37.7876
123.372, -7.82832
-78.7577, -35.584
-- ITERATION 48 --
-------------
Particle: 1:
Relays Coordinates:
174.15, 95.7267
145.447, 53.809
104.689, 238.428
100.691, 55.9479
Evaluation Time: 9.2594e-05 seconds
Resulting Fitness: 0
-------------
Particle: 2:
Relays Coordinates:
192.772, 178.379
162.553, 42.9458
81.1452, 207.814
97.9837, 94.5919
Evaluation Time: 0.0300233 seconds
Resulting Fitness: 0.926272
-------------
Particle: 3:
Relays Coordinates:
193.583, 145.575
207.49, 108.894
104.1, 231.144
108.927, 111.884
Evaluation Time: 9.1526e-05 seconds
Resulting Fitness: 0
-------------
Particle: 4:
Relays Coordinates:
311.227, 157.881
60.1909, 178.259
180.949, 231.233
0, 0
Evaluation Time: 6.4313e-05 seconds
Resulting Fitness: 0
Current global best fitness: 0.934939
Current global best relays: 194.125, 145.575
207.138, 110.057
103.082, 231.771
107.859, 102.685
Particle 1 new velocities: 31.8958, 13.8747
70.9762, 59.5108
-5.36614, -4.01245
8.65015, 119.909
Particle 2 new velocities: -1.91559, -61.6578
43.3058, -38.8217
20.3939, 16.5512
10.0621, 1.65019
Particle 3 new velocities: 15.9028, -0.0011591
-0.58834, 1.24224
-0.679078, -0.183564
0.0902545, -4.91202
Particle 4 new velocities: 36.5683, 11.8154
-150.74, -4.85037
27.5263, -9.78401
5.34743, 164.977
-- ITERATION 49 --
-------------
Particle: 1:
Relays Coordinates:
206.046, 109.601
216.423, 113.32
99.3227, 234.415
109.341, 175.856
Evaluation Time: 0.660558 seconds
Resulting Fitness: 0.120833
-------------
Particle: 2:
Relays Coordinates:
190.857, 116.721
205.858, 4.12407
101.539, 224.365
108.046, 96.2421
Evaluation Time: 1.17007 seconds
Resulting Fitness: 0.883333
-------------
Particle: 3:
Relays Coordinates:
209.486, 145.574
206.902, 110.136
103.421, 230.96
109.017, 106.972
Evaluation Time: 1.1935 seconds
Resulting Fitness: 0.870833
-------------
Particle: 4:
Relays Coordinates:
347.795, 169.696
0, 173.409
208.475, 221.449
5.34743, 164.977
Evaluation Time: 0.869323 seconds
Resulting Fitness: 0.2
Current global best fitness: 0.934939
Current global best relays: 194.125, 145.575
207.138, 110.057
103.082, 231.771
107.859, 102.685
Particle 1 new velocities: 22.3282, 20.0259
52.2945, -13.6672
-1.57349, -35.9465
-3.45516, 14.8269
Particle 2 new velocities: -10.4031, 78.0526
31.766, 273.689
22.9537, 6.38379
6.11314, 1.58294
Particle 3 new velocities: -15.4804, 0.00118301
-0.0709489, 0.791569
-1.27188, 1.25719
-1.46095, -10.0153
Particle 4 new velocities: -401.459, -1.14731
213.922, -32.1211
-234.306, -16.2274
116.984, -5.35071
-------------
Particle: 1:
Relays Coordinates:
228.374, 129.627
268.717, 99.6525
97.7492, 198.469
105.886, 190.683
Evaluation Time: 0.000128091 seconds
Resulting Fitness: 0
-------------
Particle: 2:
Relays Coordinates:
180.454, 194.774
237.625, 277.813
124.493, 230.749
114.159, 97.8251
Evaluation Time: 0.0391885 seconds
Resulting Fitness: 0.925545
-------------
Particle: 3:
Relays Coordinates:
194.005, 145.575
206.831, 110.928
102.149, 232.218
107.557, 96.9562
Evaluation Time: 0.0699749 seconds
Resulting Fitness: 0.93558
New local best!
New global best!
-------------
Particle: 4:
Relays Coordinates:
0, 168.549
213.922, 141.287
0, 205.221
122.332, 159.626
Evaluation Time: 9.8042e-05 seconds
Resulting Fitness: 0
Final Evaluation Time: 27.3006 seconds
Final global best fitness: 0.93558
Final global best relays:
194.005, 145.575
206.831, 110.928
102.149, 232.218
107.557, 96.9562
