PSO EXECUTION
============================
Seed: 2165300857
Particles: 4
Relays: 4
Iterations: 50
Backend: Simulation
Network Configuration: 1
Area: 350 x 350
Sink: 0, 0
Simulated Relay range: 155
w: 0.8
c1: 1.2
c2: 1.8

Relay Nodes Positions: 
PARTICLE 1: 
44.452, 40.9294
99.0396, 168.362
323.356, 251.183
179.034, 278.373
PARTICLE 2: 
239.512, 234.511
320.707, 327.191
102.24, 166.797
54.9825, 46.4207
PARTICLE 3: 
14.9905, 85.0409
207.812, 225.15
296.11, 277.303
130.589, 169.716
PARTICLE 4: 
217.231, 207.318
74.6166, 54.2412
308.826, 331.517
168.748, 170.39
Nodes Positions: 
25.9743, 276.24
303.085, 132.278
55.7114, 6.98924
0.475083, 307.803
170.739, 17.2064
176.826, 42.8851
211.296, 76.0962
311.281, 147.477
99.8609, 280.823
330.586, 93.2892
128.774, 256.497
142.373, 198.303
349.351, 116.939
225.731, 48.7259
134.836, 148.835
281.304, 239.846
28.4062, 251.206
235.308, 185.345
191.766, 103.224
78.7253, 208.305
118.414, 224.231
290.622, 296.117
42.0908, 328.841
15.3146, 342.474
315.16, 303.792
161.472, 183.32
107.252, 126.749
67.9509, 157.562
199.451, 65.3837
262.18, 52.804
238.565, 31.0538
86.668, 264.172
274.109, 215.072
89.9012, 228.709
45.1723, 111.437
264.615, 320.995
209.838, 168.761
333.269, 82.1774
156.869, 335.135
248.426, 26.2361
All particles start with velocity zero
-- ITERATION 0 --
-------------
Particle: 1:
Relays Coordinates:
44.452, 40.9294
99.0396, 168.362
323.356, 251.183
179.034, 278.373
Evaluation Time: 1.08801 seconds
Resulting Fitness: 0.716667
New local best!
New global best!
-------------
Particle: 2:
Relays Coordinates:
239.512, 234.511
320.707, 327.191
102.24, 166.797
54.9825, 46.4207
Evaluation Time: 1.10097 seconds
Resulting Fitness: 0.708333
New local best!
-------------
Particle: 3:
Relays Coordinates:
14.9905, 85.0409
207.812, 225.15
296.11, 277.303
130.589, 169.716
Evaluation Time: 1.06649 seconds
Resulting Fitness: 0.683333
New local best!
-------------
Particle: 4:
Relays Coordinates:
217.231, 207.318
74.6166, 54.2412
308.826, 331.517
168.748, 170.39
Evaluation Time: 1.12775 seconds
Resulting Fitness: 0.791667
New local best!
New global best!
Current global best fitness: 0.791667
Current global best relays: 217.231, 207.318
74.6166, 54.2412
308.826, 331.517
168.748, 170.39
Particle 1 new velocities: 19.2479, 184.327
-7.95593, -24.7255
-16.5823, 95.0836
-0.176667, -68.8265
Particle 2 new velocities: -25.6285, -2.9232
-17.5694, -370.553
77.0748, 293.574
118.423, 127.85
Particle 3 new velocities: 338.393, 89.4061
-127.769, -203.226
19.2504, 56.7874
10.6058, 0.975077
Particle 4 new velocities: 0, 0
0, 0
0, 0
0, 0
-- ITERATION 1 --
-------------
Particle: 1:
Relays Coordinates:
63.6999, 225.257
91.0837, 143.637
306.774, 346.266
178.857, 209.546
Evaluation Time: 1.09792 seconds
Resulting Fitness: 0.108333
-------------
Particle: 2:
Relays Coordinates:
213.883, 231.587
303.138, 0
179.314, 350
173.406, 174.271
Evaluation Time: 0.607514 seconds
Resulting Fitness: 0.0583333
-------------
Particle: 3:
Relays Coordinates:
350, 174.447
80.0429, 21.9232
315.36, 334.091
141.195, 170.691
Evaluation Time: 1.04914 seconds
Resulting Fitness: 0.5625
-------------
Particle: 4:
Relays Coordinates:
217.231, 207.318
74.6166, 54.2412
308.826, 331.517
168.748, 170.39
Evaluation Time: 1.19546 seconds
Resulting Fitness: 0.791667
Current global best fitness: 0.791667
Current global best relays: 217.231, 207.318
74.6166, 54.2412
308.826, 331.517
168.748, 170.39
Particle 1 new velocities: 16.327, 51.5596
-10.5303, -127.124
5.13264, 27.6368
-17.5205, -96.0365
Particle 2 new velocities: -10.9016, -27.5536
-303.906, 356.381
222.731, -227.095
19.7088, -9.54497
Particle 3 new velocities: -573.763, 43.5704
30.5674, 25.2133
1.28973, 11.347
29.9086, -0.549903
Particle 4 new velocities: 0, 0
0, 0
0, 0
0, 0
-- ITERATION 2 --
-------------
Particle: 1:
Relays Coordinates:
80.0269, 276.816
80.5534, 16.5129
311.907, 350
161.336, 113.51
Evaluation Time: 1.073 seconds
Resulting Fitness: 0.591667
-------------
Particle: 2:
Relays Coordinates:
202.982, 204.034
0, 350
350, 122.905
193.114, 164.726
Evaluation Time: 0.65656 seconds
Resulting Fitness: 0.0541667
-------------
Particle: 3:
Relays Coordinates:
0, 218.017
110.61, 47.1366
316.65, 345.438
171.104, 170.141
Evaluation Time: 1.11077 seconds
Resulting Fitness: 0.695833
New local best!
-------------
Particle: 4:
Relays Coordinates:
217.231, 207.318
74.6166, 54.2412
308.826, 331.517
168.748, 170.39
Evaluation Time: 1.20201 seconds
Resulting Fitness: 0.791667
Current global best fitness: 0.791667
Current global best relays: 217.231, 207.318
74.6166, 54.2412
308.826, 331.517
168.748, 170.39
Particle 1 new velocities: 194.797, -186.322
3.55274, 55.8354
1.33663, -78.7651
-4.02546, 68.0736
Particle 2 new velocities: 5.85386, 18.8409
185.592, -133.517
-331.064, 53.4146
-21.1199, -138.483
Particle 3 new velocities: 360.211, 29.3097
-12.5573, 22.2218
-7.34248, 4.77303
22.9195, -0.20647
Particle 4 new velocities: 0, 0
0, 0
0, 0
0, 0
-- ITERATION 3 --
-------------
Particle: 1:
Relays Coordinates:
274.824, 90.4939
84.1061, 72.3484
313.243, 271.235
157.311, 181.583
Evaluation Time: 1.15422 seconds
Resulting Fitness: 0.770833
New local best!
-------------
Particle: 2:
Relays Coordinates:
208.836, 222.875
185.592, 216.483
18.9361, 176.32
171.994, 26.2425
Evaluation Time: 1.21084 seconds
Resulting Fitness: 0.0583333
-------------
Particle: 3:
Relays Coordinates:
350, 247.327
98.0531, 69.3584
309.307, 350
194.023, 169.934
Evaluation Time: 1.11371 seconds
Resulting Fitness: 0.733333
New local best!
-------------
Particle: 4:
Relays Coordinates:
217.231, 207.318
74.6166, 54.2412
308.826, 331.517
168.748, 170.39
Evaluation Time: 1.15759 seconds
Resulting Fitness: 0.791667
Current global best fitness: 0.791667
Current global best relays: 217.231, 207.318
74.6166, 54.2412
308.826, 331.517
168.748, 170.39
Particle 1 new velocities: 60.8258, -0.281269
-6.16429, 40.0469
-4.00228, -58.1375
7.50587, 48.1016
Particle 2 new velocities: 46.5914, 11.2569
114.086, -212.662
-167.32, 261.46
-156.733, 77.4311
Particle 3 new velocities: -222.325, 21.8138
-30.912, 0.436641
-6.02305, -10.9091
-19.0182, -0.084421
Particle 4 new velocities: 0, 0
0, 0
0, 0
0, 0
-- ITERATION 4 --
-------------
Particle: 1:
Relays Coordinates:
335.65, 90.2127
77.9418, 112.395
309.241, 213.097
164.817, 229.685
Evaluation Time: 1.18849 seconds
Resulting Fitness: 0.866667
New local best!
New global best!
-------------
Particle: 2:
Relays Coordinates:
255.427, 234.132
299.678, 3.82046
0, 350
15.2616, 103.674
Evaluation Time: 0.724384 seconds
Resulting Fitness: 0.245833
-------------
Particle: 3:
Relays Coordinates:
127.675, 269.141
67.1411, 69.795
303.284, 339.091
175.005, 169.85
Evaluation Time: 1.25925 seconds
Resulting Fitness: 0.833333
New local best!
-------------
Particle: 4:
Relays Coordinates:
217.231, 207.318
74.6166, 54.2412
308.826, 331.517
168.748, 170.39
Evaluation Time: 1.19472 seconds
Resulting Fitness: 0.791667
Current global best fitness: 0.866667
Current global best relays: 335.65, 90.2127
77.9418, 112.395
309.241, 213.097
164.817, 229.685
Particle 1 new velocities: 48.6606, -0.225015
-4.93143, 32.0375
-3.20182, -46.51
6.00469, 38.4813
Particle 2 new velocities: 40.8248, -155.147
-192.975, 180.86
53.7932, -254.389
36.662, 96.5185
Particle 3 new velocities: 166.383, -127.302
-19.9671, 36.2435
-1.65749, -54.4939
-21.7458, 26.2315
Particle 4 new velocities: 82.9593, -201.469
5.69852, 42.9563
0.610509, -206.693
-1.25178, 85.3732
-- ITERATION 5 --
-------------
Particle: 1:
Relays Coordinates:
350, 89.9877
73.0104, 144.433
306.039, 166.587
170.822, 268.166
Evaluation Time: 1.23601 seconds
Resulting Fitness: 0.358333
-------------
Particle: 2:
Relays Coordinates:
296.252, 78.9843
106.703, 184.681
53.7932, 95.611
51.9236, 200.192
Evaluation Time: 0.974517 seconds
Resulting Fitness: 0.616667
-------------
Particle: 3:
Relays Coordinates:
294.058, 141.839
47.1739, 106.038
301.627, 284.597
153.259, 196.081
Evaluation Time: 1.2087 seconds
Resulting Fitness: 0.816667
-------------
Particle: 4:
Relays Coordinates:
300.19, 5.84854
80.3151, 97.1975
309.437, 124.824
167.496, 255.763
Evaluation Time: 1.04691 seconds
Resulting Fitness: 0.433333
Current global best fitness: 0.866667
Current global best relays: 335.65, 90.2127
77.9418, 112.395
309.241, 213.097
164.817, 229.685
Particle 1 new velocities: -33.3939, 0.0177656
-0.462175, -28.2668
-0.883991, 73.8216
-6.10329, -46.9285
Particle 2 new velocities: 10.8451, -101.219
-82.6241, 167.422
220.46, -1.22389
62.3139, 95.5408
Particle 3 new velocities: 148.274, -85.7248
13.1443, -1.29558
11.4888, -69.7932
2.43527, 74.4022
Particle 4 new velocities: 26.5518, 171.282
-2.84503, 11.4487
-0.188951, 3.81226
-1.15564, 33.7944
-- ITERATION 6 --
-------------
Particle: 1:
Relays Coordinates:
316.606, 90.0054
72.5482, 116.166
305.155, 240.409
164.718, 221.238
Evaluation Time: 1.1956 seconds
Resulting Fitness: 0.841667
-------------
Particle: 2:
Relays Coordinates:
307.097, 0
24.0789, 350
274.253, 94.3871
114.237, 295.733
Evaluation Time: 0.641843 seconds
Resulting Fitness: 0.0583333
-------------
Particle: 3:
Relays Coordinates:
350, 56.1142
60.3183, 104.743
313.116, 214.804
155.694, 270.484
Evaluation Time: 0.823255 seconds
Resulting Fitness: 0.408333
-------------
Particle: 4:
Relays Coordinates:
326.742, 177.131
77.4701, 108.646
309.248, 128.637
166.341, 289.557
Evaluation Time: 0.8015 seconds
Resulting Fitness: 0.441667
Current global best fitness: 0.866667
Current global best relays: 335.65, 90.2127
77.9418, 112.395
309.241, 213.097
164.817, 229.685
Particle 1 new velocities: 3.0315, 0.128012
9.27371, -33.8015
2.84161, 8.55042
-4.68935, -23.5578
Particle 2 new velocities: 28.4393, 156.464
266.517, -54.7024
125.203, 201.016
84.383, -75.9485
Particle 3 new velocities: -144.624, 116.591
47.8601, -18.2013
-1.36047, 79.6627
20.6311, -33.4952
Particle 4 new velocities: -14.4564, 39.7539
-4.27799, -5.79718
-0.281441, 138.739
-1.18476, -94.4366
-- ITERATION 7 --
-------------
Particle: 1:
Relays Coordinates:
319.638, 90.1334
81.8219, 82.3645
307.997, 248.959
160.029, 197.68
Evaluation Time: 1.18508 seconds
Resulting Fitness: 0.7875
-------------
Particle: 2:
Relays Coordinates:
335.536, 156.464
290.595, 295.298
350, 295.403
198.62, 219.784
Evaluation Time: 0.646356 seconds
Resulting Fitness: 0.0625
-------------
Particle: 3:
Relays Coordinates:
205.376, 172.705
108.178, 86.5416
311.755, 294.466
176.326, 236.988
Evaluation Time: 1.21192 seconds
Resulting Fitness: 0.879167
New local best!
New global best!
-------------
Particle: 4:
Relays Coordinates:
312.285, 216.885
73.1921, 102.849
308.966, 267.376
165.156, 195.121
Evaluation Time: 1.09657 seconds
Resulting Fitness: 0.7375
Current global best fitness: 0.879167
Current global best relays: 205.376, 172.705
108.178, 86.5416
311.755, 294.466
176.326, 236.988
Particle 1 new velocities: -6.76642, 25.2493
17.8735, 4.00811
7.39547, 44.9517
4.60859, 29.9333
Particle 2 new velocities: -145.409, 220.857
26.813, -398.777
-342.299, 121.937
-30.5587, -77.124
Particle 3 new velocities: -115.699, 93.273
38.2881, -14.561
-1.08837, 63.7301
16.5049, -26.7962
Particle 4 new velocities: -182.056, -18.1874
43.7269, -35.8708
2.42264, 144.314
3.33625, -42.8081
-- ITERATION 8 --
-------------
Particle: 1:
Relays Coordinates:
312.871, 115.383
99.6954, 86.3726
315.392, 293.911
164.638, 227.613
Evaluation Time: 1.20071 seconds
Resulting Fitness: 0.7
-------------
Particle: 2:
Relays Coordinates:
190.128, 350
317.408, 0
7.7012, 350
168.062, 142.66
Evaluation Time: 0.671546 seconds
Resulting Fitness: 0.0625
-------------
Particle: 3:
Relays Coordinates:
89.6769, 265.978
146.466, 71.9806
310.667, 350
192.83, 210.192
Evaluation Time: 1.30017 seconds
Resulting Fitness: 0.433333
-------------
Particle: 4:
Relays Coordinates:
130.23, 198.697
116.919, 66.9782
311.389, 350
168.492, 152.313
Evaluation Time: 1.14259 seconds
Resulting Fitness: 0.766667
Current global best fitness: 0.879167
Current global best relays: 205.376, 172.705
108.178, 86.5416
311.755, 294.466
176.326, 236.988
Particle 1 new velocities: -14.3296, 54.7544
-1.14539, 10.4137
-4.66805, -36.1335
17.8766, 32.5932
Particle 2 new velocities: -83.8944, -145.439
-241.058, 471.374
11.2945, -180.237
-21.8965, 14.4024
Particle 3 new velocities: 125.22, -124.594
-77.5996, 11.9056
0.630068, -99.8306
-9.02375, -1.34396
Particle 4 new velocities: 3.99791, -9.13731
8.71169, -20.1753
2.26217, -99.3151
5.76026, 36.7208
-- ITERATION 9 --
-------------
Particle: 1:
Relays Coordinates:
298.542, 170.137
98.55, 96.7863
310.724, 257.778
182.514, 260.206
Evaluation Time: 1.15255 seconds
Resulting Fitness: 0.458333
-------------
Particle: 2:
Relays Coordinates:
106.233, 204.561
76.35, 350
18.9957, 169.763
146.165, 157.063
Evaluation Time: 1.20582 seconds
Resulting Fitness: 0.0958333
-------------
Particle: 3:
Relays Coordinates:
214.896, 141.385
68.8669, 83.8862
311.297, 250.169
183.807, 208.848
Evaluation Time: 1.32673 seconds
Resulting Fitness: 0.8125
-------------
Particle: 4:
Relays Coordinates:
134.228, 189.56
125.631, 46.803
313.651, 250.685
174.253, 189.033
Evaluation Time: 1.25711 seconds
Resulting Fitness: 0.808333
New local best!
Current global best fitness: 0.879167
Current global best relays: 205.376, 172.705
108.178, 86.5416
311.755, 294.466
176.326, 236.988
Particle 1 new velocities: -125.659, 19.1206
1.91105, 15.054
-3.60706, -11.5991
-7.42738, -22.6386
Particle 2 new velocities: 61.6436, -94.7314
-7.83759, -482.865
436.212, 56.2717
-91.536, 2.03039
Particle 3 new velocities: 76.592, -38.4325
-16.9685, 11.339
0.968522, -7.62724
-20.166, 33.3313
Particle 4 new velocities: 11.4851, -34.0757
-13.7188, 54.536
0.517317, -8.68575
6.04306, 51.2404
-- ITERATION 10 --
-------------
Particle: 1:
Relays Coordinates:
172.883, 189.258
100.461, 111.84
307.117, 246.178
175.087, 237.568
Evaluation Time: 1.25336 seconds
Resulting Fitness: 0.783333
-------------
Particle: 2:
Relays Coordinates:
167.877, 109.83
68.5124, 0
350, 226.035
54.6293, 159.093
Evaluation Time: 1.14431 seconds
Resulting Fitness: 0.720833
New local best!
-------------
Particle: 3:
Relays Coordinates:
291.488, 102.952
51.8983, 95.2253
312.265, 242.542
163.641, 242.179
Evaluation Time: 1.20954 seconds
Resulting Fitness: 0.375
-------------
Particle: 4:
Relays Coordinates:
145.713, 155.484
111.912, 101.339
314.168, 241.999
180.296, 240.274
Evaluation Time: 1.32422 seconds
Resulting Fitness: 0.833333
New local best!
Current global best fitness: 0.879167
Current global best relays: 205.376, 172.705
108.178, 86.5416
311.755, 294.466
176.326, 236.988
Particle 1 new velocities: 7.24356, -99.0622
-8.89849, 5.30071
-0.205295, 16.5456
-15.7839, -19.2426
Particle 2 new velocities: 94.0577, 21.9607
-0.932583, 65.3093
-20.5747, 132.514
26.4749, 114.968
Particle 3 new velocities: -7.87207, 110.243
12.5813, -9.09261
-0.199822, 39.4978
4.59892, 15.5762
Particle 4 new velocities: 77.6929, -22.3808
-17.0791, 17.5218
-1.08286, 81.6857
-0.0166601, 38.0903
-- ITERATION 11 --
-------------
Particle: 1:
Relays Coordinates:
180.127, 90.1955
91.5626, 117.141
306.912, 262.724
159.303, 218.325
Evaluation Time: 1.21035 seconds
Resulting Fitness: 0.845833
-------------
Particle: 2:
Relays Coordinates:
261.934, 131.791
67.5798, 65.3093
329.425, 350
81.1042, 274.061
Evaluation Time: 0.796167 seconds
Resulting Fitness: 0.3625
-------------
Particle: 3:
Relays Coordinates:
283.616, 213.195
64.4796, 86.1327
312.065, 282.04
168.24, 257.756
Evaluation Time: 0.794045 seconds
Resulting Fitness: 0.383333
-------------
Particle: 4:
Relays Coordinates:
223.406, 133.103
94.8328, 118.861
313.085, 323.685
180.279, 278.364
Evaluation Time: 1.19117 seconds
Resulting Fitness: 0.825
Current global best fitness: 0.879167
Current global best relays: 205.376, 172.705
108.178, 86.5416
311.755, 294.466
176.326, 236.988
Particle 1 new velocities: 61.9152, 7.60158
11.498, -7.33709
2.86324, 29.2849
7.94576, 18.7112
Particle 2 new velocities: 18.1348, 64.6051
64.1214, 63.2852
-15.7288, -69.082
151.935, -46.0736
Particle 3 new velocities: -173.533, 16.8837
37.1699, -6.77799
-0.616936, 48.0663
15.7516, -33.0975
Particle 4 new velocities: 19.0079, 7.16308
-3.93191, 6.56223
-1.75794, -48.2502
-3.8948, 3.20057
-- ITERATION 12 --
-------------
Particle: 1:
Relays Coordinates:
242.042, 97.7971
103.061, 109.804
309.775, 292.009
167.249, 237.036
Evaluation Time: 1.17023 seconds
Resulting Fitness: 0.879167
New local best!
-------------
Particle: 2:
Relays Coordinates:
280.069, 196.396
131.701, 128.595
313.697, 280.918
233.039, 227.987
Evaluation Time: 1.22709 seconds
Resulting Fitness: 0.05
-------------
Particle: 3:
Relays Coordinates:
110.083, 230.079
101.649, 79.3547
311.449, 330.106
183.991, 224.658
Evaluation Time: 1.15391 seconds
Resulting Fitness: 0.8
-------------
Particle: 4:
Relays Coordinates:
242.414, 140.267
90.9009, 125.423
311.327, 275.435
176.384, 281.565
Evaluation Time: 1.29328 seconds
Resulting Fitness: 0.741667
Current global best fitness: 0.879167
Current global best relays: 205.376, 172.705
108.178, 86.5416
311.755, 294.466
176.326, 236.988
Particle 1 new velocities: 39.0591, 127.412
11.498, -10.5383
3.48964, 26.2381
18.9196, 14.9105
Particle 2 new velocities: -132.664, -47.8373
-21.7874, -106.504
4.22884, -83.2761
55.9055, -107.623
Particle 3 new velocities: 97.3442, -84.2743
33.8459, 14.3573
0.0685521, -21.6484
-1.60369, -20.0614
Particle 4 new velocities: -34.4488, 39.9262
25.4937, -4.32021
0.665099, -11.7372
-1.74401, -106.989
-- ITERATION 13 --
-------------
Particle: 1:
Relays Coordinates:
281.101, 225.209
114.559, 99.2656
313.265, 318.247
186.168, 251.947
Evaluation Time: 1.18929 seconds
Resulting Fitness: 0.5375
-------------
Particle: 2:
Relays Coordinates:
147.405, 148.559
109.914, 22.0909
317.925, 197.642
288.945, 120.364
Evaluation Time: 1.19034 seconds
Resulting Fitness: 0.829167
New local best!
-------------
Particle: 3:
Relays Coordinates:
207.428, 145.805
135.495, 93.712
311.517, 308.458
182.387, 204.597
Evaluation Time: 1.37699 seconds
Resulting Fitness: 0.370833
-------------
Particle: 4:
Relays Coordinates:
207.965, 180.193
116.395, 121.103
311.993, 263.697
174.64, 174.575
Evaluation Time: 1.28152 seconds
Resulting Fitness: 0.175
Current global best fitness: 0.879167
Current global best relays: 205.376, 172.705
108.178, 86.5416
311.755, 294.466
176.326, 236.988
Particle 1 new velocities: -25.2337, 66.0837
-8.36956, -16.6657
-2.51364, -18.5651
-7.49293, -24.9405
Particle 2 new velocities: -79.1401, -12.0422
-18.4946, -14.4052
-3.56, -6.65085
-26.6048, -75.5962
Particle 3 new velocities: 75.4198, -19.7268
-13.4352, -8.9985
0.296625, -41.133
-16.0694, 52.9649
Particle 4 new velocities: -88.8114, 9.03085
10.5836, -84.52
1.93695, 30.4266
2.976, -38.246
-- ITERATION 14 --
-------------
Particle: 1:
Relays Coordinates:
255.867, 291.293
106.189, 82.6
310.751, 299.682
178.675, 227.006
Evaluation Time: 1.14673 seconds
Resulting Fitness: 0.6375
-------------
Particle: 2:
Relays Coordinates:
68.2651, 136.516
91.4192, 7.68572
314.365, 190.991
262.34, 44.7681
Evaluation Time: 1.1582 seconds
Resulting Fitness: 0.575
-------------
Particle: 3:
Relays Coordinates:
282.847, 126.078
122.06, 84.7135
311.814, 267.325
166.318, 257.562
Evaluation Time: 1.23033 seconds
Resulting Fitness: 0.608333
-------------
Particle: 4:
Relays Coordinates:
119.153, 189.224
126.978, 36.5829
313.93, 294.124
177.616, 136.329
Evaluation Time: 1.14016 seconds
Resulting Fitness: 0.783333
Current global best fitness: 0.879167
Current global best relays: 205.376, 172.705
108.178, 86.5416
311.755, 294.466
176.326, 236.988
Particle 1 new velocities: -81.0825, -304.913
-3.86181, -11.7404
-1.05828, -22.9957
-11.6828, -18.4511
Particle 2 new velocities: 76.0027, 36.4411
8.94173, 34.7229
-2.45578, 121.33
-14.779, 303.611
Particle 3 new velocities: -84.9838, 61.6642
-42.7333, -5.10409
0.157844, -10.8342
7.21208, -10.2563
Particle 4 new velocities: -22.2856, -15.1991
3.1562, 50.2313
-0.6882, 16.453
1.69423, 129.756
-- ITERATION 15 --
-------------
Particle: 1:
Relays Coordinates:
174.785, 0
102.327, 70.8595
309.693, 276.686
166.992, 208.555
Evaluation Time: 1.12743 seconds
Resulting Fitness: 0.7625
-------------
Particle: 2:
Relays Coordinates:
144.268, 172.957
100.361, 42.4087
311.91, 312.321
247.561, 348.379
Evaluation Time: 1.00736 seconds
Resulting Fitness: 0.679167
-------------
Particle: 3:
Relays Coordinates:
197.864, 187.742
79.3269, 79.6094
311.972, 256.491
173.53, 247.305
Evaluation Time: 1.21167 seconds
Resulting Fitness: 0.691667
-------------
Particle: 4:
Relays Coordinates:
96.8677, 174.025
130.134, 86.8142
313.241, 310.577
179.31, 266.086
Evaluation Time: 1.18696 seconds
Resulting Fitness: 0.725
Current global best fitness: 0.879167
Current global best relays: 205.376, 172.705
108.178, 86.5416
311.755, 294.466
176.326, 236.988
Particle 1 new velocities: 17.5581, 203.451
5.59933, 46.28
-0.0131258, -10.611
-1.46367, 36.2826
Particle 2 new velocities: 104.756, 4.61388
23.015, 14.91
-0.113013, -37.0704
-46.4423, -14.9799
Particle 3 new velocities: -53.5814, 19.2221
0.0364425, 11.665
-0.409569, 73.3509
12.1638, -23.2987
Particle 4 new velocities: 132.41, -16.9301
-43.0588, 40.1714
-1.67306, -89.1222
0.608748, 71.0576
-- ITERATION 16 --
-------------
Particle: 1:
Relays Coordinates:
192.343, 203.451
107.927, 117.139
309.68, 266.075
165.529, 244.838
Evaluation Time: 1.24121 seconds
Resulting Fitness: 0.620833
-------------
Particle: 2:
Relays Coordinates:
249.024, 177.571
123.376, 57.3186
311.797, 275.251
201.119, 333.4
Evaluation Time: 1.24297 seconds
Resulting Fitness: 0.445833
-------------
Particle: 3:
Relays Coordinates:
144.282, 206.964
79.3633, 91.2744
311.562, 329.842
185.694, 224.007
Evaluation Time: 1.16869 seconds
Resulting Fitness: 0.720833
-------------
Particle: 4:
Relays Coordinates:
229.278, 157.094
87.0756, 126.986
311.568, 221.455
179.919, 337.143
Evaluation Time: 1.22891 seconds
Resulting Fitness: 0.7625
Current global best fitness: 0.879167
Current global best relays: 205.376, 172.705
108.178, 86.5416
311.755, 294.466
176.326, 236.988
Particle 1 new velocities: 20.3887, 19.3381
2.56728, 4.73877
1.95884, 9.94682
1.74124, 25.1779
Particle 2 new velocities: 2.88294, -34.4378
-9.74136, 6.07163
3.86816, -50.0225
41.7805, -291.602
Particle 3 new velocities: 99.8576, -54.0633
53.8898, 2.81957
-0.0247662, 39.2675
1.35614, 8.24941
Particle 4 new velocities: 18.6074, 1.92171
2.16376, -52.5026
2.00706, 16.3223
-3.84105, -100.903
-- ITERATION 17 --
-------------
Particle: 1:
Relays Coordinates:
212.732, 222.789
110.494, 121.878
311.639, 276.022
167.27, 270.016
Evaluation Time: 1.38039 seconds
Resulting Fitness: 0.2875
-------------
Particle: 2:
Relays Coordinates:
251.907, 143.134
113.635, 63.3902
315.665, 225.229
242.899, 41.7971
Evaluation Time: 1.26279 seconds
Resulting Fitness: 0.716667
-------------
Particle: 3:
Relays Coordinates:
244.14, 152.901
133.253, 94.094
311.537, 350
187.05, 232.256
Evaluation Time: 1.33163 seconds
Resulting Fitness: 0.470833
-------------
Particle: 4:
Relays Coordinates:
247.886, 159.016
89.2394, 74.483
313.575, 237.777
176.078, 236.24
Evaluation Time: 1.18047 seconds
Resulting Fitness: 0.433333
Current global best fitness: 0.879167
Current global best relays: 205.376, 172.705
108.178, 86.5416
311.755, 294.466
176.326, 236.988
Particle 1 new velocities: 11.965, -139.753
-2.16979, -20.2226
-0.462168, 43.8607
15.2275, -27.4849
Particle 2 new velocities: -96.1739, -18.0046
-12.4817, 29.548
0.829167, -7.6869
14.4932, -133.094
Particle 3 new velocities: 39.765, -6.84866
14.2133, -18.454
0.242276, -47.1639
-2.80428, 18.5586
Particle 4 new velocities: -91.1474, 3.1831
27.4267, -35.4017
1.27221, 89.9969
-2.8023, -76.6083
-- ITERATION 18 --
-------------
Particle: 1:
Relays Coordinates:
224.697, 83.0363
108.324, 101.656
311.177, 319.883
182.497, 242.531
Evaluation Time: 1.16638 seconds
Resulting Fitness: 0.8125
-------------
Particle: 2:
Relays Coordinates:
155.733, 125.129
101.153, 92.9382
316.494, 217.542
257.392, 0
Evaluation Time: 1.05584 seconds
Resulting Fitness: 0.6625
-------------
Particle: 3:
Relays Coordinates:
283.905, 146.052
147.466, 75.64
311.78, 302.836
184.246, 250.815
Evaluation Time: 1.37846 seconds
Resulting Fitness: 0.2375
-------------
Particle: 4:
Relays Coordinates:
156.738, 162.199
116.666, 39.0813
314.848, 327.774
173.276, 159.632
Evaluation Time: 1.08263 seconds
Resulting Fitness: 0.7125
Current global best fitness: 0.879167
Current global best relays: 205.376, 172.705
108.178, 86.5416
311.755, 294.466
176.326, 236.988
Particle 1 new velocities: 3.65545, -43.2368
-3.01737, -13.0623
-0.514574, 4.31042
1.78562, -33.2777
Particle 2 new velocities: -65.6391, 19.7002
4.61694, -58.9308
-3.9319, 91.8159
36.4407, 174.573
Particle 3 new velocities: -120.443, 29.4326
-35.2105, 13.099
0.129714, -49.0972
-22.5391, -14.5263
Particle 4 new velocities: -14.5216, -0.0727017
3.90297, -7.84834
-2.98245, -42.9675
9.04166, 45.5654
-- ITERATION 19 --
-------------
Particle: 1:
Relays Coordinates:
228.352, 39.7995
105.307, 88.5934
310.662, 324.193
184.283, 209.253
Evaluation Time: 1.12152 seconds
Resulting Fitness: 0.85
-------------
Particle: 2:
Relays Coordinates:
90.0941, 144.829
105.77, 34.0075
312.562, 309.357
293.833, 174.573
Evaluation Time: 0.928384 seconds
Resulting Fitness: 0.641667
-------------
Particle: 3:
Relays Coordinates:
163.462, 175.485
112.256, 88.739
311.909, 253.739
161.707, 236.288
Evaluation Time: 1.16912 seconds
Resulting Fitness: 0.816667
-------------
Particle: 4:
Relays Coordinates:
142.217, 162.126
120.569, 31.2329
311.865, 284.806
182.317, 205.197
Evaluation Time: 1.11956 seconds
Resulting Fitness: 0.8125
Current global best fitness: 0.879167
Current global best relays: 205.376, 172.705
108.178, 86.5416
311.755, 294.466
176.326, 236.988
Particle 1 new velocities: -13.0906, 120.597
-3.11266, 10.4248
-0.793479, -31.1299
-20.5202, 16.8875
Particle 2 new velocities: 129.382, 61.2856
8.49926, -36.7597
-2.24696, 46.3738
-162.555, 236.037
Particle 3 new velocities: -46.8067, 19.1913
-31.9038, 6.0963
-0.234438, 14.1779
20.5285, -10.1333
Particle 4 new velocities: 43.0684, 8.38594
-11.7726, 50.0794
-1.43051, -40.6215
-0.318892, 94.2477
-- ITERATION 20 --
-------------
Particle: 1:
Relays Coordinates:
215.261, 160.397
102.194, 99.0182
309.869, 293.063
163.763, 226.141
Evaluation Time: 1.22066 seconds
Resulting Fitness: 0.854167
-------------
Particle: 2:
Relays Coordinates:
219.476, 206.115
114.269, 0
310.315, 350
131.278, 350
Evaluation Time: 0.737672 seconds
Resulting Fitness: 0.3375
-------------
Particle: 3:
Relays Coordinates:
116.655, 194.676
80.3522, 94.8353
311.675, 267.917
182.235, 226.155
Evaluation Time: 1.20773 seconds
Resulting Fitness: 0.795833
-------------
Particle: 4:
Relays Coordinates:
185.285, 170.512
108.796, 81.3123
310.435, 244.185
181.999, 299.445
Evaluation Time: 1.20134 seconds
Resulting Fitness: 0.858333
New local best!
Current global best fitness: 0.879167
Current global best relays: 205.376, 172.705
108.178, 86.5416
311.755, 294.466
176.326, 236.988
Particle 1 new velocities: -1.11964, 31.9545
-1.75232, 3.01784
2.33302, -23.5487
-1.30428, 18.7718
Particle 2 new velocities: 61.1974, -3.81933
-0.528656, 103.811
5.9827, -199.46
-1.03828, -154.626
Particle 3 new velocities: 129.473, -35.4195
-1.59858, 1.28406
-0.15763, 50.5845
12.4515, 8.89066
Particle 4 new velocities: 70.4775, 6.70911
-9.42017, 40.7307
0.0757629, 2.17326
-4.18133, 23.1696
-- ITERATION 21 --
-------------
Particle: 1:
Relays Coordinates:
214.142, 192.351
100.442, 102.036
312.202, 269.515
162.459, 244.913
Evaluation Time: 1.21627 seconds
Resulting Fitness: 0.8375
-------------
Particle: 2:
Relays Coordinates:
280.674, 202.295
113.74, 103.811
316.298, 150.54
130.24, 195.374
Evaluation Time: 1.27468 seconds
Resulting Fitness: 0.804167
-------------
Particle: 3:
Relays Coordinates:
246.128, 159.257
78.7536, 96.1194
311.517, 318.501
194.687, 235.046
Evaluation Time: 1.1375 seconds
Resulting Fitness: 0.429167
-------------
Particle: 4:
Relays Coordinates:
255.763, 177.222
99.3762, 122.043
310.51, 246.358
177.817, 322.614
Evaluation Time: 1.27749 seconds
Resulting Fitness: 0.541667
Current global best fitness: 0.879167
Current global best relays: 205.376, 172.705
108.178, 86.5416
311.755, 294.466
176.326, 236.988
Particle 1 new velocities: -2.70456, -4.84363
0.272708, -2.41452
1.15938, 14.7168
10.9394, 5.97005
Particle 2 new velocities: -33.3823, -46.6133
-11.4645, -28.7822
-1.42458, -0.690386
55.6513, -143.356
Particle 3 new velocities: 47.3188, -8.60149
27.8565, -3.91296
0.0602846, -14.4117
-30.9588, 9.64839
Particle 4 new velocities: -30.8679, -1.67388
9.23114, -6.81857
0.172558, 62.9564
-2.92595, -5.07197
-- ITERATION 22 --
-------------
Particle: 1:
Relays Coordinates:
211.437, 187.508
100.714, 99.6215
313.361, 284.231
173.398, 250.883
Evaluation Time: 1.23492 seconds
Resulting Fitness: 0.854167
-------------
Particle: 2:
Relays Coordinates:
247.291, 155.682
102.276, 75.0287
314.873, 149.85
185.891, 52.0177
Evaluation Time: 1.17054 seconds
Resulting Fitness: 0.7625
-------------
Particle: 3:
Relays Coordinates:
293.447, 150.655
106.61, 92.2064
311.577, 304.09
163.728, 244.694
Evaluation Time: 1.17972 seconds
Resulting Fitness: 0.620833
-------------
Particle: 4:
Relays Coordinates:
224.895, 175.548
108.607, 115.224
310.683, 309.315
174.891, 317.542
Evaluation Time: 1.2577 seconds
Resulting Fitness: 0.679167
Current global best fitness: 0.879167
Current global best relays: 205.376, 172.705
108.178, 86.5416
311.755, 294.466
176.326, 236.988
Particle 1 new velocities: 5.0529, -104.943
3.72915, -13.5807
-3.51258, 26.9996
5.54421, -15.5613
Particle 2 new velocities: -143.179, -24.7359
1.46139, -56.1011
-6.22886, 174.165
127.093, 70.0644
Particle 3 new velocities: -125.974, 30.202
23.6739, -8.58351
0.318395, -24.7554
-19.7262, -11.2388
Particle 4 new velocities: -59.9918, -5.30979
7.45176, -46.0696
0.648212, -27.6321
3.8706, -21.4384
-- ITERATION 23 --
-------------
Particle: 1:
Relays Coordinates:
216.49, 82.5649
104.444, 86.0408
309.848, 311.231
178.942, 235.321
Evaluation Time: 1.20918 seconds
Resulting Fitness: 0.858333
-------------
Particle: 2:
Relays Coordinates:
104.112, 130.946
103.737, 18.9276
308.644, 324.014
312.983, 122.082
Evaluation Time: 0.939098 seconds
Resulting Fitness: 0.608333
-------------
Particle: 3:
Relays Coordinates:
167.473, 180.857
130.284, 83.6229
311.896, 279.334
144.002, 233.455
Evaluation Time: 1.26527 seconds
Resulting Fitness: 0.766667
-------------
Particle: 4:
Relays Coordinates:
164.903, 170.238
116.059, 69.1549
311.331, 281.683
178.762, 296.104
Evaluation Time: 1.18297 seconds
Resulting Fitness: 0.8
Current global best fitness: 0.879167
Current global best relays: 205.376, 172.705
108.178, 86.5416
311.755, 294.466
176.326, 236.988
Particle 1 new velocities: 4.36302, -46.0108
7.93743, 9.14096
-1.82917, -10.6699
-7.48104, -8.51829
Particle 2 new velocities: -26.0101, -9.5504
10.2653, -1.01971
-0.462788, 112.399
-71.0474, 193.749
Particle 3 new velocities: -74.6022, 19.4654
-15.2047, -3.64167
0.00431116, -3.73165
5.98773, -1.20219
Particle 4 new velocities: -1.17021, -0.820779
-5.62068, -22.8713
0.0612814, -31.0138
1.83882, -20.5725
-- ITERATION 24 --
-------------
Particle: 1:
Relays Coordinates:
220.853, 36.5542
112.381, 95.1818
308.019, 300.561
171.461, 226.803
Evaluation Time: 1.15218 seconds
Resulting Fitness: 0.858333
-------------
Particle: 2:
Relays Coordinates:
78.1019, 121.396
114.003, 17.9079
308.182, 350
241.936, 315.831
Evaluation Time: 0.980794 seconds
Resulting Fitness: 0.608333
-------------
Particle: 3:
Relays Coordinates:
92.8711, 200.323
115.079, 79.9812
311.9, 275.603
149.989, 232.253
Evaluation Time: 1.16411 seconds
Resulting Fitness: 0.829167
-------------
Particle: 4:
Relays Coordinates:
163.733, 169.417
110.438, 46.2836
311.392, 250.669
180.601, 275.531
Evaluation Time: 1.22037 seconds
Resulting Fitness: 0.833333
Current global best fitness: 0.879167
Current global best relays: 205.376, 172.705
108.178, 86.5416
311.755, 294.466
176.326, 236.988
Particle 1 new velocities: 2.87773, 176.94
-6.10984, 10.1984
2.17646, -20.4425
-1.75734, 15.1501
Particle 2 new velocities: 49.4781, 68.6996
0.137642, 55.9858
5.55206, -190.482
-50.8864, -112.693
Particle 3 new velocities: -14.5219, -44.4565
-22.5858, 1.42996
-0.0648726, 22.4465
48.3034, 9.74027
Particle 4 new velocities: 54.1906, 0.467267
-6.27564, 77.8856
-0.496522, -1.66461
-1.47815, -35.218
-- ITERATION 25 --
-------------
Particle: 1:
Relays Coordinates:
223.731, 213.494
106.271, 105.38
310.196, 280.119
169.704, 241.953
Evaluation Time: 1.17639 seconds
Resulting Fitness: 0.804167
-------------
Particle: 2:
Relays Coordinates:
127.58, 190.095
114.14, 73.8937
313.734, 159.518
191.05, 203.138
Evaluation Time: 1.35337 seconds
Resulting Fitness: 0.879167
New local best!
-------------
Particle: 3:
Relays Coordinates:
78.3492, 155.866
92.4936, 81.4112
311.835, 298.049
198.293, 241.993
Evaluation Time: 1.18897 seconds
Resulting Fitness: 0.770833
-------------
Particle: 4:
Relays Coordinates:
217.923, 169.884
104.163, 124.169
310.896, 249.004
179.123, 240.313
Evaluation Time: 1.48232 seconds
Resulting Fitness: 0.475
Current global best fitness: 0.879167
Current global best relays: 205.376, 172.705
108.178, 86.5416
311.755, 294.466
176.326, 236.988
Particle 1 new velocities: -25.7647, 50.1899
-3.43245, -14.9129
3.28784, 18.2178
6.05049, 0.212799
Particle 2 new velocities: 99.9392, 43.3031
-4.35152, 51.1087
3.66372, -23.0888
-51.8759, -63.319
Particle 3 new velocities: 273.914, -26.9573
4.04338, 10.5006
-0.108676, 11.0494
-9.52961, 2.41698
Particle 4 new velocities: 9.25596, 2.38654
-0.480352, -8.23865
-0.806562, 23.066
-3.58927, 17.8206
-- ITERATION 26 --
-------------
Particle: 1:
Relays Coordinates:
197.966, 263.684
102.839, 90.4673
313.483, 298.337
175.754, 242.166
Evaluation Time: 1.13675 seconds
Resulting Fitness: 0.533333
-------------
Particle: 2:
Relays Coordinates:
227.519, 233.398
109.789, 125.002
317.397, 136.43
139.174, 139.819
Evaluation Time: 1.56388 seconds
Resulting Fitness: 0.25
-------------
Particle: 3:
Relays Coordinates:
350, 128.909
96.5369, 91.9118
311.727, 309.098
188.763, 244.41
Evaluation Time: 1.09446 seconds
Resulting Fitness: 0.458333
-------------
Particle: 4:
Relays Coordinates:
227.179, 172.271
103.682, 115.931
310.089, 272.07
175.533, 258.134
Evaluation Time: 1.24369 seconds
Resulting Fitness: 0.820833
Current global best fitness: 0.879167
Current global best relays: 205.376, 172.705
108.178, 86.5416
311.755, 294.466
176.326, 236.988
Particle 1 new velocities: 31.633, -127.126
0.631278, -18.6419
1.34182, 7.26008
1.32191, -3.41895
Particle 2 new velocities: -33.987, -30.2573
-1.11483, -13.4989
1.6651, 165.148
35.0327, 68.5181
Particle 3 new velocities: -122.966, 60.5769
8.12546, 0.374305
-0.0576325, -10.2497
-20.5816, -5.36288
Particle 4 new velocities: -55.0247, 1.44294
6.51319, -43.0537
2.00336, 42.7307
1.15308, -2.65567
-- ITERATION 27 --
-------------
Particle: 1:
Relays Coordinates:
229.599, 136.558
103.47, 71.8253
314.825, 305.597
177.076, 238.747
Evaluation Time: 1.1507 seconds
Resulting Fitness: 0.875
-------------
Particle: 2:
Relays Coordinates:
193.532, 203.141
108.674, 111.503
319.062, 301.578
174.206, 208.337
Evaluation Time: 1.1159 seconds
Resulting Fitness: 0.683333
-------------
Particle: 3:
Relays Coordinates:
227.034, 189.486
104.662, 92.2861
311.669, 298.849
168.182, 239.048
Evaluation Time: 1.26726 seconds
Resulting Fitness: 0.8375
-------------
Particle: 4:
Relays Coordinates:
172.155, 173.714
110.196, 72.8769
312.093, 314.801
176.686, 255.478
Evaluation Time: 1.23555 seconds
Resulting Fitness: 0.7625
Current global best fitness: 0.879167
Current global best relays: 205.376, 172.705
108.178, 86.5416
311.755, 294.466
176.326, 236.988
Particle 1 new velocities: 23.2208, -102.606
2.28921, 11.2491
-2.25467, -14.939
-1.80746, -7.39114
Particle 2 new velocities: -93.9794, -87.8823
3.56788, -43.2981
-7.41052, -31.6341
47.1624, 101.511
Particle 3 new velocities: -129.957, 33.2634
14.3995, -6.20029
0.208187, -13.8724
-2.49478, -7.58263
Particle 4 new velocities: -15.5968, -0.748339
3.34435, -9.34657
0.848562, -14.8322
6.11625, 3.48947
-- ITERATION 28 --
-------------
Particle: 1:
Relays Coordinates:
252.82, 33.9522
105.759, 83.0744
312.571, 290.658
175.269, 231.356
Evaluation Time: 1.14876 seconds
Resulting Fitness: 0.704167
-------------
Particle: 2:
Relays Coordinates:
99.5528, 115.259
112.242, 68.2054
311.652, 269.944
221.369, 309.849
Evaluation Time: 0.980058 seconds
Resulting Fitness: 0.583333
-------------
Particle: 3:
Relays Coordinates:
97.0769, 222.749
119.062, 86.0858
311.877, 284.976
165.687, 231.465
Evaluation Time: 1.14573 seconds
Resulting Fitness: 0.8
-------------
Particle: 4:
Relays Coordinates:
156.558, 172.965
113.54, 63.5303
312.941, 299.969
182.803, 258.968
Evaluation Time: 1.21753 seconds
Resulting Fitness: 0.791667
Current global best fitness: 0.879167
Current global best relays: 205.376, 172.705
108.178, 86.5416
311.755, 294.466
176.326, 236.988
Particle 1 new velocities: -5.57067, 82.5839
2.71947, 19.786
-4.34342, -7.00986
-2.31791, -1.0125
Particle 2 new velocities: 88.2881, 85.0313
2.74185, -27.6887
-3.53098, -74.2733
-43.1829, 12.6082
Particle 3 new velocities: 37.6935, -92.2616
6.61225, -4.24923
-0.110405, -1.55793
10.1317, 5.34049
Particle 4 new velocities: 36.336, -3.18408
-11.7714, 31.3573
-2.06473, -82.5384
-2.72955, 21.145
-- ITERATION 29 --
-------------
Particle: 1:
Relays Coordinates:
247.249, 116.536
108.479, 102.86
308.227, 283.648
172.951, 230.343
Evaluation Time: 1.34814 seconds
Resulting Fitness: 0.854167
-------------
Particle: 2:
Relays Coordinates:
187.841, 200.29
114.984, 40.5166
308.121, 195.671
178.186, 322.457
Evaluation Time: 1.43709 seconds
Resulting Fitness: 0.420833
-------------
Particle: 3:
Relays Coordinates:
134.77, 130.488
125.674, 81.8365
311.767, 283.418
175.819, 236.805
Evaluation Time: 1.26954 seconds
Resulting Fitness: 0.7875
-------------
Particle: 4:
Relays Coordinates:
192.894, 169.781
101.769, 94.8877
310.876, 217.43
180.073, 280.113
Evaluation Time: 1.48581 seconds
Resulting Fitness: 0.866667
New local best!
Current global best fitness: 0.879167
Current global best relays: 205.376, 172.705
108.178, 86.5416
311.755, 294.466
176.326, 236.988
Particle 1 new velocities: -60.1794, 102.534
-3.00464, 10.9839
0.90899, 11.1117
-5.80412, 6.46716
Particle 2 new velocities: 69.4548, 37.282
-2.8961, 50.6796
3.94791, -45.2578
-25.5336, -97.7771
Particle 3 new velocities: 105.928, 11.6394
-10.7951, 3.67311
-0.108387, 10.6018
8.65177, 4.75579
Particle 4 new velocities: 44.635, 0.634835
-0.313963, 13.6592
-0.571769, -47.35
-3.10795, -26.1122
-- ITERATION 30 --
-------------
Particle: 1:
Relays Coordinates:
187.07, 219.07
105.474, 113.844
309.136, 294.759
167.147, 236.81
Evaluation Time: 1.26657 seconds
Resulting Fitness: 0.679167
-------------
Particle: 2:
Relays Coordinates:
257.296, 237.572
112.088, 91.1962
312.069, 150.413
152.652, 224.68
Evaluation Time: 1.47294 seconds
Resulting Fitness: 0.9
New local best!
New global best!
-------------
Particle: 3:
Relays Coordinates:
240.699, 142.127
114.879, 85.5096
311.658, 294.02
184.47, 241.561
Evaluation Time: 1.32003 seconds
Resulting Fitness: 0.870833
-------------
Particle: 4:
Relays Coordinates:
237.529, 170.416
101.455, 108.547
310.305, 170.08
176.965, 254
Evaluation Time: 1.33999 seconds
Resulting Fitness: 0.875
New local best!
Current global best fitness: 0.9
Current global best relays: 257.296, 237.572
112.088, 91.1962
312.069, 150.413
152.652, 224.68
Particle 1 new velocities: 140.583, -5.16994
-0.367887, 5.63498
4.33672, -126.327
-20.1845, -12.2252
Particle 2 new velocities: 55.5639, 29.8256
-2.31688, 40.5437
3.15833, -36.2063
-20.4269, -78.2217
Particle 3 new velocities: 93.1583, 117.525
-17.2666, 9.93036
0.454579, -103.935
1.97702, -19.7417
Particle 4 new velocities: 64.6486, 85.4507
9.1604, 3.92008
-0.00214146, -61.4024
-22.6498, -54.192
-- ITERATION 31 --
-------------
Particle: 1:
Relays Coordinates:
327.653, 213.9
105.106, 119.479
313.473, 168.432
146.962, 224.585
Evaluation Time: 1.34978 seconds
Resulting Fitness: 0.491667
-------------
Particle: 2:
Relays Coordinates:
312.86, 267.398
109.771, 131.74
315.227, 114.207
132.225, 146.458
Evaluation Time: 1.14202 seconds
Resulting Fitness: 0.0708333
-------------
Particle: 3:
Relays Coordinates:
333.857, 259.652
97.6124, 95.44
312.113, 190.085
186.447, 221.819
Evaluation Time: 1.20091 seconds
Resulting Fitness: 0.791667
-------------
Particle: 4:
Relays Coordinates:
302.177, 255.867
110.615, 112.467
310.303, 108.678
154.315, 199.809
Evaluation Time: 1.28299 seconds
Resulting Fitness: 0.666667
Current global best fitness: 0.9
Current global best relays: 257.296, 237.572
112.088, 91.1962
312.069, 150.413
152.652, 224.68
Particle 1 new velocities: -36.9026, -54.7501
8.70463, -21.1489
2.77889, -85.144
13.06, 3.53509
Particle 2 new velocities: -62.8121, -23.2381
1.89732, -85.8557
-5.2473, 44.5909
1.5155, 8.68968
Particle 3 new velocities: -116.138, 7.5182
23.5602, -5.40618
-0.0454492, -45.0406
-32.6586, -11.1415
Particle 4 new velocities: -28.6568, -11.0494
-0.0174385, -18.2302
2.06199, 22.4868
-9.95841, 17.6067
-- ITERATION 32 --
-------------
Particle: 1:
Relays Coordinates:
290.75, 159.15
113.811, 98.3304
316.252, 83.2881
160.022, 228.12
Evaluation Time: 1.23426 seconds
Resulting Fitness: 0.825
-------------
Particle: 2:
Relays Coordinates:
250.048, 244.16
111.668, 45.8842
309.98, 158.797
133.741, 155.148
Evaluation Time: 1.24371 seconds
Resulting Fitness: 0.879167
-------------
Particle: 3:
Relays Coordinates:
217.719, 267.17
121.173, 90.0338
312.067, 145.045
153.789, 210.678
Evaluation Time: 1.20971 seconds
Resulting Fitness: 0.808333
-------------
Particle: 4:
Relays Coordinates:
273.521, 244.818
110.598, 94.2367
312.365, 131.165
144.357, 217.415
Evaluation Time: 1.82512 seconds
Resulting Fitness: 0.9
New local best!
Current global best fitness: 0.9
Current global best relays: 257.296, 237.572
112.088, 91.1962
312.069, 150.413
152.652, 224.68
Particle 1 new velocities: -52.5065, 23.1315
-7.86604, -17.2048
-5.93113, 277.136
9.84061, -1.76568
Particle 2 new velocities: -43.5399, -30.9744
2.33808, -47.2645
-2.89574, 28.6422
27.0467, 139.958
Particle 3 new velocities: -89.1295, -25.3867
16.4394, -6.80596
-0.0935303, -17.9032
-25.2568, 17.0677
Particle 4 new velocities: -30.2948, -15.2805
0.576637, -18.3201
1.14051, 41.1295
4.86857, 20.7422
-- ITERATION 33 --
-------------
Particle: 1:
Relays Coordinates:
238.243, 182.282
105.945, 81.1256
310.321, 350
169.863, 226.355
Evaluation Time: 1.28852 seconds
Resulting Fitness: 0.7625
-------------
Particle: 2:
Relays Coordinates:
206.508, 213.185
114.006, 0
307.084, 187.44
160.788, 295.105
Evaluation Time: 0.794659 seconds
Resulting Fitness: 0.345833
-------------
Particle: 3:
Relays Coordinates:
128.59, 241.783
137.612, 83.2279
311.974, 127.142
128.532, 227.746
Evaluation Time: 1.31614 seconds
Resulting Fitness: 0.541667
-------------
Particle: 4:
Relays Coordinates:
243.226, 229.537
111.174, 75.9166
313.505, 172.294
149.226, 238.157
Evaluation Time: 1.30922 seconds
Resulting Fitness: 0.541667
Current global best fitness: 0.9
Current global best relays: 257.296, 237.572
112.088, 91.1962
312.069, 150.413
152.652, 224.68
Particle 1 new velocities: -23.3398, 62.7441
-8.64179, 9.33733
-5.14432, -280.909
-1.97847, -0.479934
Particle 2 new velocities: 65.959, -2.7228
-0.268858, 35.6483
3.0247, -13.7195
10.1017, -10.7011
Particle 3 new velocities: -18.9595, -42.6731
-16.0893, 8.45122
-0.105929, 60.7488
51.9859, 13.6141
Particle 4 new velocities: 2.14787, 5.2179
1.42519, 17.7352
-1.27982, -25.0583
6.6845, -5.36711
-- ITERATION 34 --
-------------
Particle: 1:
Relays Coordinates:
214.904, 245.026
97.3029, 90.463
305.176, 69.0907
167.884, 225.875
Evaluation Time: 1.18323 seconds
Resulting Fitness: 0.7125
-------------
Particle: 2:
Relays Coordinates:
272.467, 210.463
113.737, 35.6483
310.109, 173.72
170.889, 284.404
Evaluation Time: 0.801555 seconds
Resulting Fitness: 0.391667
-------------
Particle: 3:
Relays Coordinates:
109.63, 199.11
121.523, 91.6791
311.868, 187.89
180.518, 241.36
Evaluation Time: 1.25777 seconds
Resulting Fitness: 0.9
New local best!
-------------
Particle: 4:
Relays Coordinates:
245.374, 234.755
112.599, 93.6519
312.225, 147.236
155.91, 232.79
Evaluation Time: 1.34429 seconds
Resulting Fitness: 0.85
Current global best fitness: 0.9
Current global best relays: 257.296, 237.572
112.088, 91.1962
312.069, 150.413
152.652, 224.68
Particle 1 new velocities: 25.6801, -77.958
2.63076, 27.0462
8.54127, -22.4911
-9.85634, 2.85085
Particle 2 new velocities: 21.4805, 5.23893
-1.77899, 55.5904
7.37583, -23.1319
3.51746, -87.1145
Particle 3 new velocities: 227.008, 9.06867
-17.2162, 5.98383
0.0495615, 22.1875
18.9078, -0.76007
Particle 4 new velocities: 37.9428, 11.7113
-0.246913, 10.5919
-1.10718, -34.332
-6.11108, -17.5797
-- ITERATION 35 --
-------------
Particle: 1:
Relays Coordinates:
240.584, 167.068
99.9337, 117.509
313.718, 46.5996
158.028, 228.726
Evaluation Time: 1.34531 seconds
Resulting Fitness: 0.8125
-------------
Particle: 2:
Relays Coordinates:
293.947, 215.702
111.958, 91.2387
317.485, 150.588
174.407, 197.29
Evaluation Time: 1.25039 seconds
Resulting Fitness: 0.870833
-------------
Particle: 3:
Relays Coordinates:
336.638, 208.179
104.307, 97.6629
311.918, 210.078
199.426, 240.6
Evaluation Time: 1.13859 seconds
Resulting Fitness: 0.5
-------------
Particle: 4:
Relays Coordinates:
283.316, 246.466
112.352, 104.244
311.118, 112.904
149.799, 215.211
Evaluation Time: 1.36736 seconds
Resulting Fitness: 0.808333
Current global best fitness: 0.9
Current global best relays: 257.296, 237.572
112.088, 91.1962
312.069, 150.413
152.652, 224.68
Particle 1 new velocities: 25.4113, -29.2999
15.7747, -18.6411
2.07379, 358.096
-3.85697, 9.51843
Particle 2 new velocities: -64.1877, 29.5106
-1.17478, 44.3882
-3.79334, -18.676
-21.7099, -22.2059
Particle 3 new velocities: 59.6224, 50.4608
0.403448, -12.9497
0.192259, -73.5498
-69.5247, -21.8509
Particle 4 new velocities: 7.23372, -6.15948
-2.25524, -13.9146
1.75793, -12.0103
-1.78226, 0.397323
-- ITERATION 36 --
-------------
Particle: 1:
Relays Coordinates:
265.995, 137.768
115.708, 98.868
315.791, 350
154.171, 238.244
Evaluation Time: 1.1925 seconds
Resulting Fitness: 0.795833
-------------
Particle: 2:
Relays Coordinates:
229.759, 245.212
110.783, 135.627
313.691, 131.912
152.697, 175.084
Evaluation Time: 1.39871 seconds
Resulting Fitness: 0.0583333
-------------
Particle: 3:
Relays Coordinates:
350, 258.64
104.71, 84.7132
312.11, 136.528
129.901, 218.749
Evaluation Time: 1.01981 seconds
Resulting Fitness: 0.725
-------------
Particle: 4:
Relays Coordinates:
290.55, 240.307
110.097, 90.3292
312.876, 100.894
148.017, 215.608
Evaluation Time: 1.2445 seconds
Resulting Fitness: 0.883333
Current global best fitness: 0.9
Current global best relays: 257.296, 237.572
112.088, 91.1962
312.069, 150.413
152.652, 224.68
Particle 1 new velocities: 6.69926, -26.1621
5.76181, -17.1822
-4.03263, -34.0008
0.0006024, -4.09785
Particle 2 new velocities: 1.92022, 20.259
2.1482, -33.3188
-4.40971, 2.25046
-17.4087, 90.3443
Particle 3 new velocities: -258.494, 11.2965
10.698, -0.732711
-0.0822398, -2.5566
25.9066, -6.70893
Particle 4 new velocities: -48.7448, -3.79174
-1.08971, -5.55446
1.05375, 77.1499
0.550379, 4.98728
-- ITERATION 37 --
-------------
Particle: 1:
Relays Coordinates:
272.694, 111.606
121.47, 81.6859
311.759, 315.999
154.172, 234.146
Evaluation Time: 1.14017 seconds
Resulting Fitness: 0.804167
-------------
Particle: 2:
Relays Coordinates:
231.68, 265.471
112.932, 102.308
309.282, 134.163
135.288, 265.428
Evaluation Time: 1.232 seconds
Resulting Fitness: 0.616667
-------------
Particle: 3:
Relays Coordinates:
91.5063, 269.936
115.408, 83.9805
312.028, 133.972
155.808, 212.04
Evaluation Time: 1.20362 seconds
Resulting Fitness: 0.8375
-------------
Particle: 4:
Relays Coordinates:
241.805, 236.515
109.008, 84.7747
313.93, 178.044
148.567, 220.595
Evaluation Time: 1.22379 seconds
Resulting Fitness: 0.879167
Current global best fitness: 0.9
Current global best relays: 257.296, 237.572
112.088, 91.1962
312.069, 150.413
152.652, 224.68
Particle 1 new velocities: -28.1303, 73.353
-14.1317, 10.7929
-4.36021, -313.388
14.3107, -17.9753
Particle 2 new velocities: 42.2767, -59.9882
-0.159985, -42.2521
-0.951958, 18.2655
24.0651, -17.1927
Particle 3 new velocities: -25.8103, -47.3489
13.0736, 1.70132
-0.053018, 35.6869
23.8979, 28.3872
Particle 4 new velocities: -23.4617, 5.23377
4.06675, 11.0257
-2.24019, -22.3271
2.42632, 8.26585
-- ITERATION 38 --
-------------
Particle: 1:
Relays Coordinates:
244.564, 184.959
107.338, 92.4788
307.399, 2.61163
168.482, 216.171
Evaluation Time: 1.23831 seconds
Resulting Fitness: 0.858333
-------------
Particle: 2:
Relays Coordinates:
273.956, 205.483
112.772, 60.056
308.33, 152.428
159.353, 248.236
Evaluation Time: 0.817611 seconds
Resulting Fitness: 0.466667
-------------
Particle: 3:
Relays Coordinates:
65.696, 222.587
128.482, 85.6818
311.975, 169.658
179.705, 240.427
Evaluation Time: 1.29535 seconds
Resulting Fitness: 0.8
-------------
Particle: 4:
Relays Coordinates:
218.344, 241.749
113.074, 95.8004
311.69, 155.716
150.993, 228.861
Evaluation Time: 1.57662 seconds
Resulting Fitness: 0.854167
Current global best fitness: 0.9
Current global best relays: 257.296, 237.572
112.088, 91.1962
312.069, 150.413
152.652, 224.68
Particle 1 new velocities: -4.14359, 20.0188
-3.57858, 11.1646
0.333943, -185.33
-15.1796, 9.13847
Particle 2 new velocities: 3.00896, 19.427
-1.57235, 20.2161
2.58278, 11.7546
9.78221, -67.0205
Particle 3 new velocities: 11.9653, -54.7905
-10.2726, 9.69149
-0.105062, 33.5558
-4.01762, 13.1195
Particle 4 new velocities: 99.5589, 3.92724
2.57874, 6.26024
-0.934977, -56.1678
-2.32767, -2.39266
-- ITERATION 39 --
-------------
Particle: 1:
Relays Coordinates:
240.42, 204.977
103.76, 103.643
307.732, 0
153.303, 225.309
Evaluation Time: 1.3107 seconds
Resulting Fitness: 0.8625
-------------
Particle: 2:
Relays Coordinates:
276.965, 224.91
111.199, 80.2721
310.912, 164.183
169.136, 181.215
Evaluation Time: 1.27972 seconds
Resulting Fitness: 0.879167
-------------
Particle: 3:
Relays Coordinates:
77.6613, 167.797
118.209, 95.3733
311.87, 203.214
175.688, 253.547
Evaluation Time: 1.45497 seconds
Resulting Fitness: 0.854167
-------------
Particle: 4:
Relays Coordinates:
317.903, 245.676
115.653, 102.061
310.755, 99.5486
148.666, 226.468
Evaluation Time: 1.22984 seconds
Resulting Fitness: 0.725
Current global best fitness: 0.9
Current global best relays: 257.296, 237.572
112.088, 91.1962
312.069, 150.413
152.652, 224.68
Particle 1 new velocities: 14.8833, 17.5366
4.28628, 8.50018
7.97434, 317.708
-7.55197, 17.8215
Particle 2 new velocities: -42.6307, 35.8975
-0.718731, 39.5227
3.21852, -7.60251
-12.0649, 23.6417
Particle 3 new velocities: 220.044, -23.9276
-18.5126, 5.08743
-0.0191769, -48.3265
-2.04389, -37.2917
Particle 4 new velocities: -34.9563, -8.365
-1.07772, -5.97651
0.496915, -5.25202
-2.50163, -8.87825
-- ITERATION 40 --
-------------
Particle: 1:
Relays Coordinates:
255.304, 222.514
108.046, 112.144
315.707, 317.708
145.751, 243.131
Evaluation Time: 1.33334 seconds
Resulting Fitness: 0.8375
-------------
Particle: 2:
Relays Coordinates:
234.335, 260.807
110.481, 119.795
314.131, 156.58
157.071, 204.857
Evaluation Time: 1.71906 seconds
Resulting Fitness: 0.433333
-------------
Particle: 3:
Relays Coordinates:
297.705, 143.869
99.6964, 100.461
311.85, 154.888
173.644, 216.255
Evaluation Time: 1.35226 seconds
Resulting Fitness: 0.858333
-------------
Particle: 4:
Relays Coordinates:
282.946, 237.311
114.575, 96.0842
311.251, 94.2966
146.164, 217.59
Evaluation Time: 1.42523 seconds
Resulting Fitness: 0.875
Current global best fitness: 0.9
Current global best relays: 257.296, 237.572
112.088, 91.1962
312.069, 150.413
152.652, 224.68
Particle 1 new velocities: 7.41335, -14.2915
5.69445, -0.432827
-0.574063, 46.6901
27.4129, 3.87108
Particle 2 new velocities: -16.0584, 2.1082
1.09429, 6.98683
-0.110645, -11.0123
-16.9922, 72.3032
Particle 3 new velocities: 39.031, 127.463
21.1056, 0.0552306
0.121059, -19.2552
-30.3206, -6.76722
Particle 4 new velocities: -37.9249, -2.46881
-8.04229, -9.01598
1.9133, 36.3686
4.98819, -3.80697
-- ITERATION 41 --
-------------
Particle: 1:
Relays Coordinates:
262.717, 208.222
113.741, 111.711
315.133, 350
173.164, 247.002
Evaluation Time: 1.31841 seconds
Resulting Fitness: 0.625
-------------
Particle: 2:
Relays Coordinates:
218.276, 262.916
111.575, 126.782
314.02, 145.568
140.078, 277.16
Evaluation Time: 1.46835 seconds
Resulting Fitness: 0.1375
-------------
Particle: 3:
Relays Coordinates:
336.736, 271.332
120.802, 100.516
311.971, 135.632
143.323, 209.488
Evaluation Time: 1.3527 seconds
Resulting Fitness: 0.658333
-------------
Particle: 4:
Relays Coordinates:
245.021, 234.842
106.533, 87.0682
313.165, 130.665
151.152, 213.783
Evaluation Time: 1.40697 seconds
Resulting Fitness: 0.891667
Current global best fitness: 0.9
Current global best relays: 257.296, 237.572
112.088, 91.1962
312.069, 150.413
152.652, 224.68
Particle 1 new velocities: -17.5097, -30.6653
-0.521878, -1.55041
-9.26919, -230.034
12.2957, -33.352
Particle 2 new velocities: 46.733, -41.2727
2.13465, -36.93
-2.2929, -5.76741
5.27101, 14.5041
Particle 3 new velocities: -102.479, 74.0864
15.405, -12.8574
0.069571, 30.2497
19.6795, 21.2721
Particle 4 new velocities: 18.0778, 4.26158
-1.91886, 2.1465
-0.425064, 58.7506
0.854367, 10.4181
-- ITERATION 42 --
-------------
Particle: 1:
Relays Coordinates:
245.207, 177.557
113.219, 110.16
305.864, 119.966
185.459, 213.65
Evaluation Time: 1.61586 seconds
Resulting Fitness: 0.7625
-------------
Particle: 2:
Relays Coordinates:
265.009, 221.643
113.71, 89.8517
311.727, 139.801
145.349, 291.664
Evaluation Time: 1.122 seconds
Resulting Fitness: 0.533333
-------------
Particle: 3:
Relays Coordinates:
234.257, 345.419
136.207, 87.6586
312.041, 165.882
163.003, 230.76
Evaluation Time: 1.27663 seconds
Resulting Fitness: 0.533333
-------------
Particle: 4:
Relays Coordinates:
263.099, 239.104
104.614, 89.2147
312.74, 189.416
152.007, 224.201
Evaluation Time: 1.50191 seconds
Resulting Fitness: 0.854167
Current global best fitness: 0.9
Current global best relays: 257.296, 237.572
112.088, 91.1962
312.069, 150.413
152.652, 224.68
Particle 1 new velocities: -9.39089, -1.24556
-2.88942, -28.3091
4.82836, -22.5162
-36.2884, -17.2612
Particle 2 new velocities: 16.0965, -10.804
-1.59639, -28.1539
-1.68511, 20.7653
16.8942, -127.36
Particle 3 new velocities: -149.572, -264.383
0.995154, -2.98991
0.075312, 40.886
12.9913, 16.9276
Particle 4 new velocities: 9.41213, 2.38617
6.81368, 9.23974
-1.64982, -42.0248
-4.64565, 2.39362
-- ITERATION 43 --
-------------
Particle: 1:
Relays Coordinates:
235.816, 176.312
110.329, 81.8512
310.692, 97.4503
149.171, 196.389
Evaluation Time: 1.4412 seconds
Resulting Fitness: 0.879167
-------------
Particle: 2:
Relays Coordinates:
281.106, 210.839
112.113, 61.6978
310.042, 160.566
162.244, 164.304
Evaluation Time: 1.25947 seconds
Resulting Fitness: 0.854167
-------------
Particle: 3:
Relays Coordinates:
84.6856, 81.0356
137.202, 84.6687
312.116, 206.768
175.994, 247.687
Evaluation Time: 1.3186 seconds
Resulting Fitness: 0.554167
-------------
Particle: 4:
Relays Coordinates:
272.511, 241.49
111.428, 98.4544
311.09, 147.391
147.361, 226.595
Evaluation Time: 1.59213 seconds
Resulting Fitness: 0.891667
Current global best fitness: 0.9
Current global best relays: 257.296, 237.572
112.088, 91.1962
312.069, 150.413
152.652, 224.68
Particle 1 new velocities: -1.83806, 30.3864
-0.864278, 11.7816
5.69697, 201.155
-18.9155, -0.712234
Particle 2 new velocities: -30.3282, 18.4609
-1.28629, 51.2347
2.01263, -0.416385
-12.4366, -49.5575
Particle 3 new velocities: 101.109, 113.731
-13.2031, 5.42092
-0.186068, -4.39121
-5.81929, -11.8935
Particle 4 new velocities: -12.303, -0.303733
5.0952, -7.42378
-0.0292752, -32.5129
-4.3379, -1.80426
-- ITERATION 44 --
-------------
Particle: 1:
Relays Coordinates:
233.978, 206.698
109.465, 93.6329
316.389, 298.605
130.255, 195.676
Evaluation Time: 1.48578 seconds
Resulting Fitness: 0.85
-------------
Particle: 2:
Relays Coordinates:
250.778, 229.3
110.827, 112.932
312.055, 160.15
149.807, 114.746
Evaluation Time: 1.43057 seconds
Resulting Fitness: 0.691667
-------------
Particle: 3:
Relays Coordinates:
185.795, 194.767
123.999, 90.0896
311.93, 202.377
170.175, 235.794
Evaluation Time: 1.23491 seconds
Resulting Fitness: 0.8375
-------------
Particle: 4:
Relays Coordinates:
260.208, 241.186
116.523, 91.0307
311.061, 114.878
143.023, 224.791
Evaluation Time: 1.28147 seconds
Resulting Fitness: 0.904167
New local best!
New global best!
Current global best fitness: 0.904167
Current global best relays: 260.208, 241.186
116.523, 91.0307
311.061, 114.878
143.023, 224.791
Particle 1 new velocities: 16.2144, -55.3183
-3.5828, 12.4466
-3.83925, -101.15
11.9913, 72.147
Particle 2 new velocities: -21.5555, 30.5919
4.4813, 0.781737
0.2801, -52.5772
-15.937, 70.6115
Particle 3 new velocities: 139.436, 171.38
-20.5323, 5.88024
-0.909928, -115.693
-10.7654, -23.4608
Particle 4 new velocities: -9.84237, -0.242987
4.07616, -5.93902
-0.0234201, -26.0103
-3.47032, -1.44341
-- ITERATION 45 --
-------------
Particle: 1:
Relays Coordinates:
250.193, 151.38
105.882, 106.08
312.55, 197.456
142.247, 267.823
Evaluation Time: 1.30663 seconds
Resulting Fitness: 0.866667
-------------
Particle: 2:
Relays Coordinates:
229.222, 259.892
115.308, 113.714
312.335, 107.572
133.87, 185.358
Evaluation Time: 1.41464 seconds
Resulting Fitness: 0.466667
-------------
Particle: 3:
Relays Coordinates:
325.231, 350
103.467, 95.9698
311.02, 86.6839
159.409, 212.333
Evaluation Time: 1.11564 seconds
Resulting Fitness: 0.7125
-------------
Particle: 4:
Relays Coordinates:
250.366, 240.943
120.599, 85.0916
311.037, 88.8677
139.553, 223.347
Evaluation Time: 1.34534 seconds
Resulting Fitness: 0.854167
Current global best fitness: 0.904167
Current global best relays: 260.208, 241.186
116.523, 91.0307
311.061, 114.878
143.023, 224.791
Particle 1 new velocities: 27.2417, -75.0556
7.831, -2.4116
-5.65195, -139.502
22.999, -37.953
Particle 2 new velocities: 18.0416, 3.46438
3.64349, -30.0622
-1.05273, -27.7839
-0.819385, 144.174
Particle 3 new velocities: -12.3166, -101.847
25.2636, -6.44182
-0.625311, -57.6598
-14.2777, -15.9758
Particle 4 new velocities: 5.18988, -0.0805191
-4.41545, 6.55958
0.0324099, 19.6788
-0.461627, 1.03607
-- ITERATION 46 --
-------------
Particle: 1:
Relays Coordinates:
277.434, 76.3241
113.713, 103.668
306.898, 57.9534
165.246, 229.87
Evaluation Time: 1.26064 seconds
Resulting Fitness: 0.754167
-------------
Particle: 2:
Relays Coordinates:
247.264, 263.356
118.952, 83.652
311.282, 79.7885
133.051, 329.532
Evaluation Time: 0.922047 seconds
Resulting Fitness: 0.5125
-------------
Particle: 3:
Relays Coordinates:
312.914, 248.153
128.73, 89.528
310.395, 29.0241
145.132, 196.357
Evaluation Time: 1.21373 seconds
Resulting Fitness: 0.604167
-------------
Particle: 4:
Relays Coordinates:
255.556, 240.863
116.184, 91.6512
311.07, 108.547
139.091, 224.383
Evaluation Time: 1.3466 seconds
Resulting Fitness: 0.929167
New local best!
New global best!
Current global best fitness: 0.929167
Current global best relays: 255.556, 240.863
116.184, 91.6512
311.07, 108.547
139.091, 224.383
Particle 1 new velocities: -20.7169, 206.686
9.35133, -15.1364
-1.0934, 164.437
-7.4449, -27.4435
Particle 2 new velocities: 28.3908, -7.92048
-8.293, -16.7688
-0.273232, 14.2806
28.9319, -15.48
Particle 3 new velocities: -156.198, -107.001
16.8416, -4.24131
1.12035, 193.396
-19.7183, 84.1215
Particle 4 new velocities: 4.1519, -0.0644153
-3.53236, 5.24767
0.0259279, 15.7431
-0.369302, 0.828859
-- ITERATION 47 --
-------------
Particle: 1:
Relays Coordinates:
256.718, 283.01
123.065, 88.5315
305.804, 222.391
157.801, 202.427
Evaluation Time: 1.31959 seconds
Resulting Fitness: 0.8125
-------------
Particle: 2:
Relays Coordinates:
275.654, 255.436
110.659, 66.8831
311.009, 94.0691
161.983, 314.052
Evaluation Time: 0.825105 seconds
Resulting Fitness: 0.491667
-------------
Particle: 3:
Relays Coordinates:
156.716, 141.152
145.572, 85.2867
311.515, 222.42
125.413, 280.479
Evaluation Time: 1.37049 seconds
Resulting Fitness: 0.133333
-------------
Particle: 4:
Relays Coordinates:
259.708, 240.798
112.651, 96.8989
311.096, 124.29
138.722, 225.212
Evaluation Time: 1.41377 seconds
Resulting Fitness: 0.929167
Current global best fitness: 0.929167
Current global best relays: 255.556, 240.863
116.184, 91.6512
311.07, 108.547
139.091, 224.383
Particle 1 new velocities: -20.7269, 133.335
-8.00186, 4.66132
8.0173, -19.4269
-21.7064, -0.550935
Particle 2 new velocities: -9.59307, -13.0357
-2.64452, 44.8573
0.300527, 64.2269
-11.5362, -113.973
Particle 3 new velocities: -108.472, 48.094
-23.4883, 11.9753
0.436507, 94.8694
29.5776, -31.8733
Particle 4 new velocities: 0.665723, 0.0189146
-0.492452, -1.24773
-0.0185554, -13.2866
0.614536, -1.06384
-- ITERATION 48 --
-------------
Particle: 1:
Relays Coordinates:
235.991, 350
115.063, 93.1928
313.822, 202.964
136.094, 201.876
Evaluation Time: 1.34945 seconds
Resulting Fitness: 0.7125
-------------
Particle: 2:
Relays Coordinates:
266.061, 242.4
108.014, 111.74
311.31, 158.296
150.446, 200.079
Evaluation Time: 1.6689 seconds
Resulting Fitness: 0.779167
-------------
Particle: 3:
Relays Coordinates:
48.245, 189.246
122.084, 97.262
311.952, 317.289
154.991, 248.605
Evaluation Time: 1.24979 seconds
Resulting Fitness: 0.733333
-------------
Particle: 4:
Relays Coordinates:
260.373, 240.817
112.159, 95.6512
311.077, 111.003
139.336, 224.148
Evaluation Time: 1.33689 seconds
Resulting Fitness: 0.925
Current global best fitness: 0.929167
Current global best relays: 255.556, 240.863
116.184, 91.6512
311.07, 108.547
139.091, 224.383
Particle 1 new velocities: -12.6097, -204.624
-9.91193, 3.34769
1.13892, -4.86235
-10.3224, 52.8646
Particle 2 new velocities: -23.4636, -13.7856
4.35732, -17.4183
0.138019, 20.901
-25.826, -59.301
Particle 3 new velocities: 42.1803, 124.095
-23.0967, -0.675762
-0.743894, -323.566
50.4348, -56.1807
Particle 4 new velocities: -4.37289, 0.0895261
6.19419, -2.4909
-0.0351727, -14.6435
0.137994, -0.767981
-- ITERATION 49 --
-------------
Particle: 1:
Relays Coordinates:
223.381, 145.376
105.151, 96.5405
314.961, 198.101
125.772, 254.741
Evaluation Time: 1.37481 seconds
Resulting Fitness: 0.9125
New local best!
-------------
Particle: 2:
Relays Coordinates:
242.598, 228.614
112.371, 94.3221
311.448, 179.197
124.62, 140.778
Evaluation Time: 1.20631 seconds
Resulting Fitness: 0.841667
-------------
Particle: 3:
Relays Coordinates:
90.4253, 313.341
98.9868, 96.5862
311.208, 0
205.426, 192.425
Evaluation Time: 1.12855 seconds
Resulting Fitness: 0.766667
-------------
Particle: 4:
Relays Coordinates:
256.001, 240.907
118.353, 93.1603
311.042, 96.3596
139.474, 223.38
Evaluation Time: 1.3044 seconds
Resulting Fitness: 0.8875
Current global best fitness: 0.929167
Current global best relays: 255.556, 240.863
116.184, 91.6512
311.07, 108.547
139.091, 224.383
Particle 1 new velocities: 38.6714, -92.1235
-1.17642, -4.28132
-1.45922, -26.8288
14.2858, 23.5409
Particle 2 new velocities: 17.6944, 1.86143
6.25753, -17.3112
0.501491, -57.5161
17.1485, 102.539
Particle 3 new velocities: 141.64, -21.4392
4.88114, -10.0304
-0.0578618, 277.898
-59.8767, 43.5454
Particle 4 new velocities: -4.08456, 0.0206864
1.39485, -5.20248
0.0300648, 11.3199
-1.00267, 0.134428
-- ITERATION 50 --
-------------
Particle: 1:
Relays Coordinates:
262.052, 53.2527
103.974, 92.2592
313.501, 171.272
140.058, 278.281
Evaluation Time: 1.07213 seconds
Resulting Fitness: 0.583333
-------------
Particle: 2:
Relays Coordinates:
260.292, 230.476
118.629, 77.0109
311.949, 121.681
141.769, 243.318
Evaluation Time: 1.24836 seconds
Resulting Fitness: 0.558333
-------------
Particle: 3:
Relays Coordinates:
232.065, 291.901
103.868, 86.5558
311.15, 277.898
145.549, 235.97
Evaluation Time: 1.40472 seconds
Resulting Fitness: 0.8375
-------------
Particle: 4:
Relays Coordinates:
251.916, 240.928
119.748, 87.9578
311.072, 107.679
138.472, 223.515
Evaluation Time: 1.28342 seconds
Resulting Fitness: 0.8875
Final Evaluation Time: 246.62 seconds
Final global best fitness: 0.929167
Final global best relays:
255.556, 240.863
116.184, 91.6512
311.07, 108.547
139.091, 224.383
