PSO EXECUTION
============================
Seed: 42069
Particles: 4
Relays: 4
Iterations: 50
Backend: Simulation
Network Configuration: 1
Area: 350 x 350
Sink: 0, 0
Simulated Relay range: 155
w: 0.8
c1: 1.2
c2: 1.8

Relay Nodes Positions: 
PARTICLE 1: 
73.9434, 2.91728
275.312, 262.957
153.24, 105.223
223.256, 189.745
PARTICLE 2: 
250.842, 207.823
332.681, 339.023
13.993, 68.2435
116.623, 164.524
PARTICLE 3: 
49.4356, 47.9918
153.629, 118.065
320.327, 288.814
243.682, 230.982
PARTICLE 4: 
116.439, 170.169
68.3027, 23.7977
228.375, 178.175
329.07, 280.72
Nodes Positions: 
51.746, 8.78722
261.875, 316.182
325.329, 285.208
264.438, 340.025
219.524, 5.03225
292.719, 138.823
347.577, 222.204
130.979, 212.535
81.1737, 330.631
167.212, 263.508
286.299, 298.424
13.7551, 104.577
19.6884, 207.299
58.7925, 34.1988
74.8458, 93.4742
95.3297, 247.946
182.062, 24.2599
236.16, 313.095
40.706, 188.512
341.146, 112.679
103.203, 53.3657
276.311, 199.943
32.5908, 73.8457
114.398, 278.273
244.506, 150.851
307.66, 175.976
113.015, 253.873
246.316, 65.2828
67.5491, 290.585
187.723, 145.457
207.29, 38.4371
134.051, 159.265
3.39169, 117.665
320.462, 171.571
146.308, 343.905
197.782, 125.832
300.953, 84.5618
158.014, 233.823
153.628, 243.073
216.948, 52.1592
All particles start with velocity zero
-- ITERATION 0 --
-------------
Particle: 1:
Relays Coordinates:
73.9434, 2.91728
275.312, 262.957
153.24, 105.223
223.256, 189.745
Evaluation Time: 1.33569 seconds
Resulting Fitness: 0.920833
New local best!
New global best!
-------------
Particle: 2:
Relays Coordinates:
250.842, 207.823
332.681, 339.023
13.993, 68.2435
116.623, 164.524
Evaluation Time: 1.28652 seconds
Resulting Fitness: 0.891667
New local best!
-------------
Particle: 3:
Relays Coordinates:
49.4356, 47.9918
153.629, 118.065
320.327, 288.814
243.682, 230.982
Evaluation Time: 1.25248 seconds
Resulting Fitness: 0.925
New local best!
New global best!
-------------
Particle: 4:
Relays Coordinates:
116.439, 170.169
68.3027, 23.7977
228.375, 178.175
329.07, 280.72
Evaluation Time: 1.21913 seconds
Resulting Fitness: 0.879167
New local best!
Current global best fitness: 0.925
Current global best relays: 49.4356, 47.9918
153.629, 118.065
320.327, 288.814
243.682, 230.982
Particle 1 new velocities: -35.6483, 9.72575
-211.924, -176.675
123.039, 100.509
5.19055, 62.135
Particle 2 new velocities: -121.352, -217.622
-237.103, -283.742
258.188, 156.716
223.571, 25.0994
Particle 3 new velocities: 0, 0
0, 0
0, 0
0, 0
Particle 4 new velocities: -8.85778, -134.088
153.329, 85.7135
153.201, 90.8909
-111.397, -83.6237
-- ITERATION 1 --
-------------
Particle: 1:
Relays Coordinates:
38.2951, 12.643
63.3885, 86.282
276.279, 205.732
228.447, 251.88
Evaluation Time: 0.758275 seconds
Resulting Fitness: 0.4
-------------
Particle: 2:
Relays Coordinates:
129.49, 0
95.5778, 55.281
272.181, 224.959
340.194, 189.623
Evaluation Time: 0.728899 seconds
Resulting Fitness: 0.420833
-------------
Particle: 3:
Relays Coordinates:
49.4356, 47.9918
153.629, 118.065
320.327, 288.814
243.682, 230.982
Evaluation Time: 1.15888 seconds
Resulting Fitness: 0.925
-------------
Particle: 4:
Relays Coordinates:
107.581, 36.0812
221.631, 109.511
350, 269.066
217.673, 197.096
Evaluation Time: 1.1393 seconds
Resulting Fitness: 0.883333
New local best!
Current global best fitness: 0.925
Current global best relays: 49.4356, 47.9918
153.629, 118.065
320.327, 288.814
243.682, 230.982
Particle 1 new velocities: 2.80262, 34.8242
67.6313, 23.1932
50.6043, 101.505
3.04962, -3.93517
Particle 2 new velocities: -61.1608, 107.233
111.493, 110.583
243.959, 9.28343
63.7219, 10.2515
Particle 3 new velocities: 0, 0
0, 0
0, 0
0, 0
Particle 4 new velocities: -95.3716, -105.969
61.1004, 81.4889
-17.093, 93.6665
-87.481, -8.08938
-- ITERATION 2 --
-------------
Particle: 1:
Relays Coordinates:
41.0977, 47.4673
131.02, 109.475
326.883, 307.237
231.497, 247.945
Evaluation Time: 1.11183 seconds
Resulting Fitness: 0.6
-------------
Particle: 2:
Relays Coordinates:
68.329, 107.233
207.071, 165.864
350, 234.243
350, 199.875
Evaluation Time: 1.11715 seconds
Resulting Fitness: 0.8375
-------------
Particle: 3:
Relays Coordinates:
49.4356, 47.9918
153.629, 118.065
320.327, 288.814
243.682, 230.982
Evaluation Time: 1.16659 seconds
Resulting Fitness: 0.925
-------------
Particle: 4:
Relays Coordinates:
12.2092, 0
282.732, 191
332.907, 350
130.192, 189.007
Evaluation Time: 0.606242 seconds
Resulting Fitness: 0.179167
Current global best fitness: 0.925
Current global best relays: 49.4356, 47.9918
153.629, 118.065
320.327, 288.814
243.682, 230.982
Particle 1 new velocities: 29.2138, -8.62239
245.955, 181.539
-26.5857, -93.3957
8.47273, -30.4817
Particle 2 new velocities: 15.6602, 77.756
152.424, 70.1876
-423.662, -11.939
-192.161, 31.8298
Particle 3 new velocities: 0, 0
0, 0
0, 0
0, 0
Particle 4 new velocities: 38.2007, 68.9308
-66.4718, -37.2436
1.59399, -49.4746
40.3637, 26.9916
-- ITERATION 3 --
-------------
Particle: 1:
Relays Coordinates:
70.3115, 38.8449
350, 291.014
300.298, 213.841
239.969, 217.463
Evaluation Time: 0.722523 seconds
Resulting Fitness: 0.370833
-------------
Particle: 2:
Relays Coordinates:
83.9892, 184.989
350, 236.052
0, 222.304
157.839, 231.704
Evaluation Time: 0.614678 seconds
Resulting Fitness: 0.175
-------------
Particle: 3:
Relays Coordinates:
49.4356, 47.9918
153.629, 118.065
320.327, 288.814
243.682, 230.982
Evaluation Time: 1.17351 seconds
Resulting Fitness: 0.925
-------------
Particle: 4:
Relays Coordinates:
50.4099, 68.9308
216.26, 153.756
334.501, 300.525
170.555, 215.998
Evaluation Time: 0.904162 seconds
Resulting Fitness: 0.345833
Current global best fitness: 0.925
Current global best relays: 49.4356, 47.9918
153.629, 118.065
320.327, 288.814
243.682, 230.982
Particle 1 new velocities: 6.97424, -1.80523
-202.101, 33.3783
-57.5379, 33.4254
-6.3102, -35.1742
Particle 2 new velocities: 115.317, -29.4234
-287.644, -27.1577
496.374, 43.5198
-118.825, -8.81116
Particle 3 new velocities: 0, 0
0, 0
0, 0
0, 0
Particle 4 new velocities: 73.5297, 24.575
-53.5149, -135.525
5.1211, -61.2191
71.7716, 29.3323
-- ITERATION 4 --
-------------
Particle: 1:
Relays Coordinates:
77.2857, 37.0397
147.899, 324.393
242.76, 247.266
233.659, 182.289
Evaluation Time: 0.783328 seconds
Resulting Fitness: 0.379167
-------------
Particle: 2:
Relays Coordinates:
199.307, 155.566
62.3564, 208.894
350, 265.823
39.0133, 222.893
Evaluation Time: 0.682056 seconds
Resulting Fitness: 0.175
-------------
Particle: 3:
Relays Coordinates:
49.4356, 47.9918
153.629, 118.065
320.327, 288.814
243.682, 230.982
Evaluation Time: 1.66113 seconds
Resulting Fitness: 0.925
-------------
Particle: 4:
Relays Coordinates:
123.94, 93.5058
162.745, 18.2319
339.622, 239.306
242.327, 245.331
Evaluation Time: 0.880811 seconds
Resulting Fitness: 0.570833
Current global best fitness: 0.925
Current global best relays: 49.4356, 47.9918
153.629, 118.065
320.327, 288.814
243.682, 230.982
Particle 1 new velocities: -33.7246, 1.70618
-57.7943, -268.641
-33.8243, 63.8007
5.35976, 53.1177
Particle 2 new velocities: -64.3528, -47.2244
114.646, 22.4597
-396.485, -76.8272
6.54315, -31.8874
Particle 3 new velocities: 0, 0
0, 0
0, 0
0, 0
Particle 4 new velocities: 6.5982, -14.4688
-19.0347, 45.4749
-7.67466, 31.0314
39.1335, 6.04139
-- ITERATION 5 --
-------------
Particle: 1:
Relays Coordinates:
43.5611, 38.7458
90.1051, 55.7518
208.935, 311.067
239.019, 235.407
Evaluation Time: 0.796756 seconds
Resulting Fitness: 0.408333
-------------
Particle: 2:
Relays Coordinates:
134.954, 108.342
177.002, 231.354
0, 188.996
45.5565, 191.006
Evaluation Time: 1.28503 seconds
Resulting Fitness: 0.2
-------------
Particle: 3:
Relays Coordinates:
49.4356, 47.9918
153.629, 118.065
320.327, 288.814
243.682, 230.982
Evaluation Time: 1.24945 seconds
Resulting Fitness: 0.925
-------------
Particle: 4:
Relays Coordinates:
130.538, 79.037
143.71, 63.7068
331.947, 270.338
281.46, 251.372
Evaluation Time: 0.872345 seconds
Resulting Fitness: 0.491667
Current global best fitness: 0.925
Current global best relays: 49.4356, 47.9918
153.629, 118.065
320.327, 288.814
243.682, 230.982
Particle 1 new velocities: 13.4341, -30.2578
217.057, -56.6045
-10.5823, -56.0994
-6.56581, 34.5006
Particle 2 new velocities: -43.3632, -17.8032
122.885, -168.219
427.87, 94.2979
427.453, -6.48934
Particle 3 new velocities: 0, 0
0, 0
0, 0
0, 0
Particle 4 new velocities: -147.854, -102.329
49.4605, 170.563
-23.4712, 26.1451
-97.2649, -15.7596
-- ITERATION 6 --
-------------
Particle: 1:
Relays Coordinates:
56.9953, 8.48801
307.162, 0
198.353, 254.968
232.453, 269.908
Evaluation Time: 0.705039 seconds
Resulting Fitness: 0.254167
-------------
Particle: 2:
Relays Coordinates:
91.5906, 90.5385
299.887, 63.1343
350, 283.294
350, 184.516
Evaluation Time: 0.841202 seconds
Resulting Fitness: 0.491667
-------------
Particle: 3:
Relays Coordinates:
49.4356, 47.9918
153.629, 118.065
320.327, 288.814
243.682, 230.982
Evaluation Time: 1.35028 seconds
Resulting Fitness: 0.925
-------------
Particle: 4:
Relays Coordinates:
0, 0
193.171, 234.27
308.476, 296.483
184.195, 235.612
Evaluation Time: 0.648357 seconds
Resulting Fitness: 0.175
Current global best fitness: 0.925
Current global best relays: 49.4356, 47.9918
153.629, 118.065
320.327, 288.814
243.682, 230.982
Particle 1 new velocities: 6.61786, 34.5263
-100.456, 301.117
50.1536, -83.9184
1.8644, -65.7621
Particle 2 new velocities: -4.73446, 40.8383
-149.203, 36.975
-100.177, -127.061
-318.203, 38.9737
Particle 3 new velocities: 0, 0
0, 0
0, 0
0, 0
Particle 4 new velocities: 81.0261, 71.8691
17.9995, -33.6501
-7.01207, -8.44285
-51.0943, -19.2366
-- ITERATION 7 --
-------------
Particle: 1:
Relays Coordinates:
63.6131, 43.0143
206.706, 301.117
248.507, 171.049
234.318, 204.145
Evaluation Time: 0.756933 seconds
Resulting Fitness: 0.354167
-------------
Particle: 2:
Relays Coordinates:
86.8562, 131.377
150.684, 100.109
249.823, 156.233
31.7975, 223.49
Evaluation Time: 1.31073 seconds
Resulting Fitness: 0.758333
-------------
Particle: 3:
Relays Coordinates:
49.4356, 47.9918
153.629, 118.065
320.327, 288.814
243.682, 230.982
Evaluation Time: 1.33625 seconds
Resulting Fitness: 0.925
-------------
Particle: 4:
Relays Coordinates:
81.0261, 71.8691
211.17, 200.62
301.464, 288.04
133.101, 216.376
Evaluation Time: 1.34796 seconds
Resulting Fitness: 0.941667
New local best!
New global best!
Current global best fitness: 0.941667
Current global best relays: 81.0261, 71.8691
211.17, 200.62
301.464, 288.04
133.101, 216.376
Particle 1 new velocities: 34.3806, 6.22795
-45.4977, 54.3183
77.0365, 121.145
-111.917, -52.2696
Particle 2 new velocities: 41.2055, 12.4192
106.641, 417.372
-135.885, 64.5365
-44.05, -2.84023
Particle 3 new velocities: 0.151384, 17.2077
11.5173, 96.4329
-11.0133, -0.713613
-164.011, -10.1454
Particle 4 new velocities: 64.8208, 57.4953
14.3996, -26.9201
-5.60965, -6.75428
-40.8754, -15.3892
-- ITERATION 8 --
-------------
Particle: 1:
Relays Coordinates:
97.9937, 49.2422
161.208, 350
325.543, 292.195
122.401, 151.876
Evaluation Time: 0.955545 seconds
Resulting Fitness: 0.6625
-------------
Particle: 2:
Relays Coordinates:
128.062, 143.796
257.325, 350
113.938, 220.77
0, 220.65
Evaluation Time: 0.64442 seconds
Resulting Fitness: 0.175
-------------
Particle: 3:
Relays Coordinates:
49.587, 65.1994
165.146, 214.497
309.314, 288.101
79.6709, 220.836
Evaluation Time: 1.21887 seconds
Resulting Fitness: 0.641667
-------------
Particle: 4:
Relays Coordinates:
145.847, 129.364
225.57, 173.7
295.855, 281.286
92.2258, 200.987
Evaluation Time: 0.652872 seconds
Resulting Fitness: 0.175
Current global best fitness: 0.941667
Current global best relays: 81.0261, 71.8691
211.17, 200.62
301.464, 288.04
133.101, 216.376
Particle 1 new velocities: -6.61175, 19.1137
4.7781, -210.855
-2.74638, -32.8544
8.73596, 68.2885
Particle 2 new velocities: 112.01, -23.6777
112.424, -193.055
-115.123, -119.131
165.468, -6.56784
Particle 3 new velocities: 23.5191, -4.3751
56.6356, 59.9526
-20.0274, -0.413117
144.169, -8.87122
Particle 4 new velocities: -71.5432, -55.5413
-13.4005, 39.3744
6.76169, 3.48826
26.7928, 4.7586
-- ITERATION 9 --
-------------
Particle: 1:
Relays Coordinates:
91.3819, 68.3559
165.986, 139.145
322.797, 259.34
131.137, 220.164
Evaluation Time: 1.24159 seconds
Resulting Fitness: 0.841667
-------------
Particle: 2:
Relays Coordinates:
240.072, 120.118
350, 156.945
0, 101.639
165.468, 214.082
Evaluation Time: 0.717618 seconds
Resulting Fitness: 0.254167
-------------
Particle: 3:
Relays Coordinates:
73.1061, 60.8243
221.782, 274.45
289.287, 287.688
223.84, 211.965
Evaluation Time: 0.83184 seconds
Resulting Fitness: 0.4125
-------------
Particle: 4:
Relays Coordinates:
74.3037, 73.823
212.169, 213.074
302.616, 284.774
119.019, 205.745
Evaluation Time: 1.49756 seconds
Resulting Fitness: 0.95
New local best!
New global best!
Current global best fitness: 0.95
Current global best relays: 74.3037, 73.823
212.169, 213.074
302.616, 284.774
119.019, 205.745
Particle 1 new velocities: -41.3017, -43.5393
113.472, -13.7973
-121.317, -118.281
43.3183, 15.5834
Particle 2 new velocities: 64.4995, -8.7577
-196.801, 137.522
467.955, -95.8637
99.4456, -35.1665
Particle 3 new velocities: 8.75262, 3.26435
-13.3018, 9.92286
16.9474, -4.05267
84.0753, 5.82904
Particle 4 new velocities: -57.2346, -44.433
-10.7204, 31.4995
5.40935, 2.79061
21.4342, 3.80688
-- ITERATION 10 --
-------------
Particle: 1:
Relays Coordinates:
50.0803, 24.8166
279.458, 125.348
201.479, 141.059
174.455, 235.748
Evaluation Time: 0.771348 seconds
Resulting Fitness: 0.241667
-------------
Particle: 2:
Relays Coordinates:
304.571, 111.361
153.199, 294.467
350, 5.77482
264.914, 178.916
Evaluation Time: 0.724362 seconds
Resulting Fitness: 0.175
-------------
Particle: 3:
Relays Coordinates:
81.8587, 64.0887
208.48, 284.373
306.234, 283.635
307.915, 217.794
Evaluation Time: 0.908274 seconds
Resulting Fitness: 0.433333
-------------
Particle: 4:
Relays Coordinates:
17.0691, 29.39
201.449, 244.574
308.026, 287.565
140.453, 209.552
Evaluation Time: 0.716804 seconds
Resulting Fitness: 0.216667
Current global best fitness: 0.95
Current global best relays: 74.3037, 73.823
212.169, 213.074
302.616, 284.774
119.019, 205.745
Particle 1 new velocities: -8.88638, 33.3397
-12.614, 156.523
-90.7095, -47.9274
54.1731, -81.408
Particle 2 new velocities: -19.5694, -11.3997
-136.599, 95.7068
-144.405, 40.7279
-168.733, -4.55838
Particle 3 new velocities: -27.4443, 11.3536
-38.7968, -149.283
16.1179, 0.990413
-302.125, 13.3999
Particle 4 new velocities: 15.7302, 42.539
16.5883, -54.6667
-6.35722, -2.84179
-19.9542, -1.23579
-- ITERATION 11 --
-------------
Particle: 1:
Relays Coordinates:
41.1939, 58.1564
266.844, 281.871
110.77, 93.1317
228.628, 154.34
Evaluation Time: 1.57681 seconds
Resulting Fitness: 0.920833
-------------
Particle: 2:
Relays Coordinates:
285.002, 99.9609
16.5995, 350
205.595, 46.5027
96.181, 174.357
Evaluation Time: 0.784049 seconds
Resulting Fitness: 0.175
-------------
Particle: 3:
Relays Coordinates:
54.4145, 75.4423
169.683, 135.09
322.352, 284.625
5.79045, 231.194
Evaluation Time: 1.23644 seconds
Resulting Fitness: 0.733333
-------------
Particle: 4:
Relays Coordinates:
32.7993, 71.929
218.037, 189.907
301.668, 284.723
120.499, 208.316
Evaluation Time: 1.5462 seconds
Resulting Fitness: 0.608333
Current global best fitness: 0.95
Current global best relays: 74.3037, 73.823
212.169, 213.074
302.616, 284.774
119.019, 205.745
Particle 1 new velocities: 6.67548, 5.29674
-61.7919, 15.4663
253.293, 243.95
-156.931, -1.97219
Particle 2 new velocities: -63.9402, 63.0671
183.348, -57.6988
-131.696, 321.304
-106.906, 25.183
Particle 3 new velocities: 6.48701, -23.3664
-8.00666, -80.0519
8.27712, 5.07905
23.8073, -1.7194
Particle 4 new velocities: 98.3747, 37.5398
6.97415, -6.86764
-2.69317, -2.16852
-16.9029, -3.77317
-- ITERATION 12 --
-------------
Particle: 1:
Relays Coordinates:
47.8694, 63.4531
205.052, 297.337
350, 337.081
71.6967, 152.367
Evaluation Time: 1.26793 seconds
Resulting Fitness: 0.533333
-------------
Particle: 2:
Relays Coordinates:
221.062, 163.028
199.948, 292.301
73.8991, 350
0, 199.54
Evaluation Time: 0.870442 seconds
Resulting Fitness: 0.175
-------------
Particle: 3:
Relays Coordinates:
60.9015, 52.076
161.676, 55.0379
330.629, 289.704
29.5977, 229.475
Evaluation Time: 1.21732 seconds
Resulting Fitness: 0.483333
-------------
Particle: 4:
Relays Coordinates:
131.174, 109.469
225.012, 183.039
298.975, 282.554
103.596, 204.543
Evaluation Time: 1.42507 seconds
Resulting Fitness: 0.220833
Current global best fitness: 0.95
Current global best relays: 74.3037, 73.823
212.169, 213.074
302.616, 284.774
119.019, 205.745
Particle 1 new velocities: 67.6371, -46.9145
19.1792, -75.7649
-99.0239, -33.8107
42.3673, 69.2137
Particle 2 new velocities: -122.357, -35.0595
259.639, -95.8216
218.818, -119.398
109.412, -12.8072
Particle 3 new velocities: 19.8926, 14.7584
78.6369, 174.642
-26.7686, -1.61032
310.901, -28.9208
Particle 4 new velocities: 4.87021, -27.1425
-16.2768, 31.8232
4.17678, -0.287862
19.2919, -0.819738
-- ITERATION 13 --
-------------
Particle: 1:
Relays Coordinates:
115.507, 16.5386
224.231, 221.572
250.976, 303.271
114.064, 221.581
Evaluation Time: 0.767735 seconds
Resulting Fitness: 0.375
-------------
Particle: 2:
Relays Coordinates:
98.7042, 127.968
350, 196.48
292.717, 230.602
109.412, 186.733
Evaluation Time: 1.16956 seconds
Resulting Fitness: 0.491667
-------------
Particle: 3:
Relays Coordinates:
80.7941, 66.8343
240.313, 229.68
303.86, 288.094
340.499, 200.554
Evaluation Time: 0.880419 seconds
Resulting Fitness: 0.441667
-------------
Particle: 4:
Relays Coordinates:
136.044, 82.3263
208.735, 214.863
303.152, 282.266
122.888, 203.723
Evaluation Time: 1.57166 seconds
Resulting Fitness: 0.8375
Current global best fitness: 0.95
Current global best relays: 74.3037, 73.823
212.169, 213.074
302.616, 284.774
119.019, 205.745
Particle 1 new velocities: -2.19196, 3.17013
26.1193, -23.4239
-101.771, -79.2431
135.244, 23.6249
Particle 2 new velocities: -68.1915, -39.1012
-236.015, 22.7919
-81.935, -110.948
99.2047, 15.5398
Particle 3 new velocities: 4.39313, -4.23822
-49.012, 37.5842
-8.47385, -2.27443
33.1879, -15.2292
Particle 4 new velocities: -142.748, -32.6017
-8.37895, 22.2708
2.67679, 3.12618
7.31269, 1.26314
-- ITERATION 14 --
-------------
Particle: 1:
Relays Coordinates:
113.315, 19.7087
250.35, 198.148
149.205, 224.028
249.308, 245.206
Evaluation Time: 0.739612 seconds
Resulting Fitness: 0.375
-------------
Particle: 2:
Relays Coordinates:
30.5127, 88.8672
113.985, 219.271
210.782, 119.654
208.617, 202.273
Evaluation Time: 1.58924 seconds
Resulting Fitness: 0.9
New local best!
-------------
Particle: 3:
Relays Coordinates:
85.1872, 62.5961
191.301, 267.264
295.387, 285.82
350, 185.325
Evaluation Time: 0.773228 seconds
Resulting Fitness: 0.4375
-------------
Particle: 4:
Relays Coordinates:
0, 49.7246
200.356, 237.133
305.829, 285.393
130.2, 204.987
Evaluation Time: 0.758401 seconds
Resulting Fitness: 0.216667
Current global best fitness: 0.95
Current global best relays: 74.3037, 73.823
212.169, 213.074
302.616, 284.774
119.019, 205.745
Particle 1 new velocities: -45.8127, 57.9497
5.38112, 8.38347
171.488, -56.9367
-74.2588, -77.187
Particle 2 new velocities: 22.2388, -31.9935
-30.0404, 7.98104
-6.27602, 69.872
12.3733, 13.264
Particle 3 new velocities: -33.2224, -8.04982
-76.2262, -105.077
7.15694, -2.21169
-323.579, 62.6597
Particle 4 new velocities: 91.6533, 6.14001
16.4324, -33.4274
-0.804557, 2.05255
-8.06735, 2.52977
-- ITERATION 15 --
-------------
Particle: 1:
Relays Coordinates:
67.5018, 77.6584
255.731, 206.532
320.694, 167.091
175.049, 168.019
Evaluation Time: 1.29673 seconds
Resulting Fitness: 0.904167
-------------
Particle: 2:
Relays Coordinates:
52.7516, 56.8737
83.945, 227.252
204.506, 189.526
220.99, 215.537
Evaluation Time: 1.43359 seconds
Resulting Fitness: 0.329167
-------------
Particle: 3:
Relays Coordinates:
51.9648, 54.5463
115.075, 162.187
302.544, 283.608
26.4206, 247.984
Evaluation Time: 1.11415 seconds
Resulting Fitness: 0.654167
-------------
Particle: 4:
Relays Coordinates:
91.6533, 55.8646
216.788, 203.706
305.024, 287.445
122.133, 207.516
Evaluation Time: 1.45074 seconds
Resulting Fitness: 0.916667
Current global best fitness: 0.95
Current global best relays: 74.3037, 73.823
212.169, 213.074
302.616, 284.774
119.019, 205.745
Particle 1 new velocities: -18.8446, 12.3212
-6.523, 71.1001
14.2272, 118.826
-66.0289, -37.0798
Particle 2 new velocities: 48.9103, -7.41051
0.863492, -0.813596
57.8316, 118.496
-78.7446, -6.93184
Particle 3 new velocities: 1.73473, 21.3081
158.232, -30.2645
23.2805, -0.545984
-125.296, -3.45697
Particle 4 new velocities: 39.3592, 29.1395
2.24013, -10.5101
-5.09244, -3.1053
-12.6356, 0.386711
-- ITERATION 16 --
-------------
Particle: 1:
Relays Coordinates:
48.6573, 89.9796
249.209, 277.632
334.921, 285.916
109.02, 130.939
Evaluation Time: 0.992831 seconds
Resulting Fitness: 0.6
-------------
Particle: 2:
Relays Coordinates:
101.662, 49.4632
84.8084, 226.439
262.338, 308.022
142.245, 208.605
Evaluation Time: 1.30216 seconds
Resulting Fitness: 0.5875
-------------
Particle: 3:
Relays Coordinates:
53.6996, 75.8544
273.307, 131.923
325.824, 283.062
0, 244.527
Evaluation Time: 0.986772 seconds
Resulting Fitness: 0.3625
-------------
Particle: 4:
Relays Coordinates:
131.013, 85.0041
219.028, 193.196
299.932, 284.34
109.497, 207.903
Evaluation Time: 1.49095 seconds
Resulting Fitness: 0.879167
Current global best fitness: 0.95
Current global best relays: 74.3037, 73.823
212.169, 213.074
302.616, 284.774
119.019, 205.745
Particle 1 new velocities: -2.31635, -51.5864
-40.6261, -35.5014
-8.87691, 31.3868
73.4934, 102.241
Particle 2 new velocities: -66.1576, 23.054
43.7581, -27.7428
52.8536, -16.1007
-43.2602, -12.7182
Particle 3 new velocities: -1.66528, -9.05485
18.9555, 82.7821
-19.1033, 3.32171
347.572, -60.8258
Particle 4 new velocities: -62.2325, 14.8281
-0.813, 2.47299
2.84604, -2.2188
-5.52903, -2.25369
-- ITERATION 17 --
-------------
Particle: 1:
Relays Coordinates:
46.3409, 38.3932
208.582, 242.13
326.044, 317.303
182.514, 233.18
Evaluation Time: 0.784434 seconds
Resulting Fitness: 0.275
-------------
Particle: 2:
Relays Coordinates:
35.5042, 72.5172
128.567, 198.696
315.191, 291.922
98.9851, 195.887
Evaluation Time: 1.07644 seconds
Resulting Fitness: 0.633333
-------------
Particle: 3:
Relays Coordinates:
52.0343, 66.7996
292.262, 214.705
306.721, 286.384
347.572, 183.702
Evaluation Time: 0.792641 seconds
Resulting Fitness: 0.370833
-------------
Particle: 4:
Relays Coordinates:
68.78, 99.8323
218.215, 195.669
302.778, 282.121
103.968, 205.649
Evaluation Time: 1.31451 seconds
Resulting Fitness: 0.9375
Current global best fitness: 0.95
Current global best relays: 74.3037, 73.823
212.169, 213.074
302.616, 284.774
119.019, 205.745
Particle 1 new velocities: 58.8239, 10.2512
6.21252, -36.8091
-63.9123, -52.2335
-20.3513, 15.8653
Particle 2 new velocities: 5.41637, 28.379
164.194, 11.4856
-14.6113, -200.954
28.9965, 4.35528
Particle 3 new velocities: 18.0928, -2.73352
-74.0612, 22.3299
-5.43747, 3.85076
-28.4969, -9.56282
Particle 4 new velocities: -39.538, -9.99654
-10.0944, 24.8811
1.82924, 4.16648
10.7575, -1.66607
-- ITERATION 18 --
-------------
Particle: 1:
Relays Coordinates:
105.165, 48.6444
214.795, 205.321
262.132, 265.07
162.162, 249.045
Evaluation Time: 0.822887 seconds
Resulting Fitness: 0.4125
-------------
Particle: 2:
Relays Coordinates:
40.9206, 100.896
292.76, 210.182
300.58, 90.9681
127.982, 200.242
Evaluation Time: 1.28607 seconds
Resulting Fitness: 0.741667
-------------
Particle: 3:
Relays Coordinates:
70.1271, 64.0661
218.201, 237.035
301.283, 290.234
319.075, 174.139
Evaluation Time: 0.785538 seconds
Resulting Fitness: 0.4125
-------------
Particle: 4:
Relays Coordinates:
29.2421, 89.8357
208.121, 220.55
304.607, 286.288
114.726, 203.983
Evaluation Time: 1.26256 seconds
Resulting Fitness: 0.870833
Current global best fitness: 0.95
Current global best relays: 74.3037, 73.823
212.169, 213.074
302.616, 284.774
119.019, 205.745
Particle 1 new velocities: 12.7813, 6.89537
40.2191, 9.26487
-55.34, -63.8755
-30.6813, -50.4269
Particle 2 new velocities: 36.5242, 0.77119
-52.1774, 20.2689
-115.029, 82.8425
25.6539, 6.43093
Particle 3 new velocities: 16.1468, 5.9451
-86.5223, -65.7673
8.37322, 1.93517
-175.911, 85.369
Particle 4 new velocities: 70.0659, -53.2904
0.296035, 0.626474
-2.2122, 2.92431
17.9833, 2.38287
-- ITERATION 19 --
-------------
Particle: 1:
Relays Coordinates:
117.946, 55.5398
255.014, 214.586
206.792, 201.194
131.481, 198.619
Evaluation Time: 1.32519 seconds
Resulting Fitness: 0.983333
New local best!
New global best!
-------------
Particle: 2:
Relays Coordinates:
77.4448, 101.667
240.583, 230.451
185.551, 173.811
153.636, 206.673
Evaluation Time: 1.38708 seconds
Resulting Fitness: 0.95
New local best!
-------------
Particle: 3:
Relays Coordinates:
86.2738, 70.0112
131.679, 171.267
309.656, 292.169
143.164, 259.508
Evaluation Time: 1.2253 seconds
Resulting Fitness: 0.829167
-------------
Particle: 4:
Relays Coordinates:
99.308, 36.5453
208.417, 221.176
302.395, 289.212
132.709, 206.366
Evaluation Time: 1.28163 seconds
Resulting Fitness: 0.404167
Current global best fitness: 0.983333
Current global best relays: 117.946, 55.5398
255.014, 214.586
206.792, 201.194
131.481, 198.619
Particle 1 new velocities: 10.2251, 5.5163
32.1753, 7.41189
-44.272, -51.1004
-24.5451, -40.3415
Particle 2 new velocities: 91.506, -50.5337
-35.2904, 5.69672
-88.1887, 99.6789
-11.4186, 4.63624
Particle 3 new velocities: 22.6893, -37.2304
126.063, -26.2572
-122.767, -26.137
-75.6712, -8.02225
Particle 4 new velocities: 65.4748, -8.27569
65.1783, -10.7263
-93.1919, -83.8227
3.40283, -1.48724
-- ITERATION 20 --
-------------
Particle: 1:
Relays Coordinates:
128.171, 61.0561
287.189, 221.998
162.52, 150.094
106.936, 158.277
Evaluation Time: 1.32172 seconds
Resulting Fitness: 0.908333
-------------
Particle: 2:
Relays Coordinates:
168.951, 51.1336
205.293, 236.147
97.3623, 273.489
142.217, 211.309
Evaluation Time: 1.40399 seconds
Resulting Fitness: 0.175
-------------
Particle: 3:
Relays Coordinates:
108.963, 32.7807
257.741, 145.01
186.889, 266.032
67.493, 251.486
Evaluation Time: 0.80816 seconds
Resulting Fitness: 0.375
-------------
Particle: 4:
Relays Coordinates:
164.783, 28.2696
273.595, 210.45
209.203, 205.389
136.112, 204.879
Evaluation Time: 1.3343 seconds
Resulting Fitness: 0.208333
Current global best fitness: 0.983333
Current global best relays: 117.946, 55.5398
255.014, 214.586
206.792, 201.194
131.481, 198.619
Particle 1 new velocities: -18.0838, -7.78309
-26.485, -5.14471
24.1712, 26.4492
18.6816, 9.62167
Particle 2 new velocities: -61.5534, -17.3022
42.2255, -25.4882
42.1962, -93.8769
-12.3472, -14.6688
Particle 3 new velocities: -2.1781, -8.01777
-17.9571, 12.7246
-45.1545, -39.2442
180.381, -69.5876
Particle 4 new velocities: -20.6966, 49.4892
1.01412, -1.22669
-58.7414, -68.9827
-21.8572, -9.57181
-- ITERATION 21 --
-------------
Particle: 1:
Relays Coordinates:
110.087, 53.273
260.704, 216.853
186.691, 176.543
125.618, 167.899
Evaluation Time: 1.44512 seconds
Resulting Fitness: 0.916667
-------------
Particle: 2:
Relays Coordinates:
107.397, 33.8314
247.518, 210.659
139.558, 179.613
129.87, 196.64
Evaluation Time: 1.36198 seconds
Resulting Fitness: 0.991667
New local best!
New global best!
-------------
Particle: 3:
Relays Coordinates:
106.785, 24.763
239.784, 157.735
141.734, 226.788
247.874, 181.898
Evaluation Time: 0.759561 seconds
Resulting Fitness: 0.375
-------------
Particle: 4:
Relays Coordinates:
144.086, 77.7588
274.609, 209.223
150.461, 136.406
114.255, 195.307
Evaluation Time: 1.34231 seconds
Resulting Fitness: 0.504167
Current global best fitness: 0.991667
Current global best relays: 107.397, 33.8314
247.518, 210.659
139.558, 179.613
129.87, 196.64
Particle 1 new velocities: -10.1876, -7.94164
-27.0424, -8.71039
-0.758206, 25.4936
22.0841, 58.1969
Particle 2 new velocities: -49.2427, -13.8418
33.7804, -20.3905
33.7569, -75.1016
-9.87777, -11.7351
Particle 3 new velocities: -42.4072, 25.1478
-96.4536, -36.4425
-28.3435, -87.943
-33.4034, -18.8484
Particle 4 new velocities: -99.7895, -33.4538
-48.8767, 0.173003
-16.3843, 142.276
-2.42079, -6.37596
-- ITERATION 22 --
-------------
Particle: 1:
Relays Coordinates:
99.8998, 45.3313
233.662, 208.143
185.933, 202.037
147.702, 226.096
Evaluation Time: 1.30147 seconds
Resulting Fitness: 0.4125
-------------
Particle: 2:
Relays Coordinates:
58.1547, 19.9896
281.299, 190.269
173.315, 104.511
119.992, 184.905
Evaluation Time: 1.31827 seconds
Resulting Fitness: 0.95
-------------
Particle: 3:
Relays Coordinates:
64.3779, 49.9107
143.331, 121.292
113.391, 138.845
214.47, 163.05
Evaluation Time: 1.22102 seconds
Resulting Fitness: 0.85
-------------
Particle: 4:
Relays Coordinates:
44.2967, 44.3051
225.733, 209.396
134.077, 278.682
111.834, 188.931
Evaluation Time: 1.35652 seconds
Resulting Fitness: 0.7625
Current global best fitness: 0.991667
Current global best relays: 107.397, 33.8314
247.518, 210.659
139.558, 179.613
129.87, 196.64
Particle 1 new velocities: 7.07825, -0.778762
-0.0295077, -4.04104
-10.631, 10.9844
9.73531, -10.1585
Particle 2 new velocities: 18.5556, 5.5071
-32.512, -2.58392
-58.7822, 60.6679
12.8998, 12.0082
Particle 3 new velocities: 17.1386, 14.8712
9.22186, 68.8026
86.357, -4.06164
-136.456, 27.6041
Particle 4 new velocities: 19.4758, -36.1206
-49.9869, 0.749142
152.831, 115.054
7.29549, 18.0342
-- ITERATION 23 --
-------------
Particle: 1:
Relays Coordinates:
106.978, 44.5526
233.632, 204.102
175.302, 213.021
157.437, 215.937
Evaluation Time: 1.28243 seconds
Resulting Fitness: 0.395833
-------------
Particle: 2:
Relays Coordinates:
76.7102, 25.4967
248.787, 187.685
114.533, 165.179
132.892, 196.914
Evaluation Time: 1.51155 seconds
Resulting Fitness: 0.983333
-------------
Particle: 3:
Relays Coordinates:
81.5165, 64.7819
152.552, 190.095
199.748, 134.784
78.0143, 190.654
Evaluation Time: 1.33576 seconds
Resulting Fitness: 0.841667
-------------
Particle: 4:
Relays Coordinates:
63.7725, 8.18445
175.746, 210.145
286.908, 350
119.129, 206.965
Evaluation Time: 0.758935 seconds
Resulting Fitness: 0.2875
Current global best fitness: 0.991667
Current global best relays: 107.397, 33.8314
247.518, 210.659
139.558, 179.613
129.87, 196.64
Particle 1 new velocities: 15.5966, -14.6254
44.8827, 3.34367
-31.3529, -31.2769
-50.6316, -44.9765
Particle 2 new velocities: 56.0891, 19.4971
-27.9884, 24.8619
-20.7713, 60.2317
7.45352, 9.0875
Particle 3 new velocities: 34.7607, -22.7239
76.9292, 25.1727
99.0571, 166.343
134.49, 36.0108
Particle 4 new velocities: 53.9461, 59.3064
38.1953, 4.33731
-130.523, -192.938
11.0066, 6.40881
-- ITERATION 24 --
-------------
Particle: 1:
Relays Coordinates:
122.575, 29.9271
278.515, 207.446
143.949, 181.744
106.805, 170.961
Evaluation Time: 1.30165 seconds
Resulting Fitness: 0.9375
-------------
Particle: 2:
Relays Coordinates:
132.799, 44.9939
220.798, 212.547
93.7619, 225.411
140.345, 206.001
Evaluation Time: 1.40818 seconds
Resulting Fitness: 0.75
-------------
Particle: 3:
Relays Coordinates:
116.277, 42.058
229.482, 215.268
298.805, 301.127
212.504, 226.664
Evaluation Time: 0.743083 seconds
Resulting Fitness: 0.3875
-------------
Particle: 4:
Relays Coordinates:
117.719, 67.4909
213.941, 214.483
156.385, 157.062
130.136, 213.374
Evaluation Time: 1.31354 seconds
Resulting Fitness: 0.975
New local best!
Current global best fitness: 0.991667
Current global best relays: 107.397, 33.8314
247.518, 210.659
139.558, 179.613
129.87, 196.64
Particle 1 new velocities: 7.72508, -2.46609
-43.9629, 7.25321
-11.41, -26.1566
12.3659, -15.0471
Particle 2 new velocities: 3.81593, -5.36298
27.1719, 14.7006
6.71593, 32.8342
-5.48414, -8.25599
Particle 3 new velocities: 8.5699, -12.7293
25.5225, -97.7587
28.3129, 59.9561
109.057, 4.50707
Particle 4 new velocities: 38.7691, -6.31436
77.9304, -1.68274
-118.993, -129.898
8.52464, -17.0996
-- ITERATION 25 --
-------------
Particle: 1:
Relays Coordinates:
130.3, 27.461
234.552, 214.699
132.539, 155.588
119.171, 155.914
Evaluation Time: 1.27348 seconds
Resulting Fitness: 0.95
-------------
Particle: 2:
Relays Coordinates:
136.615, 39.6309
247.97, 227.247
100.478, 258.245
134.861, 197.745
Evaluation Time: 1.3414 seconds
Resulting Fitness: 0.891667
-------------
Particle: 3:
Relays Coordinates:
124.847, 29.3287
255.004, 117.509
327.118, 350
321.561, 231.172
Evaluation Time: 1.11473 seconds
Resulting Fitness: 0.691667
-------------
Particle: 4:
Relays Coordinates:
156.488, 61.1765
291.872, 212.8
37.3929, 27.1635
138.661, 196.275
Evaluation Time: 1.43191 seconds
Resulting Fitness: 0.916667
Current global best fitness: 0.991667
Current global best relays: 107.397, 33.8314
247.518, 210.659
139.558, 179.613
129.87, 196.64
Particle 1 new velocities: -24.3977, 23.0723
-20.447, 4.02029
57.2568, -0.383689
34.8208, 16.3191
Particle 2 new velocities: -71.2275, -10.589
21.2871, -14.0541
74.3524, -50.6684
-12.697, -6.8834
Particle 3 new velocities: -68.15, 9.14554
-84.4092, -51.649
-247.809, -75.288
18.304, -49.9479
Particle 4 new velocities: -84.4379, -17.8647
-24.7174, -2.85236
141.613, 107.844
-13.945, 1.1977
-- ITERATION 26 --
-------------
Particle: 1:
Relays Coordinates:
105.902, 50.5334
214.105, 218.719
189.796, 155.204
153.992, 172.233
Evaluation Time: 1.38838 seconds
Resulting Fitness: 0.966667
-------------
Particle: 2:
Relays Coordinates:
65.3878, 29.0419
269.257, 213.193
174.83, 207.576
122.164, 190.862
Evaluation Time: 1.39025 seconds
Resulting Fitness: 0.345833
-------------
Particle: 3:
Relays Coordinates:
56.6972, 38.4743
170.595, 65.8599
79.3092, 274.712
339.865, 181.224
Evaluation Time: 1.00393 seconds
Resulting Fitness: 0.504167
-------------
Particle: 4:
Relays Coordinates:
72.0499, 43.3118
267.154, 209.948
179.006, 135.007
124.716, 197.472
Evaluation Time: 1.4341 seconds
Resulting Fitness: 0.979167
New local best!
Current global best fitness: 0.991667
Current global best relays: 107.397, 33.8314
247.518, 210.659
139.558, 179.613
129.87, 196.64
Particle 1 new velocities: -14.1084, -7.83711
28.8428, -5.11521
17.2751, 21.703
-2.82206, 58.2332
Particle 2 new velocities: 14.3402, -0.860275
-3.59881, -17.5273
24.7323, -63.1007
-1.03174, -2.5606
Particle 3 new velocities: -3.49009, 13.8648
-36.2898, 136.009
34.815, -58.7176
-124.059, 5.52812
Particle 4 new velocities: -20.311, -22.9429
-23.6503, -1.10326
97.5383, 143.131
-5.68684, 0.88005
-- ITERATION 27 --
-------------
Particle: 1:
Relays Coordinates:
91.7936, 42.6962
242.948, 213.604
207.071, 176.907
151.17, 230.466
Evaluation Time: 1.24821 seconds
Resulting Fitness: 0.395833
-------------
Particle: 2:
Relays Coordinates:
79.728, 28.1816
265.658, 195.666
199.563, 144.476
121.132, 188.301
Evaluation Time: 1.42438 seconds
Resulting Fitness: 0.541667
-------------
Particle: 3:
Relays Coordinates:
53.2071, 52.3391
134.305, 201.869
114.124, 215.994
215.806, 186.752
Evaluation Time: 1.41364 seconds
Resulting Fitness: 0.358333
-------------
Particle: 4:
Relays Coordinates:
51.7388, 20.3689
243.504, 208.844
276.544, 278.138
119.029, 198.352
Evaluation Time: 0.724182 seconds
Resulting Fitness: 0.2625
Current global best fitness: 0.991667
Current global best relays: 107.397, 33.8314
247.518, 210.659
139.558, 179.613
129.87, 196.64
Particle 1 new velocities: 15.8945, -0.374492
40.2619, -5.43587
-69.1678, 35.9221
-30.4045, -31.5595
Particle 2 new velocities: 70.2404, 5.30656
-24.1876, 4.24666
-123.357, -43.0433
14.695, 19.3579
Particle 3 new velocities: 63.0335, -8.1548
169.122, 35.2924
147.679, -60.0568
-175.856, 36.3092
Particle 4 new velocities: -2.75641, 24.8589
-5.15817, 0.148873
-96.1278, -193.199
-2.08604, -1.46919
-- ITERATION 28 --
-------------
Particle: 1:
Relays Coordinates:
107.688, 42.3217
283.21, 208.168
137.903, 212.829
120.766, 198.906
Evaluation Time: 1.39841 seconds
Resulting Fitness: 0.879167
-------------
Particle: 2:
Relays Coordinates:
149.968, 33.4882
241.471, 199.913
76.2054, 101.432
135.827, 207.659
Evaluation Time: 1.33913 seconds
Resulting Fitness: 0.991667
-------------
Particle: 3:
Relays Coordinates:
116.241, 44.1843
303.427, 237.161
261.803, 155.938
39.9502, 223.061
Evaluation Time: 1.05405 seconds
Resulting Fitness: 0.404167
-------------
Particle: 4:
Relays Coordinates:
48.9824, 45.2278
238.346, 208.993
180.416, 84.9392
116.943, 196.883
Evaluation Time: 1.38451 seconds
Resulting Fitness: 0.945833
Current global best fitness: 0.991667
Current global best relays: 107.397, 33.8314
247.518, 210.659
139.558, 179.613
129.87, 196.64
Particle 1 new velocities: 16.7778, 5.28357
-21.689, -1.42535
-18.6885, 19.4424
-3.99473, -28.2221
Particle 2 new velocities: -27.0697, 4.49903
-16.2987, 16.7345
39.3438, 18.6979
-1.98054, -10.0566
Particle 3 new velocities: 30.234, -8.22494
-131.029, -101.651
-43.7254, 77.899
40.0646, 22.7406
Particle 4 new velocities: 40.5494, -2.30204
41.0303, 3.71797
-118.62, -23.0446
11.3243, -1.05879
-- ITERATION 29 --
-------------
Particle: 1:
Relays Coordinates:
124.466, 47.6053
261.521, 206.743
119.214, 232.271
116.771, 170.684
Evaluation Time: 1.33196 seconds
Resulting Fitness: 0.979167
-------------
Particle: 2:
Relays Coordinates:
122.899, 37.9872
225.172, 216.647
115.549, 120.13
133.847, 197.602
Evaluation Time: 1.41779 seconds
Resulting Fitness: 0.958333
-------------
Particle: 3:
Relays Coordinates:
146.475, 35.9593
172.398, 135.511
218.078, 233.837
80.0147, 245.802
Evaluation Time: 1.34298 seconds
Resulting Fitness: 0.945833
New local best!
-------------
Particle: 4:
Relays Coordinates:
89.5318, 42.9258
279.376, 212.711
61.796, 61.8946
128.267, 195.824
Evaluation Time: 1.33796 seconds
Resulting Fitness: 0.925
Current global best fitness: 0.991667
Current global best relays: 107.397, 33.8314
247.518, 210.659
139.558, 179.613
129.87, 196.64
Particle 1 new velocities: -14.9296, 2.6722
-42.7519, 2.4355
105.131, -26.6048
21.24, 12.5909
Particle 2 new velocities: -30.6625, -4.85845
31.3867, 11.7945
63.0026, 46.3155
-8.10927, -9.98405
Particle 3 new velocities: -8.79512, -7.29522
-24.9615, -63.4655
-75.0159, -15.0843
39.5271, -16.3675
Particle 4 new velocities: 51.3275, -15.6036
6.91965, -0.217014
45.1153, 215.795
6.95747, 0.054416
-- ITERATION 30 --
-------------
Particle: 1:
Relays Coordinates:
109.536, 50.2775
218.769, 209.178
224.346, 205.666
138.011, 183.275
Evaluation Time: 1.3019 seconds
Resulting Fitness: 0.983333
-------------
Particle: 2:
Relays Coordinates:
92.2362, 33.1288
256.559, 228.442
178.552, 166.446
125.738, 187.618
Evaluation Time: 1.35495 seconds
Resulting Fitness: 0.895833
-------------
Particle: 3:
Relays Coordinates:
137.679, 28.6641
147.437, 72.0451
143.062, 218.752
119.542, 229.434
Evaluation Time: 1.15838 seconds
Resulting Fitness: 0.808333
-------------
Particle: 4:
Relays Coordinates:
140.859, 27.3221
286.296, 212.494
106.911, 277.689
135.225, 195.879
Evaluation Time: 1.33913 seconds
Resulting Fitness: 0.475
Current global best fitness: 0.991667
Current global best relays: 107.397, 33.8314
247.518, 210.659
139.558, 179.613
129.87, 196.64
Particle 1 new velocities: -4.46252, -4.56736
-4.41365, 10.0869
-44.9018, -42.4959
0.0636307, 16.0824
Particle 2 new velocities: 7.07033, -3.11181
20.1972, -18.3019
-0.554044, 41.8654
-3.27122, 10.6555
Particle 3 new velocities: -53.5085, 0.040469
93.271, 165.681
-19.8595, -37.0231
16.7303, -52.3426
Particle 4 new velocities: -1.88872, 4.27429
-58.3649, -5.84031
60.7216, -104.076
-4.32215, 0.985049
-- ITERATION 31 --
-------------
Particle: 1:
Relays Coordinates:
105.074, 45.7102
214.355, 219.265
179.444, 163.171
138.074, 199.357
Evaluation Time: 1.41495 seconds
Resulting Fitness: 0.975
-------------
Particle: 2:
Relays Coordinates:
99.3066, 30.0169
276.756, 210.14
177.998, 208.311
122.466, 198.274
Evaluation Time: 1.30819 seconds
Resulting Fitness: 0.429167
-------------
Particle: 3:
Relays Coordinates:
84.171, 28.7046
240.708, 237.726
123.203, 181.729
136.272, 177.092
Evaluation Time: 1.33236 seconds
Resulting Fitness: 0.883333
-------------
Particle: 4:
Relays Coordinates:
138.971, 31.5964
227.931, 206.654
167.633, 173.613
130.903, 196.864
Evaluation Time: 1.36506 seconds
Resulting Fitness: 0.975
Current global best fitness: 0.991667
Current global best relays: 107.397, 33.8314
247.518, 210.659
139.558, 179.613
129.87, 196.64
Particle 1 new velocities: 6.69051, -7.05739
58.4106, 4.47504
-29.4114, 3.97762
-17.4308, 9.39645
Particle 2 new velocities: 21.2272, 1.86025
-40.6227, -14.2083
-74.4591, -41.811
0.484324, 6.95631
Particle 3 new velocities: 27.0562, 4.65056
14.6199, 25.269
31.6586, -5.24999
-24.6714, 1.20624
Particle 4 new velocities: -42.578, 7.30596
-11.922, -2.38395
39.7197, -110.399
-6.08209, 1.16795
-- ITERATION 32 --
-------------
Particle: 1:
Relays Coordinates:
111.764, 38.6528
272.766, 223.74
150.033, 167.148
120.644, 208.754
Evaluation Time: 1.42024 seconds
Resulting Fitness: 0.995833
New local best!
New global best!
-------------
Particle: 2:
Relays Coordinates:
120.534, 31.8772
236.133, 195.931
103.539, 166.5
122.951, 205.23
Evaluation Time: 1.45189 seconds
Resulting Fitness: 0.991667
-------------
Particle: 3:
Relays Coordinates:
111.227, 33.3551
255.328, 262.995
154.861, 176.479
111.601, 178.298
Evaluation Time: 1.2759 seconds
Resulting Fitness: 0.933333
-------------
Particle: 4:
Relays Coordinates:
96.3926, 38.9024
216.009, 204.27
207.353, 63.2148
124.82, 198.032
Evaluation Time: 1.33274 seconds
Resulting Fitness: 0.983333
New local best!
Current global best fitness: 0.995833
Current global best relays: 111.764, 38.6528
272.766, 223.74
150.033, 167.148
120.644, 208.754
Particle 1 new velocities: 5.35241, -5.64591
46.7285, 3.58003
-23.5291, 3.1821
-13.9446, 7.51716
Particle 2 new velocities: -1.1979, 8.63037
21.6171, 54.5388
0.823653, -20.4356
3.12087, 3.79979
Particle 3 new velocities: 56.4176, 13.0977
-55.8732, -115.317
79.5795, -5.54149
-18.5539, 104.611
Particle 4 new velocities: -7.93102, 5.47018
47.5761, 18.4973
-36.4578, -12.4158
-9.52466, 12.9754
-- ITERATION 33 --
-------------
Particle: 1:
Relays Coordinates:
117.117, 33.0069
319.494, 227.32
126.504, 170.33
106.699, 216.271
Evaluation Time: 1.05014 seconds
Resulting Fitness: 0.729167
-------------
Particle: 2:
Relays Coordinates:
119.336, 40.5076
257.75, 250.47
104.362, 146.065
126.072, 209.03
Evaluation Time: 1.45268 seconds
Resulting Fitness: 0.916667
-------------
Particle: 3:
Relays Coordinates:
167.645, 46.4528
199.454, 147.678
234.441, 170.938
93.0469, 282.909
Evaluation Time: 1.44812 seconds
Resulting Fitness: 0.175
-------------
Particle: 4:
Relays Coordinates:
88.4616, 44.3725
263.585, 222.767
170.895, 50.799
115.296, 211.007
Evaluation Time: 1.34382 seconds
Resulting Fitness: 0.5125
Current global best fitness: 0.995833
Current global best relays: 111.764, 38.6528
272.766, 223.74
150.033, 167.148
120.644, 208.754
Particle 1 new velocities: -3.42477, 5.45536
-27.3711, -5.23582
-7.78031, -2.2137
26.5661, -8.8512
Particle 2 new velocities: -24.9633, 0.710726
22.8857, 7.90632
38.0539, 46.1908
-6.31377, -6.27325
Particle 3 new velocities: -48.9408, 4.14711
-44.2409, -34.6292
-13.0687, 8.99402
-17.4077, -38.7323
Particle 4 new velocities: 4.2429, -6.17541
11.4236, 12.1647
-31.3388, 180.295
-1.84702, 0.998133
-- ITERATION 34 --
-------------
Particle: 1:
Relays Coordinates:
113.692, 38.4622
292.123, 222.084
118.723, 168.117
133.265, 207.42
Evaluation Time: 1.28185 seconds
Resulting Fitness: 0.879167
-------------
Particle: 2:
Relays Coordinates:
94.3725, 41.2183
280.636, 258.376
142.416, 192.255
119.758, 202.757
Evaluation Time: 1.3393 seconds
Resulting Fitness: 0.829167
-------------
Particle: 3:
Relays Coordinates:
118.704, 50.5999
155.214, 113.049
221.372, 179.932
75.6392, 244.176
Evaluation Time: 1.31619 seconds
Resulting Fitness: 0.929167
-------------
Particle: 4:
Relays Coordinates:
92.7045, 38.1971
275.009, 234.932
139.556, 231.094
113.449, 212.005
Evaluation Time: 1.33327 seconds
Resulting Fitness: 0.4
Current global best fitness: 0.995833
Current global best relays: 111.764, 38.6528
272.766, 223.74
150.033, 167.148
120.644, 208.754
Particle 1 new velocities: -6.11625, 4.80343
-55.5178, -1.67116
59.3583, -3.18678
-14.03, -4.21454
Particle 2 new velocities: -11.33, -11.8888
-1.76034, -49.9521
30.7044, 1.32659
2.13779, -5.28445
Particle 3 new velocities: -38.0864, -18.5384
16.5291, 137.495
-121.289, 7.16945
7.13722, -60.1744
Particle 4 new velocities: 34.4604, -4.49699
-57.8971, -6.62247
1.70631, -43.2803
6.17655, -11.2585
-- ITERATION 35 --
-------------
Particle: 1:
Relays Coordinates:
107.576, 43.2656
236.605, 220.413
178.082, 164.93
119.235, 203.205
Evaluation Time: 1.40053 seconds
Resulting Fitness: 0.991667
-------------
Particle: 2:
Relays Coordinates:
83.0426, 29.3294
278.876, 208.424
173.121, 193.582
121.896, 197.472
Evaluation Time: 1.47453 seconds
Resulting Fitness: 0.379167
-------------
Particle: 3:
Relays Coordinates:
80.6176, 32.0615
171.743, 250.544
100.083, 187.101
82.7764, 184.002
Evaluation Time: 1.27849 seconds
Resulting Fitness: 0.7875
-------------
Particle: 4:
Relays Coordinates:
127.165, 33.7001
217.111, 228.31
141.262, 187.814
119.625, 200.747
Evaluation Time: 1.40197 seconds
Resulting Fitness: 0.916667
Current global best fitness: 0.995833
Current global best relays: 111.764, 38.6528
272.766, 223.74
150.033, 167.148
120.644, 208.754
Particle 1 new velocities: 2.08417, -3.8919
39.5224, 2.17918
5.70217, 0.673326
-10.5078, 5.9211
Particle 2 new velocities: 68.3184, 2.57492
-6.91739, -30.1327
-9.93568, -10.1725
2.36446, 7.69498
Particle 3 new velocities: 39.1505, -6.01866
63.9574, 14.5385
37.2155, 17.7226
38.1479, -23.0046
Particle 4 new velocities: 4.28786, 7.1119
-19.2169, -11.9122
75.1853, -122.46
9.6026, 3.72008
-- ITERATION 36 --
-------------
Particle: 1:
Relays Coordinates:
109.66, 39.3738
276.128, 222.592
183.784, 165.603
108.727, 209.126
Evaluation Time: 1.39474 seconds
Resulting Fitness: 0.9875
-------------
Particle: 2:
Relays Coordinates:
151.361, 31.9044
271.958, 178.292
163.185, 183.409
124.26, 205.167
Evaluation Time: 1.61631 seconds
Resulting Fitness: 0.8625
-------------
Particle: 3:
Relays Coordinates:
119.768, 26.0428
235.7, 265.082
137.298, 204.824
120.924, 160.997
Evaluation Time: 1.34869 seconds
Resulting Fitness: 0.929167
-------------
Particle: 4:
Relays Coordinates:
131.453, 40.812
197.894, 216.397
216.448, 65.3541
129.228, 204.467
Evaluation Time: 1.38077 seconds
Resulting Fitness: 0.954167
Current global best fitness: 0.995833
Current global best relays: 111.764, 38.6528
272.766, 223.74
150.033, 167.148
120.644, 208.754
Particle 1 new velocities: 4.3559, -3.77279
25.3941, 3.13173
-77.8171, 2.95749
6.83273, 4.24172
Particle 2 new velocities: -2.92647, 14.6376
-21.4491, -13.7521
-50.7923, -32.3969
-0.0382127, 10.1786
Particle 3 new velocities: 50.7537, 18.7728
33.7871, -116.102
76.5146, -16.9239
22.1416, 48.2404
Particle 4 new velocities: -31.1753, 1.34479
92.7503, -5.34647
18.6066, 58.9267
-1.10807, 3.30395
-- ITERATION 37 --
-------------
Particle: 1:
Relays Coordinates:
114.016, 35.601
301.522, 225.724
105.967, 168.561
115.56, 213.368
Evaluation Time: 1.03561 seconds
Resulting Fitness: 0.720833
-------------
Particle: 2:
Relays Coordinates:
148.434, 46.542
250.509, 164.54
112.393, 151.013
124.222, 215.346
Evaluation Time: 1.47731 seconds
Resulting Fitness: 0.833333
-------------
Particle: 3:
Relays Coordinates:
170.522, 44.8156
269.487, 148.981
213.813, 187.9
143.066, 209.238
Evaluation Time: 1.60432 seconds
Resulting Fitness: 0.179167
-------------
Particle: 4:
Relays Coordinates:
100.278, 42.1568
290.645, 211.051
235.054, 124.281
128.12, 207.771
Evaluation Time: 1.49814 seconds
Resulting Fitness: 0.841667
Current global best fitness: 0.995833
Current global best relays: 111.764, 38.6528
272.766, 223.74
150.033, 167.148
120.644, 208.754
Particle 1 new velocities: 2.14568, 2.23715
-15.9109, -0.530914
-37.9673, 0.608219
8.90754, -5.62009
Particle 2 new velocities: -32.4315, -0.911156
18.4359, 102.63
-12.1477, 15.6696
0.566418, -9.65083
Particle 3 new velocities: -58.9102, 4.13067
-10.7235, -97.7901
-5.72067, 9.93805
-47.6343, 76.1359
Particle 4 new velocities: -16.2077, -2.5978
2.50005, 2.54979
2.68093, 39.7305
-17.4784, 2.90617
-- ITERATION 38 --
-------------
Particle: 1:
Relays Coordinates:
116.161, 37.8381
285.611, 225.193
67.9993, 169.169
124.468, 207.748
Evaluation Time: 1.43319 seconds
Resulting Fitness: 0.825
-------------
Particle: 2:
Relays Coordinates:
116.003, 45.6309
268.945, 267.17
100.245, 166.682
124.788, 205.695
Evaluation Time: 1.49137 seconds
Resulting Fitness: 0.854167
-------------
Particle: 3:
Relays Coordinates:
111.612, 48.9463
258.764, 51.1904
208.092, 197.838
95.4317, 285.374
Evaluation Time: 1.31975 seconds
Resulting Fitness: 0.883333
-------------
Particle: 4:
Relays Coordinates:
84.0699, 39.559
293.145, 213.601
237.735, 164.011
110.641, 210.677
Evaluation Time: 1.30546 seconds
Resulting Fitness: 0.391667
Current global best fitness: 0.995833
Current global best relays: 111.764, 38.6528
272.766, 223.74
150.033, 167.148
120.644, 208.754
Particle 1 new velocities: -8.34573, 3.20689
-32.3317, -3.15043
149.372, -0.805514
1.50203, -2.60556
Particle 2 new velocities: -35.2893, -17.1283
20.8095, 9.88431
19.6737, 19.3008
3.60429, -8.09787
Particle 3 new velocities: -38.7655, -20.0633
-33.8245, 319.95
-64.8634, -20.2104
-34.6971, -81.3528
Particle 4 new velocities: 0.430931, -4.01897
-105.416, 8.1818
-61.5497, -19.9442
-1.01992, -10.4276
-- ITERATION 39 --
-------------
Particle: 1:
Relays Coordinates:
107.816, 41.045
253.279, 222.043
217.371, 168.363
125.97, 205.143
Evaluation Time: 1.3695 seconds
Resulting Fitness: 0.6
-------------
Particle: 2:
Relays Coordinates:
80.7137, 28.5026
289.755, 277.054
119.919, 185.983
128.393, 197.597
Evaluation Time: 1.26933 seconds
Resulting Fitness: 0.520833
-------------
Particle: 3:
Relays Coordinates:
72.8461, 28.883
224.939, 350
143.229, 177.628
60.7346, 204.021
Evaluation Time: 1.50853 seconds
Resulting Fitness: 0.508333
-------------
Particle: 4:
Relays Coordinates:
84.5008, 35.5401
187.729, 221.782
176.185, 144.067
109.622, 200.249
Evaluation Time: 1.324 seconds
Resulting Fitness: 0.908333
Current global best fitness: 0.995833
Current global best relays: 111.764, 38.6528
272.766, 223.74
150.033, 167.148
120.644, 208.754
Particle 1 new velocities: -0.703296, -3.42196
6.72171, 0.186244
-7.32115, -3.37766
-1.35387, -0.259352
Particle 2 new velocities: 17.3152, 9.2829
1.84446, -115.715
70.8317, -15.8621
-7.79213, 6.73701
Particle 3 new velocities: 40.7243, -12.7824
-23.3087, -368.717
-14.3954, 24.247
34.1301, -15.653
Particle 4 new velocities: 41.439, 0.937444
10.3874, 8.17444
-19.8002, -77.0709
17.2691, -9.38769
-- ITERATION 40 --
-------------
Particle: 1:
Relays Coordinates:
107.112, 37.623
260.001, 222.229
210.05, 164.986
124.616, 204.883
Evaluation Time: 1.26854 seconds
Resulting Fitness: 0.629167
-------------
Particle: 2:
Relays Coordinates:
98.0289, 37.7854
291.599, 161.339
190.75, 170.121
120.6, 204.334
Evaluation Time: 1.35867 seconds
Resulting Fitness: 0.7125
-------------
Particle: 3:
Relays Coordinates:
113.57, 16.1007
201.63, 0
128.833, 201.875
94.8647, 188.368
Evaluation Time: 1.17726 seconds
Resulting Fitness: 0.416667
-------------
Particle: 4:
Relays Coordinates:
125.94, 36.4775
198.116, 229.957
156.385, 66.9962
126.891, 190.862
Evaluation Time: 1.41193 seconds
Resulting Fitness: 0.945833
Current global best fitness: 0.995833
Current global best relays: 111.764, 38.6528
272.766, 223.74
150.033, 167.148
120.644, 208.754
Particle 1 new velocities: 11.9637, -1.6733
36.7414, 1.41106
-119.539, 2.56346
-10.6176, 2.83796
Particle 2 new velocities: 44.0688, 4.50433
-51.6247, -13.4992
21.6776, -12.0225
-3.58923, 7.91983
Particle 3 new velocities: 37.8341, 28.0819
-14.8416, 116.398
87.5071, -28.9283
55.3116, 63.0631
Particle 4 new velocities: -23.9033, 5.00213
116.305, -26.7709
19.627, 61.5798
6.26788, 15.2841
-- ITERATION 41 --
-------------
Particle: 1:
Relays Coordinates:
119.076, 35.9497
296.742, 223.64
90.5109, 167.549
113.998, 207.721
Evaluation Time: 1.30979 seconds
Resulting Fitness: 0.7
-------------
Particle: 2:
Relays Coordinates:
142.098, 42.2898
239.974, 147.839
212.428, 158.098
117.011, 212.254
Evaluation Time: 1.34456 seconds
Resulting Fitness: 0.9125
-------------
Particle: 3:
Relays Coordinates:
151.404, 44.1826
186.789, 116.398
216.341, 172.946
150.176, 251.431
Evaluation Time: 1.49817 seconds
Resulting Fitness: 0.791667
-------------
Particle: 4:
Relays Coordinates:
102.036, 41.4796
314.421, 203.186
176.012, 128.576
133.159, 206.146
Evaluation Time: 1.33533 seconds
Resulting Fitness: 0.916667
Current global best fitness: 0.995833
Current global best relays: 111.764, 38.6528
272.766, 223.74
150.033, 167.148
120.644, 208.754
Particle 1 new velocities: 1.64193, 3.60234
3.97206, 1.18823
5.87328, 1.39316
3.69081, 3.96141
Particle 2 new velocities: 22.1214, -7.03489
-27.2941, 73.9291
-104.552, -5.10283
-0.132927, -11.5827
Particle 3 new velocities: -4.17508, 11.112
131.154, 126.102
51.8131, 27.5114
19.3711, -27.9421
Particle 4 new velocities: -12.2527, 1.14221
-20.2628, -4.12476
8.38132, 36.8715
-0.841232, 13.195
-- ITERATION 42 --
-------------
Particle: 1:
Relays Coordinates:
120.718, 39.5521
300.714, 224.828
96.3842, 168.942
117.689, 211.683
Evaluation Time: 1.14872 seconds
Resulting Fitness: 0.725
-------------
Particle: 2:
Relays Coordinates:
164.219, 35.2549
212.68, 221.768
107.876, 152.996
116.878, 200.671
Evaluation Time: 1.3163 seconds
Resulting Fitness: 0.283333
-------------
Particle: 3:
Relays Coordinates:
147.229, 55.2946
317.942, 242.5
268.154, 200.458
169.547, 223.489
Evaluation Time: 1.28489 seconds
Resulting Fitness: 0.429167
-------------
Particle: 4:
Relays Coordinates:
89.7837, 42.6218
294.158, 199.061
184.394, 165.447
132.317, 219.341
Evaluation Time: 1.28532 seconds
Resulting Fitness: 0.9375
Current global best fitness: 0.995833
Current global best relays: 111.764, 38.6528
272.766, 223.74
150.033, 167.148
120.644, 208.754
Particle 1 new velocities: -9.23396, 1.66202
-65.2256, -0.00284013
86.4958, -2.63788
7.44968, -1.28196
Particle 2 new velocities: -55.8371, -2.58458
93.6157, 47.7892
-73.5364, 17.5468
9.69585, -10.2134
Particle 3 new velocities: -39.3691, -23.5896
-64.9957, 15.7102
-30.2967, 45.754
-20.8177, -12.2833
Particle 4 new velocities: 4.87654, -7.76864
-136.622, 7.87399
-7.98127, 2.84505
-20.3773, -25.3689
-- ITERATION 43 --
-------------
Particle: 1:
Relays Coordinates:
111.484, 41.2141
235.489, 224.825
182.88, 166.304
125.139, 210.401
Evaluation Time: 1.3232 seconds
Resulting Fitness: 0.979167
-------------
Particle: 2:
Relays Coordinates:
108.382, 32.6703
306.296, 269.558
34.3396, 170.542
126.574, 190.458
Evaluation Time: 1.06608 seconds
Resulting Fitness: 0.6125
-------------
Particle: 3:
Relays Coordinates:
107.86, 31.705
252.947, 258.211
237.857, 246.212
148.73, 211.206
Evaluation Time: 1.15324 seconds
Resulting Fitness: 0.375
-------------
Particle: 4:
Relays Coordinates:
94.6603, 34.8532
157.536, 206.935
176.412, 168.293
111.94, 193.972
Evaluation Time: 1.26433 seconds
Resulting Fitness: 0.833333
Current global best fitness: 0.995833
Current global best relays: 111.764, 38.6528
272.766, 223.74
150.033, 167.148
120.644, 208.754
Particle 1 new velocities: -6.9813, -2.77492
-22.4705, -1.41932
38.1957, -0.134105
1.06005, -3.4858
Particle 2 new velocities: -42.4366, 0.811853
10.2541, -17.7381
119.104, 18.6428
1.16144, 11.0686
Particle 3 new velocities: -21.3997, -10.3277
-109.822, -22.3681
-194.21, -107.753
-62.1184, 0.933327
Particle 4 new velocities: 24.6829, -4.36833
106.161, 6.83047
7.8197, -6.0503
12.4998, -15.0957
-- ITERATION 44 --
-------------
Particle: 1:
Relays Coordinates:
104.503, 38.4392
213.018, 223.406
221.076, 166.17
126.199, 206.915
Evaluation Time: 1.21446 seconds
Resulting Fitness: 0.425
-------------
Particle: 2:
Relays Coordinates:
65.9454, 33.4822
316.55, 251.82
153.444, 189.185
127.736, 201.526
Evaluation Time: 1.17946 seconds
Resulting Fitness: 0.345833
-------------
Particle: 3:
Relays Coordinates:
86.4606, 21.3772
143.125, 235.842
43.6474, 138.458
86.6113, 212.139
Evaluation Time: 1.15814 seconds
Resulting Fitness: 0.741667
-------------
Particle: 4:
Relays Coordinates:
119.343, 30.4849
263.697, 213.766
184.232, 162.242
124.44, 178.876
Evaluation Time: 1.25801 seconds
Resulting Fitness: 0.954167
Current global best fitness: 0.995833
Current global best relays: 111.764, 38.6528
272.766, 223.74
150.033, 167.148
120.644, 208.754
Particle 1 new velocities: 4.77435, -1.8237
40.5654, -0.614166
-81.4245, 1.24316
-3.36154, 0.170141
Particle 2 new velocities: 39.3917, 7.94998
-34.9682, -40.6215
81.6741, 3.90548
-4.57174, 12.6929
Particle 3 new velocities: 64.3128, -6.29103
104.81, -83.4637
227.726, -39.6296
2.95568, 27.8545
Particle 4 new velocities: -2.90128, 11.0624
63.506, 4.17856
-30.0644, -98.1584
6.99448, 10.1377
-- ITERATION 45 --
-------------
Particle: 1:
Relays Coordinates:
109.277, 36.6155
253.584, 222.792
139.651, 167.414
122.837, 207.085
Evaluation Time: 1.25392 seconds
Resulting Fitness: 0.979167
-------------
Particle: 2:
Relays Coordinates:
105.337, 41.4321
281.582, 211.198
235.118, 193.091
123.164, 214.219
Evaluation Time: 1.22967 seconds
Resulting Fitness: 0.3875
-------------
Particle: 3:
Relays Coordinates:
150.773, 15.0862
247.935, 152.379
271.374, 98.8288
89.567, 239.993
Evaluation Time: 1.14825 seconds
Resulting Fitness: 0.716667
-------------
Particle: 4:
Relays Coordinates:
116.442, 41.5472
327.203, 217.944
154.168, 64.0838
131.434, 189.014
Evaluation Time: 1.0819 seconds
Resulting Fitness: 0.7625
Current global best fitness: 0.995833
Current global best relays: 111.764, 38.6528
272.766, 223.74
150.033, 167.148
120.644, 208.754
Particle 1 new velocities: 10.3429, -0.19969
78.1074, 0.281489
-52.7114, 0.700125
-4.73781, 1.87662
Particle 2 new velocities: 38.4261, 1.94628
-68.8055, -21.7671
-104.161, -27.3374
0.544662, 1.92288
Particle 3 new velocities: 25.0926, 41.2284
14.8368, 31.6432
-56.3208, 93.511
15.3757, 23.8157
Particle 4 new velocities: -19.7926, 3.68881
-106.73, -12.6532
16.3819, 20.2035
-5.28746, 24.8689
-- ITERATION 46 --
-------------
Particle: 1:
Relays Coordinates:
119.62, 36.4158
331.691, 223.073
86.9398, 168.114
118.099, 208.962
Evaluation Time: 1.01882 seconds
Resulting Fitness: 0.720833
-------------
Particle: 2:
Relays Coordinates:
143.763, 43.3784
212.776, 189.431
130.957, 165.753
123.708, 216.142
Evaluation Time: 1.25722 seconds
Resulting Fitness: 0.9625
-------------
Particle: 3:
Relays Coordinates:
175.866, 56.3146
262.772, 184.022
215.053, 192.34
104.943, 263.809
Evaluation Time: 1.31415 seconds
Resulting Fitness: 0.175
-------------
Particle: 4:
Relays Coordinates:
96.6494, 45.236
220.472, 205.291
170.55, 84.2873
126.147, 213.883
Evaluation Time: 1.40516 seconds
Resulting Fitness: 0.979167
Current global best fitness: 0.995833
Current global best relays: 111.764, 38.6528
272.766, 223.74
150.033, 167.148
120.644, 208.754
Particle 1 new velocities: -0.436372, 4.76818
17.4069, 1.36702
95.6643, -0.368456
3.67516, 1.04585
Particle 2 new velocities: -40.0024, -9.86753
-18.8627, 51.1362
-47.7824, -18.9332
-1.30222, -21.7375
Particle 3 new velocities: -35.9242, -6.04898
-69.4084, 28.0083
-104.888, 83.9319
3.33027, -23.8005
Particle 4 new velocities: 0.344573, -7.67098
-72.183, -8.73505
20.9093, 131.683
-10.0638, -3.03758
-- ITERATION 47 --
-------------
Particle: 1:
Relays Coordinates:
119.184, 41.184
349.098, 224.441
182.604, 167.745
121.775, 210.007
Evaluation Time: 1.15639 seconds
Resulting Fitness: 0.8375
-------------
Particle: 2:
Relays Coordinates:
103.761, 33.5109
193.914, 240.567
83.1744, 146.82
122.406, 194.405
Evaluation Time: 1.27254 seconds
Resulting Fitness: 0.933333
-------------
Particle: 3:
Relays Coordinates:
139.942, 50.2656
193.364, 212.03
110.165, 276.272
108.273, 240.009
Evaluation Time: 1.18048 seconds
Resulting Fitness: 0.458333
-------------
Particle: 4:
Relays Coordinates:
96.9939, 37.5651
148.289, 196.556
191.459, 215.971
116.083, 210.845
Evaluation Time: 1.21005 seconds
Resulting Fitness: 0.5125
Current global best fitness: 0.995833
Current global best relays: 111.764, 38.6528
272.766, 223.74
150.033, 167.148
120.644, 208.754
Particle 1 new velocities: -4.51113, -0.00763727
-39.7607, -0.207816
7.6371, -1.27082
2.30876, -1.27567
Particle 2 new velocities: -24.4509, -4.05523
38.9682, -8.25908
-1.61122, 0.632749
0.219546, 9.82452
Particle 3 new velocities: -39.365, -26.7556
15.3025, 34.3423
2.07619, -102.091
-8.33549, -38.9417
Particle 4 new velocities: 19.4061, -4.41144
57.2619, 1.10081
-10.8198, -49.7486
3.30004, -12.0423
-- ITERATION 48 --
-------------
Particle: 1:
Relays Coordinates:
114.673, 41.1763
309.337, 224.233
190.241, 166.474
124.083, 208.732
Evaluation Time: 1.21364 seconds
Resulting Fitness: 0.983333
-------------
Particle: 2:
Relays Coordinates:
79.3099, 29.4557
232.882, 232.308
81.5632, 147.453
122.626, 204.229
Evaluation Time: 1.32218 seconds
Resulting Fitness: 0.95
-------------
Particle: 3:
Relays Coordinates:
100.577, 23.51
208.666, 246.373
112.242, 174.181
99.9374, 201.067
Evaluation Time: 1.19105 seconds
Resulting Fitness: 0.941667
-------------
Particle: 4:
Relays Coordinates:
116.4, 33.1536
205.551, 197.657
180.639, 166.222
119.383, 198.803
Evaluation Time: 1.24002 seconds
Resulting Fitness: 0.966667
Current global best fitness: 0.995833
Current global best relays: 111.764, 38.6528
272.766, 223.74
150.033, 167.148
120.644, 208.754
Particle 1 new velocities: -8.19214, -1.49323
-71.0101, -1.20096
-77.9211, -0.3901
-5.36491, -0.990713
Particle 2 new velocities: 10.4591, 13.3176
73.1214, -19.4954
43.346, 37.0564
2.59202, 2.19256
Particle 3 new velocities: 18.5596, 10.5453
15.9241, -118.899
51.7953, -46.7248
-11.482, 16.5826
Particle 4 new velocities: -8.29248, 8.33028
145.445, 9.09073
-11.2629, -150.282
5.72604, 3.60777
-- ITERATION 49 --
-------------
Particle: 1:
Relays Coordinates:
106.48, 39.6831
238.327, 223.032
112.32, 166.084
118.718, 207.741
Evaluation Time: 1.31023 seconds
Resulting Fitness: 0.979167
-------------
Particle: 2:
Relays Coordinates:
89.769, 42.7732
306.003, 212.813
124.909, 184.509
125.218, 206.422
Evaluation Time: 1.16894 seconds
Resulting Fitness: 0.708333
-------------
Particle: 3:
Relays Coordinates:
119.136, 34.0553
224.59, 127.473
164.037, 127.456
88.4554, 217.649
Evaluation Time: 1.16851 seconds
Resulting Fitness: 0.858333
-------------
Particle: 4:
Relays Coordinates:
108.108, 41.4839
350, 206.748
169.376, 15.9396
125.109, 202.411
Evaluation Time: 1.0554 seconds
Resulting Fitness: 0.654167
Current global best fitness: 0.995833
Current global best relays: 111.764, 38.6528
272.766, 223.74
150.033, 167.148
120.644, 208.754
Particle 1 new velocities: -2.81411, -2.67142
22.9211, 0.249278
-17.8843, 0.187695
-1.17294, -0.208071
Particle 2 new velocities: 54.8873, 3.48017
-12.7557, -12.9
55.6531, 26.1521
-4.38479, -2.44765
Particle 3 new velocities: 36.6909, 14.1196
59.1345, 65.7568
52.2081, 129.846
23.8557, 13.5158
Particle 4 new velocities: -10.5221, 3.42486
-181.435, 20.9605
29.3999, 190.001
-0.75956, 7.5113
-- ITERATION 50 --
-------------
Particle: 1:
Relays Coordinates:
103.666, 37.0117
261.248, 223.281
94.4358, 166.272
117.545, 207.533
Evaluation Time: 1.29285 seconds
Resulting Fitness: 0.958333
-------------
Particle: 2:
Relays Coordinates:
144.656, 46.2534
293.248, 199.913
180.562, 210.661
120.833, 203.974
Evaluation Time: 1.37061 seconds
Resulting Fitness: 0.825
-------------
Particle: 3:
Relays Coordinates:
155.827, 48.1749
283.725, 193.23
216.245, 257.302
112.311, 231.165
Evaluation Time: 0.883357 seconds
Resulting Fitness: 0.320833
-------------
Particle: 4:
Relays Coordinates:
97.5854, 44.9087
168.565, 227.708
198.776, 205.94
124.35, 209.922
Evaluation Time: 1.29713 seconds
Resulting Fitness: 0.508333
Final Evaluation Time: 244.656 seconds
Final global best fitness: 0.995833
Final global best relays:
111.764, 38.6528
272.766, 223.74
150.033, 167.148
120.644, 208.754
