PSO EXECUTION
============================
Seed: 4242312313
Particles: 4
Relays: 4
Iterations: 50
Backend: Hybrid
Network Configuration: 1
Area: 350 x 350
Sink: 175, 175
Simulated Relay range: 155
w: 0.7
c1: 1
c2: 2

Relay Nodes Positions: 
PARTICLE 1: 
25.8346, 170.488
145.454, 60.3475
280.5, 299.74
187.13, 206.217
PARTICLE 2: 
71.354, 260.668
170.719, 293.773
286.959, 22.1367
200.806, 123.111
PARTICLE 3: 
145.615, 79.2756
202.283, 308.029
38.7534, 100.684
267.126, 260.98
PARTICLE 4: 
184.026, 109.216
122.221, 85.5411
312.318, 207.962
86.9264, 290.518
Nodes Positions: 
67.7031, 132.909
342.132, 304.194
177.532, 18.5967
274.775, 228.951
216.028, 221.731
30.2061, 56.1114
166.05, 182.932
199.664, 48.5661
295.113, 349.86
156.72, 119.278
320.018, 315.472
71.9274, 12.9508
307.089, 91.8464
8.15918, 173.686
96.2343, 79.3601
247.671, 149.744
45.757, 204.725
240.228, 278.662
129.16, 248.504
107.987, 285.522
All particles start with velocity zero
-- ITERATION 0 --
-------------
Particle: 1:
Relays Coordinates:
25.8346, 170.488
145.454, 60.3475
280.5, 299.74
187.13, 206.217
Evaluation Time: 0.0457679 seconds
Resulting Fitness: 0.949088
New local best!
New global best!
-------------
Particle: 2:
Relays Coordinates:
71.354, 260.668
170.719, 293.773
286.959, 22.1367
200.806, 123.111
Evaluation Time: 0.0449159 seconds
Resulting Fitness: 0.948832
New local best!
-------------
Particle: 3:
Relays Coordinates:
145.615, 79.2756
202.283, 308.029
38.7534, 100.684
267.126, 260.98
Evaluation Time: 0.0521922 seconds
Resulting Fitness: 0.948012
New local best!
-------------
Particle: 4:
Relays Coordinates:
184.026, 109.216
122.221, 85.5411
312.318, 207.962
86.9264, 290.518
Evaluation Time: 0.0606804 seconds
Resulting Fitness: 0.953102
New local best!
New global best!
Current global best fitness: 0.953102
Current global best relays: 184.026, 109.216
122.221, 85.5411
312.318, 207.962
86.9264, 290.518
Particle 1 new velocities: 261.14, -49.5539
-29.6565, 19.8138
28.6631, -17.8509
-199.728, 7.64844
Particle 2 new velocities: 79.4037, -67.5967
-59.1824, -190.516
50.2773, 129.651
-162.439, 86.316
Particle 3 new velocities: 23.1622, 57.0574
-50.8243, -198.825
191.199, 23.5758
-278.067, 3.07587
Particle 4 new velocities: 0, 0
0, 0
0, 0
0, 0
-- ITERATION 1 --
-------------
Particle: 1:
Relays Coordinates:
286.975, 120.935
115.798, 80.1613
309.163, 281.889
0, 213.865
Evaluation Time: 0.000139855 seconds
Resulting Fitness: 0
-------------
Particle: 2:
Relays Coordinates:
150.758, 193.071
111.537, 103.257
337.236, 151.788
38.3668, 209.427
Evaluation Time: 0.000144646 seconds
Resulting Fitness: 0
-------------
Particle: 3:
Relays Coordinates:
168.777, 136.333
151.458, 109.204
229.952, 124.26
0, 264.056
Evaluation Time: 9.7884e-05 seconds
Resulting Fitness: 0
-------------
Particle: 4:
Relays Coordinates:
184.026, 109.216
122.221, 85.5411
312.318, 207.962
86.9264, 290.518
Evaluation Time: 0.0552185 seconds
Resulting Fitness: 0.953102
Current global best fitness: 0.953102
Current global best relays: 184.026, 109.216
122.221, 85.5411
312.318, 207.962
86.9264, 290.518
Particle 1 new velocities: -44.9284, -18.0311
2.65432, 5.47667
12.0215, -132.808
208.597, 5.77878
Particle 2 new velocities: 51.8923, -77.851
-23.45, 3.00863
-37.7696, 84.8961
99.5646, 12.3863
Particle 3 new velocities: 33.9513, -11.076
-34.1008, -16.8856
278.342, 125.027
253.249, 30.2328
Particle 4 new velocities: 0, 0
0, 0
0, 0
0, 0
-- ITERATION 2 --
-------------
Particle: 1:
Relays Coordinates:
242.046, 102.903
118.452, 85.638
321.185, 149.081
208.597, 219.644
Evaluation Time: 0.0513231 seconds
Resulting Fitness: 0.956277
New local best!
New global best!
-------------
Particle: 2:
Relays Coordinates:
202.65, 115.22
88.087, 106.265
299.466, 236.684
137.931, 221.813
Evaluation Time: 0.041855 seconds
Resulting Fitness: 0.95663
New local best!
New global best!
-------------
Particle: 3:
Relays Coordinates:
202.728, 125.257
117.358, 92.3187
350, 249.287
253.249, 294.289
Evaluation Time: 0.0401107 seconds
Resulting Fitness: 0.945713
-------------
Particle: 4:
Relays Coordinates:
184.026, 109.216
122.221, 85.5411
312.318, 207.962
86.9264, 290.518
Evaluation Time: 0.0509668 seconds
Resulting Fitness: 0.953102
Current global best fitness: 0.95663
Current global best relays: 202.65, 115.22
88.087, 106.265
299.466, 236.684
137.931, 221.813
Particle 1 new velocities: -74.5379, 1.01302
-26.3818, 17.8948
-12.3594, 64.3869
110.049, 6.01991
Particle 2 new velocities: 36.3246, -54.4957
-16.415, 2.10604
-26.4387, 59.4272
69.6952, 8.6704
Particle 3 new velocities: -3.39549, -65.6524
-65.8949, 56.7458
-104.43, -54.7175
49.1226, 6.29978
Particle 4 new velocities: 21.7316, 4.13445
-57.1041, 16.219
-15.908, 1.60074
4.70418, -59.7704
-- ITERATION 3 --
-------------
Particle: 1:
Relays Coordinates:
167.508, 103.917
92.0702, 103.533
308.825, 213.468
318.646, 225.664
Evaluation Time: 0.0717003 seconds
Resulting Fitness: 0.945062
-------------
Particle: 2:
Relays Coordinates:
238.975, 60.7243
71.672, 108.371
273.028, 296.111
207.627, 230.483
Evaluation Time: 0.0702673 seconds
Resulting Fitness: 0.950444
-------------
Particle: 3:
Relays Coordinates:
199.333, 59.6045
51.4627, 149.065
245.57, 194.57
302.372, 300.589
Evaluation Time: 0.0670715 seconds
Resulting Fitness: 0.954064
New local best!
-------------
Particle: 4:
Relays Coordinates:
205.758, 113.351
65.1169, 101.76
296.41, 209.562
91.6305, 230.748
Evaluation Time: 0.0486368 seconds
Resulting Fitness: 0.957298
New local best!
New global best!
Current global best fitness: 0.957298
Current global best relays: 205.758, 113.351
65.1169, 101.76
296.41, 209.562
91.6305, 230.748
Particle 1 new velocities: 30.6944, 9.46643
-53.6217, -1.49841
-20.9353, 25.1555
-103.603, 9.55549
Particle 2 new velocities: 8.25297, 52.8103
2.88842, -9.39294
30.3986, -103.055
-193.017, -1.31367
Particle 3 new velocities: 8.82363, 59.593
-23.0137, 6.09239
-52.9437, -30.4908
-320.537, -42.3863
Particle 4 new velocities: 15.2121, 2.89411
-39.9728, 11.3533
-11.1356, 1.12052
3.29293, -41.8393
-- ITERATION 4 --
-------------
Particle: 1:
Relays Coordinates:
198.203, 113.383
38.4485, 102.034
287.89, 238.623
215.043, 235.219
Evaluation Time: 0.0547291 seconds
Resulting Fitness: 0.9488
-------------
Particle: 2:
Relays Coordinates:
247.228, 113.535
74.5604, 98.9783
303.426, 193.056
14.61, 229.17
Evaluation Time: 0.0533835 seconds
Resulting Fitness: 0.961794
New local best!
New global best!
-------------
Particle: 3:
Relays Coordinates:
208.157, 119.197
28.449, 155.157
192.626, 164.079
0, 258.203
Evaluation Time: 0.0408551 seconds
Resulting Fitness: 0.912351
-------------
Particle: 4:
Relays Coordinates:
220.97, 116.245
25.1441, 113.113
285.274, 210.683
94.9235, 188.909
Evaluation Time: 0.0372297 seconds
Resulting Fitness: 0.957832
New local best!
Current global best fitness: 0.961794
Current global best relays: 247.228, 113.535
74.5604, 98.9783
303.426, 193.056
14.61, 229.17
Particle 1 new velocities: 123.904, -3.10789
9.37052, -21.2715
24.2816, -104.339
-182.495, -3.6335
Particle 2 new velocities: 5.77708, 36.9672
2.0219, -6.57506
21.279, -72.1384
-135.112, -0.919566
Particle 3 new velocities: 45.8885, 19.6427
86.9699, -73.2572
105.075, 33.3238
279.673, -50.3348
Particle 4 new velocities: 48.7826, -2.50135
61.5975, -18.6384
-6.9207, -1.58077
-5.61607, 22.8882
-- ITERATION 5 --
-------------
Particle: 1:
Relays Coordinates:
322.107, 110.275
47.819, 80.7629
312.172, 134.285
32.5484, 231.586
Evaluation Time: 0.0569731 seconds
Resulting Fitness: 0.911986
-------------
Particle: 2:
Relays Coordinates:
253.005, 150.502
76.5823, 92.4032
324.705, 120.917
0, 228.25
Evaluation Time: 0.000210939 seconds
Resulting Fitness: 0
-------------
Particle: 3:
Relays Coordinates:
254.045, 138.84
115.419, 81.8998
297.702, 197.403
279.673, 207.868
Evaluation Time: 0.0990734 seconds
Resulting Fitness: 0.953632
-------------
Particle: 4:
Relays Coordinates:
269.752, 113.744
86.7416, 94.4749
278.354, 209.102
89.3074, 211.797
Evaluation Time: 0.0805824 seconds
Resulting Fitness: 0.966238
New local best!
New global best!
Current global best fitness: 0.966238
Current global best relays: 269.752, 113.744
86.7416, 94.4749
278.354, 209.102
89.3074, 211.797
Particle 1 new velocities: 10.0457, -2.92443
37.5225, -7.8223
0.794044, 70.1824
35.0753, -37.4208
Particle 2 new velocities: 34.2257, -63.077
4.79582, 0.621721
-74.1909, -2.21339
17.6214, -22.6135
Particle 3 new velocities: 39.3828, -46.205
6.29366, -26.8087
11.0798, 26.5793
170.377, -12.9991
Particle 4 new velocities: 34.1478, -1.75095
43.1183, -13.0469
-4.84449, -1.10654
-3.93125, 16.0217
-- ITERATION 6 --
-------------
Particle: 1:
Relays Coordinates:
332.153, 107.351
85.3415, 72.9406
312.966, 204.467
67.6238, 194.165
Evaluation Time: 0.0692387 seconds
Resulting Fitness: 0.959294
New local best!
-------------
Particle: 2:
Relays Coordinates:
287.23, 87.4247
81.3782, 93.0249
250.514, 118.704
17.6214, 205.637
Evaluation Time: 0.050903 seconds
Resulting Fitness: 0.909649
-------------
Particle: 3:
Relays Coordinates:
293.428, 92.6352
121.712, 55.0911
308.781, 223.982
350, 194.869
Evaluation Time: 0.0466993 seconds
Resulting Fitness: 0.955459
New local best!
-------------
Particle: 4:
Relays Coordinates:
303.9, 111.993
129.86, 81.428
273.509, 207.996
85.3761, 227.818
Evaluation Time: 0.0480132 seconds
Resulting Fitness: 0.963114
Current global best fitness: 0.966238
Current global best relays: 269.752, 113.744
86.7416, 94.4749
278.354, 209.102
89.3074, 211.797
Particle 1 new velocities: -114.579, 2.27562
27.0882, -2.53637
-32.7374, 50.3127
57.508, 0.499129
Particle 2 new velocities: -17.1827, -24.4502
3.78263, 3.86232
5.67663, 38.8721
74.6717, -11.9803
Particle 3 new velocities: 6.32902, -13.9363
-46.2103, 27.5697
-14.1518, -6.29732
-20.4069, 9.27885
Particle 4 new velocities: 0.231871, 2.15123
-64.7029, 9.66947
1.81018, 0.907339
3.42227, 5.47638
-- ITERATION 7 --
-------------
Particle: 1:
Relays Coordinates:
217.574, 109.626
112.43, 70.4042
280.228, 254.78
125.132, 194.664
Evaluation Time: 0.0506613 seconds
Resulting Fitness: 0.953184
-------------
Particle: 2:
Relays Coordinates:
270.048, 62.9745
85.1608, 96.8872
256.191, 157.576
92.2931, 193.656
Evaluation Time: 0.0559209 seconds
Resulting Fitness: 0.948062
-------------
Particle: 3:
Relays Coordinates:
299.757, 78.699
75.5022, 82.6607
294.63, 217.685
329.593, 204.148
Evaluation Time: 0.047441 seconds
Resulting Fitness: 0.949078
-------------
Particle: 4:
Relays Coordinates:
304.132, 114.144
65.1569, 91.0975
275.319, 208.903
88.7984, 233.295
Evaluation Time: 0.05199 seconds
Resulting Fitness: 0.963219
Current global best fitness: 0.966238
Current global best relays: 269.752, 113.744
86.7416, 94.4749
278.354, 209.102
89.3074, 211.797
Particle 1 new velocities: -68.6215, 6.34223
-25.3888, 16.8588
-16.7614, -5.17293
-31.9963, 3.63684
Particle 2 new velocities: -15.005, 77.0439
-4.36278, -0.613722
14.845, 89.3404
25.4222, 4.34901
Particle 3 new velocities: -26.6871, 27.5419
12.8052, 25.1886
-31.9454, -14.3514
-293.567, 0.636071
Particle 4 new velocities: -58.5497, 1.3592
-18.1324, 14.7193
5.34031, 0.730593
3.25054, -25.5379
-- ITERATION 8 --
-------------
Particle: 1:
Relays Coordinates:
148.952, 115.968
87.0409, 87.263
263.467, 249.607
93.1355, 198.301
Evaluation Time: 0.0654489 seconds
Resulting Fitness: 0.95347
-------------
Particle: 2:
Relays Coordinates:
255.043, 140.018
80.798, 96.2735
271.036, 246.917
117.715, 198.005
Evaluation Time: 0.0575007 seconds
Resulting Fitness: 0.958634
-------------
Particle: 3:
Relays Coordinates:
273.07, 106.241
88.3075, 107.849
262.684, 203.333
36.0257, 204.784
Evaluation Time: 0.0685667 seconds
Resulting Fitness: 0.960911
New local best!
-------------
Particle: 4:
Relays Coordinates:
245.582, 115.503
47.0246, 105.817
280.66, 209.634
92.0489, 207.757
Evaluation Time: 0.0473623 seconds
Resulting Fitness: 0.961525
Current global best fitness: 0.966238
Current global best relays: 269.752, 113.744
86.7416, 94.4749
278.354, 209.102
89.3074, 211.797
Particle 1 new velocities: 232.492, 0.509751
-19.1651, 13.8646
30.2842, -66.1527
-48.1471, 13.0343
Particle 2 new velocities: 12.82, 11.6068
0.921179, -1.01146
48.5691, -2.56953
-86.1153, 39.0361
Particle 3 new velocities: -18.7579, 25.4587
6.30014, 8.33776
-21.3298, -9.3806
-156.847, 5.76782
Particle 4 new velocities: -20.9816, -2.08032
0.687018, 0.678871
0.743835, 0.360816
-2.83706, -10.8841
-- ITERATION 9 --
-------------
Particle: 1:
Relays Coordinates:
350, 116.478
67.8758, 101.128
293.751, 183.454
44.9884, 211.335
Evaluation Time: 0.615063 seconds
Resulting Fitness: 0.933333
-------------
Particle: 2:
Relays Coordinates:
267.863, 151.625
81.7192, 95.2621
319.605, 244.347
31.6, 237.042
Evaluation Time: 0.585909 seconds
Resulting Fitness: 0.991667
New local best!
New global best!
-------------
Particle: 3:
Relays Coordinates:
254.312, 131.7
94.6076, 116.187
241.354, 193.953
0, 210.552
Evaluation Time: 0.643991 seconds
Resulting Fitness: 0.941667
-------------
Particle: 4:
Relays Coordinates:
224.601, 113.423
47.7116, 106.496
281.403, 209.994
89.2119, 196.873
Evaluation Time: 0.645784 seconds
Resulting Fitness: 0.966667
New local best!
Current global best fitness: 0.991667
Current global best relays: 267.863, 151.625
81.7192, 95.2621
319.605, 244.347
31.6, 237.042
Particle 1 new velocities: -108.133, 16.1592
2.61788, -18.3521
41.2048, -23.1697
-43.74, 48.2393
Particle 2 new velocities: 8.97397, 8.12476
0.644825, -0.708025
33.9983, -1.79867
-60.2807, 27.3252
Particle 3 new velocities: 10.9662, 0.380925
-18.141, -23.9152
127.424, 100.188
73.7141, 20.5268
Particle 4 new velocities: -14.2855, 34.8076
17.6057, -18.5759
72.065, 57.9568
-94.1327, 27.6899
-- ITERATION 10 --
-------------
Particle: 1:
Relays Coordinates:
241.867, 132.637
70.4937, 82.7755
334.956, 160.284
1.24835, 259.574
Evaluation Time: 8.9013e-05 seconds
Resulting Fitness: 0
-------------
Particle: 2:
Relays Coordinates:
276.836, 159.75
82.364, 94.554
350, 242.548
0, 264.367
Evaluation Time: 7.9088e-05 seconds
Resulting Fitness: 0
-------------
Particle: 3:
Relays Coordinates:
265.278, 132.081
76.4665, 92.2719
350, 294.141
73.7141, 231.078
Evaluation Time: 6.5752e-05 seconds
Resulting Fitness: 0
-------------
Particle: 4:
Relays Coordinates:
210.315, 148.23
65.3172, 87.9198
350, 267.951
0, 224.563
Evaluation Time: 7.3611e-05 seconds
Resulting Fitness: 0
Current global best fitness: 0.991667
Current global best relays: 267.863, 151.625
81.7192, 95.2621
319.605, 244.347
31.6, 237.042
Particle 1 new velocities: 24.1775, 35.4267
36.3515, 3.06316
11.8425, 132.314
26.6061, -25.4747
Particle 2 new velocities: -10.2145, -10.7795
-0.110701, 1.15867
-58.4246, 0.8274
49.2605, -25.7158
Particle 3 new velocities: 14.1421, -4.42398
2.5707, -1.41669
-49.3115, -50.7828
-27.1958, 7.32083
Particle 4 new velocities: 63.0823, 7.04687
29.3692, -1.42173
-46.9382, -30.9664
9.28941, -3.16512
-- ITERATION 11 --
-------------
Particle: 1:
Relays Coordinates:
266.045, 168.064
106.845, 85.8386
346.798, 292.598
27.8544, 234.1
Evaluation Time: 7.1184e-05 seconds
Resulting Fitness: 0
-------------
Particle: 2:
Relays Coordinates:
266.622, 148.97
82.2533, 95.7127
291.575, 243.376
49.2605, 238.651
Evaluation Time: 0.0771524 seconds
Resulting Fitness: 0.957294
-------------
Particle: 3:
Relays Coordinates:
279.42, 127.657
79.0372, 90.8552
300.689, 243.358
46.5184, 238.399
Evaluation Time: 0.210121 seconds
Resulting Fitness: 0.959375
-------------
Particle: 4:
Relays Coordinates:
273.398, 155.277
94.6865, 86.498
303.062, 236.985
9.28941, 221.398
Evaluation Time: 0.000114601 seconds
Resulting Fitness: 0
Current global best fitness: 0.991667
Current global best relays: 267.863, 151.625
81.7192, 95.2621
319.605, 244.347
31.6, 237.042
Particle 1 new velocities: 63.0053, 2.05979
-3.62221, 9.71799
-27.5069, 51.1533
43.8575, -44.7953
Particle 2 new velocities: -4.34186, -4.03679
-0.175435, 0.0620104
22.9367, 1.70449
-1.00299, -21.3165
Particle 3 new velocities: -4.50147, 23.6259
4.72299, 8.83222
-15.6066, -45.7621
-39.612, -21.7432
Particle 4 new velocities: 17.9505, -37.5738
-3.73816, 10.1945
-28.5776, -34.9409
106.301, 3.3342
-- ITERATION 12 --
-------------
Particle: 1:
Relays Coordinates:
329.05, 170.124
103.223, 95.5566
319.291, 343.752
71.712, 189.304
Evaluation Time: 7.3463e-05 seconds
Resulting Fitness: 0
-------------
Particle: 2:
Relays Coordinates:
262.28, 144.934
82.0779, 95.7747
314.512, 245.08
48.2575, 217.334
Evaluation Time: 0.192066 seconds
Resulting Fitness: 0.957946
-------------
Particle: 3:
Relays Coordinates:
274.919, 151.283
83.7602, 99.6874
285.082, 197.596
6.90634, 216.656
Evaluation Time: 0.149787 seconds
Resulting Fitness: 0.95659
-------------
Particle: 4:
Relays Coordinates:
291.348, 117.703
90.9483, 96.6925
274.484, 202.044
115.591, 224.732
Evaluation Time: 0.0501077 seconds
Resulting Fitness: 0.967192
New local best!
Current global best fitness: 0.991667
Current global best relays: 267.863, 151.625
81.7192, 95.2621
319.605, 244.347
31.6, 237.042
Particle 1 new velocities: -1.10502, -35.8547
-48.9543, -9.53047
-24.588, -232.596
-32.6787, 37.8748
Particle 2 new velocities: 2.6774, 8.34215
-0.634447, -0.237571
21.6831, -0.284904
-36.4044, 19.9963
Particle 3 new velocities: -15.6918, -4.5898
6.78071, 5.81005
26.1716, 12.8948
12.9986, -16.1536
Particle 4 new velocities: -9.437, 16.6575
-20.0998, 4.81657
55.0492, 12.7643
-69.8393, 5.80573
-- ITERATION 13 --
-------------
Particle: 1:
Relays Coordinates:
327.945, 134.269
54.2688, 86.0262
294.703, 111.156
39.0333, 227.179
Evaluation Time: 0.0735827 seconds
Resulting Fitness: 0.905225
-------------
Particle: 2:
Relays Coordinates:
264.958, 153.276
81.4434, 95.5371
336.195, 244.795
11.853, 237.331
Evaluation Time: 0.000100466 seconds
Resulting Fitness: 0
-------------
Particle: 3:
Relays Coordinates:
259.227, 146.693
90.541, 105.497
311.254, 210.491
19.9049, 200.502
Evaluation Time: 0.0823987 seconds
Resulting Fitness: 0.957428
-------------
Particle: 4:
Relays Coordinates:
281.911, 134.361
70.8485, 101.509
329.533, 214.808
45.7516, 230.537
Evaluation Time: 0.0860355 seconds
Resulting Fitness: 0.960263
Current global best fitness: 0.991667
Current global best relays: 267.863, 151.625
81.7192, 95.2621
319.605, 244.347
31.6, 237.042
Particle 1 new velocities: -25.1813, -16.4459
24.0441, -10.3675
0.561366, -62.123
-25.1708, 26.3527
Particle 2 new velocities: 7.03591, 4.7213
-0.19518, -0.915069
-1.6851, -1.23719
7.71856, 13.6954
Particle 3 new velocities: 7.57551, -22.0586
-11.8904, -0.769139
3.75679, 46.6156
27.2827, 29.8632
Particle 4 new velocities: -29.9328, 23.4934
-5.33828, -3.09299
-16.5144, 46.8484
-6.91003, 12.6201
-- ITERATION 14 --
-------------
Particle: 1:
Relays Coordinates:
302.764, 117.823
78.3128, 75.6586
295.265, 49.0327
13.8626, 253.532
Evaluation Time: 0.000174909 seconds
Resulting Fitness: 0
-------------
Particle: 2:
Relays Coordinates:
271.993, 157.997
81.2482, 94.6221
334.51, 243.558
19.5716, 251.026
Evaluation Time: 0.000158333 seconds
Resulting Fitness: 0
-------------
Particle: 3:
Relays Coordinates:
266.802, 124.634
78.6505, 104.728
315.01, 257.107
47.1876, 230.366
Evaluation Time: 0.135092 seconds
Resulting Fitness: 0.961387
New local best!
-------------
Particle: 4:
Relays Coordinates:
251.978, 157.854
65.5102, 98.4161
313.019, 261.657
38.8416, 243.158
Evaluation Time: 0.067423 seconds
Resulting Fitness: 0.954512
Current global best fitness: 0.991667
Current global best relays: 267.863, 151.625
81.7192, 95.2621
319.605, 244.347
31.6, 237.042
Particle 1 new velocities: -37.7183, 14.7886
28.0039, 25.0727
48.1586, 321.85
37.5761, -52.6822
Particle 2 new velocities: -5.17875, -7.92863
0.49594, 1.05147
-33.4297, 0.838361
39.2942, -15.8216
Particle 3 new velocities: 5.79114, 21.4637
-6.31144, -6.6148
11.4545, 15.9997
-6.47897, 33.4832
Particle 4 new velocities: -2.82771, -9.97565
4.03229, -6.92859
-34.5369, -1.96776
50.7752, -1.64263
-- ITERATION 15 --
-------------
Particle: 1:
Relays Coordinates:
265.045, 132.612
106.317, 100.731
343.423, 350
51.4386, 200.85
Evaluation Time: 0.000151321 seconds
Resulting Fitness: 0
-------------
Particle: 2:
Relays Coordinates:
266.815, 150.068
81.7442, 95.6735
301.08, 244.397
58.8658, 235.205
Evaluation Time: 0.0467593 seconds
Resulting Fitness: 0.958683
-------------
Particle: 3:
Relays Coordinates:
272.594, 146.098
72.3391, 98.1135
326.465, 273.106
40.7086, 263.849
Evaluation Time: 0.000147455 seconds
Resulting Fitness: 0
-------------
Particle: 4:
Relays Coordinates:
249.151, 147.879
69.5425, 91.4875
278.482, 259.689
89.6168, 241.515
Evaluation Time: 0.0550326 seconds
Resulting Fitness: 0.9614
Current global best fitness: 0.991667
Current global best relays: 267.863, 151.625
81.7192, 95.2621
319.605, 244.347
31.6, 237.042
Particle 1 new velocities: 24.8915, 40.652
-19.0252, -11.4346
-39.5664, -276.484
8.73347, -25.3587
Particle 2 new velocities: -2.70102, -1.71151
0.317483, -0.177698
-10.1163, 0.560611
-24.2019, -6.56402
Particle 3 new velocities: -1.22518, 10.5264
8.76006, -8.45976
-10.7976, -25.5595
-5.97248, 16.8153
Particle 4 new velocities: 35.5646, -29.8732
16.5424, 4.23661
39.2483, -33.7635
-24.6667, -11.6121
-- ITERATION 16 --
-------------
Particle: 1:
Relays Coordinates:
289.937, 173.264
87.2915, 89.2966
303.857, 73.5159
60.1721, 175.491
Evaluation Time: 0.0392975 seconds
Resulting Fitness: 0.959529
New local best!
-------------
Particle: 2:
Relays Coordinates:
264.114, 148.357
82.0617, 95.4958
290.964, 244.957
34.6639, 228.641
Evaluation Time: 0.0443686 seconds
Resulting Fitness: 0.957573
-------------
Particle: 3:
Relays Coordinates:
271.368, 156.624
81.0991, 89.6537
315.667, 247.547
34.7361, 280.664
Evaluation Time: 0.000178061 seconds
Resulting Fitness: 0
-------------
Particle: 4:
Relays Coordinates:
284.715, 118.005
86.0849, 95.7241
317.73, 225.925
64.95, 229.903
Evaluation Time: 0.0561603 seconds
Resulting Fitness: 0.963441
Current global best fitness: 0.991667
Current global best relays: 267.863, 151.625
81.7192, 95.2621
319.605, 244.347
31.6, 237.042
Particle 1 new velocities: 5.82705, 5.66423
-22.664, -5.01585
-18.3983, -106.619
-2.76333, 53.9355
Particle 2 new velocities: 2.91794, 7.00588
-0.206517, -0.560152
50.2632, -0.00937265
-22.3573, 6.73926
Particle 3 new velocities: -8.3057, -6.41848
5.12773, -1.28195
-5.49807, -16.8747
-1.78718, -85.0272
Particle 4 new velocities: 5.40697, 19.2914
6.47909, 2.58552
-7.97815, -2.11859
20.8827, -6.51211
-- ITERATION 17 --
-------------
Particle: 1:
Relays Coordinates:
295.764, 178.928
64.6275, 84.2808
285.459, 0
57.4088, 229.427
Evaluation Time: 0.000100278 seconds
Resulting Fitness: 0
-------------
Particle: 2:
Relays Coordinates:
267.032, 155.363
81.8552, 94.9357
341.227, 244.948
12.3066, 235.38
Evaluation Time: 7.4759e-05 seconds
Resulting Fitness: 0
-------------
Particle: 3:
Relays Coordinates:
263.063, 150.206
86.2269, 88.3718
310.169, 230.672
32.9489, 195.637
Evaluation Time: 0.0516068 seconds
Resulting Fitness: 0.956474
-------------
Particle: 4:
Relays Coordinates:
290.122, 137.297
92.564, 98.3096
309.752, 223.807
85.8327, 223.391
Evaluation Time: 0.0667065 seconds
Resulting Fitness: 0.960665
Current global best fitness: 0.991667
Current global best relays: 267.863, 151.625
81.7192, 95.2621
319.605, 244.347
31.6, 237.042
Particle 1 new velocities: -28.2763, -12.1282
6.22409, 5.2347
45.1225, 457.295
-13.544, 25.6982
Particle 2 new velocities: 3.59566, 4.23363
-0.381596, 0.0501278
6.59389, -0.31376
1.63855, 6.1452
Particle 3 new velocities: -0.869363, -22.5394
-8.57391, 18.8048
2.16722, 2.61578
-0.175709, 55.2305
Particle 4 new velocities: -7.42179, 23.6737
0.862292, 0.220041
-31.418, -6.7865
-63.7788, 19.4421
-- ITERATION 18 --
-------------
Particle: 1:
Relays Coordinates:
267.488, 166.8
70.8516, 89.5155
330.581, 350
43.8648, 255.125
Evaluation Time: 0.000113134 seconds
Resulting Fitness: 0
-------------
Particle: 2:
Relays Coordinates:
270.627, 159.596
81.4736, 94.9858
347.821, 244.634
13.9451, 241.525
Evaluation Time: 8.9713e-05 seconds
Resulting Fitness: 0
-------------
Particle: 3:
Relays Coordinates:
262.193, 127.666
77.6529, 107.177
312.336, 233.288
32.7732, 250.867
Evaluation Time: 0.0575147 seconds
Resulting Fitness: 0.956891
-------------
Particle: 4:
Relays Coordinates:
282.7, 160.971
93.4263, 98.5297
278.334, 217.02
22.054, 242.833
Evaluation Time: 0.000167123 seconds
Resulting Fitness: 0
Current global best fitness: 0.991667
Current global best relays: 267.863, 151.625
81.7192, 95.2621
319.605, 244.347
31.6, 237.042
Particle 1 new velocities: -8.68582, -27.3233
25.5313, 4.52013
22.355, -160.629
-0.637257, -2.57816
Particle 2 new velocities: 1.18223, -10.1432
-0.202352, 0.152066
-39.6936, -0.510045
38.3235, -4.39241
Particle 3 new velocities: 11.6492, 26.7279
0.425668, 0.0662456
15.588, 41.354
3.83191, 26.8441
Particle 4 new velocities: -16.3205, 10.0695
-9.17116, -1.46427
-1.66582, 25.2167
25.064, -9.49752
-- ITERATION 19 --
-------------
Particle: 1:
Relays Coordinates:
258.802, 139.477
96.3829, 94.0356
350, 189.371
43.2276, 252.547
Evaluation Time: 0.611692 seconds
Resulting Fitness: 0.916667
-------------
Particle: 2:
Relays Coordinates:
271.81, 149.453
81.2712, 95.1379
308.128, 244.124
52.2686, 237.133
Evaluation Time: 0.601356 seconds
Resulting Fitness: 0.983333
-------------
Particle: 3:
Relays Coordinates:
273.843, 154.394
78.0786, 107.243
327.924, 274.642
36.6051, 277.711
Evaluation Time: 0.75937 seconds
Resulting Fitness: 0.983333
New local best!
-------------
Particle: 4:
Relays Coordinates:
266.38, 171.04
84.2551, 97.0654
276.668, 242.237
47.118, 233.335
Evaluation Time: 0.637293 seconds
Resulting Fitness: 0.941667
Current global best fitness: 0.991667
Current global best relays: 267.863, 151.625
81.7192, 95.2621
319.605, 244.347
31.6, 237.042
Particle 1 new velocities: 0.584797, 3.99678
9.9223, 3.13814
-54.1702, -128.53
-11.8771, -92.4512
Particle 2 new velocities: -7.8578, -4.32053
0.661235, 0.234402
-5.06042, 0.0859826
-0.523331, -3.1883
Particle 3 new velocities: -3.02615, 15.8113
4.37695, -4.50879
-1.84016, 18.5394
1.00344, -41.5862
Particle 4 new velocities: 6.69382, -28.9869
-3.11869, -2.16744
22.6855, -5.69835
74.3646, -11.3682
-- ITERATION 20 --
-------------
Particle: 1:
Relays Coordinates:
259.386, 143.474
106.305, 97.1738
295.83, 60.8408
31.3505, 160.095
Evaluation Time: 0.046256 seconds
Resulting Fitness: 0.919904
-------------
Particle: 2:
Relays Coordinates:
263.952, 145.133
81.9324, 95.3723
303.067, 244.21
51.7453, 233.944
Evaluation Time: 0.0454553 seconds
Resulting Fitness: 0.960076
-------------
Particle: 3:
Relays Coordinates:
270.816, 170.206
82.4556, 102.734
326.084, 293.181
37.6086, 236.125
Evaluation Time: 0.0525406 seconds
Resulting Fitness: 0.957302
-------------
Particle: 4:
Relays Coordinates:
273.074, 142.053
81.1364, 94.898
299.354, 236.539
121.483, 221.967
Evaluation Time: 0.0414553 seconds
Resulting Fitness: 0.960288
Current global best fitness: 0.991667
Current global best relays: 267.863, 151.625
81.7192, 95.2621
319.605, 244.347
31.6, 237.042
Particle 1 new velocities: 19.1331, 17.9913
-26.745, -1.81709
-9.71594, 181.201
-2.73673, -6.89804
Particle 2 new velocities: 0.220465, 9.95258
-0.0189822, 0.0104143
2.05653, 0.241932
-19.9642, 4.93904
Particle 3 new velocities: -0.213822, -13.4811
-2.10712, -14.5094
-12.7484, -58.8631
0.152402, -11.0483
Particle 4 new velocities: 12.226, -9.88113
6.33905, -0.0107316
25.02, -7.29849
-47.0921, 10.5658
-- ITERATION 21 --
-------------
Particle: 1:
Relays Coordinates:
278.52, 161.465
79.5601, 95.3567
286.114, 242.041
28.6137, 153.197
Evaluation Time: 0.0527399 seconds
Resulting Fitness: 0.949797
-------------
Particle: 2:
Relays Coordinates:
264.172, 155.085
81.9135, 95.3827
305.124, 244.452
31.781, 238.883
Evaluation Time: 0.0487874 seconds
Resulting Fitness: 0.956866
-------------
Particle: 3:
Relays Coordinates:
270.603, 156.724
80.3484, 88.2247
313.336, 234.318
37.761, 225.077
Evaluation Time: 0.0482237 seconds
Resulting Fitness: 0.957657
-------------
Particle: 4:
Relays Coordinates:
285.3, 132.172
87.4755, 94.8872
324.374, 229.24
74.3905, 232.533
Evaluation Time: 0.0389238 seconds
Resulting Fitness: 0.960737
Current global best fitness: 0.991667
Current global best relays: 267.863, 151.625
81.7192, 95.2621
319.605, 244.347
31.6, 237.042
Particle 1 new velocities: -3.3474, -6.24891
-9.42142, -1.64205
4.70002, 48.4918
11.1858, 90.5134
Particle 2 new velocities: 5.94761, 0.381253
-0.539235, -0.189798
14.9301, 0.0223735
-14.3485, 1.36119
Particle 3 new velocities: -0.395514, -13.4281
-0.43614, 16.8941
-2.92039, -23.8305
-12.0429, 10.3072
Particle 4 new velocities: 4.08578, -7.90439
5.91439, 1.44711
-2.77582, -13.4687
-58.2798, 9.4718
-- ITERATION 22 --
-------------
Particle: 1:
Relays Coordinates:
275.172, 155.216
70.1387, 93.7146
290.814, 290.533
39.7995, 243.711
Evaluation Time: 0.0371669 seconds
Resulting Fitness: 0.956813
-------------
Particle: 2:
Relays Coordinates:
270.12, 155.467
81.3742, 95.1929
320.054, 244.474
17.4325, 240.244
Evaluation Time: 0.000116534 seconds
Resulting Fitness: 0
-------------
Particle: 3:
Relays Coordinates:
270.207, 143.296
79.9123, 105.119
310.415, 210.488
25.7181, 235.384
Evaluation Time: 0.0362848 seconds
Resulting Fitness: 0.957114
-------------
Particle: 4:
Relays Coordinates:
289.385, 124.268
93.3899, 96.3343
321.598, 215.772
16.1107, 242.005
Evaluation Time: 8.5902e-05 seconds
Resulting Fitness: 0
Current global best fitness: 0.991667
Current global best relays: 267.863, 151.625
81.7192, 95.2621
319.605, 244.347
31.6, 237.042
Particle 1 new velocities: -2.56583, 7.75157
24.9512, -0.705033
46.2292, -150.336
-0.838979, 10.1903
Particle 2 new velocities: 1.29414, -8.71737
0.573252, -0.0326472
9.63556, -0.177558
18.0506, -2.43836
Particle 3 new velocities: -0.28736, -1.25439
-0.0501557, 8.26399
23.2865, 82.2929
1.04957, 48.5
Particle 4 new velocities: -1.87373, -5.62544
1.33984, 1.03611
-43.8094, 6.82179
41.0543, -13.3714
-- ITERATION 23 --
-------------
Particle: 1:
Relays Coordinates:
272.606, 162.968
95.0899, 93.0096
337.043, 140.197
38.9605, 253.901
Evaluation Time: 7.0199e-05 seconds
Resulting Fitness: 0
-------------
Particle: 2:
Relays Coordinates:
271.414, 146.749
81.9475, 95.1603
329.689, 244.297
35.4832, 237.806
Evaluation Time: 0.0365978 seconds
Resulting Fitness: 0.957123
-------------
Particle: 3:
Relays Coordinates:
269.92, 142.042
79.8621, 113.383
333.702, 292.781
26.7677, 283.884
Evaluation Time: 8.6955e-05 seconds
Resulting Fitness: 0
-------------
Particle: 4:
Relays Coordinates:
287.512, 118.642
94.7297, 97.3704
277.789, 222.593
57.165, 228.633
Evaluation Time: 0.0421968 seconds
Resulting Fitness: 0.964187
Current global best fitness: 0.991667
Current global best relays: 267.863, 151.625
81.7192, 95.2621
319.605, 244.347
31.6, 237.042
Particle 1 new velocities: -4.7356, 4.0656
8.16232, 1.61889
0.27471, -43.2314
-1.62112, -55.0325
Particle 2 new velocities: -3.24953, 3.00966
-0.0581445, 0.0602713
-14.9228, -0.00682677
9.69428, -3.59843
Particle 3 new velocities: 0.307302, 16.7292
3.4837, -23.5459
6.14753, -20.026
13.8881, -27.3266
Particle 4 new velocities: -35.8104, 55.4514
-16.5973, -0.725222
11.2768, -4.45997
49.389, 0.719777
-- ITERATION 24 --
-------------
Particle: 1:
Relays Coordinates:
267.871, 167.033
103.252, 94.6285
337.318, 96.9655
37.3394, 198.869
Evaluation Time: 0.0453643 seconds
Resulting Fitness: 0.955901
-------------
Particle: 2:
Relays Coordinates:
268.164, 149.759
81.8893, 95.2205
314.767, 244.29
45.1774, 234.208
Evaluation Time: 0.0358853 seconds
Resulting Fitness: 0.960649
-------------
Particle: 3:
Relays Coordinates:
270.227, 158.771
83.3458, 89.8369
339.849, 272.755
40.6558, 256.557
Evaluation Time: 0.000108789 seconds
Resulting Fitness: 0
-------------
Particle: 4:
Relays Coordinates:
251.701, 174.094
78.1324, 96.6452
289.066, 218.133
106.554, 229.353
Evaluation Time: 0.0389919 seconds
Resulting Fitness: 0.962478
Current global best fitness: 0.991667
Current global best relays: 267.863, 151.625
81.7192, 95.2621
319.605, 244.347
31.6, 237.042
Particle 1 new velocities: 11.6208, 2.13547
-19.7865, -2.72342
-39.8205, 222.257
3.41837, -16.8935
Particle 2 new velocities: -2.54322, 4.52145
-0.310759, 0.0973098
-4.95584, 0.0914289
-1.46869, 2.86088
Particle 3 new velocities: 1.06675, 4.22694
-0.728332, 6.0001
-6.81635, -45.5587
-4.08081, -37.6107
Particle 4 new velocities: 2.53499, -20.6182
2.37245, -1.52109
58.636, 21.8652
-31.8205, -0.947633
-- ITERATION 25 --
-------------
Particle: 1:
Relays Coordinates:
279.492, 169.169
83.4657, 91.9051
297.497, 319.222
40.7578, 181.975
Evaluation Time: 0.0398159 seconds
Resulting Fitness: 0.955199
-------------
Particle: 2:
Relays Coordinates:
265.621, 154.28
81.5786, 95.3178
309.811, 244.381
43.7087, 237.069
Evaluation Time: 0.0378985 seconds
Resulting Fitness: 0.958058
-------------
Particle: 3:
Relays Coordinates:
271.294, 162.998
82.6175, 95.837
333.033, 227.196
36.575, 218.947
Evaluation Time: 0.038247 seconds
Resulting Fitness: 0.955714
-------------
Particle: 4:
Relays Coordinates:
254.236, 153.475
80.5049, 95.1241
347.702, 239.999
74.7335, 228.406
Evaluation Time: 0.039647 seconds
Resulting Fitness: 0.961949
Current global best fitness: 0.991667
Current global best relays: 267.863, 151.625
81.7192, 95.2621
319.605, 244.347
31.6, 237.042
Particle 1 new velocities: 4.38661, -4.34328
-15.645, -2.13561
5.73354, -12.3726
-0.357095, 85.78
Particle 2 new velocities: 1.43365, -1.84072
0.148601, -0.0798371
13.6444, -0.0238147
-5.26007, 1.93648
Particle 3 new velocities: -1.88182, -21.0176
-3.73241, 4.64625
-21.1681, 4.02874
-10.8603, -15.598
Particle 4 new velocities: 34.8781, -49.7797
5.10707, -0.584033
-17.1744, -11.677
-39.834, 3.67056
-- ITERATION 26 --
-------------
Particle: 1:
Relays Coordinates:
283.878, 164.825
67.8207, 89.7695
303.231, 306.85
40.4007, 267.755
Evaluation Time: 0.000118739 seconds
Resulting Fitness: 0
-------------
Particle: 2:
Relays Coordinates:
267.055, 152.44
81.7272, 95.238
323.455, 244.358
38.4487, 239.005
Evaluation Time: 0.0412558 seconds
Resulting Fitness: 0.957878
-------------
Particle: 3:
Relays Coordinates:
269.412, 141.98
78.8851, 100.483
311.865, 231.225
25.7147, 203.349
Evaluation Time: 0.0410811 seconds
Resulting Fitness: 0.956161
-------------
Particle: 4:
Relays Coordinates:
289.114, 103.696
85.6119, 94.5401
330.527, 228.322
34.8995, 232.076
Evaluation Time: 0.0379167 seconds
Resulting Fitness: 0.960932
Current global best fitness: 0.991667
Current global best relays: 267.863, 151.625
81.7192, 95.2621
319.605, 244.347
31.6, 237.042
Particle 1 new velocities: -19.9346, -13.0827
-4.2189, 8.92714
4.65952, -355.579
-0.626874, -69.3391
Particle 2 new velocities: 1.93849, -2.82884
0.099569, -0.0116457
4.79779, -0.0249168
-13.5153, -0.202579
Particle 3 new velocities: 2.06622, -1.3858
-1.19769, 0.77789
-7.3559, 65.6992
13.5903, 25.8289
Particle 4 new velocities: 20.0118, 12.4853
-0.216281, 1.0137
-58.0118, 1.50393
-15.3665, 7.36456
-- ITERATION 27 --
-------------
Particle: 1:
Relays Coordinates:
263.944, 151.743
63.6018, 98.6966
307.89, 0
39.7738, 198.416
Evaluation Time: 8.7201e-05 seconds
Resulting Fitness: 0
-------------
Particle: 2:
Relays Coordinates:
268.993, 149.611
81.8267, 95.2264
328.253, 244.333
24.9334, 238.802
Evaluation Time: 0.0366206 seconds
Resulting Fitness: 0.955423
-------------
Particle: 3:
Relays Coordinates:
271.478, 140.595
77.6874, 101.261
304.509, 296.924
39.305, 229.178
Evaluation Time: 9.1072e-05 seconds
Resulting Fitness: 0
-------------
Particle: 4:
Relays Coordinates:
309.126, 116.181
85.3956, 95.5538
272.515, 229.825
19.533, 239.441
Evaluation Time: 6.7302e-05 seconds
Resulting Fitness: 0
Current global best fitness: 0.991667
Current global best relays: 267.863, 151.625
81.7192, 95.2621
319.605, 244.347
31.6, 237.042
Particle 1 new velocities: 14.0362, 3.55782
26.9637, -6.71224
15.9551, 223.085
6.86445, 8.81262
Particle 2 new velocities: -0.834062, 2.38291
-0.0237365, 0.0302254
-18.9631, -0.00420407
-1.26107, -1.50292
Particle 3 new velocities: 1.79093, 21.4825
7.08305, -0.0478223
14.586, -17.8743
4.07105, 56.413
Particle 4 new velocities: -28.5746, 37.7623
-4.94426, 0.449381
-10.6022, 18.8512
55.0311, -1.3189
-- ITERATION 28 --
-------------
Particle: 1:
Relays Coordinates:
277.98, 155.301
90.5655, 91.9844
323.845, 223.085
46.6383, 207.229
Evaluation Time: 0.039155 seconds
Resulting Fitness: 0.956745
-------------
Particle: 2:
Relays Coordinates:
268.159, 151.994
81.803, 95.2566
309.29, 244.328
23.6723, 237.3
Evaluation Time: 0.0403968 seconds
Resulting Fitness: 0.955555
-------------
Particle: 3:
Relays Coordinates:
273.269, 162.077
84.7705, 101.213
319.095, 279.049
43.3761, 285.591
Evaluation Time: 0.000221349 seconds
Resulting Fitness: 0
-------------
Particle: 4:
Relays Coordinates:
280.551, 153.943
80.4514, 96.0032
261.913, 248.677
74.5641, 238.122
Evaluation Time: 0.0385251 seconds
Resulting Fitness: 0.96313
Current global best fitness: 0.991667
Current global best relays: 267.863, 151.625
81.7192, 95.2621
319.605, 244.347
31.6, 237.042
Particle 1 new velocities: 5.77872, 3.86211
13.8731, -0.898944
-1.11096, 70.9428
-6.30591, 21.3302
Particle 2 new velocities: -1.3606, 1.48386
-0.220106, 0.0337808
-5.18495, 0.0165923
5.28275, -1.43519
Particle 3 new velocities: -3.2192, 2.56669
-2.9304, -6.41742
14.073, -39.1965
-5.45133, 1.08823
Particle 4 new velocities: -36.7731, -4.29244
2.69057, -0.24814
2.38151, -22.1768
-6.24233, -6.26764
-- ITERATION 29 --
-------------
Particle: 1:
Relays Coordinates:
283.759, 159.163
104.439, 91.0854
322.735, 294.028
40.3323, 228.559
Evaluation Time: 0.607583 seconds
Resulting Fitness: 0.983333
New local best!
-------------
Particle: 2:
Relays Coordinates:
266.799, 153.478
81.5829, 95.2904
304.105, 244.345
28.955, 235.864
Evaluation Time: 0.603702 seconds
Resulting Fitness: 1
New local best!
New global best!
-------------
Particle: 3:
Relays Coordinates:
270.05, 164.644
81.8401, 94.7959
333.168, 239.853
37.9247, 286.679
Evaluation Time: 0.601613 seconds
Resulting Fitness: 0.991667
New local best!
-------------
Particle: 4:
Relays Coordinates:
243.778, 149.651
83.142, 95.755
264.295, 226.5
68.3217, 231.854
Evaluation Time: 0.589722 seconds
Resulting Fitness: 1
New local best!
Current global best fitness: 1
Current global best relays: 266.799, 153.478
81.5829, 95.2904
304.105, 244.345
28.955, 235.864
Particle 1 new velocities: -15.5861, -0.0851275
3.44889, 6.5119
-21.0711, -28.1213
-11.5476, 22.9047
Particle 2 new velocities: -0.952419, 1.0387
-0.154074, 0.0236465
-3.62947, 0.0116146
3.69792, -1.00463
Particle 3 new velocities: -4.66913, -3.87044
-2.06323, -3.88963
-21.4538, -25.7797
-5.42382, -2.81473
Particle 4 new velocities: 8.0425, -0.933795
-0.685531, -0.218472
11.8593, 2.68448
-78.5538, 1.87308
-- ITERATION 30 --
-------------
Particle: 1:
Relays Coordinates:
268.172, 159.078
107.887, 97.5973
301.663, 265.907
28.7848, 251.464
Evaluation Time: 9.8833e-05 seconds
Resulting Fitness: 0
-------------
Particle: 2:
Relays Coordinates:
265.846, 154.516
81.4288, 95.314
300.475, 244.357
32.653, 234.86
Evaluation Time: 0.0400654 seconds
Resulting Fitness: 0.957748
-------------
Particle: 3:
Relays Coordinates:
265.381, 160.773
79.7768, 90.9063
311.714, 214.073
32.5009, 283.864
Evaluation Time: 0.000129044 seconds
Resulting Fitness: 0
-------------
Particle: 4:
Relays Coordinates:
251.821, 148.717
82.4564, 95.5366
276.154, 229.184
0, 233.727
Evaluation Time: 8.5365e-05 seconds
Resulting Fitness: 0
Current global best fitness: 1
Current global best relays: 266.799, 153.478
81.5829, 95.2904
304.105, 244.345
28.955, 235.864
Particle 1 new velocities: -7.33009, -2.65259
-24.2339, -3.82902
-8.66357, -16.8599
2.19924, 1.55191
Particle 2 new velocities: -0.312469, -2.00056
0.0891291, -0.0206974
6.26167, -0.00328591
-0.805936, 1.03082
Particle 3 new velocities: 1.50095, -0.838565
1.47554, 0.273313
-3.34013, 48.6921
-2.68133, -0.256324
Particle 4 new velocities: 25.2121, 7.69099
-1.43542, -0.444209
19.6245, 27.6028
20.4872, 5.36687
-- ITERATION 31 --
-------------
Particle: 1:
Relays Coordinates:
260.842, 156.425
83.6536, 93.7683
293, 249.047
30.984, 253.016
Evaluation Time: 7.8259e-05 seconds
Resulting Fitness: 0
-------------
Particle: 2:
Relays Coordinates:
265.534, 152.516
81.518, 95.2933
306.737, 244.353
31.847, 235.891
Evaluation Time: 0.0436329 seconds
Resulting Fitness: 0.956101
-------------
Particle: 3:
Relays Coordinates:
266.882, 159.935
81.2524, 91.1796
308.374, 262.765
29.8196, 283.608
Evaluation Time: 0.000133879 seconds
Resulting Fitness: 0
-------------
Particle: 4:
Relays Coordinates:
277.033, 156.408
81.021, 95.0924
295.778, 256.787
20.4872, 239.094
Evaluation Time: 6.9741e-05 seconds
Resulting Fitness: 0
Current global best fitness: 1
Current global best relays: 266.799, 153.478
81.5829, 95.2904
304.105, 244.345
28.955, 235.864
Particle 1 new velocities: 21.5028, -1.11671
-2.3445, -1.03685
18.2721, -12.2093
7.31935, -33.9159
Particle 2 new velocities: 1.53601, 0.335792
0.137793, -0.0159499
2.09175, -0.0214413
-3.70292, 0.656353
Particle 3 new velocities: 1.59784, -6.62645
1.86018, 4.58325
2.77737, 16.3638
-1.70079, -85.1139
Particle 4 new velocities: 14.0831, 0.059002
-0.030339, 0.263395
28.2054, -16.6578
73.5893, -3.20525
-- ITERATION 32 --
-------------
Particle: 1:
Relays Coordinates:
282.345, 155.308
81.3091, 92.7315
311.272, 236.838
38.3034, 219.1
Evaluation Time: 0.0425465 seconds
Resulting Fitness: 0.952645
-------------
Particle: 2:
Relays Coordinates:
267.07, 152.851
81.6557, 95.2774
308.829, 244.332
28.1441, 236.547
Evaluation Time: 0.0386274 seconds
Resulting Fitness: 0.955902
-------------
Particle: 3:
Relays Coordinates:
268.48, 153.308
83.1126, 95.7628
311.152, 279.129
28.1188, 198.494
Evaluation Time: 0.0305288 seconds
Resulting Fitness: 0.955849
-------------
Particle: 4:
Relays Coordinates:
291.116, 156.467
80.9907, 95.3558
323.984, 240.129
94.0765, 235.889
Evaluation Time: 0.0363023 seconds
Resulting Fitness: 0.960194
Current global best fitness: 1
Current global best relays: 266.799, 153.478
81.5829, 95.2904
304.105, 244.345
28.955, 235.864
Particle 1 new velocities: 13.7143, -1.93282
1.94228, 1.56416
9.17953, 43.4858
-2.47006, -5.90291
Particle 2 new velocities: 0.838877, 1.12803
0.0788094, 0.00221646
-2.96976, -0.00705586
-0.510771, 0.0576489
Particle 3 new velocities: 0.0281578, 1.17939
-1.00744, 2.01249
-7.68253, -32.854
6.15964, 44.9768
Particle 4 new velocities: -25.1832, -5.5648
0.734538, 0.490406
-47.3701, -19.3278
-27.7276, -3.2399
-- ITERATION 33 --
-------------
Particle: 1:
Relays Coordinates:
296.059, 153.375
83.2514, 94.2956
320.452, 280.323
35.8333, 213.197
Evaluation Time: 0.034918 seconds
Resulting Fitness: 0.955016
-------------
Particle: 2:
Relays Coordinates:
267.909, 153.979
81.7346, 95.2796
305.859, 244.325
27.6333, 236.605
Evaluation Time: 0.0371594 seconds
Resulting Fitness: 0.956552
-------------
Particle: 3:
Relays Coordinates:
268.508, 154.488
82.1051, 97.7753
303.469, 246.275
34.2784, 243.471
Evaluation Time: 0.0282879 seconds
Resulting Fitness: 0.954973
-------------
Particle: 4:
Relays Coordinates:
265.933, 150.902
81.7252, 95.8462
276.614, 220.802
66.3489, 232.649
Evaluation Time: 0.0244563 seconds
Resulting Fitness: 0.961013
Current global best fitness: 1
Current global best relays: 266.799, 153.478
81.5829, 95.2904
304.105, 244.345
28.955, 235.864
Particle 1 new velocities: -4.33309, 3.54222
16.2586, 1.08542
-5.436, 22.7342
-1.11738, 12.4808
Particle 2 new velocities: -1.21633, 0.322708
-0.178976, 0.014389
-5.38328, 0.0297964
0.553908, -1.28641
Particle 3 new velocities: -0.801851, 0.721351
-1.03877, -3.58113
24.1273, -27.2766
-3.71275, 34.5328
Particle 4 new velocities: -17.9092, -3.19712
1.61387, -0.551881
-28.2227, 29.473
-90.4172, 0.944241
-- ITERATION 34 --
-------------
Particle: 1:
Relays Coordinates:
291.726, 156.918
99.5099, 95.381
315.016, 303.058
34.7159, 225.677
Evaluation Time: 0.0488488 seconds
Resulting Fitness: 0.957701
-------------
Particle: 2:
Relays Coordinates:
266.692, 154.302
81.5556, 95.294
300.476, 244.355
28.1873, 235.318
Evaluation Time: 0.0511223 seconds
Resulting Fitness: 0.955302
-------------
Particle: 3:
Relays Coordinates:
267.706, 155.209
81.0664, 94.1942
327.596, 218.999
30.5657, 278.003
Evaluation Time: 0.000163034 seconds
Resulting Fitness: 0
-------------
Particle: 4:
Relays Coordinates:
248.024, 147.705
83.3391, 95.2943
248.391, 250.275
0, 233.593
Evaluation Time: 0.000149264 seconds
Resulting Fitness: 0
Current global best fitness: 1
Current global best relays: 266.799, 153.478
81.5829, 95.2904
304.105, 244.345
28.955, 235.864
Particle 1 new velocities: -8.34934, 0.157342
-1.26391, -3.55882
-8.53744, -10.7233
-6.49656, 24.6852
Particle 2 new velocities: -0.629258, -1.4299
-0.0979823, 0.00232039
4.47143, 0.00685241
1.99571, 0.310116
Particle 3 new velocities: -1.68285, -0.200174
0.706195, -1.4699
-6.03851, 12.8656
3.27011, 1.56722
Particle 4 new velocities: -6.11227, 7.90735
0.244236, -0.267858
40.7699, 13.5909
55.2701, 1.86346
-- ITERATION 35 --
-------------
Particle: 1:
Relays Coordinates:
283.377, 157.075
98.246, 91.8222
306.478, 292.334
28.2194, 250.363
Evaluation Time: 0.000108633 seconds
Resulting Fitness: 0
-------------
Particle: 2:
Relays Coordinates:
266.063, 152.872
81.4576, 95.2963
304.947, 244.362
30.183, 235.628
Evaluation Time: 0.0520982 seconds
Resulting Fitness: 0.956274
-------------
Particle: 3:
Relays Coordinates:
266.023, 155.009
81.7726, 92.7243
321.558, 231.864
33.8358, 279.571
Evaluation Time: 0.00013757 seconds
Resulting Fitness: 0
-------------
Particle: 4:
Relays Coordinates:
241.911, 155.613
83.5833, 95.0264
289.161, 263.866
55.2701, 235.457
Evaluation Time: 0.0477901 seconds
Resulting Fitness: 0.958405
Current global best fitness: 1
Current global best relays: 266.799, 153.478
81.5829, 95.2904
304.105, 244.345
28.955, 235.864
Particle 1 new velocities: -15.8507, 0.000835032
-27.6529, 2.09809
-0.907165, -13.822
3.89526, -13.817
Particle 2 new velocities: 0.0734738, 0.216191
-0.0450443, -0.0119044
1.87249, -0.0267101
0.225921, 0.599724
Particle 3 new velocities: 0.0272003, 5.12005
0.434086, 5.78847
-5.5021, 33.9153
2.88884, -21.1394
Particle 4 new velocities: 26.2123, 3.46106
-3.10005, 0.357167
44.6676, -21.3423
10.372, -0.184078
-- ITERATION 36 --
-------------
Particle: 1:
Relays Coordinates:
267.526, 157.076
70.5931, 93.9203
305.571, 278.512
32.1146, 236.546
Evaluation Time: 0.0455811 seconds
Resulting Fitness: 0.952742
-------------
Particle: 2:
Relays Coordinates:
266.137, 153.088
81.4126, 95.2844
306.82, 244.335
30.4089, 236.228
Evaluation Time: 0.050442 seconds
Resulting Fitness: 0.956041
-------------
Particle: 3:
Relays Coordinates:
266.05, 160.129
82.2066, 98.5127
316.056, 265.78
36.7246, 258.431
Evaluation Time: 0.000166421 seconds
Resulting Fitness: 0
-------------
Particle: 4:
Relays Coordinates:
268.124, 159.074
80.4833, 95.3836
333.829, 242.523
65.6421, 235.273
Evaluation Time: 0.0524634 seconds
Resulting Fitness: 0.961127
Current global best fitness: 1
Current global best relays: 266.799, 153.478
81.5829, 95.2904
304.105, 244.345
28.955, 235.864
Particle 1 new velocities: -7.16009, -0.57481
29.1376, -0.00995017
2.60495, -62.8043
2.5322, -12.0862
Particle 2 new velocities: 1.67468, 1.13954
0.248338, 0.00260975
-3.22884, -0.0121488
-2.5611, -0.356038
Particle 3 new velocities: 3.03002, -7.37082
-0.788172, -2.70483
-6.575, -9.26627
-2.88257, -45.5291
Particle 4 new velocities: 14.3298, -6.52232
-0.0524721, 0.405873
-22.6469, -17.6998
-64.0535, -1.81495
-- ITERATION 37 --
-------------
Particle: 1:
Relays Coordinates:
260.366, 156.501
99.7307, 93.9104
308.176, 215.708
34.6468, 224.46
Evaluation Time: 0.0476482 seconds
Resulting Fitness: 0.957679
-------------
Particle: 2:
Relays Coordinates:
267.811, 154.228
81.6609, 95.287
303.591, 244.323
27.8478, 235.872
Evaluation Time: 0.045099 seconds
Resulting Fitness: 0.955662
-------------
Particle: 3:
Relays Coordinates:
269.08, 152.758
81.4185, 95.8079
309.481, 256.513
33.8421, 212.902
Evaluation Time: 0.0434469 seconds
Resulting Fitness: 0.956387
-------------
Particle: 4:
Relays Coordinates:
282.454, 152.551
80.4308, 95.7895
311.182, 224.824
1.58854, 233.458
Evaluation Time: 9.4454e-05 seconds
Resulting Fitness: 0
Current global best fitness: 1
Current global best relays: 266.799, 153.478
81.5829, 95.2904
304.105, 244.345
28.955, 235.864
Particle 1 new velocities: 11.3368, -2.90465
6.49964, 0.669622
3.8941, 38.7949
-5.1433, 4.75827
Particle 2 new velocities: -1.16995, -0.579065
0.0295002, 0.00564784
-1.65845, -0.00179191
-0.792208, -0.255573
Particle 3 new velocities: -1.53008, -1.03917
-0.137899, -2.66873
0.144947, -28.5027
-8.06743, 15.725
Particle 4 new velocities: -36.0323, -7.11906
3.42833, -0.197507
-47.2998, 6.84673
31.672, 0.966997
-- ITERATION 38 --
-------------
Particle: 1:
Relays Coordinates:
271.703, 153.596
106.23, 94.58
312.07, 254.503
29.5035, 229.218
Evaluation Time: 0.0444732 seconds
Resulting Fitness: 0.95819
-------------
Particle: 2:
Relays Coordinates:
266.641, 153.649
81.6904, 95.2926
301.932, 244.321
27.0556, 235.616
Evaluation Time: 0.0410628 seconds
Resulting Fitness: 0.955595
-------------
Particle: 3:
Relays Coordinates:
267.55, 151.719
81.2806, 93.1392
309.626, 228.011
25.7746, 228.627
Evaluation Time: 0.0448694 seconds
Resulting Fitness: 0.956814
-------------
Particle: 4:
Relays Coordinates:
246.421, 145.432
83.8591, 95.592
263.882, 231.67
33.2605, 234.425
Evaluation Time: 0.0462881 seconds
Resulting Fitness: 0.958329
Current global best fitness: 1
Current global best relays: 266.799, 153.478
81.5829, 95.2904
304.105, 244.345
28.955, 235.864
Particle 1 new velocities: 10.9623, -0.928268
3.32677, -1.62837
5.30576, 44.3196
0.254949, 8.22481
Particle 2 new velocities: -0.529529, -0.703821
-0.238319, 0.00290181
0.384024, 0.0359534
1.28741, -0.0211197
Particle 3 new velocities: -1.80513, 10.8865
0.482871, 1.08183
-6.26566, 10.7398
4.31475, 65.3525
Particle 4 new velocities: -1.77429, 8.37537
1.97482, -0.401624
-24.8677, 23.2016
34.7767, 2.31836
-- ITERATION 39 --
-------------
Particle: 1:
Relays Coordinates:
282.665, 152.668
109.557, 92.9516
317.376, 298.822
29.7585, 237.443
Evaluation Time: 0.626292 seconds
Resulting Fitness: 0.958333
-------------
Particle: 2:
Relays Coordinates:
266.112, 152.945
81.4521, 95.2955
302.317, 244.357
28.343, 235.595
Evaluation Time: 0.68587 seconds
Resulting Fitness: 1
-------------
Particle: 3:
Relays Coordinates:
265.745, 162.605
81.7634, 94.221
303.36, 238.75
30.0894, 293.98
Evaluation Time: 0.667351 seconds
Resulting Fitness: 0.983333
-------------
Particle: 4:
Relays Coordinates:
244.647, 153.808
85.834, 95.1903
239.014, 254.872
68.0372, 236.743
Evaluation Time: 0.684449 seconds
Resulting Fitness: 0.966667
Current global best fitness: 1
Current global best relays: 266.799, 153.478
81.5829, 95.2904
304.105, 244.345
28.955, 235.864
Particle 1 new velocities: -4.04022, 5.0827
-31.7201, 2.40032
-0.427919, -49.3245
8.89779, -1.64273
Particle 2 new velocities: 0.566572, -0.0158837
-0.00519186, -0.011506
2.20654, 0.00369363
1.37024, 0.276991
Particle 3 new velocities: 4.70836, -10.0428
0.388548, 1.28101
-0.239531, 17.6239
6.0883, -50.0328
Particle 4 new velocities: 35.232, 3.95701
-6.63301, 0.342419
107.705, -14.5442
-4.52931, -3.94233
-- ITERATION 40 --
-------------
Particle: 1:
Relays Coordinates:
278.625, 157.751
77.837, 95.3519
316.948, 249.498
38.6563, 235.8
Evaluation Time: 0.0411128 seconds
Resulting Fitness: 0.954823
-------------
Particle: 2:
Relays Coordinates:
266.678, 152.929
81.4469, 95.284
304.523, 244.361
29.7132, 235.872
Evaluation Time: 0.0571636 seconds
Resulting Fitness: 0.956274
-------------
Particle: 3:
Relays Coordinates:
270.453, 152.563
82.152, 95.502
303.12, 256.374
36.1777, 243.947
Evaluation Time: 0.000228978 seconds
Resulting Fitness: 0
-------------
Particle: 4:
Relays Coordinates:
279.879, 157.765
79.2009, 95.5328
346.72, 240.328
63.5079, 232.801
Evaluation Time: 0.0484057 seconds
Resulting Fitness: 0.958013
Current global best fitness: 1
Current global best relays: 266.799, 153.478
81.5829, 95.2904
304.105, 244.345
28.955, 235.864
Particle 1 new velocities: -22.1456, 3.49186
3.52037, -1.92439
-12.1544, 0.223012
-3.35942, -2.78193
Particle 2 new velocities: 0.711009, 0.342606
0.286755, -0.0037565
0.593555, -0.0277928
-1.2545, 0.185951
Particle 3 new velocities: -3.52578, -0.668729
-0.614538, 0.525378
27.7094, -11.4483
2.44268, -2.96181
Particle 4 new velocities: -1.93074, -5.0101
-2.49205, 0.288675
-76.6063, -14.2404
-59.2483, 1.21438
-- ITERATION 41 --
-------------
Particle: 1:
Relays Coordinates:
256.48, 161.243
81.3574, 93.4275
304.793, 249.721
35.2968, 233.018
Evaluation Time: 0.0516341 seconds
Resulting Fitness: 0.95742
-------------
Particle: 2:
Relays Coordinates:
267.389, 153.272
81.7336, 95.2803
305.117, 244.333
28.4587, 236.058
Evaluation Time: 0.103328 seconds
Resulting Fitness: 0.956219
-------------
Particle: 3:
Relays Coordinates:
266.928, 151.894
81.5374, 96.0274
330.83, 244.926
38.6204, 240.985
Evaluation Time: 0.0521794 seconds
Resulting Fitness: 0.958419
-------------
Particle: 4:
Relays Coordinates:
277.948, 152.755
76.7089, 95.8214
270.113, 226.087
4.25967, 234.015
Evaluation Time: 0.000165779 seconds
Resulting Fitness: 0
Current global best fitness: 1
Current global best relays: 266.799, 153.478
81.5829, 95.2904
304.105, 244.345
28.955, 235.864
Particle 1 new velocities: 5.78445, -6.67666
4.19695, 1.88603
-7.4397, 35.1722
-7.4229, -3.95469
Particle 2 new velocities: -0.142232, 0.429205
0.0555575, 4.83519e-05
-1.30356, 0.00604403
-0.482134, -0.177743
Particle 3 new velocities: -1.87378, 1.33572
-0.238685, -1.36453
-28.4993, -10.3837
-14.1006, 37.4912
Particle 4 new velocities: -34.1448, -3.8579
7.57449, -0.674437
-22.4297, 1.99431
20.2242, 1.18055
-- ITERATION 42 --
-------------
Particle: 1:
Relays Coordinates:
262.264, 154.566
85.5543, 95.3136
297.354, 284.893
27.8739, 229.063
Evaluation Time: 0.0708772 seconds
Resulting Fitness: 0.958414
-------------
Particle: 2:
Relays Coordinates:
267.247, 153.701
81.7892, 95.2803
303.813, 244.339
27.9766, 235.88
Evaluation Time: 0.0570271 seconds
Resulting Fitness: 0.955662
-------------
Particle: 3:
Relays Coordinates:
265.054, 153.23
81.2988, 94.6629
302.33, 234.542
24.5198, 278.476
Evaluation Time: 0.000133377 seconds
Resulting Fitness: 0
-------------
Particle: 4:
Relays Coordinates:
243.803, 148.897
84.2834, 95.147
247.684, 228.081
24.4838, 235.196
Evaluation Time: 0.0472281 seconds
Resulting Fitness: 0.959082
Current global best fitness: 1
Current global best relays: 266.799, 153.478
81.5829, 95.2904
304.105, 244.345
28.955, 235.864
Particle 1 new velocities: 32.6441, -3.63326
13.3272, 1.20463
18.5333, -31.4473
2.77003, 6.03451
Particle 2 new velocities: -0.345396, -0.0276287
-0.097919, 0.0158544
-0.574449, 0.010841
1.68301, -0.151062
Particle 3 new velocities: 4.98448, 7.90051
0.442651, -0.84119
-9.51616, 5.95544
8.809, 28.5553
Particle 4 new velocities: -10.7015, 2.30438
1.78441, -0.314581
66.384, 23.8323
33.6978, 0.373681
-- ITERATION 43 --
-------------
Particle: 1:
Relays Coordinates:
294.908, 150.933
98.8815, 96.5182
315.887, 253.446
30.644, 235.098
Evaluation Time: 0.0618167 seconds
Resulting Fitness: 0.956575
-------------
Particle: 2:
Relays Coordinates:
266.902, 153.673
81.6913, 95.2962
303.239, 244.35
29.6596, 235.729
Evaluation Time: 0.0736269 seconds
Resulting Fitness: 0.955718
-------------
Particle: 3:
Relays Coordinates:
270.038, 161.13
81.7414, 93.8217
292.814, 240.498
33.3288, 307.032
Evaluation Time: 0.000150066 seconds
Resulting Fitness: 0
-------------
Particle: 4:
Relays Coordinates:
233.102, 151.201
86.0678, 94.8324
314.068, 251.914
58.1817, 235.569
Evaluation Time: 0.0503338 seconds
Resulting Fitness: 0.95511
Current global best fitness: 1
Current global best relays: 266.799, 153.478
81.5829, 95.2904
304.105, 244.345
28.955, 235.864
Particle 1 new velocities: 10.1967, 9.43235
-16.5045, -1.31146
-3.54283, -30.8404
8.34982, -0.340214
Particle 2 new velocities: -0.473627, -0.339992
-0.232133, 0.00408806
1.27788, -0.00162841
-0.558742, -0.0065357
Particle 3 new velocities: 0.770288, -1.97571
0.126321, 2.42978
26.4826, 7.78021
7.61382, -33.5326
Particle 4 new velocities: 34.8759, 3.25377
-3.81262, 0.32774
2.51034, 7.97931
0.0328318, -1.04194
-- ITERATION 44 --
-------------
Particle: 1:
Relays Coordinates:
305.105, 160.365
82.377, 95.2067
312.344, 222.605
38.9938, 234.758
Evaluation Time: 0.044718 seconds
Resulting Fitness: 0.953529
-------------
Particle: 2:
Relays Coordinates:
266.428, 153.333
81.4591, 95.3003
304.516, 244.348
29.1009, 235.723
Evaluation Time: 0.0546116 seconds
Resulting Fitness: 0.955869
-------------
Particle: 3:
Relays Coordinates:
270.809, 159.154
81.8677, 96.2515
319.297, 248.278
40.9426, 273.499
Evaluation Time: 0.000211274 seconds
Resulting Fitness: 0
-------------
Particle: 4:
Relays Coordinates:
267.978, 154.455
82.2552, 95.1601
316.578, 259.893
58.2145, 234.527
Evaluation Time: 0.0714761 seconds
Resulting Fitness: 0.959531
Current global best fitness: 1
Current global best relays: 266.799, 153.478
81.5829, 95.2904
304.105, 244.345
28.955, 235.864
Particle 1 new velocities: -71.1663, -0.976466
-3.46121, -2.10013
-6.79412, 38.2146
-13.0876, 0.52532
Particle 2 new velocities: 0.368017, -0.182629
-0.0226659, -0.0053421
0.378053, -0.00258574
-0.624643, 0.063601
Particle 3 new velocities: -2.29789, -8.08436
0.00779029, -0.11589
11.3042, -5.07717
-1.04648, -51.8425
Particle 4 new velocities: 19.212, -1.17026
-3.03937, 1.0601
-5.61678, -9.59133
-31.9088, 0.193481
-- ITERATION 45 --
-------------
Particle: 1:
Relays Coordinates:
233.938, 159.389
78.9158, 93.1066
305.55, 260.82
25.9062, 235.283
Evaluation Time: 0.0893265 seconds
Resulting Fitness: 0.951774
-------------
Particle: 2:
Relays Coordinates:
266.796, 153.151
81.4365, 95.2949
304.895, 244.345
28.4762, 235.786
Evaluation Time: 0.0853756 seconds
Resulting Fitness: 0.955995
-------------
Particle: 3:
Relays Coordinates:
268.511, 151.07
81.8755, 96.1356
330.601, 243.201
39.8961, 221.657
Evaluation Time: 0.0840867 seconds
Resulting Fitness: 0.958133
-------------
Particle: 4:
Relays Coordinates:
287.19, 153.285
79.2158, 96.2202
310.961, 250.302
26.3057, 234.721
Evaluation Time: 0.0589535 seconds
Resulting Fitness: 0.955365
Current global best fitness: 1
Current global best relays: 266.799, 153.478
81.5829, 95.2904
304.105, 244.345
28.955, 235.864
Particle 1 new velocities: 37.6597, -2.368
3.64718, -1.21646
-4.66584, 28.3324
0.450595, -2.81048
Particle 2 new velocities: 0.261777, 0.577012
0.105473, -0.0120681
-0.653608, -0.00215396
0.144245, 0.22405
Particle 3 new velocities: -2.23818, 1.03056
-0.0488859, -1.68672
-22.6665, -3.54512
-19.3039, 19.3757
Particle 4 new velocities: -6.29581, -1.72962
-0.802393, -0.844032
-31.3221, -16.53
4.15534, -1.24263
-- ITERATION 46 --
-------------
Particle: 1:
Relays Coordinates:
271.598, 157.021
82.5629, 91.8901
300.884, 289.152
26.3568, 232.472
Evaluation Time: 0.0731715 seconds
Resulting Fitness: 0.957219
-------------
Particle: 2:
Relays Coordinates:
267.058, 153.728
81.5419, 95.2829
304.241, 244.343
28.6205, 236.011
Evaluation Time: 0.0916192 seconds
Resulting Fitness: 0.955438
-------------
Particle: 3:
Relays Coordinates:
266.273, 152.101
81.8266, 94.4488
307.935, 239.656
20.5922, 241.032
Evaluation Time: 0.000324817 seconds
Resulting Fitness: 0
-------------
Particle: 4:
Relays Coordinates:
280.894, 151.555
78.4134, 95.3762
279.639, 233.772
30.4611, 233.478
Evaluation Time: 0.0989713 seconds
Resulting Fitness: 0.957137
Current global best fitness: 1
Current global best relays: 266.799, 153.478
81.5829, 95.2904
304.105, 244.345
28.955, 235.864
Particle 1 new velocities: 21.5454, -3.34955
6.67355, 0.33822
6.34987, -64.2345
3.92128, -4.20745
Particle 2 new velocities: 0.0304608, 0.345253
0.120631, 0.00256247
-0.831669, 0.00177586
0.646683, 0.0755009
Particle 3 new velocities: 1.73123, 13.2544
-0.436871, 0.202134
-10.6176, 4.55464
-0.0990084, 46.8429
Particle 4 new velocities: -42.1326, -2.48306
4.52417, -0.381471
15.9414, -14.2018
36.0493, -0.103559
-- ITERATION 47 --
-------------
Particle: 1:
Relays Coordinates:
293.143, 153.671
89.2365, 92.2284
307.234, 224.918
30.278, 228.265
Evaluation Time: 0.0873678 seconds
Resulting Fitness: 0.954583
-------------
Particle: 2:
Relays Coordinates:
267.088, 154.073
81.6626, 95.2854
303.409, 244.345
29.2671, 236.086
Evaluation Time: 0.0708944 seconds
Resulting Fitness: 0.955718
-------------
Particle: 3:
Relays Coordinates:
268.004, 165.355
81.3898, 94.651
297.317, 244.21
20.4932, 287.875
Evaluation Time: 0.000321205 seconds
Resulting Fitness: 0
-------------
Particle: 4:
Relays Coordinates:
238.761, 149.072
82.9376, 94.9947
295.581, 219.57
66.5103, 233.375
Evaluation Time: 0.0958069 seconds
Resulting Fitness: 0.958753
Current global best fitness: 1
Current global best relays: 266.799, 153.478
81.5829, 95.2904
304.105, 244.345
28.955, 235.864
Particle 1 new velocities: -5.13095, -0.612287
3.06117, 6.15832
19.1722, 42.272
4.17868, 6.57287
Particle 2 new velocities: -0.149803, -0.923084
-0.00824972, 0.0145524
0.445966, 0.00128379
-0.236019, -0.298958
Particle 3 new velocities: 0.976584, 8.16023
0.249159, 0.276712
20.4781, 1.40171
12.8054, -58.0316
Particle 4 new velocities: -13.6429, 6.82883
2.53392, 0.756434
15.5235, 28.9953
5.16974, 2.52386
-- ITERATION 48 --
-------------
Particle: 1:
Relays Coordinates:
288.012, 153.059
92.2977, 98.3867
326.406, 267.19
34.4567, 234.838
Evaluation Time: 0.0753061 seconds
Resulting Fitness: 0.958808
-------------
Particle: 2:
Relays Coordinates:
266.939, 153.15
81.6543, 95.3
303.855, 244.346
29.0311, 235.787
Evaluation Time: 0.0810072 seconds
Resulting Fitness: 0.95566
-------------
Particle: 3:
Relays Coordinates:
268.98, 173.515
81.6389, 94.9277
317.795, 245.612
33.2986, 229.844
Evaluation Time: 0.0862608 seconds
Resulting Fitness: 0.957952
-------------
Particle: 4:
Relays Coordinates:
225.118, 155.901
85.4715, 95.7512
311.104, 248.565
71.6801, 235.898
Evaluation Time: 0.0607026 seconds
Resulting Fitness: 0.956303
Current global best fitness: 1
Current global best relays: 266.799, 153.478
81.5829, 95.2904
304.105, 244.345
28.955, 235.864
Particle 1 new velocities: -45.308, 3.46582
-1.13233, -4.81666
-28.6279, 16.4707
2.51579, 4.32454
Particle 2 new velocities: -0.281639, -0.243845
-0.0976616, -0.00129285
0.686891, -0.00138884
-0.244701, -0.182723
Particle 3 new velocities: -2.78862, -31.55
0.284261, 0.362966
10.3847, -3.6954
6.77136, -33.7505
Particle 4 new velocities: 65.1732, -4.45931
-6.35947, -0.132045
-22.6347, -2.6538
-71.5378, -0.180344
-- ITERATION 49 --
-------------
Particle: 1:
Relays Coordinates:
242.704, 156.525
91.1653, 93.57
297.779, 283.661
36.9725, 239.162
Evaluation Time: 0.599367 seconds
Resulting Fitness: 0.966667
-------------
Particle: 2:
Relays Coordinates:
266.657, 152.906
81.5567, 95.2987
304.542, 244.345
28.7864, 235.604
Evaluation Time: 0.699222 seconds
Resulting Fitness: 1
-------------
Particle: 3:
Relays Coordinates:
266.192, 141.965
81.9232, 95.2907
328.18, 241.917
40.0699, 196.093
Evaluation Time: 0.676949 seconds
Resulting Fitness: 0.958333
-------------
Particle: 4:
Relays Coordinates:
290.292, 151.441
79.112, 95.6191
288.469, 245.912
0.142223, 235.718
Evaluation Time: 0.668951 seconds
Resulting Fitness: 0.991667
Current global best fitness: 1
Current global best relays: 266.799, 153.478
81.5829, 95.2904
304.105, 244.345
28.955, 235.864
Particle 1 new velocities: 2.16949, 0.401313
-17.1454, -1.80105
-9.10297, 1.64081
-8.45352, -9.92653
Particle 2 new velocities: 0.127541, 1.3182
-0.0118704, -0.00304063
-0.176272, -0.000777563
-0.138222, 0.358574
Particle 3 new velocities: 2.3446, -3.13757
0.0507987, -0.182564
-11.9092, -0.433508
-10.2573, 18.5459
Particle 4 new velocities: -16.5695, -1.08022
0.925169, -0.526587
6.2738, -5.24683
-15.509, -0.972113
-- ITERATION 50 --
-------------
Particle: 1:
Relays Coordinates:
244.874, 156.926
74.02, 91.769
288.676, 285.301
28.519, 229.236
Evaluation Time: 0.0523568 seconds
Resulting Fitness: 0.955352
-------------
Particle: 2:
Relays Coordinates:
266.784, 154.224
81.5448, 95.2956
304.366, 244.344
28.6482, 235.963
Evaluation Time: 0.0757557 seconds
Resulting Fitness: 0.955497
-------------
Particle: 3:
Relays Coordinates:
268.536, 138.828
81.974, 95.1081
316.271, 241.483
29.8127, 214.639
Evaluation Time: 0.210306 seconds
Resulting Fitness: 0.955728
-------------
Particle: 4:
Relays Coordinates:
273.722, 150.361
80.0372, 95.0925
294.743, 240.665
0, 234.746
Evaluation Time: 0.000129839 seconds
Resulting Fitness: 0
Simulation of the best surrogate solution results: 1
Final Evaluation Time: 21.3722 seconds
Final global best fitness: 1
Final global best relays:
266.799, 153.478
81.5829, 95.2904
304.105, 244.345
28.955, 235.864
