PSO EXECUTION
============================
Seed: 4242312313
Particles: 4
Relays: 4
Iterations: 50
Backend: Surrogate
Network Configuration: 1
Area: 350 x 350
Sink: 175, 175
Simulated Relay range: 155
w: 0.8
c1: 1
c2: 2

Relay Nodes Positions: 
PARTICLE 1: 
25.8346, 170.488
145.454, 60.3475
280.5, 299.74
187.13, 206.217
PARTICLE 2: 
71.354, 260.668
170.719, 293.773
286.959, 22.1367
200.806, 123.111
PARTICLE 3: 
145.615, 79.2756
202.283, 308.029
38.7534, 100.684
267.126, 260.98
PARTICLE 4: 
184.026, 109.216
122.221, 85.5411
312.318, 207.962
86.9264, 290.518
Nodes Positions: 
67.7031, 132.909
342.132, 304.194
177.532, 18.5967
274.775, 228.951
216.028, 221.731
30.2061, 56.1114
166.05, 182.932
199.664, 48.5661
295.113, 349.86
156.72, 119.278
320.018, 315.472
71.9274, 12.9508
307.089, 91.8464
8.15918, 173.686
96.2343, 79.3601
247.671, 149.744
45.757, 204.725
240.228, 278.662
129.16, 248.504
107.987, 285.522
All particles start with velocity zero
-- ITERATION 0 --
-------------
Particle: 1:
Relays Coordinates:
25.8346, 170.488
145.454, 60.3475
280.5, 299.74
187.13, 206.217
Evaluation Time: 0.130284 seconds
Resulting Fitness: 0.949088
New local best!
New global best!
-------------
Particle: 2:
Relays Coordinates:
71.354, 260.668
170.719, 293.773
286.959, 22.1367
200.806, 123.111
Evaluation Time: 0.0462196 seconds
Resulting Fitness: 0.948832
New local best!
-------------
Particle: 3:
Relays Coordinates:
145.615, 79.2756
202.283, 308.029
38.7534, 100.684
267.126, 260.98
Evaluation Time: 0.0445208 seconds
Resulting Fitness: 0.948012
New local best!
-------------
Particle: 4:
Relays Coordinates:
184.026, 109.216
122.221, 85.5411
312.318, 207.962
86.9264, 290.518
Evaluation Time: 0.048411 seconds
Resulting Fitness: 0.953102
New local best!
New global best!
Current global best fitness: 0.953102
Current global best relays: 184.026, 109.216
122.221, 85.5411
312.318, 207.962
86.9264, 290.518
Particle 1 new velocities: 261.14, -49.5539
-29.6565, 19.8138
28.6631, -17.8509
-199.728, 7.64844
Particle 2 new velocities: 79.4037, -67.5967
-59.1824, -190.516
50.2773, 129.651
-162.439, 86.316
Particle 3 new velocities: 23.1622, 57.0574
-50.8243, -198.825
191.199, 23.5758
-278.067, 3.07587
Particle 4 new velocities: 0, 0
0, 0
0, 0
0, 0
-- ITERATION 1 --
-------------
Particle: 1:
Relays Coordinates:
286.975, 120.935
115.798, 80.1613
309.163, 281.889
0, 213.865
Evaluation Time: 0.000145686 seconds
Resulting Fitness: 0
-------------
Particle: 2:
Relays Coordinates:
150.758, 193.071
111.537, 103.257
337.236, 151.788
38.3668, 209.427
Evaluation Time: 0.000141753 seconds
Resulting Fitness: 0
-------------
Particle: 3:
Relays Coordinates:
168.777, 136.333
151.458, 109.204
229.952, 124.26
0, 264.056
Evaluation Time: 9.9641e-05 seconds
Resulting Fitness: 0
-------------
Particle: 4:
Relays Coordinates:
184.026, 109.216
122.221, 85.5411
312.318, 207.962
86.9264, 290.518
Evaluation Time: 0.060906 seconds
Resulting Fitness: 0.953102
Current global best fitness: 0.953102
Current global best relays: 184.026, 109.216
122.221, 85.5411
312.318, 207.962
86.9264, 290.518
Particle 1 new velocities: -18.8144, -22.9865
-0.311333, 7.45805
14.8878, -134.593
208.597, 6.54362
Particle 2 new velocities: 59.8326, -84.6106
-29.3682, -16.043
-32.7419, 97.8612
83.3208, 21.0179
Particle 3 new velocities: 36.2675, -5.37029
-39.1832, -36.7681
297.462, 127.385
253.249, 30.5404
Particle 4 new velocities: 0, 0
0, 0
0, 0
0, 0
-- ITERATION 2 --
-------------
Particle: 1:
Relays Coordinates:
268.16, 97.9481
115.486, 87.6193
324.051, 147.296
208.597, 220.409
Evaluation Time: 0.0926973 seconds
Resulting Fitness: 0.956751
New local best!
New global best!
-------------
Particle: 2:
Relays Coordinates:
210.59, 108.46
82.1688, 87.2136
304.494, 249.649
121.688, 230.445
Evaluation Time: 0.0871393 seconds
Resulting Fitness: 0.956507
New local best!
-------------
Particle: 3:
Relays Coordinates:
205.045, 130.963
112.275, 72.4363
350, 251.645
253.249, 294.597
Evaluation Time: 0.0753415 seconds
Resulting Fitness: 0.942946
-------------
Particle: 4:
Relays Coordinates:
184.026, 109.216
122.221, 85.5411
312.318, 207.962
86.9264, 290.518
Evaluation Time: 0.0793897 seconds
Resulting Fitness: 0.953102
Current global best fitness: 0.956751
Current global best relays: 268.16, 97.9481
115.486, 87.6193
324.051, 147.296
208.597, 220.409
Particle 1 new velocities: -15.0515, -18.3892
-0.249066, 5.96644
11.9102, -107.675
166.877, 5.2349
Particle 2 new velocities: 162.488, -80.1926
-0.474534, -12.2461
-14.487, -4.31396
123.418, 14.5082
Particle 3 new velocities: 28.9818, -105.086
-24.2119, 45.3886
-70.1377, -82.4818
157.865, 9.40697
Particle 4 new velocities: 98.1736, -7.76012
-11.2667, 1.62646
14.5238, -3.38107
11.2216, -60.9922
-- ITERATION 3 --
-------------
Particle: 1:
Relays Coordinates:
253.109, 79.5589
115.237, 93.5858
335.961, 39.6212
350, 225.644
Evaluation Time: 0.000149745 seconds
Resulting Fitness: 0
-------------
Particle: 2:
Relays Coordinates:
350, 28.2677
81.6942, 74.9675
290.007, 245.335
245.105, 244.953
Evaluation Time: 0.00011292 seconds
Resulting Fitness: 0
-------------
Particle: 3:
Relays Coordinates:
234.026, 25.8767
88.0632, 117.825
279.862, 169.163
350, 304.004
Evaluation Time: 0.0441933 seconds
Resulting Fitness: 0.9558
New local best!
-------------
Particle: 4:
Relays Coordinates:
282.2, 101.456
110.954, 87.1676
326.842, 204.581
98.148, 229.526
Evaluation Time: 0.046544 seconds
Resulting Fitness: 0.963293
New local best!
New global best!
Current global best fitness: 0.963293
Current global best relays: 282.2, 101.456
110.954, 87.1676
326.842, 204.581
98.148, 229.526
Particle 1 new velocities: 23.3003, 17.1475
-6.45626, -0.894657
-8.65277, 29.6964
-213.041, 7.94562
Particle 2 new velocities: -40.8712, 64.6788
0.584813, 13.9286
51.5107, -44.061
-223.075, -2.6127
Particle 3 new velocities: 107.167, 64.3582
19.3785, 14.516
-37.4835, -47.5323
-424.16, -42.3772
Particle 4 new velocities: 78.5389, -6.2081
-9.01338, 1.30117
11.619, -2.70486
8.9773, -48.7937
-- ITERATION 4 --
-------------
Particle: 1:
Relays Coordinates:
276.409, 96.7064
108.781, 92.6911
327.308, 69.3176
136.959, 233.589
Evaluation Time: 0.0679208 seconds
Resulting Fitness: 0.91282
-------------
Particle: 2:
Relays Coordinates:
309.129, 92.9465
82.279, 88.8961
341.518, 201.274
22.0305, 242.34
Evaluation Time: 0.000305554 seconds
Resulting Fitness: 0
-------------
Particle: 3:
Relays Coordinates:
341.194, 90.2348
107.442, 132.341
242.379, 121.631
0, 261.627
Evaluation Time: 0.000305785 seconds
Resulting Fitness: 0
-------------
Particle: 4:
Relays Coordinates:
350, 95.2482
101.941, 88.4687
338.461, 201.876
107.125, 180.732
Evaluation Time: 0.000219622 seconds
Resulting Fitness: 0
Current global best fitness: 0.963293
Current global best relays: 282.2, 101.456
110.954, 87.1676
326.842, 204.581
98.148, 229.526
Particle 1 new velocities: 18.0159, 18.4783
-1.46394, -15.943
-9.29941, 209.166
-133.033, -1.3682
Particle 2 new velocities: -58.9908, 64.6575
44.1464, 7.19109
-23.9357, -10.6693
-49.198, -31.3011
Particle 3 new velocities: -24.1435, 58.9632
12.6394, -53.5037
75.7571, 93.0719
448.06, -58.816
Particle 4 new velocities: -109.535, 10.1408
10.0315, -2.217
-2.05321, -0.909287
4.61005, 33.5049
-- ITERATION 5 --
-------------
Particle: 1:
Relays Coordinates:
294.425, 115.185
107.317, 76.7481
318.009, 278.484
3.92545, 232.221
Evaluation Time: 0.000231996 seconds
Resulting Fitness: 0
-------------
Particle: 2:
Relays Coordinates:
250.138, 157.604
126.425, 96.0872
317.582, 190.604
0, 211.039
Evaluation Time: 0.000254472 seconds
Resulting Fitness: 0
-------------
Particle: 3:
Relays Coordinates:
317.05, 149.198
120.081, 78.8372
318.136, 214.703
350, 202.811
Evaluation Time: 0.099611 seconds
Resulting Fitness: 0.948214
-------------
Particle: 4:
Relays Coordinates:
240.465, 105.389
111.972, 86.2517
336.407, 200.967
111.735, 214.237
Evaluation Time: 0.0886064 seconds
Resulting Fitness: 0.959814
Current global best fitness: 0.963293
Current global best relays: 282.2, 101.456
110.954, 87.1676
326.842, 204.581
98.148, 229.526
Particle 1 new velocities: -6.09219, -8.61682
2.06364, -3.81629
-0.569917, 5.54209
135.699, -8.80807
Particle 2 new velocities: -0.621193, -80.3737
-7.77364, -10.4946
-9.3613, 24.4028
112.362, 11.0057
Particle 3 new velocities: -114.191, -51.425
-12.2109, -26.7638
53.8959, 59.7999
-56.0041, 2.93245
Particle 4 new velocities: -6.38538, 5.41935
7.39255, -0.708197
-24.4105, 1.32996
-7.52746, 54.8311
-- ITERATION 6 --
-------------
Particle: 1:
Relays Coordinates:
288.333, 106.568
109.381, 72.9319
317.439, 284.026
139.624, 223.413
Evaluation Time: 0.000148673 seconds
Resulting Fitness: 0
-------------
Particle: 2:
Relays Coordinates:
249.517, 77.2303
118.652, 85.5926
308.221, 215.007
112.362, 222.045
Evaluation Time: 0.0601142 seconds
Resulting Fitness: 0.956552
New local best!
-------------
Particle: 3:
Relays Coordinates:
202.86, 97.773
107.87, 52.0734
350, 274.503
293.996, 205.743
Evaluation Time: 0.0412404 seconds
Resulting Fitness: 0.945095
-------------
Particle: 4:
Relays Coordinates:
234.079, 110.808
119.365, 85.5435
311.997, 202.296
104.208, 269.068
Evaluation Time: 0.0404678 seconds
Resulting Fitness: 0.960954
Current global best fitness: 0.963293
Current global best relays: 282.2, 101.456
110.954, 87.1676
326.842, 204.581
98.148, 229.526
Particle 1 new velocities: -19.739, -12.3142
7.46352, 8.47955
14.1572, -131.571
106.96, 1.80116
Particle 2 new velocities: 11.2579, -60.0527
-15.3378, -7.44562
15.169, 17.3578
77.1985, 13.3667
Particle 3 new velocities: 5.34242, -88.9258
-5.91521, 41.6824
-81.1869, -89.9267
-9.8334, 75.7491
Particle 4 new velocities: 28.2493, -13.701
-12.5943, 1.77388
-3.59031, 4.53589
-15.5392, 29.7012
-- ITERATION 7 --
-------------
Particle: 1:
Relays Coordinates:
268.594, 94.2537
116.844, 81.4114
331.596, 152.455
246.585, 225.214
Evaluation Time: 0.034816 seconds
Resulting Fitness: 0.965663
New local best!
New global best!
-------------
Particle: 2:
Relays Coordinates:
260.775, 17.1776
103.314, 78.147
323.39, 232.365
189.561, 235.412
Evaluation Time: 0.000167792 seconds
Resulting Fitness: 0
-------------
Particle: 3:
Relays Coordinates:
208.202, 8.84715
101.955, 93.7557
268.813, 184.576
284.162, 281.492
Evaluation Time: 0.0388386 seconds
Resulting Fitness: 0.956019
New local best!
-------------
Particle: 4:
Relays Coordinates:
262.329, 97.1073
106.771, 87.3174
308.407, 206.832
88.6687, 298.77
Evaluation Time: 0.0486181 seconds
Resulting Fitness: 0.957336
Current global best fitness: 0.965663
Current global best relays: 268.594, 94.2537
116.844, 81.4114
331.596, 152.455
246.585, 225.214
Particle 1 new velocities: -15.7912, -9.85132
5.97081, 6.78364
11.3258, -105.257
85.5683, 1.44093
Particle 2 new velocities: 10.8395, 91.287
22.3825, 3.84885
10.7148, -68.0652
71.887, 3.74624
Particle 3 new velocities: 61.8638, 1.64851
23.7562, 26.536
31.9082, -123.03
-51.7651, 45.2968
Particle 4 new velocities: 37.5854, -10.7686
-1.79796, -7.24295
28.1164, -20.1185
236.964, -74.6852
-- ITERATION 8 --
-------------
Particle: 1:
Relays Coordinates:
252.803, 84.4024
122.815, 88.195
342.922, 47.1986
332.153, 226.655
Evaluation Time: 0.000280601 seconds
Resulting Fitness: 0
-------------
Particle: 2:
Relays Coordinates:
271.614, 108.465
125.697, 81.9958
334.105, 164.3
261.448, 239.158
Evaluation Time: 0.0433018 seconds
Resulting Fitness: 0.964073
New local best!
-------------
Particle: 3:
Relays Coordinates:
270.066, 10.4957
125.711, 120.292
300.721, 61.5461
232.397, 326.789
Evaluation Time: 0.000152836 seconds
Resulting Fitness: 0
-------------
Particle: 4:
Relays Coordinates:
299.914, 86.3388
104.973, 80.0745
336.523, 186.714
325.633, 224.084
Evaluation Time: 0.0405556 seconds
Resulting Fitness: 0.956342
Current global best fitness: 0.965663
Current global best relays: 268.594, 94.2537
116.844, 81.4114
331.596, 152.455
246.585, 225.214
Particle 1 new velocities: 21.6366, 3.68
-2.24496, 3.13638
-9.94459, 69.2411
-109.093, -1.07246
Particle 2 new velocities: 3.81445, 51.62
5.60528, 2.01498
6.3241, -68.7863
44.05, -19.2653
Particle 3 new velocities: 27.8653, 69.5223
-13.4045, -21.9335
3.56772, 30.9767
6.54601, -79.0628
Particle 4 new velocities: 10.5159, 8.67661
1.46719, -3.61561
13.9421, -13.3689
-21.2305, -54.2901
-- ITERATION 9 --
-------------
Particle: 1:
Relays Coordinates:
274.439, 88.0824
120.57, 91.3314
332.978, 116.44
223.06, 225.582
Evaluation Time: 0.0380967 seconds
Resulting Fitness: 0.95994
-------------
Particle: 2:
Relays Coordinates:
275.429, 160.085
131.302, 84.0108
340.429, 95.5135
305.498, 219.892
Evaluation Time: 0.0371406 seconds
Resulting Fitness: 0.961636
-------------
Particle: 3:
Relays Coordinates:
297.931, 80.018
112.307, 98.3582
304.289, 92.5228
238.943, 247.726
Evaluation Time: 0.0280483 seconds
Resulting Fitness: 0.960056
New local best!
-------------
Particle: 4:
Relays Coordinates:
310.43, 95.0154
106.44, 76.4588
350, 173.345
304.402, 169.794
Evaluation Time: 0.0391973 seconds
Resulting Fitness: 0.958696
Current global best fitness: 0.965663
Current global best relays: 268.594, 94.2537
116.844, 81.4114
331.596, 152.455
246.585, 225.214
Particle 1 new velocities: 7.60638, 13.4287
-5.54289, -8.25999
-9.04563, 90.2471
-59.3465, -1.46348
Particle 2 new velocities: -5.00559, -20.09
-15.0071, -3.7898
2.79814, 40.2419
-38.9738, 6.64562
Particle 3 new velocities: -13.6217, 58.7478
-3.99078, -38.7859
51.0763, 141.314
17.085, -79.7956
Particle 4 new velocities: -3.75679, 12.0709
9.62453, 9.02172
-41.0277, -39.2739
-259.926, 36.9933
-- ITERATION 10 --
-------------
Particle: 1:
Relays Coordinates:
282.046, 101.511
115.027, 83.0714
323.932, 206.687
163.713, 224.119
Evaluation Time: 0.0413352 seconds
Resulting Fitness: 0.955376
-------------
Particle: 2:
Relays Coordinates:
270.423, 139.995
116.295, 80.221
343.227, 135.755
266.524, 226.538
Evaluation Time: 0.0393885 seconds
Resulting Fitness: 0.96277
-------------
Particle: 3:
Relays Coordinates:
284.309, 138.766
108.316, 59.5724
350, 233.837
256.028, 167.931
Evaluation Time: 0.0376162 seconds
Resulting Fitness: 0.958702
-------------
Particle: 4:
Relays Coordinates:
306.673, 107.086
116.064, 85.4806
308.972, 134.071
44.4762, 206.788
Evaluation Time: 0.0269104 seconds
Resulting Fitness: 0.910581
Current global best fitness: 0.965663
Current global best relays: 268.594, 94.2537
116.844, 81.4114
331.596, 152.455
246.585, 225.214
Particle 1 new velocities: -18.8719, -6.60148
0.605774, -9.3078
0.794544, -36.4215
92.9584, 0.796494
Particle 2 new velocities: -7.19449, -107.291
-9.3842, -0.0500664
-19.1998, 56.008
-51.0396, 16.149
Particle 3 new velocities: -24.1203, 6.5574
8.81153, 34.3675
-28.3865, -78.1735
-6.02307, -24.6457
Particle 4 new velocities: -61.4882, -18.1973
5.29533, 7.04907
-5.90123, 46.3059
-157.8, 55.588
-- ITERATION 11 --
-------------
Particle: 1:
Relays Coordinates:
263.174, 94.9096
115.633, 73.7636
324.726, 170.265
256.672, 224.915
Evaluation Time: 0.0357808 seconds
Resulting Fitness: 0.965228
-------------
Particle: 2:
Relays Coordinates:
263.229, 32.7039
106.91, 80.171
324.027, 191.763
215.484, 242.687
Evaluation Time: 8.681e-05 seconds
Resulting Fitness: 0
-------------
Particle: 3:
Relays Coordinates:
260.189, 145.323
117.127, 93.9399
321.614, 155.663
250.005, 143.285
Evaluation Time: 0.0269779 seconds
Resulting Fitness: 0.947065
-------------
Particle: 4:
Relays Coordinates:
245.185, 88.889
121.36, 92.5296
303.071, 180.377
0, 262.376
Evaluation Time: 0.000129287 seconds
Resulting Fitness: 0
Current global best fitness: 0.965663
Current global best relays: 268.594, 94.2537
116.844, 81.4114
331.596, 152.455
246.585, 225.214
Particle 1 new velocities: -6.70423, -6.11081
1.91633, 11.8659
8.80261, -42.6144
54.9252, 0.856145
Particle 2 new velocities: 7.39113, 8.66287
-5.59529, 2.24686
3.49925, 5.68843
30.3109, -15.5568
Particle 3 new velocities: 21.6675, -157.885
6.64115, 16.4526
-12.6408, -79.2554
-10.536, 90.8355
Particle 4 new velocities: -5.77705, -0.316297
-1.92928, -1.64639
62.2046, 36.8143
336.536, -27.735
-- ITERATION 12 --
-------------
Particle: 1:
Relays Coordinates:
256.469, 88.7988
117.549, 85.6296
333.529, 127.651
311.597, 225.772
Evaluation Time: 0.0369116 seconds
Resulting Fitness: 0.964534
-------------
Particle: 2:
Relays Coordinates:
270.62, 41.3668
101.315, 82.4178
327.526, 197.452
245.795, 227.13
Evaluation Time: 0.000128788 seconds
Resulting Fitness: 0
-------------
Particle: 3:
Relays Coordinates:
281.857, 0
123.769, 110.392
308.973, 76.4078
239.469, 234.12
Evaluation Time: 0.000112924 seconds
Resulting Fitness: 0
-------------
Particle: 4:
Relays Coordinates:
239.408, 88.5727
119.43, 90.8832
350, 217.191
336.536, 234.641
Evaluation Time: 6.8801e-05 seconds
Resulting Fitness: 0
Current global best fitness: 0.965663
Current global best relays: 268.594, 94.2537
116.844, 81.4114
331.596, 152.455
246.585, 225.214
Particle 1 new velocities: 16.0108, 2.64866
-0.0290921, 2.84453
3.59653, 23.1453
-78.4239, -0.161819
Particle 2 new velocities: 4.17556, 99.5933
26.4749, 1.40479
8.92151, -74.9901
40.4146, -8.93912
Particle 3 new velocities: 13.2196, 175.418
-6.75951, -44.176
17.6847, 15.7377
-2.55531, 79.8335
Particle 4 new velocities: 24.9767, 13.4502
-14.0106, -20.1596
-48.715, -37.8029
-51.7842, -28.2987
-- ITERATION 13 --
-------------
Particle: 1:
Relays Coordinates:
272.48, 91.4474
117.52, 88.4741
337.126, 150.796
233.173, 225.61
Evaluation Time: 0.0405435 seconds
Resulting Fitness: 0.962376
-------------
Particle: 2:
Relays Coordinates:
274.795, 140.96
127.79, 83.8226
336.448, 122.462
286.21, 218.191
Evaluation Time: 0.0386787 seconds
Resulting Fitness: 0.961337
-------------
Particle: 3:
Relays Coordinates:
295.076, 175.418
117.009, 66.2164
326.657, 92.1455
236.914, 313.954
Evaluation Time: 0.0515236 seconds
Resulting Fitness: 0.958009
-------------
Particle: 4:
Relays Coordinates:
264.384, 102.023
105.42, 70.7237
301.285, 179.388
284.752, 206.342
Evaluation Time: 0.0570584 seconds
Resulting Fitness: 0.960435
Current global best fitness: 0.965663
Current global best relays: 268.594, 94.2537
116.844, 81.4114
331.596, 152.455
246.585, 225.214
Particle 1 new velocities: 10.1159, 8.28469
-1.4466, -7.10919
-2.24833, 20.2066
-56.2071, -0.250407
Particle 2 new velocities: -5.64558, 56.9105
15.1833, -4.88965
4.25343, 13.8537
-20.7454, 9.52236
Particle 3 new velocities: -24.871, 57.7401
-6.77262, 2.33395
8.72608, 87.267
7.76699, -84.6563
Particle 4 new velocities: 30.952, -0.493771
-7.79658, -2.60868
12.7508, -56.8292
-205.175, 15.0005
-- ITERATION 14 --
-------------
Particle: 1:
Relays Coordinates:
282.596, 99.7321
116.074, 81.3649
334.877, 171.003
176.966, 225.359
Evaluation Time: 0.0529878 seconds
Resulting Fitness: 0.951332
-------------
Particle: 2:
Relays Coordinates:
269.15, 197.871
142.973, 78.933
340.701, 136.315
265.464, 227.714
Evaluation Time: 0.0405987 seconds
Resulting Fitness: 0.953914
-------------
Particle: 3:
Relays Coordinates:
270.205, 233.158
110.236, 68.5504
335.383, 179.412
244.681, 229.298
Evaluation Time: 0.0297177 seconds
Resulting Fitness: 0.947738
-------------
Particle: 4:
Relays Coordinates:
295.336, 101.529
97.6232, 68.115
314.036, 122.559
79.5775, 221.342
Evaluation Time: 0.0363392 seconds
Resulting Fitness: 0.899163
Current global best fitness: 0.965663
Current global best relays: 268.594, 94.2537
116.844, 81.4114
331.596, 152.455
246.585, 225.214
Particle 1 new velocities: -2.31196, 1.04607
0.82143, -5.59189
-8.7848, -18.5665
81.5648, -0.553526
Particle 2 new velocities: -3.50788, -132.854
-15.0869, 3.06998
-14.6044, 54.8134
-56.9743, 16.4889
Particle 3 new velocities: -6.46706, -248.619
-0.63789, 23.1958
-4.52785, -27.579
5.84942, -61.6558
Particle 4 new velocities: -1.6937, -1.13643
0.290544, 28.4346
37.1913, 6.61598
-101.403, 17.5883
-- ITERATION 15 --
-------------
Particle: 1:
Relays Coordinates:
280.284, 100.778
116.895, 75.773
326.092, 152.437
258.531, 224.806
Evaluation Time: 0.0323866 seconds
Resulting Fitness: 0.962834
-------------
Particle: 2:
Relays Coordinates:
265.642, 65.0163
127.887, 82.0029
326.097, 191.129
208.49, 244.202
Evaluation Time: 0.0260732 seconds
Resulting Fitness: 0.957342
-------------
Particle: 3:
Relays Coordinates:
263.738, 0
109.599, 91.7462
330.856, 151.834
250.53, 167.642
Evaluation Time: 9.2831e-05 seconds
Resulting Fitness: 0
-------------
Particle: 4:
Relays Coordinates:
293.643, 100.393
97.9137, 96.5496
350, 129.175
0, 238.931
Evaluation Time: 0.000126277 seconds
Resulting Fitness: 0
Current global best fitness: 0.965663
Current global best relays: 268.594, 94.2537
116.844, 81.4114
331.596, 152.455
246.585, 225.214
Particle 1 new velocities: -11.5088, -13.2346
0.571042, 5.26748
8.5869, -14.8101
48.2023, -0.227917
Particle 2 new velocities: 2.3395, -22.0396
-23.1421, 1.36076
-6.35246, 25.2786
28.0752, -21.4452
Particle 3 new velocities: 14.9264, 21.7944
8.08864, 1.92667
-23.7149, -34.9021
-7.37825, -34.1863
Particle 4 new velocities: -19.9142, -8.65597
9.55991, -4.4421
-37.3155, 50.79
317.327, -8.4583
-- ITERATION 16 --
-------------
Particle: 1:
Relays Coordinates:
268.775, 87.5436
117.466, 81.0405
334.679, 137.626
306.733, 224.578
Evaluation Time: 0.0353371 seconds
Resulting Fitness: 0.963501
-------------
Particle: 2:
Relays Coordinates:
267.981, 42.9767
104.744, 83.3637
319.744, 216.407
236.565, 222.757
Evaluation Time: 0.000102272 seconds
Resulting Fitness: 0
-------------
Particle: 3:
Relays Coordinates:
278.665, 21.7944
117.687, 93.6728
307.141, 116.931
243.152, 133.455
Evaluation Time: 0.0246735 seconds
Resulting Fitness: 0.916403
-------------
Particle: 4:
Relays Coordinates:
273.728, 91.7367
107.474, 92.1075
312.684, 179.965
317.327, 230.472
Evaluation Time: 0.0282939 seconds
Resulting Fitness: 0.960682
Current global best fitness: 0.965663
Current global best relays: 268.594, 94.2537
116.844, 81.4114
331.596, 152.455
246.585, 225.214
Particle 1 new velocities: -9.47086, 0.673746
-0.904465, 4.53657
2.29603, 2.81262
-29.2825, 0.762757
Particle 2 new velocities: 5.66635, 121.96
-2.16908, -2.49258
20.6023, -14.429
44.4896, -6.07487
Particle 3 new velocities: 16.1669, 100.296
0.896196, -4.08117
-5.05261, 15.71
-3.22663, 180.961
Particle 4 new velocities: -16.6069, 0.975061
21.3052, -13.8802
14.9745, 8.15122
45.2628, -11.8767
-- ITERATION 17 --
-------------
Particle: 1:
Relays Coordinates:
259.304, 88.2173
116.562, 85.5771
336.975, 140.439
277.451, 225.341
Evaluation Time: 0.0399073 seconds
Resulting Fitness: 0.965328
-------------
Particle: 2:
Relays Coordinates:
273.648, 164.936
102.575, 80.8711
340.347, 201.978
281.055, 216.682
Evaluation Time: 0.0344063 seconds
Resulting Fitness: 0.95469
-------------
Particle: 3:
Relays Coordinates:
294.831, 122.09
118.583, 89.5917
302.088, 132.641
239.926, 314.416
Evaluation Time: 0.0376101 seconds
Resulting Fitness: 0.957821
-------------
Particle: 4:
Relays Coordinates:
257.122, 92.7117
128.779, 78.2273
327.659, 188.117
350, 218.596
Evaluation Time: 0.037933 seconds
Resulting Fitness: 0.960955
Current global best fitness: 0.965663
Current global best relays: 268.594, 94.2537
116.844, 81.4114
331.596, 152.455
246.585, 225.214
Particle 1 new velocities: 8.23525, 6.42241
-0.407078, -0.119184
-7.33616, 25.7877
-65.3696, 0.436114
Particle 2 new velocities: -4.16172, 86.2377
23.7256, -1.03155
6.96317, -34.6631
11.527, 5.09175
Particle 3 new velocities: -0.230157, 7.89457
-5.88856, -0.354207
3.8628, -8.38701
7.14743, -94.436
Particle 4 new velocities: 3.1947, 5.99555
0.271379, -8.11615
13.9915, -2.82072
-166.503, 6.66271
-- ITERATION 18 --
-------------
Particle: 1:
Relays Coordinates:
267.54, 94.6397
116.154, 85.4579
329.639, 166.227
212.081, 225.777
Evaluation Time: 0.0274512 seconds
Resulting Fitness: 0.960731
-------------
Particle: 2:
Relays Coordinates:
269.486, 251.174
126.301, 79.8396
347.31, 167.315
292.582, 221.774
Evaluation Time: 0.0369894 seconds
Resulting Fitness: 0.946988
-------------
Particle: 3:
Relays Coordinates:
294.601, 129.985
112.695, 89.2375
305.951, 124.254
247.073, 219.98
Evaluation Time: 0.0409945 seconds
Resulting Fitness: 0.960204
New local best!
-------------
Particle: 4:
Relays Coordinates:
260.316, 98.7073
129.05, 70.1112
341.65, 185.296
183.497, 225.258
Evaluation Time: 0.0408235 seconds
Resulting Fitness: 0.959767
Current global best fitness: 0.965663
Current global best relays: 268.594, 94.2537
116.844, 81.4114
331.596, 152.455
246.585, 225.214
Particle 1 new velocities: 8.56031, 4.11457
0.941579, -1.89854
-5.10106, 12.4327
-27.2427, -0.154499
Particle 2 new velocities: -2.56177, -175.369
18.4657, -0.158183
-17.3195, -33.5858
-81.61, 21.0598
Particle 3 new velocities: -42.9794, -57.343
1.47773, -7.56637
49.6898, 45.4427
4.97755, -71.4346
Particle 4 new velocities: 19.7364, 3.14632
-13.8689, 0.42627
-8.38356, -38.0846
-145.3, 8.39717
-- ITERATION 19 --
-------------
Particle: 1:
Relays Coordinates:
276.1, 98.7543
117.096, 83.5593
324.538, 178.659
184.838, 225.622
Evaluation Time: 0.0410226 seconds
Resulting Fitness: 0.956673
-------------
Particle: 2:
Relays Coordinates:
266.924, 75.8045
144.767, 79.6814
329.99, 133.729
210.972, 242.834
Evaluation Time: 0.035349 seconds
Resulting Fitness: 0.959499
-------------
Particle: 3:
Relays Coordinates:
251.622, 72.6419
114.173, 81.6711
350, 169.697
252.051, 148.545
Evaluation Time: 0.0371574 seconds
Resulting Fitness: 0.948889
-------------
Particle: 4:
Relays Coordinates:
280.053, 101.854
115.181, 70.5374
333.267, 147.211
38.1969, 233.656
Evaluation Time: 0.0356431 seconds
Resulting Fitness: 0.929462
Current global best fitness: 0.965663
Current global best relays: 268.594, 94.2537
116.844, 81.4114
331.596, 152.455
246.585, 225.214
Particle 1 new velocities: 4.68882, -4.65308
0.534584, -3.70267
7.49114, -12.0335
45.9978, -1.0326
Particle 2 new velocities: 2.69682, -107.112
-31.1921, 1.84378
-8.18436, 20.8773
-4.27385, 3.15958
Particle 3 new velocities: 5.2744, -5.61146
3.88334, -5.48047
-57.8226, -0.713113
-0.999038, 61.3885
Particle 4 new velocities: -0.624081, -9.46942
-13.1484, 13.3051
-12.3513, 8.15153
-10.2692, -1.02029
-- ITERATION 20 --
-------------
Particle: 1:
Relays Coordinates:
280.789, 94.1012
117.631, 79.8567
332.029, 166.626
230.836, 224.59
Evaluation Time: 0.0258152 seconds
Resulting Fitness: 0.962668
-------------
Particle: 2:
Relays Coordinates:
269.621, 0
113.575, 81.5252
321.806, 154.607
206.698, 245.994
Evaluation Time: 0.000114556 seconds
Resulting Fitness: 0
-------------
Particle: 3:
Relays Coordinates:
256.896, 67.0305
118.056, 76.1906
292.177, 168.984
251.052, 209.934
Evaluation Time: 0.0362912 seconds
Resulting Fitness: 0.961129
New local best!
-------------
Particle: 4:
Relays Coordinates:
279.429, 92.3842
102.033, 83.8425
320.916, 155.363
27.9277, 232.635
Evaluation Time: 9.765e-05 seconds
Resulting Fitness: 0
Current global best fitness: 0.965663
Current global best relays: 268.594, 94.2537
116.844, 81.4114
331.596, 152.455
246.585, 225.214
Particle 1 new velocities: -8.42054, -3.498
-0.745134, -0.0641536
5.19553, -42.4641
63.1539, 0.00297973
Particle 2 new velocities: 2.35819, 196.888
-11.7581, 1.83642
-2.64051, 22.9556
41.9383, -32.3959
Particle 3 new velocities: 4.85071, 26.7891
1.18988, 5.05832
31.9644, -22.7855
-0.934119, 78.1976
Particle 4 new velocities: -7.81704, -5.28519
21.4101, 9.08652
3.54481, 24.8493
265.519, -10.8853
-- ITERATION 21 --
-------------
Particle: 1:
Relays Coordinates:
272.368, 90.6032
116.886, 79.7925
337.225, 124.162
293.99, 224.593
Evaluation Time: 0.0278732 seconds
Resulting Fitness: 0.962286
-------------
Particle: 2:
Relays Coordinates:
271.979, 196.888
101.816, 83.3616
319.165, 177.562
248.636, 213.598
Evaluation Time: 0.0324912 seconds
Resulting Fitness: 0.951235
-------------
Particle: 3:
Relays Coordinates:
261.747, 93.8195
119.246, 81.2489
324.142, 146.199
250.117, 288.132
Evaluation Time: 0.037911 seconds
Resulting Fitness: 0.96497
New local best!
-------------
Particle: 4:
Relays Coordinates:
271.612, 87.099
123.443, 92.929
324.46, 180.212
293.447, 221.75
Evaluation Time: 0.0383409 seconds
Resulting Fitness: 0.958886
Current global best fitness: 0.965663
Current global best relays: 268.594, 94.2537
116.844, 81.4114
331.596, 152.455
246.585, 225.214
Particle 1 new velocities: -12.8068, 4.25309
-0.702048, 0.921818
1.56285, -6.08837
8.25171, 0.971798
Particle 2 new velocities: -0.882464, -25.8593
37.783, -1.63225
10.7644, -6.21323
41.5536, -3.90109
Particle 3 new velocities: 8.50394, 21.6052
-3.59708, 4.27153
25.9558, -12.8195
-7.14751, 47.8371
Particle 4 new velocities: -4.80099, 0.160163
5.96446, -7.57594
15.1041, 10.0093
56.4488, -3.71097
-- ITERATION 22 --
-------------
Particle: 1:
Relays Coordinates:
259.561, 94.8563
116.183, 80.7143
338.788, 118.073
302.242, 225.565
Evaluation Time: 0.0304548 seconds
Resulting Fitness: 0.965885
New local best!
New global best!
-------------
Particle: 2:
Relays Coordinates:
271.097, 171.028
139.599, 81.7293
329.93, 171.349
290.19, 209.697
Evaluation Time: 0.0238624 seconds
Resulting Fitness: 0.957784
-------------
Particle: 3:
Relays Coordinates:
270.251, 115.425
115.649, 85.5205
350, 133.379
242.97, 335.969
Evaluation Time: 0.000109844 seconds
Resulting Fitness: 0
-------------
Particle: 4:
Relays Coordinates:
266.811, 87.2592
129.407, 85.3531
339.565, 190.221
349.896, 218.039
Evaluation Time: 0.0371571 seconds
Resulting Fitness: 0.959041
Current global best fitness: 0.965885
Current global best relays: 259.561, 94.8563
116.183, 80.7143
338.788, 118.073
302.242, 225.565
Particle 1 new velocities: -10.2454, 3.40247
-0.561639, 0.737455
1.25028, -4.8707
6.60137, 0.777438
Particle 2 new velocities: -8.56674, -186.162
-26.1858, -2.21668
23.9967, -69.3733
50.4486, 24.4385
Particle 3 new velocities: -3.89776, -1.80526
-0.903325, -1.75089
-35.3807, -17.2959
77.0873, -79.0923
Particle 4 new velocities: 8.28936, 11.2855
-11.7566, -5.70135
0.695942, -46.5354
-178.111, 15.208
-- ITERATION 23 --
-------------
Particle: 1:
Relays Coordinates:
249.316, 98.2588
115.622, 81.4518
340.038, 113.203
308.843, 226.342
Evaluation Time: 0.037478 seconds
Resulting Fitness: 0.964755
-------------
Particle: 2:
Relays Coordinates:
262.53, 0
113.414, 79.5126
350, 101.976
340.639, 234.135
Evaluation Time: 9.3165e-05 seconds
Resulting Fitness: 0
-------------
Particle: 3:
Relays Coordinates:
266.353, 113.619
114.745, 83.7696
314.619, 116.083
320.057, 256.876
Evaluation Time: 0.0291951 seconds
Resulting Fitness: 0.961709
-------------
Particle: 4:
Relays Coordinates:
275.1, 98.5446
117.651, 79.6517
340.26, 143.686
171.784, 233.247
Evaluation Time: 0.0353239 seconds
Resulting Fitness: 0.946851
Current global best fitness: 0.965885
Current global best relays: 259.561, 94.8563
116.183, 80.7143
338.788, 118.073
302.242, 225.565
Particle 1 new velocities: 6.38259, 1.76756
0.171889, -0.958719
-0.260821, 2.74333
0.743007, -0.347974
Particle 2 new velocities: -8.73001, 184.678
-8.24594, -0.00855329
-27.0502, 1.04764
-4.76678, 7.17592
Particle 3 new velocities: -13.4063, -33.3509
2.31299, -6.79729
-10.9318, 4.08834
-19.0973, -71.7075
Particle 4 new velocities: -20.1055, 3.96433
-17.4252, 1.44694
-5.39695, -3.27217
-102.768, -3.81272
-- ITERATION 24 --
-------------
Particle: 1:
Relays Coordinates:
255.699, 100.026
115.794, 80.4931
339.777, 115.946
309.586, 225.994
Evaluation Time: 0.0485829 seconds
Resulting Fitness: 0.964727
-------------
Particle: 2:
Relays Coordinates:
253.8, 184.678
105.168, 79.5041
322.95, 103.023
335.872, 241.311
Evaluation Time: 0.0563936 seconds
Resulting Fitness: 0.961613
-------------
Particle: 3:
Relays Coordinates:
252.947, 80.2686
117.058, 76.9723
303.688, 120.172
300.96, 185.169
Evaluation Time: 0.0554449 seconds
Resulting Fitness: 0.963321
-------------
Particle: 4:
Relays Coordinates:
254.994, 102.509
100.226, 81.0987
334.864, 140.414
69.0167, 229.434
Evaluation Time: 0.0431918 seconds
Resulting Fitness: 0.9176
Current global best fitness: 0.965885
Current global best relays: 259.561, 94.8563
116.183, 80.7143
338.788, 118.073
302.242, 225.565
Particle 1 new velocities: 12.2646, -2.49575
0.656503, -0.388748
-1.62632, 8.06289
-12.0792, -1.1325
Particle 2 new velocities: 8.36086, 33.3353
12.1179, 2.27847
-4.69133, 65.598
-29.5756, -20.4945
Particle 3 new velocities: -4.24883, -7.29708
0.722347, 2.88638
10.3412, 22.1982
-36.88, 78.1795
Particle 4 new velocities: -6.08615, -2.70822
22.0875, 3.31621
0.551199, -12.8425
139.464, -3.36255
-- ITERATION 25 --
-------------
Particle: 1:
Relays Coordinates:
267.963, 97.5306
116.45, 80.1043
338.151, 124.009
297.507, 224.861
Evaluation Time: 0.057793 seconds
Resulting Fitness: 0.96424
-------------
Particle: 2:
Relays Coordinates:
262.161, 218.013
117.286, 81.7826
318.258, 168.621
306.296, 220.816
Evaluation Time: 0.0646189 seconds
Resulting Fitness: 0.948333
-------------
Particle: 3:
Relays Coordinates:
248.698, 72.9715
117.781, 79.8587
314.029, 142.37
264.08, 263.348
Evaluation Time: 0.0550605 seconds
Resulting Fitness: 0.964011
-------------
Particle: 4:
Relays Coordinates:
248.908, 99.8007
122.313, 84.4149
335.415, 127.571
208.48, 226.072
Evaluation Time: 0.0500482 seconds
Resulting Fitness: 0.960405
Current global best fitness: 0.965885
Current global best relays: 259.561, 94.8563
116.183, 80.7143
338.788, 118.073
302.242, 225.565
Particle 1 new velocities: 1.07126, -5.0418
-0.102602, 0.00461515
-0.0922821, -5.78735
2.32613, 0.703575
Particle 2 new velocities: 7.56507, -202.044
12.8991, -0.110917
31.9905, -49.35
-32.9227, 8.13251
Particle 3 new velocities: 7.27989, 42.0567
-0.591178, 3.84002
38.8514, -9.08869
31.0711, 55.9425
Particle 4 new velocities: 22.268, -0.933573
12.723, -1.22103
2.66812, 44.3267
139.468, -1.52708
-- ITERATION 26 --
-------------
Particle: 1:
Relays Coordinates:
269.035, 92.4888
116.348, 80.1089
338.059, 118.222
299.833, 225.565
Evaluation Time: 0.0435499 seconds
Resulting Fitness: 0.96298
-------------
Particle: 2:
Relays Coordinates:
269.726, 15.9694
130.185, 81.6717
350, 119.271
273.373, 228.949
Evaluation Time: 0.0440879 seconds
Resulting Fitness: 0.962201
-------------
Particle: 3:
Relays Coordinates:
255.978, 115.028
117.189, 83.6987
350, 133.281
295.151, 319.291
Evaluation Time: 0.000160948 seconds
Resulting Fitness: 0
-------------
Particle: 4:
Relays Coordinates:
271.176, 98.8672
135.036, 83.1939
338.083, 171.898
347.948, 224.545
Evaluation Time: 0.0375494 seconds
Resulting Fitness: 0.960979
Current global best fitness: 0.965885
Current global best relays: 259.561, 94.8563
116.183, 80.7143
338.788, 118.073
302.242, 225.565
Particle 1 new velocities: -12.9047, 1.56614
-0.154072, 1.25143
0.632853, -5.05084
6.36786, 0.561553
Particle 2 new velocities: 5.18138, 0.5017
6.43374, -0.882113
-15.3816, -14.1705
0.965711, 12.6519
Particle 3 new velocities: 11.5047, 8.39684
0.590912, -3.42989
-11.7733, -24.154
-4.69033, 14.804
Particle 4 new velocities: 18.9363, -2.16733
-26.063, -0.639585
-2.82989, -42.0044
34.4049, 2.15719
-- ITERATION 27 --
-------------
Particle: 1:
Relays Coordinates:
256.13, 94.0549
116.194, 81.3604
338.691, 113.171
306.201, 226.127
Evaluation Time: 0.0424289 seconds
Resulting Fitness: 0.965556
-------------
Particle: 2:
Relays Coordinates:
274.907, 16.4711
136.618, 80.7895
334.618, 105.101
274.339, 241.601
Evaluation Time: 0.0428626 seconds
Resulting Fitness: 0.961929
-------------
Particle: 3:
Relays Coordinates:
267.483, 123.425
117.78, 80.2688
338.227, 109.127
290.461, 334.095
Evaluation Time: 0.000204697 seconds
Resulting Fitness: 0
-------------
Particle: 4:
Relays Coordinates:
290.113, 96.6998
108.973, 82.5543
335.253, 129.894
350, 226.702
Evaluation Time: 0.0454774 seconds
Resulting Fitness: 0.963323
New local best!
Current global best fitness: 0.965885
Current global best relays: 259.561, 94.8563
116.183, 80.7143
338.788, 118.073
302.242, 225.565
Particle 1 new velocities: -4.68227, 1.87691
-0.139772, -0.629125
0.735592, 2.97286
1.99969, -0.937928
Particle 2 new velocities: -23.7693, 173.838
-9.30059, -0.689822
-5.15883, 22.5178
15.0235, -0.467408
Particle 3 new velocities: 0.957233, -48.6744
-1.69116, -1.47661
-20.133, 11.4597
-3.20052, -186.595
Particle 4 new velocities: -6.12868, -3.22269
-8.46529, -3.13634
-0.0618841, -55.5661
-66.2675, 0.712458
-- ITERATION 28 --
-------------
Particle: 1:
Relays Coordinates:
251.448, 95.9318
116.054, 80.7313
339.427, 116.144
308.201, 225.189
Evaluation Time: 0.0427013 seconds
Resulting Fitness: 0.96529
-------------
Particle: 2:
Relays Coordinates:
251.138, 190.309
127.318, 80.0997
329.46, 127.619
289.363, 241.133
Evaluation Time: 0.0477284 seconds
Resulting Fitness: 0.956877
-------------
Particle: 3:
Relays Coordinates:
268.44, 74.7506
116.089, 78.7922
318.094, 120.587
287.26, 147.5
Evaluation Time: 0.0612346 seconds
Resulting Fitness: 0.94128
-------------
Particle: 4:
Relays Coordinates:
283.984, 93.4771
100.508, 79.4179
335.191, 74.3274
283.733, 227.414
Evaluation Time: 0.0810558 seconds
Resulting Fitness: 0.963119
Current global best fitness: 0.965885
Current global best relays: 259.561, 94.8563
116.183, 80.7143
338.788, 118.073
302.242, 225.565
Particle 1 new velocities: 7.79672, 1.33809
0.00755772, -0.526787
-0.0154454, 3.6195
-3.48237, -0.239248
Particle 2 new velocities: 12.8241, 97.4504
-30.2275, 2.07502
-0.327699, 12.7687
14.6603, -21.6794
Particle 3 new velocities: -8.8423, -13.7105
1.00524, 4.50872
-12.0001, 17.4115
-21.7823, 2.12579
Particle 4 new velocities: -38.293, 0.750219
18.8996, -0.343159
0.237152, 28.8506
-28.2595, -2.34593
-- ITERATION 29 --
-------------
Particle: 1:
Relays Coordinates:
259.244, 97.2699
116.061, 80.2045
339.412, 119.763
304.718, 224.949
Evaluation Time: 0.0525267 seconds
Resulting Fitness: 0.964933
-------------
Particle: 2:
Relays Coordinates:
263.962, 287.759
97.0903, 82.1747
329.132, 140.387
304.023, 219.454
Evaluation Time: 0.0480749 seconds
Resulting Fitness: 0.947601
-------------
Particle: 3:
Relays Coordinates:
259.598, 61.0401
117.094, 83.3009
306.094, 137.998
265.478, 149.625
Evaluation Time: 0.0556315 seconds
Resulting Fitness: 0.937998
-------------
Particle: 4:
Relays Coordinates:
245.691, 94.2274
119.408, 79.0748
335.428, 103.178
255.473, 225.068
Evaluation Time: 0.0732066 seconds
Resulting Fitness: 0.964416
New local best!
Current global best fitness: 0.965885
Current global best relays: 259.561, 94.8563
116.183, 80.7143
338.788, 118.073
302.242, 225.565
Particle 1 new velocities: 6.68307, -1.74914
0.0468144, 0.638217
-1.04794, -1.38903
-4.37234, 0.734158
Particle 2 new velocities: 3.35478, -212.503
12.3138, 0.586305
20.1974, -4.85064
-22.729, -3.04119
Particle 3 new velocities: -6.48443, 13.5988
2.62624, -0.829966
26.6796, 8.1417
-16.2817, 35.1258
Particle 4 new velocities: -10.2787, 0.940555
9.80724, -0.116547
1.0498, 38.279
65.5255, -1.1024
-- ITERATION 30 --
-------------
Particle: 1:
Relays Coordinates:
265.927, 95.5208
116.108, 80.8427
338.364, 118.374
300.346, 225.684
Evaluation Time: 0.0883911 seconds
Resulting Fitness: 0.965294
-------------
Particle: 2:
Relays Coordinates:
267.317, 75.2562
109.404, 82.761
349.329, 135.537
281.294, 216.413
Evaluation Time: 0.0747112 seconds
Resulting Fitness: 0.964306
New local best!
-------------
Particle: 3:
Relays Coordinates:
253.113, 74.6389
119.721, 82.4709
332.773, 146.14
249.196, 184.751
Evaluation Time: 0.0745409 seconds
Resulting Fitness: 0.961964
-------------
Particle: 4:
Relays Coordinates:
235.412, 95.1679
129.215, 78.9582
336.478, 141.457
320.998, 223.966
Evaluation Time: 0.0882551 seconds
Resulting Fitness: 0.963642
Current global best fitness: 0.965885
Current global best relays: 259.561, 94.8563
116.183, 80.7143
338.788, 118.073
302.242, 225.565
Particle 1 new velocities: -8.67207, -2.17737
0.119426, 0.265277
0.0333134, -1.44257
0.735483, 0.487474
Particle 2 new velocities: 2.22692, -133.136
16.7031, -1.3208
-0.554393, -5.40572
-6.75966, 11.4666
Particle 3 new velocities: 6.70532, 32.4532
-1.63266, -1.74277
18.4771, -32.7181
-7.04309, 97.8825
Particle 4 new velocities: 38.6285, 0.0622977
-7.02002, 3.05676
1.75621, -13.68
34.4301, 2.21444
-- ITERATION 31 --
-------------
Particle: 1:
Relays Coordinates:
257.255, 93.3434
116.228, 81.108
338.397, 116.932
301.081, 226.171
Evaluation Time: 0.0658063 seconds
Resulting Fitness: 0.965594
-------------
Particle: 2:
Relays Coordinates:
269.544, 0
126.107, 81.4402
348.775, 130.131
274.534, 227.88
Evaluation Time: 0.0959707 seconds
Resulting Fitness: 0.962264
-------------
Particle: 3:
Relays Coordinates:
259.818, 107.092
118.088, 80.7282
350, 113.422
242.153, 282.634
Evaluation Time: 0.0900606 seconds
Resulting Fitness: 0.962599
-------------
Particle: 4:
Relays Coordinates:
274.041, 95.2302
122.195, 82.015
338.234, 127.777
350, 226.181
Evaluation Time: 0.0862105 seconds
Resulting Fitness: 0.96492
New local best!
Current global best fitness: 0.965885
Current global best relays: 259.561, 94.8563
116.183, 80.7143
338.788, 118.073
302.242, 225.565
Particle 1 new velocities: -0.909772, -0.624983
0.0364074, -0.401021
0.436701, -0.523041
3.54703, -0.837331
Particle 2 new velocities: -7.51394, 159.604
0.0560171, -0.453261
-3.86178, -23.7915
9.63761, -2.485
Particle 3 new velocities: 5.62986, 7.55713
-3.81367, -1.34841
-24.2042, -1.86167
93.2757, -22.2175
Particle 4 new velocities: 25.8901, -0.133412
-11.1441, 0.902226
2.47488, -23.8687
-83.6131, 0.725361
-- ITERATION 32 --
-------------
Particle: 1:
Relays Coordinates:
256.346, 92.7184
116.264, 80.7069
338.834, 116.408
304.629, 225.334
Evaluation Time: 0.0652831 seconds
Resulting Fitness: 0.965136
-------------
Particle: 2:
Relays Coordinates:
262.03, 159.604
126.163, 80.987
344.913, 106.34
284.172, 225.395
Evaluation Time: 0.044512 seconds
Resulting Fitness: 0.962194
-------------
Particle: 3:
Relays Coordinates:
265.448, 114.649
114.274, 79.3798
325.796, 111.56
335.429, 260.416
Evaluation Time: 0.0410313 seconds
Resulting Fitness: 0.962922
-------------
Particle: 4:
Relays Coordinates:
299.931, 95.0968
111.051, 82.9172
340.709, 103.908
266.387, 226.906
Evaluation Time: 0.0372351 seconds
Resulting Fitness: 0.963417
Current global best fitness: 0.965885
Current global best relays: 259.561, 94.8563
116.183, 80.7143
338.788, 118.073
302.242, 225.565
Particle 1 new velocities: 2.6929, 1.34272
-0.0600532, -0.313175
0.287205, 2.90517
0.478264, -0.339682
Particle 2 new velocities: -3.11802, 16.1431
-2.88908, 0.620666
-4.13586, -10.4255
39.8856, -5.74891
Particle 3 new velocities: -4.52319, -15.0201
2.06536, 1.86704
-0.664914, 17.8029
-20.7316, -49.8552
Particle 4 new velocities: -12.8925, -0.143518
-3.76318, -0.490368
-1.50033, 23.5352
24.6574, -1.09082
-- ITERATION 33 --
-------------
Particle: 1:
Relays Coordinates:
259.038, 94.0612
116.204, 80.3938
339.121, 119.314
305.107, 224.994
Evaluation Time: 0.0358724 seconds
Resulting Fitness: 0.965526
-------------
Particle: 2:
Relays Coordinates:
258.912, 175.747
123.274, 81.6077
340.777, 95.914
324.057, 219.646
Evaluation Time: 0.0344026 seconds
Resulting Fitness: 0.964453
New local best!
-------------
Particle: 3:
Relays Coordinates:
260.925, 99.6291
116.34, 81.2468
325.131, 129.363
314.697, 210.561
Evaluation Time: 0.0264045 seconds
Resulting Fitness: 0.961629
-------------
Particle: 4:
Relays Coordinates:
287.038, 94.9533
107.288, 82.4268
339.209, 127.443
291.044, 225.815
Evaluation Time: 0.0367799 seconds
Resulting Fitness: 0.963876
Current global best fitness: 0.965885
Current global best relays: 259.561, 94.8563
116.183, 80.7143
338.788, 118.073
302.242, 225.565
Particle 1 new velocities: 2.52068, 2.73539
-0.0818462, 0.209372
-0.0575682, 1.65362
-2.52675, 0.296678
Particle 2 new velocities: -1.46718, -21.8545
-12.0848, -0.0979758
-5.08764, 11.5787
25.7585, 5.35588
Particle 3 new velocities: -4.37907, -17.8067
3.30547, 0.497088
22.6872, 15.4987
-57.3888, 13.9984
Particle 4 new velocities: -17.21, 0.00439946
28.9662, -3.21729
-2.03916, 1.94546
52.4601, -1.00877
-- ITERATION 34 --
-------------
Particle: 1:
Relays Coordinates:
261.559, 96.7965
116.122, 80.6031
339.063, 120.967
302.58, 225.291
Evaluation Time: 0.027286 seconds
Resulting Fitness: 0.965366
-------------
Particle: 2:
Relays Coordinates:
257.445, 153.893
111.189, 81.5097
335.69, 107.493
349.816, 225.001
Evaluation Time: 0.0361276 seconds
Resulting Fitness: 0.963854
-------------
Particle: 3:
Relays Coordinates:
256.546, 81.8224
119.645, 81.7439
347.818, 144.862
257.308, 224.559
Evaluation Time: 0.0238689 seconds
Resulting Fitness: 0.963569
-------------
Particle: 4:
Relays Coordinates:
269.828, 94.9577
136.254, 79.2096
337.17, 129.389
343.504, 224.806
Evaluation Time: 0.0260094 seconds
Resulting Fitness: 0.967223
New local best!
New global best!
Current global best fitness: 0.967223
Current global best relays: 269.828, 94.9577
136.254, 79.2096
337.17, 129.389
343.504, 224.806
Particle 1 new velocities: 0.758219, -0.55095
15.3267, -0.403888
-1.27713, 3.30861
51.7619, -0.362962
Particle 2 new velocities: 18.8268, -89.3935
14.9131, -4.49111
1.69097, 30.8824
-2.67999, -0.707305
Particle 3 new velocities: 17.0528, 5.60013
28.9425, -1.57935
-17.6518, 0.827855
-43.5339, 47.1651
Particle 4 new velocities: -13.768, 0.00351957
23.173, -2.57383
-1.63133, 1.55637
41.9681, -0.807013
-- ITERATION 35 --
-------------
Particle: 1:
Relays Coordinates:
262.317, 96.2456
131.449, 80.1992
337.786, 124.276
350, 224.928
Evaluation Time: 0.0327505 seconds
Resulting Fitness: 0.967467
New local best!
New global best!
-------------
Particle: 2:
Relays Coordinates:
276.272, 64.4993
126.102, 77.0186
337.381, 138.375
347.136, 224.294
Evaluation Time: 0.0368068 seconds
Resulting Fitness: 0.964842
New local best!
-------------
Particle: 3:
Relays Coordinates:
273.599, 87.4226
148.588, 80.1645
330.166, 145.69
213.774, 271.725
Evaluation Time: 0.0253584 seconds
Resulting Fitness: 0.964395
-------------
Particle: 4:
Relays Coordinates:
256.06, 94.9612
159.427, 76.6357
335.538, 130.945
350, 223.999
Evaluation Time: 0.0323453 seconds
Resulting Fitness: 0.962626
Current global best fitness: 0.967467
Current global best relays: 262.317, 96.2456
131.449, 80.1992
337.786, 124.276
350, 224.928
Particle 1 new velocities: 0.606575, -0.44076
12.2614, -0.32311
-1.0217, 2.64689
0, -0.29037
Particle 2 new velocities: 5.55558, -33.3109
12.1156, 2.65324
1.69145, 7.05287
0.0163424, -0.00311476
Particle 3 new velocities: -1.60814, 13.2771
-8.93212, -0.196338
-14.0333, -35.7365
-23.6112, 19.9497
Particle 4 new velocities: 6.25113, 0.0608135
-29.1397, 0.583309
2.97798, -5.06886
-2.46584, 0.7645
-- ITERATION 36 --
-------------
Particle: 1:
Relays Coordinates:
262.924, 95.8048
143.71, 79.8761
336.764, 126.923
350, 224.637
Evaluation Time: 0.0380848 seconds
Resulting Fitness: 0.96677
-------------
Particle: 2:
Relays Coordinates:
281.827, 31.1884
138.218, 79.6718
339.072, 145.428
347.152, 224.291
Evaluation Time: 0.0399444 seconds
Resulting Fitness: 0.96375
-------------
Particle: 3:
Relays Coordinates:
271.991, 100.7
139.656, 79.9682
316.133, 109.953
190.163, 291.674
Evaluation Time: 0.0403241 seconds
Resulting Fitness: 0.961567
-------------
Particle: 4:
Relays Coordinates:
262.312, 95.022
130.287, 77.219
338.516, 125.876
347.534, 224.764
Evaluation Time: 0.0414005 seconds
Resulting Fitness: 0.967554
New local best!
New global best!
Current global best fitness: 0.967554
Current global best relays: 262.312, 95.022
130.287, 77.219
338.516, 125.876
347.534, 224.764
Particle 1 new velocities: -0.436269, -0.482935
-26.1888, -1.26236
2.79589, -0.263132
-2.0572, 0.03623
Particle 2 new velocities: -33.7599, 112.344
-6.92175, -2.55978
-0.37344, -1.29544
0.533141, 0.618423
Particle 3 new velocities: -12.7352, -1.67502
-34.0721, -4.0238
5.26225, 6.98765
162.624, -78.8824
Particle 4 new velocities: 5.0009, 0.0486508
-23.3118, 0.466647
2.38238, -4.05509
-1.97267, 0.6116
-- ITERATION 37 --
-------------
Particle: 1:
Relays Coordinates:
262.488, 95.3219
117.521, 78.6138
339.56, 126.66
347.943, 224.674
Evaluation Time: 0.0378064 seconds
Resulting Fitness: 0.967594
New local best!
New global best!
-------------
Particle: 2:
Relays Coordinates:
248.067, 143.532
131.296, 77.112
338.699, 144.133
347.685, 224.909
Evaluation Time: 0.0383058 seconds
Resulting Fitness: 0.958504
-------------
Particle: 3:
Relays Coordinates:
259.255, 99.0246
105.584, 75.9444
321.395, 116.941
350, 212.792
Evaluation Time: 0.0389813 seconds
Resulting Fitness: 0.96548
New local best!
-------------
Particle: 4:
Relays Coordinates:
267.312, 95.0707
106.975, 77.6857
340.899, 121.821
345.561, 225.375
Evaluation Time: 0.0418632 seconds
Resulting Fitness: 0.965442
Current global best fitness: 0.967594
Current global best relays: 262.488, 95.3219
117.521, 78.6138
339.56, 126.66
347.943, 224.674
Particle 1 new velocities: -0.349015, -0.386348
-20.9511, -1.00989
2.23672, -0.210505
-1.64576, 0.028984
Particle 2 new velocities: 15.8241, -14.8543
-29.6259, -0.581051
-0.856983, -5.30104
0.560455, 0.0831713
Particle 3 new velocities: -4.15082, -2.71871
-26.1322, -2.49571
31.154, 10.207
-3.82029, -48.279
Particle 4 new velocities: -5.32626, 0.0468747
11.7031, 1.21252
-0.719645, 3.06959
3.51562, -1.14123
-- ITERATION 38 --
-------------
Particle: 1:
Relays Coordinates:
262.139, 94.9355
96.5702, 77.6039
341.797, 126.449
346.297, 224.703
Evaluation Time: 0.038697 seconds
Resulting Fitness: 0.964001
-------------
Particle: 2:
Relays Coordinates:
263.891, 128.678
101.67, 76.531
337.842, 138.832
348.246, 224.993
Evaluation Time: 0.0372733 seconds
Resulting Fitness: 0.95975
-------------
Particle: 3:
Relays Coordinates:
255.105, 96.3059
79.4513, 73.4487
350, 127.148
346.18, 164.513
Evaluation Time: 0.0340457 seconds
Resulting Fitness: 0.945837
-------------
Particle: 4:
Relays Coordinates:
261.986, 95.1175
118.678, 78.8982
340.179, 124.891
349.077, 224.234
Evaluation Time: 0.0330988 seconds
Resulting Fitness: 0.967549
Current global best fitness: 0.967594
Current global best relays: 262.488, 95.3219
117.521, 78.6138
339.56, 126.66
347.943, 224.674
Particle 1 new velocities: 0.557476, 0.0618322
-14.9536, 2.11762
1.1756, 0.409319
0.419653, -0.00983263
Particle 2 new velocities: 14.8542, -87.825
18.2167, 0.17476
-0.182983, -17.4081
-0.119096, -0.142135
Particle 3 new velocities: 11.461, -0.543663
29.7974, 4.75323
-22.5798, 1.3135
0.674386, 28.5511
Particle 4 new velocities: -3.35863, 0.321979
10.795, 0.177654
-1.78614, 5.53027
1.77306, -0.0106403
-- ITERATION 39 --
-------------
Particle: 1:
Relays Coordinates:
262.696, 94.9974
81.6166, 79.7215
342.973, 126.858
346.717, 224.693
Evaluation Time: 0.0363923 seconds
Resulting Fitness: 0.962099
-------------
Particle: 2:
Relays Coordinates:
278.745, 40.8527
119.887, 76.7057
337.659, 121.423
348.127, 224.851
Evaluation Time: 0.000104111 seconds
Resulting Fitness: 0
-------------
Particle: 3:
Relays Coordinates:
266.566, 95.7622
109.249, 78.2019
327.42, 128.461
346.854, 193.064
Evaluation Time: 0.0276429 seconds
Resulting Fitness: 0.965321
-------------
Particle: 4:
Relays Coordinates:
258.628, 95.4395
129.473, 79.0759
338.393, 130.421
350, 224.224
Evaluation Time: 0.0379926 seconds
Resulting Fitness: 0.967596
New local best!
New global best!
Current global best fitness: 0.967596
Current global best relays: 258.628, 95.4395
129.473, 79.0759
338.393, 130.421
350, 224.224
Particle 1 new velocities: -2.60085, 0.404566
64.1697, 0.180666
-1.96938, 5.44317
6.00923, -0.0935571
Particle 2 new velocities: -8.41409, -43.6439
23.3116, 4.32005
-0.0340667, 9.22825
0.818249, -0.73486
Particle 3 new velocities: -10.9579, -0.558267
23.0835, 3.26572
-17.2012, -4.9576
5.80327, 81.5632
Particle 4 new velocities: -2.6869, 0.257583
8.63602, 0.142123
-1.42891, 4.42422
0, -0.00851222
-- ITERATION 40 --
-------------
Particle: 1:
Relays Coordinates:
260.095, 95.4019
145.786, 79.9022
341.003, 132.302
350, 224.599
Evaluation Time: 0.073207 seconds
Resulting Fitness: 0.966552
-------------
Particle: 2:
Relays Coordinates:
270.331, 0
143.199, 81.0258
337.625, 130.652
348.945, 224.116
Evaluation Time: 0.0941874 seconds
Resulting Fitness: 0.959085
-------------
Particle: 3:
Relays Coordinates:
255.608, 95.204
132.332, 81.4676
310.219, 123.504
350, 274.627
Evaluation Time: 0.000329629 seconds
Resulting Fitness: 0
-------------
Particle: 4:
Relays Coordinates:
255.941, 95.6971
138.109, 79.218
336.964, 134.845
350, 224.215
Evaluation Time: 0.107462 seconds
Resulting Fitness: 0.966929
Current global best fitness: 0.967596
Current global best relays: 258.628, 95.4395
129.473, 79.0759
338.393, 130.421
350, 224.224
Particle 1 new velocities: -3.16814, 0.258794
9.32372, -0.99379
-5.96509, -0.703701
-1.54783, -0.249516
Particle 2 new velocities: -25.705, 45.3737
-13.6173, 1.22523
0.894428, 8.55304
0.909938, -0.421941
Particle 3 new velocities: -0.122617, 1.52389
12.2457, -0.394714
2.91806, 0.25269
0, -39.6294
Particle 4 new velocities: 0.000554565, -0.102868
0.529575, 0.000224072
2.6359, -0.0477146
0, 0.0118974
-- ITERATION 41 --
-------------
Particle: 1:
Relays Coordinates:
256.927, 95.6607
155.11, 78.9084
335.038, 131.598
348.452, 224.35
Evaluation Time: 0.0891528 seconds
Resulting Fitness: 0.966368
-------------
Particle: 2:
Relays Coordinates:
244.626, 45.3737
129.581, 82.251
338.519, 139.205
349.855, 223.694
Evaluation Time: 0.0538352 seconds
Resulting Fitness: 0.963264
-------------
Particle: 3:
Relays Coordinates:
255.485, 96.7279
144.578, 81.0729
313.137, 123.756
350, 234.998
Evaluation Time: 0.0570472 seconds
Resulting Fitness: 0.962189
-------------
Particle: 4:
Relays Coordinates:
255.941, 95.5942
138.639, 79.2182
339.6, 134.798
350, 224.227
Evaluation Time: 0.0471246 seconds
Resulting Fitness: 0.966939
Current global best fitness: 0.967596
Current global best relays: 258.628, 95.4395
129.473, 79.0759
338.393, 130.421
350, 224.224
Particle 1 new velocities: 1.04405, -0.108242
-15.0513, -0.51875
-1.67515, -5.83325
0.178098, -0.0139266
Particle 2 new velocities: 11.5413, 75.9729
-11.3656, -0.0760992
-0.146104, -4.84738
-0.718426, 0.556668
Particle 3 new velocities: 2.09911, 1.3177
-33.3337, -6.38031
50.4745, 0.18954
0, -52.9888
Particle 4 new velocities: 4.80925, -0.232098
-15.1371, -0.34523
0.73804, -3.2762
0, 0.00886025
-- ITERATION 42 --
-------------
Particle: 1:
Relays Coordinates:
257.971, 95.5525
140.059, 78.3896
333.363, 125.765
348.63, 224.336
Evaluation Time: 0.0569795 seconds
Resulting Fitness: 0.967005
-------------
Particle: 2:
Relays Coordinates:
256.168, 121.347
118.216, 82.1749
338.373, 134.357
349.137, 224.25
Evaluation Time: 0.0798857 seconds
Resulting Fitness: 0.963403
-------------
Particle: 3:
Relays Coordinates:
257.584, 98.0456
111.244, 74.6926
350, 123.946
350, 182.009
Evaluation Time: 0.0549357 seconds
Resulting Fitness: 0.961904
-------------
Particle: 4:
Relays Coordinates:
260.75, 95.3621
123.502, 78.873
340.338, 131.521
350, 224.236
Evaluation Time: 0.0467684 seconds
Resulting Fitness: 0.966887
Current global best fitness: 0.967596
Current global best relays: 258.628, 95.4395
129.473, 79.0759
338.393, 130.421
350, 224.224
Particle 1 new velocities: 6.34027, -0.372591
-45.3175, 0.142
6.11054, 3.11988
1.89753, 0.0672572
Particle 2 new velocities: 10.6059, 3.70056
-3.63478, -6.63585
-0.804765, -6.69089
0.548321, 0.455841
Particle 3 new velocities: 4.31611, -0.815371
-27.5138, -4.12406
-10.582, 4.36655
0, -28.479
Particle 4 new velocities: 1.61524, -0.0632076
-4.32328, -0.121652
-2.58287, -4.81019
0, -0.00249211
-- ITERATION 43 --
-------------
Particle: 1:
Relays Coordinates:
264.311, 95.1799
94.7412, 78.5316
339.474, 128.885
350, 224.403
Evaluation Time: 0.0598665 seconds
Resulting Fitness: 0.964167
-------------
Particle: 2:
Relays Coordinates:
266.774, 125.047
114.581, 75.5391
337.568, 127.666
349.685, 224.706
Evaluation Time: 0.0788494 seconds
Resulting Fitness: 0.96283
-------------
Particle: 3:
Relays Coordinates:
261.9, 97.2302
83.7304, 70.5686
339.418, 128.313
350, 153.53
Evaluation Time: 0.0608283 seconds
Resulting Fitness: 0.931091
-------------
Particle: 4:
Relays Coordinates:
262.366, 95.2989
119.179, 78.7513
337.755, 126.711
350, 224.233
Evaluation Time: 0.0530008 seconds
Resulting Fitness: 0.967043
Current global best fitness: 0.967596
Current global best relays: 258.628, 95.4395
129.473, 79.0759
338.393, 130.421
350, 224.224
Particle 1 new velocities: 2.64872, 0.297707
38.4323, 0.366281
2.83583, 4.16644
-1.42628, 0.219594
Particle 2 new velocities: 0.115045, -68.8941
19.3215, -1.35552
0.393307, 6.92614
-0.469429, 0.0300255
Particle 3 new velocities: 0.671227, -2.00346
39.5665, 14.0414
-20.6494, 2.46127
0, 48.4104
Particle 4 new velocities: -5.85165, 0.226402
11.5972, 0.101767
-1.05073, -0.441754
0, -0.0129687
-- ITERATION 44 --
-------------
Particle: 1:
Relays Coordinates:
266.96, 95.4776
133.174, 78.8979
342.309, 133.051
348.574, 224.623
Evaluation Time: 0.0879118 seconds
Resulting Fitness: 0.964885
-------------
Particle: 2:
Relays Coordinates:
266.889, 56.1531
133.902, 74.1836
337.961, 134.593
349.215, 224.736
Evaluation Time: 0.0855374 seconds
Resulting Fitness: 0.965674
New local best!
-------------
Particle: 3:
Relays Coordinates:
262.572, 95.2267
123.297, 84.6099
318.769, 130.774
350, 201.94
Evaluation Time: 0.0450471 seconds
Resulting Fitness: 0.965061
-------------
Particle: 4:
Relays Coordinates:
256.514, 95.5253
130.776, 78.8531
336.704, 126.27
350, 224.22
Evaluation Time: 0.0447462 seconds
Resulting Fitness: 0.967325
Current global best fitness: 0.967596
Current global best relays: 258.628, 95.4395
129.473, 79.0759
338.393, 130.421
350, 224.224
Particle 1 new velocities: -14.7907, 0.174074
18.9034, 0.407445
-4.74356, -2.27489
1.36662, -0.182871
Particle 2 new velocities: -13.4865, -50.6491
14.6105, 0.314187
0.48609, 3.74297
0.7827, 0.0025876
Particle 3 new velocities: -2.59338, 0.0623784
18.0147, 0.508284
-5.70566, -10.4246
0, 73.1628
Particle 4 new velocities: -0.392287, 0.0931464
7.00554, 0.710566
-0.0359739, 3.69143
0, -0.0019889
-- ITERATION 45 --
-------------
Particle: 1:
Relays Coordinates:
252.17, 95.6517
152.077, 79.3054
337.566, 130.776
349.94, 224.44
Evaluation Time: 0.0462295 seconds
Resulting Fitness: 0.966687
-------------
Particle: 2:
Relays Coordinates:
253.402, 5.50397
148.513, 74.4977
338.448, 138.336
349.998, 224.739
Evaluation Time: 0.000117243 seconds
Resulting Fitness: 0
-------------
Particle: 3:
Relays Coordinates:
259.978, 95.2891
141.312, 85.1182
313.063, 120.349
350, 275.103
Evaluation Time: 6.6984e-05 seconds
Resulting Fitness: 0
-------------
Particle: 4:
Relays Coordinates:
256.122, 95.6185
137.781, 79.5637
336.668, 129.961
350, 224.218
Evaluation Time: 0.0415568 seconds
Resulting Fitness: 0.966944
Current global best fitness: 0.967596
Current global best relays: 258.628, 95.4395
129.473, 79.0759
338.393, 130.421
350, 224.224
Particle 1 new velocities: 5.718, 0.0761357
-13.0991, -0.461578
-2.90822, -2.8741
0.492122, -0.329246
Particle 2 new velocities: -1.63501, 115.701
-0.937197, 5.53197
0.253887, -1.65729
-0.148887, -0.810547
Particle 3 new velocities: -3.23624, 0.914635
5.36254, -10.7039
29.5677, -2.69383
0, 3.76919
Particle 4 new velocities: 0.853947, -0.0413574
1.09566, -0.450953
1.61946, 3.41851
0, 0.00986292
-- ITERATION 46 --
-------------
Particle: 1:
Relays Coordinates:
257.888, 95.7278
138.978, 78.8438
334.658, 127.902
350, 224.111
Evaluation Time: 0.0364455 seconds
Resulting Fitness: 0.967594
-------------
Particle: 2:
Relays Coordinates:
251.767, 121.205
147.576, 80.0297
338.701, 136.678
349.849, 223.928
Evaluation Time: 0.0396681 seconds
Resulting Fitness: 0.961859
-------------
Particle: 3:
Relays Coordinates:
256.742, 96.2037
146.674, 74.4143
342.631, 117.655
350, 278.872
Evaluation Time: 0.000106031 seconds
Resulting Fitness: 0
-------------
Particle: 4:
Relays Coordinates:
256.976, 95.5771
138.877, 79.1127
338.288, 133.379
350, 224.228
Evaluation Time: 0.052581 seconds
Resulting Fitness: 0.967592
Current global best fitness: 0.967596
Current global best relays: 258.628, 95.4395
129.473, 79.0759
338.393, 130.421
350, 224.224
Particle 1 new velocities: 7.19704, -0.415242
-23.4661, -0.440338
1.10902, 2.15485
-0.227881, 0.20133
Particle 2 new velocities: 4.69578, 80.7118
-19.4364, 1.63092
-1.07571, -10.7926
-0.350105, -0.468919
Particle 3 new velocities: 0.959487, 2.81919
-60.9622, -1.00404
19.173, 16.1795
0, -53.4671
Particle 4 new velocities: 3.63385, -0.143665
-14.0087, -0.456612
1.47591, 0.679974
0, 0.00130194
-- ITERATION 47 --
-------------
Particle: 1:
Relays Coordinates:
265.085, 95.3126
115.512, 78.4034
335.767, 130.057
349.772, 224.312
Evaluation Time: 0.0416141 seconds
Resulting Fitness: 0.966877
-------------
Particle: 2:
Relays Coordinates:
256.463, 201.917
128.139, 81.6606
337.626, 125.886
349.499, 223.459
Evaluation Time: 0.0421198 seconds
Resulting Fitness: 0.955776
-------------
Particle: 3:
Relays Coordinates:
257.701, 99.0229
85.712, 73.4103
350, 133.835
350, 225.405
Evaluation Time: 0.0455732 seconds
Resulting Fitness: 0.961424
-------------
Particle: 4:
Relays Coordinates:
260.61, 95.4335
124.868, 78.6561
339.764, 134.059
350, 224.229
Evaluation Time: 0.0461737 seconds
Resulting Fitness: 0.966372
Current global best fitness: 0.967596
Current global best relays: 258.628, 95.4395
129.473, 79.0759
338.393, 130.421
350, 224.224
Particle 1 new velocities: 0.72729, -0.226918
9.36083, 1.01904
4.68433, 0.0268146
-0.46758, 0.380219
Particle 2 new velocities: 6.77776, -177.431
-11.5082, -9.85984
0.0793408, 1.79941
0.157658, 1.30173
Particle 3 new velocities: 2.70748, 2.00041
-3.75177, 1.00246
-30.5531, 5.90143
0, -49.7634
Particle 4 new velocities: 1.02741, -0.0986254
-3.75996, 0.662378
-0.0031023, -6.7009
0, -0.0100859
-- ITERATION 48 --
-------------
Particle: 1:
Relays Coordinates:
265.812, 95.0857
124.873, 79.4225
340.451, 130.084
349.305, 224.692
Evaluation Time: 0.047522 seconds
Resulting Fitness: 0.966633
-------------
Particle: 2:
Relays Coordinates:
263.241, 24.4857
116.631, 71.8008
337.705, 127.685
349.657, 224.761
Evaluation Time: 0.0494844 seconds
Resulting Fitness: 0.964642
-------------
Particle: 3:
Relays Coordinates:
260.409, 101.023
81.9602, 74.4127
319.447, 139.736
350, 175.642
Evaluation Time: 0.0514055 seconds
Resulting Fitness: 0.951164
-------------
Particle: 4:
Relays Coordinates:
261.637, 95.3348
121.108, 79.3185
339.761, 127.359
350, 224.219
Evaluation Time: 0.0607953 seconds
Resulting Fitness: 0.967493
Current global best fitness: 0.967596
Current global best relays: 258.628, 95.4395
129.473, 79.0759
338.393, 130.421
350, 224.224
Particle 1 new velocities: -14.2893, 0.639099
8.59014, -0.202154
-0.538997, -0.512791
-0.399628, -0.283408
Particle 2 new velocities: 5.54519, -72.4199
11.0179, -0.498838
0.907534, 9.42939
-0.0174155, 0.991273
Particle 3 new velocities: -1.98334, -8.53308
60.5113, 5.82614
-5.22363, -15.2486
0, -11.785
Particle 4 new velocities: -4.87694, 0.193876
17.0955, 0.137401
-1.83877, 1.60634
0, 0.000700993
-- ITERATION 49 --
-------------
Particle: 1:
Relays Coordinates:
251.523, 95.7248
133.463, 79.2203
339.912, 129.571
348.905, 224.409
Evaluation Time: 0.0776923 seconds
Resulting Fitness: 0.966579
-------------
Particle: 2:
Relays Coordinates:
268.786, 0
127.649, 71.3019
338.613, 137.114
349.639, 225.752
Evaluation Time: 0.000370914 seconds
Resulting Fitness: 0
-------------
Particle: 3:
Relays Coordinates:
258.426, 92.4903
142.472, 80.2389
314.223, 124.488
350, 163.857
Evaluation Time: 0.0978942 seconds
Resulting Fitness: 0.950055
-------------
Particle: 4:
Relays Coordinates:
256.76, 95.5287
138.204, 79.4559
337.922, 128.965
350, 224.22
Evaluation Time: 0.0939429 seconds
Resulting Fitness: 0.968191
New local best!
New global best!
Current global best fitness: 0.968191
Current global best relays: 256.76, 95.5287
138.204, 79.4559
337.922, 128.965
350, 224.22
Particle 1 new velocities: -3.15978, 0.354188
13.3077, -0.115121
-1.6831, -2.85743
0.822714, -0.225483
Particle 2 new velocities: -15.8323, 213.467
28.7323, 1.27202
-0.285502, -1.55561
-0.0120134, -1.68911
Particle 3 new velocities: -3.90789, -1.50156
33.4077, 0.114803
24.4177, -8.81568
0, 34.9109
Particle 4 new velocities: -3.90155, 0.155101
13.6764, 0.109921
-1.47102, 1.28507
0, 0.000560794
-- ITERATION 50 --
-------------
Particle: 1:
Relays Coordinates:
248.363, 96.079
146.77, 79.1052
338.229, 126.713
349.728, 224.183
Evaluation Time: 0.0901894 seconds
Resulting Fitness: 0.96571
-------------
Particle: 2:
Relays Coordinates:
252.954, 213.467
156.381, 72.574
338.327, 135.559
349.627, 224.063
Evaluation Time: 0.0618055 seconds
Resulting Fitness: 0.948865
-------------
Particle: 3:
Relays Coordinates:
254.518, 90.9887
175.879, 80.3537
338.641, 115.672
350, 198.768
Evaluation Time: 0.0356415 seconds
Resulting Fitness: 0.962572
-------------
Particle: 4:
Relays Coordinates:
252.858, 95.6838
151.88, 79.5658
336.451, 130.25
350, 224.221
Evaluation Time: 0.0375862 seconds
Resulting Fitness: 0.966187
Simulation of the best surrogate solution results: 0.975
Final Evaluation Time: 8.98039 seconds
Final global best fitness: 0.968191
Final global best relays:
256.76, 95.5287
138.204, 79.4559
337.922, 128.965
350, 224.22
