PSO EXECUTION
============================
Seed: 184347641
Particles: 10
Relays: 4
Iterations: 20
Backend: Hybrid
Network Configuration: 3
Area: 350 x 350
Sink: 0, 0
Simulated Relay range: 155
w: 0.8
c1: 1.1
c2: 1.8

Relay Nodes Positions: 
PARTICLE 1: 
134.504, 94.2054
235.363, 209.573
51.412, 44.1244
286.215, 338.31
PARTICLE 2: 
25.544, 30.0046
118.146, 138.766
264.215, 341.8
206.772, 261.093
PARTICLE 3: 
130.643, 130.923
51.7478, 23.0823
207.423, 255.822
320.545, 323.369
PARTICLE 4: 
307.161, 276.819
40.5605, 41.0581
166.138, 212.579
179.522, 109.659
PARTICLE 5: 
74.7347, 23.1989
109.474, 127.651
242.457, 202.49
284.192, 292.988
PARTICLE 6: 
84.6558, 44.4512
213.437, 188.439
270.264, 264.189
159.541, 154.746
PARTICLE 7: 
267.297, 329.91
238.262, 183.904
73.839, 50.9299
125.748, 120.133
PARTICLE 8: 
148.906, 70.7249
69.22, 121.25
278.112, 294.347
200.673, 198.409
PARTICLE 9: 
265.107, 296.494
197.988, 188.903
157.869, 102.441
83.9372, 32.4835
PARTICLE 10: 
85.1336, 74.5504
123.35, 178.608
256.887, 306.455
265.507, 157.583
Nodes Positions: 
314.834, 18.9194
76.8668, 126.284
149.448, 117.959
174.648, 76.3786
104.111, 187.982
25.2432, 317.775
92.4231, 61.4821
12.9658, 342.798
225.95, 270.002
113.355, 154.966
209.942, 198.516
60.218, 5.58277
163.162, 103.296
45.8545, 217.491
129.372, 243.476
214.15, 259.968
285.932, 322.3
348.709, 287.384
256.367, 234.869
302.419, 299.486
332.585, 46.2537
274.091, 144.498
182.979, 173.872
39.2276, 35.0842
251.832, 94.9438
All particles start with velocity zero
-- ITERATION 0 --
-------------
Particle: 1:
Relays Coordinates:
134.504, 94.2054
235.363, 209.573
51.412, 44.1244
286.215, 338.31
Evaluation Time: 0.0364003 seconds
Resulting Fitness: 0.757125
New local best!
New global best!
-------------
Particle: 2:
Relays Coordinates:
25.544, 30.0046
118.146, 138.766
264.215, 341.8
206.772, 261.093
Evaluation Time: 0.027586 seconds
Resulting Fitness: 0.746833
New local best!
-------------
Particle: 3:
Relays Coordinates:
130.643, 130.923
51.7478, 23.0823
207.423, 255.822
320.545, 323.369
Evaluation Time: 0.0373005 seconds
Resulting Fitness: 0.752835
New local best!
-------------
Particle: 4:
Relays Coordinates:
307.161, 276.819
40.5605, 41.0581
166.138, 212.579
179.522, 109.659
Evaluation Time: 0.033771 seconds
Resulting Fitness: 0.758495
New local best!
New global best!
-------------
Particle: 5:
Relays Coordinates:
74.7347, 23.1989
109.474, 127.651
242.457, 202.49
284.192, 292.988
Evaluation Time: 0.036261 seconds
Resulting Fitness: 0.760037
New local best!
New global best!
-------------
Particle: 6:
Relays Coordinates:
84.6558, 44.4512
213.437, 188.439
270.264, 264.189
159.541, 154.746
Evaluation Time: 0.0277049 seconds
Resulting Fitness: 0.752468
New local best!
-------------
Particle: 7:
Relays Coordinates:
267.297, 329.91
238.262, 183.904
73.839, 50.9299
125.748, 120.133
Evaluation Time: 0.0262008 seconds
Resulting Fitness: 0.76315
New local best!
New global best!
-------------
Particle: 8:
Relays Coordinates:
148.906, 70.7249
69.22, 121.25
278.112, 294.347
200.673, 198.409
Evaluation Time: 0.0240749 seconds
Resulting Fitness: 0.761126
New local best!
-------------
Particle: 9:
Relays Coordinates:
265.107, 296.494
197.988, 188.903
157.869, 102.441
83.9372, 32.4835
Evaluation Time: 0.0347979 seconds
Resulting Fitness: 0.760451
New local best!
-------------
Particle: 10:
Relays Coordinates:
85.1336, 74.5504
123.35, 178.608
256.887, 306.455
265.507, 157.583
Evaluation Time: 0.0306538 seconds
Resulting Fitness: 0.760433
New local best!
Current global best fitness: 0.76315
Current global best relays: 267.297, 329.91
238.262, 183.904
73.839, 50.9299
125.748, 120.133
Particle 1 new velocities: 194.754, 313.585
3.26628, -33.5379
31.8778, 6.82606
-104.276, -155.959
Particle 2 new velocities: 280.007, 121.617
92.8908, 39.7202
-274.282, -477.484
-51.582, -208.869
Particle 3 new velocities: 90.5646, 32.4393
314.478, 127.496
-137.887, -243.215
-112.719, -30.2217
Particle 4 new velocities: -13.2519, 35.7745
122.725, 160.344
-155.506, -2.67244
-63.8085, 14.1403
Particle 5 new velocities: 251.493, 263.204
28.4205, 68.5134
-201.557, -20.4632
-239.138, -244.651
Particle 6 new velocities: 84.8048, 9.44638
18.6242, -1.17139
-278.758, -285.31
-40.0023, -26.5378
Particle 7 new velocities: 0, 0
0, 0
0, 0
0, 0
Particle 8 new velocities: 138.138, 359.968
268.451, 89.7835
-30.3605, -189.546
-46.9154, -112.418
Particle 9 new velocities: 1.45729, 31.8754
30.8427, -6.42735
-146.614, -72.7631
39.6403, 35.2306
Particle 10 new velocities: 1.25399, 259.807
30.7496, 3.3322
-172.748, -385.168
-38.9053, -2.32673
-- ITERATION 1 --
-------------
Particle: 1:
Relays Coordinates:
329.259, 350
238.629, 176.035
83.2898, 50.9505
181.94, 182.351
Evaluation Time: 7.0258e-05 seconds
Resulting Fitness: 0
-------------
Particle: 2:
Relays Coordinates:
305.551, 151.622
211.037, 178.487
0, 0
155.19, 52.2239
Evaluation Time: 5.5681e-05 seconds
Resulting Fitness: 0
-------------
Particle: 3:
Relays Coordinates:
221.208, 163.362
350, 150.578
69.5358, 12.6067
207.826, 293.147
Evaluation Time: 5.0462e-05 seconds
Resulting Fitness: 0
-------------
Particle: 4:
Relays Coordinates:
293.909, 312.594
163.286, 201.402
10.6317, 209.906
115.714, 123.799
Evaluation Time: 5.1156e-05 seconds
Resulting Fitness: 0
-------------
Particle: 5:
Relays Coordinates:
326.228, 286.403
137.894, 196.164
40.9006, 182.027
45.0534, 48.337
Evaluation Time: 4.8923e-05 seconds
Resulting Fitness: 0
-------------
Particle: 6:
Relays Coordinates:
169.461, 53.8976
232.061, 187.268
0, 0
119.539, 128.208
Evaluation Time: 6.6911e-05 seconds
Resulting Fitness: 0
-------------
Particle: 7:
Relays Coordinates:
267.297, 329.91
238.262, 183.904
73.839, 50.9299
125.748, 120.133
Evaluation Time: 0.0257728 seconds
Resulting Fitness: 0.76315
-------------
Particle: 8:
Relays Coordinates:
287.043, 350
337.671, 211.033
247.752, 104.8
153.757, 85.9918
Evaluation Time: 0.000100932 seconds
Resulting Fitness: 0
-------------
Particle: 9:
Relays Coordinates:
266.564, 328.37
228.831, 182.475
11.255, 29.6777
123.578, 67.714
Evaluation Time: 0.000103977 seconds
Resulting Fitness: 0
-------------
Particle: 10:
Relays Coordinates:
86.3876, 334.358
154.1, 181.941
84.1389, 0
226.602, 155.256
Evaluation Time: 9.0898e-05 seconds
Resulting Fitness: 0
Current global best fitness: 0.76315
Current global best relays: 267.297, 329.91
238.262, 183.904
73.839, 50.9299
125.748, 120.133
Particle 1 new velocities: 26.4853, -115.634
0.291387, -4.64222
7.47006, 0.566418
-92.7175, -76.7117
Particle 2 new velocities: -23.9909, 319.828
-4.66825, 24.1438
16.7406, 89.1873
-12.7462, -41.4367
Particle 3 new velocities: 106.984, 177.439
-337.955, -32.6268
-9.238, -51.781
-53.1044, -89.1349
Particle 4 new velocities: -6.22477, 34.2785
103.382, 42.9758
43.1094, -279.007
8.21252, -3.67121
Particle 5 new velocities: 142.73, 74.1497
21.4993, -23.7635
-121.556, -218.621
40.949, 144.809
Particle 6 new velocities: 71.9153, 84.4696
2.70256, -5.39881
192.867, 146.164
-1.87108, 5.51836
Particle 7 new velocities: 0, 0
0, 0
0, 0
0, 0
Particle 8 new velocities: 70.3574, -39.9908
73.9263, 34.3289
-15.5175, -142.753
-15.4559, 70.6639
Particle 9 new velocities: 0.391042, 22.0387
11.6837, 1.24223
112.603, 28.749
-3.87687, 117.858
Particle 10 new velocities: 62.602, -69.5284
38.343, 3.48252
2.89436, 370.143
-161.727, -23.2312
-- ITERATION 2 --
-------------
Particle: 1:
Relays Coordinates:
350, 234.366
238.92, 171.393
90.7599, 51.5169
89.2224, 105.639
Evaluation Time: 8.8889e-05 seconds
Resulting Fitness: 0
-------------
Particle: 2:
Relays Coordinates:
281.56, 350
206.369, 202.63
16.7406, 89.1873
142.444, 10.7872
Evaluation Time: 0.000201366 seconds
Resulting Fitness: 0
-------------
Particle: 3:
Relays Coordinates:
328.192, 340.801
12.0448, 117.952
60.2978, 0
154.721, 204.012
Evaluation Time: 6.1806e-05 seconds
Resulting Fitness: 0
-------------
Particle: 4:
Relays Coordinates:
287.684, 346.872
266.668, 244.377
53.7411, 0
123.926, 120.128
Evaluation Time: 6.5065e-05 seconds
Resulting Fitness: 0
-------------
Particle: 5:
Relays Coordinates:
350, 350
159.393, 172.401
0, 0
86.0023, 193.146
Evaluation Time: 6.1622e-05 seconds
Resulting Fitness: 0
-------------
Particle: 6:
Relays Coordinates:
241.376, 138.367
234.763, 181.869
192.867, 146.164
117.668, 133.727
Evaluation Time: 6.8604e-05 seconds
Resulting Fitness: 0
-------------
Particle: 7:
Relays Coordinates:
267.297, 329.91
238.262, 183.904
73.839, 50.9299
125.748, 120.133
Evaluation Time: 0.0256673 seconds
Resulting Fitness: 0.76315
-------------
Particle: 8:
Relays Coordinates:
350, 310.009
350, 245.362
232.234, 0
138.301, 156.656
Evaluation Time: 0.000133018 seconds
Resulting Fitness: 0
-------------
Particle: 9:
Relays Coordinates:
266.955, 350
240.515, 183.717
123.858, 58.4267
119.701, 185.572
Evaluation Time: 9.6384e-05 seconds
Resulting Fitness: 0
-------------
Particle: 10:
Relays Coordinates:
148.99, 264.829
192.443, 185.423
87.0333, 350
64.8747, 132.025
Evaluation Time: 0.0247732 seconds
Resulting Fitness: 0.754159
Current global best fitness: 0.76315
Current global best relays: 267.297, 329.91
238.262, 183.904
73.839, 50.9299
125.748, 120.133
Particle 1 new velocities: -125.379, -88.0053
-0.759195, 41.4709
-43.9413, -2.48677
27.6721, -10.9042
Particle 2 new velocities: -226.284, -193.068
-8.06632, -11.3309
113.207, 45.793
-13.4416, 298.298
Particle 3 new velocities: -196.836, -76.0722
-195.162, 43.5468
152.215, 98.8934
-52.4516, -96.6839
Particle 4 new velocities: -19.2564, -8.83589
-160.719, -19.6061
92.1516, 76.6572
23.2807, -13.0155
Particle 5 new velocities: -302.293, -135.216
106.003, -12.6512
303.531, 18.845
203.583, 181.043
Particle 6 new velocities: -22.1452, 252.963
1.64215, -2.76438
198.831, 35.2493
29.8215, 13.678
Particle 7 new velocities: 0, 0
0, 0
0, 0
0, 0
Particle 8 new velocities: -174.188, -187.423
-220.439, -162.521
-56.9547, 270.451
-22.1387, 39.4248
Particle 9 new velocities: -0.453937, -21.0773
-25.8899, 5.12855
43.5915, 58.6976
-30.6161, -103.543
Particle 10 new velocities: 110.345, -177.05
17.6766, -3.71805
30.7696, -487.635
-4.48766, -33.1715
-- ITERATION 3 --
-------------
Particle: 1:
Relays Coordinates:
224.621, 146.361
238.161, 212.863
46.8186, 49.0301
116.894, 94.7352
Evaluation Time: 0.0239476 seconds
Resulting Fitness: 0.743479
-------------
Particle: 2:
Relays Coordinates:
55.276, 156.932
198.303, 191.3
129.948, 134.98
129.003, 309.085
Evaluation Time: 7.5394e-05 seconds
Resulting Fitness: 0
-------------
Particle: 3:
Relays Coordinates:
131.356, 264.729
0, 161.498
212.513, 98.8934
102.27, 107.328
Evaluation Time: 5.2305e-05 seconds
Resulting Fitness: 0
-------------
Particle: 4:
Relays Coordinates:
268.428, 338.036
105.948, 224.771
145.893, 76.6572
147.207, 107.113
Evaluation Time: 4.8861e-05 seconds
Resulting Fitness: 0
-------------
Particle: 5:
Relays Coordinates:
47.7074, 214.784
265.396, 159.749
303.531, 18.845
289.585, 350
Evaluation Time: 5.5197e-05 seconds
Resulting Fitness: 0
-------------
Particle: 6:
Relays Coordinates:
219.231, 350
236.405, 179.105
350, 181.413
147.489, 147.405
Evaluation Time: 6.3583e-05 seconds
Resulting Fitness: 0
-------------
Particle: 7:
Relays Coordinates:
267.297, 329.91
238.262, 183.904
73.839, 50.9299
125.748, 120.133
Evaluation Time: 0.0233958 seconds
Resulting Fitness: 0.76315
-------------
Particle: 8:
Relays Coordinates:
175.812, 122.586
129.561, 82.8406
175.279, 270.451
116.163, 196.08
Evaluation Time: 0.0231903 seconds
Resulting Fitness: 0.782278
New local best!
New global best!
-------------
Particle: 9:
Relays Coordinates:
266.502, 328.923
214.625, 188.846
167.45, 117.124
89.0846, 82.0283
Evaluation Time: 0.0227698 seconds
Resulting Fitness: 0.74979
-------------
Particle: 10:
Relays Coordinates:
259.334, 87.7787
210.119, 181.705
117.803, 0
60.387, 98.8532
Evaluation Time: 7.0738e-05 seconds
Resulting Fitness: 0
Current global best fitness: 0.782278
Current global best relays: 175.812, 122.586
129.561, 82.8406
175.279, 270.451
116.163, 196.08
Particle 1 new velocities: -231.66, -151.299
-156.967, 1.55789
42.5783, 288.228
162.157, 200.884
Particle 2 new velocities: -161.731, -220.876
-95.3522, -181.924
199.82, 222.958
-11.8703, 197.642
Particle 3 new velocities: -89.896, -274.829
93.7044, -122.398
82.116, 244.102
195.099, 17.1999
Particle 4 new velocities: -3.11679, -331.901
-135.733, -276.177
143.498, 241.366
12.5494, 73.681
Particle 5 new velocities: -187.234, -215.036
-8.48399, -88.1594
-18.956, 254.255
112.549, -209.008
Particle 6 new velocities: -222.358, -337.295
-79.0678, -50.3831
-207.264, 155.192
-8.79627, 68.6504
Particle 7 new velocities: -4.0897, -307.405
-105.737, -31.9651
58.8436, 87.006
-3.45635, 95.5022
Particle 8 new velocities: -139.35, -149.939
-176.351, -130.017
-45.5638, 216.361
-17.711, 31.5398
Particle 9 new velocities: -74.5526, -239.667
-148.126, -86.1873
32.5774, 305.932
-7.75108, 91.7136
Particle 10 new velocities: -174.877, -121.906
-74.1153, -25.1728
179.845, 263.075
191.22, 111.581
-- ITERATION 4 --
-------------
Particle: 1:
Relays Coordinates:
0, 0
81.1946, 214.421
89.3969, 337.258
279.051, 295.619
Evaluation Time: 5.4558e-05 seconds
Resulting Fitness: 0
-------------
Particle: 2:
Relays Coordinates:
0, 0
102.95, 9.37531
329.768, 350
117.132, 350
Evaluation Time: 5.157e-05 seconds
Resulting Fitness: 0
-------------
Particle: 3:
Relays Coordinates:
41.4598, 0
93.7044, 39.1005
294.629, 342.995
297.368, 124.528
Evaluation Time: 5.2031e-05 seconds
Resulting Fitness: 0
-------------
Particle: 4:
Relays Coordinates:
265.311, 6.13574
0, 0
289.391, 318.023
159.756, 180.794
Evaluation Time: 5.0055e-05 seconds
Resulting Fitness: 0
-------------
Particle: 5:
Relays Coordinates:
0, 0
256.912, 71.59
284.575, 273.1
350, 140.992
Evaluation Time: 5.2359e-05 seconds
Resulting Fitness: 0
-------------
Particle: 6:
Relays Coordinates:
0, 12.7046
157.338, 128.722
142.736, 336.605
138.693, 216.055
Evaluation Time: 4.9991e-05 seconds
Resulting Fitness: 0
-------------
Particle: 7:
Relays Coordinates:
263.208, 22.5049
132.525, 151.938
132.683, 137.936
122.291, 215.636
Evaluation Time: 4.7898e-05 seconds
Resulting Fitness: 0
-------------
Particle: 8:
Relays Coordinates:
36.4623, 0
0, 0
129.716, 350
98.4515, 227.62
Evaluation Time: 8.4241e-05 seconds
Resulting Fitness: 0
-------------
Particle: 9:
Relays Coordinates:
191.949, 89.2559
66.4989, 102.659
200.027, 350
81.3335, 173.742
Evaluation Time: 5.3286e-05 seconds
Resulting Fitness: 0
-------------
Particle: 10:
Relays Coordinates:
84.4573, 0
136.004, 156.532
297.648, 263.075
251.607, 210.434
Evaluation Time: 5.0516e-05 seconds
Resulting Fitness: 0
Current global best fitness: 0.782278
Current global best relays: 175.812, 122.586
129.561, 82.8406
175.279, 270.451
116.163, 196.08
Particle 1 new velocities: 430.873, 276.323
34.2966, -29.0764
42.8485, 10.1079
-71.4243, 6.43707
Particle 2 new velocities: 34.0095, 152.148
-55.3274, 68.7276
136.608, -139.944
78.536, -206.834
Particle 3 new velocities: 10.8081, 232.244
72.3593, -57.0981
-201.667, 61.5634
-26.1175, 224.45
Particle 4 new velocities: -71.947, 55.1415
136.618, 167.089
-180.429, 92.6944
-7.56181, -3.50121
Particle 5 new velocities: 334.247, 196.788
-385.974, -53.3184
-48.5637, 135.098
-182.06, 13.1554
Particle 6 new velocities: 98.0744, -226.071
-54.1543, -26.4015
-92.4279, -4.20979
-27.3279, 13.8201
Particle 7 new velocities: -114.406, -33.971
21.7778, -66.2543
17.1028, 73.2034
-0.851516, 24.3806
Particle 8 new velocities: -67.0323, 194.078
182.356, 194.704
32.4393, -135.847
8.77231, -43.2475
Particle 9 new velocities: -66.0787, 15.9655
-17.7157, -57.2198
4.8008, -247.398
7.16469, 50.1351
Particle 10 new velocities: -110.298, 242.761
-72.7122, -92.7934
-72.9752, 219.909
-66.4149, 48.4596
-- ITERATION 5 --
-------------
Particle: 1:
Relays Coordinates:
350, 276.323
115.491, 185.345
132.245, 347.366
207.627, 302.057
Evaluation Time: 6.9422e-05 seconds
Resulting Fitness: 0
-------------
Particle: 2:
Relays Coordinates:
34.0095, 152.148
47.6229, 78.1029
350, 210.056
195.668, 143.166
Evaluation Time: 5.0531e-05 seconds
Resulting Fitness: 0
-------------
Particle: 3:
Relays Coordinates:
52.2679, 232.244
166.064, 0
92.9617, 350
271.251, 348.978
Evaluation Time: 4.9502e-05 seconds
Resulting Fitness: 0
-------------
Particle: 4:
Relays Coordinates:
193.364, 61.2773
136.618, 167.089
108.962, 350
152.195, 177.293
Evaluation Time: 5.0225e-05 seconds
Resulting Fitness: 0
-------------
Particle: 5:
Relays Coordinates:
334.247, 196.788
0, 18.2716
236.011, 350
167.94, 154.148
Evaluation Time: 6.1434e-05 seconds
Resulting Fitness: 0
-------------
Particle: 6:
Relays Coordinates:
98.0744, 0
103.183, 102.32
50.3085, 332.396
111.365, 229.875
Evaluation Time: 0.0238476 seconds
Resulting Fitness: 0.737126
-------------
Particle: 7:
Relays Coordinates:
148.802, 0
154.302, 85.6841
149.785, 211.139
121.44, 240.016
Evaluation Time: 0.0219778 seconds
Resulting Fitness: 0.77664
New local best!
-------------
Particle: 8:
Relays Coordinates:
0, 194.078
182.356, 194.704
162.155, 214.153
107.224, 184.373
Evaluation Time: 6.9586e-05 seconds
Resulting Fitness: 0
-------------
Particle: 9:
Relays Coordinates:
125.87, 105.221
48.7832, 45.4389
204.828, 102.602
88.4982, 223.877
Evaluation Time: 0.0242727 seconds
Resulting Fitness: 0.772733
New local best!
-------------
Particle: 10:
Relays Coordinates:
0, 242.761
63.2919, 63.7389
224.673, 350
185.192, 258.894
Evaluation Time: 0.000130484 seconds
Resulting Fitness: 0
Current global best fitness: 0.782278
Current global best relays: 175.812, 122.586
129.561, 82.8406
175.279, 270.451
116.163, 196.08
Particle 1 new velocities: -274.305, -97.3325
46.041, -117.871
39.0143, -129.174
-24.561, -101.653
Particle 2 new velocities: 57.8403, 44.2889
-10.071, 103.962
-42.8726, 31.6421
27.9352, 3.25713
Particle 3 new velocities: 212.573, 29.524
-2.49869, 23.0873
-10.6025, -121.539
-82.6424, 10.3437
Particle 4 new velocities: 50.5825, 174.786
76.1482, -77.5043
-70.3591, -224.254
-29.7571, -10.9054
Particle 5 new velocities: 165.863, -60.1354
94.7893, 47.6417
-106.483, -186.408
-186.537, 208.052
Particle 6 new velocities: 173.157, 145.595
28.46, 35.3965
178.564, -68.2308
11.1182, -79.1486
Particle 7 new velocities: -81.8548, 171.989
-17.4591, -55.3478
59.5133, 163.752
-5.99118, 1.1298
Particle 8 new velocities: 305.021, 114.638
106.183, 40.9734
57.5616, -24.3339
17.8999, -16.972
Particle 9 new velocities: 6.8376, 29.5999
88.5987, -11.9119
3.73382, -2.48919
17.0296, 5.79941
Particle 10 new velocities: 166.891, 53.1742
50.9605, 28.209
-70.2188, -72.9127
-100.061, -24.5823
-- ITERATION 6 --
-------------
Particle: 1:
Relays Coordinates:
75.6954, 178.99
161.532, 67.4735
171.26, 218.192
183.066, 200.404
Evaluation Time: 0.000112927 seconds
Resulting Fitness: 0
-------------
Particle: 2:
Relays Coordinates:
91.8497, 196.437
37.5519, 182.065
307.127, 241.698
223.604, 146.423
Evaluation Time: 9.2308e-05 seconds
Resulting Fitness: 0
-------------
Particle: 3:
Relays Coordinates:
264.841, 261.768
163.565, 23.0873
82.3593, 228.461
188.608, 350
Evaluation Time: 0.000117075 seconds
Resulting Fitness: 0
-------------
Particle: 4:
Relays Coordinates:
243.946, 236.063
212.767, 89.5847
38.6026, 125.746
122.437, 166.387
Evaluation Time: 0.021204 seconds
Resulting Fitness: 0.77543
New local best!
-------------
Particle: 5:
Relays Coordinates:
350, 136.652
94.7893, 65.9133
129.528, 163.592
0, 350
Evaluation Time: 9.2039e-05 seconds
Resulting Fitness: 0
-------------
Particle: 6:
Relays Coordinates:
271.232, 145.595
131.643, 137.717
228.872, 264.165
122.483, 150.727
Evaluation Time: 7.0014e-05 seconds
Resulting Fitness: 0
-------------
Particle: 7:
Relays Coordinates:
66.9469, 171.989
136.843, 30.3363
209.299, 350
115.449, 241.146
Evaluation Time: 6.9027e-05 seconds
Resulting Fitness: 0
-------------
Particle: 8:
Relays Coordinates:
305.021, 308.716
288.539, 235.678
219.716, 189.819
125.124, 167.401
Evaluation Time: 7.3362e-05 seconds
Resulting Fitness: 0
-------------
Particle: 9:
Relays Coordinates:
132.708, 134.821
137.382, 33.5269
208.562, 100.113
105.528, 229.676
Evaluation Time: 0.0214075 seconds
Resulting Fitness: 0.782473
New local best!
New global best!
-------------
Particle: 10:
Relays Coordinates:
166.891, 295.935
114.252, 91.948
154.454, 277.087
85.1306, 234.311
Evaluation Time: 0.052777 seconds
Resulting Fitness: 0.762976
New local best!
Current global best fitness: 0.782473
Current global best relays: 132.708, 134.821
137.382, 33.5269
208.562, 100.113
105.528, 229.676
Particle 1 new velocities: -167.333, -167.722
22.3758, -70.4491
-45.3032, -271.67
-123.612, 38.136
Particle 2 new velocities: 8.40231, -121.484
25.7931, -41.1365
-75.9139, -172.82
-134.866, 146.739
Particle 3 new velocities: -107.438, -230.565
-42.5001, 26.3522
313.128, -141.888
-51.4486, -96.6809
Particle 4 new velocities: -72.0439, 46.0141
-49.97, -155.384
206.805, -217.135
-51.7574, 80.6598
Particle 5 new velocities: -371.857, -172.26
142.468, 18.9981
96.4214, -172.618
321.225, -257.756
Particle 6 new velocities: -9.13743, 77.988
90.0908, -139.982
159.856, -200.624
13.6728, -2.53989
Particle 7 new velocities: -36.8967, 93.0129
-7.33239, -17.8818
8.41524, -228.133
-2.97545, -13.7055
Particle 8 new velocities: -182.757, -156.155
-286.589, -454.966
15.1529, -127.716
-23.8406, 96.4276
Particle 9 new velocities: 5.47008, 23.6799
70.879, -9.52955
2.98706, -1.99135
13.6237, 4.63953
Particle 10 new velocities: 114.612, -1.75702
67.5009, -76.8157
-25.726, -194.671
-59.1546, -24.1398
-- ITERATION 7 --
-------------
Particle: 1:
Relays Coordinates:
0, 11.2681
183.908, 0
125.956, 0
59.4543, 238.54
Evaluation Time: 0.000109738 seconds
Resulting Fitness: 0
-------------
Particle: 2:
Relays Coordinates:
100.252, 74.9538
63.3449, 140.928
231.213, 68.8776
88.7379, 293.163
Evaluation Time: 0.0463859 seconds
Resulting Fitness: 0.781809
New local best!
-------------
Particle: 3:
Relays Coordinates:
157.403, 31.2021
121.065, 49.4395
350, 86.5727
137.16, 253.319
Evaluation Time: 0.000185625 seconds
Resulting Fitness: 0
-------------
Particle: 4:
Relays Coordinates:
171.903, 282.077
162.797, 0
245.408, 0
70.68, 247.047
Evaluation Time: 0.000120778 seconds
Resulting Fitness: 0
-------------
Particle: 5:
Relays Coordinates:
0, 0
237.258, 84.9114
225.95, 0
321.225, 92.2436
Evaluation Time: 0.000131906 seconds
Resulting Fitness: 0
-------------
Particle: 6:
Relays Coordinates:
262.094, 223.583
221.734, 0
350, 63.5408
136.156, 148.187
Evaluation Time: 0.000126345 seconds
Resulting Fitness: 0
-------------
Particle: 7:
Relays Coordinates:
30.0502, 265.002
129.511, 12.4545
217.714, 121.867
112.473, 227.44
Evaluation Time: 0.0530622 seconds
Resulting Fitness: 0.788014
New local best!
New global best!
-------------
Particle: 8:
Relays Coordinates:
122.264, 152.561
1.95011, 0
234.869, 62.103
101.283, 263.828
Evaluation Time: 8.0394e-05 seconds
Resulting Fitness: 0
-------------
Particle: 9:
Relays Coordinates:
138.178, 158.501
208.261, 23.9974
211.549, 98.1217
119.151, 234.316
Evaluation Time: 5.1215e-05 seconds
Resulting Fitness: 0
-------------
Particle: 10:
Relays Coordinates:
281.503, 294.178
181.753, 15.1323
128.728, 82.416
25.976, 210.172
Evaluation Time: 5.4141e-05 seconds
Resulting Fitness: 0
Current global best fitness: 0.788014
Current global best relays: 30.0502, 265.002
129.511, 12.4545
217.714, 121.867
112.473, 227.44
Particle 1 new velocities: 167.597, -33.4412
12.2533, 83.8443
18.9879, 189.664
4.5818, 67.4511
Particle 2 new velocities: -112.556, 51.4545
100.631, -151.109
-70.9197, -49.1251
-66.6366, 96.1497
Particle 3 new velocities: -157.02, 59.9572
-67.8744, -13.6536
-265.408, 88.0463
-2.22656, -85.1286
Particle 4 new velocities: -32.8403, -29.5608
-85.4655, 25.9023
-22.266, 143.083
23.071, 1.80319
Particle 5 new velocities: 53.4731, 243.324
50.9741, -68.279
63.704, 227.245
51.5485, 67.1687
Particle 6 new velocities: -293.475, 102.753
21.3501, 97.9591
-178.917, -146.964
-0.100472, 142.024
Particle 7 new velocities: -29.5174, 74.4103
-5.86591, -14.3054
6.73219, -182.506
-2.38036, -10.9644
Particle 8 new velocities: -204.451, -88.0014
-43.3191, 85.4455
5.10195, 44.165
9.36961, -25.5231
Particle 9 new velocities: -37.5554, 139.186
-89.2745, -10.6286
12.6073, 16.919
-2.91442, 1.15119
Particle 10 new velocities: -242.343, -1.79576
-10.925, -30.3218
60.5708, -81.1955
18.9323, 8.81149
-- ITERATION 8 --
-------------
Particle: 1:
Relays Coordinates:
167.597, 0
196.161, 83.8443
144.944, 189.664
64.0361, 305.991
Evaluation Time: 5.2088e-05 seconds
Resulting Fitness: 0
-------------
Particle: 2:
Relays Coordinates:
0, 126.408
163.976, 0
160.294, 19.7525
22.1013, 350
Evaluation Time: 5.9376e-05 seconds
Resulting Fitness: 0
-------------
Particle: 3:
Relays Coordinates:
0.383037, 91.1592
53.1905, 35.7859
84.5917, 174.619
134.933, 168.191
Evaluation Time: 0.0361632 seconds
Resulting Fitness: 0.761445
New local best!
-------------
Particle: 4:
Relays Coordinates:
139.062, 252.516
77.331, 25.9023
223.142, 143.083
93.751, 248.85
Evaluation Time: 9.4443e-05 seconds
Resulting Fitness: 0
-------------
Particle: 5:
Relays Coordinates:
53.4731, 243.324
288.232, 16.6324
289.654, 227.245
350, 159.412
Evaluation Time: 6.8867e-05 seconds
Resulting Fitness: 0
-------------
Particle: 6:
Relays Coordinates:
0, 326.336
243.084, 97.9591
171.083, 0
136.056, 290.211
Evaluation Time: 6.5423e-05 seconds
Resulting Fitness: 0
-------------
Particle: 7:
Relays Coordinates:
0.532856, 339.412
123.645, 0
224.446, 0
110.093, 216.476
Evaluation Time: 9.6155e-05 seconds
Resulting Fitness: 0
-------------
Particle: 8:
Relays Coordinates:
0, 64.5594
0, 85.4455
239.971, 106.268
110.653, 238.305
Evaluation Time: 7.3609e-05 seconds
Resulting Fitness: 0
-------------
Particle: 9:
Relays Coordinates:
100.623, 297.687
118.986, 13.3688
224.156, 115.041
116.237, 235.467
Evaluation Time: 6.5426e-05 seconds
Resulting Fitness: 0
-------------
Particle: 10:
Relays Coordinates:
39.1607, 292.382
170.828, 0
189.299, 1.22051
44.9083, 218.983
Evaluation Time: 6.6085e-05 seconds
Resulting Fitness: 0
Current global best fitness: 0.788014
Current global best relays: 30.0502, 265.002
129.511, 12.4545
217.714, 121.867
112.473, 227.44
Particle 1 new velocities: -49.741, 45.8244
-51.8315, 137.952
88.3459, -22.1299
217.398, -32.1318
Particle 2 new velocities: 74.7314, 153.539
-33.463, 71.5238
-45.6685, 62.12
100.034, -86.9568
Particle 3 new velocities: -106.026, 91.9861
18.7926, -14.1872
-76.417, 0.574177
-7.72908, -9.11017
Particle 4 new velocities: -29.4927, -28.5757
38.5874, 41.1584
-102.611, 78.886
63.3028, -114.552
Particle 5 new velocities: 22.7271, 182.297
-172.151, -51.0142
-31.9162, 157.198
-281.057, 264.445
Particle 6 new velocities: 117.103, -94.1506
-15.7063, 102.395
-93.2062, 214.028
-6.41994, 21.8039
Particle 7 new velocities: 41.9255, -38.0608
2.18065, 16.419
-2.40214, 305.74
1.32709, 4.32108
Particle 8 new velocities: 135.734, 297.973
172.862, -3.97769
-89.9528, 97.8776
13.5103, -67.6465
Particle 9 new velocities: -39.8351, -105.05
-53.0779, 11.5405
-9.29422, 5.21402
-16.7284, -8.98299
Particle 10 new velocities: -111.012, -34.7132
-88.077, 87.3756
35.5029, 62.7637
59.3442, 19.0677
-- ITERATION 9 --
-------------
Particle: 1:
Relays Coordinates:
117.856, 45.8244
144.33, 221.797
233.29, 167.534
281.435, 273.859
Evaluation Time: 0.608959 seconds
Resulting Fitness: 0.4
-------------
Particle: 2:
Relays Coordinates:
74.7314, 279.947
130.513, 71.5238
114.625, 81.8725
122.136, 263.043
Evaluation Time: 0.542793 seconds
Resulting Fitness: 0.426667
-------------
Particle: 3:
Relays Coordinates:
0, 183.145
71.9831, 21.5987
8.1747, 175.193
127.204, 159.08
Evaluation Time: 0.522703 seconds
Resulting Fitness: 0.473333
-------------
Particle: 4:
Relays Coordinates:
109.569, 223.941
115.918, 67.0608
120.531, 221.969
157.054, 134.298
Evaluation Time: 0.528686 seconds
Resulting Fitness: 0.686667
-------------
Particle: 5:
Relays Coordinates:
76.2002, 350
116.081, 0
257.737, 350
68.9434, 350
Evaluation Time: 0.438639 seconds
Resulting Fitness: 0.246667
-------------
Particle: 6:
Relays Coordinates:
117.103, 232.185
227.378, 200.354
77.8763, 214.028
129.636, 312.015
Evaluation Time: 0.385922 seconds
Resulting Fitness: 0.12
-------------
Particle: 7:
Relays Coordinates:
42.4583, 301.352
125.826, 16.419
222.044, 305.74
111.42, 220.797
Evaluation Time: 0.437985 seconds
Resulting Fitness: 0.28
-------------
Particle: 8:
Relays Coordinates:
135.734, 350
172.862, 81.4678
150.019, 204.146
124.163, 170.659
Evaluation Time: 0.407984 seconds
Resulting Fitness: 0.12
-------------
Particle: 9:
Relays Coordinates:
60.7874, 192.637
65.9086, 24.9093
214.862, 120.255
99.5086, 226.484
Evaluation Time: 0.639088 seconds
Resulting Fitness: 0.313333
-------------
Particle: 10:
Relays Coordinates:
0, 257.669
82.7512, 87.3756
224.802, 63.9843
104.252, 238.051
Evaluation Time: 0.546924 seconds
Resulting Fitness: 0.706667
Current global best fitness: 0.788014
Current global best relays: 30.0502, 265.002
129.511, 12.4545
217.714, 121.867
112.473, 227.44
Particle 1 new velocities: -51.2535, 390.912
-2.47146, 53.1658
43.4751, -152.236
-33.7359, -11.7894
Particle 2 new velocities: 16.6301, -35.1014
-100.934, -4.68983
137.68, 103.575
64.1664, -98.7886
Particle 3 new velocities: 4.22859, 200.516
14.2787, -18.6419
152.932, -44.751
-4.14365, 13.0417
Particle 4 new velocities: -45.8642, 37.2609
63.9701, -29.4793
-39.5085, -1.08028
-8.87771, 49.2227
Particle 5 new velocities: 2.74222, -417.56
-131, 133.684
-58.3238, -228.887
-22.7129, -126.617
Particle 6 new velocities: 60.8108, -61.1672
-43.9877, -245.191
169.313, 76.4287
-21.1182, -83.3312
Particle 7 new velocities: 27.1517, -70.8344
5.97527, 3.57693
-8.33194, -64.6092
2.20109, 13.4108
Particle 8 new velocities: 99.809, -157.222
60.5732, -37.815
-7.84585, 36.1297
-10.1528, 29.7899
Particle 9 new velocities: -71.026, -18.218
58.1392, 7.38788
-10.3409, -5.93435
8.51866, -4.14481
Particle 10 new velocities: 111.07, -8.01118
18.7778, -15.589
4.58892, 193.096
49.6112, 9.59779
-- ITERATION 10 --
-------------
Particle: 1:
Relays Coordinates:
66.6028, 350
141.858, 274.963
276.765, 15.2977
247.699, 262.07
Evaluation Time: 7.8811e-05 seconds
Resulting Fitness: 0
-------------
Particle: 2:
Relays Coordinates:
91.3615, 244.846
29.5786, 66.834
252.305, 185.447
186.302, 164.255
Evaluation Time: 6.0591e-05 seconds
Resulting Fitness: 0
-------------
Particle: 3:
Relays Coordinates:
4.22859, 350
86.2617, 2.95684
161.106, 130.442
123.06, 172.122
Evaluation Time: 6.161e-05 seconds
Resulting Fitness: 0
-------------
Particle: 4:
Relays Coordinates:
63.7053, 261.202
179.889, 37.5815
81.0224, 220.889
148.176, 183.521
Evaluation Time: 5.5547e-05 seconds
Resulting Fitness: 0
-------------
Particle: 5:
Relays Coordinates:
78.9424, 0
0, 133.684
199.414, 121.113
46.2305, 223.383
Evaluation Time: 5.5874e-05 seconds
Resulting Fitness: 0
-------------
Particle: 6:
Relays Coordinates:
177.913, 171.018
183.39, 0
247.189, 290.457
108.518, 228.684
Evaluation Time: 6.4205e-05 seconds
Resulting Fitness: 0
-------------
Particle: 7:
Relays Coordinates:
69.61, 230.517
131.801, 19.996
213.712, 241.13
113.621, 234.208
Evaluation Time: 5.5023e-05 seconds
Resulting Fitness: 0
-------------
Particle: 8:
Relays Coordinates:
235.543, 192.778
233.435, 43.6527
142.173, 240.275
114.01, 200.449
Evaluation Time: 6.0643e-05 seconds
Resulting Fitness: 0
-------------
Particle: 9:
Relays Coordinates:
0, 174.419
124.048, 32.2972
204.521, 114.32
108.027, 222.339
Evaluation Time: 0.0295551 seconds
Resulting Fitness: 0.783196
New local best!
-------------
Particle: 10:
Relays Coordinates:
111.07, 249.658
101.529, 71.7866
229.391, 257.08
153.864, 247.649
Evaluation Time: 0.00010357 seconds
Resulting Fitness: 0
Current global best fitness: 0.788014
Current global best relays: 30.0502, 265.002
129.511, 12.4545
217.714, 121.867
112.473, 227.44
Particle 1 new velocities: 2.13354, -327.066
14.2002, -434.469
-211.694, -64.7381
-23.0654, 15.3655
Particle 2 new velocities: -40.595, -140.142
-60.0236, -2.45594
69.1026, 45.6467
-156.334, 101.033
Particle 3 new velocities: 27.6391, -220.697
-11.163, 31.5773
146.657, -26.9418
-3.26079, 8.47815
Particle 4 new velocities: 71.008, 13.3941
50.4421, -23.6024
183.24, -185.472
-55.7483, 31.565
Particle 5 new velocities: -71.6958, 156.868
90.6841, 36.4971
-11.3348, -171.713
169.208, -62.4397
Particle 6 new velocities: -4.37767, -96.1066
-35.1314, 77.8982
110.378, -76.3556
28.3375, -100.585
Particle 7 new velocities: -42.7248, -4.45522
4.20929, -12.397
-0.316471, -277.357
0.978776, 4.87182
Particle 8 new velocities: -247.521, -44.6969
-82.9966, -0.175255
39.5063, -164.574
-9.23195, 26.3999
Particle 9 new velocities: 1.31687, 67.0594
49.3542, -23.109
-1.29183, -1.19825
13.3702, 5.8442
Particle 10 new velocities: 21.3854, 57.2938
34.0185, -13.4457
-74.8178, 98.7188
-57.0463, -24.7555
-- ITERATION 11 --
-------------
Particle: 1:
Relays Coordinates:
68.7364, 22.9338
156.059, 0
65.0716, 0
224.633, 277.435
Evaluation Time: 0.000142645 seconds
Resulting Fitness: 0
-------------
Particle: 2:
Relays Coordinates:
50.7665, 104.703
0, 64.378
321.408, 231.094
29.9675, 265.288
Evaluation Time: 0.000546446 seconds
Resulting Fitness: 0
-------------
Particle: 3:
Relays Coordinates:
31.8677, 129.303
75.0988, 34.5341
307.764, 103.5
119.8, 180.6
Evaluation Time: 5.2701e-05 seconds
Resulting Fitness: 0
-------------
Particle: 4:
Relays Coordinates:
134.713, 274.596
230.331, 13.9792
264.263, 35.4169
92.4278, 215.086
Evaluation Time: 4.8081e-05 seconds
Resulting Fitness: 0
-------------
Particle: 5:
Relays Coordinates:
7.24666, 156.868
90.6841, 170.181
188.079, 0
215.439, 160.944
Evaluation Time: 5.4035e-05 seconds
Resulting Fitness: 0
-------------
Particle: 6:
Relays Coordinates:
173.536, 74.9113
148.259, 77.8982
350, 214.101
136.855, 128.099
Evaluation Time: 5.1334e-05 seconds
Resulting Fitness: 0
-------------
Particle: 7:
Relays Coordinates:
26.8852, 226.062
136.01, 7.59895
213.396, 0
114.6, 239.08
Evaluation Time: 6.5208e-05 seconds
Resulting Fitness: 0
-------------
Particle: 8:
Relays Coordinates:
0, 148.081
150.438, 43.4775
181.679, 75.7011
104.778, 226.849
Evaluation Time: 5.2011e-05 seconds
Resulting Fitness: 0
-------------
Particle: 9:
Relays Coordinates:
1.31687, 241.479
173.402, 9.18818
203.229, 113.122
121.397, 228.183
Evaluation Time: 5.0875e-05 seconds
Resulting Fitness: 0
-------------
Particle: 10:
Relays Coordinates:
132.456, 306.952
135.548, 58.3409
154.573, 350
96.8174, 222.893
Evaluation Time: 4.8336e-05 seconds
Resulting Fitness: 0
Current global best fitness: 0.788014
Current global best relays: 30.0502, 265.002
129.511, 12.4545
217.714, 121.867
112.473, 227.44
Particle 1 new velocities: 27.8738, -15.8282
62.1263, 78.9261
-76.5887, 64.4214
-12.9027, 19.0885
Particle 2 new velocities: -16.2193, 67.68
231.621, 39.4434
-48.3422, -176.875
-79.08, 31.9928
Particle 3 new velocities: -7.72277, 16.1455
34.7156, -5.81809
-93.8372, 24.321
-5.40487, 36.8053
Particle 4 new velocities: 93.7394, -33.5955
9.48862, 5.22117
-46.8377, -26.3989
6.59628, -17.1051
Particle 5 new velocities: -0.106108, 200.503
142.297, -283.419
4.64601, 144.331
53.5887, 105.919
Particle 6 new velocities: -213.491, -81.1434
11.3479, 9.29717
-224.393, -217.746
25.8668, -3.18252
Particle 7 new velocities: -30.3784, 97.3729
-5.17159, -3.27302
8.61764, 111.838
-3.43384, -8.74277
Particle 8 new velocities: 232.98, 109.429
-75.6401, 27.4523
80.571, -75.9628
6.93879, -1.79136
Particle 9 new velocities: 9.52766, 53.4515
26.3565, 0.738268
11.2817, 3.65631
-7.72263, 1.87499
Particle 10 new velocities: 15.1753, 1.80468
14.9833, -40.2852
-39.0675, -86.9602
-20.5837, -14.1398
-- ITERATION 12 --
-------------
Particle: 1:
Relays Coordinates:
96.6102, 7.10559
218.185, 78.9261
0, 64.4214
211.731, 296.524
Evaluation Time: 5.1407e-05 seconds
Resulting Fitness: 0
-------------
Particle: 2:
Relays Coordinates:
34.5472, 172.383
231.621, 103.821
273.065, 54.2186
0, 297.28
Evaluation Time: 5.1708e-05 seconds
Resulting Fitness: 0
-------------
Particle: 3:
Relays Coordinates:
24.1449, 145.449
109.814, 28.716
213.926, 127.821
114.395, 217.406
Evaluation Time: 0.0288856 seconds
Resulting Fitness: 0.784568
New local best!
-------------
Particle: 4:
Relays Coordinates:
228.453, 241
239.819, 19.2003
217.425, 9.01795
99.0241, 197.98
Evaluation Time: 9.389e-05 seconds
Resulting Fitness: 0
-------------
Particle: 5:
Relays Coordinates:
7.14055, 350
232.981, 0
192.725, 144.331
269.027, 266.862
Evaluation Time: 5.7686e-05 seconds
Resulting Fitness: 0
-------------
Particle: 6:
Relays Coordinates:
0, 0
159.607, 87.1954
125.607, 0
162.722, 124.916
Evaluation Time: 0.0298837 seconds
Resulting Fitness: 0.730339
-------------
Particle: 7:
Relays Coordinates:
0, 323.435
130.839, 4.32594
222.013, 111.838
111.166, 230.337
Evaluation Time: 7.6679e-05 seconds
Resulting Fitness: 0
-------------
Particle: 8:
Relays Coordinates:
232.98, 257.51
74.7984, 70.9297
262.25, 0
111.717, 225.057
Evaluation Time: 4.9806e-05 seconds
Resulting Fitness: 0
-------------
Particle: 9:
Relays Coordinates:
10.8445, 294.93
199.758, 9.92644
214.511, 116.779
113.675, 230.058
Evaluation Time: 4.581e-05 seconds
Resulting Fitness: 0
-------------
Particle: 10:
Relays Coordinates:
147.631, 308.756
150.531, 18.0557
115.505, 263.04
76.2337, 208.753
Evaluation Time: 5.6999e-05 seconds
Resulting Fitness: 0
Current global best fitness: 0.788014
Current global best relays: 30.0502, 265.002
129.511, 12.4545
217.714, 121.867
112.473, 227.44
Particle 1 new velocities: 28.0984, 433.419
-11.5626, 39.2159
108.688, 137.823
-16.7451, 41.3302
Particle 2 new velocities: -3.76055, 52.0832
14.2922, -60.2959
-115.029, -25.307
107.573, -44.7733
Particle 3 new velocities: -2.91632, 54.0639
36.7236, -19.6932
-73.0763, 18.9567
-7.26693, 43.4036
Particle 4 new velocities: -4.46455, 13.0621
-84.1807, 20.51
-180.203, 117.832
29.4183, -29.4126
Particle 5 new velocities: 69.837, -366.724
-39.9949, 35.3433
35.0252, 123.494
-191.851, 65.2934
Particle 6 new velocities: 101.29, 153.332
5.21364, -52.1017
-43.4802, 403.845
-67.8757, 148.38
Particle 7 new velocities: 42.6936, -7.34229
-4.45095, 7.67836
1.85876, 94.8969
-0.237805, -12.1271
Particle 8 new velocities: -38.0325, 41.2245
68.6795, 24.2439
-27.508, 117.167
11.6492, -7.53865
Particle 9 new velocities: 20.2441, -75.921
-96.1386, 14.2315
1.01774, 6.04847
-7.75285, -7.78704
Particle 10 new velocities: -164.844, -50.6233
-21.6045, -23.9558
25.7897, -282.363
32.1725, 19.0308
-- ITERATION 13 --
-------------
Particle: 1:
Relays Coordinates:
124.709, 350
206.622, 118.142
108.688, 202.244
194.985, 337.854
Evaluation Time: 4.9129e-05 seconds
Resulting Fitness: 0
-------------
Particle: 2:
Relays Coordinates:
30.7866, 224.467
245.913, 43.5255
158.036, 28.9116
107.573, 252.507
Evaluation Time: 5.1555e-05 seconds
Resulting Fitness: 0
-------------
Particle: 3:
Relays Coordinates:
21.2286, 199.513
146.538, 9.02285
140.85, 146.778
107.128, 260.809
Evaluation Time: 0.0331635 seconds
Resulting Fitness: 0.78036
-------------
Particle: 4:
Relays Coordinates:
223.988, 254.062
155.638, 39.7103
37.2219, 126.85
128.442, 168.568
Evaluation Time: 0.0438241 seconds
Resulting Fitness: 0.773134
-------------
Particle: 5:
Relays Coordinates:
76.9776, 0
192.986, 35.3433
227.75, 267.825
77.1762, 332.156
Evaluation Time: 8.2752e-05 seconds
Resulting Fitness: 0
-------------
Particle: 6:
Relays Coordinates:
101.29, 153.332
164.82, 35.0937
82.1268, 350
94.8461, 273.297
Evaluation Time: 4.9997e-05 seconds
Resulting Fitness: 0
-------------
Particle: 7:
Relays Coordinates:
42.6936, 316.093
126.388, 12.0043
223.872, 206.735
110.928, 218.21
Evaluation Time: 4.8893e-05 seconds
Resulting Fitness: 0
-------------
Particle: 8:
Relays Coordinates:
194.947, 298.735
143.478, 95.1736
234.742, 117.167
123.366, 217.519
Evaluation Time: 0.000331357 seconds
Resulting Fitness: 0
-------------
Particle: 9:
Relays Coordinates:
31.0887, 219.009
103.62, 24.158
215.529, 122.827
105.922, 222.271
Evaluation Time: 0.0393448 seconds
Resulting Fitness: 0.777891
-------------
Particle: 10:
Relays Coordinates:
0, 258.133
128.926, 0
141.295, 0
108.406, 227.784
Evaluation Time: 8.7384e-05 seconds
Resulting Fitness: 0
Current global best fitness: 0.788014
Current global best relays: 30.0502, 265.002
129.511, 12.4545
217.714, 121.867
112.473, 227.44
Particle 1 new velocities: -31.7773, -169.295
0.272347, -47.4801
162.045, -16.5694
9.80841, -143.438
Particle 2 new velocities: 64.5502, -103.492
-189.291, -16.6758
-33.8256, 45.4012
88.0507, -3.1254
Particle 3 new velocities: 5.88754, -6.33223
-3.01557, -10.4231
102.413, -24.2207
5.1973, -47.4993
Particle 4 new velocities: -240.533, 12.4513
-36.9123, 45.5702
-113.87, 88.4418
1.47826, 35.1876
Particle 5 new velocities: 11.9229, 344.46
-112.736, 82.6247
43.0868, -115.921
-82.6732, -54.2984
Particle 6 new velocities: -13.0661, 129.47
15.6878, -56.2516
79.551, -239.812
-5.71328, -65.4909
Particle 7 new velocities: 11.2856, -53.4345
1.27236, 6.2573
-7.82842, -17.6331
3.37145, 4.1292
Particle 8 new velocities: -289.442, -93.8794
43.2612, -58.8943
-95.4825, 202.19
4.8254, -10.6888
Particle 9 new velocities: 6.31544, -33.1555
-44.4212, 3.33791
-2.80537, 3.27019
5.4435, -1.37737
Particle 10 new velocities: 194.463, -33.7321
-17.0761, 63.9096
138.301, 259.414
29.5125, 16.5332
-- ITERATION 14 --
-------------
Particle: 1:
Relays Coordinates:
92.9313, 180.705
206.895, 70.6619
270.733, 185.675
204.794, 194.416
Evaluation Time: 6.4645e-05 seconds
Resulting Fitness: 0
-------------
Particle: 2:
Relays Coordinates:
95.3368, 120.975
56.6219, 26.8497
124.211, 74.3128
195.623, 249.382
Evaluation Time: 5.8679e-05 seconds
Resulting Fitness: 0
-------------
Particle: 3:
Relays Coordinates:
27.1161, 193.181
143.522, 0
243.263, 122.557
112.325, 213.31
Evaluation Time: 6.0146e-05 seconds
Resulting Fitness: 0
-------------
Particle: 4:
Relays Coordinates:
0, 266.514
118.726, 85.2805
0, 215.292
129.921, 203.755
Evaluation Time: 0.0301607 seconds
Resulting Fitness: 0.775303
-------------
Particle: 5:
Relays Coordinates:
88.9004, 344.46
80.2504, 117.968
270.837, 151.905
0, 277.857
Evaluation Time: 7.5923e-05 seconds
Resulting Fitness: 0
-------------
Particle: 6:
Relays Coordinates:
88.2239, 282.801
180.508, 0
161.678, 110.188
89.1328, 207.806
Evaluation Time: 4.9335e-05 seconds
Resulting Fitness: 0
-------------
Particle: 7:
Relays Coordinates:
53.9792, 262.658
127.66, 18.2616
216.044, 189.102
114.3, 222.339
Evaluation Time: 6.1597e-05 seconds
Resulting Fitness: 0
-------------
Particle: 8:
Relays Coordinates:
0, 204.855
186.739, 36.2793
139.26, 319.356
128.192, 206.83
Evaluation Time: 4.9859e-05 seconds
Resulting Fitness: 0
-------------
Particle: 9:
Relays Coordinates:
37.4041, 185.854
59.1986, 27.4959
212.723, 126.097
111.366, 220.894
Evaluation Time: 4.8971e-05 seconds
Resulting Fitness: 0
-------------
Particle: 10:
Relays Coordinates:
194.463, 224.401
111.85, 63.9096
279.596, 259.414
137.919, 244.317
Evaluation Time: 4.9684e-05 seconds
Resulting Fitness: 0
Current global best fitness: 0.788014
Current global best relays: 30.0502, 265.002
129.511, 12.4545
217.714, 121.867
112.473, 227.44
Particle 1 new velocities: -97.8486, -105.848
3.36937, 54.8238
-29.4929, -80.1334
-117.838, -63.2114
Particle 2 new velocities: -14.2828, 152.387
-57.8671, 36.0704
-1.08799, 81.3419
23.2651, -0.372238
Particle 3 new velocities: 3.28509, 53.9311
-43.5986, 31.6409
51.13, -18.678
4.49384, -11.3483
Particle 4 new velocities: 160.666, -22.554
60.8394, 23.873
73.7657, 30.1494
-24.1354, 42.5046
Particle 5 new velocities: -53.4446, 55.1444
-58.7164, -13.1389
-61.63, -127.005
234.456, -105.345
Particle 6 new velocities: -15.5452, -93.5559
3.04585, 160.935
164.61, -59.632
72.6028, -52.7374
Particle 7 new velocities: -16.2194, -37.3585
4.03843, -6.49635
-4.29373, -87.6804
0.770224, 9.23153
Particle 8 new velocities: 112.418, -145.566
-13.8569, -41.8504
81.1272, 19.9562
-21.7415, -13.101
Particle 9 new velocities: -9.3488, 104.202
37.1685, -16.3727
-1.44077, -4.81556
2.47586, 5.78271
Particle 10 new velocities: 11.752, 33.8094
15.3658, 45.5252
-12.2611, 62.0417
-16.5934, 3.55967
-- ITERATION 15 --
-------------
Particle: 1:
Relays Coordinates:
0, 74.8574
210.264, 125.486
241.24, 105.542
86.9562, 131.204
Evaluation Time: 0.0255366 seconds
Resulting Fitness: 0.770463
New local best!
-------------
Particle: 2:
Relays Coordinates:
81.054, 273.361
0, 62.9201
123.123, 155.655
218.889, 249.009
Evaluation Time: 0.045327 seconds
Resulting Fitness: 0.77497
-------------
Particle: 3:
Relays Coordinates:
30.4012, 247.112
99.9238, 31.6409
294.393, 103.879
116.819, 201.962
Evaluation Time: 8.2575e-05 seconds
Resulting Fitness: 0
-------------
Particle: 4:
Relays Coordinates:
160.666, 243.96
179.566, 109.154
73.7657, 245.441
105.785, 246.26
Evaluation Time: 6.0705e-05 seconds
Resulting Fitness: 0
-------------
Particle: 5:
Relays Coordinates:
35.4558, 350
21.534, 104.829
209.207, 24.8996
234.456, 172.512
Evaluation Time: 5.0249e-05 seconds
Resulting Fitness: 0
-------------
Particle: 6:
Relays Coordinates:
72.6787, 189.246
183.554, 160.935
326.288, 50.5564
161.736, 155.068
Evaluation Time: 4.8202e-05 seconds
Resulting Fitness: 0
-------------
Particle: 7:
Relays Coordinates:
37.7599, 225.3
131.698, 11.7652
211.75, 101.422
115.07, 231.571
Evaluation Time: 5.631e-05 seconds
Resulting Fitness: 0
-------------
Particle: 8:
Relays Coordinates:
112.418, 59.2894
172.882, 0
220.387, 339.312
106.45, 193.729
Evaluation Time: 5.0725e-05 seconds
Resulting Fitness: 0
-------------
Particle: 9:
Relays Coordinates:
28.0553, 290.056
96.3671, 11.1231
211.283, 121.282
113.841, 226.677
Evaluation Time: 6.8356e-05 seconds
Resulting Fitness: 0
-------------
Particle: 10:
Relays Coordinates:
206.215, 258.21
127.216, 109.435
267.334, 321.455
121.325, 247.877
Evaluation Time: 5.7714e-05 seconds
Resulting Fitness: 0
Current global best fitness: 0.788014
Current global best relays: 30.0502, 265.002
129.511, 12.4545
217.714, 121.867
112.473, 227.44
Particle 1 new velocities: 51.9019, 219.373
-68.7103, -135.479
-42.2206, -58.3039
-78.8534, 14.8855
Particle 2 new velocities: 0.299189, 60.8785
183.871, 34.7816
228.358, -11.5453
-153.98, 21.6832
Particle 3 new velocities: 0.492034, 38.5697
10.6161, 17.7908
-161.201, 12.2452
-3.41472, 18.9631
Particle 4 new velocities: 14.9201, -15.8644
46.9825, -71.8068
295.185, -184.032
-6.07471, -41.5182
Particle 5 new velocities: -24.4223, -451.848
157.604, -127.477
-15.3165, 243.565
-9.17433, -5.72852
Particle 6 new velocities: -30.1308, -3.42767
-54.8997, 30.2932
-58.5566, 101.369
34.7835, 85.2781
Particle 7 new velocities: -19.2822, 29.1719
0.472131, -4.38625
8.42279, -28.5679
-5.80971, 2.59747
Particle 8 new velocities: 91.4851, 83.1614
-102.517, 43.5384
35.7103, -95.7226
-9.71632, 33.4962
Particle 9 new velocities: -14.6735, -67.4004
55.0248, 1.78767
2.4545, -8.22732
-6.20078, 3.1757
Particle 10 new velocities: -276.164, 74.8255
9.54483, -83.181
-147.538, -237.038
-37.6874, -18.9043
-- ITERATION 16 --
-------------
Particle: 1:
Relays Coordinates:
51.9019, 294.23
141.554, 0
199.019, 47.2378
8.10283, 146.09
Evaluation Time: 0.0252583 seconds
Resulting Fitness: 0.781582
New local best!
-------------
Particle: 2:
Relays Coordinates:
81.3532, 334.24
183.871, 97.7017
350, 144.109
64.9082, 270.693
Evaluation Time: 0.000113559 seconds
Resulting Fitness: 0
-------------
Particle: 3:
Relays Coordinates:
30.8932, 285.681
110.54, 49.4317
133.192, 116.124
113.404, 220.925
Evaluation Time: 0.0339164 seconds
Resulting Fitness: 0.767699
-------------
Particle: 4:
Relays Coordinates:
175.586, 228.095
226.548, 37.3467
350, 61.4093
99.7106, 204.742
Evaluation Time: 8.7789e-05 seconds
Resulting Fitness: 0
-------------
Particle: 5:
Relays Coordinates:
11.0335, 0
179.138, 0
193.89, 268.465
225.282, 166.784
Evaluation Time: 5.0629e-05 seconds
Resulting Fitness: 0
-------------
Particle: 6:
Relays Coordinates:
42.5479, 185.818
128.654, 191.229
267.731, 151.925
196.519, 240.346
Evaluation Time: 5.5837e-05 seconds
Resulting Fitness: 0
-------------
Particle: 7:
Relays Coordinates:
18.4776, 254.471
132.171, 7.379
220.173, 72.8539
109.26, 234.168
Evaluation Time: 5.2199e-05 seconds
Resulting Fitness: 0
-------------
Particle: 8:
Relays Coordinates:
203.903, 142.451
70.3655, 43.5384
256.097, 243.59
96.7339, 227.225
Evaluation Time: 4.8192e-05 seconds
Resulting Fitness: 0
-------------
Particle: 9:
Relays Coordinates:
13.3818, 222.656
151.392, 12.9108
213.737, 113.054
107.641, 229.852
Evaluation Time: 4.8942e-05 seconds
Resulting Fitness: 0
-------------
Particle: 10:
Relays Coordinates:
0, 333.036
136.761, 26.2539
119.797, 84.4176
83.6379, 228.972
Evaluation Time: 0.0379829 seconds
Resulting Fitness: 0.742362
Current global best fitness: 0.788014
Current global best relays: 30.0502, 265.002
129.511, 12.4545
217.714, 121.867
112.473, 227.44
Particle 1 new velocities: 12.7761, 132.325
-71.8438, 22.0934
-26.3731, -8.00115
114.769, 14.954
Particle 2 new velocities: 7.22471, -158.537
80.3712, -111.181
-298.935, -40.2705
-93.9321, 10.5037
Particle 3 new velocities: -7.58042, -61.4443
30.6891, -39.2046
-50.2008, 23.2763
-2.57804, 14.4583
Particle 4 new velocities: -209.566, 47.201
-33.2485, -31.7653
-358.184, -35.9447
27.3257, -3.42286
Particle 5 new velocities: -0.715131, 258.093
59.2973, 72.821
35.4228, -51.5839
-26.6799, 170.056
Particle 6 new velocities: -30.8203, 59.7728
24.1157, -156.342
-68.016, 164.568
-112.838, -12.1684
Particle 7 new velocities: -8.69697, 40.3312
-4.13365, 0.715658
4.44382, 11.3686
0.848843, -5.32009
Particle 8 new velocities: -229.292, 211.298
-57.2773, 29.0947
-116.836, -179.612
23.4032, 23.2938
Particle 9 new velocities: -10.4796, -83.0549
22.0193, 2.61145
3.39051, 8.64378
-4.68089, -5.09872
Particle 10 new velocities: 129.881, -11.7662
-23.6012, -51.5462
-38.4264, -118.645
5.19962, -14.5727
-- ITERATION 17 --
-------------
Particle: 1:
Relays Coordinates:
64.6779, 350
69.71, 22.0934
172.646, 39.2366
122.872, 161.044
Evaluation Time: 7.7105e-05 seconds
Resulting Fitness: 0
-------------
Particle: 2:
Relays Coordinates:
88.5779, 175.703
264.242, 0
51.0651, 103.839
0, 281.196
Evaluation Time: 5.3254e-05 seconds
Resulting Fitness: 0
-------------
Particle: 3:
Relays Coordinates:
23.3128, 224.237
141.229, 10.227
82.9908, 139.401
110.826, 235.383
Evaluation Time: 0.040201 seconds
Resulting Fitness: 0.77113
-------------
Particle: 4:
Relays Coordinates:
0, 275.296
193.3, 5.58138
0, 25.4645
127.036, 201.319
Evaluation Time: 9.7192e-05 seconds
Resulting Fitness: 0
-------------
Particle: 5:
Relays Coordinates:
10.3184, 258.093
238.435, 72.821
229.313, 216.881
198.602, 336.84
Evaluation Time: 5.5336e-05 seconds
Resulting Fitness: 0
-------------
Particle: 6:
Relays Coordinates:
11.7276, 245.591
152.77, 34.8864
199.715, 316.493
83.681, 228.178
Evaluation Time: 7.1639e-05 seconds
Resulting Fitness: 0
-------------
Particle: 7:
Relays Coordinates:
9.78065, 294.803
128.037, 8.09466
224.617, 84.2225
110.109, 228.848
Evaluation Time: 6.0564e-05 seconds
Resulting Fitness: 0
-------------
Particle: 8:
Relays Coordinates:
0, 350
13.0881, 72.6331
139.261, 63.9777
120.137, 250.519
Evaluation Time: 5.3714e-05 seconds
Resulting Fitness: 0
-------------
Particle: 9:
Relays Coordinates:
2.90224, 139.601
173.411, 15.5223
217.128, 121.698
102.96, 224.754
Evaluation Time: 0.0405077 seconds
Resulting Fitness: 0.790377
New local best!
New global best!
-------------
Particle: 10:
Relays Coordinates:
129.881, 321.27
113.16, 0
81.3702, 0
88.8375, 214.4
Evaluation Time: 9.726e-05 seconds
Resulting Fitness: 0
Current global best fitness: 0.790377
Current global best relays: 2.90224, 139.601
173.411, 15.5223
217.128, 121.698
102.96, 224.754
Particle 1 new velocities: -75.8802, -297.49
98.4763, 0.540441
14.5085, 61.1296
-9.5425, 100.072
Particle 2 new velocities: -75.0494, -190.099
-148.437, 173.907
-188.169, -23.6673
60.1098, -33.6282
Particle 3 new velocities: -40.3138, -168.27
23.1047, -8.65929
191.523, -10.5736
-2.13252, -17.9487
Particle 4 new velocities: 12.002, -167.156
-42.1843, 23.3365
187.045, 207.113
16.791, 11.4201
Particle 5 new velocities: 31.1326, -13.524
-58.4463, 29.5288
20.736, -166.785
-51.1866, 107.152
Particle 6 new velocities: 12.4639, -151.981
43.1834, 40.6359
-9.96185, 63.2541
-16.435, -39.8338
Particle 7 new velocities: -18.4512, -121.284
5.40469, 12.3048
-1.20805, 20.3631
-1.89497, -9.89425
Particle 8 new velocities: 150.483, -417.241
139.544, 19.1511
35.6276, 36.421
-7.05941, -59.2455
Particle 9 new velocities: -8.38368, -66.4439
17.6155, 2.08916
2.7124, 6.91502
-3.74471, -4.07898
Particle 10 new velocities: 6.22625, -340.23
82.0543, 99.2972
122.363, 400.242
11.1489, 11.2474
-- ITERATION 18 --
-------------
Particle: 1:
Relays Coordinates:
0, 52.5098
168.186, 22.6338
187.155, 100.366
113.329, 261.116
Evaluation Time: 5.5866e-05 seconds
Resulting Fitness: 0
-------------
Particle: 2:
Relays Coordinates:
13.5284, 0
115.805, 173.907
0, 80.1715
60.1098, 247.568
Evaluation Time: 0.036824 seconds
Resulting Fitness: 0.722107
-------------
Particle: 3:
Relays Coordinates:
0, 55.9669
164.334, 1.56774
274.514, 128.827
108.694, 217.434
Evaluation Time: 9.421e-05 seconds
Resulting Fitness: 0
-------------
Particle: 4:
Relays Coordinates:
12.002, 108.14
151.115, 28.9179
187.045, 232.577
143.827, 212.739
Evaluation Time: 5.6356e-05 seconds
Resulting Fitness: 0
-------------
Particle: 5:
Relays Coordinates:
41.4509, 244.569
179.989, 102.35
250.049, 50.0962
147.416, 350
Evaluation Time: 5.3471e-05 seconds
Resulting Fitness: 0
-------------
Particle: 6:
Relays Coordinates:
24.1915, 93.6092
195.954, 75.5223
189.753, 350
67.246, 188.344
Evaluation Time: 6.4078e-05 seconds
Resulting Fitness: 0
-------------
Particle: 7:
Relays Coordinates:
0, 173.519
133.442, 20.3995
223.408, 104.586
108.214, 218.954
Evaluation Time: 5.4226e-05 seconds
Resulting Fitness: 0
-------------
Particle: 8:
Relays Coordinates:
150.483, 0
152.632, 91.7842
174.889, 100.399
113.078, 191.273
Evaluation Time: 0.0242713 seconds
Resulting Fitness: 0.768558
-------------
Particle: 9:
Relays Coordinates:
0, 73.1566
191.027, 17.6114
219.84, 128.613
99.215, 220.675
Evaluation Time: 0.000153879 seconds
Resulting Fitness: 0
-------------
Particle: 10:
Relays Coordinates:
136.107, 0
195.214, 99.2972
203.734, 350
99.9864, 225.647
Evaluation Time: 0.000108169 seconds
Resulting Fitness: 0
Current global best fitness: 0.790377
Current global best relays: 2.90224, 139.601
173.411, 15.5223
217.128, 121.698
102.96, 224.754
Particle 1 new velocities: 54.204, 10.855
73.7647, -22.6618
60.5073, 56.8819
-98.757, 23.6231
Particle 2 new velocities: 9.25548, 186.614
-143.041, -152.636
571.035, 15.7246
144.23, -34.7112
Particle 3 new velocities: 18.0416, 19.3792
-7.35358, 9.36497
114.524, -11.2557
-6.77665, -1.24584
Particle 4 new velocities: 121.664, 5.70034
6.08212, 68.0287
104.958, 32.125
-77.7969, -23.5411
Particle 5 new velocities: -1.02504, -163.424
-86.5633, -53.156
-19.976, -29.3639
29.9178, -144.005
Particle 6 new velocities: 33.1623, -149.639
14.6344, -40.6146
37.054, -359.63
83.2396, -12.9728
Particle 7 new velocities: 12.4935, -139.188
7.9663, 1.86339
-7.78446, 48.7179
-8.54711, 4.93662
Particle 8 new velocities: 59.2148, 187.97
106.426, -120.407
45.516, 158.246
-3.22302, -26.46
Particle 9 new velocities: 3.68029, 18.6815
-16.5256, -0.808223
-3.64073, -4.51924
3.65426, 3.62092
Particle 10 new velocities: -173.585, 335.815
-20.6437, -62.1915
93.4856, -376.781
7.74127, 14.0389
-- ITERATION 19 --
-------------
Particle: 1:
Relays Coordinates:
54.204, 63.3649
241.951, 0
247.662, 157.248
14.5724, 284.739
Evaluation Time: 0.443121 seconds
Resulting Fitness: 0.32
-------------
Particle: 2:
Relays Coordinates:
22.7839, 186.614
0, 21.2712
350, 95.8962
204.34, 212.857
Evaluation Time: 0.563702 seconds
Resulting Fitness: 0.16
-------------
Particle: 3:
Relays Coordinates:
18.0416, 75.3462
156.98, 10.9327
350, 117.571
101.917, 216.188
Evaluation Time: 0.570735 seconds
Resulting Fitness: 0.326667
-------------
Particle: 4:
Relays Coordinates:
133.666, 113.84
157.197, 96.9466
292.003, 264.702
66.0304, 189.198
Evaluation Time: 0.586661 seconds
Resulting Fitness: 0.12
-------------
Particle: 5:
Relays Coordinates:
40.4259, 81.1454
93.4257, 49.1939
230.073, 20.7323
177.333, 205.995
Evaluation Time: 0.549928 seconds
Resulting Fitness: 0.493333
-------------
Particle: 6:
Relays Coordinates:
57.3538, 0
210.588, 34.9078
226.807, 0
150.486, 175.371
Evaluation Time: 0.613027 seconds
Resulting Fitness: 0.5
-------------
Particle: 7:
Relays Coordinates:
12.4935, 34.3306
141.408, 22.2629
215.624, 153.303
99.6668, 223.89
Evaluation Time: 0.648359 seconds
Resulting Fitness: 0.673333
-------------
Particle: 8:
Relays Coordinates:
209.698, 187.97
259.059, 0
220.405, 258.645
109.855, 164.813
Evaluation Time: 0.392979 seconds
Resulting Fitness: 0.12
-------------
Particle: 9:
Relays Coordinates:
3.68029, 91.8381
174.501, 16.8032
216.199, 124.094
102.869, 224.296
Evaluation Time: 0.622987 seconds
Resulting Fitness: 0.333333
-------------
Particle: 10:
Relays Coordinates:
0, 335.815
174.57, 37.1057
297.219, 0
107.728, 239.686
Evaluation Time: 0.500265 seconds
Resulting Fitness: 0.12
Current global best fitness: 0.790377
Current global best relays: 2.90224, 139.601
173.411, 15.5223
217.128, 121.698
102.96, 224.754
Particle 1 new velocities: 38.0195, 100.963
-39.236, 8.2085
13.578, -93.1329
40.015, -61.0219
Particle 2 new velocities: 29.0071, 56.8155
330.128, -63.2044
-164.264, 27.2478
96.0157, 40.8346
Particle 3 new velocities: 10.6142, 166.37
-19.838, 17.2619
-91.663, 4.7445
-4.24349, 0.608604
Particle 4 new velocities: -28.5442, 100.59
65.6128, -7.49801
-215.309, -139.517
-29.0613, 17.152
Particle 5 new velocities: 11.7961, -73.3929
66.893, -27.5431
-13.3401, 88.1439
-29.3245, -74.1124
Particle 6 new velocities: -43.6023, 283.552
-26.4292, 1.95379
24.1012, 386.268
13.7431, 57.9614
Particle 7 new velocities: 26.0714, 105.568
39.5893, -9.63886
-2.57593, -10.4293
4.76435, 4.73109
Particle 8 new velocities: -47.4731, 77.5307
-167.211, 28.2817
27.1548, 79.1815
-6.05695, 44.095
Particle 9 new velocities: 1.94311, 74.2776
-14.8081, -1.7134
-2.18174, -7.8378
3.05084, 3.45016
Particle 10 new velocities: 101.541, -77.7031
-61.3916, -24.8435
-25.0374, 224.846
-4.88763, -4.96453
-- ITERATION 20 --
-------------
Particle: 1:
Relays Coordinates:
92.2235, 164.327
202.715, 8.2085
261.24, 64.1152
54.5874, 223.717
Evaluation Time: 0.000110249 seconds
Resulting Fitness: 0
-------------
Particle: 2:
Relays Coordinates:
51.791, 243.429
330.128, 0
185.736, 123.144
300.356, 253.692
Evaluation Time: 6.4384e-05 seconds
Resulting Fitness: 0
-------------
Particle: 3:
Relays Coordinates:
28.6559, 241.716
137.142, 28.1946
258.337, 122.316
97.6736, 216.797
Evaluation Time: 5.5003e-05 seconds
Resulting Fitness: 0
-------------
Particle: 4:
Relays Coordinates:
105.122, 214.43
222.81, 89.4486
76.6946, 125.185
36.9691, 206.35
Evaluation Time: 0.0390484 seconds
Resulting Fitness: 0.775675
New local best!
-------------
Particle: 5:
Relays Coordinates:
52.222, 7.75249
160.319, 21.6508
216.733, 108.876
148.009, 131.883
Evaluation Time: 0.044755 seconds
Resulting Fitness: 0.788067
New local best!
-------------
Particle: 6:
Relays Coordinates:
13.7516, 283.552
184.159, 36.8616
250.908, 350
164.229, 233.333
Evaluation Time: 6.9221e-05 seconds
Resulting Fitness: 0
-------------
Particle: 7:
Relays Coordinates:
38.5649, 139.899
180.997, 12.624
213.048, 142.874
104.431, 228.621
Evaluation Time: 0.0354493 seconds
Resulting Fitness: 0.786288
-------------
Particle: 8:
Relays Coordinates:
162.225, 265.501
91.8476, 28.2817
247.559, 337.826
103.798, 208.908
Evaluation Time: 7.1226e-05 seconds
Resulting Fitness: 0
-------------
Particle: 9:
Relays Coordinates:
5.6234, 166.116
159.693, 15.0898
214.018, 116.256
105.92, 227.746
Evaluation Time: 4.4199e-05 seconds
Resulting Fitness: 0
-------------
Particle: 10:
Relays Coordinates:
101.541, 258.112
113.179, 12.2622
272.182, 224.846
102.84, 234.721
Evaluation Time: 4.4289e-05 seconds
Resulting Fitness: 0
Simulation of the best surrogate solution results: 0.646667
Final Evaluation Time: 12.573 seconds
Final global best fitness: 0.790377
Final global best relays:
2.90224, 139.601
173.411, 15.5223
217.128, 121.698
102.96, 224.754
