ITERATION: 0
new best fitness: 0.770833
ITERATION: 2
new best fitness: 0.804167
ITERATION: 4
new best fitness: 0.8125
ITERATION: 9
new best fitness: 0.816667
ITERATION: 13
new best fitness: 0.85
ITERATION: 15
new best fitness: 0.858333
ITERATION: 16
new best fitness: 0.879167
ITERATION: 69
new best fitness: 0.908333
ITERATION: 79
new best fitness: 0.9125
ITERATION: 176
new best fitness: 0.9625
Final Evaluation Time: 235.209 seconds
Final global best fitness: 0.9625
Final global best relays:
101.332, 103.607
215.29, 166.303
214.337, 285.257
114.763, 320.584
