PSO EXECUTION
============================
Seed: 2165300857
Particles: 10
Relays: 4
Iterations: 20
Backend: Simulation
Network Configuration: 1
Area: 350 x 350
Sink: 0, 0
Simulated Relay range: 155
w: 0.8
c1: 1.1
c2: 1.8

Relay Nodes Positions: 
PARTICLE 1: 
44.452, 40.9294
99.0396, 168.362
323.356, 251.183
179.034, 278.373
PARTICLE 2: 
239.512, 234.511
320.707, 327.191
102.24, 166.797
54.9825, 46.4207
PARTICLE 3: 
14.9905, 85.0409
207.812, 225.15
296.11, 277.303
130.589, 169.716
PARTICLE 4: 
217.231, 207.318
74.6166, 54.2412
308.826, 331.517
168.748, 170.39
PARTICLE 5: 
83.4551, 297.783
262.646, 97.1965
202.816, 205.093
118.221, 59.2103
PARTICLE 6: 
211.378, 199.29
99.0944, 119.078
281.613, 309.075
26.147, 69.6637
PARTICLE 7: 
154.537, 108.223
327.077, 273.534
15.8326, 55.031
232.975, 226.967
PARTICLE 8: 
153.72, 140.802
287.084, 281.294
84.274, 29.6563
195.733, 250.366
PARTICLE 9: 
65.2947, 25.5282
284.183, 275.645
254.858, 223.683
142.896, 136.582
PARTICLE 10: 
49.9332, 60.9472
322.255, 274.288
192.441, 229.463
99.4897, 136.003
Nodes Positions: 
25.9743, 276.24
303.085, 132.278
55.7114, 6.98924
0.475083, 307.803
170.739, 17.2064
176.826, 42.8851
211.296, 76.0962
311.281, 147.477
99.8609, 280.823
330.586, 93.2892
128.774, 256.497
142.373, 198.303
349.351, 116.939
225.731, 48.7259
134.836, 148.835
281.304, 239.846
28.4062, 251.206
235.308, 185.345
191.766, 103.224
78.7253, 208.305
118.414, 224.231
290.622, 296.117
42.0908, 328.841
15.3146, 342.474
315.16, 303.792
161.472, 183.32
107.252, 126.749
67.9509, 157.562
199.451, 65.3837
262.18, 52.804
238.565, 31.0538
86.668, 264.172
274.109, 215.072
89.9012, 228.709
45.1723, 111.437
264.615, 320.995
209.838, 168.761
333.269, 82.1774
156.869, 335.135
248.426, 26.2361
All particles start with velocity zero
-- ITERATION 0 --
-------------
Particle: 1:
Relays Coordinates:
44.452, 40.9294
99.0396, 168.362
323.356, 251.183
179.034, 278.373
Evaluation Time: 1.05365 seconds
Resulting Fitness: 0.716667
New local best!
New global best!
-------------
Particle: 2:
Relays Coordinates:
239.512, 234.511
320.707, 327.191
102.24, 166.797
54.9825, 46.4207
Evaluation Time: 1.06148 seconds
Resulting Fitness: 0.708333
New local best!
-------------
Particle: 3:
Relays Coordinates:
14.9905, 85.0409
207.812, 225.15
296.11, 277.303
130.589, 169.716
Evaluation Time: 1.03478 seconds
Resulting Fitness: 0.683333
New local best!
-------------
Particle: 4:
Relays Coordinates:
217.231, 207.318
74.6166, 54.2412
308.826, 331.517
168.748, 170.39
Evaluation Time: 1.1027 seconds
Resulting Fitness: 0.791667
New local best!
New global best!
-------------
Particle: 5:
Relays Coordinates:
83.4551, 297.783
262.646, 97.1965
202.816, 205.093
118.221, 59.2103
Evaluation Time: 1.12121 seconds
Resulting Fitness: 0.879167
New local best!
New global best!
-------------
Particle: 6:
Relays Coordinates:
211.378, 199.29
99.0944, 119.078
281.613, 309.075
26.147, 69.6637
Evaluation Time: 1.15822 seconds
Resulting Fitness: 0.795833
New local best!
-------------
Particle: 7:
Relays Coordinates:
154.537, 108.223
327.077, 273.534
15.8326, 55.031
232.975, 226.967
Evaluation Time: 1.11939 seconds
Resulting Fitness: 0.808333
New local best!
-------------
Particle: 8:
Relays Coordinates:
153.72, 140.802
287.084, 281.294
84.274, 29.6563
195.733, 250.366
Evaluation Time: 1.08419 seconds
Resulting Fitness: 0.766667
New local best!
-------------
Particle: 9:
Relays Coordinates:
65.2947, 25.5282
284.183, 275.645
254.858, 223.683
142.896, 136.582
Evaluation Time: 1.11013 seconds
Resulting Fitness: 0.8125
New local best!
-------------
Particle: 10:
Relays Coordinates:
49.9332, 60.9472
322.255, 274.288
192.441, 229.463
99.4897, 136.003
Evaluation Time: 1.06036 seconds
Resulting Fitness: 0.679167
New local best!
Current global best fitness: 0.879167
Current global best relays: 83.4551, 297.783
262.646, 97.1965
202.816, 205.093
118.221, 59.2103
Particle 1 new velocities: 69.7997, 347.361
82.1301, -5.23418
-121.561, -42.3271
-65.3602, -315.977
Particle 2 new velocities: -70.6984, 56.2152
-57.0331, -307.578
63.4008, 43.9736
66.6867, 2.6147
Particle 3 new velocities: 73.8405, 183.158
68.2406, -144.787
-102.775, -56.7328
-0.829053, -139.982
Particle 4 new velocities: -195.859, 114.425
166.43, 17.348
-27.3584, -151.203
-41.9041, -126.276
Particle 5 new velocities: 0, 0
0, 0
0, 0
0, 0
Particle 6 new velocities: -134.731, 154.583
243.11, -38.1046
-123.046, -131.488
20.2158, -8.93097
Particle 7 new velocities: -88.9111, 261.305
-113.384, -256.071
227.071, 28.7702
-108.747, -160.364
Particle 8 new velocities: -75.3212, 25.2405
-26.3791, -180.403
138.48, 224.737
-45.0114, -162.356
Particle 9 new velocities: 6.44559, 345.601
-36.8609, -34.5033
-72.9042, -33.2892
-26.2025, -133.829
Particle 10 new velocities: 1.61328, 241.181
-84.2037, -16.0932
1.78125, -10.2521
20.6842, -78.8496
-- ITERATION 1 --
-------------
Particle: 1:
Relays Coordinates:
114.252, 350
181.17, 163.128
201.796, 208.856
113.673, 0
Evaluation Time: 1.14165 seconds
Resulting Fitness: 0.316667
-------------
Particle: 2:
Relays Coordinates:
168.813, 290.726
263.674, 19.6126
165.64, 210.771
121.669, 49.0354
Evaluation Time: 1.07586 seconds
Resulting Fitness: 0.558333
-------------
Particle: 3:
Relays Coordinates:
88.8311, 268.199
276.052, 80.3626
193.335, 220.571
129.76, 29.7332
Evaluation Time: 1.21077 seconds
Resulting Fitness: 0.733333
New local best!
-------------
Particle: 4:
Relays Coordinates:
21.3719, 321.743
241.047, 71.5893
281.468, 180.314
126.844, 44.1133
Evaluation Time: 0.964736 seconds
Resulting Fitness: 0.708333
-------------
Particle: 5:
Relays Coordinates:
83.4551, 297.783
262.646, 97.1965
202.816, 205.093
118.221, 59.2103
Evaluation Time: 1.16855 seconds
Resulting Fitness: 0.879167
-------------
Particle: 6:
Relays Coordinates:
76.6474, 350
342.204, 80.9732
158.567, 177.587
46.3628, 60.7328
Evaluation Time: 1.00519 seconds
Resulting Fitness: 0.4875
-------------
Particle: 7:
Relays Coordinates:
65.6261, 350
213.692, 17.463
242.904, 83.8012
124.229, 66.6024
Evaluation Time: 0.933587 seconds
Resulting Fitness: 0.658333
-------------
Particle: 8:
Relays Coordinates:
78.3988, 166.042
260.705, 100.89
222.754, 254.393
150.722, 88.0103
Evaluation Time: 1.2489 seconds
Resulting Fitness: 0.0583333
-------------
Particle: 9:
Relays Coordinates:
71.7403, 350
247.322, 241.142
181.953, 190.394
116.694, 2.75336
Evaluation Time: 0.711793 seconds
Resulting Fitness: 0.3375
-------------
Particle: 10:
Relays Coordinates:
51.5465, 302.129
238.051, 258.195
194.222, 219.211
120.174, 57.153
Evaluation Time: 1.1083 seconds
Resulting Fitness: 0.458333
Current global best fitness: 0.879167
Current global best relays: 83.4551, 297.783
262.646, 97.1965
202.816, 205.093
118.221, 59.2103
Particle 1 new velocities: 36.4168, -62.4882
79.6855, -70.7936
-76.7474, -33.7498
-42.2881, 159.159
Particle 2 new velocities: -73.2746, 19.1693
-14.1343, -13.7486
66.2471, -13.6745
47.6549, 10.4254
Particle 3 new velocities: 54.0693, 172.18
53.0077, -88.1609
-81.0658, -64.487
-5.33494, -81.3798
Particle 4 new velocities: 42.6267, 8.14996
70.5234, 23.0265
-13.9592, -66.3386
-15.1316, -53.8481
Particle 5 new velocities: 0, 0
0, 0
0, 0
0, 0
Particle 6 new velocities: -1.85805, -148.149
108.993, 13.0043
-25.7126, 21.9754
111.557, -7.92396
Particle 7 new velocities: -50.3964, -219.596
-48.7725, 58.2962
-54.0892, 135.967
18.4611, -84.531
Particle 8 new velocities: -19.8659, 20.5494
-0.67328, -82.3825
-19.3959, 111.555
-33.3753, -128.391
Particle 9 new velocities: 24.1386, -126.796
0.457508, -246.579
29.7928, 6.99521
5.37882, -39.9575
Particle 10 new velocities: 6.8438, 81.3687
-8.41376, -259.93
10.7435, -5.63163
0.593263, -51.8296
-- ITERATION 2 --
-------------
Particle: 1:
Relays Coordinates:
150.669, 287.512
260.855, 92.3345
125.048, 175.106
71.3854, 159.159
Evaluation Time: 1.36797 seconds
Resulting Fitness: 0.0583333
-------------
Particle: 2:
Relays Coordinates:
95.5389, 309.895
249.54, 5.864
231.888, 197.096
169.324, 59.4608
Evaluation Time: 1.2584 seconds
Resulting Fitness: 0.0583333
-------------
Particle: 3:
Relays Coordinates:
142.9, 350
329.06, 0
112.269, 156.084
124.425, 0
Evaluation Time: 0.957338 seconds
Resulting Fitness: 0.629167
-------------
Particle: 4:
Relays Coordinates:
63.9986, 329.893
311.57, 94.6158
267.508, 113.975
111.713, 0
Evaluation Time: 0.709536 seconds
Resulting Fitness: 0.3375
-------------
Particle: 5:
Relays Coordinates:
83.4551, 297.783
262.646, 97.1965
202.816, 205.093
118.221, 59.2103
Evaluation Time: 1.12789 seconds
Resulting Fitness: 0.879167
-------------
Particle: 6:
Relays Coordinates:
74.7894, 201.851
350, 93.9775
132.855, 199.563
157.92, 52.8088
Evaluation Time: 1.16883 seconds
Resulting Fitness: 0.266667
-------------
Particle: 7:
Relays Coordinates:
15.2297, 130.404
164.92, 75.7592
188.815, 219.769
142.69, 0
Evaluation Time: 1.0668 seconds
Resulting Fitness: 0.820833
New local best!
-------------
Particle: 8:
Relays Coordinates:
58.533, 186.592
260.032, 18.508
203.358, 350
117.346, 0
Evaluation Time: 0.790289 seconds
Resulting Fitness: 0.483333
-------------
Particle: 9:
Relays Coordinates:
95.8789, 223.204
247.779, 0
211.746, 197.389
122.072, 0
Evaluation Time: 0.782383 seconds
Resulting Fitness: 0.441667
-------------
Particle: 10:
Relays Coordinates:
58.3903, 350
229.637, 0
204.965, 213.58
120.767, 5.32343
Evaluation Time: 0.778253 seconds
Resulting Fitness: 0.441667
Current global best fitness: 0.879167
Current global best relays: 83.4551, 297.783
262.646, 97.1965
202.816, 205.093
118.221, 59.2103
Particle 1 new velocities: -55.7379, -264.225
-3.454, 10.8549
159.037, 80.3896
117.802, 195.458
Particle 2 new velocities: 61.4552, -14.5528
21.808, 267.69
-106.05, -3.41105
-52.7403, 2.41057
Particle 3 new velocities: -6.70602, -131.682
-36.0373, 249.94
95.6382, 28.6893
-9.81128, 113.994
Particle 4 new velocities: 93.1702, -133.501
-208.171, 9.40588
-76.0807, 15.1329
6.57998, 174.445
Particle 5 new velocities: 0, 0
0, 0
0, 0
0, 0
Particle 6 new velocities: 63.3783, -78.9676
-351.264, 17.296
60.3703, 49.9332
24.1975, 17.7594
Particle 7 new velocities: 7.9901, -72.2438
43.4994, 72.705
-33.1757, 104.511
-17.3913, 31.3863
Particle 8 new velocities: 72.3841, 49.8864
20.4652, 312.359
-81.1792, -304.282
33.8928, 192.447
Particle 9 new velocities: -10.3382, -241.799
30.7484, 233.002
43.9825, 27.6183
24.8454, 142.367
Particle 10 new velocities: 33.1534, -395.314
100.146, 190.078
-1.29845, -4.28593
-19.7666, 132.534
-- ITERATION 3 --
-------------
Particle: 1:
Relays Coordinates:
94.9307, 23.287
257.401, 103.189
284.085, 255.495
189.188, 350
Evaluation Time: 1.0852 seconds
Resulting Fitness: 0.325
-------------
Particle: 2:
Relays Coordinates:
156.994, 295.342
271.348, 273.554
125.837, 193.685
116.584, 61.8714
Evaluation Time: 1.25243 seconds
Resulting Fitness: 0.8875
New local best!
New global best!
-------------
Particle: 3:
Relays Coordinates:
136.194, 218.318
293.023, 249.94
207.907, 184.773
114.614, 113.994
Evaluation Time: 1.43097 seconds
Resulting Fitness: 0.520833
-------------
Particle: 4:
Relays Coordinates:
157.169, 196.393
103.4, 104.022
191.428, 129.108
118.293, 174.445
Evaluation Time: 1.09395 seconds
Resulting Fitness: 0.845833
New local best!
-------------
Particle: 5:
Relays Coordinates:
83.4551, 297.783
262.646, 97.1965
202.816, 205.093
118.221, 59.2103
Evaluation Time: 1.32424 seconds
Resulting Fitness: 0.879167
-------------
Particle: 6:
Relays Coordinates:
138.168, 122.884
0, 111.273
193.225, 249.496
182.117, 70.5682
Evaluation Time: 1.36223 seconds
Resulting Fitness: 0.825
New local best!
-------------
Particle: 7:
Relays Coordinates:
23.2198, 58.1597
208.419, 148.464
155.639, 324.28
125.298, 31.3863
Evaluation Time: 1.63097 seconds
Resulting Fitness: 0.704167
-------------
Particle: 8:
Relays Coordinates:
130.917, 236.478
280.497, 330.867
122.179, 45.7184
151.239, 192.447
Evaluation Time: 1.31435 seconds
Resulting Fitness: 0.8
New local best!
-------------
Particle: 9:
Relays Coordinates:
85.5407, 0
278.528, 233.002
255.729, 225.008
146.918, 142.367
Evaluation Time: 1.26249 seconds
Resulting Fitness: 0.779167
-------------
Particle: 10:
Relays Coordinates:
91.5436, 0
329.783, 190.078
203.667, 209.294
101, 137.857
Evaluation Time: 1.31789 seconds
Resulting Fitness: 0.833333
New local best!
Current global best fitness: 0.8875
Current global best relays: 156.994, 295.342
271.348, 273.554
125.837, 193.685
116.584, 61.8714
Particle 1 new velocities: -39.9307, -184.988
-139.973, 56.6522
-83.6572, -26.1017
51.8927, -417.281
Particle 2 new velocities: 49.1641, -11.6422
17.4464, 214.152
-84.8402, -2.72884
-42.1922, 1.92846
Particle 3 new velocities: 6.2126, 11.7383
-68.2318, 181.053
13.6313, 29.6255
-1.93904, -24.4813
Particle 4 new velocities: 74.3733, 25.2717
106.397, 241.412
-113.236, 92.9776
3.05361, -11.7926
Particle 5 new velocities: 10.778, -1.28579
7.98577, 217.739
-13.1856, -6.88802
-1.44671, 1.72657
Particle 6 new velocities: 81.4819, -33.7314
137.072, 72.3683
-6.97519, -53.272
-70.5518, -1.29694
Particle 7 new velocities: 144.313, 189.119
76.0876, 60.855
-40.3923, -40.1728
-13.9863, -0.369106
Particle 8 new velocities: 94.3096, 99.9566
12.4115, 149.75
-64.0917, -175.118
7.10053, -48.3374
Particle 9 new velocities: 54.4786, 62.8745
12.6613, 213.388
-8.8985, -17.9542
14.758, 0.0212074
Particle 10 new velocities: 118.153, 389.762
49.3702, 215.916
-45.2971, -4.21619
-5.40457, 26.794
-- ITERATION 4 --
-------------
Particle: 1:
Relays Coordinates:
55, 0
117.429, 159.842
200.428, 229.394
241.08, 0
Evaluation Time: 1.17674 seconds
Resulting Fitness: 0.183333
-------------
Particle: 2:
Relays Coordinates:
206.158, 283.7
288.794, 350
40.997, 190.957
74.3916, 63.7998
Evaluation Time: 0.958428 seconds
Resulting Fitness: 0.55
-------------
Particle: 3:
Relays Coordinates:
142.407, 230.056
224.791, 350
221.539, 214.398
112.675, 89.5128
Evaluation Time: 1.13756 seconds
Resulting Fitness: 0.85
New local best!
-------------
Particle: 4:
Relays Coordinates:
231.542, 221.664
209.797, 345.433
78.1916, 222.086
121.346, 162.653
Evaluation Time: 0.65055 seconds
Resulting Fitness: 0.0666667
-------------
Particle: 5:
Relays Coordinates:
94.2331, 296.497
270.632, 314.936
189.63, 198.205
116.774, 60.9369
Evaluation Time: 1.18733 seconds
Resulting Fitness: 0.8625
-------------
Particle: 6:
Relays Coordinates:
219.65, 89.1524
137.072, 183.642
186.25, 196.224
111.565, 69.2713
Evaluation Time: 1.21052 seconds
Resulting Fitness: 0.854167
New local best!
-------------
Particle: 7:
Relays Coordinates:
167.533, 247.279
284.507, 209.319
115.247, 284.107
111.312, 31.0172
Evaluation Time: 0.811428 seconds
Resulting Fitness: 0.375
-------------
Particle: 8:
Relays Coordinates:
225.227, 336.435
292.909, 350
58.0868, 0
158.34, 144.109
Evaluation Time: 1.00743 seconds
Resulting Fitness: 0.179167
-------------
Particle: 9:
Relays Coordinates:
140.019, 62.8745
291.189, 350
246.83, 207.053
161.676, 142.388
Evaluation Time: 1.2908 seconds
Resulting Fitness: 0.820833
New local best!
-------------
Particle: 10:
Relays Coordinates:
209.697, 350
350, 350
158.37, 205.078
95.5959, 164.651
Evaluation Time: 0.641071 seconds
Resulting Fitness: 0.0666667
Current global best fitness: 0.8875
Current global best relays: 156.994, 295.342
271.348, 273.554
125.837, 193.685
116.584, 61.8714
Particle 1 new velocities: 125.087, 430.06
112.813, 79.4815
62.5365, -36.4802
-186.419, 89.0574
Particle 2 new velocities: 3.52222, 3.51895
-3.95849, -65.7974
39.3845, -0.121786
35.6469, -3.4907
Particle 3 new velocities: 17.7272, 87.0371
6.4631, -31.6685
-43.7354, 0.175884
4.52798, -42.1379
Particle 4 new velocities: 14.0792, 23.4163
56.0009, -40.4764
34.0985, -8.19453
-5.71403, -54.1192
Particle 5 new velocities: 75.4469, -0.884196
3.19069, 170.877
-74.5454, -2.39456
-0.816574, 1.96637
Particle 6 new velocities: -22.259, 196.198
315.424, 115.251
-13.5157, -43.7785
-49.2954, -5.83386
Particle 7 new velocities: 74.8888, 146.575
-35.1915, -41.3392
-8.59285, -107.358
20.5586, 27.4419
Particle 8 new velocities: -119.804, 0.224118
-4.41947, -80.5144
79.3137, 311.129
-24.411, -83.0091
Particle 9 new velocities: 51.8247, 277.774
-13.8837, -108.463
-170.04, -36.7274
-42.0624, -20.8772
Particle 10 new velocities: -115.123, -113.95
-112.719, -104.084
-39.4423, -14.7204
22.8942, -109.68
-- ITERATION 5 --
-------------
Particle: 1:
Relays Coordinates:
180.087, 350
230.242, 239.323
262.964, 192.913
54.6611, 89.0574
Evaluation Time: 0.86537 seconds
Resulting Fitness: 0.345833
-------------
Particle: 2:
Relays Coordinates:
209.68, 287.219
284.836, 284.203
80.3815, 190.835
110.038, 60.3091
Evaluation Time: 1.25204 seconds
Resulting Fitness: 0.825
-------------
Particle: 3:
Relays Coordinates:
160.134, 317.093
231.254, 318.332
177.803, 214.574
117.203, 47.3749
Evaluation Time: 1.22729 seconds
Resulting Fitness: 0.420833
-------------
Particle: 4:
Relays Coordinates:
245.621, 245.08
265.798, 304.957
112.29, 213.891
115.632, 108.533
Evaluation Time: 1.22763 seconds
Resulting Fitness: 0.704167
-------------
Particle: 5:
Relays Coordinates:
169.68, 295.613
273.822, 350
115.085, 195.811
115.957, 62.9032
Evaluation Time: 1.11621 seconds
Resulting Fitness: 0.795833
-------------
Particle: 6:
Relays Coordinates:
197.391, 285.35
350, 298.892
172.734, 152.446
62.2701, 63.4374
Evaluation Time: 1.17603 seconds
Resulting Fitness: 0.7875
-------------
Particle: 7:
Relays Coordinates:
242.421, 350
249.315, 167.98
106.654, 176.749
131.871, 58.4591
Evaluation Time: 1.13496 seconds
Resulting Fitness: 0.808333
-------------
Particle: 8:
Relays Coordinates:
105.422, 336.659
288.489, 269.486
137.401, 311.129
133.929, 61.1001
Evaluation Time: 0.811345 seconds
Resulting Fitness: 0.491667
-------------
Particle: 9:
Relays Coordinates:
191.844, 340.649
277.305, 241.537
76.7897, 170.326
119.613, 121.511
Evaluation Time: 1.07755 seconds
Resulting Fitness: 0.0833333
-------------
Particle: 10:
Relays Coordinates:
94.5741, 236.05
237.281, 245.916
118.927, 190.357
118.49, 54.9715
Evaluation Time: 1.15729 seconds
Resulting Fitness: 0.883333
New local best!
Current global best fitness: 0.8875
Current global best relays: 156.994, 295.342
271.348, 273.554
125.837, 193.685
116.584, 61.8714
Particle 1 new velocities: -35.5312, -379.252
95.8762, 34.614
-144.574, 17.6452
-53.9375, 150.204
Particle 2 new velocities: -68.4996, 14.5031
-19.189, -77.0416
133.619, 5.56841
42.6315, -0.821059
Particle 3 new velocities: 4.19348, 53.0509
38.7273, -6.15818
-102.565, -37.3591
1.34182, -23.5102
Particle 4 new velocities: -142.561, 63.124
46.045, -266.184
51.2118, -69.3583
-0.452818, -1.49331
Particle 5 new velocities: -28.5911, 0.235959
-3.02641, -115.738
14.5984, 6.43135
0.484234, -3.07968
Particle 6 new velocities: -51.2737, 149.597
-102.284, -42.7571
-63.3631, 6.22867
-24.1623, -6.13982
Particle 7 new velocities: -109.155, -285.843
-94.8053, 74.0301
33.6861, -33.2833
1.09882, -30.0994
Particle 8 new velocities: -84.1886, -60.2044
-23.294, -25.6654
35.5377, -43.5369
-29.2846, 44.4927
Particle 9 new velocities: -12.9114, 51.8849
-6.83461, 2.17178
88.5999, 14.3838
-15.67, -95.2423
Particle 10 new velocities: -2.51547, -48.1507
-56.1888, -38.2938
-30.3521, -11.5527
17.5185, -83.8694
-- ITERATION 6 --
-------------
Particle: 1:
Relays Coordinates:
144.556, 0
326.118, 273.937
118.39, 210.559
0.723652, 239.262
Evaluation Time: 0.711044 seconds
Resulting Fitness: 0.325
-------------
Particle: 2:
Relays Coordinates:
141.181, 301.722
265.647, 207.161
214, 196.403
152.67, 59.4881
Evaluation Time: 1.4381 seconds
Resulting Fitness: 0.433333
-------------
Particle: 3:
Relays Coordinates:
164.328, 350
269.981, 312.173
75.2381, 177.215
118.545, 23.8647
Evaluation Time: 0.994436 seconds
Resulting Fitness: 0.629167
-------------
Particle: 4:
Relays Coordinates:
103.06, 308.204
311.843, 38.7732
163.502, 144.533
115.179, 107.04
Evaluation Time: 1.18465 seconds
Resulting Fitness: 0.591667
-------------
Particle: 5:
Relays Coordinates:
141.089, 295.849
270.796, 234.262
129.683, 202.242
116.442, 59.8235
Evaluation Time: 1.26251 seconds
Resulting Fitness: 0.954167
New local best!
New global best!
-------------
Particle: 6:
Relays Coordinates:
146.117, 350
247.716, 256.135
109.371, 158.674
38.1078, 57.2976
Evaluation Time: 1.11744 seconds
Resulting Fitness: 0.554167
-------------
Particle: 7:
Relays Coordinates:
133.266, 64.1571
154.51, 242.01
140.34, 143.466
132.97, 28.3597
Evaluation Time: 1.06415 seconds
Resulting Fitness: 0.770833
-------------
Particle: 8:
Relays Coordinates:
21.2339, 276.454
265.195, 243.82
172.938, 267.592
104.644, 105.593
Evaluation Time: 1.10294 seconds
Resulting Fitness: 0.5
-------------
Particle: 9:
Relays Coordinates:
178.933, 350
270.471, 243.709
165.39, 184.71
103.943, 26.2689
Evaluation Time: 1.16553 seconds
Resulting Fitness: 0.375
-------------
Particle: 10:
Relays Coordinates:
92.0586, 187.899
181.092, 207.622
88.5753, 178.804
136.009, 0
Evaluation Time: 0.705916 seconds
Resulting Fitness: 0.329167
Current global best fitness: 0.954167
Current global best relays: 141.089, 295.849
270.796, 234.262
129.683, 202.242
116.442, 59.8235
Particle 1 new velocities: -68.5199, 103.163
-210.611, -89.8786
-6.09144, 25.0199
221.168, -132.249
Particle 2 new velocities: -38.1064, 6.05954
-5.90732, -13.4413
7.1902, 14.6045
-10.9631, 0.978231
Particle 3 new velocities: -28.2826, -71.6936
-17.4052, -100.411
-56.1066, -4.75641
-6.69287, -12.543
Particle 4 new velocities: -54.8944, 24.1811
-99.0334, 23.0769
20.3021, -1.41424
1.34677, -56.425
Particle 5 new velocities: -22.8729, 0.188767
-2.42112, -92.5902
11.6787, 5.14508
0.387387, -2.46374
Particle 6 new velocities: 32.2803, -34.1011
-138.816, -94.6253
3.22584, 47.7079
163.556, 2.80049
Particle 7 new velocities: -121.264, -74.164
-63.4492, 5.44021
29.3669, 102.935
-25.8765, -3.41564
Particle 8 new velocities: 146.651, -51.6691
0.847036, -16.6806
-51.3646, -346.016
12.0181, 67.5958
Particle 9 new velocities: -39.4778, -42.2626
6.48428, 77.0534
118.567, 45.2169
13.3966, -41.9094
Particle 10 new velocities: 47.2677, -2.05276
30.428, 38.8604
1.1141, 27.4283
-17.1082, 67.6851
-- ITERATION 7 --
-------------
Particle: 1:
Relays Coordinates:
76.0357, 103.163
115.507, 184.059
112.298, 235.579
221.892, 107.013
Evaluation Time: 1.15655 seconds
Resulting Fitness: 0.879167
New local best!
-------------
Particle: 2:
Relays Coordinates:
103.074, 307.782
259.739, 193.72
221.19, 211.008
141.707, 60.4663
Evaluation Time: 1.20479 seconds
Resulting Fitness: 0.475
-------------
Particle: 3:
Relays Coordinates:
136.045, 278.306
252.576, 211.763
19.1315, 172.459
111.852, 11.3217
Evaluation Time: 1.24952 seconds
Resulting Fitness: 0.325
-------------
Particle: 4:
Relays Coordinates:
48.1658, 332.386
212.81, 61.8501
183.804, 143.119
116.526, 50.615
Evaluation Time: 0.991043 seconds
Resulting Fitness: 0.75
-------------
Particle: 5:
Relays Coordinates:
118.216, 296.037
268.375, 141.672
141.362, 207.387
116.829, 57.3598
Evaluation Time: 1.18263 seconds
Resulting Fitness: 0.875
-------------
Particle: 6:
Relays Coordinates:
178.397, 315.899
108.9, 161.51
112.597, 206.382
201.663, 60.0981
Evaluation Time: 0.618438 seconds
Resulting Fitness: 0.05
-------------
Particle: 7:
Relays Coordinates:
12.0023, 0
91.0609, 247.45
169.707, 246.401
107.093, 24.944
Evaluation Time: 0.732641 seconds
Resulting Fitness: 0.354167
-------------
Particle: 8:
Relays Coordinates:
167.885, 224.785
266.042, 227.14
121.574, 0
116.662, 173.189
Evaluation Time: 1.19498 seconds
Resulting Fitness: 0.325
-------------
Particle: 9:
Relays Coordinates:
139.455, 307.737
276.955, 320.763
283.957, 229.927
117.34, 0
Evaluation Time: 0.726634 seconds
Resulting Fitness: 0.3375
-------------
Particle: 10:
Relays Coordinates:
139.326, 185.846
211.52, 246.482
89.6894, 206.233
118.9, 67.6851
Evaluation Time: 1.16162 seconds
Resulting Fitness: 0.908333
New local best!
Current global best fitness: 0.954167
Current global best relays: 141.089, 295.849
270.796, 234.262
129.683, 202.242
116.442, 59.8235
Particle 1 new velocities: -32.7817, 244.185
-25.9363, 7.13708
20.2131, 5.76512
72.7597, -176.716
Particle 2 new velocities: -5.62028, -8.19858
2.47952, 40.2525
-128.616, -3.03008
-68.4885, 0.0216525
Particle 3 new velocities: -21.4852, -48.7713
-19.9307, -24.9699
169.054, 65.5071
-5.16198, 99.95
Particle 4 new velocities: 99.7593, -67.1904
-148.036, 318.866
-13.1539, 28.3272
1.0451, 2.66014
Particle 5 new velocities: 5.83778, -0.226851
0.56969, 91.0728
-10.4318, -6.40777
-0.0772575, 2.47087
Particle 6 new velocities: 60.8728, -214.568
130.105, -62.3163
107.179, 27.0689
11.0998, 3.34638
Particle 7 new velocities: 98.6888, 223.154
137.789, -130.96
6.28118, 45.0267
-4.87263, -7.903
Particle 8 new velocities: 38.4479, 28.5638
6.74283, 9.91059
-36.4683, 194.789
39.0343, -68.3518
Particle 9 new velocities: -30.1376, -79.7058
11.4277, -30.7918
-132.179, -3.2125
45.5905, 199.2
Particle 10 new velocities: 39.8954, 56.5955
69.0201, 12.1249
42.3029, 15.181
-18.0455, 49.7898
-- ITERATION 8 --
-------------
Particle: 1:
Relays Coordinates:
43.2541, 347.348
89.5704, 191.196
132.512, 241.344
294.651, 0
Evaluation Time: 0.60349 seconds
Resulting Fitness: 0.075
-------------
Particle: 2:
Relays Coordinates:
97.4542, 299.583
262.219, 233.972
92.5742, 207.978
73.2183, 60.488
Evaluation Time: 1.09436 seconds
Resulting Fitness: 0.645833
-------------
Particle: 3:
Relays Coordinates:
114.56, 229.535
232.645, 186.793
188.185, 237.966
106.69, 111.272
Evaluation Time: 1.21708 seconds
Resulting Fitness: 0.8375
-------------
Particle: 4:
Relays Coordinates:
147.925, 265.195
64.7737, 350
170.65, 171.446
117.571, 53.2752
Evaluation Time: 1.13752 seconds
Resulting Fitness: 0.879167
New local best!
-------------
Particle: 5:
Relays Coordinates:
124.054, 295.811
268.945, 232.745
130.93, 200.979
116.752, 59.8307
Evaluation Time: 1.18079 seconds
Resulting Fitness: 0.954167
-------------
Particle: 6:
Relays Coordinates:
239.27, 101.331
239.005, 99.1936
219.776, 233.451
212.763, 63.4445
Evaluation Time: 0.612197 seconds
Resulting Fitness: 0.0708333
-------------
Particle: 7:
Relays Coordinates:
110.691, 223.154
228.85, 116.491
175.988, 291.427
102.22, 17.041
Evaluation Time: 1.23932 seconds
Resulting Fitness: 0.6
-------------
Particle: 8:
Relays Coordinates:
206.333, 253.349
272.785, 237.05
85.1053, 194.789
155.697, 104.837
Evaluation Time: 0.602672 seconds
Resulting Fitness: 0.0541667
-------------
Particle: 9:
Relays Coordinates:
109.317, 228.032
288.383, 289.971
151.778, 226.714
162.93, 199.2
Evaluation Time: 0.621176 seconds
Resulting Fitness: 0.0625
-------------
Particle: 10:
Relays Coordinates:
179.222, 242.442
280.541, 258.607
131.992, 221.414
100.855, 117.475
Evaluation Time: 1.25606 seconds
Resulting Fitness: 0.741667
Current global best fitness: 0.954167
Current global best relays: 141.089, 295.849
270.796, 234.262
129.683, 202.242
116.442, 59.8235
Particle 1 new velocities: 37.1466, 95.5894
149.993, 74.1987
6.07426, -30.8817
-167.545, 78.6209
Particle 2 new velocities: 61.1517, -14.997
12.5776, 71.2148
-86.8304, -9.78647
-18.4659, 0.898595
Particle 3 new velocities: 32.6694, 17.8825
39.4304, 127.149
127.186, -9.82343
7.07343, 6.69073
Particle 4 new velocities: 79.4862, -11.1424
39.5328, -185.334
-22.9515, 69.7152
0.356142, 10.595
Particle 5 new velocities: 22.5048, -0.145202
2.91966, 74.0188
-9.6205, -3.0651
-0.507207, 1.96607
Particle 6 new velocities: -137.679, 101.218
54.6982, 10.412
-26.429, -8.34172
-132.031, 1.01867
Particle 7 new velocities: 74.3872, 200.305
54.6149, 9.32233
-15.2584, -127.187
9.90421, 13.1873
Particle 8 new velocities: -59.0795, 49.2826
9.14252, 77.1055
34.4225, 148.239
-37.1795, -35.3079
Particle 9 new velocities: 14.6653, -113.324
-7.58389, -21.4653
-69.1671, -29.0407
-3.33322, -69.854
Particle 10 new velocities: -6.14181, 19.4993
10.1631, -24.5085
18.0118, -15.9259
0.0584115, -33.3463
-- ITERATION 9 --
-------------
Particle: 1:
Relays Coordinates:
80.4006, 350
239.563, 265.394
138.586, 210.462
127.106, 78.6209
Evaluation Time: 1.2036 seconds
Resulting Fitness: 0.85
-------------
Particle: 2:
Relays Coordinates:
158.606, 284.586
274.797, 305.187
5.74378, 198.191
54.7524, 61.3866
Evaluation Time: 1.14375 seconds
Resulting Fitness: 0.516667
-------------
Particle: 3:
Relays Coordinates:
147.229, 247.418
272.076, 313.942
315.371, 228.142
113.763, 117.962
Evaluation Time: 1.30354 seconds
Resulting Fitness: 0.420833
-------------
Particle: 4:
Relays Coordinates:
227.411, 254.053
104.306, 164.666
147.699, 241.161
117.927, 63.8702
Evaluation Time: 1.16843 seconds
Resulting Fitness: 0.845833
-------------
Particle: 5:
Relays Coordinates:
146.559, 295.665
271.864, 306.764
121.31, 197.914
116.245, 61.7967
Evaluation Time: 1.14259 seconds
Resulting Fitness: 0.8375
-------------
Particle: 6:
Relays Coordinates:
101.591, 202.549
293.703, 109.606
193.347, 225.109
80.7317, 64.4632
Evaluation Time: 1.24886 seconds
Resulting Fitness: 0.875
New local best!
-------------
Particle: 7:
Relays Coordinates:
185.078, 350
283.465, 125.813
160.73, 164.241
112.125, 30.2283
Evaluation Time: 1.06435 seconds
Resulting Fitness: 0.770833
-------------
Particle: 8:
Relays Coordinates:
147.254, 302.632
281.928, 314.156
119.528, 343.028
118.517, 69.5288
Evaluation Time: 0.830531 seconds
Resulting Fitness: 0.508333
-------------
Particle: 9:
Relays Coordinates:
123.983, 114.708
280.799, 268.505
82.6113, 197.673
159.597, 129.346
Evaluation Time: 1.24059 seconds
Resulting Fitness: 0.1375
-------------
Particle: 10:
Relays Coordinates:
173.08, 261.941
290.704, 234.099
150.004, 205.488
100.913, 84.1286
Evaluation Time: 1.30499 seconds
Resulting Fitness: 0.854167
Current global best fitness: 0.954167
Current global best relays: 141.089, 295.849
270.796, 234.262
129.683, 202.242
116.442, 59.8235
Particle 1 new velocities: 55.9381, -206.184
80.859, -32.7725
-7.38519, -19.1108
-132.502, 57.8799
Particle 2 new velocities: 46.4174, 13.728
9.08554, -88.9376
146.246, -8.02121
75.0011, -1.47355
Particle 3 new velocities: 17.4258, 59.5295
13.3901, 97.2787
-101.783, -66.6534
5.41494, -110.581
Particle 4 new velocities: -0.639276, 18.6976
124.995, 39.3345
-33.195, -19.4047
-0.157376, -2.90235
Particle 5 new velocities: 10.6637, 0.151153
0.993716, -94.7308
4.31984, 4.48991
-0.215811, -1.33137
Particle 6 new velocities: -51.6705, 145.906
2.83819, 143.319
-109.181, -18.8862
-103.659, -1.12675
Particle 7 new velocities: 0.706415, -186.969
-87.3605, 131.417
-37.4703, -47.8428
27.4604, 8.7753
Particle 8 new velocities: -53.5864, 10.9538
-13.0264, 24.8884
30.2359, -124.399
-27.0063, -18.4502
Particle 9 new velocities: 40.5091, 118.72
-2.43829, 30.3574
85.495, -9.24459
-35.9663, -70.3608
Particle 10 new velocities: -25.7431, 54.6593
-85.6619, -13.5262
-27.6052, -12.8271
15.1216, -46.4577
-- ITERATION 10 --
-------------
Particle: 1:
Relays Coordinates:
136.339, 143.816
320.422, 232.622
131.201, 191.351
0, 136.501
Evaluation Time: 1.17348 seconds
Resulting Fitness: 0.670833
-------------
Particle: 2:
Relays Coordinates:
205.023, 298.314
283.882, 216.249
151.99, 190.17
129.753, 59.913
Evaluation Time: 1.28004 seconds
Resulting Fitness: 0.8875
-------------
Particle: 3:
Relays Coordinates:
164.655, 306.947
285.466, 350
213.588, 161.489
119.178, 7.38156
Evaluation Time: 1.26308 seconds
Resulting Fitness: 0.345833
-------------
Particle: 4:
Relays Coordinates:
226.772, 272.75
229.302, 204
114.504, 221.756
117.77, 60.9678
Evaluation Time: 1.30938 seconds
Resulting Fitness: 0.7875
-------------
Particle: 5:
Relays Coordinates:
157.222, 295.817
272.858, 212.033
125.63, 202.404
116.029, 60.4654
Evaluation Time: 1.35038 seconds
Resulting Fitness: 0.9875
New local best!
New global best!
-------------
Particle: 6:
Relays Coordinates:
49.9207, 348.455
296.541, 252.925
84.1669, 206.223
0, 63.3364
Evaluation Time: 1.01676 seconds
Resulting Fitness: 0.220833
-------------
Particle: 7:
Relays Coordinates:
185.785, 163.031
196.105, 257.23
123.259, 116.398
139.585, 39.0036
Evaluation Time: 1.21106 seconds
Resulting Fitness: 0.791667
-------------
Particle: 8:
Relays Coordinates:
93.6672, 313.585
268.901, 339.044
149.764, 218.629
91.5107, 51.0787
Evaluation Time: 1.17697 seconds
Resulting Fitness: 0.366667
-------------
Particle: 9:
Relays Coordinates:
164.492, 233.428
278.36, 298.863
168.106, 188.429
123.631, 58.9856
Evaluation Time: 1.18186 seconds
Resulting Fitness: 0.791667
-------------
Particle: 10:
Relays Coordinates:
147.337, 316.6
205.042, 220.572
122.399, 192.661
116.035, 37.6709
Evaluation Time: 1.22527 seconds
Resulting Fitness: 0.8375
Current global best fitness: 0.9875
Current global best relays: 157.222, 295.817
272.858, 212.033
125.63, 202.404
116.029, 60.4654
Particle 1 new velocities: 30.8719, -28.1248
-210.899, -87.3644
-12.7936, 12.8552
262.685, -13.5617
Particle 2 new velocities: -56.503, 6.03169
-8.30926, -17.2559
88.5286, -1.57089
40.8663, -0.329912
Particle 3 new velocities: -6.77518, 10.5331
5.53239, -14.793
-121.217, 4.43955
-0.337861, 4.51261
Particle 4 new velocities: -130.342, 31.4722
4.96903, 89.7078
37.4773, -72.6485
-0.924532, -9.92322
Particle 5 new velocities: 8.53094, 0.120922
0.794973, -75.7846
3.45587, 3.59193
-0.172649, -1.06509
Particle 6 new velocities: 145.528, 7.09503
-0.254225, -47.7435
-27.2104, -8.50248
144.567, -3.54067
Particle 7 new velocities: -179.911, -118.63
-78.8456, -12.7352
20.9071, 115.266
-3.57874, -7.90801
Particle 8 new velocities: 31.211, -13.8397
3.05931, -199.675
-21.8624, -270.46
-5.14765, 71.0154
Particle 9 new velocities: -3.4449, 1.44666
2.71713, 35.7861
73.2223, 12.399
-4.18095, -26.6565
Particle 10 new velocities: -16.2036, -69.3423
-30.4068, 8.96662
-44.499, 4.09167
12.1378, -1.72426
-- ITERATION 11 --
-------------
Particle: 1:
Relays Coordinates:
167.211, 115.691
109.522, 145.257
118.407, 204.206
262.685, 122.939
Evaluation Time: 1.33684 seconds
Resulting Fitness: 0.05
-------------
Particle: 2:
Relays Coordinates:
148.52, 304.346
275.573, 198.994
240.519, 188.599
170.62, 59.5831
Evaluation Time: 1.41066 seconds
Resulting Fitness: 0.0583333
-------------
Particle: 3:
Relays Coordinates:
157.88, 317.48
290.998, 335.207
92.3706, 165.929
118.84, 11.8942
Evaluation Time: 1.20149 seconds
Resulting Fitness: 0.675
-------------
Particle: 4:
Relays Coordinates:
96.4301, 304.223
234.271, 293.708
151.981, 149.108
116.845, 51.0446
Evaluation Time: 1.22461 seconds
Resulting Fitness: 0.754167
-------------
Particle: 5:
Relays Coordinates:
165.753, 295.937
273.653, 136.248
129.085, 205.996
115.856, 59.4003
Evaluation Time: 1.31198 seconds
Resulting Fitness: 0.8625
-------------
Particle: 6:
Relays Coordinates:
195.448, 350
296.287, 205.182
56.9564, 197.721
144.567, 59.7957
Evaluation Time: 1.02617 seconds
Resulting Fitness: 0.525
-------------
Particle: 7:
Relays Coordinates:
5.87371, 44.4006
117.259, 244.495
144.166, 231.664
136.006, 31.0956
Evaluation Time: 0.839742 seconds
Resulting Fitness: 0.391667
-------------
Particle: 8:
Relays Coordinates:
124.878, 299.746
271.96, 139.369
127.901, 0
86.363, 122.094
Evaluation Time: 1.09267 seconds
Resulting Fitness: 0.604167
-------------
Particle: 9:
Relays Coordinates:
161.047, 234.874
281.078, 334.649
241.329, 200.828
119.45, 32.3291
Evaluation Time: 0.804472 seconds
Resulting Fitness: 0.395833
-------------
Particle: 10:
Relays Coordinates:
131.133, 247.258
174.635, 229.539
77.9, 196.752
128.173, 35.9467
Evaluation Time: 1.19372 seconds
Resulting Fitness: 0.458333
Current global best fitness: 0.9875
Current global best relays: 157.222, 295.817
272.858, 212.033
125.63, 202.404
116.029, 60.4654
Particle 1 new velocities: 7.57618, 277.006
-66.2357, 25.6291
-8.26189, 16.5486
-13.8036, -118.52
Particle 2 new velocities: -33.0616, -8.03208
-11.9181, 37.6735
-19.4198, 21.2592
-48.7605, 1.38475
Particle 3 new velocities: -5.51416, -32.1803
-67.134, -173.863
58.4409, 24.6152
-7.37894, 150.164
Particle 4 new velocities: -87.44, 11.5113
-37.7603, 109.06
6.2353, 5.11669
-0.684221, 8.90752
Particle 5 new velocities: 2.99839, -0.170858
-0.393175, 77.104
-4.70818, -6.45502
0.0322894, 1.41038
Particle 6 new velocities: -19.0363, -89.6895
-43.8343, -92.2918
101.571, 1.00085
79.6498, 0.332278
Particle 7 new velocities: -97.0123, 10.1332
231.828, -124.785
3.79535, 64.8261
-2.69072, -13.6144
Particle 8 new velocities: 60.321, -62.9358
7.85817, 29.7454
-21.7203, 315.638
108.686, 47.0717
Particle 9 new velocities: -24.5207, -109.336
2.37617, -14.5583
-37.3338, 18.3199
22.8428, 36.9411
Particle 10 new velocities: 7.34414, -23.6404
136.008, -14.8002
-12.4573, 14.9822
-2.80144, 10.325
-- ITERATION 12 --
-------------
Particle: 1:
Relays Coordinates:
174.787, 350
43.2868, 170.886
110.145, 220.755
248.881, 4.41876
Evaluation Time: 1.16389 seconds
Resulting Fitness: 0.0583333
-------------
Particle: 2:
Relays Coordinates:
115.459, 296.314
263.655, 236.667
221.099, 209.858
121.859, 60.9678
Evaluation Time: 1.21409 seconds
Resulting Fitness: 0.4375
-------------
Particle: 3:
Relays Coordinates:
152.366, 285.3
223.864, 161.344
150.812, 190.544
111.461, 162.058
Evaluation Time: 0.675289 seconds
Resulting Fitness: 0.0541667
-------------
Particle: 4:
Relays Coordinates:
8.99014, 315.734
196.511, 350
158.216, 154.225
116.161, 59.9521
Evaluation Time: 0.988494 seconds
Resulting Fitness: 0.679167
-------------
Particle: 5:
Relays Coordinates:
168.752, 295.767
273.26, 213.352
124.377, 199.541
115.888, 60.8107
Evaluation Time: 1.27456 seconds
Resulting Fitness: 0.933333
-------------
Particle: 6:
Relays Coordinates:
176.412, 260.31
252.453, 112.89
158.528, 198.722
224.217, 60.128
Evaluation Time: 0.668388 seconds
Resulting Fitness: 0.0583333
-------------
Particle: 7:
Relays Coordinates:
0, 54.5338
349.087, 119.71
147.962, 296.49
133.315, 17.4813
Evaluation Time: 0.780232 seconds
Resulting Fitness: 0.358333
-------------
Particle: 8:
Relays Coordinates:
185.199, 236.81
279.819, 169.114
106.181, 315.638
195.049, 169.166
Evaluation Time: 0.628597 seconds
Resulting Fitness: 0.0541667
-------------
Particle: 9:
Relays Coordinates:
136.526, 125.538
283.454, 320.091
203.995, 219.148
142.293, 69.2702
Evaluation Time: 1.20736 seconds
Resulting Fitness: 0.683333
-------------
Particle: 10:
Relays Coordinates:
138.477, 223.618
310.643, 214.739
65.4427, 211.735
125.371, 46.2717
Evaluation Time: 1.15302 seconds
Resulting Fitness: 0.420833
Current global best fitness: 0.9875
Current global best relays: 157.222, 295.817
272.858, 212.033
125.63, 202.404
116.029, 60.4654
Particle 1 new velocities: -91.6852, -263.182
43.045, 78.0542
13.7495, -4.97397
-108.954, 80.0709
Particle 2 new velocities: 73.8688, -7.48826
3.73674, 5.8453
-164.509, 1.46713
-50.5025, 1.1728
Particle 3 new velocities: -1.19162, -58.9856
-15.3292, -50.1615
90.0474, 33.931
-0.313097, -29.6335
Particle 4 new velocities: 236.066, -19.6643
-115.601, -211.692
-39.0372, 10.459
0.218553, 1.16793
Particle 5 new velocities: -9.47465, -0.119295
-0.840982, 59.4293
-0.862077, -2.43148
0.216221, 0.472052
Particle 6 new velocities: -68.1855, -112.888
-2.33136, 96.0702
112.977, 24.3458
-154.581, 5.24032
Particle 7 new velocities: 126.376, 144.394
58.6295, 22.5021
-21.2893, -163.114
-17.9975, 32.649
Particle 8 new velocities: 21.5113, -45.7258
-4.83348, 208.904
14.9203, -136.507
71.5726, -128.059
Particle 9 new velocities: 12.9379, -17.9266
-11.9491, -105.807
-108.097, -22.6479
14.5263, 104.036
Particle 10 new velocities: 40.1654, -4.16606
1.4484, 6.12609
44.5758, -5.20766
-6.95342, 41.9191
-- ITERATION 13 --
-------------
Particle: 1:
Relays Coordinates:
83.1016, 86.8176
86.3318, 248.941
123.895, 215.781
139.927, 84.4897
Evaluation Time: 1.16774 seconds
Resulting Fitness: 0.770833
-------------
Particle: 2:
Relays Coordinates:
189.327, 288.826
267.391, 242.512
56.5904, 211.325
71.3567, 62.1406
Evaluation Time: 1.22048 seconds
Resulting Fitness: 0.758333
-------------
Particle: 3:
Relays Coordinates:
151.174, 226.314
208.535, 111.182
240.859, 224.475
111.148, 132.425
Evaluation Time: 1.32446 seconds
Resulting Fitness: 0.075
-------------
Particle: 4:
Relays Coordinates:
245.056, 296.07
80.91, 138.308
119.179, 164.684
116.38, 61.1201
Evaluation Time: 1.04442 seconds
Resulting Fitness: 0.633333
-------------
Particle: 5:
Relays Coordinates:
159.277, 295.647
272.419, 272.782
123.515, 197.109
116.105, 61.2827
Evaluation Time: 1.19201 seconds
Resulting Fitness: 0.875
-------------
Particle: 6:
Relays Coordinates:
108.227, 147.422
250.121, 208.96
271.505, 223.067
69.6361, 65.3683
Evaluation Time: 1.20663 seconds
Resulting Fitness: 0.7625
-------------
Particle: 7:
Relays Coordinates:
126.376, 198.928
350, 142.212
126.672, 133.376
115.318, 50.1303
Evaluation Time: 1.07571 seconds
Resulting Fitness: 0.75
-------------
Particle: 8:
Relays Coordinates:
206.711, 191.084
274.985, 350
121.101, 179.13
266.622, 41.1069
Evaluation Time: 0.634638 seconds
Resulting Fitness: 0.0541667
-------------
Particle: 9:
Relays Coordinates:
149.464, 107.611
271.505, 214.284
95.8981, 196.5
156.819, 173.307
Evaluation Time: 1.36404 seconds
Resulting Fitness: 0.0583333
-------------
Particle: 10:
Relays Coordinates:
178.643, 219.452
312.091, 220.865
110.018, 206.527
118.418, 88.1908
Evaluation Time: 1.25092 seconds
Resulting Fitness: 0.9125
New local best!
Current global best fitness: 0.9875
Current global best relays: 157.222, 295.817
272.858, 212.033
125.63, 202.404
116.029, 60.4654
Particle 1 new velocities: 13.6251, -177.715
287.119, 35.4104
3.51478, -17.553
-71.3052, 72.0246
Particle 2 new velocities: -17.0964, 1.38004
5.12825, 2.25008
-23.4557, -4.34085
-9.72695, -2.12968
Particle 3 new velocities: 0.791838, 72.1129
35.6826, 128.018
-116.474, -0.421775
3.26137, -85.6332
Particle 4 new velocities: 14.0126, -33.8207
239.095, -36.4703
25.9386, 67.7234
0.194443, -6.54081
Particle 5 new velocities: -10.1391, 0.0891547
0.227343, -79.3257
4.07488, 9.90379
0.0215924, 0.204581
Particle 6 new velocities: -31.1775, 20.7579
36.1563, -16.514
-160.68, -14.1321
-61.9367, -2.38814
Particle 7 new velocities: 18.7636, 182.943
-121.829, -32.8395
5.65783, 2.81816
-5.12466, 24.5338
Particle 8 new velocities: -112.752, 36.8809
-0.113379, -158.17
14.2247, -193.449
-82.8051, -79.0844
Particle 9 new velocities: 10.8365, 112.255
-6.20864, 56.2288
95.9378, -8.07596
-4.73505, -40.0863
Particle 10 new velocities: -4.11515, 72.3431
-1.024, 0.157922
54.1776, -5.74183
-7.69853, 1.18904
-- ITERATION 14 --
-------------
Particle: 1:
Relays Coordinates:
96.7267, 0
350, 284.351
127.409, 198.228
68.6219, 156.514
Evaluation Time: 1.06979 seconds
Resulting Fitness: 0.6
-------------
Particle: 2:
Relays Coordinates:
172.231, 290.206
272.52, 244.762
33.1347, 206.985
61.6297, 60.011
Evaluation Time: 1.20555 seconds
Resulting Fitness: 0.633333
-------------
Particle: 3:
Relays Coordinates:
151.966, 298.427
244.217, 239.2
124.385, 224.053
114.41, 46.7916
Evaluation Time: 1.20951 seconds
Resulting Fitness: 0.425
-------------
Particle: 4:
Relays Coordinates:
259.069, 262.249
320.005, 101.838
145.118, 232.407
116.574, 54.5793
Evaluation Time: 1.20113 seconds
Resulting Fitness: 0.445833
-------------
Particle: 5:
Relays Coordinates:
149.138, 295.736
272.646, 193.456
127.59, 207.013
116.126, 61.4873
Evaluation Time: 1.36966 seconds
Resulting Fitness: 0.891667
-------------
Particle: 6:
Relays Coordinates:
77.0492, 168.18
286.277, 192.446
110.826, 208.935
7.69936, 62.9802
Evaluation Time: 1.2987 seconds
Resulting Fitness: 0.545833
-------------
Particle: 7:
Relays Coordinates:
145.14, 350
228.171, 109.373
132.33, 136.194
110.193, 74.664
Evaluation Time: 1.13203 seconds
Resulting Fitness: 0.775
-------------
Particle: 8:
Relays Coordinates:
93.9589, 227.965
274.872, 191.83
135.326, 0
183.817, 0
Evaluation Time: 0.819932 seconds
Resulting Fitness: 0.329167
-------------
Particle: 9:
Relays Coordinates:
160.301, 219.867
265.296, 270.513
191.836, 188.424
152.084, 133.22
Evaluation Time: 0.715186 seconds
Resulting Fitness: 0.0583333
-------------
Particle: 10:
Relays Coordinates:
174.528, 291.795
311.067, 221.023
164.196, 200.785
110.719, 89.3798
Evaluation Time: 1.20353 seconds
Resulting Fitness: 0.816667
Current global best fitness: 0.9875
Current global best relays: 157.222, 295.817
272.858, 212.033
125.63, 202.404
116.029, 60.4654
Particle 1 new velocities: 40.5725, 235.771
-151.874, -85.2994
-3.47169, 11.1538
82.8288, -22.66
Particle 2 new velocities: -25.9318, 1.18929
3.17504, -19.2834
144.685, -4.25883
91.185, 0.570788
Particle 3 new velocities: -1.47415, 17.0703
40.9569, 159.412
0.506806, -41.9064
4.67735, -62.7638
Particle 4 new velocities: -186.473, 22.3643
-66.4799, 322.908
-5.56013, -38.6397
0.516335, -2.15948
Particle 5 new velocities: 2.16361, 0.226955
0.448911, -41.2838
-1.43104, -0.363557
-0.136985, -0.822532
Particle 6 new velocities: 24.2164, 59.9729
29.9548, -48.3947
-102.141, -9.85412
179.847, -1.73777
Particle 7 new velocities: -43.0004, -208.47
-100.559, 58.4931
56.2655, 102.345
14.6723, -85.3107
Particle 8 new velocities: 0.700978, 76.8069
0.583846, -106.385
0.417005, 61.8769
-168.918, 296.387
Particle 9 new velocities: 1.39575, 23.0159
19.6066, 29.8664
6.44526, 9.46491
-7.8019, -50.986
Particle 10 new velocities: -19.8725, 11.7258
-46.9758, -5.43923
-28.7672, 0.742508
3.83976, -38.085
-- ITERATION 15 --
-------------
Particle: 1:
Relays Coordinates:
137.299, 235.771
198.126, 199.052
123.938, 209.382
151.451, 133.854
Evaluation Time: 0.727651 seconds
Resulting Fitness: 0.075
-------------
Particle: 2:
Relays Coordinates:
146.299, 291.395
275.695, 225.479
177.82, 202.726
152.815, 60.5817
Evaluation Time: 1.61492 seconds
Resulting Fitness: 0.395833
-------------
Particle: 3:
Relays Coordinates:
150.492, 315.498
285.174, 350
124.891, 182.147
119.087, 0
Evaluation Time: 1.21637 seconds
Resulting Fitness: 0.3125
-------------
Particle: 4:
Relays Coordinates:
72.5958, 284.613
253.525, 350
139.558, 193.767
117.091, 52.4198
Evaluation Time: 1.17237 seconds
Resulting Fitness: 0.779167
-------------
Particle: 5:
Relays Coordinates:
151.302, 295.963
273.095, 152.172
126.159, 206.65
115.989, 60.6648
Evaluation Time: 1.34824 seconds
Resulting Fitness: 0.895833
-------------
Particle: 6:
Relays Coordinates:
101.266, 228.153
316.232, 144.051
8.68485, 199.081
187.546, 61.2424
Evaluation Time: 0.604659 seconds
Resulting Fitness: 0.0708333
-------------
Particle: 7:
Relays Coordinates:
102.139, 141.53
127.611, 167.866
188.596, 238.539
124.866, 0
Evaluation Time: 1.1281 seconds
Resulting Fitness: 0.766667
-------------
Particle: 8:
Relays Coordinates:
94.6599, 304.772
275.456, 85.4452
135.743, 61.8769
14.8989, 296.387
Evaluation Time: 1.03209 seconds
Resulting Fitness: 0.645833
-------------
Particle: 9:
Relays Coordinates:
161.696, 242.882
284.903, 300.379
198.281, 197.889
144.282, 82.2343
Evaluation Time: 1.32147 seconds
Resulting Fitness: 0.25
-------------
Particle: 10:
Relays Coordinates:
154.655, 303.521
264.092, 215.584
135.429, 201.528
114.559, 51.2949
Evaluation Time: 1.4447 seconds
Resulting Fitness: 0.9625
New local best!
Current global best fitness: 0.9875
Current global best relays: 157.222, 295.817
272.858, 212.033
125.63, 202.404
116.029, 60.4654
Particle 1 new velocities: 5.93117, 138.083
-161.082, -50.1157
-8.25035, 13.4694
84.8686, -31.293
Particle 2 new velocities: 2.79796, 5.86208
-4.11893, -15.3756
11.3596, -8.52409
10.1742, 1.38569
Particle 3 new velocities: -0.272241, -74.6343
-33.1872, -241.257
73.262, 10.2732
-1.3462, 33.1034
Particle 4 new velocities: -15.2842, 27.4291
-178.433, -214.421
1.35498, -31.9249
-0.149871, 5.00393
Particle 5 new velocities: 11.8322, 0.023494
-0.092165, 18.0113
-1.62515, -9.60169
-0.0904454, -1.02083
Particle 6 new velocities: 50.7206, 147.21
-63.4621, 3.58263
167.941, 5.61224
36.9512, -0.137536
Particle 7 new velocities: -113.811, -13.8924
129.802, 51.6977
22.0875, 5.71901
19.5075, 86.3571
Particle 8 new velocities: 78.7339, 22.4755
4.7005, 259.469
-16.3176, 72.281
82.7745, 211.668
Particle 9 new velocities: -6.56311, 7.6192
8.57645, 33.5291
8.17713, 18.1616
-10.6975, -0.435801
Particle 10 new velocities: -15.4691, 5.31547
-24.8065, -7.43175
-36.1572, 1.62334
4.81213, -16.2852
-- ITERATION 16 --
-------------
Particle: 1:
Relays Coordinates:
143.23, 350
37.0437, 148.936
115.687, 222.851
236.319, 102.561
Evaluation Time: 1.36414 seconds
Resulting Fitness: 0.5625
-------------
Particle: 2:
Relays Coordinates:
149.097, 297.257
271.576, 210.103
189.18, 194.202
162.989, 61.9674
Evaluation Time: 1.57516 seconds
Resulting Fitness: 0.0583333
-------------
Particle: 3:
Relays Coordinates:
150.219, 240.863
251.987, 108.743
198.153, 192.42
117.741, 33.1034
Evaluation Time: 1.44661 seconds
Resulting Fitness: 0.875
New local best!
-------------
Particle: 4:
Relays Coordinates:
57.3116, 312.042
75.0917, 135.579
140.913, 161.842
116.941, 57.4237
Evaluation Time: 1.19053 seconds
Resulting Fitness: 0.691667
-------------
Particle: 5:
Relays Coordinates:
163.134, 295.987
273.003, 170.183
124.534, 197.048
115.899, 59.6439
Evaluation Time: 1.75101 seconds
Resulting Fitness: 0.9125
-------------
Particle: 6:
Relays Coordinates:
151.986, 350
252.77, 147.634
176.626, 204.693
224.497, 61.1049
Evaluation Time: 0.66107 seconds
Resulting Fitness: 0.0583333
-------------
Particle: 7:
Relays Coordinates:
0, 127.638
257.414, 219.564
210.683, 244.258
144.373, 86.3571
Evaluation Time: 1.20282 seconds
Resulting Fitness: 0.566667
-------------
Particle: 8:
Relays Coordinates:
173.394, 327.247
280.156, 344.914
119.425, 134.158
97.6734, 350
Evaluation Time: 1.23383 seconds
Resulting Fitness: 0.05
-------------
Particle: 9:
Relays Coordinates:
155.133, 250.502
293.479, 333.908
206.458, 216.051
133.585, 81.7985
Evaluation Time: 1.48344 seconds
Resulting Fitness: 0.754167
-------------
Particle: 10:
Relays Coordinates:
139.186, 308.836
239.285, 208.152
99.2717, 203.151
119.371, 35.0097
Evaluation Time: 1.37726 seconds
Resulting Fitness: 0.458333
Current global best fitness: 0.9875
Current global best relays: 157.222, 295.817
272.858, 212.033
125.63, 202.404
116.029, 60.4654
Particle 1 new velocities: -21.4859, -71.2542
-10.3177, 61.1022
4.76738, -5.31016
-140.266, -92.2933
Particle 2 new velocities: 19.0658, 2.558
-2.70059, 28.7532
-147.601, -5.64183
-38.0046, -1.55798
Particle 3 new velocities: 10.0565, -43.9156
-17.4758, -8.08591
-10.7561, 15.592
-3.23317, 49.9953
Particle 4 new velocities: 139.82, 0.0627079
157.071, 107.737
-6.95984, 0.33765
-0.223779, 3.73947
Particle 5 new velocities: 7.33469, -0.345642
-0.282287, 119.1
0.465495, 0.419741
0.12667, 0.91319
Particle 6 new velocities: 14.5644, -190.981
-8.38745, 29.3327
83.073, 3.581
-177.714, 2.92494
Particle 7 new velocities: 12.2126, 183.679
90.2395, 32.9025
-136.183, -52.7799
-33.863, -29.1936
Particle 8 new velocities: 18.4163, -100.572
-2.68377, -3.5096
-7.21309, 17.5291
140.139, -57.6514
Particle 9 new velocities: -7.8005, -25.5283
1.4228, 24.5109
-63.7911, -7.20653
-15.9842, -6.76223
Particle 10 new velocities: 24.5339, -0.839034
13.5653, 5.65641
17.4027, -0.752845
-3.94473, 25.1056
-- ITERATION 17 --
-------------
Particle: 1:
Relays Coordinates:
121.744, 278.746
26.7259, 210.038
120.455, 217.541
96.0537, 10.268
Evaluation Time: 0.766711 seconds
Resulting Fitness: 0.325
-------------
Particle: 2:
Relays Coordinates:
168.163, 299.815
268.875, 238.857
41.5782, 188.56
124.984, 60.4095
Evaluation Time: 1.20074 seconds
Resulting Fitness: 0.6625
-------------
Particle: 3:
Relays Coordinates:
160.276, 196.948
234.511, 100.657
187.397, 208.012
114.508, 83.0987
Evaluation Time: 1.26263 seconds
Resulting Fitness: 0.858333
-------------
Particle: 4:
Relays Coordinates:
197.132, 312.105
232.162, 243.315
133.953, 162.18
116.717, 61.1632
Evaluation Time: 1.3254 seconds
Resulting Fitness: 0.8125
-------------
Particle: 5:
Relays Coordinates:
170.469, 295.641
272.721, 289.283
124.999, 197.468
116.025, 60.5571
Evaluation Time: 1.14312 seconds
Resulting Fitness: 0.825
-------------
Particle: 6:
Relays Coordinates:
166.551, 159.019
244.383, 176.967
259.699, 208.274
46.7831, 64.0298
Evaluation Time: 1.20494 seconds
Resulting Fitness: 0.829167
-------------
Particle: 7:
Relays Coordinates:
12.2126, 311.317
347.653, 252.466
74.4998, 191.478
110.51, 57.1635
Evaluation Time: 1.01122 seconds
Resulting Fitness: 0.725
-------------
Particle: 8:
Relays Coordinates:
191.81, 226.676
277.472, 341.405
112.212, 151.687
237.813, 292.349
Evaluation Time: 0.648687 seconds
Resulting Fitness: 0.0583333
-------------
Particle: 9:
Relays Coordinates:
147.333, 224.973
294.902, 350
142.667, 208.844
117.6, 75.0363
Evaluation Time: 1.1194 seconds
Resulting Fitness: 0.766667
-------------
Particle: 10:
Relays Coordinates:
163.72, 307.997
252.85, 213.808
116.674, 202.398
115.427, 60.1152
Evaluation Time: 1.32016 seconds
Resulting Fitness: 0.958333
Current global best fitness: 0.9875
Current global best relays: 157.222, 295.817
272.858, 212.033
125.63, 202.404
116.029, 60.4654
Particle 1 new velocities: 33.7194, -135.632
310.32, 35.4874
3.10154, -9.57544
32.0055, 14.2028
Particle 2 new velocities: 4.74816, -3.3564
0.965948, 7.10948
59.276, 17.089
-39.7529, -0.774169
Particle 3 new velocities: 1.81073, 128.104
22.919, 83.5416
-26.1525, 4.58359
2.00684, 3.47671
Particle 4 new velocities: 57.7702, -64.3325
143.574, 47.5482
5.21095, 74.5317
-0.138157, 0.972012
Particle 5 new velocities: -8.99268, 0.174479
-0.125791, 55.9009
1.28513, 4.21043
0.107069, 0.516631
Particle 6 new velocities: -2.42513, -36.0566
62.8687, 14.4442
-165.023, 16.8793
-63.6896, -1.36215
Particle 7 new velocities: 178.565, 17.4741
-80.1995, -177.43
1.78998, -6.20114
4.26128, -23.0197
Particle 8 new velocities: -43.6093, -15.0321
-5.88999, -39.1565
4.18024, 85.4923
-4.66042, -238.483
Particle 9 new velocities: 0.62895, -101.827
-15.3609, -78.566
-8.09691, -9.24581
-4.17289, 22.4566
Particle 10 new velocities: 15.432, -20.4945
18.3407, 5.03726
33.3884, -1.0527
-3.26348, 12.5853
-- ITERATION 18 --
-------------
Particle: 1:
Relays Coordinates:
155.464, 143.114
337.046, 245.525
123.556, 207.966
128.059, 24.4708
Evaluation Time: 1.14267 seconds
Resulting Fitness: 0.775
-------------
Particle: 2:
Relays Coordinates:
172.911, 296.459
269.841, 245.966
100.854, 205.649
85.2315, 59.6353
Evaluation Time: 1.25575 seconds
Resulting Fitness: 0.841667
-------------
Particle: 3:
Relays Coordinates:
162.087, 325.052
257.43, 184.199
161.245, 212.596
116.515, 86.5755
Evaluation Time: 1.21838 seconds
Resulting Fitness: 0.916667
New local best!
-------------
Particle: 4:
Relays Coordinates:
254.902, 247.772
350, 290.863
139.164, 236.712
116.579, 62.1352
Evaluation Time: 1.20353 seconds
Resulting Fitness: 0.466667
-------------
Particle: 5:
Relays Coordinates:
161.476, 295.816
272.595, 345.184
126.285, 201.678
116.133, 61.0737
Evaluation Time: 1.30002 seconds
Resulting Fitness: 0.825
-------------
Particle: 6:
Relays Coordinates:
164.126, 122.962
307.251, 191.411
94.6762, 225.154
0, 62.6677
Evaluation Time: 1.35764 seconds
Resulting Fitness: 0.1375
-------------
Particle: 7:
Relays Coordinates:
190.778, 328.791
267.454, 75.0361
76.2898, 185.277
114.771, 34.1438
Evaluation Time: 1.17187 seconds
Resulting Fitness: 0.7
-------------
Particle: 8:
Relays Coordinates:
148.201, 211.644
271.582, 302.248
116.393, 237.179
233.152, 53.8654
Evaluation Time: 0.628163 seconds
Resulting Fitness: 0.075
-------------
Particle: 9:
Relays Coordinates:
147.962, 123.146
279.541, 271.434
134.57, 199.598
113.427, 97.4928
Evaluation Time: 1.12717 seconds
Resulting Fitness: 0.783333
-------------
Particle: 10:
Relays Coordinates:
179.152, 287.502
271.191, 218.846
150.063, 201.345
112.163, 72.7005
Evaluation Time: 1.22954 seconds
Resulting Fitness: 0.895833
Current global best fitness: 0.9875
Current global best relays: 157.222, 295.817
272.858, 212.033
125.63, 202.404
116.029, 60.4654
Particle 1 new velocities: -21.2861, -56.6685
143.973, -8.52875
1.34504, 18.3619
53.4095, 74.8611
Particle 2 new velocities: -15.1865, -4.21232
5.43175, -45.1776
71.2036, 6.7973
9.84084, 2.61729
Particle 3 new velocities: -2.16695, 98.6464
22.6504, 90.8416
-29.5324, -12.2075
1.09339, -2.98121
Particle 4 new velocities: -232.889, -4.89373
-331.597, -7.44011
-14.232, 33.3204
-1.016, -6.57483
Particle 5 new velocities: -13.5531, 0.140413
0.42773, -184.117
-0.423219, 4.95846
0.0554288, -0.0213034
Particle 6 new velocities: -73.2396, 87.0917
31.1921, -16.5646
-75.0663, -26.7179
121.769, -1.98616
Particle 7 new velocities: 17.7906, -120.759
-93.9604, -11.0439
142.22, 31.5132
17.9979, -44.9111
Particle 8 new velocities: -37.6236, 107.658
4.72059, -29.4567
13.7295, -76.3532
-82.4702, -51.7904
Particle 9 new velocities: 7.29887, 55.7326
-15.8156, -105.732
10.2878, -1.40943
30.9935, 15.0485
Particle 10 new velocities: 0.415695, -6.25754
13.5713, -6.28867
11.148, -0.148546
3.162, -2.77877
-- ITERATION 19 --
-------------
Particle: 1:
Relays Coordinates:
134.178, 86.4455
350, 236.997
124.901, 226.327
181.469, 99.3319
Evaluation Time: 1.28865 seconds
Resulting Fitness: 0.608333
-------------
Particle: 2:
Relays Coordinates:
157.725, 292.246
275.273, 200.789
172.058, 212.446
95.0723, 62.2526
Evaluation Time: 1.20386 seconds
Resulting Fitness: 0.433333
-------------
Particle: 3:
Relays Coordinates:
159.92, 350
280.081, 275.04
131.712, 200.388
117.608, 83.5943
Evaluation Time: 1.14794 seconds
Resulting Fitness: 0.8375
-------------
Particle: 4:
Relays Coordinates:
22.0127, 242.879
18.4026, 283.423
124.932, 270.032
115.563, 55.5604
Evaluation Time: 0.788489 seconds
Resulting Fitness: 0.454167
-------------
Particle: 5:
Relays Coordinates:
147.923, 295.956
273.023, 161.067
125.861, 206.637
116.188, 61.0524
Evaluation Time: 1.2624 seconds
Resulting Fitness: 0.908333
-------------
Particle: 6:
Relays Coordinates:
90.886, 210.054
338.443, 174.846
19.6099, 198.436
121.769, 60.6815
Evaluation Time: 1.10566 seconds
Resulting Fitness: 0.729167
-------------
Particle: 7:
Relays Coordinates:
208.568, 208.031
173.493, 63.9922
218.509, 216.79
132.769, 0
Evaluation Time: 1.28506 seconds
Resulting Fitness: 0.820833
-------------
Particle: 8:
Relays Coordinates:
110.577, 319.302
276.303, 272.792
130.122, 160.826
150.682, 2.07505
Evaluation Time: 1.29781 seconds
Resulting Fitness: 0.620833
-------------
Particle: 9:
Relays Coordinates:
155.26, 178.879
263.725, 165.702
144.858, 198.189
144.421, 112.541
Evaluation Time: 1.43387 seconds
Resulting Fitness: 0.0625
-------------
Particle: 10:
Relays Coordinates:
179.568, 281.245
284.762, 212.557
161.211, 201.197
115.325, 69.9218
Evaluation Time: 1.20363 seconds
Resulting Fitness: 0.875
Current global best fitness: 0.9875
Current global best relays: 157.222, 295.817
272.858, 212.033
125.63, 202.404
116.029, 60.4654
Particle 1 new velocities: -66.4988, 56.6783
-328.938, -45.1087
-5.39575, -9.61874
71.0876, 12.1975
Particle 2 new velocities: -13.2046, -1.41374
-0.918516, -1.38418
1.01984, -3.16145
56.805, -0.741271
Particle 3 new velocities: -2.46619, -52.5793
-6.85332, -12.3496
-12.0445, 6.18417
0.264714, -22.4807
Particle 4 new velocities: -41.4807, 36.7259
-167.146, -72.2877
-3.49737, -76.861
0.364172, 1.09912
Particle 5 new velocities: -1.70361, -0.0630092
0.128743, -52.9674
-0.729841, -6.83964
-0.238595, -0.984784
Particle 6 new velocities: -6.97749, 71.2837
-108.074, -5.4595
113.074, -15.0932
89.8708, 1.65441
Particle 7 new velocities: -258.582, -137.367
3.63237, 88.4639
35.0983, 7.03213
11.0554, 49.942
Particle 8 new velocities: -17.6431, 12.316
4.5121, -72.1155
5.18905, -38.5504
-83.1305, 60.0867
Particle 9 new velocities: -5.31161, 113.365
-1.15365, 123.385
93.0793, 3.56081
11.7848, 20.2668
Particle 10 new velocities: -38.4908, 19.121
-7.2637, -2.81212
-43.3759, 2.10325
2.05509, -9.59988
-- ITERATION 20 --
-------------
Particle: 1:
Relays Coordinates:
67.6789, 143.124
21.062, 191.888
119.506, 216.709
252.556, 111.529
Evaluation Time: 1.28556 seconds
Resulting Fitness: 0.504167
-------------
Particle: 2:
Relays Coordinates:
144.52, 290.832
274.354, 199.404
173.078, 209.285
151.877, 61.5113
Evaluation Time: 1.58917 seconds
Resulting Fitness: 0.345833
-------------
Particle: 3:
Relays Coordinates:
157.454, 297.421
273.227, 262.691
119.668, 206.572
117.873, 61.1136
Evaluation Time: 1.23849 seconds
Resulting Fitness: 0.8875
-------------
Particle: 4:
Relays Coordinates:
0, 279.605
0, 211.136
121.434, 193.171
115.927, 56.6595
Evaluation Time: 1.13945 seconds
Resulting Fitness: 0.766667
-------------
Particle: 5:
Relays Coordinates:
146.219, 295.893
273.151, 108.1
125.131, 199.797
115.949, 60.0677
Evaluation Time: 1.15472 seconds
Resulting Fitness: 0.854167
-------------
Particle: 6:
Relays Coordinates:
83.9085, 281.337
230.37, 169.387
132.684, 183.343
211.64, 62.3359
Evaluation Time: 0.625968 seconds
Resulting Fitness: 0.0583333
-------------
Particle: 7:
Relays Coordinates:
0, 70.6639
177.126, 152.456
253.608, 223.823
143.825, 49.942
Evaluation Time: 1.24584 seconds
Resulting Fitness: 0.816667
-------------
Particle: 8:
Relays Coordinates:
92.9341, 331.618
280.815, 200.676
135.311, 122.276
67.5516, 62.1618
Evaluation Time: 1.10736 seconds
Resulting Fitness: 0.65
-------------
Particle: 9:
Relays Coordinates:
149.949, 292.244
262.572, 289.086
237.937, 201.75
156.206, 132.808
Evaluation Time: 0.64895 seconds
Resulting Fitness: 0.0666667
-------------
Particle: 10:
Relays Coordinates:
141.077, 300.366
277.499, 209.745
117.835, 203.3
117.38, 60.3219
Evaluation Time: 1.29049 seconds
Resulting Fitness: 0.920833
Final Evaluation Time: 234.832 seconds
Final global best fitness: 0.9875
Final global best relays:
157.222, 295.817
272.858, 212.033
125.63, 202.404
116.029, 60.4654
