PSO EXECUTION
============================
Seed: 42063219
Particles: 4
Relays: 4
Iterations: 50
Backend: Surrogate
Network Configuration: 2
Area: 200 x 200
Sink: 0, 0
Simulated Relay range: 85
w: 0.8
c1: 1.2
c2: 1.8

Relay Nodes Positions: 
PARTICLE 1: 
105.645, 145.409
30.5042, 40.2037
169.765, 178.682
71.8878, 78.0039
PARTICLE 2: 
22.8819, 29.0747
115.207, 153.5
169.338, 121.009
69.4914, 85.6855
PARTICLE 3: 
36.1934, 45.1977
87.6327, 99.0752
175.846, 195.668
124.425, 147.546
PARTICLE 4: 
118.854, 129.123
174.481, 190.412
31.4421, 36.5208
78.6153, 60.6211
Nodes Positions: 
99.3482, 42.5764
70.5111, 3.79474
143.426, 23.861
50.8305, 97.1465
0.320302, 136.166
42.0357, 156.48
81.7519, 172.509
89.6079, 182.705
61.7557, 9.7426
31.6423, 90.6985
16.1036, 30.8085
153.728, 38.3982
112.748, 193.866
167.036, 189.724
14.8655, 82.5152
110.39, 149.104
175.369, 55.9171
183.681, 132.943
194.686, 66.5378
75.9887, 59.3854
34.1763, 162.182
121.527, 127.208
132.328, 118.572
188.223, 107.068
146.029, 77.5343
All particles start with velocity zero
-- ITERATION 0 --
-------------
Particle: 1:
Relays Coordinates:
105.645, 145.409
30.5042, 40.2037
169.765, 178.682
71.8878, 78.0039
Evaluation Time: 0.0701367 seconds
Resulting Fitness: 0.816832
New local best!
New global best!
-------------
Particle: 2:
Relays Coordinates:
22.8819, 29.0747
115.207, 153.5
169.338, 121.009
69.4914, 85.6855
Evaluation Time: 0.0418003 seconds
Resulting Fitness: 0.803811
New local best!
-------------
Particle: 3:
Relays Coordinates:
36.1934, 45.1977
87.6327, 99.0752
175.846, 195.668
124.425, 147.546
Evaluation Time: 0.0629103 seconds
Resulting Fitness: 0.828996
New local best!
New global best!
-------------
Particle: 4:
Relays Coordinates:
118.854, 129.123
174.481, 190.412
31.4421, 36.5208
78.6153, 60.6211
Evaluation Time: 0.069052 seconds
Resulting Fitness: 0.810101
New local best!
Current global best fitness: 0.828996
Current global best relays: 36.1934, 45.1977
87.6327, 99.0752
175.846, 195.668
124.425, 147.546
Particle 1 new velocities: -97.3012, -122.078
69.1233, 5.71758
10.6256, 21.5
92.7816, 59.0568
Particle 2 new velocities: 22.1196, 1.04228
-4.42816, -63.0182
3.44642, 10.0244
65.7682, 76.9436
Particle 3 new velocities: 0, 0
0, 0
0, 0
0, 0
Particle 4 new velocities: -51.0968, -27.1569
-16.3542, -12.8373
210.962, 250.152
24.6013, 121.572
-- ITERATION 1 --
-------------
Particle: 1:
Relays Coordinates:
8.34353, 23.3308
99.6275, 45.9213
180.391, 200
164.669, 137.061
Evaluation Time: 0.000274878 seconds
Resulting Fitness: 0
-------------
Particle: 2:
Relays Coordinates:
45.0016, 30.1169
110.779, 90.4816
172.784, 131.034
135.26, 162.629
Evaluation Time: 0.000142391 seconds
Resulting Fitness: 0
-------------
Particle: 3:
Relays Coordinates:
36.1934, 45.1977
87.6327, 99.0752
175.846, 195.668
124.425, 147.546
Evaluation Time: 0.0727593 seconds
Resulting Fitness: 0.828996
-------------
Particle: 4:
Relays Coordinates:
67.757, 101.966
158.126, 177.574
200, 200
103.217, 182.194
Evaluation Time: 0.000249407 seconds
Resulting Fitness: 0
Current global best fitness: 0.828996
Current global best relays: 36.1934, 45.1977
87.6327, 99.0752
175.846, 195.668
124.425, 147.546
Particle 1 new velocities: -34.6328, -37.8033
-27.7033, 60.2846
-5.42622, -19.4421
-101.654, 54.3721
Particle 2 new velocities: -9.22305, 26.1719
-14.4558, 32.2203
3.62809, 18.5723
-31.6745, 45.155
Particle 3 new velocities: 0, 0
0, 0
0, 0
0, 0
Particle 4 new velocities: -60.8735, -103.119
-56.2538, -61.5505
-57.1843, -144.355
31.5828, -16.6647
-- ITERATION 2 --
-------------
Particle: 1:
Relays Coordinates:
0, 0
71.9242, 106.206
174.965, 180.558
63.0149, 191.433
Evaluation Time: 0.000177207 seconds
Resulting Fitness: 0
-------------
Particle: 2:
Relays Coordinates:
35.7785, 56.2889
96.3233, 122.702
176.412, 149.606
103.585, 200
Evaluation Time: 0.000181987 seconds
Resulting Fitness: 0
-------------
Particle: 3:
Relays Coordinates:
36.1934, 45.1977
87.6327, 99.0752
175.846, 195.668
124.425, 147.546
Evaluation Time: 0.0798858 seconds
Resulting Fitness: 0.828996
-------------
Particle: 4:
Relays Coordinates:
6.88342, 0
101.873, 116.024
142.816, 55.6447
134.799, 165.529
Evaluation Time: 0.000329578 seconds
Resulting Fitness: 0
Current global best fitness: 0.828996
Current global best relays: 36.1934, 45.1977
87.6327, 99.0752
175.846, 195.668
124.425, 147.546
Particle 1 new velocities: 90.4072, 168.913
-37.1108, -34.0166
-7.02617, -15.3652
-51.6861, -84.0648
Particle 2 new velocities: -7.8633, -5.24664
-0.0571996, 28.912
-4.55615, 50.6813
-34.5738, -101.247
Particle 3 new velocities: 0, 0
0, 0
0, 0
0, 0
Particle 4 new velocities: 85.8816, 102.036
-52.4486, -29.7375
-138.272, 53.0664
-15.0768, -85.893
-- ITERATION 3 --
-------------
Particle: 1:
Relays Coordinates:
90.4072, 168.913
34.8134, 72.1892
167.939, 165.193
11.3287, 107.368
Evaluation Time: 0.000201324 seconds
Resulting Fitness: 0
-------------
Particle: 2:
Relays Coordinates:
27.9152, 51.0422
96.2661, 151.614
171.856, 200
69.0113, 98.7532
Evaluation Time: 0.000191401 seconds
Resulting Fitness: 0
-------------
Particle: 3:
Relays Coordinates:
36.1934, 45.1977
87.6327, 99.0752
175.846, 195.668
124.425, 147.546
Evaluation Time: 0.0911329 seconds
Resulting Fitness: 0.828996
-------------
Particle: 4:
Relays Coordinates:
92.7651, 102.036
49.4241, 86.2863
4.54416, 108.711
119.723, 79.6359
Evaluation Time: 0.00020953 seconds
Resulting Fitness: 0
Current global best fitness: 0.828996
Current global best relays: 36.1934, 45.1977
87.6327, 99.0752
175.846, 195.668
124.425, 147.546
Particle 1 new velocities: 67.0979, 27.2908
37.1113, 11.3335
4.58374, 14.7443
85.5182, -84.8663
Particle 2 new velocities: -8.94176, -10.9538
-5.09168, -0.679096
0.607605, -57.6847
69.3888, -31.5219
Particle 3 new velocities: 0, 0
0, 0
0, 0
0, 0
Particle 4 new velocities: 44.5482, 32.0012
-3.50831, 4.61206
-89.1245, -32.4101
-30.0837, 38.2171
-- ITERATION 4 --
-------------
Particle: 1:
Relays Coordinates:
157.505, 196.204
71.9247, 83.5227
172.522, 179.937
96.847, 22.5017
Evaluation Time: 0.000163125 seconds
Resulting Fitness: 0
-------------
Particle: 2:
Relays Coordinates:
18.9735, 40.0884
91.1744, 150.935
172.464, 142.315
138.4, 67.2312
Evaluation Time: 0.000209069 seconds
Resulting Fitness: 0
-------------
Particle: 3:
Relays Coordinates:
36.1934, 45.1977
87.6327, 99.0752
175.846, 195.668
124.425, 147.546
Evaluation Time: 0.0847517 seconds
Resulting Fitness: 0.828996
-------------
Particle: 4:
Relays Coordinates:
137.313, 134.037
45.9158, 90.8984
0, 76.3011
89.639, 117.853
Evaluation Time: 0.0810828 seconds
Resulting Fitness: 0.823297
New local best!
Current global best fitness: 0.828996
Current global best relays: 36.1934, 45.1977
87.6327, 99.0752
175.846, 195.668
124.425, 147.546
Particle 1 new velocities: -99.1266, -252.574
-5.71646, 29.3843
6.90834, 25.4648
62.7754, 137.5
Particle 2 new velocities: -4.43645, -0.812261
9.15777, -36.7195
0.611411, -26.5175
-16.5079, 37.7654
Particle 3 new velocities: 0, 0
0, 0
0, 0
0, 0
Particle 4 new velocities: -4.52182, -16.6247
-2.52183, 8.9933
144.612, 143.684
32.0175, 43.3279
-- ITERATION 5 --
-------------
Particle: 1:
Relays Coordinates:
58.3784, 0
66.2082, 112.907
179.431, 200
159.622, 160.002
Evaluation Time: 0.000431352 seconds
Resulting Fitness: 0
-------------
Particle: 2:
Relays Coordinates:
14.537, 39.2762
100.332, 114.215
173.075, 115.798
121.892, 104.997
Evaluation Time: 0.000220249 seconds
Resulting Fitness: 0
-------------
Particle: 3:
Relays Coordinates:
36.1934, 45.1977
87.6327, 99.0752
175.846, 195.668
124.425, 147.546
Evaluation Time: 0.0786311 seconds
Resulting Fitness: 0.828996
-------------
Particle: 4:
Relays Coordinates:
132.791, 117.412
43.3939, 99.8917
144.612, 200
121.656, 161.181
Evaluation Time: 0.000350495 seconds
Resulting Fitness: 0
Current global best fitness: 0.828996
Current global best relays: 36.1934, 45.1977
87.6327, 99.0752
175.846, 195.668
124.425, 147.546
Particle 1 new velocities: -65.8036, 65.518
20.7148, -25.3971
-2.01158, -15.7492
-52.6481, 33.9305
Particle 2 new velocities: 20.6758, 7.33017
6.8965, -43.1138
0.928804, 89.2842
-54.658, 19.2131
Particle 3 new velocities: 0, 0
0, 0
0, 0
0, 0
Particle 4 new velocities: -73.4044, -108.088
17.0744, 0.12742
115.951, -110.046
19.3578, -14.0932
-- ITERATION 6 --
-------------
Particle: 1:
Relays Coordinates:
0, 65.518
86.923, 87.5099
177.419, 184.251
106.974, 193.932
Evaluation Time: 0.000363058 seconds
Resulting Fitness: 0
-------------
Particle: 2:
Relays Coordinates:
35.2128, 46.6064
107.229, 71.1014
174.004, 200
67.2343, 124.21
Evaluation Time: 0.000210273 seconds
Resulting Fitness: 0
-------------
Particle: 3:
Relays Coordinates:
36.1934, 45.1977
87.6327, 99.0752
175.846, 195.668
124.425, 147.546
Evaluation Time: 0.0714321 seconds
Resulting Fitness: 0.828996
-------------
Particle: 4:
Relays Coordinates:
59.387, 9.32398
60.4683, 100.019
200, 89.9542
141.014, 147.088
Evaluation Time: 0.000188694 seconds
Resulting Fitness: 0
Current global best fitness: 0.828996
Current global best relays: 36.1934, 45.1977
87.6327, 99.0752
175.846, 195.668
124.425, 147.546
Particle 1 new velocities: 32.9153, 33.6279
-9.2526, -54.3344
-2.92101, -0.958719
-55.2943, -83.3666
Particle 2 new velocities: 15.4069, -11.8754
-5.51709, -24.8324
-1.19552, -29.6959
-41.2802, 30.5144
Particle 3 new velocities: 0, 0
0, 0
0, 0
0, 0
Particle 4 new velocities: -39.828, -17.6612
15.9108, -2.80184
-60.6754, 80.7184
-18.2156, -45.2785
-- ITERATION 7 --
-------------
Particle: 1:
Relays Coordinates:
32.9153, 99.146
77.6704, 33.1755
174.498, 183.292
51.6799, 110.566
Evaluation Time: 0.000110165 seconds
Resulting Fitness: 0
-------------
Particle: 2:
Relays Coordinates:
50.6197, 34.7309
101.712, 46.269
172.809, 170.304
25.9541, 154.724
Evaluation Time: 0.000105558 seconds
Resulting Fitness: 0
-------------
Particle: 3:
Relays Coordinates:
36.1934, 45.1977
87.6327, 99.0752
175.846, 195.668
124.425, 147.546
Evaluation Time: 0.0609984 seconds
Resulting Fitness: 0.828996
-------------
Particle: 4:
Relays Coordinates:
19.559, 0
76.3791, 97.2173
139.325, 170.673
122.799, 101.809
Evaluation Time: 0.000229535 seconds
Resulting Fitness: 0
Current global best fitness: 0.828996
Current global best relays: 36.1934, 45.1977
87.6327, 99.0752
175.846, 195.668
124.425, 147.546
Particle 1 new velocities: 80.364, 15.4376
-46.902, 45.4626
-3.44561, 7.53168
-6.15092, -31.0267
Particle 2 new velocities: -12.9706, -9.01045
-17.9997, 53.9856
-3.8045, 8.89309
126.983, -19.8751
Particle 3 new velocities: 0, 0
0, 0
0, 0
0, 0
Particle 4 new velocities: 102.829, 107.943
13.0953, -2.34366
-7.98492, -23.4719
-12.9689, 16.5549
-- ITERATION 8 --
-------------
Particle: 1:
Relays Coordinates:
113.279, 114.584
30.7684, 78.6381
171.053, 190.824
45.529, 79.5388
Evaluation Time: 0.000208672 seconds
Resulting Fitness: 0
-------------
Particle: 2:
Relays Coordinates:
37.6491, 25.7205
83.7119, 100.255
169.004, 179.197
152.937, 134.849
Evaluation Time: 0.00022654 seconds
Resulting Fitness: 0
-------------
Particle: 3:
Relays Coordinates:
36.1934, 45.1977
87.6327, 99.0752
175.846, 195.668
124.425, 147.546
Evaluation Time: 0.0890488 seconds
Resulting Fitness: 0.828996
-------------
Particle: 4:
Relays Coordinates:
122.388, 107.943
89.4744, 94.8736
131.34, 147.201
109.83, 118.364
Evaluation Time: 0.000175196 seconds
Resulting Fitness: 0
Current global best fitness: 0.828996
Current global best relays: 36.1934, 45.1977
87.6327, 99.0752
175.846, 195.668
124.425, 147.546
Particle 1 new velocities: -7.93275, -61.6065
28.0924, -2.5774
1.58874, 5.12427
155.564, -13.3144
Particle 2 new velocities: -24.2495, 28.5051
11.3771, 59.4826
5.52037, -6.22509
38.7815, -51.5159
Particle 3 new velocities: 0, 0
0, 0
0, 0
0, 0
Particle 4 new velocities: 32.0676, 40.281
-16.9241, -3.89825
-74.3155, -71.9041
-2.29105, 43.1351
-- ITERATION 9 --
-------------
Particle: 1:
Relays Coordinates:
105.347, 52.977
58.8608, 76.0607
172.641, 195.948
200, 66.2244
Evaluation Time: 0.000171899 seconds
Resulting Fitness: 0
-------------
Particle: 2:
Relays Coordinates:
13.3996, 54.2255
95.089, 159.737
174.524, 172.972
191.718, 83.3331
Evaluation Time: 0.000207101 seconds
Resulting Fitness: 0
-------------
Particle: 3:
Relays Coordinates:
36.1934, 45.1977
87.6327, 99.0752
175.846, 195.668
124.425, 147.546
Evaluation Time: 0.0838735 seconds
Resulting Fitness: 0.828996
-------------
Particle: 4:
Relays Coordinates:
154.456, 148.224
72.5503, 90.9753
57.0241, 75.2966
107.539, 161.499
Evaluation Time: 0.000187421 seconds
Resulting Fitness: 0
Current global best fitness: 0.828996
Current global best relays: 36.1934, 45.1977
87.6327, 99.0752
175.846, 195.668
124.425, 147.546
Particle 1 new velocities: -51.9008, -28.9411
5.43033, -6.1839
5.30642, -12.1015
-177.532, 87.54
Particle 2 new velocities: 19.5276, -6.60169
24.2926, -51.6884
3.34957, -5.62712
-12.8379, 54.3366
Particle 3 new velocities: 0, 0
0, 0
0, 0
0, 0
Particle 4 new velocities: -114.426, -24.2045
-1.54994, 1.39175
-61.6981, 103.343
-16.7759, 5.90359
-- ITERATION 10 --
-------------
Particle: 1:
Relays Coordinates:
53.4458, 24.0359
64.2912, 69.8768
177.948, 183.847
22.4683, 153.764
Evaluation Time: 0.000124672 seconds
Resulting Fitness: 0
-------------
Particle: 2:
Relays Coordinates:
32.9271, 47.6239
119.382, 108.049
177.874, 167.345
178.88, 137.67
Evaluation Time: 0.000105372 seconds
Resulting Fitness: 0
-------------
Particle: 3:
Relays Coordinates:
36.1934, 45.1977
87.6327, 99.0752
175.846, 195.668
124.425, 147.546
Evaluation Time: 0.0585573 seconds
Resulting Fitness: 0.828996
-------------
Particle: 4:
Relays Coordinates:
40.0298, 124.019
71.0003, 92.3671
0, 178.64
90.7628, 167.403
Evaluation Time: 0.000278555 seconds
Resulting Fitness: 0
Current global best fitness: 0.828996
Current global best relays: 36.1934, 45.1977
87.6327, 99.0752
175.846, 195.668
124.425, 147.546
Particle 1 new velocities: -10.8562, 93.8444
15.5225, -30.4667
1.94693, 9.5579
-76.4147, 36.6463
Particle 2 new velocities: 9.18391, -16.6892
-4.77981, -8.17473
-2.27047, 4.56011
-18.1283, 16.5172
Particle 3 new velocities: 0, 0
0, 0
0, 0
0, 0
Particle 4 new velocities: 7.33432, -20.3239
-0.53382, 2.18357
139.654, 79.4735
39.6628, -43.285
-- ITERATION 11 --
-------------
Particle: 1:
Relays Coordinates:
42.5897, 117.88
79.8136, 39.4102
179.895, 193.404
0, 190.411
Evaluation Time: 0.000232439 seconds
Resulting Fitness: 0
-------------
Particle: 2:
Relays Coordinates:
42.111, 30.9347
114.602, 99.8741
175.604, 171.905
160.752, 154.187
Evaluation Time: 0.000367184 seconds
Resulting Fitness: 0
-------------
Particle: 3:
Relays Coordinates:
36.1934, 45.1977
87.6327, 99.0752
175.846, 195.668
124.425, 147.546
Evaluation Time: 0.0798479 seconds
Resulting Fitness: 0.828996
-------------
Particle: 4:
Relays Coordinates:
47.3641, 103.696
70.4665, 94.5507
139.654, 200
130.426, 124.118
Evaluation Time: 0.000216161 seconds
Resulting Fitness: 0
Current global best fitness: 0.828996
Current global best relays: 36.1934, 45.1977
87.6327, 99.0752
175.846, 195.668
124.425, 147.546
Particle 1 new velocities: 5.22731, 34.1128
-2.55221, 81.7049
-7.37185, 6.41529
120.49, -100.672
Particle 2 new velocities: -8.92666, 10.8712
-40.0385, 20.3949
-6.94601, -0.379875
-49.1257, -69.2782
Particle 3 new velocities: 0, 0
0, 0
0, 0
0, 0
Particle 4 new velocities: 59.8009, -21.5991
-13.6433, 7.18586
10.6881, -38.9199
8.97125, -35.6531
-- ITERATION 12 --
-------------
Particle: 1:
Relays Coordinates:
47.817, 151.993
77.2614, 121.115
172.523, 199.82
120.49, 89.7392
Evaluation Time: 0.000166955 seconds
Resulting Fitness: 0
-------------
Particle: 2:
Relays Coordinates:
33.1844, 41.8058
74.5633, 120.269
168.658, 171.525
111.626, 84.9086
Evaluation Time: 0.000169182 seconds
Resulting Fitness: 0
-------------
Particle: 3:
Relays Coordinates:
36.1934, 45.1977
87.6327, 99.0752
175.846, 195.668
124.425, 147.546
Evaluation Time: 0.0896739 seconds
Resulting Fitness: 0.828996
-------------
Particle: 4:
Relays Coordinates:
107.165, 82.0965
56.8233, 101.737
150.342, 161.08
139.397, 88.4647
Evaluation Time: 0.000141207 seconds
Resulting Fitness: 0
Current global best fitness: 0.828996
Current global best relays: 36.1934, 45.1977
87.6327, 99.0752
175.846, 195.668
124.425, 147.546
Particle 1 new velocities: 47.191, -48.5121
-21.0929, 30.6648
-5.06745, 2.48635
74.0974, -7.66834
Particle 2 new velocities: -11.7006, 6.61297
-0.0405802, 15.6115
0.318372, 31.0454
-39.1888, 0.239613
Particle 3 new velocities: 0, 0
0, 0
0, 0
0, 0
Particle 4 new velocities: 6.82319, -18.1989
19.5522, 3.87124
-40.6233, -83.8434
-59.9148, 80.2592
-- ITERATION 13 --
-------------
Particle: 1:
Relays Coordinates:
95.008, 103.481
56.1686, 151.78
167.455, 200
194.588, 82.0709
Evaluation Time: 0.0001724 seconds
Resulting Fitness: 0
-------------
Particle: 2:
Relays Coordinates:
21.4838, 48.4188
74.5227, 135.881
168.976, 200
72.4376, 85.1482
Evaluation Time: 0.000128099 seconds
Resulting Fitness: 0
-------------
Particle: 3:
Relays Coordinates:
36.1934, 45.1977
87.6327, 99.0752
175.846, 195.668
124.425, 147.546
Evaluation Time: 0.0864473 seconds
Resulting Fitness: 0.828996
-------------
Particle: 4:
Relays Coordinates:
113.988, 63.8976
76.3755, 105.608
109.719, 77.2367
79.4821, 168.724
Evaluation Time: 0.000403742 seconds
Resulting Fitness: 0
Current global best fitness: 0.828996
Current global best relays: 36.1934, 45.1977
87.6327, 99.0752
175.846, 195.668
124.425, 147.546
Particle 1 new velocities: -7.79297, 6.16399
9.83345, -128.686
3.78217, -16.2265
-16.2392, 15.512
Particle 2 new velocities: -5.51162, -17.5657
27.3395, -20.8719
3.79762, -25.4022
-15.2839, 34.402
Particle 3 new velocities: 0, 0
0, 0
0, 0
0, 0
Particle 4 new velocities: 4.3259, -10.3086
19.9745, -7.65895
-66.5, 21.0091
35.1594, -25.716
-- ITERATION 14 --
-------------
Particle: 1:
Relays Coordinates:
87.215, 109.645
66.002, 23.0941
171.237, 183.773
178.348, 97.5829
Evaluation Time: 0.000243237 seconds
Resulting Fitness: 0
-------------
Particle: 2:
Relays Coordinates:
15.9722, 30.8531
101.862, 115.009
172.774, 174.598
57.1537, 119.55
Evaluation Time: 0.000224259 seconds
Resulting Fitness: 0
-------------
Particle: 3:
Relays Coordinates:
36.1934, 45.1977
87.6327, 99.0752
175.846, 195.668
124.425, 147.546
Evaluation Time: 0.0864601 seconds
Resulting Fitness: 0.828996
-------------
Particle: 4:
Relays Coordinates:
118.314, 53.589
96.35, 97.9488
43.2186, 98.2457
114.641, 143.008
Evaluation Time: 0.000277983 seconds
Resulting Fitness: 0
Current global best fitness: 0.828996
Current global best relays: 36.1934, 45.1977
87.6327, 99.0752
175.846, 195.668
124.425, 147.546
Particle 1 new velocities: 1.31337, -76.928
-0.292286, 28.4412
8.6611, -15.322
-106.427, 50.9294
Particle 2 new velocities: 33.6968, -14.8567
-0.893761, -33.8325
3.93929, -38.1919
33.7817, 15.5666
Particle 3 new velocities: 0, 0
0, 0
0, 0
0, 0
Particle 4 new velocities: -13.9566, 30.4643
-24.9026, -12.3371
-58.701, 153.581
29.6427, -35.8298
-- ITERATION 15 --
-------------
Particle: 1:
Relays Coordinates:
88.5284, 32.7169
65.7097, 51.5352
179.899, 168.451
71.9216, 148.512
Evaluation Time: 0.000318497 seconds
Resulting Fitness: 0
-------------
Particle: 2:
Relays Coordinates:
49.669, 15.9965
100.968, 81.1762
176.713, 136.406
90.9355, 135.117
Evaluation Time: 0.00021595 seconds
Resulting Fitness: 0
-------------
Particle: 3:
Relays Coordinates:
36.1934, 45.1977
87.6327, 99.0752
175.846, 195.668
124.425, 147.546
Evaluation Time: 0.0882853 seconds
Resulting Fitness: 0.828996
-------------
Particle: 4:
Relays Coordinates:
104.357, 84.0533
71.4474, 85.6117
0, 200
144.284, 107.178
Evaluation Time: 0.00017311 seconds
Resulting Fitness: 0
Current global best fitness: 0.828996
Current global best relays: 36.1934, 45.1977
87.6327, 99.0752
175.846, 195.668
124.425, 147.546
Particle 1 new velocities: -20.9074, 41.0782
22.6578, 87.2468
-9.10515, 21.9654
-15.6879, 39.5507
Particle 2 new velocities: -24.2516, 49.5392
4.9931, -6.18647
-4.57725, 42.2984
21.3627, 11.553
Particle 3 new velocities: 0, 0
0, 0
0, 0
0, 0
Particle 4 new velocities: -29.3823, 28.3386
-14.4303, 7.40166
199.323, -19.5291
-32.5111, -5.8921
-- ITERATION 16 --
-------------
Particle: 1:
Relays Coordinates:
67.621, 73.7951
88.3676, 138.782
170.793, 190.417
56.2337, 188.063
Evaluation Time: 0.000162891 seconds
Resulting Fitness: 0
-------------
Particle: 2:
Relays Coordinates:
25.4174, 65.5356
105.962, 74.9897
172.136, 178.704
112.298, 146.67
Evaluation Time: 0.0559806 seconds
Resulting Fitness: 0.832554
New local best!
New global best!
-------------
Particle: 3:
Relays Coordinates:
36.1934, 45.1977
87.6327, 99.0752
175.846, 195.668
124.425, 147.546
Evaluation Time: 0.0505348 seconds
Resulting Fitness: 0.828996
-------------
Particle: 4:
Relays Coordinates:
74.9751, 112.392
57.0171, 93.0134
199.323, 180.471
111.773, 101.286
Evaluation Time: 0.000100878 seconds
Resulting Fitness: 0
Current global best fitness: 0.832554
Current global best relays: 25.4174, 65.5356
105.962, 74.9897
172.136, 178.704
112.298, 146.67
Particle 1 new velocities: -10.1394, 62.287
17.9998, -25.3735
-5.82238, -0.7568
46.1612, -70.6499
Particle 2 new velocities: -19.4013, 39.6313
3.99448, -4.94917
-3.6618, 33.8388
17.0902, 9.24239
Particle 3 new velocities: -10.7723, 26.6789
30.6805, -16.7704
-1.2484, -13.7045
-9.10715, -0.110998
Particle 4 new velocities: -26.7048, -18.7244
46.4682, -4.23147
-74.7796, -74.7859
-27.4565, 31.6108
-- ITERATION 17 --
-------------
Particle: 1:
Relays Coordinates:
57.4817, 136.082
106.367, 113.409
164.971, 189.66
102.395, 117.413
Evaluation Time: 7.9221e-05 seconds
Resulting Fitness: 0
-------------
Particle: 2:
Relays Coordinates:
6.01611, 105.167
109.956, 70.0406
168.474, 200
129.388, 155.912
Evaluation Time: 0.000113582 seconds
Resulting Fitness: 0
-------------
Particle: 3:
Relays Coordinates:
25.4211, 71.8766
118.313, 82.3048
174.598, 181.964
115.318, 147.435
Evaluation Time: 6.9661e-05 seconds
Resulting Fitness: 0
-------------
Particle: 4:
Relays Coordinates:
48.2704, 93.6676
103.485, 88.7819
124.543, 105.685
84.3165, 132.897
Evaluation Time: 6.5993e-05 seconds
Resulting Fitness: 0
Current global best fitness: 0.832554
Current global best relays: 25.4174, 65.5356
105.962, 74.9897
172.136, 178.704
112.298, 146.67
Particle 1 new velocities: -49.7312, 19.0809
12.1833, -104.734
4.20052, -12.205
19.8525, -64.6162
Particle 2 new velocities: 27.41, -24.558
-3.18296, 2.11209
-0.884875, -27.6966
-21.5526, -2.0791
Particle 3 new velocities: -6.72396, 1.07375
-7.71615, -12.9709
-0.034502, -6.6827
-9.22649, -0.424682
Particle 4 new velocities: 0.91941, -36.3596
-1.79591, -10.7582
-55.4808, 20.7822
21.677, 41.7655
-- ITERATION 18 --
-------------
Particle: 1:
Relays Coordinates:
7.75049, 155.163
118.551, 8.67483
169.172, 177.455
122.247, 52.7968
Evaluation Time: 6.6249e-05 seconds
Resulting Fitness: 0
-------------
Particle: 2:
Relays Coordinates:
33.4261, 80.609
106.773, 72.1526
167.589, 172.303
107.836, 153.833
Evaluation Time: 6.329e-05 seconds
Resulting Fitness: 0
-------------
Particle: 3:
Relays Coordinates:
18.6971, 72.9503
110.597, 69.3339
174.563, 175.281
106.091, 147.01
Evaluation Time: 7.2652e-05 seconds
Resulting Fitness: 0
-------------
Particle: 4:
Relays Coordinates:
49.1898, 57.308
101.689, 78.0238
69.0624, 126.467
105.993, 174.662
Evaluation Time: 0.056195 seconds
Resulting Fitness: 0.834275
New local best!
New global best!
Current global best fitness: 0.834275
Current global best relays: 49.1898, 57.308
101.689, 78.0238
69.0624, 126.467
105.993, 174.662
Particle 1 new velocities: 30.4003, -46.1569
-63.9827, 22.8575
-160.195, -76.0486
-10.3045, 147.719
Particle 2 new velocities: 20.8952, -64.2819
-11.2405, 12.2411
-23.3695, -54.7378
-15.7401, 19.9257
Particle 3 new velocities: 55.5776, -28.8986
-27.2136, 16.9802
-134.256, -51.7634
-4.21503, 29.5635
Particle 4 new velocities: 0.735528, -29.0877
-1.43673, -8.60653
-44.3846, 16.6258
17.3416, 33.4124
-- ITERATION 19 --
-------------
Particle: 1:
Relays Coordinates:
38.1508, 109.006
54.568, 31.5323
8.97682, 101.406
111.943, 200
Evaluation Time: 0.000122453 seconds
Resulting Fitness: 0
-------------
Particle: 2:
Relays Coordinates:
54.3213, 16.327
95.5325, 84.3938
144.219, 117.566
92.0956, 173.759
Evaluation Time: 0.0614763 seconds
Resulting Fitness: 0.833886
New local best!
-------------
Particle: 3:
Relays Coordinates:
74.2747, 44.0517
83.3835, 86.314
40.3071, 123.518
101.876, 176.574
Evaluation Time: 0.00014353 seconds
Resulting Fitness: 0
-------------
Particle: 4:
Relays Coordinates:
49.9253, 28.2202
100.253, 69.4172
24.6777, 143.093
123.335, 200
Evaluation Time: 0.000106109 seconds
Resulting Fitness: 0
Current global best fitness: 0.834275
Current global best relays: 49.1898, 57.308
101.689, 78.0238
69.0624, 126.467
105.993, 174.662
Particle 1 new velocities: 32.1109, -116.473
0.778049, 78.1998
30.8166, 33.0506
-32.3682, -25.9657
Particle 2 new velocities: 15.8683, -12.4911
-8.47134, 5.17597
-22.6181, -32.0053
2.64794, 16.7419
Particle 3 new velocities: 9.73521, -12.3127
0.53098, 11.5165
-18.7451, -5.20546
14.6654, 20.0174
Particle 4 new velocities: -0.522588, 40.0322
0.299745, 9.19981
-2.66161, -2.37706
-20.8616, -39.5791
-- ITERATION 20 --
-------------
Particle: 1:
Relays Coordinates:
70.2617, 0
55.346, 109.732
39.7934, 134.457
79.5747, 174.034
Evaluation Time: 0.000107264 seconds
Resulting Fitness: 0
-------------
Particle: 2:
Relays Coordinates:
70.1896, 3.83598
87.0612, 89.5698
121.601, 85.5602
94.7436, 190.501
Evaluation Time: 0.000144388 seconds
Resulting Fitness: 0
-------------
Particle: 3:
Relays Coordinates:
84.0099, 31.739
83.9145, 97.8305
21.562, 118.312
116.542, 196.591
Evaluation Time: 9.8282e-05 seconds
Resulting Fitness: 0
-------------
Particle: 4:
Relays Coordinates:
49.4027, 68.2524
100.552, 78.617
22.0161, 140.716
102.473, 160.421
Evaluation Time: 0.0485359 seconds
Resulting Fitness: 0.810241
Current global best fitness: 0.834275
Current global best relays: 49.1898, 57.308
101.689, 78.0238
69.0624, 126.467
105.993, 174.662
Particle 1 new velocities: 45.7046, 44.2953
38.6266, -62.1135
142.629, 43.0931
7.67221, -118.785
Particle 2 new velocities: -29.8432, 82.3035
23.9437, -4.23967
-21.7171, 47.7022
13.7518, -10.7772
Particle 3 new velocities: -4.23804, 41.613
16.0004, -10.742
240.607, 34.0507
10.2991, -48.9563
Particle 4 new velocities: -0.871306, 9.94667
2.90202, 6.08999
60.6978, -29.6188
-11.0819, 2.76684
-- ITERATION 21 --
-------------
Particle: 1:
Relays Coordinates:
115.966, 44.2953
93.9726, 47.6187
182.422, 177.55
87.2469, 55.2491
Evaluation Time: 0.000167724 seconds
Resulting Fitness: 0
-------------
Particle: 2:
Relays Coordinates:
40.3464, 86.1395
111.005, 85.3301
99.8842, 133.262
108.495, 179.723
Evaluation Time: 7.233e-05 seconds
Resulting Fitness: 0
-------------
Particle: 3:
Relays Coordinates:
79.7719, 73.3521
99.9149, 87.0885
200, 152.363
126.841, 147.635
Evaluation Time: 6.5288e-05 seconds
Resulting Fitness: 0
-------------
Particle: 4:
Relays Coordinates:
48.5314, 78.1991
103.454, 84.707
82.7139, 111.097
91.3915, 163.188
Evaluation Time: 6.6373e-05 seconds
Resulting Fitness: 0
Current global best fitness: 0.834275
Current global best relays: 49.1898, 57.308
101.689, 78.0238
69.0624, 126.467
105.993, 174.662
Particle 1 new velocities: -59.9068, 137.575
-16.454, -19.9676
-70.7621, 2.93336
28.6903, -11.2001
Particle 2 new velocities: -7.25965, 4.2429
-6.39418, -14.7737
-5.66994, 24.8775
0.506685, -18.1173
Particle 3 new velocities: -38.7336, -9.18431
8.53044, 3.64905
-55.2216, 25.5729
-3.64856, -12.5617
Particle 4 new velocities: 0.406132, -10.9628
0.258899, -1.29396
25.9266, -8.46559
16.8053, 7.64589
-- ITERATION 22 --
-------------
Particle: 1:
Relays Coordinates:
56.0595, 181.871
77.5186, 27.6511
111.66, 180.484
115.937, 44.049
Evaluation Time: 7.4709e-05 seconds
Resulting Fitness: 0
-------------
Particle: 2:
Relays Coordinates:
33.0867, 90.3824
104.611, 70.5564
94.2142, 158.14
109.002, 161.606
Evaluation Time: 6.6381e-05 seconds
Resulting Fitness: 0
-------------
Particle: 3:
Relays Coordinates:
41.0383, 64.1677
108.445, 90.7376
144.778, 177.936
123.192, 135.073
Evaluation Time: 0.0450341 seconds
Resulting Fitness: 0.825447
-------------
Particle: 4:
Relays Coordinates:
48.9375, 67.2362
103.713, 83.4131
108.641, 102.631
108.197, 170.834
Evaluation Time: 0.0437563 seconds
Resulting Fitness: 0.82168
Current global best fitness: 0.834275
Current global best relays: 49.1898, 57.308
101.689, 78.0238
69.0624, 126.467
105.993, 174.662
Particle 1 new velocities: -0.116804, 36.8946
-25.8691, 40.0127
-64.6592, -3.57569
-4.09047, 12.4154
Particle 2 new velocities: 0.369902, -66.9501
-7.06749, 9.99363
0.0718974, -17.1894
-21.2577, 7.56372
Particle 3 new velocities: -28.2877, -31.0906
-17.7283, -4.59783
-43.3268, 25.9432
-28.2768, 23.8693
Particle 4 new velocities: 0.674104, -26.5165
-4.47204, -12.6223
-13.7392, 4.06551
11.4998, 10.88
-- ITERATION 23 --
-------------
Particle: 1:
Relays Coordinates:
55.9427, 200
51.6495, 67.6638
47.001, 176.908
111.847, 56.4644
Evaluation Time: 0.000144556 seconds
Resulting Fitness: 0
-------------
Particle: 2:
Relays Coordinates:
33.4566, 23.4323
97.5432, 80.55
94.2861, 140.951
87.7443, 169.17
Evaluation Time: 9.6662e-05 seconds
Resulting Fitness: 0
-------------
Particle: 3:
Relays Coordinates:
12.7507, 33.0771
90.7171, 86.1397
101.452, 200
94.9155, 158.942
Evaluation Time: 9.1815e-05 seconds
Resulting Fitness: 0
-------------
Particle: 4:
Relays Coordinates:
49.6116, 40.7198
99.2413, 70.7908
94.9013, 106.697
119.697, 181.714
Evaluation Time: 0.0452524 seconds
Resulting Fitness: 0.804414
Current global best fitness: 0.834275
Current global best relays: 49.1898, 57.308
101.689, 78.0238
69.0624, 126.467
105.993, 174.662
Particle 1 new velocities: 23.9666, -258.543
14.6679, 22.8094
49.2741, -46.3551
-21.8479, 49.9494
Particle 2 new velocities: 35.0027, -0.408055
-5.42724, 9.05627
8.08393, -58.6242
2.25731, 13.329
Particle 3 new velocities: 47.7504, 18.0536
2.31653, 1.03974
-38.9859, -15.8012
-14.2954, 19.6095
Particle 4 new velocities: -0.327234, -7.0758
1.82458, -0.905278
-28.7224, 27.3253
-17.0951, -2.09499
-- ITERATION 24 --
-------------
Particle: 1:
Relays Coordinates:
79.9094, 0
66.3174, 90.4731
96.2751, 130.553
89.9988, 106.414
Evaluation Time: 0.000188163 seconds
Resulting Fitness: 0
-------------
Particle: 2:
Relays Coordinates:
68.4594, 23.0243
92.1159, 89.6063
102.37, 82.3263
90.0016, 182.499
Evaluation Time: 0.000124073 seconds
Resulting Fitness: 0
-------------
Particle: 3:
Relays Coordinates:
60.5011, 51.1307
93.0336, 87.1795
62.4657, 184.199
80.6202, 178.552
Evaluation Time: 0.000130898 seconds
Resulting Fitness: 0
-------------
Particle: 4:
Relays Coordinates:
49.2844, 33.644
101.066, 69.8855
66.1789, 134.022
102.601, 179.619
Evaluation Time: 0.07425 seconds
Resulting Fitness: 0.825396
Current global best fitness: 0.834275
Current global best relays: 49.1898, 57.308
101.689, 78.0238
69.0624, 126.467
105.993, 174.662
Particle 1 new velocities: -13.9467, 194.943
31.0002, 5.62183
7.45947, -20.5516
-3.01117, 31.2899
Particle 2 new velocities: -15.0488, 36.0769
-1.48564, -8.4858
-3.68361, 51.5613
22.219, -9.31873
Particle 3 new velocities: 24.8423, 11.5291
9.828, 1.51307
77.272, -74.3621
36.025, -22.6313
Particle 4 new velocities: -0.34918, 36.0583
1.80286, 6.92844
-19.8081, 18.5925
-7.6892, -6.76536
-- ITERATION 25 --
-------------
Particle: 1:
Relays Coordinates:
65.9626, 194.943
97.3177, 96.0949
103.735, 110.001
86.9876, 137.704
Evaluation Time: 0.000251842 seconds
Resulting Fitness: 0
-------------
Particle: 2:
Relays Coordinates:
53.4106, 59.1012
90.6303, 81.1205
98.6864, 133.888
112.221, 173.18
Evaluation Time: 0.0938447 seconds
Resulting Fitness: 0.82305
-------------
Particle: 3:
Relays Coordinates:
85.3434, 62.6598
102.862, 88.6925
139.738, 109.837
116.645, 155.921
Evaluation Time: 0.000231551 seconds
Resulting Fitness: 0
-------------
Particle: 4:
Relays Coordinates:
48.9352, 69.7023
102.869, 76.814
46.3707, 152.615
94.9123, 172.853
Evaluation Time: 0.000229349 seconds
Resulting Fitness: 0
Current global best fitness: 0.834275
Current global best relays: 49.1898, 57.308
101.689, 78.0238
69.0624, 126.467
105.993, 174.662
Particle 1 new velocities: 5.15771, -96.9928
-7.81192, -51.0368
1.45468, 3.37752
27.9416, 25.6674
Particle 2 new velocities: -18.6748, -18.5107
8.74482, -11.5667
-12.7359, 30.2277
8.56669, -4.62886
Particle 3 new velocities: -43.8276, 3.03952
4.53037, 1.72163
-47.1323, -51.7306
23.471, 3.95614
Particle 4 new velocities: 0.117681, 12.7615
-1.20856, 8.13665
36.4941, -16.6957
11.9013, -1.52974
-- ITERATION 26 --
-------------
Particle: 1:
Relays Coordinates:
71.1203, 97.9499
89.5057, 45.0581
105.189, 113.379
114.929, 163.371
Evaluation Time: 0.00026369 seconds
Resulting Fitness: 0
-------------
Particle: 2:
Relays Coordinates:
34.7358, 40.5905
99.3751, 69.5538
85.9505, 164.115
120.787, 168.551
Evaluation Time: 0.000296418 seconds
Resulting Fitness: 0
-------------
Particle: 3:
Relays Coordinates:
41.5157, 65.6994
107.392, 90.4142
92.6055, 58.1061
140.116, 159.877
Evaluation Time: 0.0606048 seconds
Resulting Fitness: 0.810775
-------------
Particle: 4:
Relays Coordinates:
49.0529, 82.4638
101.66, 84.9506
82.8649, 135.919
106.814, 171.324
Evaluation Time: 0.000111017 seconds
Resulting Fitness: 0
Current global best fitness: 0.834275
Current global best relays: 49.1898, 57.308
101.689, 78.0238
69.0624, 126.467
105.993, 174.662
Particle 1 new velocities: -28.6778, -89.8671
-44.8857, -41.9225
-56.1807, 61.7707
0.0710013, 21.4442
Particle 2 new velocities: 19.5285, -12.4364
5.36841, 7.15774
32.2221, -43.639
-44.2897, 10.7024
Particle 3 new velocities: -33.7921, -11.2049
-18.0078, 5.95066
2.96932, -7.20891
-14.0106, 25.267
Particle 4 new velocities: 0.409674, -14.9946
-0.952914, -5.80606
23.679, -28.7032
7.16608, 2.21202
-- ITERATION 27 --
-------------
Particle: 1:
Relays Coordinates:
42.4426, 8.0828
44.6201, 3.13557
49.0085, 175.149
115, 184.815
Evaluation Time: 8.3579e-05 seconds
Resulting Fitness: 0
-------------
Particle: 2:
Relays Coordinates:
54.2643, 28.1541
104.744, 76.7115
118.173, 120.476
76.4976, 179.254
Evaluation Time: 0.0472861 seconds
Resulting Fitness: 0.830603
-------------
Particle: 3:
Relays Coordinates:
7.7236, 54.4945
89.3841, 96.3648
95.5748, 50.8971
126.106, 185.144
Evaluation Time: 0.00013442 seconds
Resulting Fitness: 0
-------------
Particle: 4:
Relays Coordinates:
49.4626, 67.4692
100.707, 79.1446
106.544, 107.216
113.98, 173.536
Evaluation Time: 0.0558016 seconds
Resulting Fitness: 0.82538
Current global best fitness: 0.834275
Current global best relays: 49.1898, 57.308
101.689, 78.0238
69.0624, 126.467
105.993, 174.662
Particle 1 new velocities: 12.3838, 49.6689
24.4359, 115.896
68.961, -28.9297
-4.79903, -73.4455
Particle 2 new velocities: 8.33115, -14.5954
-9.14701, 7.33952
36.3675, -27.8588
3.75676, 1.44368
Particle 3 new velocities: 75.2039, -11.2711
-11.4242, -6.60733
64.4908, 18.1974
-20.7669, -26.6161
Particle 4 new velocities: -0.000122021, -19.8819
0.103014, -6.23535
-28.2485, 13.2276
-9.71029, 2.61461
-- ITERATION 28 --
-------------
Particle: 1:
Relays Coordinates:
54.8264, 57.7517
69.056, 119.031
117.97, 146.22
110.201, 111.37
Evaluation Time: 0.0524922 seconds
Resulting Fitness: 0.822797
New local best!
-------------
Particle: 2:
Relays Coordinates:
62.5954, 13.5587
95.5965, 84.051
154.54, 92.6175
80.2543, 180.697
Evaluation Time: 0.000131463 seconds
Resulting Fitness: 0
-------------
Particle: 3:
Relays Coordinates:
82.9275, 43.2234
77.96, 89.7575
160.066, 69.0945
105.339, 158.528
Evaluation Time: 0.000241581 seconds
Resulting Fitness: 0
-------------
Particle: 4:
Relays Coordinates:
49.4625, 47.5873
100.81, 72.9092
78.2953, 120.443
104.269, 176.15
Evaluation Time: 0.0571298 seconds
Resulting Fitness: 0.829277
Current global best fitness: 0.834275
Current global best relays: 49.1898, 57.308
101.689, 78.0238
69.0624, 126.467
105.993, 174.662
Particle 1 new velocities: 0.0466469, 39.6585
23.0031, 65.3856
-8.51719, -54.7205
-9.94001, 5.72575
Particle 2 new velocities: 0.517604, 38.3562
-0.449127, 0.470772
12.3828, 19.7245
50.1003, -16.7938
Particle 3 new velocities: 6.71049, 16.2946
29.2413, -3.72448
-19.2449, 225.227
-7.2646, -3.06011
Particle 4 new velocities: -0.370859, 2.5174
0.907999, 0.587934
-35.8292, 23.9818
-3.81891, -0.802118
-- ITERATION 29 --
-------------
Particle: 1:
Relays Coordinates:
54.873, 97.4102
92.0591, 184.417
109.452, 91.4992
100.261, 117.096
Evaluation Time: 0.000249896 seconds
Resulting Fitness: 0
-------------
Particle: 2:
Relays Coordinates:
63.113, 51.9149
95.1474, 84.5218
166.923, 112.342
130.355, 163.903
Evaluation Time: 0.0915431 seconds
Resulting Fitness: 0.83132
-------------
Particle: 3:
Relays Coordinates:
89.638, 59.5179
107.201, 86.033
140.821, 200
98.0741, 155.468
Evaluation Time: 0.000134649 seconds
Resulting Fitness: 0
-------------
Particle: 4:
Relays Coordinates:
49.0916, 50.1047
101.718, 73.4971
42.4661, 144.425
100.45, 175.348
Evaluation Time: 0.000114684 seconds
Resulting Fitness: 0
Current global best fitness: 0.834275
Current global best relays: 49.1898, 57.308
101.689, 78.0238
69.0624, 126.467
105.993, 174.662
Particle 1 new velocities: -0.925218, -14.4892
16.9952, -145.747
2.06732, -9.52062
3.06139, 83.3842
Particle 2 new velocities: -13.57, 30.3889
2.57158, -9.72088
-93.2196, 34.1104
-26.3924, 10.7348
Particle 3 new velocities: -34.1149, -0.936361
12.8152, -5.43862
-65.5496, -13.9458
11.3298, 23.3527
Particle 4 new velocities: -0.1574, 14.1315
0.713178, 8.73817
5.16202, 15.3862
5.62376, -2.63804
-- ITERATION 30 --
-------------
Particle: 1:
Relays Coordinates:
53.9478, 82.9209
109.054, 38.6697
111.52, 81.9786
103.323, 200
Evaluation Time: 0.000112338 seconds
Resulting Fitness: 0
-------------
Particle: 2:
Relays Coordinates:
49.543, 82.3038
97.719, 74.8009
73.7034, 146.452
103.962, 174.638
Evaluation Time: 0.000116083 seconds
Resulting Fitness: 0
-------------
Particle: 3:
Relays Coordinates:
55.5231, 58.5816
120.017, 80.5944
75.2712, 186.054
109.404, 178.82
Evaluation Time: 0.000186186 seconds
Resulting Fitness: 0
-------------
Particle: 4:
Relays Coordinates:
48.9342, 64.2362
102.431, 82.2353
47.6281, 159.811
106.074, 172.71
Evaluation Time: 0.000106832 seconds
Resulting Fitness: 0
Current global best fitness: 0.834275
Current global best relays: 49.1898, 57.308
101.689, 78.0238
69.0624, 126.467
105.993, 174.662
Particle 1 new velocities: -0.682858, -44.8254
1.26244, -26.4549
-59.3576, 99.7265
6.47445, -53.3775
Particle 2 new velocities: -9.44716, -21.2452
3.48897, -6.97732
-68.4599, -24.6969
-32.1671, 7.62554
Particle 3 new velocities: -51.5476, -12.6223
0.40466, 1.18754
-11.3889, -40.9074
8.83519, 11.6545
Particle 4 new velocities: 0.0743424, 0.0213316
-0.464522, 2.83108
28.9409, -37.9817
4.29984, 2.28876
-- ITERATION 31 --
-------------
Particle: 1:
Relays Coordinates:
53.2649, 38.0956
110.317, 12.2149
52.162, 181.705
109.797, 146.623
Evaluation Time: 0.000102023 seconds
Resulting Fitness: 0
-------------
Particle: 2:
Relays Coordinates:
40.0959, 61.0587
101.208, 67.8236
5.24346, 121.756
71.7951, 182.264
Evaluation Time: 0.0001041 seconds
Resulting Fitness: 0
-------------
Particle: 3:
Relays Coordinates:
3.97558, 45.9593
120.421, 81.7819
63.8823, 145.147
118.239, 190.475
Evaluation Time: 0.000110959 seconds
Resulting Fitness: 0
-------------
Particle: 4:
Relays Coordinates:
49.0085, 64.2576
101.967, 85.0664
76.569, 121.83
110.374, 174.999
Evaluation Time: 0.0571418 seconds
Resulting Fitness: 0.826928
Current global best fitness: 0.834275
Current global best relays: 49.1898, 57.308
101.689, 78.0238
69.0624, 126.467
105.993, 174.662
Particle 1 new velocities: -4.86817, 5.99826
-13.3364, 78.8766
17.9677, 31.4712
5.56662, -60.2545
Particle 2 new velocities: 2.45219, -27.5698
-2.45722, 25.4655
138.888, -21.8211
37.5917, -5.71309
Particle 3 new velocities: 28.2367, 9.06886
-65.3234, 7.7179
49.8463, 13.9807
8.32785, -0.527817
Particle 4 new velocities: 0.0935856, -9.37015
-0.430474, -2.66244
10.2144, -24.964
-8.45083, 1.14878
-- ITERATION 32 --
-------------
Particle: 1:
Relays Coordinates:
48.3968, 44.0938
96.9804, 91.0914
70.1298, 200
115.364, 86.368
Evaluation Time: 0.000149297 seconds
Resulting Fitness: 0
-------------
Particle: 2:
Relays Coordinates:
42.5481, 33.4889
98.7507, 93.2891
144.131, 99.9344
109.387, 176.551
Evaluation Time: 0.0544613 seconds
Resulting Fitness: 0.836795
New local best!
New global best!
-------------
Particle: 3:
Relays Coordinates:
32.2122, 55.0281
55.0978, 89.4998
113.729, 159.128
126.567, 189.947
Evaluation Time: 0.000163463 seconds
Resulting Fitness: 0
-------------
Particle: 4:
Relays Coordinates:
49.1021, 54.8874
101.536, 82.4039
86.7834, 96.8657
101.923, 176.148
Evaluation Time: 0.0719519 seconds
Resulting Fitness: 0.805777
Current global best fitness: 0.836795
Current global best relays: 42.5481, 33.4889
98.7507, 93.2891
144.131, 99.9344
109.387, 176.551
Particle 1 new velocities: -2.40645, 11.2722
-27.1735, 86.5687
130.491, -53.8348
-5.71762, 26.0244
Particle 2 new velocities: 1.96175, -22.0559
-1.96578, 20.3724
111.11, -17.4569
30.0734, -4.57047
Particle 3 new velocities: 32.4162, -32.5064
11.8018, 8.95994
82.4084, -31.372
-19.893, -15.3561
Particle 4 new velocities: -11.4159, -17.2579
-2.48241, 10.9117
76.3025, 12.1185
-4.44278, 0.466577
-- ITERATION 33 --
-------------
Particle: 1:
Relays Coordinates:
45.9903, 55.3661
69.8068, 177.66
200, 146.165
109.646, 112.392
Evaluation Time: 0.000299451 seconds
Resulting Fitness: 0
-------------
Particle: 2:
Relays Coordinates:
44.5098, 11.433
96.7849, 113.661
200, 82.4775
139.46, 171.98
Evaluation Time: 0.000144994 seconds
Resulting Fitness: 0
-------------
Particle: 3:
Relays Coordinates:
64.6284, 22.5217
66.8996, 98.4598
196.137, 127.756
106.674, 174.591
Evaluation Time: 0.000136442 seconds
Resulting Fitness: 0
-------------
Particle: 4:
Relays Coordinates:
37.6863, 37.6296
99.054, 93.3157
163.086, 108.984
97.4804, 176.614
Evaluation Time: 0.0872592 seconds
Resulting Fitness: 0.830408
Current global best fitness: 0.836795
Current global best relays: 42.5481, 33.4889
98.7507, 93.2891
144.131, 99.9344
109.387, 176.551
Particle 1 new velocities: 3.52158, -12.8616
-10.0284, 36.5479
-64.8935, -87.0699
-5.02071, 126.684
Particle 2 new velocities: -1.54345, 42.0606
1.05079, 5.36925
-101.03, -0.341471
-8.46197, 3.05062
Particle 3 new velocities: -19.1588, 0.00802898
30.9648, 4.29155
-4.81346, -35.2163
-8.6234, -22.9717
Particle 4 new velocities: 0.662276, -14.5177
-0.862022, 2.07212
-6.78317, 17.5844
18.551, -0.903327
-- ITERATION 34 --
-------------
Particle: 1:
Relays Coordinates:
49.5119, 42.5045
59.7784, 200
135.107, 59.0953
104.625, 200
Evaluation Time: 0.000307709 seconds
Resulting Fitness: 0
-------------
Particle: 2:
Relays Coordinates:
42.9664, 53.4936
97.8357, 119.031
98.9699, 82.1361
130.998, 175.031
Evaluation Time: 0.0960827 seconds
Resulting Fitness: 0.817759
-------------
Particle: 3:
Relays Coordinates:
45.4696, 22.5297
97.8643, 102.751
191.324, 92.5393
98.0506, 151.619
Evaluation Time: 0.000165792 seconds
Resulting Fitness: 0
-------------
Particle: 4:
Relays Coordinates:
38.3485, 23.1119
98.192, 95.3878
156.303, 126.569
116.031, 175.711
Evaluation Time: 0.000111977 seconds
Resulting Fitness: 0
Current global best fitness: 0.836795
Current global best relays: 42.5481, 33.4889
98.7507, 93.2891
144.131, 99.9344
109.387, 176.551
Particle 1 new velocities: 4.34266, -9.68946
11.0019, -134.042
-49.2707, -7.23071
-2.17496, -81.445
Particle 2 new velocities: -1.31727, 15.1141
1.84606, -40.2912
-2.62458, 24.363
-48.4872, 5.87997
Particle 3 new velocities: -22.9468, 32.2318
20.1813, -3.40031
-65.1933, 8.62256
31.0042, -13.5377
Particle 4 new velocities: 15.8216, -1.64671
1.86446, -14.3462
-110.677, -11.33
8.11185, -1.14168
-- ITERATION 35 --
-------------
Particle: 1:
Relays Coordinates:
53.8546, 32.815
70.7803, 65.9577
85.8358, 51.8646
102.45, 118.555
Evaluation Time: 0.0565256 seconds
Resulting Fitness: 0.773432
-------------
Particle: 2:
Relays Coordinates:
41.6491, 68.6077
99.6818, 78.7396
96.3453, 106.499
82.511, 180.911
Evaluation Time: 0.0573612 seconds
Resulting Fitness: 0.814686
-------------
Particle: 3:
Relays Coordinates:
22.5228, 54.7615
118.046, 99.351
126.13, 101.162
129.055, 138.082
Evaluation Time: 0.000166 seconds
Resulting Fitness: 0
-------------
Particle: 4:
Relays Coordinates:
54.1701, 21.4652
100.056, 81.0416
45.6261, 115.239
124.143, 174.569
Evaluation Time: 0.000175826 seconds
Resulting Fitness: 0
Current global best fitness: 0.836795
Current global best relays: 42.5481, 33.4889
98.7507, 93.2891
144.131, 99.9344
109.387, 176.551
Particle 1 new velocities: -8.89397, 21.5342
51.149, -73.2379
-2.63808, 109.08
16.5843, -43.5404
Particle 2 new velocities: 0.570567, -0.194138
-0.131777, -2.65849
49.0836, 9.36171
-15.2033, 0.836726
Particle 3 new velocities: 11.1269, 2.40552
-20.0832, -10.8307
-19.1284, 109.255
21.7, 8.54639
Particle 4 new velocities: 0.363204, 56.7072
0.467569, -2.18888
17.4182, -26.6677
-6.32265, -0.0690924
-- ITERATION 36 --
-------------
Particle: 1:
Relays Coordinates:
44.9606, 54.3492
121.929, 0
83.1977, 160.944
119.035, 75.0147
Evaluation Time: 0.000109291 seconds
Resulting Fitness: 0
-------------
Particle: 2:
Relays Coordinates:
42.2197, 68.4135
99.55, 76.0811
145.429, 115.861
67.3078, 181.748
Evaluation Time: 0.000111191 seconds
Resulting Fitness: 0
-------------
Particle: 3:
Relays Coordinates:
33.6497, 57.167
97.9625, 88.5203
107.002, 200
150.755, 146.628
Evaluation Time: 0.0514915 seconds
Resulting Fitness: 0.834475
New local best!
-------------
Particle: 4:
Relays Coordinates:
54.5333, 78.1724
100.524, 78.8528
63.0443, 88.5709
117.821, 174.5
Evaluation Time: 0.000217253 seconds
Resulting Fitness: 0
Current global best fitness: 0.836795
Current global best relays: 42.5481, 33.4889
98.7507, 93.2891
144.131, 99.9344
109.387, 176.551
Particle 1 new velocities: -5.9957, 15.0456
11.1378, 226.852
61.5798, 37.2724
5.34732, 26.9799
Particle 2 new velocities: 0.966882, -72.5796
-1.95648, 27.6475
38.2854, -32.3082
9.80712, -9.56564
Particle 3 new velocities: 24.3408, -18.7624
-15.1064, -3.16799
27.7234, -117.82
-11.3161, 39.1823
Particle 4 new velocities: -5.02767, -37.0419
-1.77643, 13.4145
126.021, -1.25108
-17.4144, 2.19952
-- ITERATION 37 --
-------------
Particle: 1:
Relays Coordinates:
38.9649, 69.3947
133.067, 200
144.777, 198.217
124.382, 101.995
Evaluation Time: 0.00013307 seconds
Resulting Fitness: 0
-------------
Particle: 2:
Relays Coordinates:
43.1865, 0
97.5935, 103.729
183.714, 83.5526
77.1149, 172.182
Evaluation Time: 0.000292094 seconds
Resulting Fitness: 0
-------------
Particle: 3:
Relays Coordinates:
57.9905, 38.4047
82.8561, 85.3523
134.725, 82.1804
139.439, 185.81
Evaluation Time: 0.000106325 seconds
Resulting Fitness: 0
-------------
Particle: 4:
Relays Coordinates:
49.5057, 41.1305
98.7476, 92.2673
189.065, 87.3198
100.406, 176.7
Evaluation Time: 0.000102008 seconds
Resulting Fitness: 0
Current global best fitness: 0.836795
Current global best relays: 42.5481, 33.4889
98.7507, 93.2891
144.131, 99.9344
109.387, 176.551
Particle 1 new velocities: 4.00621, -36.8142
-63.3735, -101.899
27.8032, 6.94919
-22.3578, 30.1001
Particle 2 new velocities: 0.242577, 47.7142
0.00735098, 6.82987
-26.5412, -1.79744
95.2137, -4.19994
Particle 3 new velocities: -10.7645, 6.68583
14.8606, 5.85689
21.609, -2.97664
-10.0911, -7.87932
Particle 4 new velocities: -13.8952, -14.8223
0.469321, -4.8385
-29.2133, 23.8644
-4.14998, 0.919442
-- ITERATION 38 --
-------------
Particle: 1:
Relays Coordinates:
42.9711, 32.5806
69.6936, 98.1008
172.581, 200
102.024, 132.095
Evaluation Time: 0.000132589 seconds
Resulting Fitness: 0
-------------
Particle: 2:
Relays Coordinates:
43.4291, 47.7142
97.6009, 110.558
157.173, 81.7552
172.329, 167.982
Evaluation Time: 0.000100497 seconds
Resulting Fitness: 0
-------------
Particle: 3:
Relays Coordinates:
47.226, 45.0905
97.7167, 91.2092
156.334, 79.2037
129.348, 177.931
Evaluation Time: 0.000105435 seconds
Resulting Fitness: 0
-------------
Particle: 4:
Relays Coordinates:
35.6105, 26.3082
99.2169, 87.4288
159.852, 111.184
96.2562, 177.619
Evaluation Time: 0.000113325 seconds
Resulting Fitness: 0
Current global best fitness: 0.836795
Current global best relays: 42.5481, 33.4889
98.7507, 93.2891
144.131, 99.9344
109.387, 176.551
Particle 1 new velocities: 10.3141, -1.4425
-39.3494, -62.8484
-56.7675, -145.725
-7.89291, 73.5905
Particle 2 new velocities: -0.646175, 25.3606
1.72179, -5.28637
-28.627, 21.7105
-1.01468, 12.7762
Particle 3 new velocities: -16.6493, 4.5648
13.6116, 4.77662
-37.4465, 130.9
-20.1336, -32.8886
Particle 4 new velocities: -3.46095, 21.7791
0.537045, -12.2536
-50.9551, 14.7789
21.7397, -1.35107
-- ITERATION 39 --
-------------
Particle: 1:
Relays Coordinates:
53.2852, 31.1381
30.3442, 35.2523
115.813, 54.2748
94.1313, 200
Evaluation Time: 0.000106329 seconds
Resulting Fitness: 0
-------------
Particle: 2:
Relays Coordinates:
42.7829, 73.0749
99.3227, 105.272
128.546, 103.466
171.314, 180.758
Evaluation Time: 0.000108667 seconds
Resulting Fitness: 0
-------------
Particle: 3:
Relays Coordinates:
30.5767, 49.6553
111.328, 95.9858
118.888, 200
109.214, 145.042
Evaluation Time: 0.000102394 seconds
Resulting Fitness: 0
-------------
Particle: 4:
Relays Coordinates:
32.1495, 48.0873
99.754, 75.1752
108.897, 125.963
117.996, 176.268
Evaluation Time: 0.0530027 seconds
Resulting Fitness: 0.818764
Current global best fitness: 0.836795
Current global best relays: 42.5481, 33.4889
98.7507, 93.2891
144.131, 99.9344
109.387, 176.551
Particle 1 new velocities: -10.3389, 31.7488
38.2751, 27.2375
6.32355, -48.6958
20.0123, -71.8427
Particle 2 new velocities: -0.750966, -45.2944
0.592533, -13.8134
-0.0145206, 15.1138
-76.3043, 2.46091
Particle 3 new velocities: 0.0910655, -6.90645
1.6486, -8.90676
-19.1888, -52.1726
-9.23301, -18.6337
Particle 4 new velocities: 3.85188, 3.41444
0.95719, 13.3363
-19.1561, 0.681251
5.19373, -2.33664
-- ITERATION 40 --
-------------
Particle: 1:
Relays Coordinates:
42.9463, 62.8869
68.6193, 62.4899
122.137, 5.57899
114.144, 128.157
Evaluation Time: 0.0482565 seconds
Resulting Fitness: 0.787135
-------------
Particle: 2:
Relays Coordinates:
42.032, 27.7805
99.9152, 91.4587
128.532, 118.579
95.0096, 183.219
Evaluation Time: 0.00027789 seconds
Resulting Fitness: 0
-------------
Particle: 3:
Relays Coordinates:
30.6678, 42.7488
112.977, 87.079
99.699, 147.827
99.9809, 126.409
Evaluation Time: 0.000146987 seconds
Resulting Fitness: 0
-------------
Particle: 4:
Relays Coordinates:
36.0014, 51.5018
100.711, 88.5115
89.7409, 126.644
123.19, 173.931
Evaluation Time: 0.0457979 seconds
Resulting Fitness: 0.820251
Current global best fitness: 0.836795
Current global best relays: 42.5481, 33.4889
98.7507, 93.2891
144.131, 99.9344
109.387, 176.551
Particle 1 new velocities: 5.29065, -19.8149
63.9402, 94.281
10.9548, 27.2704
4.65664, -21.345
Particle 2 new velocities: -0.0318005, -23.6234
-0.51915, -7.63013
22.8237, -21.3622
-34.4033, -14.4494
Particle 3 new velocities: 7.98259, -4.24314
-6.90073, -0.996663
22.3764, -12.535
51.7281, -2.72596
Particle 4 new velocities: 8.52082, -11.1563
0.146021, 3.86542
32.2931, -38.0198
-15.9015, 1.98037
-- ITERATION 41 --
-------------
Particle: 1:
Relays Coordinates:
48.2369, 43.072
132.56, 156.771
133.092, 32.8494
118.8, 106.812
Evaluation Time: 0.000140645 seconds
Resulting Fitness: 0
-------------
Particle: 2:
Relays Coordinates:
42.0002, 4.15714
99.3961, 83.8286
151.355, 97.2173
60.6064, 168.77
Evaluation Time: 0.000108324 seconds
Resulting Fitness: 0
-------------
Particle: 3:
Relays Coordinates:
38.6504, 38.5057
106.076, 86.0824
122.075, 135.292
151.709, 123.683
Evaluation Time: 0.0456253 seconds
Resulting Fitness: 0.823421
-------------
Particle: 4:
Relays Coordinates:
44.5223, 40.3455
100.857, 92.3769
122.034, 88.6246
107.288, 175.912
Evaluation Time: 0.0449361 seconds
Resulting Fitness: 0.815847
Current global best fitness: 0.836795
Current global best relays: 42.5481, 33.4889
98.7507, 93.2891
144.131, 99.9344
109.387, 176.551
Particle 1 new velocities: 1.96587, -23.9849
2.01386, 7.96775
4.07452, 179.861
-15.3017, -1.02892
Particle 2 new velocities: 0.960122, -1.64863
-2.0729, 14.9868
5.89101, -11.0587
55.4281, 0.839953
Particle 3 new velocities: 10.7195, 4.16092
-16.5319, 2.49541
41.4594, 47.4119
-23.0679, 80.3018
Particle 4 new velocities: 5.86994, 3.81095
-1.69166, 3.92115
-6.29377, 11.4133
-10.6975, 1.85617
-- ITERATION 42 --
-------------
Particle: 1:
Relays Coordinates:
50.2028, 19.0871
134.573, 164.739
137.166, 200
103.499, 105.783
Evaluation Time: 0.00011481 seconds
Resulting Fitness: 0
-------------
Particle: 2:
Relays Coordinates:
42.9603, 2.50851
97.3232, 98.8153
157.246, 86.1585
116.034, 169.61
Evaluation Time: 8.751e-05 seconds
Resulting Fitness: 0
-------------
Particle: 3:
Relays Coordinates:
49.3698, 42.6666
89.5443, 88.5778
163.535, 182.704
128.641, 200
Evaluation Time: 9.4955e-05 seconds
Resulting Fitness: 0
-------------
Particle: 4:
Relays Coordinates:
50.3922, 44.1565
99.1655, 96.298
115.74, 100.038
96.5907, 177.768
Evaluation Time: 0.0465629 seconds
Resulting Fitness: 0.809321
Current global best fitness: 0.836795
Current global best relays: 42.5481, 33.4889
98.7507, 93.2891
144.131, 99.9344
109.387, 176.551
Particle 1 new velocities: -1.54657, 37.8018
-79.0767, -104.86
6.23306, -170.741
-3.01246, 39.9967
Particle 2 new velocities: 0.437041, 47.5457
1.77004, 1.75524
1.5135, 23.0035
25.4149, 20.7208
Particle 3 new velocities: 2.48588, 0.905159
1.57935, 10.1194
-37.6181, -108.176
-29.381, -79.0293
Particle 4 new velocities: 4.07376, 9.42232
-0.584579, -18.6408
-32.766, 28.1383
11.562, -3.36784
-- ITERATION 43 --
-------------
Particle: 1:
Relays Coordinates:
48.6562, 56.8889
55.4967, 59.879
143.399, 29.2595
100.486, 145.78
Evaluation Time: 0.000114937 seconds
Resulting Fitness: 0
-------------
Particle: 2:
Relays Coordinates:
43.3973, 50.0542
99.0932, 100.571
158.76, 109.162
141.449, 190.33
Evaluation Time: 0.0404883 seconds
Resulting Fitness: 0.831569
-------------
Particle: 3:
Relays Coordinates:
51.8557, 43.5718
91.1236, 98.6971
125.917, 74.5282
99.2601, 120.971
Evaluation Time: 0.0428908 seconds
Resulting Fitness: 0.810373
-------------
Particle: 4:
Relays Coordinates:
54.466, 53.5788
98.5809, 77.6573
82.9742, 128.176
108.153, 174.4
Evaluation Time: 0.0482205 seconds
Resulting Fitness: 0.823082
Current global best fitness: 0.836795
Current global best relays: 42.5481, 33.4889
98.7507, 93.2891
144.131, 99.9344
109.387, 176.551
Particle 1 new velocities: -0.848065, -2.00003
-36.4386, -25.4829
-7.0433, 0.692906
14.5616, 14.4746
Particle 2 new velocities: -1.27639, 15.5054
0.842235, -13.0267
-31.2651, -3.58651
-27.6588, -9.4473
Particle 3 new velocities: -10.3866, 8.3688
20.2742, -1.38876
-47.4642, -39.0407
-3.94274, 57.0552
Particle 4 new velocities: -6.89956, 7.01623
3.03812, 9.61438
25.5031, -1.81562
8.61678, 1.12837
-- ITERATION 44 --
-------------
Particle: 1:
Relays Coordinates:
47.8081, 54.8889
19.0581, 34.3961
136.356, 29.9524
115.048, 160.255
Evaluation Time: 0.000210742 seconds
Resulting Fitness: 0
-------------
Particle: 2:
Relays Coordinates:
42.1209, 65.5596
99.9354, 87.5439
127.495, 105.576
113.791, 180.883
Evaluation Time: 0.0639084 seconds
Resulting Fitness: 0.826705
-------------
Particle: 3:
Relays Coordinates:
41.4691, 51.9406
111.398, 97.3084
78.4525, 35.4875
95.3173, 178.026
Evaluation Time: 0.0813633 seconds
Resulting Fitness: 0.800682
-------------
Particle: 4:
Relays Coordinates:
47.5664, 60.595
101.619, 87.2716
108.477, 126.361
116.769, 175.528
Evaluation Time: 0.0658979 seconds
Resulting Fitness: 0.826338
Current global best fitness: 0.836795
Current global best relays: 42.5481, 33.4889
98.7507, 93.2891
144.131, 99.9344
109.387, 176.551
Particle 1 new velocities: 2.1319, -20.4802
136.824, 83.5232
-6.29638, 130.452
8.83677, -19.5929
Particle 2 new velocities: -0.147518, -55.4102
-1.5818, -6.3468
-15.3011, -13.2525
-29.7257, -19.1229
Particle 3 new velocities: -12.1684, 3.25309
-11.1206, -2.33813
5.16615, 94.7231
55.4041, 12.1595
Particle 4 new velocities: -5.61127, -20.3429
1.33493, 11.7629
50.2471, -39.1304
-6.51874, 2.13771
-- ITERATION 45 --
-------------
Particle: 1:
Relays Coordinates:
49.94, 34.4087
155.882, 117.919
130.059, 160.404
123.884, 140.662
Evaluation Time: 0.000158014 seconds
Resulting Fitness: 0
-------------
Particle: 2:
Relays Coordinates:
41.9734, 10.1494
98.3536, 81.1971
112.194, 92.323
84.0649, 161.76
Evaluation Time: 0.00021319 seconds
Resulting Fitness: 0
-------------
Particle: 3:
Relays Coordinates:
29.3007, 55.1937
100.277, 94.9702
83.6186, 130.211
150.721, 190.185
Evaluation Time: 0.000108155 seconds
Resulting Fitness: 0
-------------
Particle: 4:
Relays Coordinates:
41.9551, 40.2521
102.954, 99.0346
158.724, 87.2302
110.251, 177.666
Evaluation Time: 0.0592125 seconds
Resulting Fitness: 0.836707
New local best!
Current global best fitness: 0.836795
Current global best relays: 42.5481, 33.4889
98.7507, 93.2891
144.131, 99.9344
109.387, 176.551
Particle 1 new velocities: -4.82632, -9.88292
1.45633, 66.2652
2.66003, 53.3003
-17.8754, 36.0996
Particle 2 new velocities: 1.31945, -18.6638
-0.640937, 22.3006
28.9842, -1.48582
4.52658, 5.6956
Particle 3 new velocities: 2.13861, -2.66078
-11.9974, -4.19499
104.572, 86.1526
-3.03265, -36.1696
Particle 4 new velocities: -4.26192, -25.7195
-3.42203, 7.77507
15.767, -14.9838
-6.54714, 0.803167
-- ITERATION 46 --
-------------
Particle: 1:
Relays Coordinates:
45.1137, 24.5258
157.339, 184.185
132.719, 200
106.009, 176.761
Evaluation Time: 0.000260681 seconds
Resulting Fitness: 0
-------------
Particle: 2:
Relays Coordinates:
43.2929, 0
97.7127, 103.498
141.178, 90.8372
88.5915, 167.456
Evaluation Time: 0.000269964 seconds
Resulting Fitness: 0
-------------
Particle: 3:
Relays Coordinates:
31.4393, 52.5329
88.2798, 90.7752
188.19, 200
147.689, 154.016
Evaluation Time: 0.000204034 seconds
Resulting Fitness: 0
-------------
Particle: 4:
Relays Coordinates:
37.6932, 14.5326
99.532, 106.81
174.491, 72.2465
103.704, 178.469
Evaluation Time: 0.000225868 seconds
Resulting Fitness: 0
Current global best fitness: 0.836795
Current global best relays: 42.5481, 33.4889
98.7507, 93.2891
144.131, 99.9344
109.387, 176.551
Particle 1 new velocities: 1.01232, 4.78116
-84.2613, -48.8266
18.1946, -215.639
-11.9702, -16.968
Particle 2 new velocities: -0.955961, 81.0803
0.629075, 0.812718
28.113, 14.3646
10.5322, 17.8826
Particle 3 new velocities: 4.71287, -4.13064
3.27954, -4.13041
-44.9705, -18.0983
-36.3639, -12.1033
Particle 4 new velocities: -1.46832, 10.6156
-0.687901, -0.614791
-5.67093, 23.1756
6.11922, -3.32405
-- ITERATION 47 --
-------------
Particle: 1:
Relays Coordinates:
46.126, 29.307
73.0774, 135.358
150.914, 0
94.0388, 159.793
Evaluation Time: 0.000252484 seconds
Resulting Fitness: 0
-------------
Particle: 2:
Relays Coordinates:
42.3369, 81.0803
98.3418, 104.31
169.291, 105.202
99.1237, 185.338
Evaluation Time: 0.000174716 seconds
Resulting Fitness: 0
-------------
Particle: 3:
Relays Coordinates:
36.1522, 48.4022
91.5594, 86.6448
143.22, 181.902
111.325, 141.912
Evaluation Time: 0.0824213 seconds
Resulting Fitness: 0.824378
-------------
Particle: 4:
Relays Coordinates:
36.2249, 25.1482
98.8441, 106.195
168.821, 95.4221
109.823, 175.145
Evaluation Time: 0.000574733 seconds
Resulting Fitness: 0
Current global best fitness: 0.836795
Current global best relays: 42.5481, 33.4889
98.7507, 93.2891
144.131, 99.9344
109.387, 176.551
Particle 1 new velocities: 0.95796, 14.5454
-49.5577, -107.402
-17.26, 168.194
27.1801, -7.96033
Particle 2 new velocities: -0.587525, 2.09401
1.11294, -10.5987
1.77535, 3.18489
28.9917, -2.4808
Particle 3 new velocities: 12.2345, -19.0669
17.0337, -0.896924
-73.8421, -100.067
-16.13, -0.0351192
Particle 4 new velocities: 11.0317, 14.6505
2.3796, -19.4579
-18.1213, 17.6976
4.35921, -1.55467
-- ITERATION 48 --
-------------
Particle: 1:
Relays Coordinates:
47.084, 43.8524
23.5197, 27.956
133.654, 168.194
121.219, 151.833
Evaluation Time: 0.000230315 seconds
Resulting Fitness: 0
-------------
Particle: 2:
Relays Coordinates:
41.7494, 83.1743
99.4547, 93.7117
171.066, 108.387
128.115, 182.858
Evaluation Time: 0.000355588 seconds
Resulting Fitness: 0
-------------
Particle: 3:
Relays Coordinates:
48.3867, 29.3353
108.593, 85.7479
69.3776, 81.8343
95.1948, 141.877
Evaluation Time: 0.0880884 seconds
Resulting Fitness: 0.807713
-------------
Particle: 4:
Relays Coordinates:
47.2566, 39.7986
101.224, 86.737
150.699, 113.12
114.182, 173.59
Evaluation Time: 0.0819392 seconds
Resulting Fitness: 0.834529
Current global best fitness: 0.836795
Current global best relays: 42.5481, 33.4889
98.7507, 93.2891
144.131, 99.9344
109.387, 176.551
Particle 1 new velocities: 1.76834, 15.4852
79.4184, 46.6873
-3.4451, 92.9876
-0.864254, 0.217504
Particle 2 new velocities: -0.336253, -131.487
-0.0605218, -8.84372
-63.8088, -16.5161
-7.25111, -15.8781
Particle 3 new velocities: -10.756, 17.1466
-14.3597, 13.6431
98.0909, 70.1969
42.1805, 63.9047
Particle 4 new velocities: 3.12094, 10.3764
1.00642, -1.14793
-24.7184, -32.1261
-3.41055, 4.53817
-- ITERATION 49 --
-------------
Particle: 1:
Relays Coordinates:
48.8523, 59.3376
102.938, 74.6433
130.209, 200
120.355, 152.051
Evaluation Time: 0.0513433 seconds
Resulting Fitness: 0.819424
-------------
Particle: 2:
Relays Coordinates:
41.4131, 0
99.3942, 84.868
107.257, 91.8706
120.864, 166.98
Evaluation Time: 0.000246678 seconds
Resulting Fitness: 0
-------------
Particle: 3:
Relays Coordinates:
37.6307, 46.482
94.2334, 99.391
167.468, 152.031
137.375, 200
Evaluation Time: 0.000165447 seconds
Resulting Fitness: 0
-------------
Particle: 4:
Relays Coordinates:
50.3775, 50.1751
102.23, 85.589
125.981, 80.9936
110.771, 178.129
Evaluation Time: 0.000116579 seconds
Resulting Fitness: 0
Current global best fitness: 0.836795
Current global best relays: 42.5481, 33.4889
98.7507, 93.2891
144.131, 99.9344
109.387, 176.551
Particle 1 new velocities: -5.01867, -5.22984
36.6793, 78.5802
3.7942, -164.834
-15.6708, 31.9047
Particle 2 new velocities: 0.919113, 8.12723
-1.43677, 9.99449
1.35742, -1.70894
-21.3863, -7.32263
Particle 3 new velocities: -8.1977, 11.8615
-1.32517, 3.99683
-4.44229, 6.46143
-0.902132, -40.1209
Particle 4 new velocities: -13.4431, -18.7645
-5.13976, 25.3964
5.27144, -8.98901
-4.10378, 0.801752
-- ITERATION 50 --
-------------
Particle: 1:
Relays Coordinates:
43.8337, 54.1078
139.617, 153.223
134.003, 35.1663
104.684, 183.955
Evaluation Time: 0.000272933 seconds
Resulting Fitness: 0
-------------
Particle: 2:
Relays Coordinates:
42.3323, 8.12723
97.9574, 94.8625
108.615, 90.1616
99.4779, 159.657
Evaluation Time: 0.000146013 seconds
Resulting Fitness: 0
-------------
Particle: 3:
Relays Coordinates:
29.433, 58.3435
92.9082, 103.388
163.026, 158.493
136.473, 159.879
Evaluation Time: 0.0554557 seconds
Resulting Fitness: 0.822325
-------------
Particle: 4:
Relays Coordinates:
36.9345, 31.4106
97.0903, 110.985
131.252, 72.0046
106.668, 178.93
Evaluation Time: 0.000182469 seconds
Resulting Fitness: 0
Simulation of the best surrogate solution results: 0.953333
Final Evaluation Time: 5.0665 seconds
Final global best fitness: 0.836795
Final global best relays:
42.5481, 33.4889
98.7507, 93.2891
144.131, 99.9344
109.387, 176.551
