PSO EXECUTION
============================
Seed: 42063219
Particles: 4
Relays: 4
Iterations: 50
Backend: Simulation
Network Configuration: 2
Area: 200 x 200
Sink: 0, 0
Simulated Relay range: 85
w: 0.8
c1: 1.2
c2: 1.8

Relay Nodes Positions: 
PARTICLE 1: 
105.645, 145.409
30.5042, 40.2037
169.765, 178.682
71.8878, 78.0039
PARTICLE 2: 
22.8819, 29.0747
115.207, 153.5
169.338, 121.009
69.4914, 85.6855
PARTICLE 3: 
36.1934, 45.1977
87.6327, 99.0752
175.846, 195.668
124.425, 147.546
PARTICLE 4: 
118.854, 129.123
174.481, 190.412
31.4421, 36.5208
78.6153, 60.6211
Nodes Positions: 
99.3482, 42.5764
70.5111, 3.79474
143.426, 23.861
50.8305, 97.1465
0.320302, 136.166
42.0357, 156.48
81.7519, 172.509
89.6079, 182.705
61.7557, 9.7426
31.6423, 90.6985
16.1036, 30.8085
153.728, 38.3982
112.748, 193.866
167.036, 189.724
14.8655, 82.5152
110.39, 149.104
175.369, 55.9171
183.681, 132.943
194.686, 66.5378
75.9887, 59.3854
34.1763, 162.182
121.527, 127.208
132.328, 118.572
188.223, 107.068
146.029, 77.5343
All particles start with velocity zero
-- ITERATION 0 --
-------------
Particle: 1:
Relays Coordinates:
105.645, 145.409
30.5042, 40.2037
169.765, 178.682
71.8878, 78.0039
Evaluation Time: 0.821201 seconds
Resulting Fitness: 0.84
New local best!
New global best!
-------------
Particle: 2:
Relays Coordinates:
22.8819, 29.0747
115.207, 153.5
169.338, 121.009
69.4914, 85.6855
Evaluation Time: 0.860614 seconds
Resulting Fitness: 0.946667
New local best!
New global best!
-------------
Particle: 3:
Relays Coordinates:
36.1934, 45.1977
87.6327, 99.0752
175.846, 195.668
124.425, 147.546
Evaluation Time: 0.805438 seconds
Resulting Fitness: 0.826667
New local best!
-------------
Particle: 4:
Relays Coordinates:
118.854, 129.123
174.481, 190.412
31.4421, 36.5208
78.6153, 60.6211
Evaluation Time: 0.778903 seconds
Resulting Fitness: 0.86
New local best!
Current global best fitness: 0.946667
Current global best relays: 22.8819, 29.0747
115.207, 153.5
169.338, 121.009
69.4914, 85.6855
Particle 1 new velocities: -115.951, -141.719
102.487, 11.0033
-0.747018, -72.9951
-4.23193, 6.52335
Particle 2 new velocities: 0, 0
0, 0
0, 0
0, 0
Particle 3 new velocities: -19.9854, -0.0714877
38.3023, 38.1192
-10.8261, -125.981
-30.783, -34.8908
Particle 4 new velocities: -59.3254, -32.3741
-11.1617, -5.18796
201.454, 132.802
-4.89984, 35.0549
-- ITERATION 1 --
-------------
Particle: 1:
Relays Coordinates:
0, 3.68961
132.992, 51.207
169.018, 105.686
67.6558, 84.5273
Evaluation Time: 0.552079 seconds
Resulting Fitness: 0.173333
-------------
Particle: 2:
Relays Coordinates:
22.8819, 29.0747
115.207, 153.5
169.338, 121.009
69.4914, 85.6855
Evaluation Time: 0.881421 seconds
Resulting Fitness: 0.946667
-------------
Particle: 3:
Relays Coordinates:
16.208, 45.1262
125.935, 137.194
165.02, 69.6877
93.642, 112.655
Evaluation Time: 0.565231 seconds
Resulting Fitness: 0.32
-------------
Particle: 4:
Relays Coordinates:
59.5284, 96.7487
163.319, 185.224
200, 169.322
73.7155, 95.676
Evaluation Time: 0.54954 seconds
Resulting Fitness: 0.153333
Current global best fitness: 0.946667
Current global best relays: 22.8819, 29.0747
115.207, 153.5
169.338, 121.009
69.4914, 85.6855
Particle 1 new velocities: 45.2082, -43.8855
-41.075, 116.015
0.381484, 8.33372
4.63664, 6.00589
Particle 2 new velocities: 0, 0
0, 0
0, 0
0, 0
Particle 3 new velocities: -10.4408, -26.9421
11.4863, 14.5758
-5.06047, 59.2057
-2.22273, -39.1097
Particle 4 new velocities: -70.6765, -122.93
-38.393, -24.8744
-57.718, -76.3078
-6.29033, -4.80518
-- ITERATION 2 --
-------------
Particle: 1:
Relays Coordinates:
45.2082, 0
91.9166, 167.222
169.4, 114.02
72.2925, 90.5332
Evaluation Time: 0.860612 seconds
Resulting Fitness: 0.26
-------------
Particle: 2:
Relays Coordinates:
22.8819, 29.0747
115.207, 153.5
169.338, 121.009
69.4914, 85.6855
Evaluation Time: 0.880176 seconds
Resulting Fitness: 0.946667
-------------
Particle: 3:
Relays Coordinates:
5.76721, 18.1841
137.421, 151.77
159.96, 128.893
91.4193, 73.5456
Evaluation Time: 1.03295 seconds
Resulting Fitness: 0.253333
-------------
Particle: 4:
Relays Coordinates:
0, 0
124.926, 160.349
142.282, 93.0146
67.4252, 90.8708
Evaluation Time: 0.581746 seconds
Resulting Fitness: 0.16
Current global best fitness: 0.946667
Current global best relays: 22.8819, 29.0747
115.207, 153.5
169.338, 121.009
69.4914, 85.6855
Particle 1 new velocities: 76.5522, 145.557
-55.0233, -65.4638
0.493966, 47.6176
2.3575, -9.28571
Particle 2 new velocities: 0, 0
0, 0
0, 0
0, 0
Particle 3 new velocities: 10.7298, -10.3251
-59.3396, -18.3267
19.7786, 89.7784
0.153101, -8.86578
Particle 4 new velocities: 131.025, 77.4985
-35.7959, -12.0178
-140.142, -60.6226
3.00284, -24.7669
-- ITERATION 3 --
-------------
Particle: 1:
Relays Coordinates:
121.76, 145.557
36.8933, 101.759
169.894, 161.638
74.65, 81.2475
Evaluation Time: 0.560001 seconds
Resulting Fitness: 0.16
-------------
Particle: 2:
Relays Coordinates:
22.8819, 29.0747
115.207, 153.5
169.338, 121.009
69.4914, 85.6855
Evaluation Time: 0.857392 seconds
Resulting Fitness: 0.946667
-------------
Particle: 3:
Relays Coordinates:
16.497, 7.85898
78.0816, 133.443
179.738, 200
91.5724, 64.6798
Evaluation Time: 0.779256 seconds
Resulting Fitness: 0.26
-------------
Particle: 4:
Relays Coordinates:
131.025, 77.4985
89.13, 148.331
2.14039, 32.3921
70.428, 66.1039
Evaluation Time: 0.878663 seconds
Resulting Fitness: 0.94
New local best!
Current global best fitness: 0.946667
Current global best relays: 22.8819, 29.0747
115.207, 153.5
169.338, 121.009
69.4914, 85.6855
Particle 1 new velocities: 50.5617, 39.0755
55.024, 21.811
-0.322254, 28.7811
-3.90064, -9.37425
Particle 2 new velocities: 0, 0
0, 0
0, 0
0, 0
Particle 3 new velocities: 19.7207, 58.1858
-28.6217, -19.8431
-0.171764, -56.8083
7.40125, 67.518
Particle 4 new velocities: 52.9575, -3.46246
-24.3734, -7.38552
-104.206, -44.7787
1.3799, 12.0258
-- ITERATION 4 --
-------------
Particle: 1:
Relays Coordinates:
172.322, 184.633
91.9173, 123.57
169.572, 190.419
70.7493, 71.8732
Evaluation Time: 0.796621 seconds
Resulting Fitness: 0.16
-------------
Particle: 2:
Relays Coordinates:
22.8819, 29.0747
115.207, 153.5
169.338, 121.009
69.4914, 85.6855
Evaluation Time: 0.853056 seconds
Resulting Fitness: 0.946667
-------------
Particle: 3:
Relays Coordinates:
36.2176, 66.0447
49.4599, 113.6
179.566, 143.192
98.9736, 132.198
Evaluation Time: 0.828827 seconds
Resulting Fitness: 0.92
New local best!
-------------
Particle: 4:
Relays Coordinates:
183.982, 74.036
64.7566, 140.946
0, 0
71.8079, 78.1298
Evaluation Time: 0.539641 seconds
Resulting Fitness: 0.16
Current global best fitness: 0.946667
Current global best relays: 22.8819, 29.0747
115.207, 153.5
169.338, 121.009
69.4914, 85.6855
Particle 1 new velocities: -150.889, -242.372
-8.47566, 56.549
-0.485682, -53.7022
-2.8633, 15.1881
Particle 2 new velocities: 0, 0
0, 0
0, 0
0, 0
Particle 3 new velocities: 15.4834, -3.69746
10.7682, 39.7062
-17.1149, -50.9802
-22.4972, 19.8939
Particle 4 new velocities: -56.2198, -21.6014
-4.84191, 11.023
140.13, 185.678
-3.25552, 3.09251
-- ITERATION 5 --
-------------
Particle: 1:
Relays Coordinates:
21.4334, 0
83.4417, 180.119
169.086, 136.717
67.886, 87.0613
Evaluation Time: 0.785566 seconds
Resulting Fitness: 0.24
-------------
Particle: 2:
Relays Coordinates:
22.8819, 29.0747
115.207, 153.5
169.338, 121.009
69.4914, 85.6855
Evaluation Time: 0.875635 seconds
Resulting Fitness: 0.946667
-------------
Particle: 3:
Relays Coordinates:
51.7011, 62.3473
60.228, 153.307
162.451, 92.2115
76.4764, 152.092
Evaluation Time: 0.728349 seconds
Resulting Fitness: 0.433333
-------------
Particle: 4:
Relays Coordinates:
127.762, 52.4346
59.9147, 151.969
140.13, 185.678
68.5524, 81.2223
Evaluation Time: 0.559616 seconds
Resulting Fitness: 0.16
Current global best fitness: 0.946667
Current global best relays: 22.8819, 29.0747
115.207, 153.5
169.338, 121.009
69.4914, 85.6855
Particle 1 new velocities: -28.3588, 62.6608
30.7134, -48.8758
0.141421, -42.8709
2.40137, 3.74792
Particle 2 new velocities: 0, 0
0, 0
0, 0
0, 0
Particle 3 new velocities: -34.7343, -45.9731
82.6583, 28.4726
2.19516, -23.1139
-8.05572, -86.924
Particle 4 new velocities: -122.243, -34.2983
32.7547, 6.41798
111.822, -44.6932
-2.06923, -3.52693
-- ITERATION 6 --
-------------
Particle: 1:
Relays Coordinates:
0, 62.6608
114.155, 131.243
169.227, 93.8457
70.2874, 90.8093
Evaluation Time: 0.855993 seconds
Resulting Fitness: 1
New local best!
New global best!
-------------
Particle: 2:
Relays Coordinates:
22.8819, 29.0747
115.207, 153.5
169.338, 121.009
69.4914, 85.6855
Evaluation Time: 0.891552 seconds
Resulting Fitness: 0.946667
-------------
Particle: 3:
Relays Coordinates:
16.9668, 16.3741
142.886, 181.779
164.647, 69.0976
68.4207, 65.1676
Evaluation Time: 0.723635 seconds
Resulting Fitness: 0.506667
-------------
Particle: 4:
Relays Coordinates:
5.51913, 18.1363
92.6694, 158.387
200, 140.985
66.4832, 77.6953
Evaluation Time: 0.804512 seconds
Resulting Fitness: 0.726667
Current global best fitness: 1
Current global best relays: 0, 62.6608
114.155, 131.243
169.227, 93.8457
70.2874, 90.8093
Particle 1 new velocities: 0, 50.1286
24.5707, -39.1006
0.113137, -34.2967
1.9211, 2.99834
Particle 2 new velocities: -1.00358, 33.2495
-0.888176, -5.67334
-0.179256, -27.6016
0.00283979, 6.62294
Particle 3 new velocities: -25.4139, 40.7023
8.985, -97.4947
21.1166, 30.9231
29.406, -0.54938
Particle 4 new velocities: -31.6498, 17.9283
31.9417, -34.3666
-68.2042, -178.673
4.22688, -12.9672
-- ITERATION 7 --
-------------
Particle: 1:
Relays Coordinates:
0, 112.789
138.726, 92.1422
169.34, 59.5489
72.2085, 93.8076
Evaluation Time: 0.546739 seconds
Resulting Fitness: 0.16
-------------
Particle: 2:
Relays Coordinates:
21.8784, 62.3242
114.319, 147.826
169.159, 93.4078
69.4943, 92.3084
Evaluation Time: 0.889518 seconds
Resulting Fitness: 0.98
New local best!
-------------
Particle: 3:
Relays Coordinates:
0, 57.0764
151.871, 84.2844
185.763, 100.021
97.8267, 64.6183
Evaluation Time: 0.746712 seconds
Resulting Fitness: 0.313333
-------------
Particle: 4:
Relays Coordinates:
0, 36.0645
124.611, 124.02
131.796, 0
70.71, 64.7281
Evaluation Time: 0.855678 seconds
Resulting Fitness: 0.893333
Current global best fitness: 1
Current global best relays: 0, 62.6608
114.155, 131.243
169.227, 93.8457
70.2874, 90.8093
Particle 1 new velocities: 0, -68.9681
-19.3629, 62.7349
-0.0982081, 12.0137
-1.09339, -3.8602
Particle 2 new velocities: -5.38792, 26.6612
-0.905971, -22.9299
-0.114904, -21.4097
1.07094, 4.32271
Particle 3 new velocities: 36.8446, 40.5138
-137.146, -52.0165
2.23368, 58.0621
3.10206, 56.0542
Particle 4 new velocities: 120.61, 60.8762
13.6268, -3.77071
-12.1397, 49.0777
2.68669, 10.6787
-- ITERATION 8 --
-------------
Particle: 1:
Relays Coordinates:
0, 43.8213
119.363, 154.877
169.242, 71.5626
71.1151, 89.9474
Evaluation Time: 0.841771 seconds
Resulting Fitness: 0.793333
-------------
Particle: 2:
Relays Coordinates:
16.4904, 88.9854
113.413, 124.897
169.044, 71.9981
70.5652, 96.6311
Evaluation Time: 0.953223 seconds
Resulting Fitness: 0.506667
-------------
Particle: 3:
Relays Coordinates:
36.8446, 97.5902
14.7257, 32.268
187.997, 158.083
100.929, 120.672
Evaluation Time: 0.819825 seconds
Resulting Fitness: 0.766667
-------------
Particle: 4:
Relays Coordinates:
120.61, 96.9407
138.238, 120.249
119.656, 49.0777
73.3967, 75.4068
Evaluation Time: 0.547297 seconds
Resulting Fitness: 0.16
Current global best fitness: 1
Current global best relays: 0, 62.6608
114.155, 131.243
169.227, 93.8457
70.2874, 90.8093
Particle 1 new velocities: 0, -28.2458
-23.5394, 18.9264
-0.113856, 56.972
-3.13807, -2.08128
Particle 2 new velocities: -6.86279, -50.6896
0.113318, -10.4156
0.169469, -7.03503
0.132734, -0.525229
Particle 3 new velocities: 26.2978, -34.6823
-71.8434, 129.044
-31.3836, -70.8593
-2.31524, 41.5378
Particle 4 new velocities: 19.325, -13.9581
-59.3612, 27.3511
-66.6728, 40.4787
-5.09117, 18.8877
-- ITERATION 9 --
-------------
Particle: 1:
Relays Coordinates:
0, 15.5755
95.8235, 173.804
169.128, 128.535
67.977, 87.8661
Evaluation Time: 0.842747 seconds
Resulting Fitness: 0.233333
-------------
Particle: 2:
Relays Coordinates:
9.62765, 38.2958
113.526, 114.481
169.213, 64.9631
70.6979, 96.1059
Evaluation Time: 0.862257 seconds
Resulting Fitness: 0.946667
-------------
Particle: 3:
Relays Coordinates:
63.1425, 62.908
0, 161.312
156.613, 87.2234
98.6135, 162.21
Evaluation Time: 0.815384 seconds
Resulting Fitness: 0.366667
-------------
Particle: 4:
Relays Coordinates:
139.935, 82.9826
78.8768, 147.601
52.9833, 89.5565
68.3055, 94.2946
Evaluation Time: 0.561449 seconds
Resulting Fitness: 0.16
Current global best fitness: 1
Current global best relays: 0, 62.6608
114.155, 131.243
169.227, 93.8457
70.2874, 90.8093
Particle 1 new velocities: 0, 66.8098
-6.90211, -91.5564
0.0340834, -22.0198
1.80822, 2.16642
Particle 2 new velocities: -13.0332, 6.34647
1.11469, 39.4824
0.124356, 60.0072
-0.297225, -10.6646
Particle 3 new velocities: -21.9235, -26.6532
37.2102, 48.3517
-15.0051, 3.59053
-25.3204, -81.343
Particle 4 new velocities: -139.197, -25.0905
-2.87076, 13.3224
-54.9911, 16.7355
-1.15549, -2.83263
-- ITERATION 10 --
-------------
Particle: 1:
Relays Coordinates:
0, 82.3853
88.9214, 82.2472
169.162, 106.515
69.7853, 90.0325
Evaluation Time: 0.904617 seconds
Resulting Fitness: 0.893333
-------------
Particle: 2:
Relays Coordinates:
0, 44.6422
114.641, 153.963
169.338, 124.97
70.4007, 85.4414
Evaluation Time: 0.857624 seconds
Resulting Fitness: 0.926667
-------------
Particle: 3:
Relays Coordinates:
41.2189, 36.2548
37.2102, 200
141.608, 90.8139
73.2931, 80.8672
Evaluation Time: 0.787399 seconds
Resulting Fitness: 0.8
-------------
Particle: 4:
Relays Coordinates:
0.737584, 57.8921
76.006, 160.923
0, 106.292
67.1501, 91.4619
Evaluation Time: 0.826217 seconds
Resulting Fitness: 0.713333
Current global best fitness: 1
Current global best relays: 0, 62.6608
114.155, 131.243
169.227, 93.8457
70.2874, 90.8093
Particle 1 new velocities: 0, 16.0881
20.6791, 0.49382
0.0488018, -41.5507
1.86283, 3.15228
Particle 2 new velocities: 15.995, 43.306
0.291368, 16.9785
-0.120722, -14.3509
-0.25583, 4.07731
Particle 3 new velocities: -94.2933, 7.75951
135.532, -77.0757
70.2462, 9.92404
-13.61, -23.9844
Particle 4 new velocities: 26.2322, -6.16992
54.3711, 3.73968
134.713, -20.6765
5.91621, -17.6861
-- ITERATION 11 --
-------------
Particle: 1:
Relays Coordinates:
0, 98.4734
109.6, 82.741
169.211, 64.9641
71.6481, 93.1848
Evaluation Time: 0.845907 seconds
Resulting Fitness: 0.166667
-------------
Particle: 2:
Relays Coordinates:
15.995, 87.9483
114.933, 170.942
169.217, 110.619
70.1449, 89.5187
Evaluation Time: 0.830174 seconds
Resulting Fitness: 0.433333
-------------
Particle: 3:
Relays Coordinates:
0, 44.0143
172.742, 122.924
200, 100.738
59.6831, 56.8829
Evaluation Time: 0.647674 seconds
Resulting Fitness: 0.366667
-------------
Particle: 4:
Relays Coordinates:
26.9698, 51.7222
130.377, 164.663
134.713, 85.6155
73.0663, 73.7758
Evaluation Time: 0.86851 seconds
Resulting Fitness: 0.94
Current global best fitness: 1
Current global best relays: 0, 62.6608
114.155, 131.243
169.227, 93.8457
70.2874, 90.8093
Particle 1 new velocities: 0, -25.5038
23.3516, 113.846
0.0659885, 27.712
-0.476809, -0.658788
Particle 2 new velocities: 6.75744, -21.8488
-1.28699, -60.991
-0.131365, -33.0796
-0.117814, 7.71309
Particle 3 new velocities: 28.5799, 45.9032
-56.7449, -60.9159
-31.4587, 30.8344
25.2557, 53.8587
Particle 4 new velocities: 74.5154, 7.4405
-0.298753, -50.5864
12.0801, -23.8109
1.25102, -16.1068
-- ITERATION 12 --
-------------
Particle: 1:
Relays Coordinates:
0, 72.9695
132.952, 196.587
169.277, 92.6761
71.1713, 92.526
Evaluation Time: 0.780539 seconds
Resulting Fitness: 0.64
-------------
Particle: 2:
Relays Coordinates:
22.7524, 66.0995
113.646, 109.951
169.086, 77.5398
70.0271, 97.2317
Evaluation Time: 0.852434 seconds
Resulting Fitness: 0.96
-------------
Particle: 3:
Relays Coordinates:
28.5799, 89.9175
115.997, 62.0084
168.541, 131.572
84.9388, 110.742
Evaluation Time: 0.894603 seconds
Resulting Fitness: 0.2
-------------
Particle: 4:
Relays Coordinates:
101.485, 59.1627
130.078, 114.076
146.793, 61.8047
74.3173, 57.6691
Evaluation Time: 0.946251 seconds
Resulting Fitness: 0.213333
Current global best fitness: 1
Current global best relays: 0, 62.6608
114.155, 131.243
169.227, 93.8457
70.2874, 90.8093
Particle 1 new velocities: 0, -34.1478
-17.6199, 17.3229
0.0382906, 22.7251
-1.23615, -3.58891
Particle 2 new velocities: 0.634507, -21.3375
-0.142157, -41.9503
0.0216019, 6.19937
0.0305551, -2.56198
Particle 3 new velocities: 8.8776, 33.7576
-90.7879, 84.8394
-21.8421, -13.0071
32.2633, 28.0891
Particle 4 new velocities: -11.6506, 33.2975
-57.8445, -28.4066
-39.291, -27.6151
-7.33868, 47.2858
-- ITERATION 13 --
-------------
Particle: 1:
Relays Coordinates:
0, 38.8217
115.332, 200
169.316, 115.401
69.9351, 88.9371
Evaluation Time: 0.697388 seconds
Resulting Fitness: 0.613333
-------------
Particle: 2:
Relays Coordinates:
23.3869, 44.762
113.503, 68.0005
169.107, 83.7391
70.0576, 94.6698
Evaluation Time: 0.875129 seconds
Resulting Fitness: 0.886667
-------------
Particle: 3:
Relays Coordinates:
37.4575, 123.675
25.2096, 146.848
146.699, 118.565
117.202, 138.831
Evaluation Time: 0.523091 seconds
Resulting Fitness: 0.166667
-------------
Particle: 4:
Relays Coordinates:
89.8346, 92.4602
72.2339, 85.6696
107.502, 34.1896
66.9786, 104.955
Evaluation Time: 0.548045 seconds
Resulting Fitness: 0.16
Current global best fitness: 1
Current global best relays: 0, 62.6608
114.155, 131.243
169.227, 93.8457
70.2874, 90.8093
Particle 1 new velocities: 0, -1.12357
-17.5444, -132.124
-0.0869819, -8.96886
-0.692378, -1.64798
Particle 2 new velocities: -5.2289, 5.01509
0.797287, 70.7107
0.0983591, 13.2003
-0.500051, -6.10028
Particle 3 new velocities: 4.47262, -37.2847
-51.6332, 64.7554
20.2385, -25.1042
-35.0716, 17.5765
Particle 4 new velocities: 3.86694, -30.2914
13.5311, 36.6131
-66.2211, 20.8343
1.19841, -27.9698
-- ITERATION 14 --
-------------
Particle: 1:
Relays Coordinates:
0, 37.6982
97.7877, 67.8762
169.229, 106.432
69.2428, 87.2891
Evaluation Time: 0.870582 seconds
Resulting Fitness: 0.873333
-------------
Particle: 2:
Relays Coordinates:
18.158, 49.7771
114.301, 138.711
169.205, 96.9395
69.5576, 88.5695
Evaluation Time: 0.911844 seconds
Resulting Fitness: 0.993333
New local best!
-------------
Particle: 3:
Relays Coordinates:
41.9301, 86.3904
0, 200
166.938, 93.461
82.1305, 156.407
Evaluation Time: 0.754566 seconds
Resulting Fitness: 0.173333
-------------
Particle: 4:
Relays Coordinates:
93.7016, 62.1688
85.7649, 122.283
41.2813, 55.0239
68.177, 76.985
Evaluation Time: 0.796123 seconds
Resulting Fitness: 0.82
Current global best fitness: 1
Current global best relays: 0, 62.6608
114.155, 131.243
169.227, 93.8457
70.2874, 90.8093
Particle 1 new velocities: 0, 43.8221
-7.03982, 14.5504
-0.0721766, -26.251
0.634315, 4.27613
Particle 2 new velocities: -32.3527, 4.64333
0.377142, 45.5753
0.106559, 5.68901
-0.0550882, -4.0567
Particle 3 new velocities: -26.1762, -53.7829
72.3955, -97.0658
24.9988, -4.49397
-21.9977, -105.757
Particle 4 new velocities: -4.59532, -16.6348
28.6185, 54.9786
-57.6752, 66.6234
4.54486, -11.0009
-- ITERATION 15 --
-------------
Particle: 1:
Relays Coordinates:
0, 81.5203
90.7479, 82.4266
169.156, 80.1814
69.8771, 91.5653
Evaluation Time: 0.883641 seconds
Resulting Fitness: 0.866667
-------------
Particle: 2:
Relays Coordinates:
0, 54.4204
114.678, 184.286
169.312, 102.628
69.5025, 84.5128
Evaluation Time: 0.819702 seconds
Resulting Fitness: 0.626667
-------------
Particle: 3:
Relays Coordinates:
15.754, 32.6075
72.3955, 102.934
191.937, 88.967
60.1328, 50.6499
Evaluation Time: 0.799103 seconds
Resulting Fitness: 0.693333
-------------
Particle: 4:
Relays Coordinates:
89.1063, 45.534
114.383, 177.261
0, 121.647
72.7219, 65.9842
Evaluation Time: 0.739448 seconds
Resulting Fitness: 0.16
Current global best fitness: 1
Current global best relays: 0, 62.6608
114.155, 131.243
169.227, 93.8457
70.2874, 90.8093
Particle 1 new velocities: 0, 9.60159
34.1171, 110.175
0.1279, 5.57928
1.14097, 2.96332
Particle 2 new velocities: 18.6267, 12.7588
-0.0453269, 3.57757
-0.0664874, -14.0013
0.288095, 8.62814
Particle 3 new velocities: -19.2067, 27.098
72.822, -40.5364
5.63335, 56.4482
23.1883, -29.4937
Particle 4 new velocities: -28.3489, 24.1724
17.7578, -26.4852
194.259, 18.3668
1.00425, -2.32545
-- ITERATION 16 --
-------------
Particle: 1:
Relays Coordinates:
0, 91.1219
124.865, 192.601
169.284, 85.7606
71.018, 94.5286
Evaluation Time: 0.841368 seconds
Resulting Fitness: 0.346667
-------------
Particle: 2:
Relays Coordinates:
18.6267, 67.1792
114.632, 187.864
169.246, 88.6271
69.7906, 93.1409
Evaluation Time: 0.775463 seconds
Resulting Fitness: 0.646667
-------------
Particle: 3:
Relays Coordinates:
0, 59.7055
145.218, 62.3978
197.57, 145.415
83.3211, 21.1562
Evaluation Time: 0.811514 seconds
Resulting Fitness: 0.7
-------------
Particle: 4:
Relays Coordinates:
60.7574, 69.7064
132.141, 150.776
194.259, 140.014
73.7261, 63.6587
Evaluation Time: 0.737865 seconds
Resulting Fitness: 0.3
Current global best fitness: 1
Current global best relays: 0, 62.6608
114.155, 131.243
169.227, 93.8457
70.2874, 90.8093
Particle 1 new velocities: 0, -28.1796
13.3844, -1.71123
0.0302603, 17.104
-0.1344, -4.4752
Particle 2 new velocities: -8.22098, -0.0610216
-0.653928, -102.559
-0.0940851, 1.97086
0.299284, 2.01963
Particle 3 new velocities: 29.5844, 27.4482
-98.6224, 55.0552
-12.7955, 3.14286
10.2849, -13.7697
Particle 4 new velocities: -26.8956, 16.3762
-8.05357, -32.2583
-69.7158, -94.919
-3.31898, 14.6585
-- ITERATION 17 --
-------------
Particle: 1:
Relays Coordinates:
0, 62.9423
138.249, 190.89
169.315, 102.865
70.8836, 90.0534
Evaluation Time: 0.821497 seconds
Resulting Fitness: 0.64
-------------
Particle: 2:
Relays Coordinates:
10.4057, 67.1182
113.979, 85.3048
169.151, 90.598
70.0899, 95.1606
Evaluation Time: 0.846822 seconds
Resulting Fitness: 0.893333
-------------
Particle: 3:
Relays Coordinates:
29.5844, 87.1537
46.5951, 117.453
184.774, 148.558
93.6061, 7.38649
Evaluation Time: 0.759452 seconds
Resulting Fitness: 0.286667
-------------
Particle: 4:
Relays Coordinates:
33.8618, 86.0826
124.088, 118.518
124.543, 45.0951
70.4071, 78.3172
Evaluation Time: 0.909272 seconds
Resulting Fitness: 0.32
Current global best fitness: 1
Current global best relays: 0, 62.6608
114.155, 131.243
169.227, 93.8457
70.2874, 90.8093
Particle 1 new velocities: 0, -22.9037
-6.22439, -87.7875
-0.0847321, 4.14862
-1.64632, -2.79498
Particle 2 new velocities: -13.4279, -8.60448
-0.21854, -22.2253
-0.0356243, 5.87125
-0.211512, -3.95227
Particle 3 new velocities: -16.5033, -14.4023
26.9647, 52.1102
-18.0076, -77.5343
-10.0695, 70.2272
Particle 4 new velocities: -5.39402, -19.0036
-50.6029, -0.0218577
-54.5222, -15.7361
-2.80592, 27.303
-- ITERATION 18 --
-------------
Particle: 1:
Relays Coordinates:
0, 40.0386
132.025, 103.102
169.23, 107.013
69.2373, 87.2584
Evaluation Time: 0.876444 seconds
Resulting Fitness: 0.92
-------------
Particle: 2:
Relays Coordinates:
0, 58.5137
113.76, 63.0796
169.116, 96.4692
69.8784, 91.2083
Evaluation Time: 0.83019 seconds
Resulting Fitness: 0.88
-------------
Particle: 3:
Relays Coordinates:
13.081, 72.7514
73.5598, 169.563
166.767, 71.0237
83.5365, 77.6137
Evaluation Time: 0.828449 seconds
Resulting Fitness: 0.813333
-------------
Particle: 4:
Relays Coordinates:
28.4678, 67.079
73.4848, 118.496
70.0212, 29.359
67.6012, 105.62
Evaluation Time: 0.766277 seconds
Resulting Fitness: 0.8
Current global best fitness: 1
Current global best relays: 0, 62.6608
114.155, 131.243
169.227, 93.8457
70.2874, 90.8093
Particle 1 new velocities: 0, 2.73048
-23.9947, -12.1298
-0.0722183, -19.0386
0.30762, 4.83254
Particle 2 new velocities: 16.2825, -12.5377
0.732593, 114.282
0.0272754, 2.9424
0.196783, -5.18876
Particle 3 new velocities: -19.5593, -24.226
34.2312, -37.1689
1.91385, -25.3048
-23.6533, 87.1726
Particle 4 new velocities: 53.3489, -12.2611
-19.3501, 29.431
51.1226, -10.2012
4.30371, -1.96966
-- ITERATION 19 --
-------------
Particle: 1:
Relays Coordinates:
0, 42.7691
108.03, 90.9726
169.158, 87.9746
69.5449, 92.0909
Evaluation Time: 0.811828 seconds
Resulting Fitness: 0.853333
-------------
Particle: 2:
Relays Coordinates:
16.2825, 45.976
114.493, 177.361
169.143, 99.4116
70.0751, 86.0195
Evaluation Time: 0.772858 seconds
Resulting Fitness: 0.613333
-------------
Particle: 3:
Relays Coordinates:
0, 48.5253
107.791, 132.394
168.681, 45.719
59.8833, 164.786
Evaluation Time: 0.573667 seconds
Resulting Fitness: 0.3
-------------
Particle: 4:
Relays Coordinates:
81.8168, 54.8179
54.1347, 147.927
121.144, 19.1578
71.9049, 103.651
Evaluation Time: 0.806419 seconds
Resulting Fitness: 0.16
Current global best fitness: 1
Current global best relays: 0, 62.6608
114.155, 131.243
169.227, 93.8457
70.2874, 90.8093
Particle 1 new velocities: 0, 45.0953
-11.0387, 67.2849
0.0638614, -3.87961
1.47383, 2.83394
Particle 2 new velocities: 12.0109, 6.17601
0.345426, 25.3753
0.0980479, -5.32488
-0.0346895, 1.42568
Particle 3 new velocities: 6.68905, -7.18069
2.72817, -40.6236
5.65292, 39.542
18.1314, -10.2201
Particle 4 new velocities: 36.0671, 22.2785
44.7956, 3.90404
6.83225, 6.72725
0.259041, -26.5741
-- ITERATION 20 --
-------------
Particle: 1:
Relays Coordinates:
0, 87.8643
96.9918, 158.258
169.221, 84.095
71.0188, 94.9249
Evaluation Time: 0.865232 seconds
Resulting Fitness: 0.6
-------------
Particle: 2:
Relays Coordinates:
28.2934, 52.152
114.838, 200
169.241, 94.0868
70.0405, 87.4452
Evaluation Time: 0.746799 seconds
Resulting Fitness: 0.606667
-------------
Particle: 3:
Relays Coordinates:
6.68905, 41.3447
110.519, 91.7708
174.334, 85.261
78.0147, 154.566
Evaluation Time: 0.569029 seconds
Resulting Fitness: 0.286667
-------------
Particle: 4:
Relays Coordinates:
117.884, 77.0963
98.9302, 151.831
127.976, 25.885
72.164, 77.0764
Evaluation Time: 0.531637 seconds
Resulting Fitness: 0.16
Current global best fitness: 1
Current global best relays: 0, 62.6608
114.155, 131.243
169.227, 93.8457
70.2874, 90.8093
Particle 1 new velocities: 0, 17.603
12.7254, -20.2976
0.0578961, 8.77306
-0.778308, -9.36238
Particle 2 new velocities: -38.5883, 17.4906
-1.23935, -57.9148
0.0489103, -3.03925
-0.278064, 3.43196
Particle 3 new velocities: 11.8514, 52.0742
-31.3556, 29.842
1.46122, 62.1746
20.4591, -97.3036
Particle 4 new velocities: -171.644, 1.05576
41.844, -26.8708
-58.6848, 113.106
-2.69971, -3.5434
-- ITERATION 21 --
-------------
Particle: 1:
Relays Coordinates:
0, 105.467
109.717, 137.96
169.279, 92.8681
70.2405, 85.5625
Evaluation Time: 0.578583 seconds
Resulting Fitness: 0.16
-------------
Particle: 2:
Relays Coordinates:
0, 69.6425
113.599, 142.085
169.29, 91.0475
69.7624, 90.8772
Evaluation Time: 0.93703 seconds
Resulting Fitness: 0.993333
-------------
Particle: 3:
Relays Coordinates:
18.5404, 93.4188
79.1635, 121.613
175.795, 147.436
98.4738, 57.2626
Evaluation Time: 0.880615 seconds
Resulting Fitness: 0.16
-------------
Particle: 4:
Relays Coordinates:
0, 78.1521
140.774, 124.96
69.2912, 138.991
69.4643, 73.533
Evaluation Time: 0.900658 seconds
Resulting Fitness: 0.953333
New local best!
Current global best fitness: 1
Current global best relays: 0, 62.6608
114.155, 131.243
169.227, 93.8457
70.2874, 90.8093
Particle 1 new velocities: 0, -88.7031
14.6427, -26.493
-0.0701075, 8.32737
-0.550831, 1.02779
Particle 2 new velocities: 6.72244, -2.68921
0.292333, -63.5754
-0.120786, 2.7296
0.0167492, 1.80735
Particle 3 new velocities: -7.94338, -19.7569
18.6469, 16.0919
1.75158, -49.1187
1.06216, 19.5366
Particle 4 new velocities: 0, -8.62511
29.4405, -16.6003
45.5704, 82.0216
-1.01089, 3.97387
-- ITERATION 22 --
-------------
Particle: 1:
Relays Coordinates:
0, 16.7642
124.36, 111.467
169.209, 101.195
69.6896, 86.5903
Evaluation Time: 0.856166 seconds
Resulting Fitness: 0.24
-------------
Particle: 2:
Relays Coordinates:
6.72244, 66.9533
113.891, 78.5098
169.169, 93.7771
69.7791, 92.6845
Evaluation Time: 0.83631 seconds
Resulting Fitness: 0.88
-------------
Particle: 3:
Relays Coordinates:
10.597, 73.662
97.8104, 137.705
177.546, 98.317
99.536, 76.7993
Evaluation Time: 0.842358 seconds
Resulting Fitness: 0.726667
-------------
Particle: 4:
Relays Coordinates:
0, 69.527
170.215, 108.36
114.862, 200
68.4534, 77.5069
Evaluation Time: 0.667051 seconds
Resulting Fitness: 0.56
Current global best fitness: 1
Current global best relays: 0, 62.6608
114.155, 131.243
169.227, 93.8457
70.2874, 90.8093
Particle 1 new velocities: 0, -13.8977
-8.25035, 18.0795
-0.0247997, 3.93919
0.646796, 3.13122
Particle 2 new velocities: 6.2505, -17.9454
0.391813, 76.4397
0.0114637, 4.38675
0.145032, -4.14235
Particle 3 new velocities: -3.50726, -37.8929
-21.3426, -8.64892
0.339556, -21.2866
-43.0115, 69.703
Particle 4 new velocities: 0, -14.7426
-82.7457, 33.2059
79.6509, -44.3964
0.6063, 4.91458
-- ITERATION 23 --
-------------
Particle: 1:
Relays Coordinates:
0, 2.86649
116.11, 129.546
169.184, 105.135
70.3364, 89.7215
Evaluation Time: 0.54324 seconds
Resulting Fitness: 0.16
-------------
Particle: 2:
Relays Coordinates:
12.9729, 49.0079
114.283, 154.949
169.181, 98.1639
69.9242, 88.5422
Evaluation Time: 0.87687 seconds
Resulting Fitness: 0.993333
-------------
Particle: 3:
Relays Coordinates:
7.08978, 35.769
76.4678, 129.056
177.886, 77.0304
56.5244, 146.502
Evaluation Time: 0.546874 seconds
Resulting Fitness: 0.293333
-------------
Particle: 4:
Relays Coordinates:
0, 54.7844
87.4691, 141.566
194.513, 155.604
69.0597, 82.4215
Evaluation Time: 0.756787 seconds
Resulting Fitness: 0.713333
Current global best fitness: 1
Current global best relays: 0, 62.6608
114.155, 131.243
169.227, 93.8457
70.2874, 90.8093
Particle 1 new velocities: 0, 141.33
-10.5009, 16.6051
0.0481968, -7.35076
0.457424, 2.97176
Particle 2 new velocities: -16.6187, 9.29464
0.279524, 11.4179
0.0834361, -3.15643
0.306665, -0.923662
Particle 3 new velocities: 23.1318, 35.8768
27.2343, -20.7616
-4.4865, 6.63677
-23.3546, 49.5251
Particle 4 new velocities: 0, 5.96232
17.7883, 9.65647
12.3307, -108.004
2.70899, 14.285
-- ITERATION 24 --
-------------
Particle: 1:
Relays Coordinates:
0, 144.196
105.609, 146.152
169.233, 97.7839
70.7939, 92.6933
Evaluation Time: 0.555961 seconds
Resulting Fitness: 0.16
-------------
Particle: 2:
Relays Coordinates:
0, 58.3025
114.562, 166.367
169.264, 95.0074
70.2308, 87.6185
Evaluation Time: 0.834738 seconds
Resulting Fitness: 0.753333
-------------
Particle: 3:
Relays Coordinates:
30.2216, 71.6458
103.702, 108.294
173.399, 83.6672
33.1699, 196.027
Evaluation Time: 0.832855 seconds
Resulting Fitness: 0.933333
New local best!
-------------
Particle: 4:
Relays Coordinates:
0, 60.7467
105.257, 151.222
200, 47.5992
71.7687, 96.7065
Evaluation Time: 0.75855 seconds
Resulting Fitness: 0.8
Current global best fitness: 1
Current global best relays: 0, 62.6608
114.155, 131.243
169.227, 93.8457
70.2874, 90.8093
Particle 1 new velocities: 0, -48.5521
-2.42334, 3.77246
0.0306385, -12.2725
-0.748317, 1.51851
Particle 2 new velocities: 16.4844, 11.0876
0.0439047, -39.8541
0.0153735, -3.53968
-0.247354, 4.87398
Particle 3 new velocities: -14.6415, 23.5672
36.9279, -14.3201
-4.97793, 16.2152
-5.41985, -100.659
Particle 4 new velocities: 0, 15.1083
24.0235, -14.9113
-126.191, -53.0763
-0.54837, -3.17883
-- ITERATION 25 --
-------------
Particle: 1:
Relays Coordinates:
0, 95.644
103.185, 149.924
169.263, 85.5113
70.0455, 94.2118
Evaluation Time: 0.880874 seconds
Resulting Fitness: 0.18
-------------
Particle: 2:
Relays Coordinates:
16.4844, 69.3901
114.606, 126.513
169.28, 91.4678
69.9835, 92.4925
Evaluation Time: 0.854639 seconds
Resulting Fitness: 0.993333
-------------
Particle: 3:
Relays Coordinates:
15.5801, 95.213
140.63, 93.974
168.421, 99.8823
27.75, 95.3687
Evaluation Time: 0.637814 seconds
Resulting Fitness: 0.166667
-------------
Particle: 4:
Relays Coordinates:
0, 75.855
129.281, 136.311
73.8089, 0
71.2203, 93.5276
Evaluation Time: 0.81781 seconds
Resulting Fitness: 0.906667
Current global best fitness: 1
Current global best relays: 0, 62.6608
114.155, 131.243
169.227, 93.8457
70.2874, 90.8093
Particle 1 new velocities: 0, -109.297
21.7228, -38.1643
-0.00339401, -5.31953
-0.151765, -5.58925
Particle 2 new velocities: -13.6202, -13.3422
-0.3934, -20.985
-0.125449, 0.765942
-0.196375, -2.61588
Particle 3 new velocities: -14.7707, 3.36054
14.7131, 36.9388
-1.08442, 10.2103
32.9445, 5.32485
Particle 4 new velocities: 0, 8.9441
12.522, -28.2422
59.6676, 133.709
-2.30893, -25.762
-- ITERATION 26 --
-------------
Particle: 1:
Relays Coordinates:
0, 0
124.908, 111.76
169.26, 80.1918
69.8938, 88.6225
Evaluation Time: 0.522321 seconds
Resulting Fitness: 0.166667
-------------
Particle: 2:
Relays Coordinates:
2.86419, 56.048
114.213, 105.528
169.154, 92.2337
69.7871, 89.8766
Evaluation Time: 0.840369 seconds
Resulting Fitness: 0.926667
-------------
Particle: 3:
Relays Coordinates:
0.809429, 98.5735
155.343, 130.913
167.337, 110.093
60.6945, 100.694
Evaluation Time: 0.788279 seconds
Resulting Fitness: 0.16
-------------
Particle: 4:
Relays Coordinates:
0, 84.7991
141.803, 108.069
133.476, 133.709
68.9114, 67.7656
Evaluation Time: 0.942558 seconds
Resulting Fitness: 0.92
Current global best fitness: 1
Current global best relays: 0, 62.6608
114.155, 131.243
169.227, 93.8457
70.2874, 90.8093
Particle 1 new velocities: 0, 80.7878
2.33294, -11.8138
-0.0606068, 13.2912
0.266501, -3.48579
Particle 2 new velocities: 3.87785, -7.44441
-0.283802, 29.2809
0.0620318, 5.63138
0.45225, -2.03336
Particle 3 new velocities: 2.43151, -18.8934
-56.5399, 15.5433
5.94839, 1.1848
20.2715, 5.18608
Particle 4 new velocities: 0, -14.1824
-1.33732, 13.4333
57.8238, 75.8657
1.12862, 2.56461
-- ITERATION 27 --
-------------
Particle: 1:
Relays Coordinates:
0, 80.7878
127.241, 99.9459
169.199, 93.483
70.1603, 85.1368
Evaluation Time: 0.858465 seconds
Resulting Fitness: 0.893333
-------------
Particle: 2:
Relays Coordinates:
6.74204, 48.6036
113.929, 134.809
169.216, 97.8651
70.2394, 87.8432
Evaluation Time: 0.891569 seconds
Resulting Fitness: 0.986667
-------------
Particle: 3:
Relays Coordinates:
3.24094, 79.6802
98.8032, 146.456
173.285, 111.277
80.966, 105.88
Evaluation Time: 0.865285 seconds
Resulting Fitness: 0.946667
New local best!
-------------
Particle: 4:
Relays Coordinates:
0, 70.6167
140.466, 121.502
191.3, 200
70.04, 70.3302
Evaluation Time: 0.904831 seconds
Resulting Fitness: 0.88
Current global best fitness: 1
Current global best relays: 0, 62.6608
114.155, 131.243
169.227, 93.8457
70.2874, 90.8093
Particle 1 new velocities: 0, 29.3879
-16.9696, 61.7894
-0.00202152, 11.2711
0.253779, 10.5745
Particle 2 new velocities: -2.1654, -5.01364
0.400216, 23.1041
0.0450588, -2.07164
-0.197453, -0.363575
Particle 3 new velocities: -3.63397, -33.57
-40.9115, 0.477288
4.27815, -1.37267
11.772, -22.7833
Particle 4 new velocities: 0, -9.69867
-19.4843, 19.4834
-80.0574, -169.135
0.832048, 8.91501
-- ITERATION 28 --
-------------
Particle: 1:
Relays Coordinates:
0, 110.176
110.271, 161.735
169.197, 104.754
70.4141, 95.7113
Evaluation Time: 0.551671 seconds
Resulting Fitness: 0.16
-------------
Particle: 2:
Relays Coordinates:
4.57664, 43.5899
114.329, 157.913
169.261, 95.7934
70.0419, 87.4797
Evaluation Time: 0.900003 seconds
Resulting Fitness: 0.973333
-------------
Particle: 3:
Relays Coordinates:
0, 46.1102
57.8917, 146.933
177.564, 109.905
92.738, 83.0964
Evaluation Time: 0.838991 seconds
Resulting Fitness: 0.286667
-------------
Particle: 4:
Relays Coordinates:
0, 60.918
120.981, 140.985
111.243, 30.8647
70.872, 79.2452
Evaluation Time: 0.884477 seconds
Resulting Fitness: 0.973333
New local best!
Current global best fitness: 1
Current global best relays: 0, 62.6608
114.155, 131.243
169.227, 93.8457
70.2874, 90.8093
Particle 1 new velocities: 0, -10.6973
-10.6783, 9.5544
0.0442211, -18.7782
-0.10375, -1.21446
Particle 2 new velocities: 7.75516, 20.9943
0.106903, -21.2032
0.0208274, -2.77835
0.237498, 6.75841
Particle 3 new velocities: 3.33862, 34.4306
75.5834, -1.25784
-4.21858, -20.2051
-13.5829, 4.84246
Particle 4 new velocities: 0, -6.51852
-16.3091, 10.3198
-39.787, -66.7275
-0.367315, 16.343
-- ITERATION 29 --
-------------
Particle: 1:
Relays Coordinates:
0, 99.4783
99.5932, 171.29
169.242, 85.9758
70.3103, 94.4968
Evaluation Time: 0.820882 seconds
Resulting Fitness: 0.166667
-------------
Particle: 2:
Relays Coordinates:
12.3318, 64.5842
114.436, 136.71
169.282, 93.0151
70.2794, 94.2381
Evaluation Time: 0.879001 seconds
Resulting Fitness: 1
New local best!
-------------
Particle: 3:
Relays Coordinates:
3.33862, 80.5408
133.475, 145.676
173.345, 89.6997
79.1551, 87.9388
Evaluation Time: 0.866908 seconds
Resulting Fitness: 0.986667
New local best!
-------------
Particle: 4:
Relays Coordinates:
0, 54.3995
104.672, 151.305
71.4559, 0
70.5047, 95.5882
Evaluation Time: 0.765176 seconds
Resulting Fitness: 0.86
Current global best fitness: 1
Current global best relays: 0, 62.6608
114.155, 131.243
169.227, 93.8457
70.2874, 90.8093
Particle 1 new velocities: 0, -51.1837
25.4147, -75.6135
0.0190098, -8.95372
-0.115706, -7.5439
Particle 2 new velocities: -5.7065, 15.877
-0.0307821, -25.4046
-0.028461, -1.41432
0.202077, 1.22845
Particle 3 new velocities: 0.293232, 20.6565
47.7723, -23.6943
-6.47654, -15.6401
-22.2761, 8.29786
Particle 4 new velocities: 0, 7.78079
-6.44238, -27.9248
32.5565, 18.4852
-0.485672, -14.6978
-- ITERATION 30 --
-------------
Particle: 1:
Relays Coordinates:
0, 48.2946
125.008, 95.6762
169.261, 77.0221
70.1946, 86.9529
Evaluation Time: 0.806392 seconds
Resulting Fitness: 0.853333
-------------
Particle: 2:
Relays Coordinates:
6.6253, 80.4611
114.405, 111.306
169.254, 91.6008
70.4815, 95.4665
Evaluation Time: 0.867507 seconds
Resulting Fitness: 0.926667
-------------
Particle: 3:
Relays Coordinates:
3.63185, 101.197
181.247, 121.981
166.869, 74.0596
56.879, 96.2367
Evaluation Time: 0.685329 seconds
Resulting Fitness: 0.16
-------------
Particle: 4:
Relays Coordinates:
0, 62.1803
98.2298, 123.38
104.012, 18.4852
70.019, 80.8904
Evaluation Time: 0.824654 seconds
Resulting Fitness: 0.866667
Current global best fitness: 1
Current global best relays: 0, 62.6608
114.155, 131.243
169.227, 93.8457
70.2874, 90.8093
Particle 1 new velocities: 0, -22.1395
6.31436, 10.6384
-0.0700369, 29.6983
-0.0177413, 0.791436
Particle 2 new velocities: -4.2615, -7.41864
-0.136775, -16.1943
-0.058196, 3.60846
-0.275364, -3.40295
Particle 3 new velocities: -3.93278, -67.2296
5.40277, 3.80295
-2.14682, 3.25241
-16.2828, 4.43861
Particle 4 new velocities: 0, 4.92618
18.8688, -14.1855
68.2625, 127.826
0.753761, 5.31731
-- ITERATION 31 --
-------------
Particle: 1:
Relays Coordinates:
0, 26.1551
131.322, 106.315
169.19, 106.72
70.1769, 87.7444
Evaluation Time: 0.883851 seconds
Resulting Fitness: 0.366667
-------------
Particle: 2:
Relays Coordinates:
2.3638, 73.0425
114.269, 95.1112
169.195, 95.2092
70.2061, 92.0636
Evaluation Time: 0.847419 seconds
Resulting Fitness: 0.893333
-------------
Particle: 3:
Relays Coordinates:
0, 33.9676
186.65, 125.784
164.722, 77.312
40.5962, 100.675
Evaluation Time: 0.680706 seconds
Resulting Fitness: 0.553333
-------------
Particle: 4:
Relays Coordinates:
0, 67.1065
117.099, 109.195
172.275, 146.311
70.7728, 86.2078
Evaluation Time: 0.844183 seconds
Resulting Fitness: 0.966667
Current global best fitness: 1
Current global best relays: 0, 62.6608
114.155, 131.243
169.227, 93.8457
70.2874, 90.8093
Particle 1 new velocities: 0, 61.3463
-20.404, 35.9998
-0.0188636, 7.15899
0.109354, 3.104
Particle 2 new velocities: -5.03775, -21.5676
-0.113995, 78.6807
0.0667999, 0.313227
-0.0606808, -4.56771
Particle 3 new velocities: 3.43264, 52.445
-165.454, 16.1397
4.91034, 27.8514
3.66091, -2.13162
Particle 4 new velocities: 0, -3.196
15.7522, 7.21049
2.90993, -28.5983
-0.0586085, 8.47908
-- ITERATION 32 --
-------------
Particle: 1:
Relays Coordinates:
0, 87.5014
110.918, 142.314
169.172, 113.879
70.2862, 90.8483
Evaluation Time: 0.911599 seconds
Resulting Fitness: 0.846667
-------------
Particle: 2:
Relays Coordinates:
0, 51.475
114.155, 173.792
169.262, 95.5225
70.1454, 87.4959
Evaluation Time: 0.75713 seconds
Resulting Fitness: 0.633333
-------------
Particle: 3:
Relays Coordinates:
3.43264, 86.4126
21.196, 141.924
169.632, 105.163
44.2571, 98.5437
Evaluation Time: 0.675605 seconds
Resulting Fitness: 0.506667
-------------
Particle: 4:
Relays Coordinates:
0, 63.9105
132.851, 116.405
175.185, 117.713
70.7142, 94.6868
Evaluation Time: 0.857523 seconds
Resulting Fitness: 0.966667
Current global best fitness: 1
Current global best relays: 0, 62.6608
114.155, 131.243
169.227, 93.8457
70.2874, 90.8093
Particle 1 new velocities: 0, 5.43731
-10.8682, 15.191
0.0899385, -6.28115
0.0896815, 2.41731
Particle 2 new velocities: 6.5416, 7.17931
0.242311, 49.393
0.0301894, -3.40352
0.0735466, -2.67452
Particle 3 new velocities: 0.454913, 3.33229
44.8029, 11.4555
3.55893, 5.82594
47.3624, -7.38697
Particle 4 new velocities: 0, -5.49119
-5.95676, 34.2306
-55.7204, -123.186
-0.0149004, -10.8392
-- ITERATION 33 --
-------------
Particle: 1:
Relays Coordinates:
0, 92.9388
100.05, 157.505
169.262, 107.598
70.3759, 93.2657
Evaluation Time: 0.913866 seconds
Resulting Fitness: 0.2
-------------
Particle: 2:
Relays Coordinates:
6.5416, 58.6543
114.397, 200
169.292, 92.1189
70.219, 84.8213
Evaluation Time: 0.767929 seconds
Resulting Fitness: 0.626667
-------------
Particle: 3:
Relays Coordinates:
3.88755, 89.7449
65.9989, 153.379
173.191, 110.989
91.6195, 91.1567
Evaluation Time: 0.903148 seconds
Resulting Fitness: 0.586667
-------------
Particle: 4:
Relays Coordinates:
0, 58.4193
126.894, 150.636
119.464, 0
70.6993, 83.8477
Evaluation Time: 0.866116 seconds
Resulting Fitness: 0.793333
Current global best fitness: 1
Current global best relays: 0, 62.6608
114.155, 131.243
169.227, 93.8457
70.2874, 90.8093
Particle 1 new velocities: 0, -27.5158
2.45767, 0.379066
0.0336964, -18.5876
-0.0877764, -3.11013
Particle 2 new velocities: 7.7405, 18.8677
0.132314, -36.6165
-0.0650795, -1.75585
0.131184, 7.66636
Particle 3 new velocities: -2.25213, -45.4911
84.8892, -6.26957
-1.22713, -8.49739
10.8479, -7.32897
Particle 4 new velocities: 0, -2.36016
-21.1287, 23.1585
-5.2528, 102.284
-0.529925, -9.77485
-- ITERATION 34 --
-------------
Particle: 1:
Relays Coordinates:
0, 65.4229
102.508, 157.884
169.295, 89.0106
70.2881, 90.1555
Evaluation Time: 0.936705 seconds
Resulting Fitness: 0.793333
-------------
Particle: 2:
Relays Coordinates:
14.2821, 77.5219
114.529, 163.383
169.227, 90.3631
70.3502, 92.4877
Evaluation Time: 0.898002 seconds
Resulting Fitness: 0.866667
-------------
Particle: 3:
Relays Coordinates:
1.63542, 44.2538
150.888, 147.11
171.964, 102.492
102.467, 83.8277
Evaluation Time: 0.555247 seconds
Resulting Fitness: 0.293333
-------------
Particle: 4:
Relays Coordinates:
0, 56.0591
105.765, 173.794
114.212, 102.284
70.1694, 74.0728
Evaluation Time: 0.993679 seconds
Resulting Fitness: 0.993333
New local best!
Current global best fitness: 1
Current global best relays: 0, 62.6608
114.155, 131.243
169.227, 93.8457
70.2874, 90.8093
Particle 1 new velocities: 0, -28.5731
12.9855, -36.6239
-0.123578, -7.83721
-0.0704774, -1.39662
Particle 2 new velocities: 5.45342, 2.65561
-0.188087, -79.1422
-0.0330104, 3.13797
-0.018003, 4.02124
Particle 3 new velocities: -3.30685, 16.1824
59.3718, -13.5415
-3.11657, -22.1499
-53.1067, -0.672803
Particle 4 new velocities: 0, 2.95278
-14.341, -35.6683
92.2399, 73.8005
-0.346307, 3.27269
-- ITERATION 35 --
-------------
Particle: 1:
Relays Coordinates:
0, 36.8498
115.493, 121.261
169.172, 81.1734
70.2176, 88.7589
Evaluation Time: 1.03017 seconds
Resulting Fitness: 0.866667
-------------
Particle: 2:
Relays Coordinates:
19.7355, 80.1775
114.341, 84.2413
169.194, 93.5011
70.3322, 96.5089
Evaluation Time: 0.913752 seconds
Resulting Fitness: 0.886667
-------------
Particle: 3:
Relays Coordinates:
0, 60.4361
200, 133.568
168.847, 80.3421
49.3607, 83.1549
Evaluation Time: 0.710503 seconds
Resulting Fitness: 0.526667
-------------
Particle: 4:
Relays Coordinates:
0, 59.0119
91.4243, 138.126
200, 176.084
69.8231, 77.3455
Evaluation Time: 0.78915 seconds
Resulting Fitness: 0.76
Current global best fitness: 1
Current global best relays: 0, 62.6608
114.155, 131.243
169.227, 93.8457
70.2874, 90.8093
Particle 1 new velocities: 0, 49.4194
6.91936, -22.5072
-0.0470179, 19.7094
0.119669, -0.03034
Particle 2 new velocities: -17.4965, -3.72685
-0.224099, 36.6521
0.0361268, 2.65935
-0.0592038, -0.809612
Particle 3 new velocities: 0.0708033, 27.4613
-154.628, -13.29
-0.597482, 2.92694
-31.9712, 6.29655
Particle 4 new velocities: 0, 4.41189
38.5307, -7.41358
-99.6664, -117.621
0.0530981, 6.45776
-- ITERATION 36 --
-------------
Particle: 1:
Relays Coordinates:
0, 86.2693
122.413, 98.7533
169.125, 100.883
70.3373, 88.7286
Evaluation Time: 0.861875 seconds
Resulting Fitness: 0.786667
-------------
Particle: 2:
Relays Coordinates:
2.23898, 76.4507
114.117, 120.893
169.23, 96.1604
70.273, 95.6993
Evaluation Time: 0.869392 seconds
Resulting Fitness: 0.966667
-------------
Particle: 3:
Relays Coordinates:
0.0708033, 87.8975
45.3724, 120.278
168.25, 83.269
17.3895, 89.4515
Evaluation Time: 0.69496 seconds
Resulting Fitness: 0.506667
-------------
Particle: 4:
Relays Coordinates:
0, 63.4238
129.955, 130.713
100.334, 58.4632
69.8762, 83.8032
Evaluation Time: 0.842866 seconds
Resulting Fitness: 0.966667
Current global best fitness: 1
Current global best relays: 0, 62.6608
114.155, 131.243
169.227, 93.8457
70.2874, 90.8093
Particle 1 new velocities: 0, 7.1861
-4.9077, 53.5358
0.0750998, 5.23813
0.0528252, 2.8392
Particle 2 new velocities: -12.6692, -30.3682
0.130021, 50.9528
0.0433751, -4.41747
-0.0439608, -6.23726
Particle 3 new velocities: 1.93709, -6.31121
41.0604, 31.0192
5.06802, 22.2775
22.6668, 4.91754
Particle 4 new velocities: 0, -2.56674
5.28578, 34.093
21.8352, -67.0621
0.611094, 10.8808
-- ITERATION 37 --
-------------
Particle: 1:
Relays Coordinates:
0, 93.4553
117.505, 152.289
169.2, 106.121
70.3901, 91.5678
Evaluation Time: 0.906761 seconds
Resulting Fitness: 0.26
-------------
Particle: 2:
Relays Coordinates:
0, 46.0824
114.247, 171.846
169.274, 91.7429
70.229, 89.4621
Evaluation Time: 0.79682 seconds
Resulting Fitness: 0.66
-------------
Particle: 3:
Relays Coordinates:
2.00789, 81.5863
86.4328, 151.298
173.318, 105.546
40.0563, 94.369
Evaluation Time: 0.816732 seconds
Resulting Fitness: 0.673333
-------------
Particle: 4:
Relays Coordinates:
0, 60.857
135.241, 164.806
122.169, 0
70.4873, 94.6841
Evaluation Time: 0.799846 seconds
Resulting Fitness: 0.646667
Current global best fitness: 1
Current global best relays: 0, 62.6608
114.155, 131.243
169.227, 93.8457
70.2874, 90.8093
Particle 1 new velocities: 0, -42.6864
-8.9312, 17.5117
0.0826685, -0.296315
-0.146352, 1.77434
Particle 2 new velocities: 10.1036, 0.981726
0.232836, -16.7287
-0.031422, -0.691105
0.11389, -1.87485
Particle 3 new velocities: 0.737602, -7.12433
85.8157, 5.63735
0.764219, -2.43797
58.2578, -5.3105
Particle 4 new velocities: 0, -6.7147
-38.0818, -5.58472
56.0049, 82.0868
0.048922, -1.94959
-- ITERATION 38 --
-------------
Particle: 1:
Relays Coordinates:
0, 50.769
108.574, 169.801
169.282, 105.825
70.2438, 93.3421
Evaluation Time: 0.929493 seconds
Resulting Fitness: 0.886667
-------------
Particle: 2:
Relays Coordinates:
10.1036, 47.0642
114.48, 155.117
169.242, 91.0518
70.3429, 87.5872
Evaluation Time: 0.866414 seconds
Resulting Fitness: 0.973333
-------------
Particle: 3:
Relays Coordinates:
2.7455, 74.462
172.248, 156.935
174.082, 103.109
98.3141, 89.0585
Evaluation Time: 0.887983 seconds
Resulting Fitness: 0.34
-------------
Particle: 4:
Relays Coordinates:
0, 54.1423
97.159, 159.221
178.174, 82.0868
70.5362, 92.7345
Evaluation Time: 0.818852 seconds
Resulting Fitness: 0.78
Current global best fitness: 1
Current global best relays: 0, 62.6608
114.155, 131.243
169.227, 93.8457
70.2874, 90.8093
Particle 1 new velocities: 0, -0.952236
-2.48103, -44.1998
-0.0328447, -20.0488
-0.0629222, -5.35523
Particle 2 new velocities: 6.74285, 15.999
-0.269285, -25.8901
-0.0118623, 2.03765
0.0218412, 6.99217
Particle 3 new velocities: -0.893703, -9.71327
-38.6506, -12.8621
-7.19521, -24.6979
12.3315, -2.44956
Particle 4 new velocities: 0, 1.65959
-22.1853, 7.31447
25.5329, 86.1807
-0.602758, -13.1635
-- ITERATION 39 --
-------------
Particle: 1:
Relays Coordinates:
0, 49.8167
106.093, 125.601
169.25, 85.7758
70.1809, 87.9869
Evaluation Time: 0.908076 seconds
Resulting Fitness: 0.973333
-------------
Particle: 2:
Relays Coordinates:
16.8465, 63.0632
114.211, 129.227
169.23, 93.0895
70.3647, 94.5794
Evaluation Time: 0.903025 seconds
Resulting Fitness: 0.98
-------------
Particle: 3:
Relays Coordinates:
1.85179, 64.7487
133.598, 144.073
166.887, 78.4106
110.646, 86.609
Evaluation Time: 0.592507 seconds
Resulting Fitness: 0.32
-------------
Particle: 4:
Relays Coordinates:
0, 55.8019
74.9737, 166.535
200, 168.267
69.9334, 79.571
Evaluation Time: 0.766855 seconds
Resulting Fitness: 0.72
Current global best fitness: 1
Current global best relays: 0, 62.6608
114.155, 131.243
169.227, 93.8457
70.2874, 90.8093
Particle 1 new velocities: 0, 34.4703
7.8762, -30.1131
-0.0782901, -6.44392
0.128922, 1.2481
Particle 2 new velocities: -9.63801, 13.8537
-0.0267873, -18.5343
-0.00249367, 1.62884
-0.0861912, 1.21204
Particle 3 new velocities: -1.31192, -2.03388
-42.7931, -27.743
2.65709, -9.2769
-55.7898, -0.360808
Particle 4 new velocities: 0, 8.04228
8.1134, -31.4105
-145.143, 27.6519
-0.00577308, -6.37541
-- ITERATION 40 --
-------------
Particle: 1:
Relays Coordinates:
0, 84.2871
113.969, 95.488
169.171, 79.3319
70.3098, 89.235
Evaluation Time: 0.889312 seconds
Resulting Fitness: 0.866667
-------------
Particle: 2:
Relays Coordinates:
7.20844, 76.9169
114.184, 110.693
169.228, 94.7183
70.2785, 95.7914
Evaluation Time: 0.891075 seconds
Resulting Fitness: 0.946667
-------------
Particle: 3:
Relays Coordinates:
0.539877, 62.7148
90.8047, 116.33
169.544, 69.1337
54.8558, 86.2482
Evaluation Time: 0.847086 seconds
Resulting Fitness: 0.78
-------------
Particle: 4:
Relays Coordinates:
0, 63.8442
83.0871, 135.125
54.8574, 195.919
69.9276, 73.1956
Evaluation Time: 0.789457 seconds
Resulting Fitness: 0.76
Current global best fitness: 1
Current global best relays: 0, 62.6608
114.155, 131.243
169.227, 93.8457
70.2874, 90.8093
Particle 1 new velocities: 0, -14.1166
6.54024, 34.1216
-0.0470003, 3.99868
0.0454823, 3.73749
Particle 2 new velocities: -3.65167, -19.0695
0.13319, 24.4675
0.0185044, -0.767468
-0.0568477, -9.01939
Particle 3 new velocities: -0.692793, 2.41274
-17.9, 15.1026
6.15463, 19.2623
-14.8337, 0.756362
Particle 4 new velocities: 0, 0.242127
26.2109, 16.5128
83.4848, -155.861
0.450549, 16.4779
-- ITERATION 41 --
-------------
Particle: 1:
Relays Coordinates:
0, 70.1705
120.509, 129.61
169.124, 83.3305
70.3553, 92.9725
Evaluation Time: 0.896884 seconds
Resulting Fitness: 0.986667
-------------
Particle: 2:
Relays Coordinates:
3.55677, 57.8474
114.317, 135.161
169.246, 93.9509
70.2217, 86.772
Evaluation Time: 0.915277 seconds
Resulting Fitness: 0.993333
-------------
Particle: 3:
Relays Coordinates:
0, 65.1275
72.9047, 131.433
175.699, 88.396
40.0222, 87.0045
Evaluation Time: 0.752992 seconds
Resulting Fitness: 0.673333
-------------
Particle: 4:
Relays Coordinates:
0, 64.0863
109.298, 151.638
138.342, 40.0583
70.3782, 89.6736
Evaluation Time: 0.87181 seconds
Resulting Fitness: 0.906667
Current global best fitness: 1
Current global best relays: 0, 62.6608
114.155, 131.243
169.227, 93.8457
70.2874, 90.8093
Particle 1 new velocities: 0, -21.7272
-0.270395, 29.6682
0.176153, 23.397
-0.10472, 0.106249
Particle 2 new velocities: 0.685685, -11.9216
0.0194796, 16.8872
-0.00141991, -1.32618
0.0609758, 1.71873
Particle 3 new velocities: 1.16523, 9.37663
58.5239, 24.1245
-4.21801, 16.7633
64.4075, 6.10879
Particle 4 new velocities: 0, -8.18065
23.8647, -9.30576
67.2956, -5.34036
0.0433075, 9.8008
-- ITERATION 42 --
-------------
Particle: 1:
Relays Coordinates:
0, 48.4433
120.239, 159.278
169.3, 106.728
70.2505, 93.0787
Evaluation Time: 0.891243 seconds
Resulting Fitness: 0.953333
-------------
Particle: 2:
Relays Coordinates:
4.24246, 45.9259
114.337, 152.048
169.245, 92.6247
70.2827, 88.4908
Evaluation Time: 0.896118 seconds
Resulting Fitness: 0.993333
-------------
Particle: 3:
Relays Coordinates:
1.16523, 74.5042
131.429, 155.557
171.481, 105.159
104.43, 93.1133
Evaluation Time: 0.610183 seconds
Resulting Fitness: 0.346667
-------------
Particle: 4:
Relays Coordinates:
0, 55.9057
133.163, 142.332
200, 34.7179
70.4215, 99.4744
Evaluation Time: 0.811287 seconds
Resulting Fitness: 0.833333
Current global best fitness: 1
Current global best relays: 0, 62.6608
114.155, 131.243
169.227, 93.8457
70.2874, 90.8093
Particle 1 new velocities: 0, 18.6619
-11.6828, -29.8865
0.0409915, -9.60683
-0.0267795, -2.51583
Particle 2 new velocities: -1.43922, 18.4571
-0.108428, -24.3677
-0.000364986, 1.12852
0.0536975, 12.0654
Particle 3 new velocities: 1.48842, 2.73334
39.9964, -22.8672
-3.92982, -6.94927
-34.4082, -2.79509
Particle 4 new velocities: 0, -4.49304
-0.510665, 27.9216
-97.9955, 141.53
-0.296285, -29.8422
-- ITERATION 43 --
-------------
Particle: 1:
Relays Coordinates:
0, 67.1052
108.556, 129.391
169.341, 97.1207
70.2238, 90.5629
Evaluation Time: 0.897791 seconds
Resulting Fitness: 0.98
-------------
Particle: 2:
Relays Coordinates:
2.80324, 64.383
114.228, 127.68
169.245, 93.7532
70.3364, 100.556
Evaluation Time: 0.897015 seconds
Resulting Fitness: 0.993333
-------------
Particle: 3:
Relays Coordinates:
2.65364, 77.2375
171.425, 132.69
167.551, 98.21
70.0216, 90.3182
Evaluation Time: 0.811729 seconds
Resulting Fitness: 0.64
-------------
Particle: 4:
Relays Coordinates:
0, 51.4127
132.652, 170.253
102.004, 176.248
70.1252, 69.6321
Evaluation Time: 0.70756 seconds
Resulting Fitness: 0.553333
Current global best fitness: 1
Current global best relays: 0, 62.6608
114.155, 131.243
169.227, 93.8457
70.2874, 90.8093
Particle 1 new velocities: 0, 8.16689
-5.53217, -21.6766
-0.136515, -13.1463
0.0981593, -1.64987
Particle 2 new velocities: 4.12125, 13.2485
0.0895942, -5.97741
0.00859202, 0.332211
-0.0341659, -5.00544
Particle 3 new velocities: -1.22283, 0.911191
-95.2567, -18.4449
2.78328, -13.2169
-24.504, -3.72603
Particle 4 new velocities: 0, 2.88774
-40.8188, -38.7409
-4.42902, 34.429
-0.0808671, 14.4254
-- ITERATION 44 --
-------------
Particle: 1:
Relays Coordinates:
0, 75.2721
103.024, 107.715
169.205, 83.9745
70.3219, 88.913
Evaluation Time: 0.913545 seconds
Resulting Fitness: 0.94
-------------
Particle: 2:
Relays Coordinates:
6.92449, 77.6314
114.318, 121.703
169.253, 94.0854
70.3022, 95.5507
Evaluation Time: 0.909077 seconds
Resulting Fitness: 0.993333
-------------
Particle: 3:
Relays Coordinates:
1.43081, 78.1487
76.1682, 114.245
170.334, 84.9931
45.5176, 86.5922
Evaluation Time: 0.807677 seconds
Resulting Fitness: 0.713333
-------------
Particle: 4:
Relays Coordinates:
0, 54.3004
91.8333, 131.512
97.5755, 200
70.0444, 84.0575
Evaluation Time: 0.81553 seconds
Resulting Fitness: 0.766667
Current global best fitness: 1
Current global best relays: 0, 62.6608
114.155, 131.243
169.227, 93.8457
70.2874, 90.8093
Particle 1 new velocities: 0, -9.38475
21.1919, 23.587
-0.0750422, 5.46601
0.0603154, 1.41214
Particle 2 new velocities: -1.20564, -20.255
-0.129948, 4.87246
-0.00479045, -0.896197
-0.0613493, -13.1118
Particle 3 new velocities: -0.162225, -2.50219
16.2151, -9.88681
1.94953, -4.12556
27.2753, 3.94881
Particle 4 new velocities: 0, 10.604
-17.3734, -26.2366
94.69, -208.084
0.340041, 18.0103
-- ITERATION 45 --
-------------
Particle: 1:
Relays Coordinates:
0, 65.8874
124.216, 131.302
169.13, 89.4405
70.3822, 90.3251
Evaluation Time: 0.898842 seconds
Resulting Fitness: 1
-------------
Particle: 2:
Relays Coordinates:
5.71885, 57.3765
114.188, 126.575
169.249, 93.1892
70.2408, 82.4389
Evaluation Time: 0.908974 seconds
Resulting Fitness: 0.973333
-------------
Particle: 3:
Relays Coordinates:
1.26859, 75.6465
92.3834, 104.358
172.283, 80.8675
72.7929, 90.541
Evaluation Time: 0.872949 seconds
Resulting Fitness: 0.913333
-------------
Particle: 4:
Relays Coordinates:
0, 64.9044
74.4599, 105.276
192.265, 0
70.3844, 102.068
Evaluation Time: 0.727951 seconds
Resulting Fitness: 0.673333
Current global best fitness: 1
Current global best relays: 0, 62.6608
114.155, 131.243
169.227, 93.8457
70.2874, 90.8093
Particle 1 new velocities: 0, -12.6362
3.2511, 18.8185
0.0357849, 11.7545
-0.11916, 2.19638
Particle 2 new velocities: -4.00037, -9.88954
0.000134536, 19.2016
0.0179491, -0.769452
0.000453706, 4.65285
Particle 3 new velocities: -1.1647, -1.961
64.1871, 15.8089
-1.72809, 20.5668
26.3164, 1.89482
Particle 4 new velocities: 0, -1.42744
47.4387, 5.30616
30.911, 169.153
0.0272366, -23.9509
-- ITERATION 46 --
-------------
Particle: 1:
Relays Coordinates:
0, 53.2512
127.467, 150.12
169.166, 101.195
70.2631, 92.5215
Evaluation Time: 0.909942 seconds
Resulting Fitness: 0.973333
-------------
Particle: 2:
Relays Coordinates:
1.71848, 47.4869
114.188, 145.777
169.266, 92.4198
70.2413, 87.0918
Evaluation Time: 0.927971 seconds
Resulting Fitness: 0.966667
-------------
Particle: 3:
Relays Coordinates:
0.103892, 73.6855
156.57, 120.167
170.555, 101.434
99.1093, 92.4358
Evaluation Time: 0.852773 seconds
Resulting Fitness: 0.32
-------------
Particle: 4:
Relays Coordinates:
0, 63.4769
121.899, 110.582
200, 169.153
70.4116, 78.1169
Evaluation Time: 0.865093 seconds
Resulting Fitness: 0.9
Current global best fitness: 1
Current global best relays: 0, 62.6608
114.155, 131.243
169.227, 93.8457
70.2874, 90.8093
Particle 1 new velocities: 0, -4.68335
-12.7662, -9.77951
0.154046, -10.4138
-0.0791071, 0.44364
Particle 2 new velocities: 4.16408, 30.7798
0.253153, -3.64337
-0.0026775, 1.42609
0.0152956, 9.88666
Particle 3 new velocities: -0.316344, -0.687988
5.80254, 42.3656
0.30528, 7.12379
-4.59807, -1.95993
Particle 4 new velocities: 0, -9.59035
14.0961, 25.2441
-19.5708, 16.812
-0.266238, -0.440546
-- ITERATION 47 --
-------------
Particle: 1:
Relays Coordinates:
0, 48.5678
114.701, 140.341
169.32, 90.7812
70.184, 92.9652
Evaluation Time: 0.907511 seconds
Resulting Fitness: 0.953333
-------------
Particle: 2:
Relays Coordinates:
5.88256, 78.2667
114.441, 142.133
169.264, 93.8458
70.2566, 96.9784
Evaluation Time: 0.892448 seconds
Resulting Fitness: 1
-------------
Particle: 3:
Relays Coordinates:
0, 72.9975
162.373, 162.533
170.861, 108.558
94.5112, 90.4759
Evaluation Time: 0.892472 seconds
Resulting Fitness: 0.326667
-------------
Particle: 4:
Relays Coordinates:
0, 53.8866
135.995, 135.826
180.429, 185.965
70.1454, 77.6764
Evaluation Time: 0.859593 seconds
Resulting Fitness: 0.84
Current global best fitness: 1
Current global best relays: 0, 62.6608
114.155, 131.243
169.227, 93.8457
70.2874, 90.8093
Particle 1 new velocities: 0, 8.86621
-11.1544, -26.9221
-0.0797024, -3.43696
0.179236, -0.368549
Particle 2 new velocities: 5.44243, 4.99852
-0.181116, -10.6901
-0.0315884, 0.648307
0.065089, -0.5846
Particle 3 new velocities: 0.616813, -9.73392
-80.5509, 20.6417
2.19818, -21.0022
-24.0847, -2.68683
Particle 4 new velocities: 0, -5.09479
-29.5511, 61.2073
-84.6712, -165.188
0.020465, 8.22455
-- ITERATION 48 --
-------------
Particle: 1:
Relays Coordinates:
0, 57.4341
103.546, 113.419
169.24, 87.3442
70.3632, 92.5966
Evaluation Time: 0.880844 seconds
Resulting Fitness: 0.953333
-------------
Particle: 2:
Relays Coordinates:
11.325, 83.2652
114.26, 131.443
169.232, 94.4942
70.3217, 96.3938
Evaluation Time: 1.01489 seconds
Resulting Fitness: 0.973333
-------------
Particle: 3:
Relays Coordinates:
0.616813, 63.2636
81.8221, 183.174
173.059, 87.5559
70.4265, 87.7891
Evaluation Time: 0.824644 seconds
Resulting Fitness: 0.633333
-------------
Particle: 4:
Relays Coordinates:
0, 48.7918
106.444, 197.033
95.758, 20.7771
70.1659, 85.9009
Evaluation Time: 0.757384 seconds
Resulting Fitness: 0.68
Current global best fitness: 1
Current global best relays: 0, 62.6608
114.155, 131.243
169.227, 93.8457
70.2874, 90.8093
Particle 1 new velocities: 0, 18.1986
11.1002, 6.94778
-0.0924927, 4.77095
-0.00364857, -5.01468
Particle 2 new velocities: 4.05533, -49.0397
-0.0474713, -7.73322
0.0151388, -1.63796
-0.0076226, -10.6736
Particle 3 new velocities: 2.81706, 9.19744
47.001, -94.6534
-3.94949, -10.1578
-12.9493, 3.23663
Particle 4 new velocities: 0, 3.89937
-19.8465, -46.2148
47.8664, 63.1668
0.181779, -0.876588
-- ITERATION 49 --
-------------
Particle: 1:
Relays Coordinates:
0, 75.6326
114.646, 120.366
169.148, 92.1152
70.3596, 87.5819
Evaluation Time: 0.881648 seconds
Resulting Fitness: 0.966667
-------------
Particle: 2:
Relays Coordinates:
15.3803, 34.2256
114.212, 123.71
169.247, 92.8562
70.3141, 85.7203
Evaluation Time: 0.878106 seconds
Resulting Fitness: 0.96
-------------
Particle: 3:
Relays Coordinates:
3.43387, 72.4611
128.823, 88.5211
169.109, 77.3981
57.4772, 91.0257
Evaluation Time: 0.910362 seconds
Resulting Fitness: 0.866667
-------------
Particle: 4:
Relays Coordinates:
0, 52.6912
86.5972, 150.818
143.624, 83.9439
70.3476, 85.0243
Evaluation Time: 0.958755 seconds
Resulting Fitness: 0.966667
Current global best fitness: 1
Current global best relays: 0, 62.6608
114.155, 131.243
169.227, 93.8457
70.2874, 90.8093
Particle 1 new velocities: 0, 1.14091
7.79131, 16.431
0.0514472, 6.98994
-0.107538, 2.6647
Particle 2 new velocities: -10.1898, -31.9908
-0.0298416, 11.8837
0.0171485, -0.346376
-0.0476257, -5.5839
Particle 3 new velocities: 1.51808, 5.97913
16.724, -27.9881
1.32069, 16.9627
27.5573, 1.00409
Particle 4 new velocities: 0, 17.3414
38.0144, -36.424
65.86, 59.5037
-0.073607, 9.15933
-- ITERATION 50 --
-------------
Particle: 1:
Relays Coordinates:
0, 76.7735
122.438, 136.797
169.199, 99.1051
70.252, 90.2466
Evaluation Time: 0.908423 seconds
Resulting Fitness: 0.986667
-------------
Particle: 2:
Relays Coordinates:
5.19057, 2.23479
114.183, 135.594
169.264, 92.5098
70.2664, 80.1364
Evaluation Time: 0.952892 seconds
Resulting Fitness: 0.186667
-------------
Particle: 3:
Relays Coordinates:
4.95195, 78.4402
145.547, 60.533
170.43, 94.3608
85.0346, 92.0298
Evaluation Time: 0.850182 seconds
Resulting Fitness: 0.88
-------------
Particle: 4:
Relays Coordinates:
0, 70.0326
124.612, 114.394
200, 143.448
70.274, 94.1837
Evaluation Time: 0.862809 seconds
Resulting Fitness: 0.96
Final Evaluation Time: 165.241 seconds
Final global best fitness: 1
Final global best relays:
0, 62.6608
114.155, 131.243
169.227, 93.8457
70.2874, 90.8093
