PSO EXECUTION
============================
Seed: 434637643
Particles: 8
Relays: 4
Iterations: 25
Backend: Simulation
Network Configuration: 1
Area: 600 x 600
Sink: 0, 0
Simulated Relay range: 155
w: 0.8
c1: 1.7
c2: 1.3

Relay Nodes Positions: 
PARTICLE 1: 
94.8571, 12.4264
62.4749, 168.388
204.831, 107.205
177.844, 195.644
PARTICLE 2: 
75.282, 126.739
185.13, 139.653
234.709, 3.16359
44.1664, 253.705
PARTICLE 3: 
184.299, 35.9891
217.499, 172.891
40.1059, 77.9739
81.3929, 244.507
PARTICLE 4: 
66.8632, 80.6372
214.756, 58.6691
52.0938, 194.854
193.448, 165.09
PARTICLE 5: 
233.378, 252.178
34.5659, 156.85
92.3084, 6.65708
169.687, 114.865
PARTICLE 6: 
80.5409, 30.4169
110.621, 206.803
37.4498, 122.377
207.745, 93.542
PARTICLE 7: 
7.25008, 2.40627
167.181, 199.095
53.3168, 112.927
132.677, 55.6785
PARTICLE 8: 
139.927, 100.146
74.649, 31.4847
204.023, 144.542
54.2306, 223.408
Nodes Positions: 
522.397, 46.9501
387.513, 318.641
349.55, 397.421
453.223, 355.123
473.858, 34.7581
567.695, 265.932
265.637, 336.23
102.425, 550.48
180.853, 208.89
86.3837, 313.764
43.5143, 533.857
405.6, 542.79
151.671, 450.899
542.951, 573.601
590.718, 329.908
137.314, 1.10646
108.964, 139.086
561.573, 294.567
467.821, 565.613
429.504, 22.1727
381.889, 390.621
25.2639, 129.507
38.7636, 488.168
376.528, 499.67
270.283, 253.023
529.015, 592.778
133.562, 147.134
27.6977, 414.394
237.192, 363.96
2.62064, 75.2076
402.398, 84.9434
501.751, 528.458
189.375, 54.1582
52.8675, 471.015
256.475, 223.755
462.608, 380.014
274.709, 472.508
360.9, 443.395
11.8089, 95.0845
440.026, 185.808
579.322, 161.92
287.148, 345.32
247.927, 493.441
595.292, 582.629
221.702, 435.976
538.565, 241.958
333.525, 66.9858
425.587, 287.438
313.836, 32.3503
337.312, 515.06
491.481, 508.225
159.199, 307.039
416.207, 239.598
302.293, 199.398
319.212, 117.294
512.83, 587.799
64.1726, 426.704
225.502, 107.401
117.386, 86.4524
293.121, 176.32
485.431, 125.746
120.517, 410.982
174.233, 461.126
354.242, 195.887
166.352, 16.471
208.68, 222.742
74.8029, 263.823
84.8385, 372.863
197.899, 171.313
554.752, 280.823
All particles start with velocity zero
-- ITERATION 0 --
-------------
Particle: 1:
Relays Coordinates:
94.8571, 12.4264
62.4749, 168.388
204.831, 107.205
177.844, 195.644
Evaluation Time: 1.7079 seconds
Resulting Fitness: 0.330952
New local best!
New global best!
-------------
Particle: 2:
Relays Coordinates:
75.282, 126.739
185.13, 139.653
234.709, 3.16359
44.1664, 253.705
Evaluation Time: 1.77939 seconds
Resulting Fitness: 0.347619
New local best!
New global best!
-------------
Particle: 3:
Relays Coordinates:
184.299, 35.9891
217.499, 172.891
40.1059, 77.9739
81.3929, 244.507
Evaluation Time: 2.2189 seconds
Resulting Fitness: 0.32619
New local best!
-------------
Particle: 4:
Relays Coordinates:
66.8632, 80.6372
214.756, 58.6691
52.0938, 194.854
193.448, 165.09
Evaluation Time: 1.90509 seconds
Resulting Fitness: 0.335714
New local best!
-------------
Particle: 5:
Relays Coordinates:
233.378, 252.178
34.5659, 156.85
92.3084, 6.65708
169.687, 114.865
Evaluation Time: 2.00191 seconds
Resulting Fitness: 0.342857
New local best!
-------------
Particle: 6:
Relays Coordinates:
80.5409, 30.4169
110.621, 206.803
37.4498, 122.377
207.745, 93.542
Evaluation Time: 1.97796 seconds
Resulting Fitness: 0.319048
New local best!
-------------
Particle: 7:
Relays Coordinates:
7.25008, 2.40627
167.181, 199.095
53.3168, 112.927
132.677, 55.6785
Evaluation Time: 1.8903 seconds
Resulting Fitness: 0.285714
New local best!
-------------
Particle: 8:
Relays Coordinates:
139.927, 100.146
74.649, 31.4847
204.023, 144.542
54.2306, 223.408
Evaluation Time: 1.95894 seconds
Resulting Fitness: 0.328571
New local best!
Current global best fitness: 0.347619
Current global best relays: 75.282, 126.739
185.13, 139.653
234.709, 3.16359
44.1664, 253.705
Particle 1 new velocities: -23.2027, 78.7062
72.2827, -21.6594
10.3446, -82.5332
-39.9436, 46.0576
Particle 2 new velocities: 0, 0
0, 0
0, 0
0, 0
Particle 3 new velocities: -0.583047, 98.3776
-25.4635, -23.6372
19.2581, -9.81091
-39.0881, 3.99943
Particle 4 new velocities: 7.11445, 27.3784
-27.1128, 35.1883
229.935, -43.2108
-4.10908, 51.5424
Particle 5 new velocities: -100.235, -155.247
32.0598, -8.35252
129.374, -3.87216
-32.3321, 77.5687
Particle 6 new velocities: -2.88736, 32.0493
3.86348, -52.9466
0.403955, -129.851
-149.07, 62.4682
Particle 7 new velocities: 4.4521, 112.369
4.25778, -57.292
222.61, -140.564
-60.835, 231.079
Particle 8 new velocities: -6.18693, 30.5548
49.1526, 77.1772
25.2036, -76.3687
-9.69879, 14.7264
-- ITERATION 1 --
-------------
Particle: 1:
Relays Coordinates:
71.6544, 91.1326
134.758, 146.729
215.176, 24.6714
137.901, 241.702
Evaluation Time: 1.94874 seconds
Resulting Fitness: 0.340476
New local best!
-------------
Particle: 2:
Relays Coordinates:
75.282, 126.739
185.13, 139.653
234.709, 3.16359
44.1664, 253.705
Evaluation Time: 1.74976 seconds
Resulting Fitness: 0.347619
-------------
Particle: 3:
Relays Coordinates:
148.81, 108.837
155.549, 120.896
48.0848, 55.212
34.2669, 201.29
Evaluation Time: 1.58236 seconds
Resulting Fitness: 0.252381
-------------
Particle: 4:
Relays Coordinates:
73.9777, 108.016
187.643, 93.8574
282.029, 151.643
189.339, 216.632
Evaluation Time: 2.05266 seconds
Resulting Fitness: 0.390476
New local best!
New global best!
-------------
Particle: 5:
Relays Coordinates:
119.829, 87.2377
59.9631, 133.648
199.514, 2.50642
123.619, 173.191
Evaluation Time: 1.69699 seconds
Resulting Fitness: 0.264286
-------------
Particle: 6:
Relays Coordinates:
77.6535, 62.4662
114.485, 153.856
37.8537, 0
58.6752, 156.01
Evaluation Time: 1.47632 seconds
Resulting Fitness: 0.22381
-------------
Particle: 7:
Relays Coordinates:
9.47876, 92.9678
138.865, 114.86
223.501, 0
58.1921, 232.274
Evaluation Time: 1.64487 seconds
Resulting Fitness: 0.269048
-------------
Particle: 8:
Relays Coordinates:
120.366, 117.63
111.421, 97.7957
206.304, 61.356
40.0786, 214.321
Evaluation Time: 1.54051 seconds
Resulting Fitness: 0.278571
Current global best fitness: 0.390476
Current global best relays: 73.9777, 108.016
187.643, 93.8574
282.029, 151.643
189.339, 216.632
Particle 1 new velocities: -16.0852, 74.7899
58.033, -47.0232
71.5071, 43.195
0.645174, 30.9293
Particle 2 new velocities: -0.398878, -9.6298
0.983033, -29.7631
50.6096, 180.161
185.636, -7.97827
Particle 3 new velocities: -7.14866, -16.4699
51.6561, 3.19968
93.511, 93.206
83.4691, 63.4457
Particle 4 new velocities: 5.69156, 21.9027
-21.6902, 28.1506
183.948, -34.5687
-3.28726, 41.2339
Particle 5 new velocities: -71.0116, 45.3799
122.189, -0.47884
52.5688, 51.7952
-14.7688, 20.1626
Particle 6 new velocities: -3.9446, 38.5253
9.12966, -23.3824
272.374, 56.2624
62.2951, 49.7168
Particle 7 new velocities: 8.64399, 29.5907
84.4044, -11.4321
141.709, 132.775
-2.9164, -55.2959
Particle 8 new velocities: -3.22246, 1.13693
42.7107, 19.6478
66.0696, 157.356
40.4826, 15.0378
-- ITERATION 2 --
-------------
Particle: 1:
Relays Coordinates:
45.0111, 134.397
156.16, 80.7613
232.213, 54.9718
112.222, 220.831
Evaluation Time: 1.63032 seconds
Resulting Fitness: 0.330952
-------------
Particle: 2:
Relays Coordinates:
74.8832, 117.11
186.113, 109.89
285.319, 183.324
229.803, 245.727
Evaluation Time: 1.87941 seconds
Resulting Fitness: 0.404762
New local best!
New global best!
-------------
Particle: 3:
Relays Coordinates:
127.495, 83.1304
186.484, 111.686
127.436, 133.576
105.962, 238.263
Evaluation Time: 1.62163 seconds
Resulting Fitness: 0.311905
-------------
Particle: 4:
Relays Coordinates:
38.1056, 62.1395
79.3747, 58.3561
222.875, 55.9965
88.9881, 123.337
Evaluation Time: 1.47533 seconds
Resulting Fitness: 0.257143
-------------
Particle: 5:
Relays Coordinates:
48.817, 132.618
182.152, 133.169
252.083, 54.3016
108.85, 193.353
Evaluation Time: 1.72873 seconds
Resulting Fitness: 0.333333
-------------
Particle: 6:
Relays Coordinates:
53.7338, 73.6228
90.1148, 95.1153
226.156, 41.0153
88.1874, 149.975
Evaluation Time: 1.54555 seconds
Resulting Fitness: 0.264286
-------------
Particle: 7:
Relays Coordinates:
14.6794, 99.2725
180.849, 83.777
295.82, 107.548
44.7733, 143.352
Evaluation Time: 1.78213 seconds
Resulting Fitness: 0.342857
New local best!
-------------
Particle: 8:
Relays Coordinates:
105.429, 106.891
138.719, 105.699
245.136, 196.84
72.505, 206.423
Evaluation Time: 1.72828 seconds
Resulting Fitness: 0.342857
New local best!
Current global best fitness: 0.404762
Current global best relays: 74.8832, 117.11
186.113, 109.89
285.319, 183.324
229.803, 245.727
Particle 1 new velocities: 52.8178, 25.7039
63.0437, 42.7563
66.9301, 122.921
21.6285, 82.3616
Particle 2 new velocities: -0.319102, -7.70384
0.786426, -23.8104
40.4877, 144.129
148.509, -6.38261
Particle 3 new velocities: -47.3962, -26.2364
55.9787, 68.8296
121.694, 42.424
129.646, 61.8866
Particle 4 new velocities: 73.0807, 154.793
262.121, 76.0997
223.775, 103.903
204.86, 203.14
Particle 5 new velocities: 221.69, 150.656
79.7244, -16.0475
54.1734, 43.4555
101.118, -108.524
Particle 6 new velocities: 31.9166, 4.94144
71.6135, 141.69
-30.8014, 239.818
271.929, 84.018
Particle 7 new velocities: 69.6404, 23.9126
68.2978, 6.99975
109.922, 140.743
55.8482, 54.2345
Particle 8 new velocities: -16.3908, 1.81617
69.8924, 18.1261
88.4822, 113.394
146.086, 62.307
-- ITERATION 3 --
-------------
Particle: 1:
Relays Coordinates:
79.2414, 129.682
177.555, 100.049
242.306, 144.093
108.419, 245.586
Evaluation Time: 1.83922 seconds
Resulting Fitness: 0.352381
New local best!
-------------
Particle: 2:
Relays Coordinates:
44.0293, 64.603
110.362, 50.8289
192.385, 193.358
223.39, 141.33
Evaluation Time: 1.71167 seconds
Resulting Fitness: 0.35
-------------
Particle: 3:
Relays Coordinates:
58.3922, 41.4758
176.756, 131.596
181.616, 128.304
171.758, 218.809
Evaluation Time: 1.80568 seconds
Resulting Fitness: 0.330952
New local best!
-------------
Particle: 4:
Relays Coordinates:
65.6544, 128.096
201.65, 79.3948
263.743, 94.419
173.515, 192.781
Evaluation Time: 1.67669 seconds
Resulting Fitness: 0.32381
-------------
Particle: 5:
Relays Coordinates:
177.479, 185.856
171.817, 76.8433
200.935, 64.1384
137.76, 55.6566
Evaluation Time: 1.63191 seconds
Resulting Fitness: 0.32381
-------------
Particle: 6:
Relays Coordinates:
69.3768, 63.637
131, 191.813
158.237, 227.475
291.695, 189.534
Evaluation Time: 2.33114 seconds
Resulting Fitness: 0.409524
New local best!
New global best!
-------------
Particle: 7:
Relays Coordinates:
55.3222, 80.8217
163.465, 59.5586
266.207, 162.904
66.0178, 129.637
Evaluation Time: 1.90297 seconds
Resulting Fitness: 0.316667
-------------
Particle: 8:
Relays Coordinates:
89.0382, 108.707
208.611, 123.825
333.618, 310.234
218.591, 268.73
Evaluation Time: 2.253 seconds
Resulting Fitness: 0.478571
New local best!
New global best!
Current global best fitness: 0.478571
Current global best relays: 89.0382, 108.707
208.611, 123.825
333.618, 310.234
218.591, 268.73
Particle 1 new velocities: 43.8588, 7.18903
90.4181, 42.9872
113.475, 271.229
94.1578, 86.7215
Particle 2 new velocities: 92.9991, 47.9445
152.268, 101.953
208.345, 148.801
119.195, 150.798
Particle 3 new velocities: -5.32529, 7.19896
62.1254, 50.7612
165.679, 138.387
142.242, 80.735
Particle 4 new velocities: 67.3415, 81.7336
194.924, 124.775
214.333, 366.738
222.823, 220.989
Particle 5 new velocities: 88.4749, 119.085
17.1314, 80.3093
-26.3973, 54.2446
141.431, 88.3299
Particle 6 new velocities: 41.3649, 39.6474
58.9708, 67.335
81.2382, 198.787
141.615, 106.073
Particle 7 new velocities: 72.3214, 22.3817
67.2538, 85.9872
186.477, 138.308
207.479, 161.958
Particle 8 new velocities: -13.1126, 1.45293
55.9139, 14.5009
70.7858, 90.7151
116.868, 49.8456
-- ITERATION 4 --
-------------
Particle: 1:
Relays Coordinates:
89.74, 99.7789
195.353, 104.274
259.364, 302.769
147.678, 242.252
Evaluation Time: 2.09593 seconds
Resulting Fitness: 0.428571
New local best!
-------------
Particle: 2:
Relays Coordinates:
110.993, 91.1635
212.73, 123.754
324.591, 277.149
277.493, 236.624
Evaluation Time: 2.05069 seconds
Resulting Fitness: 0.454762
New local best!
-------------
Particle: 3:
Relays Coordinates:
34.8172, 31.9355
156.73, 119.644
227.86, 174.976
206.016, 196.531
Evaluation Time: 1.7883 seconds
Resulting Fitness: 0.319048
-------------
Particle: 4:
Relays Coordinates:
70.6794, 111.512
210.755, 108.504
254.069, 245.078
210.63, 219.895
Evaluation Time: 1.87076 seconds
Resulting Fitness: 0.37381
-------------
Particle: 5:
Relays Coordinates:
193.881, 222.302
137.744, 114.564
127.238, 86.3012
203.53, 104.966
Evaluation Time: 1.91068 seconds
Resulting Fitness: 0.32619
-------------
Particle: 6:
Relays Coordinates:
72.6576, 67.7649
124.64, 170.027
157.12, 279.67
284.295, 193.948
Evaluation Time: 2.19198 seconds
Resulting Fitness: 0.42381
New local best!
-------------
Particle: 7:
Relays Coordinates:
103.391, 83.5948
186.882, 117.892
366.674, 243.981
221.532, 236.192
Evaluation Time: 2.13597 seconds
Resulting Fitness: 0.459524
New local best!
-------------
Particle: 8:
Relays Coordinates:
55.3498, 80.3064
192.839, 100.84
294.811, 292.292
244.55, 232.241
Evaluation Time: 2.47041 seconds
Resulting Fitness: 0.428571
Current global best fitness: 0.478571
Current global best relays: 89.0382, 108.707
208.611, 123.825
333.618, 310.234
218.591, 268.73
Particle 1 new velocities: 34.3251, 7.52819
88.7367, 50.157
91.8762, 222.93
141.474, 72.0082
Particle 2 new velocities: 48.5708, 56.8118
121.693, 81.5849
178.202, 150.948
40.6411, 135.34
Particle 3 new velocities: 9.59331, 44.9707
91.9032, 44.9435
75.3696, 75.5536
104.996, 156.857
Particle 4 new velocities: 66.8466, 59.323
125.499, 93.0756
245.154, 239.735
163.84, 231.018
Particle 5 new velocities: 91.5781, 63.0746
-50.0173, 74.1307
132.585, 212.424
63.5909, 200.853
Particle 6 new velocities: 47.5297, 72.8539
124.214, 34.2989
259.787, 187.204
105.924, 85.7961
Particle 7 new velocities: 41.4507, 32.0467
71.8856, 75.8525
124.021, 126.075
165.032, 151.159
Particle 8 new velocities: 27.6526, 28.8373
58.8247, 47.4536
105.318, 114.384
40.4323, 116.122
-- ITERATION 5 --
-------------
Particle: 1:
Relays Coordinates:
81.3991, 70.4042
186.391, 101.322
230.449, 344.911
189.713, 206.186
Evaluation Time: 2.24618 seconds
Resulting Fitness: 0.461905
New local best!
-------------
Particle: 2:
Relays Coordinates:
104.69, 97.0866
219.415, 134.723
329.883, 280.874
208.728, 244.045
Evaluation Time: 2.15993 seconds
Resulting Fitness: 0.471429
New local best!
-------------
Particle: 3:
Relays Coordinates:
29.1377, 50.4581
163.128, 107.986
198.949, 164.373
204.055, 231.858
Evaluation Time: 1.99182 seconds
Resulting Fitness: 0.347619
New local best!
-------------
Particle: 4:
Relays Coordinates:
81.2077, 100.876
198.555, 119.031
294.787, 286.277
221.121, 266.26
Evaluation Time: 2.2317 seconds
Resulting Fitness: 0.438095
New local best!
-------------
Particle: 5:
Relays Coordinates:
208.1, 208.04
63.9525, 137.559
189.411, 217.771
194.731, 222.942
Evaluation Time: 1.73478 seconds
Resulting Fitness: 0.32381
-------------
Particle: 6:
Relays Coordinates:
97.3517, 113.901
201.572, 165.504
337.695, 378.168
316.077, 226.592
Evaluation Time: 2.3585 seconds
Resulting Fitness: 0.521429
New local best!
New global best!
-------------
Particle: 7:
Relays Coordinates:
95.0308, 75.8724
169.778, 127.116
321.945, 242.794
253.625, 254.141
Evaluation Time: 2.00085 seconds
Resulting Fitness: 0.388095
-------------
Particle: 8:
Relays Coordinates:
60.5087, 79.5657
183.463, 108.106
291.694, 296.467
207.752, 253.957
Evaluation Time: 2.27618 seconds
Resulting Fitness: 0.442857
Current global best fitness: 0.521429
Current global best relays: 97.3517, 113.901
201.572, 165.504
337.695, 378.168
316.077, 226.592
Particle 1 new velocities: 42.8602, 11.7845
73.0731, 49.6648
108.9, 191.861
145.089, 61.1546
Particle 2 new velocities: 36.2956, 54.4505
77.27, 102.266
150.702, 209.791
75.4835, 100.897
Particle 3 new velocities: 35.1434, 53.0072
109.899, 72.4453
224.654, 188.438
196.224, 124.91
Particle 4 new velocities: 53.7555, 53.0129
102.631, 79.2466
227.882, 196.823
218.481, 160.244
Particle 5 new velocities: 81.7049, 95.48
41.6568, 103.805
156.112, 290.021
23.2675, 43.6713
Particle 6 new velocities: 38.0238, 58.2831
99.3714, 27.4391
207.83, 149.763
84.7388, 68.6368
Particle 7 new velocities: 43.4657, 73.6146
89.9318, 91.3271
115.545, 207.396
164.236, 79.3763
Particle 8 new velocities: 30.2392, 37.7628
101.957, 79.9824
122.602, 108.715
126.15, 77.433
-- ITERATION 6 --
-------------
Particle: 1:
Relays Coordinates:
66.0365, 43.6784
137.89, 80.2405
180.344, 285.263
177.928, 142.076
Evaluation Time: 2.11469 seconds
Resulting Fitness: 0.37381
-------------
Particle: 2:
Relays Coordinates:
83.2505, 89.4812
175.19, 139.94
283.78, 289.733
167.824, 203.685
Evaluation Time: 2.19215 seconds
Resulting Fitness: 0.419048
-------------
Particle: 3:
Relays Coordinates:
42.1749, 67.8836
179.133, 118.381
277.926, 231.479
262.623, 234.075
Evaluation Time: 2.10394 seconds
Resulting Fitness: 0.37619
New local best!
-------------
Particle: 4:
Relays Coordinates:
71.725, 81.7831
160.063, 105.373
277.768, 256.739
233.622, 226.661
Evaluation Time: 2.20159 seconds
Resulting Fitness: 0.383333
-------------
Particle: 5:
Relays Coordinates:
154.014, 161.303
56.1251, 128.271
183.625, 269.861
115.853, 141.689
Evaluation Time: 1.94844 seconds
Resulting Fitness: 0.359524
New local best!
-------------
Particle: 6:
Relays Coordinates:
71.9441, 91.5058
159.934, 102.538
289.914, 280.564
213.01, 156.897
Evaluation Time: 2.15253 seconds
Resulting Fitness: 0.407143
-------------
Particle: 7:
Relays Coordinates:
100.964, 108.976
189.328, 159.245
318.93, 328.188
304.621, 243.134
Evaluation Time: 2.5324 seconds
Resulting Fitness: 0.469048
New local best!
-------------
Particle: 8:
Relays Coordinates:
66.1552, 85.5325
208.071, 137.116
302.022, 295.377
243.414, 241.583
Evaluation Time: 2.25231 seconds
Resulting Fitness: 0.440476
Current global best fitness: 0.521429
Current global best relays: 97.3517, 113.901
201.572, 165.504
337.695, 378.168
316.077, 226.592
Particle 1 new velocities: 76.9154, 77.5693
173.697, 61.0561
191.639, 269.965
188.69, 117.872
Particle 2 new velocities: 50.1781, 55.1934
112.793, 75.761
217.697, 165.437
117.269, 152.671
Particle 3 new velocities: 46.6721, 100.574
98.6742, 76.4647
207.7, 194.448
215.074, 90.7278
Particle 4 new velocities: 47.5611, 74.1932
106.712, 103.759
228.978, 255.613
219.921, 173.749
Particle 5 new velocities: 46.2295, 33.6034
197.82, 91.3827
251.802, 255.384
31.2383, 69.8426
Particle 6 new velocities: 89.7253, 82.3346
126.483, 43.9226
243.297, 242.261
163.541, 156.224
Particle 7 new velocities: 31.4994, 61.939
79.1107, 79.097
99.247, 195.706
145.454, 62.7038
Particle 8 new velocities: 55.8138, 67.0969
78.5299, 90.54
152.745, 181.427
147.702, 78.4262
-- ITERATION 7 --
-------------
Particle: 1:
Relays Coordinates:
68.3735, 57.9924
149.031, 67.5817
177.918, 265.564
175.352, 124.332
Evaluation Time: 1.93534 seconds
Resulting Fitness: 0.371429
-------------
Particle: 2:
Relays Coordinates:
78.7882, 85.4289
170.051, 127.369
296.117, 268.773
168.345, 210.425
Evaluation Time: 2.24152 seconds
Resulting Fitness: 0.409524
-------------
Particle: 3:
Relays Coordinates:
52.4632, 99.4724
164.042, 115.054
286.758, 251.505
282.075, 191.793
Evaluation Time: 2.11204 seconds
Resulting Fitness: 0.402381
New local best!
-------------
Particle: 4:
Relays Coordinates:
63.3935, 82.8922
141.775, 111.141
269.305, 272.285
241.032, 212.794
Evaluation Time: 1.93167 seconds
Resulting Fitness: 0.385714
-------------
Particle: 5:
Relays Coordinates:
86.1982, 83.9007
109.315, 94.5536
187.437, 226.101
63.3182, 91.0576
Evaluation Time: 1.81026 seconds
Resulting Fitness: 0.302381
-------------
Particle: 6:
Relays Coordinates:
95.4641, 102.651
169.126, 86.4834
314.856, 308.723
222.349, 184.895
Evaluation Time: 2.16697 seconds
Resulting Fitness: 0.438095
-------------
Particle: 7:
Relays Coordinates:
86.9092, 112.137
176.123, 156.376
274.366, 343.727
295.294, 200.66
Evaluation Time: 2.30074 seconds
Resulting Fitness: 0.488095
New local best!
-------------
Particle: 8:
Relays Coordinates:
88.9155, 111.267
208.932, 165.962
331.525, 347.59
285.124, 233.287
Evaluation Time: 2.20108 seconds
Resulting Fitness: 0.502381
New local best!
Current global best fitness: 0.521429
Current global best relays: 97.3517, 113.901
201.572, 165.504
337.695, 378.168
316.077, 226.592
Particle 1 new velocities: 99.0588, 101.362
173.038, 88.5008
327.216, 389.413
263.656, 250.393
Particle 2 new velocities: 97.3826, 53.1805
180.88, 71.9638
245.313, 158.697
283.248, 194.936
Particle 3 new velocities: 66.1813, 97.1157
94.2291, 92.0028
208.555, 194.553
211.731, 108.603
Particle 4 new velocities: 90.7096, 74.1587
150.117, 147.907
213.324, 333.942
177.818, 146.828
Particle 5 new velocities: 131.903, 116.717
128.36, 105.428
248.618, 419.466
224.599, 192.273
Particle 6 new velocities: 74.2138, 84.944
125.135, 220.289
221.428, 238.342
171.679, 153.677
Particle 7 new velocities: 31.2645, 51.3777
90.1031, 64.6571
135.241, 164.139
120.611, 54.326
Particle 8 new velocities: 53.8949, 55.7262
56.5626, 72.1044
123.336, 149.479
139.909, 56.343
-- ITERATION 8 --
-------------
Particle: 1:
Relays Coordinates:
98.8671, 94.0975
190.179, 92.1652
298.277, 354.294
259.23, 221.272
Evaluation Time: 2.3301 seconds
Resulting Fitness: 0.490476
New local best!
-------------
Particle: 2:
Relays Coordinates:
115.586, 90.9416
230.246, 130.782
355.232, 280.463
296.29, 265.957
Evaluation Time: 1.97726 seconds
Resulting Fitness: 0.466667
-------------
Particle: 3:
Relays Coordinates:
70.0584, 116.083
152.507, 122.265
292.477, 263.393
291.588, 177.381
Evaluation Time: 2.08705 seconds
Resulting Fitness: 0.440476
New local best!
-------------
Particle: 4:
Relays Coordinates:
90.9964, 92.737
172.359, 152.965
284.988, 354.294
247.327, 212.353
Evaluation Time: 2.21762 seconds
Resulting Fitness: 0.461905
New local best!
-------------
Particle: 5:
Relays Coordinates:
93.8852, 86.3595
102.311, 86.0855
187.707, 258.28
123.939, 121.965
Evaluation Time: 1.65297 seconds
Resulting Fitness: 0.330952
-------------
Particle: 6:
Relays Coordinates:
100.193, 110.773
173.758, 181.146
316.67, 323.036
232.67, 199.923
Evaluation Time: 2.05961 seconds
Resulting Fitness: 0.47381
-------------
Particle: 7:
Relays Coordinates:
69.7804, 96.554
157.204, 130.518
241.869, 299.89
245.587, 150.567
Evaluation Time: 1.96795 seconds
Resulting Fitness: 0.378571
-------------
Particle: 8:
Relays Coordinates:
93.6978, 109.564
174.191, 156.195
298.434, 326.127
278.864, 190.026
Evaluation Time: 2.21335 seconds
Resulting Fitness: 0.471429
Current global best fitness: 0.521429
Current global best relays: 97.3517, 113.901
201.572, 165.504
337.695, 378.168
316.077, 226.592
Particle 1 new velocities: 77.8737, 102.062
151.016, 164.444
270.6, 9.11098
271.659, 205.581
Particle 2 new velocities: 50.6734, 71.4614
113.531, 80.1383
152.303, 249.153
190.191, 102.285
Particle 3 new velocities: 61.9096, 75.2363
95.0609, 128.27
206.533, 192.974
172.118, 147.074
Particle 4 new velocities: 75.2592, 72.7332
141.654, 121.604
219.404, 16.3697
187.8, 124.052
Particle 5 new velocities: 120.548, 131.82
193.16, 208.949
227.753, 151.368
269.31, 217.485
Particle 6 new velocities: 53.0358, 71.7821
157.032, 151.814
186.395, 280.358
286.907, 177.886
Particle 7 new velocities: 62.6541, 80.0614
87.8181, 92.427
214.243, 188.76
183.878, 116.586
Particle 8 new velocities: 39.5142, 45.7689
66.6871, 69.9363
155.162, 177.783
143.408, 116.32
-- ITERATION 9 --
-------------
Particle: 1:
Relays Coordinates:
93.9273, 104.247
181.325, 136.372
302.325, 193.128
282.136, 226.847
Evaluation Time: 1.93925 seconds
Resulting Fitness: 0.409524
-------------
Particle: 2:
Relays Coordinates:
109.083, 106.553
225.552, 138.385
332.994, 347.481
319.18, 241.604
Evaluation Time: 2.16214 seconds
Resulting Fitness: 0.497619
New local best!
-------------
Particle: 3:
Relays Coordinates:
86.5842, 125.525
162.429, 164.376
327.4, 299.422
304.238, 212.875
Evaluation Time: 2.09151 seconds
Resulting Fitness: 0.461905
New local best!
-------------
Particle: 4:
Relays Coordinates:
109.08, 108.565
206.024, 180.145
330.931, 243.192
285.486, 220.715
Evaluation Time: 1.99978 seconds
Resulting Fitness: 0.404762
-------------
Particle: 5:
Relays Coordinates:
102.563, 104.355
141.323, 141.114
198.713, 195.934
188.09, 162.358
Evaluation Time: 1.68302 seconds
Resulting Fitness: 0.32619
-------------
Particle: 6:
Relays Coordinates:
90.4801, 107.797
195.328, 196.609
297.055, 354.294
306.805, 223.092
Evaluation Time: 2.16366 seconds
Resulting Fitness: 0.497619
-------------
Particle: 7:
Relays Coordinates:
86.8902, 115.877
160.759, 146.274
299.255, 320.603
281.772, 175.279
Evaluation Time: 2.22864 seconds
Resulting Fitness: 0.47381
-------------
Particle: 8:
Relays Coordinates:
97.1116, 113.238
175.6, 164.85
330.672, 367.35
307.837, 223.326
Evaluation Time: 2.32428 seconds
Resulting Fitness: 0.514286
New local best!
Current global best fitness: 0.521429
Current global best relays: 97.3517, 113.901
201.572, 165.504
337.695, 378.168
316.077, 226.592
Particle 1 new velocities: 71.7833, 78.8016
126.315, 116.596
259.055, 123.262
235.578, 162.706
Particle 2 new velocities: 34.541, 66.3947
67.2842, 67.19
127.508, 204.543
149.633, 63.8083
Particle 3 new velocities: 53.198, 47.4107
101.914, 103.949
174.26, 209.481
139.735, 120.479
Particle 4 new velocities: 29.0686, 35.0828
58.8269, 58.4789
172.53, 214.895
123.1, 95.3052
Particle 5 new velocities: 156.329, 196.862
58.4169, 161.507
342.269, 396.576
274.432, 171.82
Particle 6 new velocities: 58.0601, 69.0215
133.805, 68.2336
190.24, 28.4407
247.333, 146.318
Particle 7 new velocities: 63.5856, 58.0424
133.137, 89.8981
148.377, 201.228
202.331, 174.427
Particle 8 new velocities: 31.7115, 37.3668
77.825, 56.3306
124.397, 150.147
116.294, 97.2311
-- ITERATION 10 --
-------------
Particle: 1:
Relays Coordinates:
97.8504, 108.088
181.658, 149.375
331.489, 186.825
305.705, 230.027
Evaluation Time: 1.8831 seconds
Resulting Fitness: 0.404762
-------------
Particle: 2:
Relays Coordinates:
84.8083, 102.124
172.917, 121.39
271.922, 325.965
276.83, 180.343
Evaluation Time: 2.12119 seconds
Resulting Fitness: 0.464286
-------------
Particle: 3:
Relays Coordinates:
91.7111, 113.463
173.435, 176.049
329.14, 333.891
291.291, 218.713
Evaluation Time: 2.1553 seconds
Resulting Fitness: 0.485714
New local best!
-------------
Particle: 4:
Relays Coordinates:
100.711, 104.719
193.076, 173.957
367.023, 333.946
297.86, 230.379
Evaluation Time: 2.04125 seconds
Resulting Fitness: 0.466667
New local best!
-------------
Particle: 5:
Relays Coordinates:
100.3, 116.698
77.3833, 117.242
209.588, 229.55
179.19, 129.467
Evaluation Time: 1.72928 seconds
Resulting Fitness: 0.354762
-------------
Particle: 6:
Relays Coordinates:
97.4573, 116.011
215.944, 173.763
319.714, 251.112
363.57, 242.37
Evaluation Time: 1.91945 seconds
Resulting Fitness: 0.438095
-------------
Particle: 7:
Relays Coordinates:
98.7272, 114.109
192.825, 154.953
293.691, 342.373
317.62, 229.442
Evaluation Time: 2.1232 seconds
Resulting Fitness: 0.457143
-------------
Particle: 8:
Relays Coordinates:
93.912, 109.791
184.747, 161.24
331.745, 377.255
309.191, 233.686
Evaluation Time: 2.30267 seconds
Resulting Fitness: 0.511905
Current global best fitness: 0.521429
Current global best relays: 97.3517, 113.901
201.572, 165.504
337.695, 378.168
316.077, 226.592
Particle 1 new velocities: 58.6973, 62.0803
111.826, 15.6275
197.978, 205.468
144.009, 121.551
Particle 2 new velocities: 76.9214, 59.7221
134.962, 72.5752
146.907, 234.446
147.517, 106.202
Particle 3 new velocities: 44.3307, 38.2356
99.2854, 74.565
141.842, 208.595
134.744, 101.974
Particle 4 new velocities: 21.8456, 38.4607
50.467, 40.6719
119.197, 206.419
119.839, 72.0124
Particle 5 new velocities: 206.481, 175.123
137.172, 155.36
371.462, 419.782
194.47, 170.023
Particle 6 new velocities: 46.2778, 50.7073
92.1865, 39.8969
173.214, 135.359
140.235, 106.521
Particle 7 new velocities: 38.7587, 44.5177
90.2742, 79.0147
142.781, 206.337
156.284, 113.568
Particle 8 new velocities: 26.5134, 35.0462
75.5982, 49.2497
102.448, 106.663
101.439, 58.7398
-- ITERATION 11 --
-------------
Particle: 1:
Relays Coordinates:
92.4399, 100.483
173.299, 97.4325
312.645, 231.646
265.552, 207.604
Evaluation Time: 1.95134 seconds
Resulting Fitness: 0.388095
-------------
Particle: 2:
Relays Coordinates:
85.9498, 86.0115
163.619, 103.081
222.583, 297.825
225.515, 152.282
Evaluation Time: 2.14444 seconds
Resulting Fitness: 0.416667
-------------
Particle: 3:
Relays Coordinates:
89.257, 99.5295
178.932, 164.428
309.011, 355.926
279.521, 210.403
Evaluation Time: 2.19997 seconds
Resulting Fitness: 0.502381
New local best!
-------------
Particle: 4:
Relays Coordinates:
72.3681, 84.5463
143.81, 126.736
287.108, 319.08
246.647, 178.559
Evaluation Time: 2.13962 seconds
Resulting Fitness: 0.464286
-------------
Particle: 5:
Relays Coordinates:
118.853, 113.057
83.1231, 105.612
225.11, 232.452
144.763, 116.029
Evaluation Time: 1.67242 seconds
Resulting Fitness: 0.35
-------------
Particle: 6:
Relays Coordinates:
84.8741, 98.4453
181.948, 126.164
291.069, 228.207
297.491, 206.017
Evaluation Time: 1.95478 seconds
Resulting Fitness: 0.395238
-------------
Particle: 7:
Relays Coordinates:
90.2045, 104.075
185.742, 153.506
286.369, 360.009
310.928, 225.049
Evaluation Time: 2.40087 seconds
Resulting Fitness: 0.488095
-------------
Particle: 8:
Relays Coordinates:
87.7902, 105.586
189.792, 153.447
316.527, 352.777
299.349, 213.179
Evaluation Time: 2.28752 seconds
Resulting Fitness: 0.509524
Current global best fitness: 0.521429
Current global best relays: 97.3517, 113.901
201.572, 165.504
337.695, 378.168
316.077, 226.592
Particle 1 new velocities: 62.0152, 58.8327
136.87, 36.7969
156.951, 341.169
115.419, 134.705
Particle 2 new velocities: 111.335, 97.3784
163.92, 154.387
317.539, 305.631
286.807, 175.975
Particle 3 new velocities: 38.6588, 36.317
81.9202, 60.05
144.641, 180.55
122.099, 89.7795
Particle 4 new velocities: 81.8356, 65.1776
102.015, 149.648
158.659, 243.626
196.857, 104.633
Particle 5 new velocities: 222.966, 212.897
163.294, 170.827
335.713, 83.1601
152.425, 174.752
Particle 6 new velocities: 48.9119, 71.3146
119.664, 84.704
185.456, 417.026
140.509, 113.276
Particle 7 new velocities: 29.2295, 41.9071
84.7884, 68.9599
136.825, 164.836
114.954, 75.3619
Particle 8 new velocities: 48.376, 37.6767
49.6893, 41.0997
121.348, 109.065
103.388, 61.898
-- ITERATION 12 --
-------------
Particle: 1:
Relays Coordinates:
91.2042, 94.0742
183.152, 79.2611
277.292, 338.241
224.959, 202.13
Evaluation Time: 2.30804 seconds
Resulting Fitness: 0.469048
-------------
Particle: 2:
Relays Coordinates:
104.845, 97.4609
174.068, 136.829
287.043, 318.865
272.269, 174.449
Evaluation Time: 2.1299 seconds
Resulting Fitness: 0.459524
-------------
Particle: 3:
Relays Coordinates:
75.533, 80.216
154.031, 132.552
267.877, 316.783
237.153, 177.255
Evaluation Time: 2.18718 seconds
Resulting Fitness: 0.435714
-------------
Particle: 4:
Relays Coordinates:
81.9502, 79.5694
130.641, 146.882
236.899, 299.045
235.696, 150.5
Evaluation Time: 2.14001 seconds
Resulting Fitness: 0.409524
-------------
Particle: 5:
Relays Coordinates:
132.428, 126.281
95.467, 107.098
217.274, 122.275
115.137, 112.654
Evaluation Time: 1.56526 seconds
Resulting Fitness: 0.309524
-------------
Particle: 6:
Relays Coordinates:
71.0994, 90.2174
160.289, 112.064
253.245, 318.865
232.771, 169.685
Evaluation Time: 2.15891 seconds
Resulting Fitness: 0.411905
-------------
Particle: 7:
Relays Coordinates:
78.3606, 95.7787
177.495, 145.96
277.658, 344.351
279.421, 197.1
Evaluation Time: 2.27647 seconds
Resulting Fitness: 0.466667
-------------
Particle: 8:
Relays Coordinates:
99.2652, 104.439
174.582, 141.825
319.21, 336.682
293.596, 200.531
Evaluation Time: 2.14063 seconds
Resulting Fitness: 0.457143
Current global best fitness: 0.521429
Current global best relays: 97.3517, 113.901
201.572, 165.504
337.695, 378.168
316.077, 226.592
Particle 1 new velocities: 51.3512, 54.9232
126.79, 55.7242
174.28, 296.431
249.581, 129.923
Particle 2 new velocities: 87.6695, 103.433
167.169, 141.132
363.374, 57.33
289.312, 248.168
Particle 3 new velocities: 66.0791, 51.0611
100.675, 76.5027
153.854, 216.398
235.73, 117.961
Particle 4 new velocities: 94.7486, 96.634
247.622, 166.937
418.339, 251.418
210.588, 186.507
Particle 5 new velocities: 154.96, 164.031
147.769, 178.036
324.089, 257.302
325.485, 255.765
Particle 6 new velocities: 96.7924, 111.255
168.207, 136.499
253.008, 104.363
188.041, 175.893
Particle 7 new velocities: 52.2892, 53.2125
86.6479, 82.6489
181.789, 174.032
133.04, 76.0883
Particle 8 new velocities: 35.3784, 38.3517
73.3048, 54.3805
129.342, 132.607
113.559, 73.0029
-- ITERATION 13 --
-------------
Particle: 1:
Relays Coordinates:
75.7598, 79.1833
164.716, 71.7367
239.984, 318.865
252.19, 176.467
Evaluation Time: 2.18155 seconds
Resulting Fitness: 0.438095
-------------
Particle: 2:
Relays Coordinates:
102.31, 106.763
181.347, 147.72
318.865, 199.925
298.447, 224.596
Evaluation Time: 1.8268 seconds
Resulting Fitness: 0.390476
-------------
Particle: 3:
Relays Coordinates:
83.6205, 77.5178
150.401, 123.445
249.028, 314.838
279.233, 174.322
Evaluation Time: 2.25849 seconds
Resulting Fitness: 0.445238
-------------
Particle: 4:
Relays Coordinates:
93.905, 93.6417
201.025, 166.776
318.865, 292.539
237.174, 179.099
Evaluation Time: 2.06127 seconds
Resulting Fitness: 0.433333
-------------
Particle: 5:
Relays Coordinates:
111.34, 112.473
94.2346, 110.467
209.735, 147.056
170.706, 142.733
Evaluation Time: 1.51096 seconds
Resulting Fitness: 0.292857
-------------
Particle: 6:
Relays Coordinates:
99.1384, 118.967
193.974, 146.774
298.937, 249.912
248.485, 204.061
Evaluation Time: 1.9409 seconds
Resulting Fitness: 0.385714
-------------
Particle: 7:
Relays Coordinates:
77.1474, 87.9778
155.974, 134.991
271.299, 306.1
243.554, 161.315
Evaluation Time: 2.03082 seconds
Resulting Fitness: 0.42619
-------------
Particle: 8:
Relays Coordinates:
98.1552, 104.094
180.709, 143.034
326.995, 342.112
296.816, 199.406
Evaluation Time: 2.23105 seconds
Resulting Fitness: 0.469048
Current global best fitness: 0.521429
Current global best relays: 97.3517, 113.901
201.572, 165.504
337.695, 378.168
316.077, 226.592
Particle 1 new velocities: 86.1159, 98.2365
155.121, 141.523
254.699, 91.0423
225.658, 148.685
Particle 2 new velocities: 75.8364, 87.7697
147.522, 108.128
23.52, 260.547
250.616, 223.68
Particle 3 new velocities: 69.5842, 103.472
120.438, 136.135
199.218, 239.325
207.527, 167.583
Particle 4 new velocities: 84.4194, 86.6486
193.278, 135.69
79.6891, 323.177
289.607, 271.718
Particle 5 new velocities: 120.277, 165.026
238.337, 203.949
380.617, 452.547
305.404, 244.045
Particle 6 new velocities: 74.6482, 83.4651
156.947, 130.241
283.823, 164.485
279.085, 183.652
Particle 7 new velocities: 68.4989, 87.1188
127.206, 100.01
222.114, 171.061
265.576, 100.051
Particle 8 new velocities: 27.3683, 45.2097
72.0224, 89.7919
117.466, 167.773
107.54, 82.0931
-- ITERATION 14 --
-------------
Particle: 1:
Relays Coordinates:
95.586, 104.765
188.861, 125.927
292.105, 242.046
282.164, 191.999
Evaluation Time: 2.0172 seconds
Resulting Fitness: 0.409524
-------------
Particle: 2:
Relays Coordinates:
94.6744, 103.383
174.775, 135.968
181.957, 244.714
291.795, 238.232
Evaluation Time: 2.07677 seconds
Resulting Fitness: 0.419048
-------------
Particle: 3:
Relays Coordinates:
90.4658, 106.873
159.928, 153.279
264.685, 327.228
287.427, 201.891
Evaluation Time: 2.24269 seconds
Resulting Fitness: 0.459524
-------------
Particle: 4:
Relays Coordinates:
105.299, 106.46
232.832, 178.604
235.342, 354.294
311.059, 266.203
Evaluation Time: 2.16064 seconds
Resulting Fitness: 0.528571
New local best!
New global best!
-------------
Particle: 5:
Relays Coordinates:
89.7329, 107.509
128.845, 121.811
228.715, 232.298
184.455, 149.846
Evaluation Time: 1.78119 seconds
Resulting Fitness: 0.340476
-------------
Particle: 6:
Relays Coordinates:
92.3574, 107.581
186.494, 147.217
309.702, 220.228
280.373, 206.046
Evaluation Time: 1.83809 seconds
Resulting Fitness: 0.371429
-------------
Particle: 7:
Relays Coordinates:
95.5586, 114.881
185.794, 154.184
323.728, 313.065
334.041, 171.482
Evaluation Time: 2.26265 seconds
Resulting Fitness: 0.490476
New local best!
-------------
Particle: 8:
Relays Coordinates:
82.3559, 97.9582
165.817, 152.757
291.611, 334.535
265.298, 184.692
Evaluation Time: 2.20304 seconds
Resulting Fitness: 0.466667
Current global best fitness: 0.528571
Current global best relays: 105.299, 106.46
232.832, 178.604
235.342, 354.294
311.059, 266.203
Particle 1 new velocities: 77.7615, 78.6437
165.907, 90.8161
203.383, 202.924
180.485, 198.649
Particle 2 new velocities: 81.1713, 74.2407
204.499, 102.937
311.492, 385.102
242.915, 198.032
Particle 3 new velocities: 67.7677, 81.9478
147.431, 137.215
225.66, 250.09
176.904, 195.612
Particle 4 new velocities: 67.5355, 69.3189
154.622, 108.552
63.7513, 0
231.685, 217.374
Particle 5 new velocities: 142.948, 185.764
160.189, 170.353
294.88, 451.781
223.165, 206.475
Particle 6 new velocities: 62.1219, 70.3956
131.733, 146.552
196.437, 331.912
283.778, 188.078
Particle 7 new velocities: 61.7935, 69.3616
138.088, 91.8046
112.197, 172.413
198.153, 164.424
Particle 8 new velocities: 71.6176, 69.4542
76.1247, 92.0088
82.5454, 143.083
142.327, 144.85
-- ITERATION 15 --
-------------
Particle: 1:
Relays Coordinates:
102.36, 108.301
209.487, 127.985
292.581, 262.75
273.19, 230.673
Evaluation Time: 1.89952 seconds
Resulting Fitness: 0.421429
-------------
Particle: 2:
Relays Coordinates:
103.835, 104.885
223.958, 141.071
291.377, 354.294
315.741, 257.61
Evaluation Time: 2.21615 seconds
Resulting Fitness: 0.502381
New local best!
-------------
Particle: 3:
Relays Coordinates:
93.4353, 111.497
181.492, 171.534
289.543, 340.9
274.182, 234.722
Evaluation Time: 2.17664 seconds
Resulting Fitness: 0.471429
-------------
Particle: 4:
Relays Coordinates:
102.057, 103.795
228.788, 169.563
176.612, 209.207
320.485, 285.548
Evaluation Time: 2.08061 seconds
Resulting Fitness: 0.433333
-------------
Particle: 5:
Relays Coordinates:
90.1453, 113.62
111.978, 113.191
202.851, 232.452
157.92, 138.046
Evaluation Time: 1.69713 seconds
Resulting Fitness: 0.338095
-------------
Particle: 6:
Relays Coordinates:
82.0966, 94.584
169.119, 156.121
268.983, 293.43
299.813, 209.454
Evaluation Time: 2.04509 seconds
Resulting Fitness: 0.445238
-------------
Particle: 7:
Relays Coordinates:
92.9148, 108.793
191.249, 145.254
257.409, 286.67
314.255, 198.349
Evaluation Time: 1.94905 seconds
Resulting Fitness: 0.442857
-------------
Particle: 8:
Relays Coordinates:
101.022, 109.839
158.738, 160.591
245.484, 313.365
267.443, 216.212
Evaluation Time: 2.12357 seconds
Resulting Fitness: 0.438095
Current global best fitness: 0.528571
Current global best relays: 105.299, 106.46
232.832, 178.604
235.342, 354.294
311.059, 266.203
Particle 1 new velocities: 62.5202, 58.128
129.764, 86.7153
141.885, 238.658
161.15, 174.264
Particle 2 new velocities: 66.3193, 59.4869
165.144, 88.3577
199.498, 0
193.411, 159.066
Particle 3 new velocities: 56.7465, 48.2092
177.492, 109.818
133.267, 231.404
178.865, 169.532
Particle 4 new velocities: 59.2917, 57.9839
130.641, 98.2851
119.446, 40.5412
163.068, 121.059
Particle 5 new velocities: 171.307, 152.68
46.1289, 178.322
245.844, 33.0919
164.948, 186.645
Particle 6 new velocities: 71.3623, 82.7455
218.034, 143.948
154.729, 369.499
240.12, 160.047
Particle 7 new velocities: 59.5901, 59.2502
125.628, 95.508
70.8223, 226.677
161.947, 141.643
Particle 8 new velocities: 57.5052, 57.9052
67.1696, 82.2999
117.892, 171.314
164.207, 117.558
-- ITERATION 16 --
-------------
Particle: 1:
Relays Coordinates:
108.178, 109.194
222.582, 140.865
285.053, 328.974
284.97, 265.679
Evaluation Time: 2.13339 seconds
Resulting Fitness: 0.447619
-------------
Particle: 2:
Relays Coordinates:
100.474, 97.0599
229.76, 135.475
289.857, 209.207
300.649, 246.043
Evaluation Time: 1.87393 seconds
Resulting Fitness: 0.421429
-------------
Particle: 3:
Relays Coordinates:
88.6809, 94.3047
211.977, 166.135
249.665, 337.94
267.52, 238.708
Evaluation Time: 2.09456 seconds
Resulting Fitness: 0.47381
-------------
Particle: 4:
Relays Coordinates:
105.861, 106.143
235.821, 175.735
194.243, 163.86
317.259, 266.774
Evaluation Time: 1.95703 seconds
Resulting Fitness: 0.421429
-------------
Particle: 5:
Relays Coordinates:
112.546, 114.634
68.0596, 125.486
193.148, 114.308
138.984, 139.769
Evaluation Time: 1.54274 seconds
Resulting Fitness: 0.3
-------------
Particle: 6:
Relays Coordinates:
81.5544, 94.2402
205.749, 159.469
225.178, 318.865
286.942, 196.368
Evaluation Time: 2.26006 seconds
Resulting Fitness: 0.47619
-------------
Particle: 7:
Relays Coordinates:
100.058, 110.253
207.903, 157.964
215.353, 336.807
312.436, 223.069
Evaluation Time: 2.28139 seconds
Resulting Fitness: 0.509524
New local best!
-------------
Particle: 8:
Relays Coordinates:
104.01, 110.057
148.218, 159.361
238.41, 317.998
283.205, 218.987
Evaluation Time: 2.20143 seconds
Resulting Fitness: 0.447619
Current global best fitness: 0.528571
Current global best relays: 105.299, 106.46
232.832, 178.604
235.342, 354.294
311.059, 266.203
Particle 1 new velocities: 38.5006, 41.7452
70.7407, 16.9167
89.3007, 233.442
127.246, 136.152
Particle 2 new velocities: 57.5056, 55.8983
127.537, 96.6882
92.7706, 270.292
173.026, 142.769
Particle 3 new velocities: 49.8524, 49.8028
141.875, 100.961
103.783, 213.776
198.191, 126.156
Particle 4 new velocities: 46.2729, 47.1092
98.2344, 84.2301
176.242, 85.5179
118.2, 96.0576
Particle 5 new velocities: 175.26, 166.947
170.369, 202.154
237.217, 283.085
266.16, 158.021
Particle 6 new velocities: 100.379, 93.5037
189.956, 142.319
277.862, 94.2874
201.162, 167.284
Particle 7 new velocities: 51.3337, 45.5004
106.972, 76.5339
67.1452, 187.504
129.311, 141.611
Particle 8 new velocities: 42.9787, 46.9029
70.1263, 74.1315
177.437, 227.682
180.454, 117.264
-- ITERATION 17 --
-------------
Particle: 1:
Relays Coordinates:
77.951, 80.2152
155.884, 83.8515
198.947, 298.891
219.069, 213.55
Evaluation Time: 1.93924 seconds
Resulting Fitness: 0.4
-------------
Particle: 2:
Relays Coordinates:
103.651, 100.356
234.423, 152.323
251.042, 314.599
310.778, 255.1
Evaluation Time: 2.03296 seconds
Resulting Fitness: 0.461905
-------------
Particle: 3:
Relays Coordinates:
81.8025, 85.094
208.946, 157.718
208.708, 325.783
274.998, 215.449
Evaluation Time: 2.09239 seconds
Resulting Fitness: 0.488095
-------------
Particle: 4:
Relays Coordinates:
99.815, 100.549
219.174, 170.563
243.075, 163.617
285.704, 238.054
Evaluation Time: 1.78007 seconds
Resulting Fitness: 0.409524
-------------
Particle: 5:
Relays Coordinates:
100.352, 98.1812
83.135, 114.241
150.059, 138.562
141.265, 103.833
Evaluation Time: 1.41849 seconds
Resulting Fitness: 0.245238
-------------
Particle: 6:
Relays Coordinates:
107.43, 110.861
233.66, 178.203
297.04, 243.962
288.221, 214.733
Evaluation Time: 1.912 seconds
Resulting Fitness: 0.37381
-------------
Particle: 7:
Relays Coordinates:
99.3284, 102.19
206.589, 153.854
185.347, 344
289.83, 239.267
Evaluation Time: 2.29307 seconds
Resulting Fitness: 0.478571
-------------
Particle: 8:
Relays Coordinates:
78.1157, 83.415
116.037, 124.087
220.998, 289.997
246.407, 178.697
Evaluation Time: 2.14766 seconds
Resulting Fitness: 0.411905
Current global best fitness: 0.528571
Current global best relays: 105.299, 106.46
232.832, 178.604
235.342, 354.294
311.059, 266.203
Particle 1 new velocities: 73.5925, 60.4145
141.729, 134.593
169.055, 229.325
217.541, 147.796
Particle 2 new velocities: 47.7391, 49.8708
83.4884, 84.213
103.163, 244.043
140.437, 129.446
Particle 3 new velocities: 69.2714, 57.8305
81.562, 93.3178
186.046, 232.733
205.428, 160.141
Particle 4 new velocities: 41.1786, 45.5522
98.0926, 75.031
132.525, 370.664
135.749, 87.7205
Particle 5 new velocities: 235.107, 225.094
173.803, 216.404
289.189, 381.111
220.749, 299.063
Particle 6 new velocities: 68.011, 76.1527
111.043, 106.156
214.372, 222.088
173.452, 187.446
Particle 7 new velocities: 44.1966, 44.3788
97.3298, 87.5247
100.297, 148.06
138.46, 98.4568
Particle 8 new velocities: 90.2903, 61.7449
214.234, 90.2957
185.403, 296.326
299.267, 211.678
-- ITERATION 18 --
-------------
Particle: 1:
Relays Coordinates:
110.475, 102.519
216.96, 159.246
268.274, 385.069
318.288, 263.421
Evaluation Time: 2.41129 seconds
Resulting Fitness: 0.519048
New local best!
-------------
Particle: 2:
Relays Coordinates:
99.3269, 98.5637
208.582, 155.191
232.394, 366.526
296.042, 252.3
Evaluation Time: 2.26359 seconds
Resulting Fitness: 0.507143
New local best!
-------------
Particle: 3:
Relays Coordinates:
99.1196, 93.7728
190.602, 164.705
258.998, 366.442
315.208, 246.424
Evaluation Time: 2.25287 seconds
Resulting Fitness: 0.480952
-------------
Particle: 4:
Relays Coordinates:
92.5059, 95.857
208.159, 161.134
246.432, 350.541
276.516, 213.741
Evaluation Time: 2.11402 seconds
Resulting Fitness: 0.483333
-------------
Particle: 5:
Relays Coordinates:
116.967, 112.719
89.5886, 115.289
153.157, 181.199
126.227, 140.481
Evaluation Time: 1.45404 seconds
Resulting Fitness: 0.285714
-------------
Particle: 6:
Relays Coordinates:
103.596, 110.43
203.544, 167.911
301.984, 275.198
272.613, 237.482
Evaluation Time: 1.86512 seconds
Resulting Fitness: 0.414286
-------------
Particle: 7:
Relays Coordinates:
104.63, 106.849
221.557, 175.965
208.234, 358.712
312.224, 246.201
Evaluation Time: 2.15931 seconds
Resulting Fitness: 0.514286
New local best!
-------------
Particle: 8:
Relays Coordinates:
89.4979, 77.1439
175.52, 113.932
215.979, 311.596
289.994, 207.462
Evaluation Time: 2.28261 seconds
Resulting Fitness: 0.478571
Current global best fitness: 0.528571
Current global best relays: 105.299, 106.46
232.832, 178.604
235.342, 354.294
311.059, 266.203
Particle 1 new velocities: 58.1813, 50.0351
122.256, 123.838
100.284, 156.668
168.706, 120.878
Particle 2 new velocities: 38.8098, 42.9429
85.7072, 96.749
85.4655, 181.962
116.332, 114.221
Particle 3 new velocities: 47.1548, 58.7229
63.2553, 91.2118
214.939, 175.612
119.767, 129.454
Particle 4 new velocities: 47.2829, 53.5432
128.697, 74.4202
82.3614, 302.513
166.903, 181.29
Particle 5 new velocities: 226.939, 242.584
166.372, 227.515
327.976, 516.528
167.651, 353.904
Particle 6 new velocities: 51.0733, 61.1779
102.694, 91.4264
199.142, 201.236
180.948, 180.217
Particle 7 new velocities: 36.2165, 35.2946
79.7812, 70.2899
100.88, 116.17
110.67, 88.3477
Particle 8 new velocities: 85.9288, 106.068
202.095, 199.997
228.332, 286.664
240.879, 192.371
-- ITERATION 19 --
-------------
Particle: 1:
Relays Coordinates:
110.656, 100.091
222.56, 185.731
241.81, 355.434
319.517, 252.139
Evaluation Time: 2.24119 seconds
Resulting Fitness: 0.497619
-------------
Particle: 2:
Relays Coordinates:
100.702, 103.158
214.537, 183.664
231.72, 399.848
300.621, 267.194
Evaluation Time: 2.23319 seconds
Resulting Fitness: 0.514286
New local best!
-------------
Particle: 3:
Relays Coordinates:
95.9706, 100.052
166.556, 167.907
310.95, 355.641
285.387, 246.614
Evaluation Time: 2.14752 seconds
Resulting Fitness: 0.514286
New local best!
-------------
Particle: 4:
Relays Coordinates:
91.7154, 98.0215
221.011, 154.547
215.721, 393.66
290.927, 259.179
Evaluation Time: 2.30867 seconds
Resulting Fitness: 0.490476
-------------
Particle: 5:
Relays Coordinates:
119.913, 123.887
89.248, 119.528
167.761, 209.207
102.469, 172.381
Evaluation Time: 1.63182 seconds
Resulting Fitness: 0.290476
-------------
Particle: 6:
Relays Coordinates:
101.479, 112.592
200.923, 170.151
328.788, 312.588
297.581, 274.052
Evaluation Time: 2.02496 seconds
Resulting Fitness: 0.452381
-------------
Particle: 7:
Relays Coordinates:
102.677, 103.622
219.676, 179.52
225.345, 346.189
308.289, 243.886
Evaluation Time: 2.14816 seconds
Resulting Fitness: 0.490476
-------------
Particle: 8:
Relays Coordinates:
103.588, 108.185
222.978, 185.372
262.361, 353.267
313.475, 236.097
Evaluation Time: 2.13295 seconds
Resulting Fitness: 0.466667
Current global best fitness: 0.528571
Current global best relays: 105.299, 106.46
232.832, 178.604
235.342, 354.294
311.059, 266.203
Particle 1 new velocities: 44.4197, 44.5122
106.44, 90.0314
108.117, 129.455
128.828, 108.742
Particle 2 new velocities: 34.8152, 34.5461
77.6601, 72.253
71.9339, 118.497
103.264, 90.29
Particle 3 new velocities: 41.5292, 53.3784
89.7302, 77.0798
84.3697, 140.163
106.772, 122.119
Particle 4 new velocities: 66.6194, 52.5267
130.41, 71.6199
103.089, -76.3093
168.881, 161.108
Particle 5 new velocities: 174.505, 180.605
225.01, 219.792
301.584, 109.507
306.837, 371.586
Particle 6 new velocities: 37.4462, 48.7394
112.218, 74.0253
143, 240.302
164.52, 118.945
Particle 7 new velocities: 33.6624, 33.9496
68.6118, 53.8973
85.9997, 111.18
93.4981, 74.6131
Particle 8 new velocities: 63.2388, 85.734
138.195, 131.823
217.497, 243.528
189.414, 162.546
-- ITERATION 20 --
-------------
Particle: 1:
Relays Coordinates:
101.745, 94.874
215.857, 180.928
229.588, 318.135
294.159, 236.774
Evaluation Time: 2.06873 seconds
Resulting Fitness: 0.466667
-------------
Particle: 2:
Relays Coordinates:
98.7918, 100.386
213.011, 186.564
221.363, 377.873
294.432, 260.606
Evaluation Time: 2.28754 seconds
Resulting Fitness: 0.497619
-------------
Particle: 3:
Relays Coordinates:
100.237, 111.851
186.833, 178.595
288.188, 361.442
285.884, 268.806
Evaluation Time: 2.1838 seconds
Resulting Fitness: 0.492857
-------------
Particle: 4:
Relays Coordinates:
103.883, 98.7746
230.567, 148.388
209.171, 208.214
301.68, 275.751
Evaluation Time: 2.09039 seconds
Resulting Fitness: 0.428571
-------------
Particle: 5:
Relays Coordinates:
102.657, 106.17
109.575, 118.314
163.65, 111.129
142.716, 189.67
Evaluation Time: 1.54971 seconds
Resulting Fitness: 0.295238
-------------
Particle: 6:
Relays Coordinates:
91.1485, 105.849
205.451, 160.204
309.54, 362.751
303.185, 257.846
Evaluation Time: 2.23395 seconds
Resulting Fitness: 0.521429
-------------
Particle: 7:
Relays Coordinates:
99.3913, 100.29
210.162, 170.161
226.97, 333.422
292.903, 232.186
Evaluation Time: 2.26005 seconds
Resulting Fitness: 0.497619
-------------
Particle: 8:
Relays Coordinates:
98.5094, 114.507
213.269, 187.3
283.351, 352.402
296.951, 235.395
Evaluation Time: 2.32075 seconds
Resulting Fitness: 0.478571
Current global best fitness: 0.528571
Current global best relays: 105.299, 106.46
232.832, 178.604
235.342, 354.294
311.059, 266.203
Particle 1 new velocities: 48.106, 49.9292
88.371, 58.2572
156.13, 109.78
127.051, 129.988
Particle 2 new velocities: 33.5712, 37.5505
70.8209, 47.2683
87.6179, 103.412
111.355, 75.4211
Particle 3 new velocities: 33.8107, 32.6769
96.934, 45.7426
89.3433, 104.508
93.956, 92.0754
Particle 4 new velocities: 54.4827, 57.2419
108.363, 105.886
116.093, 182.269
148.493, 104.415
Particle 5 new velocities: 206.932, 207.888
240.928, 227.771
293.322, 512.01
274.145, 281.795
Particle 6 new velocities: 51.4544, 45.4342
89.3211, 74.7458
92.3158, 206.312
152.804, 78.7885
Particle 7 new velocities: 36.0779, 41.7516
76.2718, 55.5735
53.2906, 136.265
117.375, 97.6528
Particle 8 new velocities: 54.3767, 63.1635
105.672, 62.3621
128.439, 195.659
164.548, 165.946
-- ITERATION 21 --
-------------
Particle: 1:
Relays Coordinates:
109.241, 105.562
221.782, 174.366
281.188, 311.951
307.062, 267.37
Evaluation Time: 2.00027 seconds
Resulting Fitness: 0.435714
-------------
Particle: 2:
Relays Coordinates:
107.214, 111.729
229.904, 189.404
250.275, 389.841
328.687, 272.182
Evaluation Time: 2.3455 seconds
Resulting Fitness: 0.504762
-------------
Particle: 3:
Relays Coordinates:
97.721, 105.361
206.866, 163.542
275.22, 339.677
276.903, 263.082
Evaluation Time: 2.05943 seconds
Resulting Fitness: 0.47381
-------------
Particle: 4:
Relays Coordinates:
103.904, 102.362
222.373, 166.829
213.406, 256.195
295.359, 249.427
Evaluation Time: 1.92974 seconds
Resulting Fitness: 0.435714
-------------
Particle: 5:
Relays Coordinates:
107.947, 109.505
122.213, 120.672
159.337, 209.207
145.35, 164.39
Evaluation Time: 1.64363 seconds
Resulting Fitness: 0.27619
-------------
Particle: 6:
Relays Coordinates:
84.2056, 89.3314
174.06, 138.736
237.292, 336.026
269.257, 198.779
Evaluation Time: 2.18581 seconds
Resulting Fitness: 0.459524
-------------
Particle: 7:
Relays Coordinates:
98.7571, 103.548
208.81, 164.561
204.31, 342.402
299.093, 240.452
Evaluation Time: 2.14624 seconds
Resulting Fitness: 0.509524
-------------
Particle: 8:
Relays Coordinates:
100.309, 116.57
209.257, 163.804
270.175, 359.583
302.789, 263.32
Evaluation Time: 2.30846 seconds
Resulting Fitness: 0.502381
Current global best fitness: 0.528571
Current global best relays: 105.299, 106.46
232.832, 178.604
235.342, 354.294
311.059, 266.203
Particle 1 new velocities: 40.1689, 37.5898
78.2931, 41.9294
71.3183, 138.433
118.019, 103.106
Particle 2 new velocities: 22.8983, 18.8399
57.6555, 21.4718
43.3062, 40.6251
40.5651, 54.3273
Particle 3 new velocities: 35.0326, 19.4995
80.2255, 41.0137
41.5519, 106.635
107.991, 48.9658
Particle 4 new velocities: 45.9414, 55.0734
100.369, 92.9327
104.088, 211.077
135.88, 118.025
Particle 5 new velocities: 205.643, 175.213
232.535, 192.8
341.98, 111.017
224.054, 323.982
Particle 6 new velocities: 85.876, 43.3704
148.589, 88.5249
134.84, 200.45
188.545, 140.689
Particle 7 new velocities: 36.0662, 36.8948
79.1249, 57.0687
48.0811, 142.282
106.342, 99.1105
Particle 8 new velocities: 48.0657, 45.218
91.3519, 58.7566
157.706, 153.806
142.827, 90.2036
-- ITERATION 22 --
-------------
Particle: 1:
Relays Coordinates:
108.92, 104.357
218.755, 157.679
256.977, 328.33
309.884, 270.077
Evaluation Time: 2.14666 seconds
Resulting Fitness: 0.469048
-------------
Particle: 2:
Relays Coordinates:
105.391, 105.761
232.923, 170.809
237.801, 348.677
299.094, 264.473
Evaluation Time: 2.20375 seconds
Resulting Fitness: 0.509524
-------------
Particle: 3:
Relays Coordinates:
107.53, 101.137
232.544, 165.69
256.585, 361.513
311.764, 252.759
Evaluation Time: 2.21279 seconds
Resulting Fitness: 0.516667
New local best!
-------------
Particle: 4:
Relays Coordinates:
98.3136, 103.294
211.751, 170.43
208.308, 306.577
282.936, 241.085
Evaluation Time: 2.0661 seconds
Resulting Fitness: 0.461905
-------------
Particle: 5:
Relays Coordinates:
109.342, 99.2751
123.693, 109.301
174.798, 111.655
128.803, 170.285
Evaluation Time: 1.50907 seconds
Resulting Fitness: 0.295238
-------------
Particle: 6:
Relays Coordinates:
111.591, 87.0657
211.69, 149.106
244.156, 351.982
300.364, 222.725
Evaluation Time: 2.15565 seconds
Resulting Fitness: 0.509524
-------------
Particle: 7:
Relays Coordinates:
98.2862, 102.383
209.904, 161.568
183.993, 353.335
295.562, 247.541
Evaluation Time: 2.22066 seconds
Resulting Fitness: 0.5
-------------
Particle: 8:
Relays Coordinates:
97.3483, 106.149
197.229, 146.022
280.733, 336.834
292.369, 231.947
Evaluation Time: 2.15534 seconds
Resulting Fitness: 0.466667
Current global best fitness: 0.528571
Current global best relays: 105.299, 106.46
232.832, 178.604
235.342, 354.294
311.059, 266.203
Particle 1 new velocities: 31.7811, 28.3879
70.7222, 61.1687
42.1197, 188.362
102.628, 74.9287
Particle 2 new velocities: 15.318, 12.8728
17.0395, 34.0267
22.1801, 44.3829
42.4968, 46.4159
Particle 3 new velocities: 25.2589, 17.2349
64.3589, 41.973
32.2134, 79.2717
86.2403, 39.4034
Particle 4 new velocities: 48.9484, 51.8944
122.656, 82.8348
103.384, 229.007
145.577, 123.762
Particle 5 new velocities: 176.627, 229.479
156.052, 189.4
351.384, 285.384
228.534, 321.194
Particle 6 new velocities: 46.0064, 38.714
125.428, 109.421
261.041, 164.106
165.575, 131.786
Particle 7 new velocities: 45.1239, 32.7356
79.3183, 62.1823
63.3139, 114.489
109.751, 93.5207
Particle 8 new velocities: 45.2819, 37.1511
67.3212, 63.5877
150.88, 127.376
128.038, 99.344
-- ITERATION 23 --
-------------
Particle: 1:
Relays Coordinates:
102.571, 96.7713
211.029, 159.54
218.042, 376.669
300.722, 251.509
Evaluation Time: 2.20464 seconds
Resulting Fitness: 0.511905
-------------
Particle: 2:
Relays Coordinates:
108.638, 106.77
224.967, 184.352
233.983, 353.754
307.432, 279.8
Evaluation Time: 2.31065 seconds
Resulting Fitness: 0.514286
-------------
Particle: 3:
Relays Coordinates:
107.559, 95.8812
240.491, 168.207
233.927, 357.036
322.384, 236.652
Evaluation Time: 2.3589 seconds
Resulting Fitness: 0.495238
-------------
Particle: 4:
Relays Coordinates:
96.6186, 101.819
219.405, 166.167
204.501, 351.397
281.147, 239.376
Evaluation Time: 2.14958 seconds
Resulting Fitness: 0.516667
-------------
Particle: 5:
Relays Coordinates:
99.7113, 114.629
97.5411, 104.151
183.468, 138.439
124.596, 171.368
Evaluation Time: 1.52244 seconds
Resulting Fitness: 0.304762
-------------
Particle: 6:
Relays Coordinates:
103.399, 82.524
221.183, 169.619
331.46, 338.606
305.702, 232.595
Evaluation Time: 2.05205 seconds
Resulting Fitness: 0.47619
-------------
Particle: 7:
Relays Coordinates:
104.546, 98.5015
210.843, 163.114
180.287, 341.043
295.473, 248.634
Evaluation Time: 2.17506 seconds
Resulting Fitness: 0.497619
-------------
Particle: 8:
Relays Coordinates:
103.977, 104.466
192.857, 152.805
314.645, 338.409
306.477, 241.511
Evaluation Time: 2.2237 seconds
Resulting Fitness: 0.471429
Current global best fitness: 0.528571
Current global best relays: 105.299, 106.46
232.832, 178.604
235.342, 354.294
311.059, 266.203
Particle 1 new velocities: 31.4306, 43.6456
85.7298, 58.604
100.962, 149.14
122.576, 78.7891
Particle 2 new velocities: 6.43978, 9.12511
13.9985, 21.0486
17.2152, 90.7525
33.6481, 21.8071
Particle 3 new velocities: 19.8011, 29.8082
45.6354, 40.352
34.6975, 64.7335
40.477, 64.1129
Particle 4 new velocities: 53.4613, 48.3703
135.131, 89.9719
111.616, 185.321
157.006, 142.351
Particle 5 new velocities: 178.214, 251.636
206.912, 196.955
285.007, 490.909
287.022, 319.037
Particle 6 new velocities: 31.4876, 36.1521
84.0689, 90.5479
148.533, 201.201
136.6, 135.975
Particle 7 new velocities: 36.5826, 45.9973
91.76, 74.3854
146.547, 131.31
96.3361, 72.8408
Particle 8 new velocities: 36.8311, 34.8382
66.4956, 71.2406
39.4294, 124.911
108.406, 88.6584
-- ITERATION 24 --
-------------
Particle: 1:
Relays Coordinates:
87.9185, 92.1275
194.703, 143.124
209.298, 344.983
277.726, 216.709
Evaluation Time: 2.18191 seconds
Resulting Fitness: 0.490476
-------------
Particle: 2:
Relays Coordinates:
103.57, 104.306
215.069, 184.861
226.078, 400.056
306.972, 271.446
Evaluation Time: 2.22558 seconds
Resulting Fitness: 0.504762
-------------
Particle: 3:
Relays Coordinates:
103.162, 101.808
231.763, 168.933
217.586, 341.633
293.917, 243.619
Evaluation Time: 2.29842 seconds
Resulting Fitness: 0.516667
-------------
Particle: 4:
Relays Coordinates:
98.4675, 98.5391
232.611, 168.053
207.405, 352.14
287.473, 250.451
Evaluation Time: 2.3308 seconds
Resulting Fitness: 0.509524
-------------
Particle: 5:
Relays Coordinates:
96.9065, 127.709
106.156, 104.989
163.347, 209.207
143.522, 170.994
Evaluation Time: 1.52141 seconds
Resulting Fitness: 0.285714
-------------
Particle: 6:
Relays Coordinates:
88.4993, 77.8634
200.276, 170.696
314.923, 354.167
290.194, 241.819
Evaluation Time: 2.18763 seconds
Resulting Fitness: 0.509524
-------------
Particle: 7:
Relays Coordinates:
102.883, 105.34
220.598, 173.137
238.262, 344.346
285.629, 234.355
Evaluation Time: 2.22835 seconds
Resulting Fitness: 0.5
-------------
Particle: 8:
Relays Coordinates:
102.649, 101.553
189.068, 163.329
258.12, 337.76
302.449, 240.693
Evaluation Time: 2.21117 seconds
Resulting Fitness: 0.47619
Current global best fitness: 0.528571
Current global best relays: 105.299, 106.46
232.832, 178.604
235.342, 354.294
311.059, 266.203
Particle 1 new velocities: 55.1138, 44.3311
143.284, 84.6555
138.068, 181.304
144.525, 113.68
Particle 2 new velocities: 5.20097, 6.9793
32.7078, 13.8643
22.4741, 19.0915
20.4307, 6.17157
Particle 3 new velocities: 20.0204, 25.3023
38.197, 30.5086
68.2945, 79.1646
54.633, 84.3312
Particle 4 new velocities: 57.8864, 45.8964
108.327, 86.9472
128.796, 151.327
143.295, 147.329
Particle 5 new velocities: 204.377, 197.256
112.067, 259.918
256.917, 51.7836
265.561, 238.749
Particle 6 new velocities: 35.491, 58.8897
93.7381, 76.8741
84.1772, 176.102
175.342, 114.927
Particle 7 new velocities: 33.6989, 38.653
80.7852, 63.0493
91.6604, 124.114
120.005, 82.8015
Particle 8 new velocities: 23.0653, 37.3546
101.377, 67.342
125.233, 120.719
96.5252, 81.9629
-- ITERATION 25 --
-------------
Particle: 1:
Relays Coordinates:
93.8435, 89.5305
221.753, 149.446
227.907, 345.297
277.039, 216.768
Evaluation Time: 2.32656 seconds
Resulting Fitness: 0.485714
-------------
Particle: 2:
Relays Coordinates:
97.894, 100.157
222.999, 178.853
223.697, 377.233
294.663, 249.856
Evaluation Time: 2.54986 seconds
Resulting Fitness: 0.509524
-------------
Particle: 3:
Relays Coordinates:
99.7777, 102.96
218.667, 161.548
231.563, 340.846
282.326, 265.64
Evaluation Time: 2.2151 seconds
Resulting Fitness: 0.504762
-------------
Particle: 4:
Relays Coordinates:
102.584, 94.7641
223.689, 167.305
220.581, 330.325
282.627, 260.984
Evaluation Time: 2.3511 seconds
Resulting Fitness: 0.507143
-------------
Particle: 5:
Relays Coordinates:
105.051, 113.308
76.0896, 127.235
146.537, 91.0018
142.639, 142.868
Evaluation Time: 1.67899 seconds
Resulting Fitness: 0.235714
-------------
Particle: 6:
Relays Coordinates:
90.3889, 99.693
214.336, 180.478
290.944, 386.566
339.376, 260.068
Evaluation Time: 2.4604 seconds
Resulting Fitness: 0.509524
-------------
Particle: 7:
Relays Coordinates:
99.568, 104.971
219.708, 172.18
240.513, 341.507
295.707, 231.207
Evaluation Time: 2.35585 seconds
Resulting Fitness: 0.495238
-------------
Particle: 8:
Relays Coordinates:
101.829, 112.515
235.261, 186.844
310.516, 371.368
323.169, 261.352
Evaluation Time: 2.4282 seconds
Resulting Fitness: 0.514286
Final Evaluation Time: 425.705 seconds
Final global best fitness: 0.528571
Final global best relays:
105.299, 106.46
232.832, 178.604
235.342, 354.294
311.059, 266.203
