ITERATION: 0
new best fitness: 0.366667
ITERATION: 1
new best fitness: 0.488889
ITERATION: 11
new best fitness: 0.491667
ITERATION: 45
new best fitness: 0.513889
ITERATION: 96
new best fitness: 0.516667
ITERATION: 126
new best fitness: 0.527778
ITERATION: 127
new best fitness: 0.538889
ITERATION: 142
new best fitness: 0.544444
ITERATION: 384
new best fitness: 0.563889
Final Evaluation Time: 625.872 seconds
Final global best fitness: 0.563889
Final global best relays:
93.9853, 115.525
202.476, 216.281
283.723, 137.145
