PSO EXECUTION
============================
Seed: 4000295507
Particles: 4
Relays: 4
Iterations: 50
Backend: Simulation
Network Configuration: 2
Area: 350 x 350
Sink: 0, 0
Simulated Relay range: 85
w: 0.8
c1: 1.2
c2: 1.8

Relay Nodes Positions: 
PARTICLE 1: 
63.1497, 43.4587
37.5772, 73.5726
17.2706, 85.942
92.8213, 8.84028
PARTICLE 2: 
50.2168, 66.1364
80.2559, 28.8083
118.602, 40.4695
17.4145, 111.603
PARTICLE 3: 
19.8733, 1.05643
27.6963, 78.3507
106.677, 37.8092
58.0265, 88.6723
PARTICLE 4: 
77.0309, 16.3507
27.6729, 74.5471
0.333453, 105.331
87.4551, 35.3505
Nodes Positions: 
282.309, 246.909
78.9961, 188.129
229.029, 278.862
66.2564, 97.4676
98.0021, 160.321
307.467, 315.925
146.67, 11.406
121.969, 150.803
329.985, 107.396
245.354, 128.238
164.72, 122.516
5.27694, 47.366
216.943, 30.1823
54.6033, 24.7503
196.12, 280.742
343.537, 337.192
22.6327, 326.705
191.816, 304.962
315.316, 201.989
93.0272, 72.6034
259.892, 170.678
277.088, 221.713
128.517, 67.7285
169.512, 262.052
37.7549, 234.334
All particles start with velocity zero
-- ITERATION 0 --
-------------
Particle: 1:
Relays Coordinates:
63.1497, 43.4587
37.5772, 73.5726
17.2706, 85.942
92.8213, 8.84028
Evaluation Time: 0.58727 seconds
Resulting Fitness: 0.24
New local best!
New global best!
-------------
Particle: 2:
Relays Coordinates:
50.2168, 66.1364
80.2559, 28.8083
118.602, 40.4695
17.4145, 111.603
Evaluation Time: 0.60557 seconds
Resulting Fitness: 0.246667
New local best!
New global best!
-------------
Particle: 3:
Relays Coordinates:
19.8733, 1.05643
27.6963, 78.3507
106.677, 37.8092
58.0265, 88.6723
Evaluation Time: 0.652058 seconds
Resulting Fitness: 0.306667
New local best!
New global best!
-------------
Particle: 4:
Relays Coordinates:
77.0309, 16.3507
27.6729, 74.5471
0.333453, 105.331
87.4551, 35.3505
Evaluation Time: 0.575196 seconds
Resulting Fitness: 0.24
New local best!
Current global best fitness: 0.306667
Current global best relays: 19.8733, 1.05643
27.6963, 78.3507
106.677, 37.8092
58.0265, 88.6723
Particle 1 new velocities: -0.333478, -62.565
-2.95696, 4.81584
111.75, -48.3836
-18.5006, 43.6977
Particle 2 new velocities: -52.083, -15.925
-24.2804, 79.1995
-5.00837, -1.68083
25.4339, -27.7038
Particle 3 new velocities: 0, 0
0, 0
0, 0
0, 0
Particle 4 new velocities: -23.8519, -7.72128
0.0357744, 4.69012
177.328, -4.44564
-50.5639, 86.8446
-- ITERATION 1 --
-------------
Particle: 1:
Relays Coordinates:
62.8162, 0
34.6202, 78.3884
129.02, 37.5584
74.3207, 52.538
Evaluation Time: 0.605344 seconds
Resulting Fitness: 0.273333
New local best!
-------------
Particle: 2:
Relays Coordinates:
0, 50.2114
55.9755, 108.008
113.594, 38.7887
42.8483, 83.8994
Evaluation Time: 0.63887 seconds
Resulting Fitness: 0.353333
New local best!
New global best!
-------------
Particle: 3:
Relays Coordinates:
19.8733, 1.05643
27.6963, 78.3507
106.677, 37.8092
58.0265, 88.6723
Evaluation Time: 0.59246 seconds
Resulting Fitness: 0.306667
-------------
Particle: 4:
Relays Coordinates:
53.179, 8.62938
27.7087, 79.2372
177.661, 100.885
36.8913, 122.195
Evaluation Time: 0.623734 seconds
Resulting Fitness: 0.26
New local best!
Current global best fitness: 0.353333
Current global best relays: 0, 50.2114
55.9755, 108.008
113.594, 38.7887
42.8483, 83.8994
Particle 1 new velocities: -79.6554, 90.1027
2.30983, 4.94869
67.0446, -37.0839
-25.4357, 90.5446
Particle 2 new velocities: 0, -12.74
-19.4243, 63.3596
-4.0067, -1.34467
20.3471, -22.1631
Particle 3 new velocities: -12.8635, 25.1182
39.7978, 43.2861
3.81947, 1.19521
-25.8541, -4.54714
Particle 4 new velocities: -93.1204, 44.3067
36.0627, 35.3175
138.683, -94.5381
-34.4352, 34.7412
-- ITERATION 2 --
-------------
Particle: 1:
Relays Coordinates:
0, 90.1027
36.93, 83.3371
196.065, 0.474462
48.885, 143.083
Evaluation Time: 0.636485 seconds
Resulting Fitness: 0.153333
-------------
Particle: 2:
Relays Coordinates:
0, 37.4714
36.5511, 171.367
109.587, 37.444
63.1954, 61.7363
Evaluation Time: 0.560274 seconds
Resulting Fitness: 0.24
-------------
Particle: 3:
Relays Coordinates:
7.00987, 26.1746
67.4941, 121.637
110.497, 39.0045
32.1724, 84.1252
Evaluation Time: 0.634138 seconds
Resulting Fitness: 0.32
New local best!
-------------
Particle: 4:
Relays Coordinates:
0, 52.9361
63.7714, 114.555
316.344, 6.34716
2.45612, 156.936
Evaluation Time: 0.623628 seconds
Resulting Fitness: 0.246667
Current global best fitness: 0.353333
Current global best relays: 0, 50.2114
55.9755, 108.008
113.594, 38.7887
42.8483, 83.8994
Particle 1 new velocities: 30.2943, -39.9779
22.5196, 1.75743
-92.2659, -17.5388
-23.5598, -95.1969
Particle 2 new velocities: 0, 6.97311
16.1936, -108.722
3.1761, 0.790545
-3.84845, 5.50007
Particle 3 new velocities: -15.6878, 35.9597
18.7027, 19.8038
5.74783, 0.761616
-6.95507, -3.73169
Particle 4 new velocities: 19.6933, -11.3966
20.1576, 18.8963
-213.137, 29.2475
77.2698, -94.0973
-- ITERATION 3 --
-------------
Particle: 1:
Relays Coordinates:
30.2943, 50.1248
59.4496, 85.0946
103.799, 0
25.3251, 47.8857
Evaluation Time: 0.595968 seconds
Resulting Fitness: 0.293333
New local best!
-------------
Particle: 2:
Relays Coordinates:
0, 44.4445
52.7447, 62.6453
112.763, 38.2346
59.3469, 67.2364
Evaluation Time: 0.588178 seconds
Resulting Fitness: 0.233333
-------------
Particle: 3:
Relays Coordinates:
0, 62.1343
86.1968, 141.441
116.245, 39.7661
25.2173, 80.3935
Evaluation Time: 0.651183 seconds
Resulting Fitness: 0.346667
New local best!
-------------
Particle: 4:
Relays Coordinates:
19.6933, 41.5395
83.9289, 133.451
103.207, 35.5947
79.7259, 62.839
Evaluation Time: 0.616823 seconds
Resulting Fitness: 0.38
New local best!
New global best!
Current global best fitness: 0.38
Current global best relays: 19.6933, 41.5395
83.9289, 133.451
103.207, 35.5947
79.7259, 62.839
Particle 1 new velocities: 18.4288, -39.2093
34.5667, 78.9009
-74.2173, 37.1765
7.44007, -74.4038
Particle 2 new velocities: 14.6993, 6.1665
71.5302, 20.3763
-8.11729, -0.229829
-7.18196, 2.95785
Particle 3 new velocities: 14.705, -0.570139
11.1157, 3.46812
-12.7588, -6.58698
42.2913, -3.50918
Particle 4 new velocities: 15.7546, -9.11727
16.1261, 15.117
-170.51, 23.398
61.8158, -75.2779
-- ITERATION 4 --
-------------
Particle: 1:
Relays Coordinates:
48.7231, 10.9155
94.0163, 163.995
29.5816, 37.1765
32.7652, 0
Evaluation Time: 0.534961 seconds
Resulting Fitness: 0.16
-------------
Particle: 2:
Relays Coordinates:
14.6993, 50.611
124.275, 83.0215
104.646, 38.0047
52.165, 70.1942
Evaluation Time: 0.625765 seconds
Resulting Fitness: 0.36
New local best!
-------------
Particle: 3:
Relays Coordinates:
14.705, 61.5642
97.3125, 144.909
103.486, 33.1791
67.5086, 76.8843
Evaluation Time: 0.642754 seconds
Resulting Fitness: 0.386667
New local best!
New global best!
-------------
Particle: 4:
Relays Coordinates:
35.4479, 32.4222
100.055, 148.568
0, 58.9927
141.542, 0
Evaluation Time: 0.560194 seconds
Resulting Fitness: 0.16
Current global best fitness: 0.386667
Current global best relays: 14.705, 61.5642
97.3125, 144.909
103.486, 33.1791
67.5086, 76.8843
Particle 1 new velocities: -10.1868, 16.5221
20.9184, 42.6573
49.9984, 4.30957
22.5749, 143.23
Particle 2 new velocities: 11.7686, 10.8841
19.3639, 70.9456
-7.98722, -2.0728
12.7528, 8.88748
Particle 3 new velocities: 11.764, -0.456111
8.89257, 2.7745
-10.207, -5.26958
33.833, -2.80735
Particle 4 new velocities: -35.9559, 2.83524
-3.19852, -5.42287
188.239, -23.5621
-104.794, 54.2766
-- ITERATION 5 --
-------------
Particle: 1:
Relays Coordinates:
38.5363, 27.4376
114.935, 206.653
79.5801, 41.4861
55.3401, 143.23
Evaluation Time: 0.558519 seconds
Resulting Fitness: 0.24
-------------
Particle: 2:
Relays Coordinates:
26.4679, 61.4951
143.639, 153.967
96.6588, 35.9319
64.9177, 79.0817
Evaluation Time: 0.601919 seconds
Resulting Fitness: 0.3
-------------
Particle: 3:
Relays Coordinates:
26.4691, 61.1081
106.205, 147.683
93.279, 27.9095
101.342, 74.0769
Evaluation Time: 0.648586 seconds
Resulting Fitness: 0.4
New local best!
New global best!
-------------
Particle: 4:
Relays Coordinates:
0, 35.2575
96.8565, 143.145
188.239, 35.4306
36.7477, 54.2766
Evaluation Time: 0.547675 seconds
Resulting Fitness: 0.173333
Current global best fitness: 0.4
Current global best relays: 26.4691, 61.1081
106.205, 147.683
93.279, 27.9095
101.342, 74.0769
Particle 1 new velocities: -27.4229, 37.6767
-30.1583, -107.146
62.9089, -55.5727
3.46737, -69.9327
Particle 2 new velocities: 0.579528, -0.518832
-42.3854, 32.4409
-8.81004, -11.7993
18.7722, 0.73728
Particle 3 new velocities: 9.41123, -0.364889
7.11406, 2.2196
-8.1656, -4.21567
27.0664, -2.24588
Particle 4 new velocities: 60.101, 35.093
-8.47057, -7.44629
-54.5253, -23.1578
41.6405, 59.1191
-- ITERATION 6 --
-------------
Particle: 1:
Relays Coordinates:
11.1134, 65.1143
84.7764, 99.5068
142.489, 0
58.8075, 73.2975
Evaluation Time: 0.618676 seconds
Resulting Fitness: 0.34
New local best!
-------------
Particle: 2:
Relays Coordinates:
27.0474, 60.9763
101.253, 186.408
87.8488, 24.1326
83.6899, 79.819
Evaluation Time: 0.593443 seconds
Resulting Fitness: 0.32
-------------
Particle: 3:
Relays Coordinates:
35.8803, 60.7432
113.319, 149.903
85.1134, 23.6938
128.408, 71.8311
Evaluation Time: 0.644415 seconds
Resulting Fitness: 0.386667
-------------
Particle: 4:
Relays Coordinates:
60.101, 70.3505
88.3859, 135.699
133.714, 12.2728
78.3882, 113.396
Evaluation Time: 0.666603 seconds
Resulting Fitness: 0.133333
Current global best fitness: 0.4
Current global best relays: 26.4691, 61.1081
106.205, 147.683
93.279, 27.9095
101.342, 74.0769
Particle 1 new velocities: -14.0359, 28.3274
5.28768, -46.3458
-10.2561, 32.8248
44.6104, -55.6202
Particle 2 new velocities: -12.3514, -12.1407
-12.4915, -111.81
2.44609, 8.24244
-12.3568, -2.69236
Particle 3 new velocities: -12.9854, 0.50662
-0.903233, -1.96907
13.3815, 0.955345
-37.8304, 2.45979
Particle 4 new velocities: -21.1236, 9.92652
-0.982036, 15.1756
-49.1204, 15.447
42.6235, -3.30093
-- ITERATION 7 --
-------------
Particle: 1:
Relays Coordinates:
0, 93.4417
90.0641, 53.161
132.233, 32.8248
103.418, 17.6773
Evaluation Time: 0.585834 seconds
Resulting Fitness: 0.0866667
-------------
Particle: 2:
Relays Coordinates:
14.696, 48.8356
88.7619, 74.5979
90.2949, 32.3751
71.3331, 77.1266
Evaluation Time: 0.624658 seconds
Resulting Fitness: 0.313333
-------------
Particle: 3:
Relays Coordinates:
22.8949, 61.2498
112.416, 147.934
98.4949, 24.6492
90.5777, 74.2909
Evaluation Time: 0.640374 seconds
Resulting Fitness: 0.4
-------------
Particle: 4:
Relays Coordinates:
38.9774, 80.277
87.4038, 150.874
84.5937, 27.7199
121.012, 110.095
Evaluation Time: 0.62952 seconds
Resulting Fitness: 0.28
Current global best fitness: 0.4
Current global best relays: 26.4691, 61.1081
106.205, 147.683
93.279, 27.9095
101.342, 74.0769
Particle 1 new velocities: 44.1344, -19.4556
15.8011, 8.42381
-20.9029, 2.35769
15.3851, 9.58582
Particle 2 new velocities: 0.652054, -6.93339
25.5957, -15.2363
5.31514, 5.51064
28.5033, -5.63636
Particle 3 new velocities: -2.46137, 0.244864
-5.89116, -1.91625
-3.47595, 7.3353
-21.4036, 1.7219
Particle 4 new velocities: -49.3443, -21.8889
2.55416, 9.58707
-29.0991, 18.933
-14.3298, -82.8034
-- ITERATION 8 --
-------------
Particle: 1:
Relays Coordinates:
44.1344, 73.9862
105.865, 61.5848
111.33, 35.1825
118.803, 27.2631
Evaluation Time: 0.606456 seconds
Resulting Fitness: 0.246667
-------------
Particle: 2:
Relays Coordinates:
15.3481, 41.9022
114.358, 59.3616
95.61, 37.8857
99.8364, 71.4903
Evaluation Time: 0.609574 seconds
Resulting Fitness: 0.32
-------------
Particle: 3:
Relays Coordinates:
20.4336, 61.4947
106.525, 146.018
95.0189, 31.9845
69.1741, 76.0127
Evaluation Time: 0.65116 seconds
Resulting Fitness: 0.393333
-------------
Particle: 4:
Relays Coordinates:
0, 58.3882
89.958, 160.461
55.4946, 46.6529
106.682, 27.2913
Evaluation Time: 0.572938 seconds
Resulting Fitness: 0.24
Current global best fitness: 0.4
Current global best relays: 26.4691, 61.1081
106.205, 147.683
93.279, 27.9095
101.342, 74.0769
Particle 1 new velocities: 10.7071, -21.4738
12.2498, 150.716
-15.4293, -37.4844
-63.7192, 35.5839
Particle 2 new velocities: 6.44934, 17.8476
21.6256, 149.284
6.87362, 1.87293
-2.66132, -2.58277
Particle 3 new velocities: 5.20246, -0.733778
-5.2082, 1.6428
-5.27696, -1.3937
15.3947, -0.11282
Particle 4 new velocities: 27.9951, -24.7973
3.35833, -7.18464
36.8907, 2.48878
-21.6865, -33.6085
-- ITERATION 9 --
-------------
Particle: 1:
Relays Coordinates:
54.8415, 52.5123
118.115, 212.301
95.9007, 0
55.0838, 62.847
Evaluation Time: 0.559879 seconds
Resulting Fitness: 0.24
-------------
Particle: 2:
Relays Coordinates:
21.7974, 59.7498
135.983, 208.646
102.484, 39.7586
97.1751, 68.9075
Evaluation Time: 0.608709 seconds
Resulting Fitness: 0.306667
-------------
Particle: 3:
Relays Coordinates:
25.636, 60.7609
101.317, 147.66
89.742, 30.5908
84.5688, 75.8999
Evaluation Time: 0.638467 seconds
Resulting Fitness: 0.4
-------------
Particle: 4:
Relays Coordinates:
27.9951, 33.5908
93.3163, 153.277
92.3853, 49.1417
84.9954, 0
Evaluation Time: 0.576899 seconds
Resulting Fitness: 0.24
Current global best fitness: 0.4
Current global best relays: 26.4691, 61.1081
106.205, 147.683
93.279, 27.9095
101.342, 74.0769
Particle 1 new velocities: -43.7397, -15.8726
-31.1623, -22.7436
39.9776, 21.7389
29.6962, 38.0317
Particle 2 new velocities: 5.26786, 8.32008
-23.8284, 29.1162
5.01577, -2.63697
-11.8259, 6.52303
Particle 3 new velocities: 5.62685, 0.196232
1.39081, 1.3625
4.27914, -6.04492
34.0278, -4.20889
Particle 4 new velocities: 14.656, -6.85622
10.6749, -24.3024
40.6715, -2.19754
0.247896, 190.263
-- ITERATION 10 --
-------------
Particle: 1:
Relays Coordinates:
11.1017, 36.6398
86.9527, 189.557
135.878, 21.7389
84.7799, 100.879
Evaluation Time: 0.66619 seconds
Resulting Fitness: 0.153333
-------------
Particle: 2:
Relays Coordinates:
27.0653, 68.0699
112.155, 237.762
107.499, 37.1217
85.3492, 75.4305
Evaluation Time: 0.595871 seconds
Resulting Fitness: 0.32
-------------
Particle: 3:
Relays Coordinates:
31.2629, 60.9571
102.707, 149.023
94.0211, 24.5459
118.597, 71.691
Evaluation Time: 0.661462 seconds
Resulting Fitness: 0.4
-------------
Particle: 4:
Relays Coordinates:
42.6511, 26.7346
103.991, 128.974
133.057, 46.9441
85.2433, 190.263
Evaluation Time: 0.617981 seconds
Resulting Fitness: 0.233333
Current global best fitness: 0.4
Current global best relays: 26.4691, 61.1081
106.205, 147.683
93.279, 27.9095
101.342, 74.0769
Particle 1 new velocities: -14.4024, -3.31557
1.63806, -120.295
-24.5787, 4.9818
16.7872, -21.9851
Particle 2 new velocities: -0.320776, -2.22456
-23.3087, -168.025
-13.5578, -4.96228
8.87981, 0.49144
Particle 3 new velocities: -1.79207, 0.545375
9.83663, 0.23636
1.78247, -1.25439
7.32714, -1.80173
Particle 4 new velocities: -28.1885, 51.011
-13.4535, 3.91045
24.4474, -12.4789
-1.53704, 51.6027
-- ITERATION 11 --
-------------
Particle: 1:
Relays Coordinates:
0, 33.3242
88.5908, 69.262
111.3, 26.7207
101.567, 78.8936
Evaluation Time: 0.572077 seconds
Resulting Fitness: 0.0933333
-------------
Particle: 2:
Relays Coordinates:
26.7445, 65.8454
88.8461, 69.7376
93.9416, 32.1594
94.229, 75.922
Evaluation Time: 0.611713 seconds
Resulting Fitness: 0.333333
-------------
Particle: 3:
Relays Coordinates:
29.4708, 61.5025
112.544, 149.259
95.8036, 23.2915
125.924, 69.8893
Evaluation Time: 0.635671 seconds
Resulting Fitness: 0.38
-------------
Particle: 4:
Relays Coordinates:
14.4626, 77.7456
90.5377, 132.885
157.504, 34.4652
83.7062, 241.866
Evaluation Time: 0.587922 seconds
Resulting Fitness: 0.166667
Current global best fitness: 0.4
Current global best relays: 26.4691, 61.1081
106.205, 147.683
93.279, 27.9095
101.342, 74.0769
Particle 1 new velocities: 38.961, 24.0714
3.56047, 69.8836
-30.6028, -16.2569
-2.62955, -27.2846
Particle 2 new velocities: -7.9514, -10.8085
32.565, -32.6147
-4.67655, -3.06074
-7.06808, -4.95602
Particle 3 new velocities: -6.9111, 0.26268
3.29291, -2.19294
-2.26762, 3.44899
-10.5598, 3.24412
Particle 4 new velocities: -18.6472, 3.1162
-5.33354, 26.8042
-56.5876, -12.7781
0.382539, -92.8469
-- ITERATION 12 --
-------------
Particle: 1:
Relays Coordinates:
38.961, 57.3956
92.1512, 139.146
80.6967, 10.4638
98.9376, 51.609
Evaluation Time: 0.623721 seconds
Resulting Fitness: 0.346667
New local best!
-------------
Particle: 2:
Relays Coordinates:
18.7931, 55.0368
121.411, 37.1229
89.2651, 29.0986
87.1609, 70.966
Evaluation Time: 0.570801 seconds
Resulting Fitness: 0.28
-------------
Particle: 3:
Relays Coordinates:
22.5597, 61.7652
115.837, 147.066
93.536, 26.7405
115.364, 73.1334
Evaluation Time: 0.618686 seconds
Resulting Fitness: 0.393333
-------------
Particle: 4:
Relays Coordinates:
0, 80.8618
85.2042, 159.689
100.917, 21.6871
84.0888, 149.019
Evaluation Time: 0.526021 seconds
Resulting Fitness: 0.126667
Current global best fitness: 0.4
Current global best relays: 26.4691, 61.1081
106.205, 147.683
93.279, 27.9095
101.342, 74.0769
Particle 1 new velocities: 16.4353, 24.2725
18.3544, 64.1492
-13.926, 12.2141
0.206703, 10.0297
Particle 2 new velocities: -7.44273, -4.56774
7.45092, 161.759
9.32469, 0.5455
-22.1677, -2.77173
Particle 3 new velocities: -1.83977, -0.877297
-24.5845, -0.872776
-1.9291, 4.50764
-20.8178, 3.97044
Particle 4 new velocities: 18.3271, -43.0335
24.8991, 1.1298
-47.7496, 9.66795
27.5467, -183.164
-- ITERATION 13 --
-------------
Particle: 1:
Relays Coordinates:
55.3964, 81.6681
110.506, 203.295
66.7708, 22.6779
99.1443, 61.6387
Evaluation Time: 0.639075 seconds
Resulting Fitness: 0.293333
-------------
Particle: 2:
Relays Coordinates:
11.3503, 50.4691
128.862, 198.882
98.5898, 29.6441
64.9932, 68.1942
Evaluation Time: 0.599259 seconds
Resulting Fitness: 0.24
-------------
Particle: 3:
Relays Coordinates:
20.7199, 60.8879
91.2524, 146.194
91.6069, 31.2481
94.5462, 77.1039
Evaluation Time: 0.595891 seconds
Resulting Fitness: 0.4
-------------
Particle: 4:
Relays Coordinates:
18.3271, 37.8284
110.103, 160.819
53.1671, 31.3551
111.635, 0
Evaluation Time: 0.558849 seconds
Resulting Fitness: 0.24
Current global best fitness: 0.4
Current global best relays: 26.4691, 61.1081
106.205, 147.683
93.279, 27.9095
101.342, 74.0769
Particle 1 new velocities: -18.2701, -16.3154
1.39056, -73.8442
0.384585, 6.0378
3.09133, 10.1034
Particle 2 new velocities: 5.427, 7.87449
-36.6691, -28.1087
0.250729, 7.1698
18.5972, 5.4859
Particle 3 new velocities: -0.19795, -0.433559
14.3273, 0.925899
-0.422988, -2.35834
-8.46612, -3.75223
Particle 4 new velocities: 26.9569, -28.9894
4.39143, -44.198
-24.3634, 5.31659
-26.3155, 102.888
-- ITERATION 14 --
-------------
Particle: 1:
Relays Coordinates:
37.1262, 65.3527
111.896, 129.451
67.1554, 28.7157
102.236, 71.7422
Evaluation Time: 0.643558 seconds
Resulting Fitness: 0.38
New local best!
-------------
Particle: 2:
Relays Coordinates:
16.7773, 58.3436
92.193, 170.773
98.8405, 36.8139
83.5904, 73.6801
Evaluation Time: 0.646592 seconds
Resulting Fitness: 0.3
-------------
Particle: 3:
Relays Coordinates:
20.522, 60.4543
105.58, 147.119
91.1839, 28.8898
86.0801, 73.3516
Evaluation Time: 0.649501 seconds
Resulting Fitness: 0.4
-------------
Particle: 4:
Relays Coordinates:
45.284, 8.839
114.495, 116.621
28.8036, 36.6717
85.3199, 102.888
Evaluation Time: 0.618054 seconds
Resulting Fitness: 0.346667
Current global best fitness: 0.4
Current global best relays: 26.4691, 61.1081
106.205, 147.683
93.279, 27.9095
101.342, 74.0769
Particle 1 new velocities: -18.0913, -15.3221
-8.20189, -47.6644
29.7903, 4.1893
1.45909, 11.4124
Particle 2 new velocities: 18.8036, 4.50886
7.18045, -74.7521
3.3293, -5.1559
-8.43463, 3.90959
Particle 3 new velocities: 14.7302, 0.41401
11.7824, 1.38057
2.97207, -4.14653
22.1503, -1.42433
Particle 4 new velocities: -8.13922, 14.0403
-16.2824, 12.5024
119.384, -9.49391
-2.11022, 60.6643
-- ITERATION 15 --
-------------
Particle: 1:
Relays Coordinates:
19.035, 50.0307
103.694, 81.7863
96.9456, 32.905
103.695, 83.1546
Evaluation Time: 0.603976 seconds
Resulting Fitness: 0.353333
-------------
Particle: 2:
Relays Coordinates:
35.5809, 62.8524
99.3734, 96.0208
102.17, 31.658
75.1558, 77.5897
Evaluation Time: 0.626982 seconds
Resulting Fitness: 0.333333
-------------
Particle: 3:
Relays Coordinates:
35.2522, 60.8683
117.362, 148.5
94.1559, 24.7432
108.23, 71.9273
Evaluation Time: 0.649356 seconds
Resulting Fitness: 0.393333
-------------
Particle: 4:
Relays Coordinates:
37.1448, 22.8793
98.2123, 129.123
148.188, 27.1778
83.2097, 163.552
Evaluation Time: 0.557244 seconds
Resulting Fitness: 0.16
Current global best fitness: 0.4
Current global best relays: 26.4691, 61.1081
106.205, 147.683
93.279, 27.9095
101.342, 74.0769
Particle 1 new velocities: 2.2894, 2.18305
5.69626, 83.4585
15.9631, -5.4918
-4.30817, -10.35
Particle 2 new velocities: -5.64592, -8.72628
21.1889, -30.8573
-7.02201, -1.61561
3.27113, -3.61248
Particle 3 new velocities: -3.41356, 0.583743
-0.0538263, -0.0456404
0.467183, 1.04651
-2.24212, 3.31672
Particle 4 new velocities: -17.7784, 38.1277
-14.4388, 18.5901
6.72934, 3.1202
16.0818, -96.6016
-- ITERATION 16 --
-------------
Particle: 1:
Relays Coordinates:
21.3244, 52.2137
109.391, 165.245
112.909, 27.4132
99.3866, 72.8046
Evaluation Time: 0.645179 seconds
Resulting Fitness: 0.326667
-------------
Particle: 2:
Relays Coordinates:
29.935, 54.1261
120.562, 65.1635
95.1478, 30.0424
78.4269, 73.9772
Evaluation Time: 0.603401 seconds
Resulting Fitness: 0.346667
-------------
Particle: 3:
Relays Coordinates:
31.8387, 61.4521
117.308, 148.454
94.6231, 25.7898
105.988, 75.244
Evaluation Time: 0.732751 seconds
Resulting Fitness: 0.4
-------------
Particle: 4:
Relays Coordinates:
19.3664, 61.007
83.7735, 147.713
154.917, 30.298
99.2916, 66.9509
Evaluation Time: 0.704065 seconds
Resulting Fitness: 0.44
New local best!
New global best!
Current global best fitness: 0.44
Current global best relays: 19.3664, 61.007
83.7735, 147.713
154.917, 30.298
99.2916, 66.9509
Particle 1 new velocities: 14.8324, 21.6563
-16.246, 43.2394
-31.9693, -0.452726
-0.656804, -16.5167
Particle 2 new velocities: -26.202, -6.64907
12.1131, 86.1026
81.122, 4.70517
5.54201, -11.0695
Particle 3 new velocities: -19.3223, -0.572835
-14.3859, -2.16987
5.50265, 9.74577
-5.23646, -1.09448
Particle 4 new velocities: -14.2227, 30.5022
-11.551, 14.872
5.38347, 2.49616
12.8655, -77.2813
-- ITERATION 17 --
-------------
Particle: 1:
Relays Coordinates:
36.1568, 73.87
93.1446, 208.484
80.9394, 26.9605
98.7298, 56.2879
Evaluation Time: 0.593952 seconds
Resulting Fitness: 0.246667
-------------
Particle: 2:
Relays Coordinates:
3.733, 47.4771
132.675, 151.266
176.27, 34.7476
83.9689, 62.9078
Evaluation Time: 0.743679 seconds
Resulting Fitness: 0.22
-------------
Particle: 3:
Relays Coordinates:
12.5163, 60.8792
102.922, 146.284
100.126, 35.5355
100.752, 74.1495
Evaluation Time: 0.672256 seconds
Resulting Fitness: 0.306667
-------------
Particle: 4:
Relays Coordinates:
5.14373, 91.5092
72.2225, 162.585
160.301, 32.7941
112.157, 0
Evaluation Time: 0.693093 seconds
Resulting Fitness: 0.0933333
Current global best fitness: 0.44
Current global best relays: 19.3664, 61.007
83.7735, 147.713
154.917, 30.298
99.2916, 66.9509
Particle 1 new velocities: -0.0856015, 5.68898
-9.75446, -40.5022
91.478, 0.630883
-0.151808, 11.5703
Particle 2 new velocities: -8.64444, 16.8948
-60.0374, 57.749
-25.9622, 1.52279
-20.2288, 6.19187
Particle 3 new velocities: -3.55552, -0.181434
-25.0629, -0.173499
53.0796, -3.80781
-5.66681, -1.98763
Particle 4 new velocities: 3.3759, -0.185651
6.14154, -21.2578
-1.02162, -0.0316931
-10.7517, 165.39
-- ITERATION 18 --
-------------
Particle: 1:
Relays Coordinates:
36.0712, 79.559
83.3902, 167.982
172.417, 27.5913
98.578, 67.8581
Evaluation Time: 0.718318 seconds
Resulting Fitness: 0.266667
-------------
Particle: 2:
Relays Coordinates:
0, 64.3719
72.638, 209.015
150.308, 36.2704
63.7402, 69.0996
Evaluation Time: 0.687938 seconds
Resulting Fitness: 0.226667
-------------
Particle: 3:
Relays Coordinates:
8.96083, 60.6978
77.8594, 146.111
153.205, 31.7277
95.085, 72.1619
Evaluation Time: 0.652007 seconds
Resulting Fitness: 0.386667
-------------
Particle: 4:
Relays Coordinates:
8.51963, 91.3235
78.364, 141.328
159.279, 32.7624
101.405, 165.39
Evaluation Time: 0.617597 seconds
Resulting Fitness: 0.146667
Current global best fitness: 0.44
Current global best relays: 19.3664, 61.007
83.7735, 147.713
154.917, 30.298
99.2916, 66.9509
Particle 1 new velocities: -23.6278, -33.7415
11.7613, -65.2926
18.6609, 2.67935
4.07887, 12.3695
Particle 2 new velocities: 37.8258, -1.11536
-25.458, 13.3774
-55.7749, 0.05596
-23.1906, 3.22927
Particle 3 new velocities: 21.2627, 0.603744
-5.31658, 3.94059
-18.2215, -6.87278
4.04018, -7.93108
Particle 4 new velocities: 12.6208, -33.836
13.4891, -9.94391
-4.56122, -3.71036
-12.1879, 120.613
-- ITERATION 19 --
-------------
Particle: 1:
Relays Coordinates:
12.4433, 45.8175
95.1515, 102.689
191.078, 30.2707
102.657, 80.2276
Evaluation Time: 0.653354 seconds
Resulting Fitness: 0.16
-------------
Particle: 2:
Relays Coordinates:
37.8258, 63.2565
47.18, 222.392
94.5326, 36.3263
40.5496, 72.3289
Evaluation Time: 0.600342 seconds
Resulting Fitness: 0.24
-------------
Particle: 3:
Relays Coordinates:
30.2235, 61.3016
72.5428, 150.052
134.984, 24.8549
99.1252, 64.2308
Evaluation Time: 0.640502 seconds
Resulting Fitness: 0.386667
-------------
Particle: 4:
Relays Coordinates:
21.1404, 57.4876
91.8531, 131.384
154.718, 29.0521
89.2174, 286.003
Evaluation Time: 0.568285 seconds
Resulting Fitness: 0.16
Current global best fitness: 0.44
Current global best relays: 19.3664, 61.007
83.7735, 147.713
154.917, 30.298
99.2916, 66.9509
Particle 1 new velocities: 12.4568, -9.71261
23.3298, 22.7453
-81.9268, 0.574384
1.6226, 2.29333
Particle 2 new velocities: 3.69557, -11.9634
13.3968, -192.398
-30.1903, -2.25021
53.4989, -6.35309
Particle 3 new velocities: 3.27262, -0.132086
22.3596, -0.276496
-14.0984, -0.578273
5.93728, 4.63131
Particle 4 new velocities: 8.38844, -20.2263
1.35287, 18.6076
-3.1325, -1.06028
11.3491, -8.03925
-- ITERATION 20 --
-------------
Particle: 1:
Relays Coordinates:
24.9001, 36.1049
118.481, 125.435
109.152, 30.8451
104.279, 82.521
Evaluation Time: 0.622474 seconds
Resulting Fitness: 0.386667
New local best!
-------------
Particle: 2:
Relays Coordinates:
41.5213, 51.2931
60.5768, 29.9944
64.3423, 34.0761
94.0485, 65.9758
Evaluation Time: 0.647952 seconds
Resulting Fitness: 0.253333
-------------
Particle: 3:
Relays Coordinates:
33.4961, 61.1695
94.9024, 149.775
120.885, 24.2767
105.062, 68.8621
Evaluation Time: 0.633107 seconds
Resulting Fitness: 0.36
-------------
Particle: 4:
Relays Coordinates:
29.5288, 37.2613
93.206, 149.991
151.585, 27.9918
100.567, 277.963
Evaluation Time: 0.545942 seconds
Resulting Fitness: 0.16
Current global best fitness: 0.44
Current global best relays: 19.3664, 61.007
83.7735, 147.713
154.917, 30.298
99.2916, 66.9509
Particle 1 new velocities: 5.58283, 24.9122
-28.4378, 35.6897
-46.2773, 0.335871
0.644428, -9.11867
Particle 2 new velocities: -34.3089, 5.73672
107.313, 57.3627
138.967, 0.227581
40.7051, -3.95508
Particle 3 new velocities: -29.8344, -0.297311
22.9523, -1.33831
15.7346, 10.9767
-4.64175, 6.34325
Particle 4 new velocities: 1.08544, 14.8231
-7.65055, 13.1566
-0.0988097, 1.69146
6.88438, -48.215
-- ITERATION 21 --
-------------
Particle: 1:
Relays Coordinates:
30.4829, 61.017
90.0436, 161.124
62.8743, 31.181
104.924, 73.4023
Evaluation Time: 0.663293 seconds
Resulting Fitness: 0.32
-------------
Particle: 2:
Relays Coordinates:
7.21241, 57.0298
167.89, 87.3572
203.309, 34.3037
134.754, 62.0207
Evaluation Time: 0.645368 seconds
Resulting Fitness: 0.153333
-------------
Particle: 3:
Relays Coordinates:
3.66172, 60.8722
117.855, 148.437
136.62, 35.2534
100.421, 75.2054
Evaluation Time: 0.683576 seconds
Resulting Fitness: 0.12
-------------
Particle: 4:
Relays Coordinates:
30.6143, 52.0843
85.5554, 163.148
151.486, 29.6833
107.451, 229.748
Evaluation Time: 0.592233 seconds
Resulting Fitness: 0.16
Current global best fitness: 0.44
Current global best relays: 19.3664, 61.007
83.7735, 147.713
154.917, 30.298
99.2916, 66.9509
Particle 1 new velocities: 2.03711, 5.06759
5.23501, -26.8406
115.095, -1.32025
-6.42353, -0.570302
Particle 2 new velocities: -15.9838, 4.36895
29.8222, 136.659
33.6125, 0.596831
-22.9537, 4.48083
Particle 3 new velocities: 10.9513, -0.0101023
4.61212, -3.05636
-11.9307, 1.70283
-3.12744, -9.61498
Particle 4 new velocities: -8.16274, 25.4429
-7.99745, -15.9458
2.58279, 2.60325
0.470557, -120.191
-- ITERATION 22 --
-------------
Particle: 1:
Relays Coordinates:
32.52, 66.0846
95.2786, 134.284
177.969, 29.8607
98.5003, 72.832
Evaluation Time: 0.661236 seconds
Resulting Fitness: 0.386667
-------------
Particle: 2:
Relays Coordinates:
0, 61.3988
197.712, 224.016
236.922, 34.9005
111.8, 66.5016
Evaluation Time: 0.568086 seconds
Resulting Fitness: 0.12
-------------
Particle: 3:
Relays Coordinates:
14.613, 60.8621
122.467, 145.38
124.689, 36.9562
97.2933, 65.5904
Evaluation Time: 0.584191 seconds
Resulting Fitness: 0.406667
New local best!
-------------
Particle: 4:
Relays Coordinates:
22.4515, 77.5272
77.558, 147.202
154.069, 32.2865
107.921, 109.557
Evaluation Time: 0.650203 seconds
Resulting Fitness: 0.34
Current global best fitness: 0.44
Current global best relays: 19.3664, 61.007
83.7735, 147.713
154.917, 30.298
99.2916, 66.9509
Particle 1 new velocities: -7.61821, -21.1568
-13.7242, -4.8721
34.6707, -0.0770898
-1.58709, 1.2635
Particle 2 new velocities: 34.4515, 0.645597
-102.199, -75.8952
-22.0976, -0.873562
-56.108, 7.4121
Particle 3 new velocities: 14.0051, 0.220063
-57.54, 0.990179
12.0208, -6.88884
-1.62713, -7.58761
Particle 4 new velocities: -13.0875, 5.25796
4.39982, -12.3914
3.69508, -2.34485
-18.2277, -128.26
-- ITERATION 23 --
-------------
Particle: 1:
Relays Coordinates:
24.9018, 44.9278
81.5544, 129.412
212.64, 29.7836
96.9133, 74.0955
Evaluation Time: 0.596427 seconds
Resulting Fitness: 0.36
-------------
Particle: 2:
Relays Coordinates:
34.4515, 62.0444
95.5126, 148.121
214.824, 34.027
55.692, 73.9137
Evaluation Time: 0.615564 seconds
Resulting Fitness: 0.333333
-------------
Particle: 3:
Relays Coordinates:
28.6181, 61.0821
64.9268, 146.371
136.71, 30.0674
95.6662, 58.0028
Evaluation Time: 0.675737 seconds
Resulting Fitness: 0.3
-------------
Particle: 4:
Relays Coordinates:
9.36404, 82.7852
81.9578, 134.811
157.764, 29.9417
89.6938, 0
Evaluation Time: 0.668857 seconds
Resulting Fitness: 0.34
Current global best fitness: 0.44
Current global best relays: 19.3664, 61.007
83.7735, 147.713
154.917, 30.298
99.2916, 66.9509
Particle 1 new velocities: -10.1148, -21.4973
31.459, 22.1701
-164.591, 0.27759
3.23164, -2.26948
Particle 2 new velocities: 2.39522, -10.3869
-76.4357, -96.6268
-51.961, 3.71359
7.98651, -0.193125
Particle 3 new velocities: -16.1239, -0.0035097
-22.1113, 1.1206
26.2921, -1.96977
3.9906, -2.29278
Particle 4 new velocities: -4.25795, -14.9141
5.40787, 9.87838
0.497496, -0.998601
-7.47746, 77.3457
-- ITERATION 24 --
-------------
Particle: 1:
Relays Coordinates:
14.7871, 23.4305
113.013, 151.582
48.0489, 30.0612
100.145, 71.826
Evaluation Time: 0.720957 seconds
Resulting Fitness: 0.373333
-------------
Particle: 2:
Relays Coordinates:
36.8467, 51.6575
19.0769, 51.494
162.863, 37.7406
63.6785, 73.7206
Evaluation Time: 0.555062 seconds
Resulting Fitness: 0.206667
-------------
Particle: 3:
Relays Coordinates:
12.4942, 61.0786
42.8155, 147.491
163.002, 28.0976
99.6568, 55.71
Evaluation Time: 0.663468 seconds
Resulting Fitness: 0.286667
-------------
Particle: 4:
Relays Coordinates:
5.10609, 67.8711
87.3657, 144.689
158.262, 28.9431
82.2164, 77.3457
Evaluation Time: 0.65185 seconds
Resulting Fitness: 0.413333
Current global best fitness: 0.44
Current global best relays: 19.3664, 61.007
83.7735, 147.713
154.917, 30.298
99.2916, 66.9509
Particle 1 new velocities: -5.88901, 0.546482
-9.45968, 2.76094
-74.7406, 0.906493
4.91089, -1.73326
Particle 2 new velocities: -11.8174, 3.01417
56.7061, -1.68077
-72.1593, -1.80423
43.8519, -7.33046
Particle 3 new velocities: -6.00753, -0.186268
61.4861, 1.01075
-11.0882, 2.40874
2.05319, 23.9265
Particle 4 new velocities: 0.663823, -24.9297
2.51055, 16.3474
-2.30843, 1.44772
-3.55864, 39.8977
-- ITERATION 25 --
-------------
Particle: 1:
Relays Coordinates:
8.89805, 23.977
103.554, 154.343
0, 30.9677
105.056, 70.0928
Evaluation Time: 0.564374 seconds
Resulting Fitness: 0.0866667
-------------
Particle: 2:
Relays Coordinates:
25.0293, 54.6716
75.7831, 49.8133
90.7036, 35.9363
107.53, 66.3901
Evaluation Time: 0.603262 seconds
Resulting Fitness: 0.306667
-------------
Particle: 3:
Relays Coordinates:
6.48666, 60.8923
104.302, 148.502
151.914, 30.5063
101.71, 79.6366
Evaluation Time: 0.639377 seconds
Resulting Fitness: 0.153333
-------------
Particle: 4:
Relays Coordinates:
5.76991, 42.9414
89.8762, 161.037
155.953, 30.3908
78.6577, 117.243
Evaluation Time: 0.534113 seconds
Resulting Fitness: 0.133333
Current global best fitness: 0.44
Current global best relays: 19.3664, 61.007
83.7735, 147.713
154.917, 30.298
99.2916, 66.9509
Particle 1 new velocities: 22.0779, 68.2833
-11.3611, -33.5281
230.349, 0.262974
-0.942099, 0.507236
Particle 2 new velocities: -17.3056, 3.86881
97.4734, 181.635
-12.779, -3.1655
8.15436, -3.85287
Particle 3 new velocities: 18.0302, -0.0191338
46.4889, -2.30959
-29.0973, 2.50652
-4.01546, 9.07096
Particle 4 new velocities: 14.5133, 9.31685
-13.214, -10.9782
-3.20071, 0.991981
-0.511706, -31.7824
-- ITERATION 26 --
-------------
Particle: 1:
Relays Coordinates:
30.976, 92.2603
92.1926, 120.815
230.349, 31.2307
104.114, 70.6
Evaluation Time: 0.63175 seconds
Resulting Fitness: 0.08
-------------
Particle: 2:
Relays Coordinates:
7.72373, 58.5404
173.256, 231.448
77.9247, 32.7708
115.685, 62.5372
Evaluation Time: 0.618012 seconds
Resulting Fitness: 0.3
-------------
Particle: 3:
Relays Coordinates:
24.5168, 60.8732
150.79, 146.192
122.817, 33.0129
97.6945, 88.7075
Evaluation Time: 0.635625 seconds
Resulting Fitness: 0.393333
-------------
Particle: 4:
Relays Coordinates:
20.2832, 52.2582
76.6622, 150.058
152.753, 31.3828
78.146, 85.4611
Evaluation Time: 0.676076 seconds
Resulting Fitness: 0.346667
Current global best fitness: 0.44
Current global best relays: 19.3664, 61.007
83.7735, 147.713
154.917, 30.298
99.2916, 66.9509
Particle 1 new velocities: 5.62703, 14.2845
14.9412, -15.3545
-24.927, -0.830439
-6.15677, -5.56739
Particle 2 new velocities: 10.6602, 6.74288
40.8393, -63.26
142.523, -6.58028
-45.5892, 8.40581
Particle 3 new velocities: 1.03506, 0.0631443
-40.8582, -0.221135
30.3462, 2.57497
-0.782906, -21.0794
Particle 4 new velocities: 10.5921, 27.1023
3.33019, -11.7853
0.336072, -0.497929
29.019, -40.868
-- ITERATION 27 --
-------------
Particle: 1:
Relays Coordinates:
36.603, 106.545
107.134, 105.46
205.422, 30.4002
97.9569, 65.0326
Evaluation Time: 0.51628 seconds
Resulting Fitness: 0.08
-------------
Particle: 2:
Relays Coordinates:
18.3839, 65.2833
214.096, 168.188
220.447, 26.1906
70.0955, 70.943
Evaluation Time: 0.53765 seconds
Resulting Fitness: 0.206667
-------------
Particle: 3:
Relays Coordinates:
25.5519, 60.9363
109.932, 145.971
153.163, 35.5878
96.9116, 67.6282
Evaluation Time: 0.595332 seconds
Resulting Fitness: 0.426667
New local best!
-------------
Particle: 4:
Relays Coordinates:
30.8753, 79.3605
79.9924, 138.273
153.089, 30.8848
107.165, 44.593
Evaluation Time: 0.628477 seconds
Resulting Fitness: 0.413333
Current global best fitness: 0.44
Current global best relays: 19.3664, 61.007
83.7735, 147.713
154.917, 30.298
99.2916, 66.9509
Particle 1 new velocities: -20.3762, -92.7068
13.6048, 49.2051
-158.71, -0.440442
-1.70998, 16.8144
Particle 2 new velocities: 8.31394, -7.79896
-174.456, -145.105
-45.8095, -3.77555
-27.1861, -0.379659
Particle 3 new velocities: -2.92005, 0.100068
-59.7102, -0.10275
24.8127, -5.02113
-0.0098928, -17.0043
Particle 4 new velocities: 1.43484, 3.45551
11.3285, 14.3914
2.85607, -1.75354
13.2192, -8.23354
-- ITERATION 28 --
-------------
Particle: 1:
Relays Coordinates:
16.2268, 13.838
120.739, 154.665
46.7127, 29.9598
96.2469, 81.847
Evaluation Time: 0.599227 seconds
Resulting Fitness: 0.353333
-------------
Particle: 2:
Relays Coordinates:
26.6978, 57.4844
39.6398, 23.0836
174.638, 22.415
42.9094, 70.5634
Evaluation Time: 0.551866 seconds
Resulting Fitness: 0.2
-------------
Particle: 3:
Relays Coordinates:
22.6318, 61.0364
50.2221, 145.868
177.976, 30.5667
96.9017, 50.6238
Evaluation Time: 0.630839 seconds
Resulting Fitness: 0.353333
-------------
Particle: 4:
Relays Coordinates:
32.3102, 82.816
91.3208, 152.665
155.945, 29.1313
120.384, 36.3595
Evaluation Time: 0.607294 seconds
Resulting Fitness: 0.16
Current global best fitness: 0.44
Current global best relays: 19.3664, 61.007
83.7735, 147.713
154.917, 30.298
99.2916, 66.9509
Particle 1 new velocities: -4.52426, -6.92597
-54.0511, 25.8169
38.9369, 0.63115
8.56667, 3.14868
Particle 2 new velocities: -5.13312, -8.71192
-68.5717, 110.397
-115.288, 10.0631
42.3992, -4.92255
Particle 3 new velocities: -4.55651, -0.0205295
44.1542, 2.87338
-34.0534, -0.687449
4.02699, 14.9057
Particle 4 new velocities: -8.4783, -27.5186
-7.45008, 6.82759
0.663941, 0.2643
6.27817, 44.535
-- ITERATION 29 --
-------------
Particle: 1:
Relays Coordinates:
11.7025, 6.91206
66.6875, 180.482
85.6496, 30.5909
104.814, 84.9956
Evaluation Time: 0.614212 seconds
Resulting Fitness: 0.36
-------------
Particle: 2:
Relays Coordinates:
21.5647, 48.7724
0, 133.481
59.3498, 32.4781
85.3087, 65.6408
Evaluation Time: 0.617348 seconds
Resulting Fitness: 0.213333
-------------
Particle: 3:
Relays Coordinates:
18.0753, 61.0159
94.3763, 148.742
143.922, 29.8793
100.929, 65.5295
Evaluation Time: 0.692897 seconds
Resulting Fitness: 0.44
New local best!
-------------
Particle: 4:
Relays Coordinates:
23.8319, 55.2973
83.8708, 159.492
156.609, 29.3956
126.662, 80.8945
Evaluation Time: 0.569757 seconds
Resulting Fitness: 0.16
Current global best fitness: 0.44
Current global best relays: 19.3664, 61.007
83.7735, 147.713
154.917, 30.298
99.2916, 66.9509
Particle 1 new velocities: 3.07432, 51.652
-4.42032, -89.2357
173.534, 0.278688
2.09062, -7.39367
Particle 2 new velocities: -7.43728, -2.68409
143.496, 74.3477
-41.9468, 6.9635
38.0166, -0.563417
Particle 3 new velocities: -3.13475, -0.0284665
30.0141, 2.13886
-27.0802, -0.318687
3.16272, 14.4106
Particle 4 new velocities: -12.9296, -14.9038
-6.06194, -8.82984
-3.78856, 0.873424
-22.3171, 16.3365
-- ITERATION 30 --
-------------
Particle: 1:
Relays Coordinates:
14.7769, 58.5641
62.2672, 91.2464
259.183, 30.8696
106.904, 77.602
Evaluation Time: 0.636703 seconds
Resulting Fitness: 0.333333
-------------
Particle: 2:
Relays Coordinates:
14.1274, 46.0883
143.496, 207.828
17.403, 39.4416
123.325, 65.0774
Evaluation Time: 0.533752 seconds
Resulting Fitness: 0.16
-------------
Particle: 3:
Relays Coordinates:
14.9406, 60.9874
124.39, 150.881
116.842, 29.5606
104.091, 79.9402
Evaluation Time: 0.638118 seconds
Resulting Fitness: 0.253333
-------------
Particle: 4:
Relays Coordinates:
10.9023, 40.3935
77.8088, 150.662
152.82, 30.269
104.345, 97.231
Evaluation Time: 0.49748 seconds
Resulting Fitness: 0.153333
Current global best fitness: 0.44
Current global best relays: 19.3664, 61.007
83.7735, 147.713
154.917, 30.298
99.2916, 66.9509
Particle 1 new velocities: 13.751, 40.5272
75.6378, -16.4544
-92.2172, -0.319224
-4.77726, -7.80563
Particle 2 new velocities: -1.32055, 6.83365
27.9524, -56.0202
28.4481, 1.35989
-19.7602, 3.70165
Particle 3 new velocities: 6.22907, 0.0190651
-10.5126, -4.08167
16.9637, 0.632662
-5.79888, 1.77524
Particle 4 new velocities: 13.4143, 15.92
-1.85217, -10.6719
2.82147, 0.740909
-30.5654, -47.9253
-- ITERATION 31 --
-------------
Particle: 1:
Relays Coordinates:
28.5278, 99.0913
137.905, 74.792
166.966, 30.5504
102.127, 69.7963
Evaluation Time: 0.503208 seconds
Resulting Fitness: 0.08
-------------
Particle: 2:
Relays Coordinates:
12.8069, 52.922
171.449, 151.808
45.8511, 40.8015
103.565, 68.7791
Evaluation Time: 0.597126 seconds
Resulting Fitness: 0.273333
-------------
Particle: 3:
Relays Coordinates:
21.1697, 61.0065
113.878, 146.799
133.806, 30.1932
98.2925, 81.7154
Evaluation Time: 0.658209 seconds
Resulting Fitness: 0.433333
-------------
Particle: 4:
Relays Coordinates:
24.3166, 56.3135
75.9567, 139.99
155.642, 31.0099
73.7798, 49.3057
Evaluation Time: 0.6325 seconds
Resulting Fitness: 0.326667
Current global best fitness: 0.44
Current global best relays: 19.3664, 61.007
83.7735, 147.713
154.917, 30.298
99.2916, 66.9509
Particle 1 new velocities: -2.13747, -31.5974
-35.1473, 12.6188
-107.113, -0.35759
-5.3882, -6.24789
Particle 2 new velocities: 3.9209, 11.6618
-105.99, -86.6011
217.157, -13.9721
-47.5151, 2.85354
Particle 3 new velocities: 4.69903, 0.0169864
-61.8186, -2.31502
35.2357, 0.3749
-3.68062, -17.0302
Particle 4 new velocities: 8.67536, 20.0689
7.38409, 1.51576
1.51496, -0.41883
8.05832, -16.151
-- ITERATION 32 --
-------------
Particle: 1:
Relays Coordinates:
26.3904, 67.4939
102.758, 87.4108
59.8536, 30.1928
96.7388, 63.5485
Evaluation Time: 0.665877 seconds
Resulting Fitness: 0.36
-------------
Particle: 2:
Relays Coordinates:
16.7278, 64.5838
65.459, 65.2071
263.008, 26.8294
56.05, 71.6326
Evaluation Time: 0.614241 seconds
Resulting Fitness: 0.2
-------------
Particle: 3:
Relays Coordinates:
25.8687, 61.0235
52.0591, 144.484
169.041, 30.5681
94.6119, 64.6852
Evaluation Time: 0.68851 seconds
Resulting Fitness: 0.36
-------------
Particle: 4:
Relays Coordinates:
32.9919, 76.3823
83.3408, 141.506
157.157, 30.5911
81.8381, 33.1548
Evaluation Time: 0.662557 seconds
Resulting Fitness: 0.426667
Current global best fitness: 0.44
Current global best relays: 19.3664, 61.007
83.7735, 147.713
154.917, 30.298
99.2916, 66.9509
Particle 1 new velocities: -6.74047, -45.1774
-47.6542, 39.9056
-69.6409, 0.48587
-0.811284, 10.8286
Particle 2 new velocities: 4.65933, -7.37119
-0.0184113, 34.3899
129.514, 4.8087
-12.3977, -2.41948
Particle 3 new velocities: -14.6804, -0.00156442
-13.3418, 5.09794
-15.3129, -0.637985
1.82054, -11.2787
Particle 4 new velocities: -17.1325, -2.19897
6.32969, 6.05066
-0.787972, -0.686512
37.5661, 57.1046
-- ITERATION 33 --
-------------
Particle: 1:
Relays Coordinates:
19.6499, 22.3164
55.1035, 127.316
0, 30.6787
95.9275, 74.377
Evaluation Time: 0.653452 seconds
Resulting Fitness: 0.18
-------------
Particle: 2:
Relays Coordinates:
21.3871, 57.2126
65.4406, 99.597
350, 31.6381
43.6523, 69.2131
Evaluation Time: 0.590216 seconds
Resulting Fitness: 0.286667
-------------
Particle: 3:
Relays Coordinates:
11.1883, 61.0219
38.7173, 149.582
153.729, 29.9301
96.4324, 53.4065
Evaluation Time: 0.647685 seconds
Resulting Fitness: 0.3
-------------
Particle: 4:
Relays Coordinates:
15.8595, 74.1834
89.6704, 147.557
156.369, 29.9046
119.404, 90.2593
Evaluation Time: 0.535437 seconds
Resulting Fitness: 0.16
Current global best fitness: 0.44
Current global best relays: 19.3664, 61.007
83.7735, 147.713
154.917, 30.298
99.2916, 66.9509
Particle 1 new velocities: -1.08824, 18.6975
43.7297, 53.638
127.902, 0.235204
3.79573, 13.2899
Particle 2 new velocities: -0.502373, -10.7257
50.4202, 64.0024
-429.418, 3.1378
-5.21734, -3.22994
Particle 3 new velocities: -5.38653, -0.0158608
40.7181, 2.71233
-16.0157, -0.50456
6.94948, 12.4078
Particle 4 new velocities: -11.5525, -24.2864
0.399245, 4.95339
-2.20324, 0.359873
22.4036, 34.2484
-- ITERATION 34 --
-------------
Particle: 1:
Relays Coordinates:
18.5616, 41.0139
98.8332, 180.954
127.902, 30.9139
99.7232, 87.667
Evaluation Time: 0.642515 seconds
Resulting Fitness: 0.2
-------------
Particle: 2:
Relays Coordinates:
20.8847, 46.4869
115.861, 163.599
0, 34.7759
38.4349, 65.9832
Evaluation Time: 0.55418 seconds
Resulting Fitness: 0.173333
-------------
Particle: 3:
Relays Coordinates:
5.8018, 61.006
79.4354, 152.294
137.713, 29.4256
103.382, 65.8143
Evaluation Time: 0.663326 seconds
Resulting Fitness: 0.133333
-------------
Particle: 4:
Relays Coordinates:
4.30696, 49.897
90.0697, 152.51
154.165, 30.2645
141.808, 124.508
Evaluation Time: 0.598154 seconds
Resulting Fitness: 0.126667
Current global best fitness: 0.44
Current global best relays: 19.3664, 61.007
83.7735, 147.713
154.917, 30.298
99.2916, 66.9509
Particle 1 new velocities: 6.88221, 41.5204
43.1572, -30.5113
140.681, -0.786566
3.44969, -11.0878
Particle 2 new velocities: -1.11816, -6.80302
20.9779, -39.7813
331.268, -0.472895
17.777, 0.130502
Particle 3 new velocities: 14.4614, -0.0110349
48.1239, -3.39366
8.42417, 0.977707
2.57497, 11.539
Particle 4 new velocities: 2.87624, 9.79004
-6.5468, -4.68878
-1.22123, 0.338481
-97.027, -23.9121
-- ITERATION 35 --
-------------
Particle: 1:
Relays Coordinates:
25.4438, 82.5342
141.99, 150.443
268.583, 30.1273
103.173, 76.5791
Evaluation Time: 0.651921 seconds
Resulting Fitness: 0.32
-------------
Particle: 2:
Relays Coordinates:
19.7666, 39.6838
136.839, 123.818
331.268, 34.303
56.212, 66.1137
Evaluation Time: 0.606129 seconds
Resulting Fitness: 0.2
-------------
Particle: 3:
Relays Coordinates:
20.2632, 60.995
127.559, 148.901
146.137, 30.4033
105.957, 77.3533
Evaluation Time: 0.696936 seconds
Resulting Fitness: 0.386667
-------------
Particle: 4:
Relays Coordinates:
7.1832, 59.687
83.5229, 147.822
152.944, 30.6029
44.7808, 100.596
Evaluation Time: 0.628075 seconds
Resulting Fitness: 0.326667
Current global best fitness: 0.44
Current global best relays: 19.3664, 61.007
83.7735, 147.713
154.917, 30.298
99.2916, 66.9509
Particle 1 new velocities: 2.02726, -21.6998
-93.1195, -48.1464
-135.885, -0.386964
-0.133789, -8.51007
Particle 2 new velocities: -2.86737, 6.51164
-65.306, -68.1375
189.593, -1.1817
20.0812, 4.70607
Particle 3 new velocities: 9.5918, 0.0148571
-69.9248, -3.67596
10.6395, 0.424031
-5.37664, 1.80262
Particle 4 new velocities: 15.7072, 9.05686
-4.76799, -3.86848
0.813824, -0.0353952
-0.918751, -55.8171
-- ITERATION 36 --
-------------
Particle: 1:
Relays Coordinates:
27.4711, 60.8345
48.8708, 102.297
132.698, 29.7404
103.039, 68.069
Evaluation Time: 0.679254 seconds
Resulting Fitness: 0.38
-------------
Particle: 2:
Relays Coordinates:
16.8992, 46.1955
71.5327, 55.6807
350, 33.1213
76.2931, 70.8197
Evaluation Time: 0.598504 seconds
Resulting Fitness: 0.266667
-------------
Particle: 3:
Relays Coordinates:
29.855, 61.0099
57.6344, 145.225
156.776, 30.8273
100.58, 79.1559
Evaluation Time: 0.652237 seconds
Resulting Fitness: 0.433333
-------------
Particle: 4:
Relays Coordinates:
22.8904, 68.7439
78.7549, 143.953
153.758, 30.5675
43.8621, 44.7785
Evaluation Time: 0.585556 seconds
Resulting Fitness: 0.193333
Current global best fitness: 0.44
Current global best relays: 19.3664, 61.007
83.7735, 147.713
154.917, 30.298
99.2916, 66.9509
Particle 1 new velocities: -0.732344, -24.5398
-30.707, -1.64629
-106.556, 0.312772
-1.56602, -1.77318
Particle 2 new velocities: -1.64102, 17.4206
-4.62924, 65.1357
-181.029, 0.624501
37.9304, 1.70086
Particle 3 new velocities: -21.9547, 0.0120802
10.772, 1.36625
-7.04811, -0.818002
-6.17282, -16.6056
Particle 4 new velocities: 10.979, 2.63747
-0.193434, 7.29306
2.43443, -0.548242
32.4385, -15.6172
-- ITERATION 37 --
-------------
Particle: 1:
Relays Coordinates:
26.7388, 36.2947
18.1638, 100.65
26.142, 30.0531
101.473, 66.2959
Evaluation Time: 0.614546 seconds
Resulting Fitness: 0.286667
-------------
Particle: 2:
Relays Coordinates:
15.2582, 63.6161
66.9034, 120.816
168.971, 33.7458
114.223, 72.5206
Evaluation Time: 0.63859 seconds
Resulting Fitness: 0.42
New local best!
-------------
Particle: 3:
Relays Coordinates:
7.90036, 61.0219
68.4064, 146.591
149.728, 30.0093
94.4074, 62.5502
Evaluation Time: 0.666691 seconds
Resulting Fitness: 0.373333
-------------
Particle: 4:
Relays Coordinates:
33.8694, 71.3814
78.5615, 151.246
156.192, 30.0193
76.3006, 29.1613
Evaluation Time: 0.633819 seconds
Resulting Fitness: 0.313333
Current global best fitness: 0.44
Current global best relays: 19.3664, 61.007
83.7735, 147.713
154.917, 30.298
99.2916, 66.9509
Particle 1 new velocities: -8.99037, -11.771
130.906, 54.4914
48.8175, 0.769201
-2.25122, 17.1123
Particle 2 new velocities: 0.878348, 11.3391
20.5438, 68.4045
-146.342, -0.415639
25.6376, -0.151081
Particle 3 new velocities: 1.04403, -0.0148122
40.7468, 3.20545
-9.22343, -0.378166
3.94627, -9.44284
Particle 4 new velocities: 5.00687, -9.3062
6.18223, -0.117386
-0.646089, -0.0253774
43.748, 46.5191
-- ITERATION 38 --
-------------
Particle: 1:
Relays Coordinates:
17.7484, 24.5237
149.07, 155.142
74.9594, 30.8223
99.2219, 83.4082
Evaluation Time: 0.654139 seconds
Resulting Fitness: 0.386667
-------------
Particle: 2:
Relays Coordinates:
16.1365, 74.9552
87.4472, 189.221
22.6288, 33.3301
139.861, 72.3695
Evaluation Time: 0.592063 seconds
Resulting Fitness: 0.16
-------------
Particle: 3:
Relays Coordinates:
8.94439, 61.0071
109.153, 149.796
140.505, 29.6312
98.3537, 53.1074
Evaluation Time: 0.636976 seconds
Resulting Fitness: 0.206667
-------------
Particle: 4:
Relays Coordinates:
38.8763, 62.0752
84.7437, 151.129
155.546, 29.9939
120.049, 75.6804
Evaluation Time: 0.655708 seconds
Resulting Fitness: 0.426667
Current global best fitness: 0.44
Current global best relays: 19.3664, 61.007
83.7735, 147.713
154.917, 30.298
99.2916, 66.9509
Particle 1 new velocities: -0.097, 38.8246
58.7212, 12.6167
151.94, 0.04539
1.43129, -7.344
Particle 2 new velocities: 5.97773, -24.6925
-2.1044, -55.0614
187.878, -5.54761
-47.371, -4.34704
Particle 3 new velocities: 15.5546, -0.0114478
-23.7877, -0.343158
2.93646, 1.10122
4.60766, 16.6338
Particle 4 new velocities: -23.7956, -9.13325
4.4857, -5.53196
-1.39407, 0.563087
-11.0374, 15.2093
-- ITERATION 39 --
-------------
Particle: 1:
Relays Coordinates:
17.6514, 63.3483
207.791, 167.758
226.9, 30.8677
100.653, 76.0642
Evaluation Time: 0.614973 seconds
Resulting Fitness: 0.306667
-------------
Particle: 2:
Relays Coordinates:
22.1143, 50.2627
85.3428, 134.159
210.507, 27.7825
92.49, 68.0225
Evaluation Time: 0.646929 seconds
Resulting Fitness: 0.386667
-------------
Particle: 3:
Relays Coordinates:
24.499, 60.9957
85.3655, 149.453
143.441, 30.7324
102.961, 69.7412
Evaluation Time: 0.638524 seconds
Resulting Fitness: 0.44
-------------
Particle: 4:
Relays Coordinates:
15.0807, 52.9419
89.2294, 145.597
154.152, 30.557
109.011, 90.8898
Evaluation Time: 0.639594 seconds
Resulting Fitness: 0.16
Current global best fitness: 0.44
Current global best relays: 19.3664, 61.007
83.7735, 147.713
154.917, 30.298
99.2916, 66.9509
Particle 1 new velocities: 9.47973, -3.06686
-138.8, -57.3874
-86.792, -0.547918
2.84749, -7.8174
Particle 2 new velocities: -4.25457, -5.33009
-19.193, -36.3865
84.233, 4.70624
-11.1335, -1.41751
Particle 3 new velocities: -0.348276, 0.018616
-14.9769, -3.30191
6.22006, -0.0438338
-1.59156, 8.42236
Particle 4 new velocities: -15.1285, -0.568947
-7.49539, -2.47992
-0.99155, 0.202926
-16.6909, -29.8889
-- ITERATION 40 --
-------------
Particle: 1:
Relays Coordinates:
27.1311, 60.2814
68.9911, 110.371
140.108, 30.3198
103.501, 68.2468
Evaluation Time: 0.69871 seconds
Resulting Fitness: 0.426667
New local best!
-------------
Particle: 2:
Relays Coordinates:
17.8597, 44.9326
66.1498, 97.7728
294.74, 32.4888
81.3566, 66.605
Evaluation Time: 0.639808 seconds
Resulting Fitness: 0.286667
-------------
Particle: 3:
Relays Coordinates:
24.1507, 61.0143
70.3886, 146.151
149.661, 30.6885
101.37, 78.1635
Evaluation Time: 0.664568 seconds
Resulting Fitness: 0.44
-------------
Particle: 4:
Relays Coordinates:
0, 52.373
81.734, 143.117
153.161, 30.7599
92.3202, 61.0009
Evaluation Time: 0.657119 seconds
Resulting Fitness: 0.18
Current global best fitness: 0.44
Current global best relays: 19.3664, 61.007
83.7735, 147.713
154.917, 30.298
99.2916, 66.9509
Particle 1 new velocities: 0.065026, -2.32259
-90.841, -13.1252
-59.0706, -0.441049
-3.15299, -7.67067
Particle 2 new velocities: -5.31601, 25.2029
12.6662, 21.6272
32.0315, 3.08174
42.8772, 5.84412
Particle 3 new velocities: -6.26728, 0.0103761
11.1343, 1.63983
0.178913, -1.175
-3.18719, -13.3644
Particle 4 new velocities: 41.9724, 9.48339
-4.47825, 5.55932
1.74233, -0.265766
1.4668, -20.2313
-- ITERATION 41 --
-------------
Particle: 1:
Relays Coordinates:
27.1961, 57.9588
0, 97.2458
81.037, 29.8787
100.348, 60.5761
Evaluation Time: 0.650313 seconds
Resulting Fitness: 0.253333
-------------
Particle: 2:
Relays Coordinates:
12.5437, 70.1355
78.816, 119.4
326.772, 35.5705
124.234, 72.4491
Evaluation Time: 0.62477 seconds
Resulting Fitness: 0.36
-------------
Particle: 3:
Relays Coordinates:
17.8834, 61.0247
81.5228, 147.791
149.84, 29.5135
98.1826, 64.7992
Evaluation Time: 0.633946 seconds
Resulting Fitness: 0.4
-------------
Particle: 4:
Relays Coordinates:
41.9724, 61.8564
77.2557, 148.676
154.903, 30.4942
93.787, 40.7697
Evaluation Time: 0.6708 seconds
Resulting Fitness: 0.293333
Current global best fitness: 0.44
Current global best relays: 19.3664, 61.007
83.7735, 147.713
154.917, 30.298
99.2916, 66.9509
Particle 1 new velocities: -5.54235, 3.53297
159.92, 73.2036
68.949, 0.0131107
-2.18473, 5.62997
Particle 2 new velocities: 8.30609, 10.1813
13.4, 60.5102
-103.976, -1.52279
-3.5154, -4.02407
Particle 3 new velocities: -3.64387, -0.00616432
18.9779, 1.74365
-5.97205, 0.178419
-1.69689, -10.3146
Particle 4 new velocities: 1.81113, 6.00295
7.56808, 2.14384
1.41458, -0.748803
4.8448, -7.55118
-- ITERATION 42 --
-------------
Particle: 1:
Relays Coordinates:
21.6538, 61.4918
159.92, 170.449
149.986, 29.8919
98.1629, 66.2061
Evaluation Time: 0.644274 seconds
Resulting Fitness: 0.34
-------------
Particle: 2:
Relays Coordinates:
20.8498, 80.3168
92.216, 179.91
222.795, 34.0477
120.718, 68.425
Evaluation Time: 0.615306 seconds
Resulting Fitness: 0.16
-------------
Particle: 3:
Relays Coordinates:
14.2395, 61.0185
100.501, 149.535
143.868, 29.692
96.4857, 54.4846
Evaluation Time: 0.693955 seconds
Resulting Fitness: 0.28
-------------
Particle: 4:
Relays Coordinates:
43.7835, 67.8593
84.8238, 150.82
156.318, 29.7454
98.6318, 33.2185
Evaluation Time: 0.675258 seconds
Resulting Fitness: 0.306667
Current global best fitness: 0.44
Current global best relays: 19.3664, 61.007
83.7735, 147.713
154.917, 30.298
99.2916, 66.9509
Particle 1 new velocities: -3.40927, 1.96329
-38.5802, 9.56486
46.3854, 0.481851
3.22394, 6.44678
Particle 2 new velocities: -1.10738, -28.8837
-15.8868, 8.11089
-217.002, -3.10196
-20.1344, -2.1501
Particle 3 new velocities: 4.9503, -0.0182441
6.92949, 0.785248
4.21985, 0.392913
8.55869, -4.15515
Particle 4 new velocities: -49.8691, -5.21202
3.66923, -4.90496
-0.146353, 0.47544
4.41605, 56.7808
-- ITERATION 43 --
-------------
Particle: 1:
Relays Coordinates:
18.2445, 63.4551
121.34, 180.014
196.371, 30.3737
101.387, 72.6529
Evaluation Time: 0.59657 seconds
Resulting Fitness: 0.273333
-------------
Particle: 2:
Relays Coordinates:
19.7424, 51.4331
76.3292, 188.021
5.79363, 30.9458
100.584, 66.2749
Evaluation Time: 0.634519 seconds
Resulting Fitness: 0.3
-------------
Particle: 3:
Relays Coordinates:
19.1898, 61.0003
107.43, 150.32
148.088, 30.0849
105.044, 50.3295
Evaluation Time: 0.630233 seconds
Resulting Fitness: 0.266667
-------------
Particle: 4:
Relays Coordinates:
0, 62.6473
88.4931, 145.915
156.171, 30.2208
103.048, 89.9993
Evaluation Time: 0.631525 seconds
Resulting Fitness: 0.126667
Current global best fitness: 0.44
Current global best relays: 19.3664, 61.007
83.7735, 147.713
154.917, 30.298
99.2916, 66.9509
Particle 1 new velocities: 7.33777, -5.0972
-70.3127, -26.4369
-71.6022, 0.310187
2.20009, -3.25459
Particle 2 new velocities: -4.65987, -8.29569
-7.89499, -75.5056
246.085, -0.947768
-15.247, 4.23253
Particle 3 new velocities: 3.38836, 0.00259915
-31.5347, -0.306558
10.1362, 0.315827
-7.70037, 24.0238
Particle 4 new velocities: 20.7289, -6.99303
-10.7221, 0.0390808
-2.2119, 0.507971
-6.27047, 26.8736
-- ITERATION 44 --
-------------
Particle: 1:
Relays Coordinates:
25.5823, 58.3579
51.0273, 153.577
124.769, 30.6839
103.587, 69.3983
Evaluation Time: 0.654065 seconds
Resulting Fitness: 0.326667
-------------
Particle: 2:
Relays Coordinates:
15.0825, 43.1374
68.4342, 112.515
251.879, 29.998
85.337, 70.5074
Evaluation Time: 0.595036 seconds
Resulting Fitness: 0.326667
-------------
Particle: 3:
Relays Coordinates:
22.5782, 61.0029
75.8955, 150.013
158.224, 30.4007
97.3441, 74.3533
Evaluation Time: 0.663272 seconds
Resulting Fitness: 0.453333
New local best!
New global best!
-------------
Particle: 4:
Relays Coordinates:
20.7289, 55.6543
77.7709, 145.954
153.959, 30.7288
96.7774, 116.873
Evaluation Time: 0.621208 seconds
Resulting Fitness: 0.16
Current global best fitness: 0.453333
Current global best relays: 22.5782, 61.0029
75.8955, 150.013
158.224, 30.4007
97.3441, 74.3533
Particle 1 new velocities: 2.71784, 0.0361105
-4.46432, -43.7498
-11.4912, -0.208123
-1.48313, 3.59238
Particle 2 new velocities: 9.43346, 13.3188
3.70558, 8.68944
50.9943, 1.07785
25.9542, 5.73346
Particle 3 new velocities: 2.71069, 0.00207932
-25.2278, -0.245246
8.10898, 0.252662
-6.16029, 19.2191
Particle 4 new velocities: 17.377, -1.86522
-4.88114, 4.35644
-0.692806, -0.474467
-1.65191, -48.4354
-- ITERATION 45 --
-------------
Particle: 1:
Relays Coordinates:
28.3001, 58.394
46.563, 109.828
113.278, 30.4758
102.104, 72.9906
Evaluation Time: 0.632016 seconds
Resulting Fitness: 0.36
-------------
Particle: 2:
Relays Coordinates:
24.516, 56.4562
72.1398, 121.205
302.873, 31.0759
111.291, 76.2409
Evaluation Time: 0.663853 seconds
Resulting Fitness: 0.353333
-------------
Particle: 3:
Relays Coordinates:
25.2889, 61.005
50.6677, 149.768
166.333, 30.6534
91.1838, 93.5724
Evaluation Time: 0.647405 seconds
Resulting Fitness: 0.38
-------------
Particle: 4:
Relays Coordinates:
38.1059, 53.789
72.8898, 150.311
153.267, 30.2543
95.1254, 68.4375
Evaluation Time: 0.648446 seconds
Resulting Fitness: 0.42
Current global best fitness: 0.453333
Current global best relays: 22.5782, 61.0029
75.8955, 150.013
158.224, 30.4007
97.3441, 74.3533
Particle 1 new velocities: -5.42582, 4.27514
30.9182, 32.9769
59.2646, -0.425932
-5.74096, -0.814441
Particle 2 new velocities: 0.612566, 14.9711
2.89811, 57.6372
-272.716, 2.00022
-0.00830484, 2.01199
Particle 3 new velocities: -0.970888, -0.000997033
33.0806, 0.26062
1.45373, -0.390644
6.48867, -2.6346
Particle 4 new velocities: -16.5304, 9.75833
12.0184, 0.995709
1.59344, -0.270217
4.39345, -36.944
-- ITERATION 46 --
-------------
Particle: 1:
Relays Coordinates:
22.8743, 62.6691
77.4811, 142.804
172.543, 30.0498
96.3629, 72.1762
Evaluation Time: 0.62307 seconds
Resulting Fitness: 0.386667
-------------
Particle: 2:
Relays Coordinates:
25.1286, 71.4273
75.0379, 178.842
30.1572, 33.0761
111.283, 78.2529
Evaluation Time: 0.636259 seconds
Resulting Fitness: 0.293333
-------------
Particle: 3:
Relays Coordinates:
24.318, 61.004
83.7483, 150.029
167.787, 30.2627
97.6724, 90.9378
Evaluation Time: 0.682709 seconds
Resulting Fitness: 0.386667
-------------
Particle: 4:
Relays Coordinates:
21.5755, 63.5474
84.9082, 151.306
154.86, 29.9841
99.5189, 31.4935
Evaluation Time: 0.62616 seconds
Resulting Fitness: 0.28
Current global best fitness: 0.453333
Current global best relays: 22.5782, 61.0029
75.8955, 150.013
158.224, 30.4007
97.3441, 74.3533
Particle 1 new velocities: -0.768469, 1.24665
19.9227, 12.2804
15.2834, 0.320761
1.16332, -4.60913
Particle 2 new velocities: -12.9606, 1.66269
-0.436019, 23.6652
-15.1251, -2.49681
-19.1075, -2.28756
Particle 3 new velocities: -2.58958, -0.0014848
14.0604, 0.176503
-18.6417, -0.187203
4.704, -31.0209
Particle 4 new velocities: -15.4036, 2.90038
-5.84924, -1.87411
2.02468, 0.439956
0.622181, 36.558
-- ITERATION 47 --
-------------
Particle: 1:
Relays Coordinates:
22.1059, 63.9158
97.4038, 155.085
187.826, 30.3706
97.5262, 67.5671
Evaluation Time: 0.666088 seconds
Resulting Fitness: 0.36
-------------
Particle: 2:
Relays Coordinates:
12.1679, 73.09
74.6019, 202.507
15.0321, 30.5793
92.1754, 75.9653
Evaluation Time: 0.655409 seconds
Resulting Fitness: 0.293333
-------------
Particle: 3:
Relays Coordinates:
21.7284, 61.0025
97.8088, 150.205
149.145, 30.0755
102.376, 59.9169
Evaluation Time: 0.670887 seconds
Resulting Fitness: 0.34
-------------
Particle: 4:
Relays Coordinates:
6.17196, 66.4477
79.0589, 149.432
156.885, 30.4241
100.141, 68.0515
Evaluation Time: 0.654252 seconds
Resulting Fitness: 0.173333
Current global best fitness: 0.453333
Current global best relays: 22.5782, 61.0029
75.8955, 150.013
158.224, 30.4007
97.3441, 74.3533
Particle 1 new velocities: 4.34583, -5.4529
-19.0677, -34.4338
-40.2503, 0.247257
7.50003, -0.0569591
Particle 2 new velocities: -2.88646, -12.8392
-6.56661, -109.391
120.321, -1.46335
4.18598, -7.55002
Particle 3 new velocities: -0.79275, -0.000303634
-30.3445, -0.360198
7.85012, 0.353104
-2.91832, 6.49915
Particle 4 new velocities: 10.0074, -5.7803
-4.65812, -1.23054
1.82094, 0.290892
-0.2669, 36.9174
-- ITERATION 48 --
-------------
Particle: 1:
Relays Coordinates:
26.4517, 58.4629
78.3361, 120.651
147.576, 30.6179
105.026, 67.5101
Evaluation Time: 0.640249 seconds
Resulting Fitness: 0.426667
-------------
Particle: 2:
Relays Coordinates:
9.28148, 60.2508
68.0353, 93.1158
135.353, 29.1159
96.3613, 68.4153
Evaluation Time: 0.64806 seconds
Resulting Fitness: 0.4
-------------
Particle: 3:
Relays Coordinates:
20.9357, 61.0022
67.4642, 149.845
156.996, 30.4286
99.4581, 66.416
Evaluation Time: 0.661391 seconds
Resulting Fitness: 0.38
-------------
Particle: 4:
Relays Coordinates:
16.1793, 60.6675
74.4008, 148.202
158.706, 30.7149
99.8742, 104.969
Evaluation Time: 0.619777 seconds
Resulting Fitness: 0.18
Current global best fitness: 0.453333
Current global best relays: 22.5782, 61.0029
75.8955, 150.013
158.224, 30.4007
97.3441, 74.3533
Particle 1 new velocities: -1.86572, 0.111821
-19.683, 7.508
-35.943, -0.193988
3.30109, 9.46926
Particle 2 new velocities: 11.4408, -6.61086
3.79919, -53.1202
133.038, 5.32916
24.5745, 3.01904
Particle 3 new velocities: 1.51744, 0.00128596
-2.93031, -0.00889639
7.31608, 0.27779
-5.71217, 13.949
Particle 4 new velocities: 17.8831, -4.37054
-2.59078, -1.10633
-0.572448, -0.354513
-1.80022, -29.9836
-- ITERATION 49 --
-------------
Particle: 1:
Relays Coordinates:
24.586, 58.5747
58.6531, 128.159
111.633, 30.4239
108.327, 76.9794
Evaluation Time: 0.576098 seconds
Resulting Fitness: 0.38
-------------
Particle: 2:
Relays Coordinates:
20.7223, 53.6399
71.8345, 39.9955
268.391, 34.4451
120.936, 71.4343
Evaluation Time: 0.604291 seconds
Resulting Fitness: 0.28
-------------
Particle: 3:
Relays Coordinates:
22.4531, 61.0035
64.5339, 149.836
164.312, 30.7064
93.7459, 80.3651
Evaluation Time: 0.616224 seconds
Resulting Fitness: 0.433333
-------------
Particle: 4:
Relays Coordinates:
34.0624, 56.2969
71.81, 147.095
158.133, 30.3604
98.074, 74.9854
Evaluation Time: 0.64481 seconds
Resulting Fitness: 0.44
Current global best fitness: 0.453333
Current global best relays: 22.5782, 61.0029
75.8955, 150.013
158.224, 30.4007
97.3441, 74.3533
Particle 1 new velocities: -1.28236, 3.3393
2.8601, 14.1783
2.70267, -0.196572
-13.3543, 5.25455
Particle 2 new velocities: 7.87639, 6.99976
6.00438, 43.7991
-18.3539, 1.49775
9.47948, 4.06595
Particle 3 new velocities: 1.49897, -0.0004006
8.71783, 0.139442
0.309741, -0.119082
3.20991, 1.13547
Particle 4 new velocities: -14.9587, 4.50658
13.487, 3.28764
-1.87816, -0.278147
-0.930544, -28.1232
-- ITERATION 50 --
-------------
Particle: 1:
Relays Coordinates:
23.3036, 61.914
61.5132, 142.337
114.335, 30.2273
94.973, 82.2339
Evaluation Time: 0.682652 seconds
Resulting Fitness: 0.38
-------------
Particle: 2:
Relays Coordinates:
28.5987, 60.6397
77.8388, 83.7946
250.037, 35.9428
130.415, 75.5003
Evaluation Time: 0.628159 seconds
Resulting Fitness: 0.313333
-------------
Particle: 3:
Relays Coordinates:
23.9521, 61.0031
73.2517, 149.976
164.621, 30.5873
96.9558, 81.5005
Evaluation Time: 0.691736 seconds
Resulting Fitness: 0.44
-------------
Particle: 4:
Relays Coordinates:
19.1037, 60.8035
85.297, 150.383
156.255, 30.0823
97.1434, 46.8622
Evaluation Time: 0.610708 seconds
Resulting Fitness: 0.28
Final Evaluation Time: 127.526 seconds
Final global best fitness: 0.453333
Final global best relays:
22.5782, 61.0029
75.8955, 150.013
158.224, 30.4007
97.3441, 74.3533
