PSO EXECUTION
============================
Seed: 60466
Particles: 20
Relays: 2
Iterations: 20
Backend: Simulation
Network Configuration: 6
Area: 500 x 500
Sink: 0, 0
Simulated Relay range: 120
w: 0.8
c1: 1.7
c2: 1.3

Relay Nodes Positions: 
PARTICLE 1: 
83.2881, 61.3054
167.203, 56.2918
PARTICLE 2: 
33.564, 59.6602
36.9362, 13.9183
PARTICLE 3: 
56.173, 39.0858
160.212, 81.3786
PARTICLE 4: 
84.5814, 173.494
5.6119, 106.852
PARTICLE 5: 
85.4404, 8.73189
23.1407, 29.3674
PARTICLE 6: 
74.7516, 134.374
5.20446, 57.9159
PARTICLE 7: 
158.862, 23.2795
58.9798, 80.9814
PARTICLE 8: 
59.033, 74.2977
109.743, 84.4106
PARTICLE 9: 
49.5531, 9.23078
113.445, 69.354
PARTICLE 10: 
40.1979, 79.9504
56.4785, 26.6308
PARTICLE 11: 
44.1833, 96.0172
16.5181, 115.496
PARTICLE 12: 
134.133, 31.3555
39.7784, 75.6452
PARTICLE 13: 
95.9821, 31.6506
94.5232, 27.2759
PARTICLE 14: 
9.45285, 119.896
81.6036, 37.8468
PARTICLE 15: 
92.9018, 105.88
101.654, 35.3079
PARTICLE 16: 
45.557, 69.1677
59.0578, 20.6526
PARTICLE 17: 
76.3574, 117.292
65.5481, 6.74281
PARTICLE 18: 
9.30605, 172.496
25.5549, 60.7651
PARTICLE 19: 
85.3859, 77.3214
156.812, 77.1
PARTICLE 20: 
85.663, 73.8878
96.9184, 24.774
Nodes Positions: 
374.958, 121.316
169.861, 151.834
447.01, 106.719
410.154, 459.155
432.013, 409.717
107.249, 337.841
69.2731, 176.343
204.331, 497.887
308.519, 381.771
185.208, 169.918
275.29, 236.212
417.541, 397.022
146.337, 215.42
211.455, 330.931
237.372, 206.021
119.39, 23.6194
25.5562, 310.195
354.081, 293.04
319.272, 441.705
88.0478, 342.697
2.75475, 196.712
334.14, 467.279
393.981, 84.2529
484.251, 25.441
346.13, 15.2546
306.142, 423.634
297.715, 220.242
23.3371, 247.774
287.141, 141.059
46.5149, 76.5776
366.436, 255.198
463.609, 324.979
331.547, 36.8282
260.56, 230.979
403.374, 74.9644
77.3548, 190.588
226.764, 490.919
469.801, 389.725
95.4315, 362.13
477.01, 94.3954
62.2139, 480.314
438.716, 7.72028
223.575, 278.582
384.204, 438.808
163.54, 48.8027
383.03, 456.228
497.484, 163.339
455.645, 131.766
181.458, 307.221
57.9362, 259.301
254.357, 354.649
39.642, 270.42
10.5347, 145.122
112.586, 51.08
268.896, 429.989
129.832, 403.164
196.766, 64.0186
150.834, 374.383
249.714, 288.938
135.861, 109.952
All particles start with velocity zero
-- ITERATION 0 --
-------------
Particle: 1:
Relays Coordinates:
83.2881, 61.3054
167.203, 56.2918
Evaluation Time: 1.01139 seconds
Resulting Fitness: 0.0916667
New local best!
New global best!
-------------
Particle: 2:
Relays Coordinates:
33.564, 59.6602
36.9362, 13.9183
Evaluation Time: 1.01108 seconds
Resulting Fitness: 0.05
New local best!
-------------
Particle: 3:
Relays Coordinates:
56.173, 39.0858
160.212, 81.3786
Evaluation Time: 1.04083 seconds
Resulting Fitness: 0.0833333
New local best!
-------------
Particle: 4:
Relays Coordinates:
84.5814, 173.494
5.6119, 106.852
Evaluation Time: 1.07215 seconds
Resulting Fitness: 0.116667
New local best!
New global best!
-------------
Particle: 5:
Relays Coordinates:
85.4404, 8.73189
23.1407, 29.3674
Evaluation Time: 0.971121 seconds
Resulting Fitness: 0.0638889
New local best!
-------------
Particle: 6:
Relays Coordinates:
74.7516, 134.374
5.20446, 57.9159
Evaluation Time: 1.09626 seconds
Resulting Fitness: 0.0833333
New local best!
-------------
Particle: 7:
Relays Coordinates:
158.862, 23.2795
58.9798, 80.9814
Evaluation Time: 1.0072 seconds
Resulting Fitness: 0.0944444
New local best!
-------------
Particle: 8:
Relays Coordinates:
59.033, 74.2977
109.743, 84.4106
Evaluation Time: 1.06841 seconds
Resulting Fitness: 0.111111
New local best!
-------------
Particle: 9:
Relays Coordinates:
49.5531, 9.23078
113.445, 69.354
Evaluation Time: 1.01653 seconds
Resulting Fitness: 0.0944444
New local best!
-------------
Particle: 10:
Relays Coordinates:
40.1979, 79.9504
56.4785, 26.6308
Evaluation Time: 0.967898 seconds
Resulting Fitness: 0.0638889
New local best!
-------------
Particle: 11:
Relays Coordinates:
44.1833, 96.0172
16.5181, 115.496
Evaluation Time: 1.00281 seconds
Resulting Fitness: 0.0833333
New local best!
-------------
Particle: 12:
Relays Coordinates:
134.133, 31.3555
39.7784, 75.6452
Evaluation Time: 1.01584 seconds
Resulting Fitness: 0.075
New local best!
-------------
Particle: 13:
Relays Coordinates:
95.9821, 31.6506
94.5232, 27.2759
Evaluation Time: 0.969526 seconds
Resulting Fitness: 0.0638889
New local best!
-------------
Particle: 14:
Relays Coordinates:
9.45285, 119.896
81.6036, 37.8468
Evaluation Time: 1.0279 seconds
Resulting Fitness: 0.116667
New local best!
-------------
Particle: 15:
Relays Coordinates:
92.9018, 105.88
101.654, 35.3079
Evaluation Time: 1.04152 seconds
Resulting Fitness: 0.138889
New local best!
New global best!
-------------
Particle: 16:
Relays Coordinates:
45.557, 69.1677
59.0578, 20.6526
Evaluation Time: 0.981951 seconds
Resulting Fitness: 0.0638889
New local best!
-------------
Particle: 17:
Relays Coordinates:
76.3574, 117.292
65.5481, 6.74281
Evaluation Time: 1.08506 seconds
Resulting Fitness: 0.105556
New local best!
-------------
Particle: 18:
Relays Coordinates:
9.30605, 172.496
25.5549, 60.7651
Evaluation Time: 1.06418 seconds
Resulting Fitness: 0.113889
New local best!
-------------
Particle: 19:
Relays Coordinates:
85.3859, 77.3214
156.812, 77.1
Evaluation Time: 1.03744 seconds
Resulting Fitness: 0.113889
New local best!
-------------
Particle: 20:
Relays Coordinates:
85.663, 73.8878
96.9184, 24.774
Evaluation Time: 0.995883 seconds
Resulting Fitness: 0.0666667
New local best!
Current global best fitness: 0.138889
Current global best relays: 92.9018, 105.88
101.654, 35.3079
Particle 1 new velocities: 11.0561, 27.7595
-38.3504, -23.0486
Particle 2 new velocities: 24.512, 28.1496
75.5929, 7.41421
Particle 3 new velocities: 4.53607, 19.9995
-27.8823, -16.386
Particle 4 new velocities: 9.2784, -68.865
18.8752, -14.7944
Particle 5 new velocities: 9.56119, 24.3415
35.1782, 6.26404
Particle 6 new velocities: 5.44182, -25.7819
98.7718, -0.154995
Particle 7 new velocities: -59.3603, 18.4699
12.1738, -50.3274
Particle 8 new velocities: 9.21379, 30.9646
-8.66262, -14.7775
Particle 9 new velocities: 14.217, 58.4177
-12.972, -2.73591
Particle 10 new velocities: 41.6539, 3.27347
31.497, 8.3724
Particle 11 new velocities: 42.3283, 5.22759
65.4573, -69.683
Particle 12 new velocities: -43.1429, 82.2728
71.7858, -3.49183
Particle 13 new velocities: -3.11422, 29.1743
7.39697, 1.59526
Particle 14 new velocities: 2.229, -16.6346
2.92923, -2.18454
Particle 15 new velocities: 0, 0
0, 0
Particle 16 new velocities: 61.5014, 7.16308
39.3213, 10.9596
Particle 17 new velocities: 4.8271, -9.46762
41.7352, 19.6899
Particle 18 new velocities: 32.7458, -37.8164
56.2655, -21.4165
Particle 19 new velocities: 3.45053, 31.262
-65.7016, -51.7316
Particle 20 new velocities: 8.65055, 33.5733
2.95089, 2.64808
-- ITERATION 1 --
-------------
Particle: 1:
Relays Coordinates:
84.9098, 80.1584
115.967, 29.9188
Evaluation Time: 1.0194 seconds
Resulting Fitness: 0.0861111
-------------
Particle: 2:
Relays Coordinates:
58.076, 87.8098
112.529, 21.3325
Evaluation Time: 1.01015 seconds
Resulting Fitness: 0.0944444
New local best!
-------------
Particle: 3:
Relays Coordinates:
60.7091, 59.0854
132.33, 64.9926
Evaluation Time: 1.01324 seconds
Resulting Fitness: 0.0805556
-------------
Particle: 4:
Relays Coordinates:
93.8598, 104.629
24.4871, 92.0577
Evaluation Time: 1.09557 seconds
Resulting Fitness: 0.0944444
-------------
Particle: 5:
Relays Coordinates:
95.0016, 33.0734
58.3189, 35.6314
Evaluation Time: 0.978278 seconds
Resulting Fitness: 0.0805556
New local best!
-------------
Particle: 6:
Relays Coordinates:
80.1934, 108.592
103.976, 57.7609
Evaluation Time: 1.05123 seconds
Resulting Fitness: 0.130556
New local best!
-------------
Particle: 7:
Relays Coordinates:
99.5014, 41.7494
71.1537, 30.654
Evaluation Time: 0.98479 seconds
Resulting Fitness: 0.0638889
-------------
Particle: 8:
Relays Coordinates:
61.4221, 94.7361
90.9727, 62.6697
Evaluation Time: 1.02413 seconds
Resulting Fitness: 0.111111
-------------
Particle: 9:
Relays Coordinates:
63.7701, 67.6485
100.473, 66.6181
Evaluation Time: 1.05821 seconds
Resulting Fitness: 0.0777778
-------------
Particle: 10:
Relays Coordinates:
81.8518, 83.2238
87.9756, 35.0032
Evaluation Time: 1.00497 seconds
Resulting Fitness: 0.0805556
New local best!
-------------
Particle: 11:
Relays Coordinates:
86.5117, 101.245
81.9754, 45.8131
Evaluation Time: 1.03865 seconds
Resulting Fitness: 0.105556
New local best!
-------------
Particle: 12:
Relays Coordinates:
81.8915, 102.266
100.408, 64.938
Evaluation Time: 1.05044 seconds
Resulting Fitness: 0.122222
New local best!
-------------
Particle: 13:
Relays Coordinates:
92.8679, 60.8248
101.92, 28.8711
Evaluation Time: 1.06343 seconds
Resulting Fitness: 0.0694444
New local best!
-------------
Particle: 14:
Relays Coordinates:
11.6818, 103.261
84.5328, 35.6623
Evaluation Time: 1.01957 seconds
Resulting Fitness: 0.0972222
-------------
Particle: 15:
Relays Coordinates:
92.9018, 105.88
101.654, 35.3079
Evaluation Time: 1.02879 seconds
Resulting Fitness: 0.138889
-------------
Particle: 16:
Relays Coordinates:
107.058, 76.3308
98.379, 31.6122
Evaluation Time: 1.00486 seconds
Resulting Fitness: 0.0805556
New local best!
-------------
Particle: 17:
Relays Coordinates:
81.1845, 107.824
107.283, 26.4327
Evaluation Time: 1.01414 seconds
Resulting Fitness: 0.125
New local best!
-------------
Particle: 18:
Relays Coordinates:
42.0518, 134.679
81.8204, 39.3486
Evaluation Time: 1.06305 seconds
Resulting Fitness: 0.141667
New local best!
New global best!
-------------
Particle: 19:
Relays Coordinates:
88.8364, 108.583
91.1109, 25.3685
Evaluation Time: 1.03195 seconds
Resulting Fitness: 0.116667
New local best!
-------------
Particle: 20:
Relays Coordinates:
94.3135, 107.461
99.8693, 27.422
Evaluation Time: 1.03592 seconds
Resulting Fitness: 0.125
New local best!
Current global best fitness: 0.141667
Current global best relays: 42.0518, 134.679
81.8204, 39.3486
Particle 1 new velocities: -20.2544, 38.1274
-11.5917, 1.55228
Particle 2 new velocities: 12.5338, 70.8492
39.222, 11.1717
Particle 3 new velocities: -13.6921, 30.6232
-41.4804, -40.2403
Particle 4 new velocities: -20.1288, 79.0979
10.9866, -25.907
Particle 5 new velocities: -18.0603, 91.5113
40.7105, 6.5905
Particle 6 new velocities: -25.356, -16.1911
57.9769, -15.0276
Particle 7 new velocities: -17.7865, 61.2185
14.9045, -5.42154
Particle 8 new velocities: -0.898267, 21.4868
-2.19807, -28.5026
Particle 9 new velocities: -22.5236, -23.6141
-21.9967, -10.621
Particle 10 new velocities: 31.0003, 58.9753
24.4688, 12.1459
Particle 11 new velocities: 23.7142, 5.21014
52.2354, -60.8263
Particle 12 new velocities: -63.3162, 89.3829
53.9266, -21.1454
Particle 13 new velocities: -19.8206, 113.948
-15.6959, 4.97503
Particle 14 new velocities: 9.47873, 7.58771
-1.86942, 3.70161
Particle 15 new velocities: -60.554, 6.17149
-12.1595, 1.10857
Particle 16 new velocities: -21.622, 69.4254
21.1781, 13.4618
Particle 17 new velocities: 2.25722, 8.02393
19.6674, 28.8581
Particle 18 new velocities: 26.1966, -30.2531
45.0124, -17.1332
Particle 19 new velocities: -49.3658, 42.8075
-57.4125, -23.3423
Particle 20 new velocities: -38.2156, 38.4096
-3.21521, 17.1955
-- ITERATION 2 --
-------------
Particle: 1:
Relays Coordinates:
64.6554, 118.286
104.375, 31.4711
Evaluation Time: 1.05884 seconds
Resulting Fitness: 0.127778
New local best!
-------------
Particle: 2:
Relays Coordinates:
51.4746, 115.662
110.627, 23.6955
Evaluation Time: 1.06169 seconds
Resulting Fitness: 0.111111
New local best!
-------------
Particle: 3:
Relays Coordinates:
47.017, 89.7086
90.8493, 24.7522
Evaluation Time: 1.00793 seconds
Resulting Fitness: 0.0861111
New local best!
-------------
Particle: 4:
Relays Coordinates:
66.3579, 165.354
31.9263, 59.5356
Evaluation Time: 1.06663 seconds
Resulting Fitness: 0.105556
-------------
Particle: 5:
Relays Coordinates:
76.9413, 124.585
99.0295, 42.2219
Evaluation Time: 1.06248 seconds
Resulting Fitness: 0.125
New local best!
-------------
Particle: 6:
Relays Coordinates:
54.8375, 92.4005
161.953, 42.7334
Evaluation Time: 1.01447 seconds
Resulting Fitness: 0.0972222
-------------
Particle: 7:
Relays Coordinates:
81.7149, 102.968
86.0581, 25.2324
Evaluation Time: 1.03766 seconds
Resulting Fitness: 0.108333
New local best!
-------------
Particle: 8:
Relays Coordinates:
60.5239, 116.223
88.7747, 34.1671
Evaluation Time: 1.07619 seconds
Resulting Fitness: 0.122222
New local best!
-------------
Particle: 9:
Relays Coordinates:
41.2465, 44.0344
78.4762, 55.9971
Evaluation Time: 0.995842 seconds
Resulting Fitness: 0.0777778
-------------
Particle: 10:
Relays Coordinates:
101.567, 127.979
101.2, 42.4342
Evaluation Time: 1.06176 seconds
Resulting Fitness: 0.125
New local best!
-------------
Particle: 11:
Relays Coordinates:
89.283, 86.2285
108.711, 0
Evaluation Time: 1.06412 seconds
Resulting Fitness: 0.0777778
-------------
Particle: 12:
Relays Coordinates:
10.9685, 113.166
91.133, 25.8591
Evaluation Time: 0.987906 seconds
Resulting Fitness: 0.105556
-------------
Particle: 13:
Relays Coordinates:
59.1683, 141.566
69.8417, 27.4154
Evaluation Time: 1.07489 seconds
Resulting Fitness: 0.111111
New local best!
-------------
Particle: 14:
Relays Coordinates:
21.1606, 110.849
82.6634, 39.3639
Evaluation Time: 1.01874 seconds
Resulting Fitness: 0.127778
New local best!
-------------
Particle: 15:
Relays Coordinates:
32.3478, 112.051
89.4945, 36.4165
Evaluation Time: 1.02985 seconds
Resulting Fitness: 0.113889
-------------
Particle: 16:
Relays Coordinates:
76.8928, 131.181
107.601, 40.5666
Evaluation Time: 1.06627 seconds
Resulting Fitness: 0.130556
New local best!
-------------
Particle: 17:
Relays Coordinates:
67.5878, 93.8369
102.83, 44.7855
Evaluation Time: 1.01957 seconds
Resulting Fitness: 0.113889
-------------
Particle: 18:
Relays Coordinates:
61.4236, 93.9837
114.15, 19.9939
Evaluation Time: 0.990478 seconds
Resulting Fitness: 0.1
-------------
Particle: 19:
Relays Coordinates:
28.7741, 110.364
24.5661, 1.47705
Evaluation Time: 0.979498 seconds
Resulting Fitness: 0.0555556
-------------
Particle: 20:
Relays Coordinates:
56.0979, 145.871
96.6541, 44.6176
Evaluation Time: 1.09925 seconds
Resulting Fitness: 0.141667
New local best!
Current global best fitness: 0.141667
Current global best relays: 42.0518, 134.679
81.8204, 39.3486
Particle 1 new velocities: -44.9474, 34.8372
-21.0909, 7.08568
Particle 2 new velocities: 5.27631, 75.8341
24.2033, 26.1658
Particle 3 new velocities: -13.8359, 29.0183
-44.588, -20.8936
Particle 4 new velocities: -27.3782, 43.7398
-16.0143, 35.5021
Particle 5 new velocities: -33.7332, 79.3376
19.6329, 1.78554
Particle 6 new velocities: 14.7247, 10.0869
-119.473, 5.32909
Particle 7 new velocities: -58.9419, 60.2983
10.5289, 4.66262
Particle 8 new velocities: -13.9339, 29.9138
-4.06422, -17.9979
Particle 9 new velocities: -4.191, -45.2716
-8.55329, -7.20533
Particle 10 new velocities: -41.9423, 49.1701
8.93963, 8.77708
Particle 11 new velocities: -20.3426, 42.6604
8.83395, 61.4512
Particle 12 new velocities: 75.0113, 81.7794
40.4111, 42.7337
Particle 13 new velocities: -25.8013, 83.2415
-9.0896, 19.2167
Particle 14 new velocities: 22.6073, 35.5601
-2.20373, 2.95768
Particle 15 new velocities: -39.6996, 10.1522
-6.19537, 2.53092
Particle 16 new velocities: -17.4902, 59.6061
3.32841, 9.94876
Particle 17 new velocities: 7.70806, 39.4479
-0.141578, 5.18789
Particle 18 new velocities: 2.84218, 69.7821
-8.1569, 28.5417
Particle 19 new velocities: 22.105, 54.6261
-22.759, 3.55189
Particle 20 new velocities: -35.3438, 19.4291
-4.40713, 10.1509
-- ITERATION 3 --
-------------
Particle: 1:
Relays Coordinates:
17.7373, 137.811
74.9558, 34.7011
Evaluation Time: 1.04696 seconds
Resulting Fitness: 0.127778
-------------
Particle: 2:
Relays Coordinates:
41.3714, 139.601
98.2909, 36.3489
Evaluation Time: 1.06063 seconds
Resulting Fitness: 0.144444
New local best!
New global best!
-------------
Particle: 3:
Relays Coordinates:
33.1811, 118.727
46.2613, 3.85863
Evaluation Time: 1.11433 seconds
Resulting Fitness: 0.113889
New local best!
-------------
Particle: 4:
Relays Coordinates:
38.9798, 209.094
15.912, 95.0377
Evaluation Time: 1.09919 seconds
Resulting Fitness: 0.075
-------------
Particle: 5:
Relays Coordinates:
28.3488, 133.793
77.8544, 28.8733
Evaluation Time: 1.12602 seconds
Resulting Fitness: 0.127778
New local best!
-------------
Particle: 6:
Relays Coordinates:
69.5622, 102.487
42.4806, 48.0625
Evaluation Time: 1.03185 seconds
Resulting Fitness: 0.108333
-------------
Particle: 7:
Relays Coordinates:
16.6015, 119.021
70.412, 21.7935
Evaluation Time: 1.00178 seconds
Resulting Fitness: 0.105556
-------------
Particle: 8:
Relays Coordinates:
37.7379, 118.371
68.6155, 13.0971
Evaluation Time: 1.04045 seconds
Resulting Fitness: 0.105556
-------------
Particle: 9:
Relays Coordinates:
37.0555, 0
69.9229, 48.7918
Evaluation Time: 0.989879 seconds
Resulting Fitness: 0.0583333
-------------
Particle: 10:
Relays Coordinates:
48.296, 143.491
89.213, 41.4812
Evaluation Time: 1.07986 seconds
Resulting Fitness: 0.144444
New local best!
-------------
Particle: 11:
Relays Coordinates:
62.0463, 116
105.79, 55.306
Evaluation Time: 1.05824 seconds
Resulting Fitness: 0.133333
New local best!
-------------
Particle: 12:
Relays Coordinates:
62.6793, 142.116
95.8956, 50.0041
Evaluation Time: 1.06562 seconds
Resulting Fitness: 0.147222
New local best!
New global best!
-------------
Particle: 13:
Relays Coordinates:
21.8921, 147.496
39.8594, 30.5953
Evaluation Time: 1.04487 seconds
Resulting Fitness: 0.0888889
-------------
Particle: 14:
Relays Coordinates:
43.7679, 146.409
80.4596, 42.3216
Evaluation Time: 1.07043 seconds
Resulting Fitness: 0.15
New local best!
New global best!
-------------
Particle: 15:
Relays Coordinates:
0, 122.203
83.2991, 38.9474
Evaluation Time: 1.04694 seconds
Resulting Fitness: 0.122222
-------------
Particle: 16:
Relays Coordinates:
43.3045, 139.084
80.8678, 36.8257
Evaluation Time: 1.08083 seconds
Resulting Fitness: 0.136111
New local best!
-------------
Particle: 17:
Relays Coordinates:
75.2959, 133.285
102.689, 49.9734
Evaluation Time: 1.13672 seconds
Resulting Fitness: 0.122222
-------------
Particle: 18:
Relays Coordinates:
57.8392, 147.389
95.3934, 43.682
Evaluation Time: 1.11914 seconds
Resulting Fitness: 0.15
New local best!
-------------
Particle: 19:
Relays Coordinates:
33.3818, 108.25
1.18561, 3.29949
Evaluation Time: 0.975477 seconds
Resulting Fitness: 0.05
-------------
Particle: 20:
Relays Coordinates:
18.6786, 148.77
83.0223, 49.2916
Evaluation Time: 1.04479 seconds
Resulting Fitness: 0.147222
New local best!
Current global best fitness: 0.15
Current global best relays: 43.7679, 146.409
80.4596, 42.3216
Particle 1 new velocities: 8.10315, 29.2945
34.1315, 4.29968
Particle 2 new velocities: 7.0606, 62.0569
11.4773, 23.6954
Particle 3 new velocities: -7.64305, 31.1444
-9.08927, 2.53438
Particle 4 new velocities: 6.14682, -40.5808
61.7157, 3.78313
Particle 5 new velocities: -26.9536, 76.3251
17.9038, 3.16799
Particle 6 new velocities: 5.33685, 51.3164
13.5382, 16.5549
Particle 7 new velocities: 3.48245, 36.8513
41.9346, 6.32428
Particle 8 new velocities: 34.2077, 54.5816
15.2236, 45.3775
Particle 9 new velocities: 13.4032, 33.0824
36.2453, -7.79067
Particle 10 new velocities: -34.5706, 40.7139
-0.428691, 7.47405
Particle 11 new velocities: -26.0211, 63.0508
1.9764, 39.9914
Particle 12 new velocities: 51.265, 68.1454
20.9102, 30.1209
Particle 13 new velocities: 64.6537, 62.3136
48.4858, 17.5351
Particle 14 new velocities: 18.0859, 28.4481
-1.76298, 2.36615
Particle 15 new velocities: 60.2646, 13.8463
6.02569, -1.41371
Particle 16 new velocities: -13.9571, 56.1972
2.50476, 13.6861
Particle 17 new velocities: -15.9515, 20.3992
-2.78613, -35.0946
Particle 18 new velocities: -8.78826, 55.156
-23.2164, 22.1303
Particle 19 new velocities: 67.7307, 87.7745
82.206, 52.483
Particle 20 new velocities: -26.288, 15.348
-5.08569, -0.434494
-- ITERATION 4 --
-------------
Particle: 1:
Relays Coordinates:
18.8377, 121.82
79.5247, 28.4316
Evaluation Time: 1.01132 seconds
Resulting Fitness: 0.125
-------------
Particle: 2:
Relays Coordinates:
35.3069, 147.009
80.0211, 43.7723
Evaluation Time: 1.04081 seconds
Resulting Fitness: 0.136111
-------------
Particle: 3:
Relays Coordinates:
20.6858, 121.396
30.1093, 5.17834
Evaluation Time: 1.00399 seconds
Resulting Fitness: 0.0666667
-------------
Particle: 4:
Relays Coordinates:
40.6139, 151.662
69.865, 88.9387
Evaluation Time: 1.04854 seconds
Resulting Fitness: 0.133333
New local best!
-------------
Particle: 5:
Relays Coordinates:
0.82384, 124.073
56.5442, 18.92
Evaluation Time: 0.999444 seconds
Resulting Fitness: 0.0861111
-------------
Particle: 6:
Relays Coordinates:
74.899, 153.804
56.0187, 64.6173
Evaluation Time: 1.06247 seconds
Resulting Fitness: 0.102778
-------------
Particle: 7:
Relays Coordinates:
14.6412, 113.631
81.9006, 20.4979
Evaluation Time: 1.01531 seconds
Resulting Fitness: 0.108333
-------------
Particle: 8:
Relays Coordinates:
71.9456, 172.952
83.839, 58.4746
Evaluation Time: 1.08937 seconds
Resulting Fitness: 0.172222
New local best!
New global best!
-------------
Particle: 9:
Relays Coordinates:
50.4587, 33.0824
106.168, 41.0011
Evaluation Time: 1.00675 seconds
Resulting Fitness: 0.0805556
-------------
Particle: 10:
Relays Coordinates:
10.0058, 134.285
64.7238, 35.6883
Evaluation Time: 1.05141 seconds
Resulting Fitness: 0.113889
-------------
Particle: 11:
Relays Coordinates:
29.1804, 145.031
87.291, 77.191
Evaluation Time: 1.04621 seconds
Resulting Fitness: 0.127778
-------------
Particle: 12:
Relays Coordinates:
92.2949, 170.311
94.6127, 64.9013
Evaluation Time: 1.09287 seconds
Resulting Fitness: 0.152778
New local best!
-------------
Particle: 13:
Relays Coordinates:
63.0919, 152.951
64.4037, 35.0871
Evaluation Time: 1.06343 seconds
Resulting Fitness: 0.111111
-------------
Particle: 14:
Relays Coordinates:
55.6684, 157.371
70.827, 40.2189
Evaluation Time: 1.07429 seconds
Resulting Fitness: 0.113889
-------------
Particle: 15:
Relays Coordinates:
60.2646, 136.05
89.3248, 37.5337
Evaluation Time: 1.06593 seconds
Resulting Fitness: 0.144444
New local best!
-------------
Particle: 16:
Relays Coordinates:
21.3943, 142.36
60.7786, 36.8231
Evaluation Time: 1.04175 seconds
Resulting Fitness: 0.108333
-------------
Particle: 17:
Relays Coordinates:
48.0689, 124.484
80.9209, 12.0518
Evaluation Time: 1.05823 seconds
Resulting Fitness: 0.111111
-------------
Particle: 18:
Relays Coordinates:
39.7313, 164.062
58.4634, 53.308
Evaluation Time: 1.06785 seconds
Resulting Fitness: 0.105556
-------------
Particle: 19:
Relays Coordinates:
81.9011, 158.78
67.5472, 45.1838
Evaluation Time: 1.089 seconds
Resulting Fitness: 0.130556
New local best!
-------------
Particle: 20:
Relays Coordinates:
0, 132.935
63.1286, 39.5743
Evaluation Time: 1.02276 seconds
Resulting Fitness: 0.1
Current global best fitness: 0.172222
Current global best relays: 71.9456, 172.952
83.839, 58.4746
Particle 1 new velocities: 96.9529, 55.18
39.9156, 14.7402
Particle 2 new velocities: 38.7839, 69.278
21.1114, 25.662
Particle 3 new velocities: 7.53992, 81.2029
65.0613, 57.0748
Particle 4 new velocities: 28.9528, -18.958
63.8432, -16.4211
Particle 5 new velocities: 92.8701, 115.913
49.5061, 25.3479
Particle 6 new velocities: 6.87348, -14.1971
72.0696, 5.74293
Particle 7 new velocities: 85.3164, 58.4372
37.9602, 46.6679
Particle 8 new velocities: 27.3662, 43.6653
12.1789, 36.302
Particle 9 new velocities: 20.805, 110.968
21.7288, 38.0925
Particle 10 new velocities: 2.93311, 47.9598
15.8243, 21.0165
Particle 11 new velocities: -0.87321, 63.5667
6.16233, -2.0021
Particle 12 new velocities: 15.6345, 55.3645
6.56584, 22.928
Particle 13 new velocities: 56.868, 48.3806
56.5346, 34.8662
Particle 14 new velocities: 0.317359, 15.5798
4.63101, 14.3802
Particle 15 new velocities: 54.6532, 37.1402
0.912057, 0.18727
Particle 16 new velocities: 71.2899, 75.0895
29.3233, 28.1975
Particle 17 new velocities: 39.4887, 45.2985
28.4337, 0.50346
Particle 18 new velocities: 12.6431, 26.9026
49.2798, 9.79022
Particle 19 new velocities: 41.5017, 81.5422
79.7786, 57.5279
Particle 20 new velocities: 1.3196, 40.1858
8.98457, 33.6729
-- ITERATION 5 --
-------------
Particle: 1:
Relays Coordinates:
93.7904, 143.37
96.7466, 34.9692
Evaluation Time: 1.08999 seconds
Resulting Fitness: 0.158333
New local best!
-------------
Particle: 2:
Relays Coordinates:
54.0122, 157.673
73.7256, 50.6175
Evaluation Time: 1.08557 seconds
Resulting Fitness: 0.138889
-------------
Particle: 3:
Relays Coordinates:
20.5765, 147.694
69.3794, 45.3826
Evaluation Time: 1.06555 seconds
Resulting Fitness: 0.127778
New local best!
-------------
Particle: 4:
Relays Coordinates:
50.7142, 96.7411
97.4733, 52.8654
Evaluation Time: 1.01451 seconds
Resulting Fitness: 0.0916667
-------------
Particle: 5:
Relays Coordinates:
55.3253, 141.709
62.6216, 26.1398
Evaluation Time: 1.06464 seconds
Resulting Fitness: 0.108333
-------------
Particle: 6:
Relays Coordinates:
66.2357, 113.081
103.752, 56.9918
Evaluation Time: 1.06534 seconds
Resulting Fitness: 0.130556
-------------
Particle: 7:
Relays Coordinates:
80.9657, 139.375
97.0873, 54.4042
Evaluation Time: 1.05945 seconds
Resulting Fitness: 0.136111
New local best!
-------------
Particle: 8:
Relays Coordinates:
80.4426, 175.46
77.7745, 76.769
Evaluation Time: 1.07128 seconds
Resulting Fitness: 0.141667
-------------
Particle: 9:
Relays Coordinates:
51.9512, 105.013
93.2369, 57.6592
Evaluation Time: 1.01873 seconds
Resulting Fitness: 0.119444
New local best!
-------------
Particle: 10:
Relays Coordinates:
10.4805, 147.619
65.2439, 45.9309
Evaluation Time: 1.01795 seconds
Resulting Fitness: 0.0888889
-------------
Particle: 11:
Relays Coordinates:
20.636, 152.068
68.1275, 54.8127
Evaluation Time: 1.04454 seconds
Resulting Fitness: 0.113889
-------------
Particle: 12:
Relays Coordinates:
87.4228, 182.797
81.9546, 71.1417
Evaluation Time: 1.12055 seconds
Resulting Fitness: 0.155556
New local best!
-------------
Particle: 13:
Relays Coordinates:
97.1675, 163.079
97.96, 56.6621
Evaluation Time: 1.07464 seconds
Resulting Fitness: 0.152778
New local best!
-------------
Particle: 14:
Relays Coordinates:
55.9857, 172.951
75.458, 54.5991
Evaluation Time: 1.11252 seconds
Resulting Fitness: 0.155556
New local best!
-------------
Particle: 15:
Relays Coordinates:
93.0834, 140.284
73.0919, 30.554
Evaluation Time: 1.09691 seconds
Resulting Fitness: 0.122222
-------------
Particle: 16:
Relays Coordinates:
67.5668, 158.52
65.6843, 47.4
Evaluation Time: 1.08146 seconds
Resulting Fitness: 0.119444
-------------
Particle: 17:
Relays Coordinates:
63.8295, 123.771
79.7195, 9.15282
Evaluation Time: 1.04406 seconds
Resulting Fitness: 0.0944444
-------------
Particle: 18:
Relays Coordinates:
42.4233, 154.681
87.2719, 51.1095
Evaluation Time: 1.09826 seconds
Resulting Fitness: 0.15
-------------
Particle: 19:
Relays Coordinates:
80.9646, 157.675
96.6605, 67.3891
Evaluation Time: 1.13285 seconds
Resulting Fitness: 0.141667
New local best!
-------------
Particle: 20:
Relays Coordinates:
1.18764, 155.809
64.9019, 65.9225
Evaluation Time: 1.02866 seconds
Resulting Fitness: 0.119444
Current global best fitness: 0.172222
Current global best relays: 71.9456, 172.952
83.839, 58.4746
Particle 1 new velocities: 71.2739, 68.9269
31.1229, 29.9928
Particle 2 new velocities: 37.7529, 68.3692
43.3309, 10.7435
Particle 3 new velocities: 42.0828, 82.2921
57.6715, 55.9791
Particle 4 new velocities: 40.3655, 16.7899
44.9519, 42.7663
Particle 5 new velocities: 62.1175, 102.377
56.4006, 62.0663
Particle 6 new velocities: 17.9925, 43.1833
39.9308, 6.20169
Particle 7 new velocities: 57.4629, 60.7271
13.5837, 40.1765
Particle 8 new velocities: 9.54037, 30.8582
18.9693, 6.61948
Particle 9 new velocities: 18.033, 94.2036
9.91436, 30.5243
Particle 10 new velocities: 63.996, 65.0674
62.18, 25.2497
Particle 11 new velocities: 72.0844, 32.981
74.7335, 2.85997
Particle 12 new velocities: -4.78298, 36.4434
5.84105, 4.90681
Particle 13 new velocities: 27.1298, 48.8397
37.8103, 28.311
Particle 14 new velocities: 4.24842, 12.4654
9.04835, 12.6248
Particle 15 new velocities: 18.7698, 44.3189
21.049, 21.3575
Particle 16 new velocities: 27.579, 45.1015
48.5171, 19.4352
Particle 17 new velocities: 49.9856, 63.8093
70.8692, 24.7686
Particle 18 new velocities: 56.5264, 43.7386
49.0944, 7.59408
Particle 19 new velocities: 22.5119, 73.0921
61.7887, 38.6783
Particle 20 new velocities: 63.4705, 44.9595
51.8975, -6.88004
-- ITERATION 6 --
-------------
Particle: 1:
Relays Coordinates:
120.332, 154.764
93.2169, 47.3573
Evaluation Time: 1.07807 seconds
Resulting Fitness: 0.163889
New local best!
-------------
Particle: 2:
Relays Coordinates:
60.2071, 148.306
76.8007, 40.259
Evaluation Time: 1.05555 seconds
Resulting Fitness: 0.136111
-------------
Particle: 3:
Relays Coordinates:
45.6786, 167.66
92.6201, 73.8926
Evaluation Time: 1.12967 seconds
Resulting Fitness: 0.15
New local best!
-------------
Particle: 4:
Relays Coordinates:
73.7745, 91.9601
115.364, 77.4616
Evaluation Time: 1.06677 seconds
Resulting Fitness: 0.108333
-------------
Particle: 5:
Relays Coordinates:
85.6158, 177.939
86.7672, 64.3022
Evaluation Time: 1.05973 seconds
Resulting Fitness: 0.147222
New local best!
-------------
Particle: 6:
Relays Coordinates:
61.4024, 113.917
104.744, 46.0681
Evaluation Time: 1.06013 seconds
Resulting Fitness: 0.125
-------------
Particle: 7:
Relays Coordinates:
112.127, 162.083
89.6435, 76.6104
Evaluation Time: 1.19896 seconds
Resulting Fitness: 0.158333
New local best!
-------------
Particle: 8:
Relays Coordinates:
80.9846, 185.687
87.0694, 75.0496
Evaluation Time: 1.06312 seconds
Resulting Fitness: 0.158333
-------------
Particle: 9:
Relays Coordinates:
56.6872, 161.365
83.5525, 71.4286
Evaluation Time: 1.054 seconds
Resulting Fitness: 0.147222
New local best!
-------------
Particle: 10:
Relays Coordinates:
54.2934, 155.048
92.8921, 51.8907
Evaluation Time: 1.05556 seconds
Resulting Fitness: 0.138889
-------------
Particle: 11:
Relays Coordinates:
67.5931, 134.901
104.146, 42.0434
Evaluation Time: 1.14128 seconds
Resulting Fitness: 0.125
-------------
Particle: 12:
Relays Coordinates:
66.9382, 177.585
71.1145, 61.5993
Evaluation Time: 1.08562 seconds
Resulting Fitness: 0.144444
-------------
Particle: 13:
Relays Coordinates:
90.6127, 154.489
98.9766, 61.9454
Evaluation Time: 1.09916 seconds
Resulting Fitness: 0.155556
New local best!
-------------
Particle: 14:
Relays Coordinates:
54.2107, 166.875
76.0557, 60.5016
Evaluation Time: 1.08455 seconds
Resulting Fitness: 0.147222
-------------
Particle: 15:
Relays Coordinates:
90.6012, 149.528
76.2541, 42.0483
Evaluation Time: 1.1175 seconds
Resulting Fitness: 0.15
New local best!
-------------
Particle: 16:
Relays Coordinates:
77.068, 164.934
92.5031, 54.1365
Evaluation Time: 1.12084 seconds
Resulting Fitness: 0.163889
New local best!
-------------
Particle: 17:
Relays Coordinates:
82.9712, 136.746
109.779, 24.7287
Evaluation Time: 1.10955 seconds
Resulting Fitness: 0.136111
New local best!
-------------
Particle: 18:
Relays Coordinates:
72.1343, 144.648
99.4111, 42.7949
Evaluation Time: 1.0803 seconds
Resulting Fitness: 0.130556
-------------
Particle: 19:
Relays Coordinates:
61.1019, 136.266
93.5626, 62.6318
Evaluation Time: 1.09139 seconds
Resulting Fitness: 0.147222
New local best!
-------------
Particle: 20:
Relays Coordinates:
47.1358, 146.36
85.1468, 43.0419
Evaluation Time: 1.09447 seconds
Resulting Fitness: 0.15
New local best!
Current global best fitness: 0.172222
Current global best relays: 71.9456, 172.952
83.839, 58.4746
Particle 1 new velocities: 24.6091, 67.5281
14.8221, 34.7691
Particle 2 new velocities: 8.35455, 76.2696
56.9127, 8.00797
Particle 3 new velocities: 41.3539, 70.0907
42.8574, 30.3831
Particle 4 new velocities: 30.1701, 143.295
-33.4973, 43.4059
Particle 5 new velocities: 38.5282, 81.5926
42.274, 49.5626
Particle 6 new velocities: 30.8134, 83.4277
12.5417, 20.4886
Particle 7 new velocities: 11.6176, 55.0643
7.31598, 12.4866
Particle 8 new velocities: -14.8061, 12.6735
8.02228, -9.28585
Particle 9 new velocities: 25.5786, 82.4305
8.08781, 23.8282
Particle 10 new velocities: 50.926, 49.1864
35.7536, 13.7221
Particle 11 new velocities: 54.432, 20.0923
53.2434, 21.3693
Particle 12 new velocities: 7.37661, 28.6287
15.7048, 1.39717
Particle 13 new velocities: 17.2361, 47.2928
11.5852, 19.8276
Particle 14 new velocities: 21.2841, 10.9609
14.1871, 3.80181
Particle 15 new velocities: -3.25954, 50.852
22.904, 17.9001
Particle 16 new velocities: 21.8707, 41.9358
29.7192, 19.4417
Particle 17 new velocities: 39.1, 67.5777
42.4424, 31.1263
Particle 18 new velocities: 34.6373, 65.9744
24.3991, 13.0101
Particle 19 new velocities: 27.09, 104.863
39.3496, 26.4114
Particle 20 new velocities: 61.2159, 45.8842
40.898, -4.08514
-- ITERATION 7 --
-------------
Particle: 1:
Relays Coordinates:
117.402, 180.057
87.5115, 66.5224
Evaluation Time: 1.11709 seconds
Resulting Fitness: 0.138889
-------------
Particle: 2:
Relays Coordinates:
40.485, 132.61
78.9564, 28.5012
Evaluation Time: 1.07243 seconds
Resulting Fitness: 0.125
-------------
Particle: 3:
Relays Coordinates:
57.1021, 155.988
88.8868, 68.4153
Evaluation Time: 1.12659 seconds
Resulting Fitness: 0.147222
-------------
Particle: 4:
Relays Coordinates:
84.1952, 190.556
66.3124, 97.9027
Evaluation Time: 1.11278 seconds
Resulting Fitness: 0.155556
New local best!
-------------
Particle: 5:
Relays Coordinates:
81.4508, 170.279
84.664, 74.7067
Evaluation Time: 1.10247 seconds
Resulting Fitness: 0.169444
New local best!
-------------
Particle: 6:
Relays Coordinates:
74.6948, 159.849
95.0018, 53.9109
Evaluation Time: 1.07798 seconds
Resulting Fitness: 0.152778
New local best!
-------------
Particle: 7:
Relays Coordinates:
111.37, 195.432
87.2635, 80.1873
Evaluation Time: 1.15426 seconds
Resulting Fitness: 0.127778
-------------
Particle: 8:
Relays Coordinates:
53.6046, 160.672
77.0243, 53.2687
Evaluation Time: 1.08682 seconds
Resulting Fitness: 0.15
-------------
Particle: 9:
Relays Coordinates:
59.9718, 177.727
66.8058, 69.4422
Evaluation Time: 1.09468 seconds
Resulting Fitness: 0.133333
-------------
Particle: 10:
Relays Coordinates:
85.2277, 165.43
104.203, 53.1464
Evaluation Time: 1.11278 seconds
Resulting Fitness: 0.169444
New local best!
-------------
Particle: 11:
Relays Coordinates:
80.0607, 101.691
103.263, 41.605
Evaluation Time: 1.04641 seconds
Resulting Fitness: 0.116667
-------------
Particle: 12:
Relays Coordinates:
60.195, 167.033
70.3237, 51.0271
Evaluation Time: 1.08772 seconds
Resulting Fitness: 0.125
-------------
Particle: 13:
Relays Coordinates:
87.3575, 163.443
89.555, 66.2362
Evaluation Time: 1.09304 seconds
Resulting Fitness: 0.166667
New local best!
-------------
Particle: 14:
Relays Coordinates:
75.4948, 177.836
90.2428, 64.3034
Evaluation Time: 1.10149 seconds
Resulting Fitness: 0.163889
New local best!
-------------
Particle: 15:
Relays Coordinates:
70.7467, 162.308
80.3181, 48.5583
Evaluation Time: 1.09837 seconds
Resulting Fitness: 0.147222
-------------
Particle: 16:
Relays Coordinates:
80.1404, 167.564
99.0001, 59.5983
Evaluation Time: 1.10454 seconds
Resulting Fitness: 0.161111
-------------
Particle: 17:
Relays Coordinates:
88.9899, 148.952
110.97, 40.7183
Evaluation Time: 1.0995 seconds
Resulting Fitness: 0.169444
New local best!
-------------
Particle: 18:
Relays Coordinates:
77.8365, 153.544
90.2576, 40.6819
Evaluation Time: 1.08881 seconds
Resulting Fitness: 0.133333
-------------
Particle: 19:
Relays Coordinates:
64.2919, 175.783
96.893, 64.9125
Evaluation Time: 1.11893 seconds
Resulting Fitness: 0.163889
New local best!
-------------
Particle: 20:
Relays Coordinates:
78.9883, 140.146
91.8866, 28.3995
Evaluation Time: 1.07985 seconds
Resulting Fitness: 0.113889
Current global best fitness: 0.172222
Current global best relays: 71.9456, 172.952
83.839, 58.4746
Particle 1 new velocities: 14.572, 18.3488
14.3734, 10.7522
Particle 2 new velocities: 35.1019, 77.2323
67.6145, 17.4476
Particle 3 new velocities: 26.5468, 69.7864
37.9663, 21.8003
Particle 4 new velocities: 20.8881, 95.6743
-4.91112, -10.1058
Particle 5 new velocities: 24.1653, 68.0355
32.9275, 30.935
Particle 6 new velocities: 22.9478, 79.7041
2.0027, 21.4213
Particle 7 new velocities: -10.6947, -4.30134
6.04182, -15.6836
Particle 8 new velocities: 18.2994, 18.1383
19.3442, -0.742896
Particle 9 new velocities: 23.478, 40.1421
28.2938, 10.6179
Particle 10 new velocities: 26.8014, 47.4959
4.03051, 12.2027
Particle 11 new velocities: 26.877, 104.786
31.671, 48.3887
Particle 12 new velocities: 31.0621, 50.0521
28.1897, 32.3763
Particle 13 new velocities: 13.1794, 40.7
7.16366, 10.865
Particle 14 new velocities: 13.1316, 4.17173
7.50297, -1.63465
Particle 15 new velocities: 18.1502, 37.5668
12.799, 7.95847
Particle 16 new velocities: 16.7781, 30.8056
10.9924, 10.1398
Particle 17 new velocities: 29.1441, 54.3937
22.3727, 41.8615
Particle 18 new velocities: 5.30697, 71.0274
20.8955, 17.0555
Particle 19 new velocities: 25.8065, 80.922
16.6303, 19.6028
Particle 20 new velocities: 2.47789, 76.5412
24.1748, 16.9512
-- ITERATION 8 --
-------------
Particle: 1:
Relays Coordinates:
118.777, 178.565
91.6964, 69.5471
Evaluation Time: 1.12423 seconds
Resulting Fitness: 0.144444
-------------
Particle: 2:
Relays Coordinates:
49.5926, 137.677
96.1652, 30.147
Evaluation Time: 1.07108 seconds
Resulting Fitness: 0.138889
-------------
Particle: 3:
Relays Coordinates:
60.9801, 164.59
92.4759, 65.7672
Evaluation Time: 1.09172 seconds
Resulting Fitness: 0.158333
New local best!
-------------
Particle: 4:
Relays Coordinates:
62.0506, 169.016
36.2568, 51.8432
Evaluation Time: 1.08359 seconds
Resulting Fitness: 0.113889
-------------
Particle: 5:
Relays Coordinates:
76.9942, 173.731
85.7242, 77.0128
Evaluation Time: 1.09517 seconds
Resulting Fitness: 0.161111
-------------
Particle: 6:
Relays Coordinates:
71.1814, 174.634
70.7163, 54.9172
Evaluation Time: 1.11382 seconds
Resulting Fitness: 0.163889
New local best!
-------------
Particle: 7:
Relays Coordinates:
90.608, 172.018
83.9748, 58.0534
Evaluation Time: 1.08063 seconds
Resulting Fitness: 0.141667
-------------
Particle: 8:
Relays Coordinates:
64.7136, 160.929
86.7316, 47.2732
Evaluation Time: 1.08257 seconds
Resulting Fitness: 0.147222
-------------
Particle: 9:
Relays Coordinates:
67.5943, 176.474
77.0307, 64.8487
Evaluation Time: 1.11145 seconds
Resulting Fitness: 0.158333
New local best!
-------------
Particle: 10:
Relays Coordinates:
90.7435, 172.47
87.6691, 52.9327
Evaluation Time: 1.09805 seconds
Resulting Fitness: 0.163889
-------------
Particle: 11:
Relays Coordinates:
77.9576, 150.522
98.3668, 65.6054
Evaluation Time: 1.08222 seconds
Resulting Fitness: 0.133333
-------------
Particle: 12:
Relays Coordinates:
73.9182, 175.839
79.7958, 67.5568
Evaluation Time: 1.10799 seconds
Resulting Fitness: 0.175
New local best!
New global best!
-------------
Particle: 13:
Relays Coordinates:
90.4832, 183.729
87.0468, 69.3911
Evaluation Time: 1.09464 seconds
Resulting Fitness: 0.147222
-------------
Particle: 14:
Relays Coordinates:
88.6264, 182.007
97.7457, 62.6687
Evaluation Time: 1.11179 seconds
Resulting Fitness: 0.161111
-------------
Particle: 15:
Relays Coordinates:
72.0065, 161.899
75.4249, 45.7786
Evaluation Time: 1.06687 seconds
Resulting Fitness: 0.152778
New local best!
-------------
Particle: 16:
Relays Coordinates:
87.2267, 178.533
98.9932, 62.7643
Evaluation Time: 1.12281 seconds
Resulting Fitness: 0.172222
New local best!
-------------
Particle: 17:
Relays Coordinates:
86.1197, 148.239
97.2065, 60.2007
Evaluation Time: 1.06876 seconds
Resulting Fitness: 0.158333
-------------
Particle: 18:
Relays Coordinates:
54.5504, 147.341
72.9276, 37.8815
Evaluation Time: 1.06263 seconds
Resulting Fitness: 0.125
-------------
Particle: 19:
Relays Coordinates:
59.1136, 168.424
74.4827, 55.4505
Evaluation Time: 1.05227 seconds
Resulting Fitness: 0.138889
-------------
Particle: 20:
Relays Coordinates:
53.45, 142.169
76.1479, 29.7546
Evaluation Time: 1.08377 seconds
Resulting Fitness: 0.122222
Current global best fitness: 0.175
Current global best relays: 73.9182, 175.839
79.7958, 67.5568
Particle 1 new velocities: -34.4545, -24.5521
3.6761, -31.0202
Particle 2 new velocities: 50.828, 110.938
52.0788, 44.6671
Particle 3 new velocities: 22.9932, 65.2605
24.8404, 19.234
Particle 4 new velocities: 58.2229, 96.0277
48.0062, 78.8147
Particle 5 new velocities: 19.5799, 54.287
24.478, 16.2296
Particle 6 new velocities: 21.0397, 64.3276
3.61433, 23.1533
Particle 7 new velocities: 8.37042, -8.98301
9.93614, 6.39946
Particle 8 new velocities: 22.1394, 38.2979
9.46406, 2.14458
Particle 9 new velocities: 21.4374, 32.035
23.6832, 10.0271
Particle 10 new velocities: 10.1744, 36.2678
28.0534, 25.372
Particle 11 new velocities: 10.7801, 55.9036
34.7026, 32.083
Particle 12 new velocities: 24.8496, 40.0417
22.5518, 25.901
Particle 13 new velocities: -10.5133, 27.1959
3.39318, 4.26357
Particle 14 new velocities: -0.0586432, -4.59162
0.922945, 5.32469
Particle 15 new velocities: 16.9491, 32.9508
11.061, 25.9973
Particle 16 new velocities: 12.7367, 24.5999
-4.28387, 9.8517
Particle 17 new velocities: 17.4499, 47.1509
15.5401, 30.6834
Particle 18 new velocities: 27.2316, 78.6768
41.3383, 34.8562
Particle 19 new velocities: 33.1373, 79.3779
21.2826, 37.1171
Particle 20 new velocities: 14.5878, 110.728
29.8199, 52.453
-- ITERATION 9 --
-------------
Particle: 1:
Relays Coordinates:
84.3222, 154.013
95.3725, 38.527
Evaluation Time: 1.06434 seconds
Resulting Fitness: 0.158333
-------------
Particle: 2:
Relays Coordinates:
65.886, 163.116
97.2629, 49.0855
Evaluation Time: 1.09008 seconds
Resulting Fitness: 0.144444
-------------
Particle: 3:
Relays Coordinates:
61.2165, 167.561
85.5236, 61.9659
Evaluation Time: 1.10251 seconds
Resulting Fitness: 0.158333
-------------
Particle: 4:
Relays Coordinates:
87.6794, 193.217
61.4277, 95.2496
Evaluation Time: 1.0769 seconds
Resulting Fitness: 0.147222
-------------
Particle: 5:
Relays Coordinates:
78.225, 184.695
89.2638, 75.5263
Evaluation Time: 1.08182 seconds
Resulting Fitness: 0.161111
-------------
Particle: 6:
Relays Coordinates:
67.2292, 174.203
54.187, 56.9134
Evaluation Time: 1.1135 seconds
Resulting Fitness: 0.133333
-------------
Particle: 7:
Relays Coordinates:
98.9784, 163.035
93.9109, 64.4528
Evaluation Time: 1.06354 seconds
Resulting Fitness: 0.155556
-------------
Particle: 8:
Relays Coordinates:
63.3159, 145.236
70.1266, 36.0256
Evaluation Time: 1.08602 seconds
Resulting Fitness: 0.111111
-------------
Particle: 9:
Relays Coordinates:
72.1157, 168.892
81.5783, 60.6494
Evaluation Time: 1.08146 seconds
Resulting Fitness: 0.172222
New local best!
-------------
Particle: 10:
Relays Coordinates:
81.7435, 169.078
93.7353, 63.4268
Evaluation Time: 1.10478 seconds
Resulting Fitness: 0.152778
-------------
Particle: 11:
Relays Coordinates:
58.2208, 135.436
87.3069, 64.0934
Evaluation Time: 1.05968 seconds
Resulting Fitness: 0.144444
New local best!
-------------
Particle: 12:
Relays Coordinates:
80.002, 174.863
82.9016, 75.7008
Evaluation Time: 1.08227 seconds
Resulting Fitness: 0.147222
-------------
Particle: 13:
Relays Coordinates:
64.7756, 170.849
73.2564, 59.6603
Evaluation Time: 1.08367 seconds
Resulting Fitness: 0.161111
-------------
Particle: 14:
Relays Coordinates:
88.5677, 177.416
98.6687, 67.9934
Evaluation Time: 1.13765 seconds
Resulting Fitness: 0.177778
New local best!
New global best!
-------------
Particle: 15:
Relays Coordinates:
80.0601, 175.364
77.8373, 64.5982
Evaluation Time: 1.06974 seconds
Resulting Fitness: 0.158333
New local best!
-------------
Particle: 16:
Relays Coordinates:
89.967, 182.82
85.2384, 65.3544
Evaluation Time: 1.08868 seconds
Resulting Fitness: 0.152778
-------------
Particle: 17:
Relays Coordinates:
83.8914, 158.266
91.3247, 73.6161
Evaluation Time: 1.09581 seconds
Resulting Fitness: 0.158333
-------------
Particle: 18:
Relays Coordinates:
59.6191, 164.767
83.2998, 53.0258
Evaluation Time: 1.0911 seconds
Resulting Fitness: 0.158333
New local best!
-------------
Particle: 19:
Relays Coordinates:
67.2509, 180.648
69.8129, 67.4818
Evaluation Time: 1.0831 seconds
Resulting Fitness: 0.144444
-------------
Particle: 20:
Relays Coordinates:
44.6396, 165.926
69.5255, 53.9364
Evaluation Time: 1.08223 seconds
Resulting Fitness: 0.125
Current global best fitness: 0.177778
Current global best relays: 88.5677, 177.416
98.6687, 67.9934
Particle 1 new velocities: 22.2951, -15.5357
3.38371, -7.65953
Particle 2 new velocities: 28.0764, 84.1959
42.5038, 26.4334
Particle 3 new velocities: 30.9884, 57.5429
45.5942, 21.3933
Particle 4 new velocities: 44.5607, 60.5482
46.6591, 44.4987
Particle 5 new velocities: 26.4336, 19.4015
16.5197, 11.5804
Particle 6 new velocities: 34.0927, 55.234
37.5264, 16.6821
Particle 7 new velocities: 15.7985, 2.99893
8.81551, 12.5719
Particle 8 new velocities: 44.2951, 42.9224
43.3462, 34.0158
Particle 9 new velocities: 18.2733, 28.5346
33.7457, 12.118
Particle 10 new velocities: 20.5482, 28.6238
27.1292, 19.1052
Particle 11 new velocities: 33.337, 52.6479
31.244, 30.6634
Particle 12 new velocities: 14.0764, 34.1562
36.7565, 9.09238
Particle 13 new velocities: 30.3358, 22.6934
45.4843, 14.3727
Particle 14 new velocities: -0.0469146, -3.6733
0.738356, 4.25975
Particle 15 new velocities: 18.2762, 26.6405
24.5113, 21.829
Particle 16 new velocities: 7.68087, 13.4392
26.2245, 7.11251
Particle 17 new velocities: 19.6358, 31.942
25.7194, -33.6359
Particle 18 new velocities: 47.8712, 63.7273
40.0179, 44.8868
Particle 19 new velocities: 43.4313, 58.517
76.3136, 26.4239
Particle 20 new velocities: 46.1041, 90.4962
34.5101, 37.9308
-- ITERATION 10 --
-------------
Particle: 1:
Relays Coordinates:
106.617, 138.477
98.7562, 30.8674
Evaluation Time: 1.07861 seconds
Resulting Fitness: 0.147222
-------------
Particle: 2:
Relays Coordinates:
61.6487, 162.262
91.7009, 49.5479
Evaluation Time: 1.07708 seconds
Resulting Fitness: 0.15
New local best!
-------------
Particle: 3:
Relays Coordinates:
67.2174, 164.101
95.5849, 60.7688
Evaluation Time: 1.08591 seconds
Resulting Fitness: 0.15
-------------
Particle: 4:
Relays Coordinates:
86.7627, 166.495
70.9158, 91.6889
Evaluation Time: 1.0803 seconds
Resulting Fitness: 0.125
-------------
Particle: 5:
Relays Coordinates:
84.7735, 165.318
85.6846, 70.5564
Evaluation Time: 1.09584 seconds
Resulting Fitness: 0.161111
-------------
Particle: 6:
Relays Coordinates:
73.8637, 167.26
66.8591, 53.6511
Evaluation Time: 1.11741 seconds
Resulting Fitness: 0.130556
-------------
Particle: 7:
Relays Coordinates:
103.299, 149.431
92.4538, 69.3223
Evaluation Time: 1.09318 seconds
Resulting Fitness: 0.15
-------------
Particle: 8:
Relays Coordinates:
87.1649, 152.409
91.913, 56.7335
Evaluation Time: 1.09021 seconds
Resulting Fitness: 0.155556
-------------
Particle: 9:
Relays Coordinates:
73.2151, 159.916
93.4124, 58.9416
Evaluation Time: 1.05562 seconds
Resulting Fitness: 0.147222
-------------
Particle: 10:
Relays Coordinates:
82.8563, 160.138
97.9002, 66.851
Evaluation Time: 1.10408 seconds
Resulting Fitness: 0.155556
-------------
Particle: 11:
Relays Coordinates:
66.7456, 137.113
86.4236, 69.0777
Evaluation Time: 1.08869 seconds
Resulting Fitness: 0.130556
-------------
Particle: 12:
Relays Coordinates:
76.2035, 169.306
96.9231, 68.6825
Evaluation Time: 1.071 seconds
Resulting Fitness: 0.169444
-------------
Particle: 13:
Relays Coordinates:
77.0403, 156.769
96.1799, 59.9667
Evaluation Time: 1.06866 seconds
Resulting Fitness: 0.158333
-------------
Particle: 14:
Relays Coordinates:
79.6687, 156.368
89.4663, 65.0278
Evaluation Time: 1.05782 seconds
Resulting Fitness: 0.147222
-------------
Particle: 15:
Relays Coordinates:
79.6524, 163.624
82.9024, 70.0061
Evaluation Time: 1.05468 seconds
Resulting Fitness: 0.158333
-------------
Particle: 16:
Relays Coordinates:
87.8831, 176.633
100.317, 65.2202
Evaluation Time: 1.07288 seconds
Resulting Fitness: 0.161111
-------------
Particle: 17:
Relays Coordinates:
75.4713, 138.662
85.3251, 29.1456
Evaluation Time: 1.04226 seconds
Resulting Fitness: 0.108333
-------------
Particle: 18:
Relays Coordinates:
78.3604, 166.572
89.8986, 71.3783
Evaluation Time: 1.06119 seconds
Resulting Fitness: 0.155556
-------------
Particle: 19:
Relays Coordinates:
72.6186, 156.916
95.8736, 61.6115
Evaluation Time: 1.06512 seconds
Resulting Fitness: 0.141667
-------------
Particle: 20:
Relays Coordinates:
59.537, 168.238
68.2577, 60.2741
Evaluation Time: 1.05562 seconds
Resulting Fitness: 0.130556
Current global best fitness: 0.177778
Current global best relays: 88.5677, 177.416
98.6687, 67.9934
Particle 1 new velocities: 12.6897, 52.9018
-1.83817, 56.624
Particle 2 new velocities: 26.8929, 71.912
38.7317, 40.4911
Particle 3 new velocities: 42.4492, 47.6193
39.0078, 22.607
Particle 4 new velocities: 35.0043, 69.0742
62.326, 37.3017
Particle 5 new velocities: 18.6346, 32.0946
27.3371, 10.3809
Particle 6 new velocities: 38.6158, 50.5469
58.2577, 20.3019
Particle 7 new velocities: 11.8747, 17.3921
5.76025, 11.8671
Particle 8 new velocities: 19.2552, 67.0673
34.9132, 39.9068
Particle 9 new velocities: 22.9279, 31.8415
23.8592, 22.3358
Particle 10 new velocities: 19.1775, 46.7292
27.528, -4.38997
Particle 11 new velocities: 33.8139, 50.4609
39.3877, 22.6387
Particle 12 new velocities: 12.3133, 34.3049
30.7488, 7.05258
Particle 13 new velocities: 47.7522, 28.29
28.5018, 17.5495
Particle 14 new velocities: 13.3947, 44.8323
23.0996, 7.1575
Particle 15 new velocities: 21.2435, 45.7889
14.7585, 13.1164
Particle 16 new velocities: 6.4029, 12.9412
18.3683, 3.55219
Particle 17 new velocities: 42.7536, 82.4208
68.8403, 25.2359
Particle 18 new velocities: 38.7646, 52.0995
28.4306, 28.3649
Particle 19 new velocities: 28.0562, 63.9388
63.9849, 22.9564
Particle 20 new velocities: 49.8197, 63.121
83.6507, 28.4492
-- ITERATION 11 --
-------------
Particle: 1:
Relays Coordinates:
107.376, 172.241
87.2263, 78.7423
Evaluation Time: 1.15982 seconds
Resulting Fitness: 0.144444
-------------
Particle: 2:
Relays Coordinates:
64.5469, 170.713
95.0854, 65.6385
Evaluation Time: 1.11131 seconds
Resulting Fitness: 0.175
New local best!
-------------
Particle: 3:
Relays Coordinates:
79.9469, 154.344
98.118, 60.781
Evaluation Time: 1.10965 seconds
Resulting Fitness: 0.147222
-------------
Particle: 4:
Relays Coordinates:
71.9022, 139.101
78.6779, 76.1676
Evaluation Time: 1.08262 seconds
Resulting Fitness: 0.0916667
-------------
Particle: 5:
Relays Coordinates:
83.7605, 159.904
91.5476, 65.5593
Evaluation Time: 1.10621 seconds
Resulting Fitness: 0.161111
-------------
Particle: 6:
Relays Coordinates:
91.1083, 176.423
101.345, 59.902
Evaluation Time: 1.09233 seconds
Resulting Fitness: 0.158333
-------------
Particle: 7:
Relays Coordinates:
103.657, 150.14
88.3926, 73.0705
Evaluation Time: 1.07394 seconds
Resulting Fitness: 0.152778
-------------
Particle: 8:
Relays Coordinates:
77.5803, 159.998
92.4563, 70.4508
Evaluation Time: 1.08109 seconds
Resulting Fitness: 0.155556
-------------
Particle: 9:
Relays Coordinates:
77.8758, 155.323
94.99, 65.8346
Evaluation Time: 1.06877 seconds
Resulting Fitness: 0.147222
-------------
Particle: 10:
Relays Coordinates:
82.6474, 167.562
101.597, 50.5934
Evaluation Time: 1.19188 seconds
Resulting Fitness: 0.161111
-------------
Particle: 11:
Relays Coordinates:
73.3079, 136.741
91.7164, 66.8612
Evaluation Time: 1.09082 seconds
Resulting Fitness: 0.130556
-------------
Particle: 12:
Relays Coordinates:
64.5287, 148.432
93.0728, 55.2109
Evaluation Time: 1.06677 seconds
Resulting Fitness: 0.15
-------------
Particle: 13:
Relays Coordinates:
101.082, 149.898
100.992, 62.7881
Evaluation Time: 1.08753 seconds
Resulting Fitness: 0.158333
-------------
Particle: 14:
Relays Coordinates:
75.3814, 162.972
91.1784, 58.4701
Evaluation Time: 1.08492 seconds
Resulting Fitness: 0.161111
-------------
Particle: 15:
Relays Coordinates:
90.8063, 188.472
87.8948, 74.8102
Evaluation Time: 1.08063 seconds
Resulting Fitness: 0.141667
-------------
Particle: 16:
Relays Coordinates:
76.3716, 153.555
96.1348, 55.7057
Evaluation Time: 1.06146 seconds
Resulting Fitness: 0.130556
-------------
Particle: 17:
Relays Coordinates:
77.5674, 145.052
101.148, 35.6797
Evaluation Time: 1.05981 seconds
Resulting Fitness: 0.130556
-------------
Particle: 18:
Relays Coordinates:
85.3842, 159.412
86.262, 72.7128
Evaluation Time: 1.07068 seconds
Resulting Fitness: 0.158333
-------------
Particle: 19:
Relays Coordinates:
66.0528, 144.903
104.883, 55.485
Evaluation Time: 1.09757 seconds
Resulting Fitness: 0.138889
-------------
Particle: 20:
Relays Coordinates:
71.7489, 151.795
99.6671, 58.2113
Evaluation Time: 1.10916 seconds
Resulting Fitness: 0.141667
Current global best fitness: 0.177778
Current global best relays: 88.5677, 177.416
98.6687, 67.9934
Particle 1 new velocities: 19.1075, 16.7378
22.0108, 33.603
Particle 2 new velocities: 44.0736, 58.821
33.0487, 35.4498
Particle 3 new velocities: 14.7746, 73.825
25.1316, 20.045
Particle 4 new velocities: 31.8169, 161.18
37.3511, 48.6665
Particle 5 new velocities: 13.7254, 45.3848
21.6056, 23.389
Particle 6 new velocities: 14.6705, 40.0523
-2.55436, 18.3847
Particle 7 new velocities: 4.06945, 32.1147
9.02862, 12.8294
Particle 8 new velocities: 10.9191, 82.1999
19.7006, 14.9367
Particle 9 new velocities: 29.9847, 61.1737
9.14351, 13.0554
Particle 10 new velocities: 22.2866, 37.9766
25.8515, 5.79826
Particle 11 new velocities: 39.4359, 88.7348
25.8392, 17.2759
Particle 12 new velocities: 25.4803, 83.1786
13.5795, 20.5931
Particle 13 new velocities: 23.6454, 33.554
15.6232, 18.9732
Particle 14 new velocities: 19.8201, 72.6717
32.3308, 11.303
Particle 15 new velocities: 9.64002, 23.0121
14.7238, -0.819147
Particle 16 new velocities: 16.8301, 56.2291
18.7702, 17.4742
Particle 17 new velocities: 52.1063, 109.675
66.4037, 43.9975
Particle 18 new velocities: 20.0921, 54.8653
24.8042, 0.0816709
Particle 19 new velocities: 31.8127, 111.139
48.6091, 33.5841
Particle 20 new velocities: 24.9302, 56.6732
60.7957, 23.3403
-- ITERATION 12 --
-------------
Particle: 1:
Relays Coordinates:
92.2067, 137.766
79.6338, 81.8997
Evaluation Time: 1.09183 seconds
Resulting Fitness: 0.113889
-------------
Particle: 2:
Relays Coordinates:
79.1843, 167.33
93.4097, 73.6934
Evaluation Time: 1.0906 seconds
Resulting Fitness: 0.163889
-------------
Particle: 3:
Relays Coordinates:
69.052, 166.335
89.849, 58.9221
Evaluation Time: 1.11169 seconds
Resulting Fitness: 0.144444
-------------
Particle: 4:
Relays Coordinates:
68.0501, 197.015
76.1266, 81.9037
Evaluation Time: 1.17176 seconds
Resulting Fitness: 0.155556
-------------
Particle: 5:
Relays Coordinates:
78.9635, 166.284
91.6541, 72.048
Evaluation Time: 1.12968 seconds
Resulting Fitness: 0.172222
New local best!
-------------
Particle: 6:
Relays Coordinates:
85.6809, 175.345
80.0201, 63.4122
Evaluation Time: 1.12083 seconds
Resulting Fitness: 0.163889
-------------
Particle: 7:
Relays Coordinates:
96.9534, 164.03
87.6791, 77.3099
Evaluation Time: 1.1563 seconds
Resulting Fitness: 0.15
-------------
Particle: 8:
Relays Coordinates:
64.516, 176.562
81.7624, 62.2475
Evaluation Time: 1.12596 seconds
Resulting Fitness: 0.155556
-------------
Particle: 9:
Relays Coordinates:
87.367, 175.363
84.3482, 63.9009
Evaluation Time: 1.0635 seconds
Resulting Fitness: 0.155556
-------------
Particle: 10:
Relays Coordinates:
76.4969, 149.838
92.9098, 41.1095
Evaluation Time: 1.05957 seconds
Resulting Fitness: 0.122222
-------------
Particle: 11:
Relays Coordinates:
91.3224, 182.636
95.22, 68.151
Evaluation Time: 1.08395 seconds
Resulting Fitness: 0.130556
-------------
Particle: 12:
Relays Coordinates:
65.6166, 168.844
77.7495, 55.2611
Evaluation Time: 1.08725 seconds
Resulting Fitness: 0.144444
-------------
Particle: 13:
Relays Coordinates:
101.029, 148.596
94.4585, 66.2267
Evaluation Time: 1.07761 seconds
Resulting Fitness: 0.155556
-------------
Particle: 14:
Relays Coordinates:
62.4617, 154.606
81.0344, 45.7781
Evaluation Time: 1.08448 seconds
Resulting Fitness: 0.141667
-------------
Particle: 15:
Relays Coordinates:
81.3615, 171.302
83.1211, 59.9327
Evaluation Time: 1.08488 seconds
Resulting Fitness: 0.161111
New local best!
-------------
Particle: 16:
Relays Coordinates:
75.4934, 169.925
93.0731, 59.2757
Evaluation Time: 1.09058 seconds
Resulting Fitness: 0.166667
-------------
Particle: 17:
Relays Coordinates:
76.571, 150.414
98.9375, 47.0486
Evaluation Time: 1.07327 seconds
Resulting Fitness: 0.136111
-------------
Particle: 18:
Relays Coordinates:
85.4358, 173.564
89.9636, 58.9635
Evaluation Time: 1.09165 seconds
Resulting Fitness: 0.175
New local best!
-------------
Particle: 19:
Relays Coordinates:
64.2096, 167.989
100.706, 58.4383
Evaluation Time: 1.08692 seconds
Resulting Fitness: 0.166667
New local best!
-------------
Particle: 20:
Relays Coordinates:
63.4311, 136.776
105.28, 53.506
Evaluation Time: 1.0799 seconds
Resulting Fitness: 0.144444
Current global best fitness: 0.177778
Current global best relays: 88.5677, 177.416
98.6687, 67.9934
Particle 1 new velocities: 23.3317, 30.2561
49.1575, -3.05012
Particle 2 new velocities: 17.3437, 51.9245
29.3481, 13.7894
Particle 3 new velocities: 12.8518, 60.3414
31.2744, 23.7281
Particle 4 new velocities: 53.4538, 114.195
46.0371, 42.8251
Particle 5 new velocities: 12.6578, 50.4148
24.9143, 18.3321
Particle 6 new velocities: 7.27469, 32.7747
-12.1229, 5.88791
Particle 7 new velocities: 14.1732, 26.9781
18.7897, 5.57832
Particle 8 new velocities: 40.4093, 62.3372
29.6736, 9.30834
Particle 9 new velocities: 0.132117, 48.1069
11.4676, 6.50835
Particle 10 new velocities: 37.1761, 74.0626
39.9143, 24.3847
Particle 11 new velocities: 19.0388, 51.8092
21.7985, 12.5596
Particle 12 new velocities: 36.6192, 73.6412
26.0351, 44.3246
Particle 13 new velocities: -8.38541, 63.9958
11.5647, 16.6014
Particle 14 new velocities: 43.0519, 85.656
49.7946, 20.4812
Particle 15 new velocities: 10.9422, 22.9209
16.694, 7.42913
Particle 16 new velocities: 41.8867, 49.2034
27.321, 28.6787
Particle 17 new velocities: 59.0976, 103.843
72.27, 41.1114
Particle 18 new velocities: 19.8861, 47.4564
27.4934, 6.18854
Particle 19 new velocities: 31.7525, 94.3849
38.5385, 31.3837
Particle 20 new velocities: 2.6255, 46.6526
43.8004, 11.5237
-- ITERATION 13 --
-------------
Particle: 1:
Relays Coordinates:
84.2275, 122.488
93.8889, 57.4813
Evaluation Time: 1.0723 seconds
Resulting Fitness: 0.133333
-------------
Particle: 2:
Relays Coordinates:
70.369, 159.836
89.4905, 63.775
Evaluation Time: 1.08143 seconds
Resulting Fitness: 0.15
-------------
Particle: 3:
Relays Coordinates:
59.7079, 165.247
88.299, 60.252
Evaluation Time: 1.10575 seconds
Resulting Fitness: 0.155556
-------------
Particle: 4:
Relays Coordinates:
71.7469, 183.766
72.1365, 73.6511
Evaluation Time: 1.11673 seconds
Resulting Fitness: 0.152778
-------------
Particle: 5:
Relays Coordinates:
74.2133, 175.526
94.4204, 73.2079
Evaluation Time: 1.09768 seconds
Resulting Fitness: 0.188889
New local best!
New global best!
-------------
Particle: 6:
Relays Coordinates:
75.294, 168.577
54.9967, 56.1331
Evaluation Time: 1.06486 seconds
Resulting Fitness: 0.113889
-------------
Particle: 7:
Relays Coordinates:
90.0125, 154.716
86.2397, 67.1395
Evaluation Time: 1.07594 seconds
Resulting Fitness: 0.158333
-------------
Particle: 8:
Relays Coordinates:
68.8415, 156.742
73.1131, 46.9478
Evaluation Time: 1.08273 seconds
Resulting Fitness: 0.122222
-------------
Particle: 9:
Relays Coordinates:
63.7869, 162.909
69.8497, 51.3283
Evaluation Time: 1.06618 seconds
Resulting Fitness: 0.108333
-------------
Particle: 10:
Relays Coordinates:
82.8676, 163.224
96.8287, 47.7453
Evaluation Time: 1.07463 seconds
Resulting Fitness: 0.158333
-------------
Particle: 11:
Relays Coordinates:
80.4533, 170.91
85.3065, 58.8381
Evaluation Time: 1.09487 seconds
Resulting Fitness: 0.175
New local best!
-------------
Particle: 12:
Relays Coordinates:
82.811, 196.413
84.0655, 80.6644
Evaluation Time: 1.14483 seconds
Resulting Fitness: 0.152778
-------------
Particle: 13:
Relays Coordinates:
75.0414, 172.199
85.8788, 67.0907
Evaluation Time: 1.10055 seconds
Resulting Fitness: 0.188889
New local best!
-------------
Particle: 14:
Relays Coordinates:
69.2275, 157.636
85.8369, 43.4727
Evaluation Time: 1.08911 seconds
Resulting Fitness: 0.144444
-------------
Particle: 15:
Relays Coordinates:
83.0733, 174.8
89.8335, 60.6257
Evaluation Time: 1.11323 seconds
Resulting Fitness: 0.172222
New local best!
-------------
Particle: 16:
Relays Coordinates:
85.5701, 159.745
87.7673, 64.1188
Evaluation Time: 1.07043 seconds
Resulting Fitness: 0.161111
-------------
Particle: 17:
Relays Coordinates:
80.111, 150.136
101.096, 52.0576
Evaluation Time: 1.06587 seconds
Resulting Fitness: 0.130556
-------------
Particle: 18:
Relays Coordinates:
76.7796, 161.124
85.6262, 47.4959
Evaluation Time: 1.07265 seconds
Resulting Fitness: 0.166667
-------------
Particle: 19:
Relays Coordinates:
62.9607, 172.143
91.3585, 58.9322
Evaluation Time: 1.09136 seconds
Resulting Fitness: 0.186111
New local best!
-------------
Particle: 20:
Relays Coordinates:
48.1553, 133.719
108.679, 47.4067
Evaluation Time: 1.06839 seconds
Resulting Fitness: 0.147222
Current global best fitness: 0.188889
Current global best relays: 74.2133, 175.526
94.4204, 73.2079
Particle 1 new velocities: 54.8939, 101.944
38.9012, 5.076
Particle 2 new velocities: 14.3442, 58.4647
25.1335, 21.4143
Particle 3 new velocities: 25.2224, 47.9081
33.9741, 37.2499
Particle 4 new velocities: 47.8292, 91.6323
39.6467, 54.8887
Particle 5 new velocities: 10.1262, 40.3318
19.9315, 14.6657
Particle 6 new velocities: -0.54042, 40.9965
19.9712, 24.5631
Particle 7 new velocities: 7.77496, 38.4342
25.0397, 21.7445
Particle 8 new velocities: 38.6436, 93.8865
35.4482, 26.6254
Particle 9 new velocities: 13.7923, 48.6347
36.8983, 33.4697
Particle 10 new velocities: 23.5543, 69.7487
38.9769, 47.6788
Particle 11 new velocities: 11.804, 45.0702
20.8003, 16.2858
Particle 12 new velocities: 9.75566, 22.9529
31.854, 20.6817
Particle 13 new velocities: -6.81019, 54.4147
12.6389, 13.9696
Particle 14 new velocities: 70.5554, 95.8477
61.6257, 72.8755
Particle 15 new velocities: 2.94336, 19.0073
14.8684, 17.8736
Particle 16 new velocities: 32.5366, 53.4844
45.2167, 26.307
Particle 17 new velocities: 49.8528, 84.837
53.9767, 24.6965
Particle 18 new velocities: 27.4911, 59.866
34.6576, 31.3192
Particle 19 new velocities: 33.3624, 79.0686
31.7077, 28.7663
Particle 20 new velocities: 25.2857, 97.8506
8.59348, 27.3825
-- ITERATION 14 --
-------------
Particle: 1:
Relays Coordinates:
101.42, 163.611
96.804, 45.6043
Evaluation Time: 1.08097 seconds
Resulting Fitness: 0.155556
-------------
Particle: 2:
Relays Coordinates:
68.6177, 176.824
92.8454, 69.0033
Evaluation Time: 1.08958 seconds
Resulting Fitness: 0.180556
New local best!
-------------
Particle: 3:
Relays Coordinates:
61.9142, 155.39
89.1371, 71.0789
Evaluation Time: 1.08116 seconds
Resulting Fitness: 0.141667
-------------
Particle: 4:
Relays Coordinates:
78.4539, 180.689
73.341, 84.335
Evaluation Time: 1.07711 seconds
Resulting Fitness: 0.161111
New local best!
-------------
Particle: 5:
Relays Coordinates:
68.315, 174.845
92.625, 71.1776
Evaluation Time: 1.09359 seconds
Resulting Fitness: 0.186111
-------------
Particle: 6:
Relays Coordinates:
67.2782, 188.616
67.4711, 72.6266
Evaluation Time: 1.11553 seconds
Resulting Fitness: 0.158333
-------------
Particle: 7:
Relays Coordinates:
79.2079, 156.452
90.1363, 71.996
Evaluation Time: 1.08824 seconds
Resulting Fitness: 0.155556
-------------
Particle: 8:
Relays Coordinates:
70.5209, 164.437
71.2271, 48.2714
Evaluation Time: 1.08174 seconds
Resulting Fitness: 0.116667
-------------
Particle: 9:
Relays Coordinates:
62.8391, 171.351
86.4659, 68.6864
Evaluation Time: 1.1177 seconds
Resulting Fitness: 0.177778
New local best!
-------------
Particle: 10:
Relays Coordinates:
69.8234, 152.853
89.1021, 62.6077
Evaluation Time: 1.14968 seconds
Resulting Fitness: 0.147222
-------------
Particle: 11:
Relays Coordinates:
74.7284, 174.944
85.9465, 60.8503
Evaluation Time: 1.10132 seconds
Resulting Fitness: 0.161111
-------------
Particle: 12:
Relays Coordinates:
67.4811, 159.918
84.5053, 73.8813
Evaluation Time: 1.10302 seconds
Resulting Fitness: 0.144444
-------------
Particle: 13:
Relays Coordinates:
49.7406, 165.202
71.8194, 59.0929
Evaluation Time: 1.08512 seconds
Resulting Fitness: 0.127778
-------------
Particle: 14:
Relays Coordinates:
82.5404, 149.68
87.0752, 68.7025
Evaluation Time: 1.06537 seconds
Resulting Fitness: 0.15
-------------
Particle: 15:
Relays Coordinates:
77.415, 174.427
94.2317, 70.6494
Evaluation Time: 1.08436 seconds
Resulting Fitness: 0.188889
New local best!
-------------
Particle: 16:
Relays Coordinates:
86.0998, 155.444
96.9453, 65.9204
Evaluation Time: 1.08069 seconds
Resulting Fitness: 0.166667
-------------
Particle: 17:
Relays Coordinates:
85.2692, 154.166
101.743, 50.3584
Evaluation Time: 1.11554 seconds
Resulting Fitness: 0.158333
-------------
Particle: 18:
Relays Coordinates:
84.4593, 179.002
97.4299, 63.8402
Evaluation Time: 1.10017 seconds
Resulting Fitness: 0.172222
-------------
Particle: 19:
Relays Coordinates:
63.1976, 164.82
80.7437, 57.539
Evaluation Time: 1.08047 seconds
Resulting Fitness: 0.161111
-------------
Particle: 20:
Relays Coordinates:
53.5385, 168.815
85.4919, 54.5213
Evaluation Time: 1.08901 seconds
Resulting Fitness: 0.147222
Current global best fitness: 0.188889
Current global best relays: 74.2133, 175.526
94.4204, 73.2079
Particle 1 new velocities: 43.3221, 85.6988
26.7103, 32.5418
Particle 2 new velocities: 16.1759, 46.3941
20.1369, 22.5133
Particle 3 new velocities: 25.5144, 47.2787
35.3468, 27.4943
Particle 4 new velocities: 33.6667, 72.3495
46.7814, 43.4764
Particle 5 new velocities: 21.7278, 33.2902
18.926, 14.9649
Particle 6 new velocities: 4.931, 15.7307
21.6193, 6.19115
Particle 7 new velocities: 40.0104, 51.8539
22.6619, 25.1022
Particle 8 new velocities: 34.2865, 85.2503
44.5863, 56.7979
Particle 9 new velocities: 20.1635, 40.9965
35.0575, 32.539
Particle 10 new velocities: 45.1616, 72.2405
49.8655, 49.1869
Particle 11 new velocities: 14.118, 31.6329
24.706, 16.4693
Particle 12 new velocities: 19.1304, 59.5941
27.4389, 7.44146
Particle 13 new velocities: 8.48986, 59.1322
50.1419, 32.0751
Particle 14 new velocities: 61.1702, 118.583
66.8481, 59.3372
Particle 15 new velocities: -1.21483, 15.6391
11.9969, 17.3617
Particle 16 new velocities: 25.7596, 82.9963
36.9541, 19.1768
Particle 17 new velocities: 31.1562, 68.172
50.2622, 26.6447
Particle 18 new velocities: 12.4247, 43.1829
17.2338, 25.7433
Particle 19 new velocities: 36.6544, 78.3879
34.863, 42.9492
Particle 20 new velocities: 14.7405, 75.4751
12.7839, 12.7177
-- ITERATION 15 --
-------------
Particle: 1:
Relays Coordinates:
94.965, 163.572
81.0377, 51.2716
Evaluation Time: 1.10823 seconds
Resulting Fitness: 0.161111
-------------
Particle: 2:
Relays Coordinates:
68.6828, 180.807
91.5157, 74.1284
Evaluation Time: 1.08749 seconds
Resulting Fitness: 0.166667
-------------
Particle: 3:
Relays Coordinates:
63.7354, 147.746
90.7488, 71.8598
Evaluation Time: 1.10385 seconds
Resulting Fitness: 0.144444
-------------
Particle: 4:
Relays Coordinates:
73.5623, 166.018
78.8123, 83.857
Evaluation Time: 1.15159 seconds
Resulting Fitness: 0.119444
-------------
Particle: 5:
Relays Coordinates:
72.9346, 168.589
90.3563, 69.7754
Evaluation Time: 1.14157 seconds
Resulting Fitness: 0.166667
-------------
Particle: 6:
Relays Coordinates:
64.9883, 183.912
80.1814, 70.936
Evaluation Time: 1.17946 seconds
Resulting Fitness: 0.166667
New local best!
-------------
Particle: 7:
Relays Coordinates:
86.9101, 151.855
82.2299, 70.7846
Evaluation Time: 1.17117 seconds
Resulting Fitness: 0.155556
-------------
Particle: 8:
Relays Coordinates:
76.4046, 182.022
84.428, 76.5955
Evaluation Time: 1.07369 seconds
Resulting Fitness: 0.161111
-------------
Particle: 9:
Relays Coordinates:
60.5089, 154.801
88.5906, 73.7933
Evaluation Time: 1.06915 seconds
Resulting Fitness: 0.144444
-------------
Particle: 10:
Relays Coordinates:
75.4417, 147.684
91.1766, 73.3485
Evaluation Time: 1.05615 seconds
Resulting Fitness: 0.130556
-------------
Particle: 11:
Relays Coordinates:
71.9656, 167.327
89.6286, 62.6289
Evaluation Time: 1.07594 seconds
Resulting Fitness: 0.166667
-------------
Particle: 12:
Relays Coordinates:
70.1553, 177.805
90.6748, 65.8714
Evaluation Time: 1.10603 seconds
Resulting Fitness: 0.161111
-------------
Particle: 13:
Relays Coordinates:
42.45, 163.539
88.9098, 66.4615
Evaluation Time: 1.08723 seconds
Resulting Fitness: 0.163889
-------------
Particle: 14:
Relays Coordinates:
84.8597, 158.407
90.8901, 75.6061
Evaluation Time: 1.15877 seconds
Resulting Fitness: 0.158333
-------------
Particle: 15:
Relays Coordinates:
61.7222, 153.953
86.0451, 71.289
Evaluation Time: 1.11563 seconds
Resulting Fitness: 0.141667
-------------
Particle: 16:
Relays Coordinates:
81.5455, 173.823
97.6126, 62.0359
Evaluation Time: 1.06265 seconds
Resulting Fitness: 0.175
New local best!
-------------
Particle: 17:
Relays Coordinates:
76.3867, 145.876
99.7309, 50.5217
Evaluation Time: 1.12505 seconds
Resulting Fitness: 0.133333
-------------
Particle: 18:
Relays Coordinates:
78.4761, 179.97
92.8775, 72.5627
Evaluation Time: 1.19174 seconds
Resulting Fitness: 0.177778
New local best!
-------------
Particle: 19:
Relays Coordinates:
72.7921, 177.299
84.2773, 73.2559
Evaluation Time: 1.08267 seconds
Resulting Fitness: 0.161111
-------------
Particle: 20:
Relays Coordinates:
44.7978, 160.278
64.4787, 44.1155
Evaluation Time: 1.05947 seconds
Resulting Fitness: 0.105556
Current global best fitness: 0.188889
Current global best relays: 74.2133, 175.526
94.4204, 73.2079
Particle 1 new velocities: 58.2224, 67.1504
51.5719, 48.9066
Particle 2 new velocities: 14.8582, 28.0925
19.9769, 14.5516
Particle 3 new velocities: 26.81, 95.9678
32.0583, 22.0422
Particle 4 new velocities: 28.3828, 64.6723
41.1275, 33.659
Particle 5 new velocities: 18.0016, 29.6854
22.9743, 14.5954
Particle 6 new velocities: 9.96694, 9.25438
21.7049, 6.66213
Particle 7 new velocities: 31.9444, 56.7746
25.629, 23.994
Particle 8 new velocities: 26.0957, 52.3034
48.3148, 23.1638
Particle 9 new velocities: 21.3468, 59.3449
33.6066, 18.4892
Particle 10 new velocities: 41.5433, 89.8297
64.9797, 31.8999
Particle 11 new velocities: 12.8146, 35.3181
20.8795, 10.7975
Particle 12 new velocities: 21.5557, 46.3759
12.5548, 7.3393
Particle 13 new velocities: 78.4386, 74.2045
41.1428, 34.3002
Particle 14 new velocities: 37.6823, 137.306
57.678, 35.6348
Particle 15 new velocities: 4.36757, 44.1256
20.2518, 14.1557
Particle 16 new velocities: 14.6645, 67.4847
28.6198, 20.5968
Particle 17 new velocities: 24.6523, 62.9275
35.9974, 22.5323
Particle 18 new velocities: 5.20833, 34.0398
14.0599, 20.7619
Particle 19 new velocities: 27.9028, 57.402
40.9272, 27.8704
Particle 20 new velocities: 30.5935, 56.6819
70.8144, 34.5764
-- ITERATION 16 --
-------------
Particle: 1:
Relays Coordinates:
100.506, 151.377
87.0051, 65.727
Evaluation Time: 1.06377 seconds
Resulting Fitness: 0.147222
-------------
Particle: 2:
Relays Coordinates:
67.6682, 169.208
90.309, 71.8308
Evaluation Time: 1.10007 seconds
Resulting Fitness: 0.177778
-------------
Particle: 3:
Relays Coordinates:
66.0076, 177.667
89.5263, 68.4546
Evaluation Time: 1.09959 seconds
Resulting Fitness: 0.155556
-------------
Particle: 4:
Relays Coordinates:
66.8861, 151.356
78.6925, 77.1023
Evaluation Time: 1.05619 seconds
Resulting Fitness: 0.111111
-------------
Particle: 5:
Relays Coordinates:
73.6584, 160.603
91.7978, 68.3404
Evaluation Time: 1.09464 seconds
Resulting Fitness: 0.15
-------------
Particle: 6:
Relays Coordinates:
67.4597, 173.85
91.6977, 69.8383
Evaluation Time: 1.10276 seconds
Resulting Fitness: 0.186111
New local best!
-------------
Particle: 7:
Relays Coordinates:
96.2721, 168.99
87.3657, 76.7707
Evaluation Time: 1.07223 seconds
Resulting Fitness: 0.161111
New local best!
-------------
Particle: 8:
Relays Coordinates:
67.2505, 153.741
87.0925, 65.4521
Evaluation Time: 1.06501 seconds
Resulting Fitness: 0.147222
-------------
Particle: 9:
Relays Coordinates:
59.6728, 156.112
89.0817, 67.274
Evaluation Time: 1.1048 seconds
Resulting Fitness: 0.144444
-------------
Particle: 10:
Relays Coordinates:
69.0785, 140.249
92.2087, 62.1481
Evaluation Time: 1.0664 seconds
Resulting Fitness: 0.133333
-------------
Particle: 11:
Relays Coordinates:
76.3022, 182.381
99.4572, 66.0838
Evaluation Time: 1.12807 seconds
Resulting Fitness: 0.175
-------------
Particle: 12:
Relays Coordinates:
66.8573, 163.428
75.2544, 53.3706
Evaluation Time: 1.0888 seconds
Resulting Fitness: 0.138889
-------------
Particle: 13:
Relays Coordinates:
88.1278, 173.315
94.8083, 73.4553
Evaluation Time: 1.10189 seconds
Resulting Fitness: 0.175
-------------
Particle: 14:
Relays Coordinates:
72.3598, 174.616
87.728, 65.6866
Evaluation Time: 1.12355 seconds
Resulting Fitness: 0.180556
New local best!
-------------
Particle: 15:
Relays Coordinates:
53.5327, 160.444
86.1005, 69.2102
Evaluation Time: 1.07812 seconds
Resulting Fitness: 0.15
-------------
Particle: 16:
Relays Coordinates:
70.1371, 175.913
92.0234, 60.2392
Evaluation Time: 1.08605 seconds
Resulting Fitness: 0.175
-------------
Particle: 17:
Relays Coordinates:
73.6575, 152.218
98.9459, 53.2564
Evaluation Time: 1.06005 seconds
Resulting Fitness: 0.136111
-------------
Particle: 18:
Relays Coordinates:
67.7843, 173.348
86.6194, 75.5929
Evaluation Time: 1.112 seconds
Resulting Fitness: 0.191667
New local best!
New global best!
-------------
Particle: 19:
Relays Coordinates:
73.4066, 171.097
91.2741, 73.721
Evaluation Time: 1.14835 seconds
Resulting Fitness: 0.172222
-------------
Particle: 20:
Relays Coordinates:
54.9603, 158.164
98.6287, 57.3664
Evaluation Time: 1.08498 seconds
Resulting Fitness: 0.144444
Current global best fitness: 0.191667
Current global best relays: 67.7843, 173.348
86.6194, 75.5929
Particle 1 new velocities: 31.8636, 73.0069
43.2024, 25.0243
Particle 2 new velocities: 12.6009, 27.3767
14.6051, 11.6966
Particle 3 new velocities: 14.7196, 68.0573
26.0329, 20.8579
Particle 4 new velocities: 28.9177, 99.8147
30.9772, 30.2291
Particle 5 new velocities: 13.1913, 63.5538
15.9071, 14.7397
Particle 6 new velocities: 8.18229, 6.81665
16.2962, 5.57024
Particle 7 new velocities: -5.15842, 45.665
20.3059, 18.3772
Particle 8 new velocities: 27.0579, 60.3485
36.2808, 22.6149
Particle 9 new velocities: 30.1006, 73.9909
23.7106, 16.5131
Particle 10 new velocities: 35.6665, 103.364
51.4381, 17.6345
Particle 11 new velocities: 5.7123, 17.3083
-2.3471, 13.2073
Particle 12 new velocities: 28.2456, 48.4864
17.9161, 43.3371
Particle 13 new velocities: 38.823, 58.8718
28.5253, 22.972
Particle 14 new velocities: 28.6652, 108.423
44.7805, 30.4113
Particle 15 new velocities: 39.8306, 47.6177
27.5889, 17.6952
Particle 16 new velocities: 18.5394, 48.0132
29.7264, 26.775
Particle 17 new velocities: 40.0741, 59.9598
26.1886, 27.7083
Particle 18 new velocities: 4.16666, 27.2318
11.2479, 16.6095
Particle 19 new velocities: 6.43393, 47.6526
27.5174, 0.78249
Particle 20 new velocities: 33.1874, 58.1102
27.0368, 24.0956
-- ITERATION 17 --
-------------
Particle: 1:
Relays Coordinates:
96.4976, 163.576
94.9213, 66.1577
Evaluation Time: 1.12115 seconds
Resulting Fitness: 0.163889
-------------
Particle: 2:
Relays Coordinates:
65.0179, 159.234
84.9804, 67.6572
Evaluation Time: 1.04908 seconds
Resulting Fitness: 0.144444
-------------
Particle: 3:
Relays Coordinates:
58.8502, 179.133
84.2427, 65.1088
Evaluation Time: 1.06794 seconds
Resulting Fitness: 0.141667
-------------
Particle: 4:
Relays Coordinates:
69.841, 183.104
79.9492, 78.2446
Evaluation Time: 1.14639 seconds
Resulting Fitness: 0.161111
-------------
Particle: 5:
Relays Coordinates:
70.3482, 181.567
87.241, 67.2949
Evaluation Time: 1.08112 seconds
Resulting Fitness: 0.163889
-------------
Particle: 6:
Relays Coordinates:
68.0778, 162.6
97.1945, 67.8677
Evaluation Time: 1.06559 seconds
Resulting Fitness: 0.144444
-------------
Particle: 7:
Relays Coordinates:
73.8021, 173.87
87.214, 77.0698
Evaluation Time: 1.15452 seconds
Resulting Fitness: 0.175
New local best!
-------------
Particle: 8:
Relays Coordinates:
68.7508, 156.071
89.9392, 64.2008
Evaluation Time: 1.12187 seconds
Resulting Fitness: 0.147222
-------------
Particle: 9:
Relays Coordinates:
72.7165, 186.384
91.3618, 67.8675
Evaluation Time: 1.07681 seconds
Resulting Fitness: 0.172222
-------------
Particle: 10:
Relays Coordinates:
68.7232, 159.835
94.2467, 52.3454
Evaluation Time: 1.12156 seconds
Resulting Fitness: 0.141667
-------------
Particle: 11:
Relays Coordinates:
73.813, 179.72
87.3991, 71.362
Evaluation Time: 1.1105 seconds
Resulting Fitness: 0.163889
-------------
Particle: 12:
Relays Coordinates:
77.0334, 171.65
75.4681, 78.3332
Evaluation Time: 1.07067 seconds
Resulting Fitness: 0.127778
-------------
Particle: 13:
Relays Coordinates:
92.5471, 169.264
89.9102, 70.2955
Evaluation Time: 1.12055 seconds
Resulting Fitness: 0.163889
-------------
Particle: 14:
Relays Coordinates:
59.6542, 167.131
78.2449, 56.7449
Evaluation Time: 1.0893 seconds
Resulting Fitness: 0.15
-------------
Particle: 15:
Relays Coordinates:
75.6243, 168.53
92.0884, 70.3934
Evaluation Time: 1.115 seconds
Resulting Fitness: 0.161111
-------------
Particle: 16:
Relays Coordinates:
64.6451, 163.242
88.7556, 63.4334
Evaluation Time: 1.12198 seconds
Resulting Fitness: 0.147222
-------------
Particle: 17:
Relays Coordinates:
82.9103, 154.677
91.223, 59.0233
Evaluation Time: 1.11179 seconds
Resulting Fitness: 0.155556
-------------
Particle: 18:
Relays Coordinates:
58.2803, 162.469
79.2725, 74.684
Evaluation Time: 1.10813 seconds
Resulting Fitness: 0.122222
-------------
Particle: 19:
Relays Coordinates:
58.2037, 159.468
86.599, 54.3131
Evaluation Time: 1.10854 seconds
Resulting Fitness: 0.141667
-------------
Particle: 20:
Relays Coordinates:
64.2596, 157.664
91.6102, 59.3858
Evaluation Time: 1.10713 seconds
Resulting Fitness: 0.147222
Current global best fitness: 0.191667
Current global best relays: 67.7843, 173.348
86.6194, 75.5929
Particle 1 new velocities: 52.2361, 59.7852
26.9732, 4.22414
Particle 2 new velocities: 17.8463, 31.4669
17.7805, 12.3861
Particle 3 new velocities: 23.7298, 41.981
31.1842, 17.4469
Particle 4 new velocities: 30.5186, 75.9208
19.5977, 28.0075
Particle 5 new velocities: 9.5058, 41.2915
21.9045, 14.3884
Particle 6 new velocities: 5.47522, 18.7742
8.82033, 9.78145
Particle 7 new velocities: -5.19401, 36.4778
16.178, 12.8133
Particle 8 new velocities: 22.5693, 51.0032
26.6306, 25.163
Particle 9 new velocities: 6.05183, 24.555
11.9376, 23.3297
Particle 10 new velocities: 28.5096, 94.1287
45.7503, 23.8684
Particle 11 new velocities: 4.56799, -0.175921
-6.0243, 13.9909
Particle 12 new velocities: 8.44483, 41.3798
23.5093, 32.0507
Particle 13 new velocities: -6.71505, 51.9414
18.4978, 15.114
Particle 14 new velocities: 40.5671, 95.7596
41.9211, 46.8124
Particle 15 new velocities: 28.3101, 48.439
22.7765, 19.557
Particle 16 new velocities: 22.2885, 54.2815
29.5933, 20.8518
Particle 17 new velocities: 24.4128, 52.4892
25.1384, 21.2165
Particle 18 new velocities: 18.6717, 38.7583
23.1569, 15.1196
Particle 19 new velocities: 21.5698, 47.6193
25.8341, 11.3955
Particle 20 new velocities: 15.8494, 58.8806
11.0479, 21.2116
-- ITERATION 18 --
-------------
Particle: 1:
Relays Coordinates:
108.427, 162.83
88.8611, 51.3083
Evaluation Time: 1.16427 seconds
Resulting Fitness: 0.161111
-------------
Particle: 2:
Relays Coordinates:
74.5778, 171.631
92.4848, 72.039
Evaluation Time: 1.17082 seconds
Resulting Fitness: 0.172222
-------------
Particle: 3:
Relays Coordinates:
66.8898, 179.102
93.4958, 66.8702
Evaluation Time: 1.08572 seconds
Resulting Fitness: 0.155556
-------------
Particle: 4:
Relays Coordinates:
73.1621, 188.829
72.5697, 77.4578
Evaluation Time: 1.15716 seconds
Resulting Fitness: 0.169444
New local best!
-------------
Particle: 5:
Relays Coordinates:
64.6818, 180.515
88.4078, 66.1634
Evaluation Time: 1.1183 seconds
Resulting Fitness: 0.15
-------------
Particle: 6:
Relays Coordinates:
66.1977, 163.237
95.4134, 69.8842
Evaluation Time: 1.09786 seconds
Resulting Fitness: 0.144444
-------------
Particle: 7:
Relays Coordinates:
55.5726, 170.382
83.7475, 72.8053
Evaluation Time: 1.07931 seconds
Resulting Fitness: 0.166667
-------------
Particle: 8:
Relays Coordinates:
73.9693, 167.73
94.4215, 72.3847
Evaluation Time: 1.1207 seconds
Resulting Fitness: 0.161111
-------------
Particle: 9:
Relays Coordinates:
63.8023, 170.86
83.6725, 73.8698
Evaluation Time: 1.09689 seconds
Resulting Fitness: 0.177778
-------------
Particle: 10:
Relays Coordinates:
63.7944, 166.625
91.852, 50.0039
Evaluation Time: 1.08295 seconds
Resulting Fitness: 0.147222
-------------
Particle: 11:
Relays Coordinates:
78.381, 179.544
81.3748, 85.3528
Evaluation Time: 1.0982 seconds
Resulting Fitness: 0.158333
-------------
Particle: 12:
Relays Coordinates:
62.3136, 155.299
72.1545, 80.4699
Evaluation Time: 1.05983 seconds
Resulting Fitness: 0.102778
-------------
Particle: 13:
Relays Coordinates:
69.524, 179.177
87.8105, 69.1817
Evaluation Time: 1.09296 seconds
Resulting Fitness: 0.166667
-------------
Particle: 14:
Relays Coordinates:
73.0614, 191.647
87.601, 75.4932
Evaluation Time: 1.10065 seconds
Resulting Fitness: 0.161111
-------------
Particle: 15:
Relays Coordinates:
84.1869, 175.745
93.0406, 72.8598
Evaluation Time: 1.11458 seconds
Resulting Fitness: 0.180556
-------------
Particle: 16:
Relays Coordinates:
70.4162, 176.194
95.8626, 68.271
Evaluation Time: 1.1163 seconds
Resulting Fitness: 0.188889
New local best!
-------------
Particle: 17:
Relays Coordinates:
86.9317, 167.805
94.2527, 64.9943
Evaluation Time: 1.08871 seconds
Resulting Fitness: 0.163889
-------------
Particle: 18:
Relays Coordinates:
62.3311, 162.994
82.9678, 72.7409
Evaluation Time: 1.07997 seconds
Resulting Fitness: 0.141667
-------------
Particle: 19:
Relays Coordinates:
64.6166, 167.741
91.0708, 53.2239
Evaluation Time: 1.06871 seconds
Resulting Fitness: 0.163889
-------------
Particle: 20:
Relays Coordinates:
64.8883, 175.401
83.153, 65.2839
Evaluation Time: 1.12142 seconds
Resulting Fitness: 0.172222
New local best!
Current global best fitness: 0.191667
Current global best relays: 67.7843, 173.348
86.6194, 75.5929
Particle 1 new velocities: 39.7278, 44.1867
22.3541, 15.7005
Particle 2 new velocities: 7.33845, 27.1768
11.3226, 7.66103
Particle 3 new velocities: 14.9656, 13.7742
20.1578, 18.7479
Particle 4 new velocities: 18.407, 50.2756
32.0485, 21.2939
Particle 5 new velocities: 24.4554, 23.6494
20.2524, 24.9988
Particle 6 new velocities: 5.35658, 21.7111
-6.86991, 10.3622
Particle 7 new velocities: 28.0918, 34.9247
14.1179, 15.0645
Particle 8 new velocities: 8.85175, 52.9477
8.83051, 13.0855
Particle 9 new velocities: 6.65235, 20.3144
11.2181, 16.6115
Particle 10 new velocities: 54.8461, 79.9243
38.2792, 47.5225
Particle 11 new velocities: -3.09213, -5.90218
-1.51218, -19.0517
Particle 12 new velocities: 23.8501, 57.7456
38.0407, 16.5919
Particle 13 new velocities: -5.40251, 25.9568
12.2841, 13.4342
Particle 14 new velocities: 25.2932, 59.8618
33.1161, 29.2407
Particle 15 new velocities: 10.4301, 35.2438
12.8834, 15.7812
Particle 16 new velocities: 15.1344, 41.4479
23.2959, 25.3683
Particle 17 new velocities: 13.076, 21.2939
13.7297, 6.63185
Particle 18 new velocities: 26.2882, 55.9792
21.722, 16.7508
Particle 19 new velocities: 16.1444, 40.2486
18.2861, 30.6576
Particle 20 new velocities: 13.5035, 46.7539
11.3271, 20.4379
-- ITERATION 19 --
-------------
Particle: 1:
Relays Coordinates:
120.005, 167.684
90.0843, 54.2772
Evaluation Time: 1.12737 seconds
Resulting Fitness: 0.161111
-------------
Particle: 2:
Relays Coordinates:
73.7246, 178.927
93.4267, 71.73
Evaluation Time: 1.30439 seconds
Resulting Fitness: 0.180556
-------------
Particle: 3:
Relays Coordinates:
66.3028, 156.23
92.0594, 69.3506
Evaluation Time: 1.09321 seconds
Resulting Fitness: 0.147222
-------------
Particle: 4:
Relays Coordinates:
74.171, 193.675
84.7407, 79.9889
Evaluation Time: 1.12969 seconds
Resulting Fitness: 0.161111
-------------
Particle: 5:
Relays Coordinates:
72.2011, 165.373
88.0148, 73.8414
Evaluation Time: 1.11302 seconds
Resulting Fitness: 0.158333
-------------
Particle: 6:
Relays Coordinates:
71.5543, 184.948
88.5434, 80.2465
Evaluation Time: 1.12757 seconds
Resulting Fitness: 0.166667
-------------
Particle: 7:
Relays Coordinates:
75.298, 184.776
88.0789, 79.0828
Evaluation Time: 1.12066 seconds
Resulting Fitness: 0.161111
-------------
Particle: 8:
Relays Coordinates:
67.0851, 178.749
83.6341, 69.2309
Evaluation Time: 1.10572 seconds
Resulting Fitness: 0.158333
-------------
Particle: 9:
Relays Coordinates:
63.4092, 172.057
85.4016, 81.4331
Evaluation Time: 1.11455 seconds
Resulting Fitness: 0.138889
-------------
Particle: 10:
Relays Coordinates:
86.489, 179.735
94.8657, 71.0968
Evaluation Time: 1.21698 seconds
Resulting Fitness: 0.161111
-------------
Particle: 11:
Relays Coordinates:
75.2889, 173.642
79.8626, 66.3011
Evaluation Time: 1.10437 seconds
Resulting Fitness: 0.163889
-------------
Particle: 12:
Relays Coordinates:
69.7926, 172.566
89.2581, 78.62
Evaluation Time: 1.10867 seconds
Resulting Fitness: 0.158333
-------------
Particle: 13:
Relays Coordinates:
57.7093, 184.62
90.0851, 74.3543
Evaluation Time: 1.10609 seconds
Resulting Fitness: 0.158333
-------------
Particle: 14:
Relays Coordinates:
71.7005, 183.35
88.0028, 76.351
Evaluation Time: 1.0897 seconds
Resulting Fitness: 0.161111
-------------
Particle: 15:
Relays Coordinates:
76.6397, 170.901
85.7984, 71.7993
Evaluation Time: 1.10187 seconds
Resulting Fitness: 0.163889
-------------
Particle: 16:
Relays Coordinates:
62.3664, 158.661
86.8665, 68.2631
Evaluation Time: 1.0835 seconds
Resulting Fitness: 0.147222
-------------
Particle: 17:
Relays Coordinates:
90.007, 170.189
97.1842, 64.4635
Evaluation Time: 1.08664 seconds
Resulting Fitness: 0.166667
-------------
Particle: 18:
Relays Coordinates:
71.7816, 177.369
84.7987, 72.4883
Evaluation Time: 1.12035 seconds
Resulting Fitness: 0.161111
-------------
Particle: 19:
Relays Coordinates:
65.4164, 168.472
88.5791, 67.9441
Evaluation Time: 1.07275 seconds
Resulting Fitness: 0.161111
-------------
Particle: 20:
Relays Coordinates:
63.4974, 179.946
76.5289, 69.4346
Evaluation Time: 1.07486 seconds
Resulting Fitness: 0.147222
Current global best fitness: 0.191667
Current global best relays: 67.7843, 173.348
86.6194, 75.5929
Particle 1 new velocities: -22.4525, 35.9475
19.8052, 25.417
Particle 2 new velocities: -0.950357, 17.7824
4.07545, 6.72617
Particle 3 new velocities: 12.9166, 40.9028
14.3737, 15.9991
Particle 4 new velocities: 5.86408, 31.0314
22.7249, 14.7685
Particle 5 new velocities: 21.7864, 27.4447
24.6916, 20.1934
Particle 6 new velocities: -0.899526, -7.38326
-5.09658, -7.93981
Particle 7 new velocities: 12.8047, 17.6763
8.40416, 10.064
Particle 8 new velocities: 15.2274, 31.6788
9.53292, 4.54784
Particle 9 new velocities: 6.23099, 16.2861
12.1086, -5.5818
Particle 10 new velocities: 20.4777, 47.7272
32.6977, 24.2332
Particle 11 new velocities: 5.05031, -5.77023
8.07066, -13.6545
Particle 12 new velocities: 18.8443, 48.8251
21.2952, 1.83487
Particle 13 new velocities: 22.2167, 4.2639
7.1526, 2.88358
Particle 14 new velocities: 18.3732, 43.5525
25.2744, 20.884
Particle 15 new velocities: -0.573421, 35.6464
22.32, 14.7069
Particle 16 new velocities: 19.1068, 62.3779
20.9559, 21.3844
Particle 17 new velocities: 5.73362, 14.5677
26.4195, 8.88308
Particle 18 new velocities: 19.0959, 36.3588
22.68, 14.1732
Particle 19 new velocities: 12.2453, 38.5196
15.096, 25.8945
Particle 20 new velocities: 14.0845, 31.3933
17.9643, 15.0367
-- ITERATION 20 --
-------------
Particle: 1:
Relays Coordinates:
79.0178, 164.941
89.0105, 64.5522
Evaluation Time: 1.07738 seconds
Resulting Fitness: 0.163889
-------------
Particle: 2:
Relays Coordinates:
65.4968, 177.038
87.7519, 70.6105
Evaluation Time: 1.10103 seconds
Resulting Fitness: 0.147222
-------------
Particle: 3:
Relays Coordinates:
64.1677, 159.678
86.2109, 69.1333
Evaluation Time: 1.08736 seconds
Resulting Fitness: 0.141667
-------------
Particle: 4:
Relays Coordinates:
64.8284, 182.012
87.0472, 76.7535
Evaluation Time: 1.11024 seconds
Resulting Fitness: 0.172222
New local best!
-------------
Particle: 5:
Relays Coordinates:
76.1298, 156.183
91.2922, 76.1682
Evaluation Time: 1.12625 seconds
Resulting Fitness: 0.141667
-------------
Particle: 6:
Relays Coordinates:
70.6548, 177.565
83.4469, 72.3066
Evaluation Time: 1.11015 seconds
Resulting Fitness: 0.161111
-------------
Particle: 7:
Relays Coordinates:
79.2924, 182.207
86.8347, 80.2322
Evaluation Time: 1.12951 seconds
Resulting Fitness: 0.158333
-------------
Particle: 8:
Relays Coordinates:
66.6731, 170.447
75.4653, 59.7607
Evaluation Time: 1.11251 seconds
Resulting Fitness: 0.169444
-------------
Particle: 9:
Relays Coordinates:
62.6762, 169.509
87.7591, 68.2662
Evaluation Time: 1.11323 seconds
Resulting Fitness: 0.163889
-------------
Particle: 10:
Relays Coordinates:
77.9787, 165.82
92.9937, 69.4955
Evaluation Time: 1.11587 seconds
Resulting Fitness: 0.158333
-------------
Particle: 11:
Relays Coordinates:
80.3392, 167.872
87.9333, 52.6466
Evaluation Time: 1.12217 seconds
Resulting Fitness: 0.163889
-------------
Particle: 12:
Relays Coordinates:
71.7959, 179.327
89.5482, 65.1684
Evaluation Time: 1.07164 seconds
Resulting Fitness: 0.163889
-------------
Particle: 13:
Relays Coordinates:
71.9334, 169.996
87.514, 69.5141
Evaluation Time: 1.07271 seconds
Resulting Fitness: 0.172222
-------------
Particle: 14:
Relays Coordinates:
65.6637, 165.412
82.579, 70.8843
Evaluation Time: 1.07313 seconds
Resulting Fitness: 0.147222
-------------
Particle: 15:
Relays Coordinates:
61.6137, 167.303
87.5759, 70.07
Evaluation Time: 1.09011 seconds
Resulting Fitness: 0.161111
-------------
Particle: 16:
Relays Coordinates:
65.9933, 179.042
87.3362, 72.6145
Evaluation Time: 1.093 seconds
Resulting Fitness: 0.155556
-------------
Particle: 17:
Relays Coordinates:
77.5499, 149.653
100.119, 59.4107
Evaluation Time: 1.07185 seconds
Resulting Fitness: 0.122222
-------------
Particle: 18:
Relays Coordinates:
73.6108, 173.119
87.0577, 70.1958
Evaluation Time: 1.12574 seconds
Resulting Fitness: 0.180556
-------------
Particle: 19:
Relays Coordinates:
62.9059, 167.663
83.9768, 76.0092
Evaluation Time: 1.0932 seconds
Resulting Fitness: 0.138889
-------------
Particle: 20:
Relays Coordinates:
69.8237, 190.205
85.0438, 76.0242
Evaluation Time: 1.11102 seconds
Resulting Fitness: 0.158333
Final Evaluation Time: 454.439 seconds
Final global best fitness: 0.191667
Final global best relays:
67.7843, 173.348
86.6194, 75.5929
