PSO EXECUTION
============================
Seed: 60466
Particles: 20
Relays: 2
Iterations: 20
Backend: Simulation
Network Configuration: 5
Area: 500 x 500
Sink: 0, 0
Simulated Relay range: 120
w: 0.8
c1: 1.7
c2: 1.3

Relay Nodes Positions: 
PARTICLE 1: 
83.2881, 61.3054
167.203, 56.2918
PARTICLE 2: 
33.564, 59.6602
36.9362, 13.9183
PARTICLE 3: 
56.173, 39.0858
160.212, 81.3786
PARTICLE 4: 
84.5814, 173.494
5.6119, 106.852
PARTICLE 5: 
85.4404, 8.73189
23.1407, 29.3674
PARTICLE 6: 
74.7516, 134.374
5.20446, 57.9159
PARTICLE 7: 
158.862, 23.2795
58.9798, 80.9814
PARTICLE 8: 
59.033, 74.2977
109.743, 84.4106
PARTICLE 9: 
49.5531, 9.23078
113.445, 69.354
PARTICLE 10: 
40.1979, 79.9504
56.4785, 26.6308
PARTICLE 11: 
44.1833, 96.0172
16.5181, 115.496
PARTICLE 12: 
134.133, 31.3555
39.7784, 75.6452
PARTICLE 13: 
95.9821, 31.6506
94.5232, 27.2759
PARTICLE 14: 
9.45285, 119.896
81.6036, 37.8468
PARTICLE 15: 
92.9018, 105.88
101.654, 35.3079
PARTICLE 16: 
45.557, 69.1677
59.0578, 20.6526
PARTICLE 17: 
76.3574, 117.292
65.5481, 6.74281
PARTICLE 18: 
9.30605, 172.496
25.5549, 60.7651
PARTICLE 19: 
85.3859, 77.3214
156.812, 77.1
PARTICLE 20: 
85.663, 73.8878
96.9184, 24.774
Nodes Positions: 
374.958, 121.316
169.861, 151.834
447.01, 106.719
410.154, 459.155
432.013, 409.717
107.249, 337.841
69.2731, 176.343
204.331, 497.887
308.519, 381.771
185.208, 169.918
275.29, 236.212
417.541, 397.022
146.337, 215.42
211.455, 330.931
237.372, 206.021
119.39, 23.6194
25.5562, 310.195
354.081, 293.04
319.272, 441.705
88.0478, 342.697
2.75475, 196.712
334.14, 467.279
393.981, 84.2529
484.251, 25.441
346.13, 15.2546
306.142, 423.634
297.715, 220.242
23.3371, 247.774
287.141, 141.059
46.5149, 76.5776
366.436, 255.198
463.609, 324.979
331.547, 36.8282
260.56, 230.979
403.374, 74.9644
77.3548, 190.588
226.764, 490.919
469.801, 389.725
95.4315, 362.13
477.01, 94.3954
62.2139, 480.314
438.716, 7.72028
223.575, 278.582
384.204, 438.808
163.54, 48.8027
383.03, 456.228
497.484, 163.339
455.645, 131.766
181.458, 307.221
57.9362, 259.301
254.357, 354.649
39.642, 270.42
10.5347, 145.122
112.586, 51.08
268.896, 429.989
129.832, 403.164
196.766, 64.0186
150.834, 374.383
249.714, 288.938
135.861, 109.952
All particles start with velocity zero
-- ITERATION 0 --
-------------
Particle: 1:
Relays Coordinates:
83.2881, 61.3054
167.203, 56.2918
Evaluation Time: 1.07256 seconds
Resulting Fitness: 0.175
New local best!
New global best!
-------------
Particle: 2:
Relays Coordinates:
33.564, 59.6602
36.9362, 13.9183
Evaluation Time: 0.983362 seconds
Resulting Fitness: 0.108333
New local best!
-------------
Particle: 3:
Relays Coordinates:
56.173, 39.0858
160.212, 81.3786
Evaluation Time: 1.04983 seconds
Resulting Fitness: 0.152778
New local best!
-------------
Particle: 4:
Relays Coordinates:
84.5814, 173.494
5.6119, 106.852
Evaluation Time: 1.0821 seconds
Resulting Fitness: 0.233333
New local best!
New global best!
-------------
Particle: 5:
Relays Coordinates:
85.4404, 8.73189
23.1407, 29.3674
Evaluation Time: 0.954901 seconds
Resulting Fitness: 0.116667
New local best!
-------------
Particle: 6:
Relays Coordinates:
74.7516, 134.374
5.20446, 57.9159
Evaluation Time: 1.11844 seconds
Resulting Fitness: 0.211111
New local best!
-------------
Particle: 7:
Relays Coordinates:
158.862, 23.2795
58.9798, 80.9814
Evaluation Time: 1.01069 seconds
Resulting Fitness: 0.166667
New local best!
-------------
Particle: 8:
Relays Coordinates:
59.033, 74.2977
109.743, 84.4106
Evaluation Time: 1.12124 seconds
Resulting Fitness: 0.180556
New local best!
-------------
Particle: 9:
Relays Coordinates:
49.5531, 9.23078
113.445, 69.354
Evaluation Time: 1.02651 seconds
Resulting Fitness: 0.169444
New local best!
-------------
Particle: 10:
Relays Coordinates:
40.1979, 79.9504
56.4785, 26.6308
Evaluation Time: 1.00257 seconds
Resulting Fitness: 0.15
New local best!
-------------
Particle: 11:
Relays Coordinates:
44.1833, 96.0172
16.5181, 115.496
Evaluation Time: 1.00193 seconds
Resulting Fitness: 0.141667
New local best!
-------------
Particle: 12:
Relays Coordinates:
134.133, 31.3555
39.7784, 75.6452
Evaluation Time: 1.04712 seconds
Resulting Fitness: 0.180556
New local best!
-------------
Particle: 13:
Relays Coordinates:
95.9821, 31.6506
94.5232, 27.2759
Evaluation Time: 0.968291 seconds
Resulting Fitness: 0.1
New local best!
-------------
Particle: 14:
Relays Coordinates:
9.45285, 119.896
81.6036, 37.8468
Evaluation Time: 1.03823 seconds
Resulting Fitness: 0.180556
New local best!
-------------
Particle: 15:
Relays Coordinates:
92.9018, 105.88
101.654, 35.3079
Evaluation Time: 1.04699 seconds
Resulting Fitness: 0.191667
New local best!
-------------
Particle: 16:
Relays Coordinates:
45.557, 69.1677
59.0578, 20.6526
Evaluation Time: 0.968441 seconds
Resulting Fitness: 0.127778
New local best!
-------------
Particle: 17:
Relays Coordinates:
76.3574, 117.292
65.5481, 6.74281
Evaluation Time: 1.07754 seconds
Resulting Fitness: 0.183333
New local best!
-------------
Particle: 18:
Relays Coordinates:
9.30605, 172.496
25.5549, 60.7651
Evaluation Time: 1.05792 seconds
Resulting Fitness: 0.183333
New local best!
-------------
Particle: 19:
Relays Coordinates:
85.3859, 77.3214
156.812, 77.1
Evaluation Time: 1.08006 seconds
Resulting Fitness: 0.183333
New local best!
-------------
Particle: 20:
Relays Coordinates:
85.663, 73.8878
96.9184, 24.774
Evaluation Time: 1.01321 seconds
Resulting Fitness: 0.166667
New local best!
Current global best fitness: 0.233333
Current global best relays: 84.5814, 173.494
5.6119, 106.852
Particle 1 new velocities: 1.48734, 69.8674
-94.5417, 55.5355
Particle 2 new velocities: 21.0749, 69.3295
-36.5881, 32.2132
Particle 3 new velocities: 3.50849, 40.2447
-73.6124, 9.06019
Particle 4 new velocities: 0, 0
0, 0
Particle 5 new velocities: -1.10079, 41.283
-7.85385, 81.7035
Particle 6 new velocities: 2.94719, 35.3973
0.417247, 0.335494
Particle 7 new velocities: -66.8482, 33.5888
-15.2245, 28.5068
Particle 8 new velocities: 6.95028, 97.2567
-111.509, 6.75381
Particle 9 new velocities: 11.4882, 99.2859
-118.635, 3.01332
Particle 10 new velocities: 35.078, 11.8095
-35.465, 77.4043
Particle 11 new velocities: 35.0993, 41.066
-8.38534, -7.51166
Particle 12 new velocities: -51.849, 156.917
-39.6388, 2.70146
Particle 13 new velocities: -11.5262, 55.7486
-92.2309, 15.8047
Particle 14 new velocities: 2.00675, 63.6128
-11.1019, 59.3747
Particle 15 new velocities: -3.0438, 79.8294
-90.0095, 21.9532
Particle 16 new velocities: 50.6932, 20.3556
-49.3368, 64.4619
Particle 17 new velocities: 2.39949, 46.6267
-69.2811, 69.005
Particle 18 new velocities: 29.4866, 0.566621
-14.7453, 38.7718
Particle 19 new velocities: -0.369339, 105.277
-180.101, 36.828
Particle 20 new velocities: -1.29251, 104.529
-56.8961, 20.6332
-- ITERATION 1 --
-------------
Particle: 1:
Relays Coordinates:
68.6681, 106.25
58.8553, 90.5801
Evaluation Time: 1.06365 seconds
Resulting Fitness: 0.172222
-------------
Particle: 2:
Relays Coordinates:
54.6389, 128.99
0.348174, 46.1315
Evaluation Time: 1.12766 seconds
Resulting Fitness: 0.183333
New local best!
-------------
Particle: 3:
Relays Coordinates:
59.6815, 79.3305
86.5996, 90.4387
Evaluation Time: 1.08052 seconds
Resulting Fitness: 0.166667
New local best!
-------------
Particle: 4:
Relays Coordinates:
84.5814, 173.494
5.6119, 106.852
Evaluation Time: 1.12276 seconds
Resulting Fitness: 0.233333
-------------
Particle: 5:
Relays Coordinates:
84.3396, 50.0149
15.2868, 111.071
Evaluation Time: 1.0154 seconds
Resulting Fitness: 0.169444
New local best!
-------------
Particle: 6:
Relays Coordinates:
69.9289, 152.794
5.05954, 52.4263
Evaluation Time: 1.11354 seconds
Resulting Fitness: 0.219444
New local best!
-------------
Particle: 7:
Relays Coordinates:
92.0135, 56.8684
43.7554, 109.488
Evaluation Time: 1.02258 seconds
Resulting Fitness: 0.183333
New local best!
-------------
Particle: 8:
Relays Coordinates:
65.9833, 171.554
0, 91.1644
Evaluation Time: 1.12297 seconds
Resulting Fitness: 0.211111
New local best!
-------------
Particle: 9:
Relays Coordinates:
61.0413, 108.517
0, 72.3673
Evaluation Time: 1.11742 seconds
Resulting Fitness: 0.166667
-------------
Particle: 10:
Relays Coordinates:
75.2759, 91.7598
21.0135, 104.035
Evaluation Time: 1.05892 seconds
Resulting Fitness: 0.180556
New local best!
-------------
Particle: 11:
Relays Coordinates:
79.2826, 137.083
8.13279, 107.985
Evaluation Time: 1.1098 seconds
Resulting Fitness: 0.225
New local best!
-------------
Particle: 12:
Relays Coordinates:
66.6504, 152.501
0.113082, 63.4608
Evaluation Time: 1.08914 seconds
Resulting Fitness: 0.213889
New local best!
-------------
Particle: 13:
Relays Coordinates:
84.4559, 87.3992
2.29229, 43.0805
Evaluation Time: 1.07018 seconds
Resulting Fitness: 0.166667
New local best!
-------------
Particle: 14:
Relays Coordinates:
10.3136, 165.158
63.4515, 87.4994
Evaluation Time: 1.0971 seconds
Resulting Fitness: 0.213889
New local best!
-------------
Particle: 15:
Relays Coordinates:
65.5065, 135.382
8.48883, 41.7434
Evaluation Time: 1.09156 seconds
Resulting Fitness: 0.194444
New local best!
-------------
Particle: 16:
Relays Coordinates:
96.2501, 89.5233
9.721, 85.1145
Evaluation Time: 1.11306 seconds
Resulting Fitness: 0.194444
New local best!
-------------
Particle: 17:
Relays Coordinates:
78.7569, 163.918
0, 75.7478
Evaluation Time: 1.13033 seconds
Resulting Fitness: 0.216667
New local best!
-------------
Particle: 18:
Relays Coordinates:
38.7926, 173.062
10.8096, 99.5369
Evaluation Time: 1.05144 seconds
Resulting Fitness: 0.202778
New local best!
-------------
Particle: 19:
Relays Coordinates:
85.0165, 182.599
0, 113.928
Evaluation Time: 1.1061 seconds
Resulting Fitness: 0.227778
New local best!
-------------
Particle: 20:
Relays Coordinates:
68.3401, 144.518
32.4181, 36.7798
Evaluation Time: 1.11294 seconds
Resulting Fitness: 0.213889
New local best!
Current global best fitness: 0.233333
Current global best relays: 84.5814, 173.494
5.6119, 106.852
Particle 1 new velocities: 35.1944, 61.9199
-20.6991, 30.233
Particle 2 new velocities: 30.0817, 101.354
-25.6276, 43.4322
Particle 3 new velocities: 22.3576, 66.4492
-115.325, 28.0876
Particle 4 new velocities: 0, 0
0, 0
Particle 5 new velocities: -0.76325, 120.572
-11.457, 63.5704
Particle 6 new velocities: 13.7709, 31.8365
0.858353, 44.3225
Particle 7 new velocities: -61.1911, 98.9717
-34.511, 21.825
Particle 8 new velocities: 13.2977, 79.2869
5.47224, 17.9973
Particle 9 new velocities: 18.4592, -56.3256
5.31207, 13.615
Particle 10 new velocities: 28.6055, 98.9665
-30.1957, 65.4551
Particle 11 new velocities: 29.2889, 33.9724
-8.82944, -6.89921
Particle 12 new velocities: -28.5161, 140.796
-30.675, 33.2802
Particle 13 new velocities: -9.17816, 150.225
-70.2152, 35.1567
Particle 14 new velocities: 25.238, 51.5405
-18.2711, 70.4409
Particle 15 new velocities: 20.2801, 72.0305
-73.7714, 35.4254
Particle 16 new velocities: 27.8417, 107.949
-42.0202, 64.7588
Particle 17 new velocities: 2.1584, 42.863
3.02398, 86.7665
Particle 18 new velocities: 77.3724, 0.46806
-13.3664, 35.9617
Particle 19 new velocities: -0.780305, 78.0123
2.93041, 20.3301
Particle 20 new velocities: 12.9929, 95.9203
-53.7982, 105.089
-- ITERATION 2 --
-------------
Particle: 1:
Relays Coordinates:
93.4763, 151.353
34.3405, 108.732
Evaluation Time: 1.11155 seconds
Resulting Fitness: 0.236111
New local best!
New global best!
-------------
Particle: 2:
Relays Coordinates:
61.7613, 167.921
0, 65.2919
Evaluation Time: 1.08413 seconds
Resulting Fitness: 0.202778
New local best!
-------------
Particle: 3:
Relays Coordinates:
82.0391, 145.78
0, 118.526
Evaluation Time: 1.10431 seconds
Resulting Fitness: 0.230556
New local best!
-------------
Particle: 4:
Relays Coordinates:
84.5814, 173.494
5.6119, 106.852
Evaluation Time: 1.0811 seconds
Resulting Fitness: 0.233333
-------------
Particle: 5:
Relays Coordinates:
54.8345, 111.922
2.51277, 114.582
Evaluation Time: 1.08338 seconds
Resulting Fitness: 0.161111
-------------
Particle: 6:
Relays Coordinates:
83.6998, 184.63
5.91789, 96.7488
Evaluation Time: 1.12942 seconds
Resulting Fitness: 0.233333
New local best!
-------------
Particle: 7:
Relays Coordinates:
27.7401, 140.256
8.31989, 118.182
Evaluation Time: 1.02781 seconds
Resulting Fitness: 0.163889
-------------
Particle: 8:
Relays Coordinates:
57.7958, 182.863
3.98926, 79.5789
Evaluation Time: 1.09641 seconds
Resulting Fitness: 0.216667
New local best!
-------------
Particle: 9:
Relays Coordinates:
79.5005, 52.1911
5.31207, 85.9823
Evaluation Time: 0.996202 seconds
Resulting Fitness: 0.158333
-------------
Particle: 10:
Relays Coordinates:
68.1566, 125.136
0, 111.203
Evaluation Time: 1.10137 seconds
Resulting Fitness: 0.194444
New local best!
-------------
Particle: 11:
Relays Coordinates:
97.7144, 153.95
0, 90.9768
Evaluation Time: 1.13305 seconds
Resulting Fitness: 0.236111
New local best!
-------------
Particle: 12:
Relays Coordinates:
22.5179, 173.189
0, 57.1246
Evaluation Time: 1.0507 seconds
Resulting Fitness: 0.177778
-------------
Particle: 13:
Relays Coordinates:
49.3897, 155.905
0, 51.3315
Evaluation Time: 1.07856 seconds
Resulting Fitness: 0.211111
New local best!
-------------
Particle: 14:
Relays Coordinates:
25.9171, 157.973
32.9366, 115.138
Evaluation Time: 1.04671 seconds
Resulting Fitness: 0.183333
-------------
Particle: 15:
Relays Coordinates:
62.5384, 151.204
0, 56.256
Evaluation Time: 1.10167 seconds
Resulting Fitness: 0.216667
New local best!
-------------
Particle: 16:
Relays Coordinates:
90.463, 143.957
0, 109.258
Evaluation Time: 1.09836 seconds
Resulting Fitness: 0.227778
New local best!
-------------
Particle: 17:
Relays Coordinates:
58.9872, 150.744
2.20448, 118.473
Evaluation Time: 1.08858 seconds
Resulting Fitness: 0.216667
-------------
Particle: 18:
Relays Coordinates:
94.0936, 140.56
0, 109.754
Evaluation Time: 1.13657 seconds
Resulting Fitness: 0.236111
New local best!
-------------
Particle: 19:
Relays Coordinates:
61.4082, 189.986
2.13627, 97.8742
Evaluation Time: 1.0883 seconds
Resulting Fitness: 0.236111
New local best!
-------------
Particle: 20:
Relays Coordinates:
65.8797, 194.755
0, 114.914
Evaluation Time: 1.09854 seconds
Resulting Fitness: 0.238889
New local best!
New global best!
Current global best fitness: 0.238889
Current global best relays: 65.8797, 194.755
0, 114.914
Particle 1 new velocities: -6.93764, 61.0137
-34.552, 28.7723
Particle 2 new velocities: 26.1417, 108.112
0, 89.3613
Particle 3 new velocities: 8.50562, 58.0815
0, 19.6735
Particle 4 new velocities: -20.3532, 17.5753
-0.375089, 2.59924
Particle 5 new velocities: 42.9061, 90.9259
-1.73357, 48.9875
Particle 6 new velocities: 6.47001, 25.8675
-5.61368, 52.2451
Particle 7 new velocities: 24.5859, -13.8644
-8.34459, 3.53805
Particle 8 new velocities: 16.4215, 71.6278
3.0551, 47.1596
Particle 9 new velocities: -48.3728, -76.5049
22.5347, 12.5593
Particle 10 new velocities: 20.331, 99.8488
0, 53.4942
Particle 11 new velocities: -1.43056, 52.7121
0, 24.154
Particle 12 new velocities: 74.6916, 119.559
0.103433, 91.792
Particle 13 new velocities: 2.23827, 164.842
0, 109.309
Particle 14 new velocities: 43.8268, 92.8456
-35.3435, 48.0542
Particle 15 new velocities: 18.8561, 72.9279
0, 93.0754
Particle 16 new velocities: 22.1375, 145.387
0, 55.6181
Particle 17 new velocities: 22.2386, 69.2248
-3.64822, 39.0292
Particle 18 new velocities: 44.555, 52.3982
0, 31.803
Particle 19 new velocities: 1.21977, 66.7248
2.11395, 16.4494
Particle 20 new velocities: 10.3943, 76.7363
0, 84.0711
-- ITERATION 3 --
-------------
Particle: 1:
Relays Coordinates:
70.0963, 172.017
0, 111.378
Evaluation Time: 1.07914 seconds
Resulting Fitness: 0.230556
-------------
Particle: 2:
Relays Coordinates:
64.0813, 201.228
0, 112.742
Evaluation Time: 1.1434 seconds
Resulting Fitness: 0.241667
New local best!
New global best!
-------------
Particle: 3:
Relays Coordinates:
73.3412, 165.128
0, 111.942
Evaluation Time: 1.15674 seconds
Resulting Fitness: 0.230556
-------------
Particle: 4:
Relays Coordinates:
64.2282, 191.069
5.23681, 109.451
Evaluation Time: 1.11527 seconds
Resulting Fitness: 0.244444
New local best!
New global best!
-------------
Particle: 5:
Relays Coordinates:
71.2529, 147.876
0.568039, 119.242
Evaluation Time: 1.08337 seconds
Resulting Fitness: 0.216667
New local best!
-------------
Particle: 6:
Relays Coordinates:
65.7338, 153.453
0.221771, 108.617
Evaluation Time: 1.12299 seconds
Resulting Fitness: 0.230556
-------------
Particle: 7:
Relays Coordinates:
47.0934, 113.753
0, 109.548
Evaluation Time: 1.04292 seconds
Resulting Fitness: 0.144444
-------------
Particle: 8:
Relays Coordinates:
60.116, 206.138
5.70594, 102.658
Evaluation Time: 1.12832 seconds
Resulting Fitness: 0.241667
New local best!
-------------
Particle: 9:
Relays Coordinates:
31.1277, 0
27.8468, 98.5416
Evaluation Time: 1.01044 seconds
Resulting Fitness: 0.133333
-------------
Particle: 10:
Relays Coordinates:
58.0567, 147.612
0, 108.058
Evaluation Time: 1.06441 seconds
Resulting Fitness: 0.211111
New local best!
-------------
Particle: 11:
Relays Coordinates:
86.6554, 185.996
0, 103.618
Evaluation Time: 1.12396 seconds
Resulting Fitness: 0.230556
-------------
Particle: 12:
Relays Coordinates:
63.7791, 192.071
0.0678625, 97.7041
Evaluation Time: 1.09096 seconds
Resulting Fitness: 0.241667
New local best!
-------------
Particle: 13:
Relays Coordinates:
33.8731, 210.442
0, 105.396
Evaluation Time: 1.09867 seconds
Resulting Fitness: 0.2
-------------
Particle: 14:
Relays Coordinates:
50.8433, 182.847
0, 118.967
Evaluation Time: 1.12286 seconds
Resulting Fitness: 0.219444
New local best!
-------------
Particle: 15:
Relays Coordinates:
59.3366, 163.392
0, 108.863
Evaluation Time: 1.06689 seconds
Resulting Fitness: 0.230556
New local best!
-------------
Particle: 16:
Relays Coordinates:
73.8771, 189.839
0, 108.175
Evaluation Time: 1.13884 seconds
Resulting Fitness: 0.233333
New local best!
-------------
Particle: 17:
Relays Coordinates:
59.2136, 160.357
0, 114.819
Evaluation Time: 1.14841 seconds
Resulting Fitness: 0.222222
New local best!
-------------
Particle: 18:
Relays Coordinates:
112.305, 156.296
0, 114.661
Evaluation Time: 1.14357 seconds
Resulting Fitness: 0.25
New local best!
New global best!
-------------
Particle: 19:
Relays Coordinates:
45.6558, 187.142
3.09841, 83.3419
Evaluation Time: 1.10717 seconds
Resulting Fitness: 0.222222
-------------
Particle: 20:
Relays Coordinates:
45.039, 160.313
0, 117.498
Evaluation Time: 1.08215 seconds
Resulting Fitness: 0.216667
Current global best fitness: 0.25
Current global best relays: 112.305, 156.296
0, 114.661
Particle 1 new velocities: 52.0256, 31.7491
53.9436, 20.8303
Particle 2 new velocities: 78.0531, 77.318
0, 72.3767
Particle 3 new velocities: 30.6217, 31.3738
0, 17.155
Particle 4 new velocities: 44.5571, 3.16971
-6.76411, 6.01575
Particle 5 new velocities: 34.4127, 81.3202
-1.86598, 38.5974
Particle 6 new velocities: 64.948, 63.9357
1.89585, 26.4765
Particle 7 new velocities: 66.0077, -62.9391
68.3853, 3.20812
Particle 8 new velocities: 79.7079, -1.46299
-2.28989, 51.0485
Particle 9 new velocities: -4.15373, 35.2538
50.1474, 17.4909
Particle 10 new velocities: 28.4467, 83.9796
0, 46.3499
Particle 11 new velocities: 16.8098, -31.3769
0, 18.0868
Particle 12 new velocities: 82.1903, 72.9661
0.0325455, 82.4081
Particle 13 new velocities: 127.219, 71.7163
0, 41.9115
Particle 14 new velocities: 67.9823, 72.1302
0, 37.3133
Particle 15 new velocities: 24.3354, 53.8066
0, 78.1586
Particle 16 new velocities: 20.6159, 77.3317
0, 51.2534
Particle 17 new velocities: 64.3775, 53.963
0, 31.0926
Particle 18 new velocities: 35.644, 41.9186
0, 25.4424
Particle 19 new velocities: 15.8299, 21.8631
-2.16915, 47.7227
Particle 20 new velocities: 46.561, 68.9523
0, 61.7889
-- ITERATION 4 --
-------------
Particle: 1:
Relays Coordinates:
98.9188, 165.051
43.6943, 107.089
Evaluation Time: 1.10104 seconds
Resulting Fitness: 0.230556
-------------
Particle: 2:
Relays Coordinates:
83.9289, 164.478
0, 109.311
Evaluation Time: 1.12753 seconds
Resulting Fitness: 0.233333
-------------
Particle: 3:
Relays Coordinates:
93.5666, 176.851
0, 116.187
Evaluation Time: 1.11788 seconds
Resulting Fitness: 0.227778
-------------
Particle: 4:
Relays Coordinates:
88.116, 157.334
0, 93.5283
Evaluation Time: 1.09931 seconds
Resulting Fitness: 0.233333
-------------
Particle: 5:
Relays Coordinates:
77.0302, 167.084
0, 115.065
Evaluation Time: 1.07966 seconds
Resulting Fitness: 0.227778
New local best!
-------------
Particle: 6:
Relays Coordinates:
95.2671, 158.476
1.54374, 98.4828
Evaluation Time: 1.10228 seconds
Resulting Fitness: 0.238889
New local best!
-------------
Particle: 7:
Relays Coordinates:
101.791, 45.7321
61.5467, 101.48
Evaluation Time: 1.04132 seconds
Resulting Fitness: 0.172222
-------------
Particle: 8:
Relays Coordinates:
101.932, 149.208
2.4903, 112.052
Evaluation Time: 1.10804 seconds
Resulting Fitness: 0.238889
-------------
Particle: 9:
Relays Coordinates:
26.974, 35.2538
77.9941, 116.032
Evaluation Time: 1.11716 seconds
Resulting Fitness: 0.180556
New local best!
-------------
Particle: 10:
Relays Coordinates:
63.061, 168.83
0, 112.563
Evaluation Time: 1.11139 seconds
Resulting Fitness: 0.227778
New local best!
-------------
Particle: 11:
Relays Coordinates:
93.1187, 139.157
0, 109.534
Evaluation Time: 1.18012 seconds
Resulting Fitness: 0.230556
-------------
Particle: 12:
Relays Coordinates:
95.7706, 173.891
0.0658777, 118.172
Evaluation Time: 1.08483 seconds
Resulting Fitness: 0.230556
-------------
Particle: 13:
Relays Coordinates:
85.6111, 149.951
0, 78.2853
Evaluation Time: 1.10954 seconds
Resulting Fitness: 0.216667
New local best!
-------------
Particle: 14:
Relays Coordinates:
86.6239, 185.878
0, 113.929
Evaluation Time: 1.08601 seconds
Resulting Fitness: 0.230556
New local best!
-------------
Particle: 15:
Relays Coordinates:
49.4075, 128.254
0, 110.434
Evaluation Time: 1.07929 seconds
Resulting Fitness: 0.180556
-------------
Particle: 16:
Relays Coordinates:
68.8854, 194.767
0, 116.223
Evaluation Time: 1.07935 seconds
Resulting Fitness: 0.241667
New local best!
-------------
Particle: 17:
Relays Coordinates:
100.109, 173.599
0, 118.188
Evaluation Time: 1.11308 seconds
Resulting Fitness: 0.230556
New local best!
-------------
Particle: 18:
Relays Coordinates:
107.855, 144.498
0, 102.135
Evaluation Time: 1.14207 seconds
Resulting Fitness: 0.219444
-------------
Particle: 19:
Relays Coordinates:
55.3372, 188.104
0.836333, 117.958
Evaluation Time: 1.08032 seconds
Resulting Fitness: 0.227778
-------------
Particle: 20:
Relays Coordinates:
60.0988, 150.421
0, 117.63
Evaluation Time: 1.06895 seconds
Resulting Fitness: 0.216667
Current global best fitness: 0.25
Current global best relays: 112.305, 156.296
0, 114.661
Particle 1 new velocities: 46.2011, 2.36915
26.1613, 20.6833
Particle 2 new velocities: 57.2698, 59.5831
0, 63.0394
Particle 3 new velocities: 23.9484, -35.8382
0, 13.1321
Particle 4 new velocities: 27.1792, 21.5939
7.81514, 22.2406
Particle 5 new velocities: 65.5977, 55.1255
0, 30.7836
Particle 6 new velocities: 71.2353, 49.9341
1.42493, 32.6049
Particle 7 new velocities: 50.7641, 51.7142
32.1091, 21.5941
Particle 8 new velocities: 3.97702, 81.3074
-1.59097, 37.3768
Particle 9 new velocities: 42.4604, 118.367
-1.41719, 13.4974
Particle 10 new velocities: 38.5919, 66.9339
0, 37.669
Particle 11 new velocities: 16.7003, -3.69487
0, -6.39774
Particle 12 new velocities: 39.5859, 56.105
-0.0351166, 47.7638
Particle 13 new velocities: 135.253, 61.4293
0, 76.2789
Particle 14 new velocities: 58.0882, 43.5897
0, 30.2249
Particle 15 new velocities: 64.445, 89.2358
0, 62.158
Particle 16 new velocities: 65.0614, 22.3598
0, 39.7582
Particle 17 new velocities: 63.765, 26.0328
0, 24.2393
Particle 18 new velocities: 32.6095, 46.1583
0, 44.976
Particle 19 new velocities: 93.1752, -6.00035
-0.875429, 0.325453
Particle 20 new velocities: 38.1167, 96.775
0, 42.4414
-- ITERATION 5 --
-------------
Particle: 1:
Relays Coordinates:
117.547, 135.61
56.5831, 103.496
Evaluation Time: 1.07577 seconds
Resulting Fitness: 0.216667
-------------
Particle: 2:
Relays Coordinates:
92.6405, 147.007
0, 113.079
Evaluation Time: 1.09751 seconds
Resulting Fitness: 0.238889
-------------
Particle: 3:
Relays Coordinates:
105.764, 126.912
0, 116.387
Evaluation Time: 1.08342 seconds
Resulting Fitness: 0.219444
-------------
Particle: 4:
Relays Coordinates:
103.766, 161.035
7.03363, 104.192
Evaluation Time: 1.10493 seconds
Resulting Fitness: 0.238889
-------------
Particle: 5:
Relays Coordinates:
103.976, 161.991
0, 106.324
Evaluation Time: 1.12139 seconds
Resulting Fitness: 0.233333
New local best!
-------------
Particle: 6:
Relays Coordinates:
109.242, 136.738
1.94775, 86.0067
Evaluation Time: 1.07834 seconds
Resulting Fitness: 0.216667
-------------
Particle: 7:
Relays Coordinates:
111.213, 71.0383
68.2751, 89.7214
Evaluation Time: 1.01848 seconds
Resulting Fitness: 0.175
-------------
Particle: 8:
Relays Coordinates:
77.2074, 168.046
0.655611, 108.934
Evaluation Time: 1.07248 seconds
Resulting Fitness: 0.233333
-------------
Particle: 9:
Relays Coordinates:
50.6177, 111.99
55.8246, 94.4273
Evaluation Time: 1.02171 seconds
Resulting Fitness: 0.163889
-------------
Particle: 10:
Relays Coordinates:
74.105, 171.872
0, 109.519
Evaluation Time: 1.05263 seconds
Resulting Fitness: 0.233333
New local best!
-------------
Particle: 11:
Relays Coordinates:
109.819, 135.462
0, 103.136
Evaluation Time: 1.14534 seconds
Resulting Fitness: 0.216667
-------------
Particle: 12:
Relays Coordinates:
88.8074, 150.9
0.0201823, 108.87
Evaluation Time: 1.10223 seconds
Resulting Fitness: 0.238889
-------------
Particle: 13:
Relays Coordinates:
105.639, 101.102
0, 73.9276
Evaluation Time: 1.09411 seconds
Resulting Fitness: 0.213889
-------------
Particle: 14:
Relays Coordinates:
94.9456, 150.554
0, 94.5792
Evaluation Time: 1.10942 seconds
Resulting Fitness: 0.230556
-------------
Particle: 15:
Relays Coordinates:
74.6986, 142.695
0, 113.238
Evaluation Time: 1.10663 seconds
Resulting Fitness: 0.225
-------------
Particle: 16:
Relays Coordinates:
97.6472, 158.286
0, 113.711
Evaluation Time: 1.1573 seconds
Resulting Fitness: 0.247222
New local best!
-------------
Particle: 17:
Relays Coordinates:
107.518, 130.979
0, 93.4468
Evaluation Time: 1.13839 seconds
Resulting Fitness: 0.216667
-------------
Particle: 18:
Relays Coordinates:
113.776, 154.432
0, 119.16
Evaluation Time: 1.13794 seconds
Resulting Fitness: 0.236111
-------------
Particle: 19:
Relays Coordinates:
108.266, 132.754
0, 86.2287
Evaluation Time: 1.11776 seconds
Resulting Fitness: 0.216667
-------------
Particle: 20:
Relays Coordinates:
71.5991, 180.206
0, 116.692
Evaluation Time: 1.08622 seconds
Resulting Fitness: 0.225
Current global best fitness: 0.25
Current global best relays: 112.305, 156.296
0, 114.661
Particle 1 new velocities: 12.9004, 24.1906
-14.2854, 25.9004
Particle 2 new velocities: 38.3941, 62.4677
0, 50.2039
Particle 3 new velocities: 17.9223, 6.04297
0, 9.72431
Particle 4 new velocities: 1.49118, 20
5.3243, 36.6585
Particle 5 new velocities: 63.1864, 40.9233
0, 34.6078
Particle 6 new velocities: 45.0944, 65.9662
-0.631762, 55.5289
Particle 7 new velocities: 9.31238, 73.6087
-63.3348, 60.4371
Particle 8 new velocities: 19.4321, 91.71
-0.187813, 33.2546
Particle 9 new velocities: 21.5926, 52.8642
-29.9978, 20.3468
Particle 10 new velocities: 57.6849, 33.9123
0, 35.0231
Particle 11 new velocities: 7.87467, 11.8905
0, -7.92055
Particle 12 new velocities: 37.5539, 67.5406
0.0223435, 41.5293
Particle 13 new velocities: 106.485, 107.113
0, 72.3726
Particle 14 new velocities: 46.3975, 42.8218
0, 35.0368
Particle 15 new velocities: 54.1947, 111.744
0, 49.7461
Particle 16 new velocities: 57.8465, 15.6099
0, 32.375
Particle 17 new velocities: 46.8289, 80.7654
0, 40.5115
Particle 18 new velocities: 22.922, 39.7238
0, 33.9767
Particle 19 new velocities: 51.2129, 86.627
1.44064, 24.5963
Particle 20 new velocities: 47.0354, 61.8437
0, 28.7841
-- ITERATION 6 --
-------------
Particle: 1:
Relays Coordinates:
105.663, 129.438
34.2611, 104.811
Evaluation Time: 1.09485 seconds
Resulting Fitness: 0.216667
-------------
Particle: 2:
Relays Coordinates:
95.5242, 152.707
0, 119.033
Evaluation Time: 1.11203 seconds
Resulting Fitness: 0.230556
-------------
Particle: 3:
Relays Coordinates:
111.317, 119.659
0, 113.501
Evaluation Time: 1.07456 seconds
Resulting Fitness: 0.216667
-------------
Particle: 4:
Relays Coordinates:
85.2581, 146.638
10.0099, 114.089
Evaluation Time: 1.10923 seconds
Resulting Fitness: 0.236111
-------------
Particle: 5:
Relays Coordinates:
109.675, 133.132
0, 92.4652
Evaluation Time: 1.09918 seconds
Resulting Fitness: 0.216667
-------------
Particle: 6:
Relays Coordinates:
101.26, 132.994
0.86342, 92.8615
Evaluation Time: 1.11694 seconds
Resulting Fitness: 0.216667
-------------
Particle: 7:
Relays Coordinates:
87.8627, 105.448
3.6015, 109.466
Evaluation Time: 1.10074 seconds
Resulting Fitness: 0.213889
New local best!
-------------
Particle: 8:
Relays Coordinates:
70.4503, 189.362
0.341025, 103.655
Evaluation Time: 1.09938 seconds
Resulting Fitness: 0.238889
-------------
Particle: 9:
Relays Coordinates:
72.2103, 164.854
25.8268, 114.774
Evaluation Time: 1.06129 seconds
Resulting Fitness: 0.233333
New local best!
-------------
Particle: 10:
Relays Coordinates:
106.75, 166.685
0, 117.079
Evaluation Time: 1.12958 seconds
Resulting Fitness: 0.238889
New local best!
-------------
Particle: 11:
Relays Coordinates:
105.924, 132.617
0, 85.6942
Evaluation Time: 1.1021 seconds
Resulting Fitness: 0.216667
-------------
Particle: 12:
Relays Coordinates:
92.1174, 159.244
0.0310013, 109.641
Evaluation Time: 1.11746 seconds
Resulting Fitness: 0.236111
-------------
Particle: 13:
Relays Coordinates:
112.731, 110.654
0, 77.7499
Evaluation Time: 1.08595 seconds
Resulting Fitness: 0.216667
-------------
Particle: 14:
Relays Coordinates:
103.039, 140.971
0, 94.49
Evaluation Time: 1.16911 seconds
Resulting Fitness: 0.227778
-------------
Particle: 15:
Relays Coordinates:
93.9632, 185.486
0, 118.815
Evaluation Time: 1.09856 seconds
Resulting Fitness: 0.227778
-------------
Particle: 16:
Relays Coordinates:
113.355, 126.77
0, 106.496
Evaluation Time: 1.09706 seconds
Resulting Fitness: 0.216667
-------------
Particle: 17:
Relays Coordinates:
101.267, 138.925
0, 87.8901
Evaluation Time: 1.09381 seconds
Resulting Fitness: 0.225
-------------
Particle: 18:
Relays Coordinates:
99.6531, 141.539
0, 111.637
Evaluation Time: 1.14594 seconds
Resulting Fitness: 0.238889
-------------
Particle: 19:
Relays Coordinates:
94.1704, 129.542
0.850682, 65.4411
Evaluation Time: 1.10491 seconds
Resulting Fitness: 0.211111
-------------
Particle: 20:
Relays Coordinates:
86.4845, 176.454
0, 106.052
Evaluation Time: 1.11795 seconds
Resulting Fitness: 0.230556
Current global best fitness: 0.25
Current global best relays: 112.305, 156.296
0, 114.661
Particle 1 new velocities: 0.0132707, 58.9251
-48.2031, 32.7589
Particle 2 new velocities: -6.9697, 99.6745
0, 35.8912
Particle 3 new velocities: 11.3779, 43.5963
0, 10.3726
Particle 4 new velocities: 12.4482, 61.2731
-3.45379, 25.5404
Particle 5 new velocities: 48.1749, 75.8024
0, 28.3266
Particle 6 new velocities: 46.3646, 107.661
-0.18618, 70.3472
Particle 7 new velocities: 28.3469, 89.2134
-52.8711, 53.9803
Particle 8 new velocities: 55.9322, 56.04
7.63746, 33.0759
Particle 9 new velocities: 46.5793, 37.0715
-38.0894, 16.2723
Particle 10 new velocities: 48.9038, 23.5424
0, 28.0051
Particle 11 new velocities: 1.47115, 22.309
0, 25.1743
Particle 12 new velocities: 34.1897, 81.1753
0.00390559, 37.3311
Particle 13 new velocities: 56.5878, 126.977
0, 88.2038
Particle 14 new velocities: 31.496, 41.2655
0, 52.6603
Particle 15 new velocities: 15.9627, 70.029
0, 38.9341
Particle 16 new velocities: 45.6374, 45.525
0, 43.3851
Particle 17 new velocities: 37.9813, 86.8283
0, 71.9332
Particle 18 new velocities: 38.1236, 55.0234
0, 29.9019
Particle 19 new velocities: 14.369, 157.587
2.1458, 96.1454
Particle 20 new velocities: 33.1334, 43.5019
0, 31.4787
-- ITERATION 7 --
-------------
Particle: 1:
Relays Coordinates:
85.5974, 152.574
0, 111.431
Evaluation Time: 1.14212 seconds
Resulting Fitness: 0.236111
-------------
Particle: 2:
Relays Coordinates:
64.5562, 183.986
0, 112.94
Evaluation Time: 1.36333 seconds
Resulting Fitness: 0.230556
-------------
Particle: 3:
Relays Coordinates:
110.426, 146.93
0, 111.486
Evaluation Time: 1.10574 seconds
Resulting Fitness: 0.225
-------------
Particle: 4:
Relays Coordinates:
79.1421, 168.408
5.31047, 113.1
Evaluation Time: 1.0802 seconds
Resulting Fitness: 0.233333
-------------
Particle: 5:
Relays Coordinates:
103.565, 137.082
0, 79.2515
Evaluation Time: 1.11718 seconds
Resulting Fitness: 0.230556
-------------
Particle: 6:
Relays Coordinates:
96.8567, 157.894
0.444337, 107.081
Evaluation Time: 1.10407 seconds
Resulting Fitness: 0.233333
-------------
Particle: 7:
Relays Coordinates:
84.7168, 141.908
0, 119.152
Evaluation Time: 1.14636 seconds
Resulting Fitness: 0.219444
New local best!
-------------
Particle: 8:
Relays Coordinates:
92.1328, 178.898
5.81632, 99.677
Evaluation Time: 1.05584 seconds
Resulting Fitness: 0.233333
-------------
Particle: 9:
Relays Coordinates:
96.2196, 163.56
0, 106.148
Evaluation Time: 1.1918 seconds
Resulting Fitness: 0.233333
-------------
Particle: 10:
Relays Coordinates:
113.471, 138.676
0, 105.766
Evaluation Time: 1.0936 seconds
Resulting Fitness: 0.219444
-------------
Particle: 11:
Relays Coordinates:
107.395, 154.926
0, 110.869
Evaluation Time: 1.15255 seconds
Resulting Fitness: 0.247222
New local best!
-------------
Particle: 12:
Relays Coordinates:
92.0779, 175.265
0.0254471, 107.143
Evaluation Time: 1.05474 seconds
Resulting Fitness: 0.233333
-------------
Particle: 13:
Relays Coordinates:
99.9812, 140.319
0, 97.994
Evaluation Time: 1.1306 seconds
Resulting Fitness: 0.233333
New local best!
-------------
Particle: 14:
Relays Coordinates:
108.973, 147.611
0, 119.192
Evaluation Time: 1.15286 seconds
Resulting Fitness: 0.238889
New local best!
-------------
Particle: 15:
Relays Coordinates:
80.136, 186.27
0, 114.999
Evaluation Time: 1.07137 seconds
Resulting Fitness: 0.230556
-------------
Particle: 16:
Relays Coordinates:
115.905, 125.603
0, 109.264
Evaluation Time: 1.07282 seconds
Resulting Fitness: 0.213889
-------------
Particle: 17:
Relays Coordinates:
101.512, 164.574
0, 116.511
Evaluation Time: 1.10786 seconds
Resulting Fitness: 0.233333
New local best!
-------------
Particle: 18:
Relays Coordinates:
100.439, 143.294
0, 103.182
Evaluation Time: 1.16003 seconds
Resulting Fitness: 0.236111
-------------
Particle: 19:
Relays Coordinates:
79.1252, 209.318
2.18443, 117.797
Evaluation Time: 1.17525 seconds
Resulting Fitness: 0.247222
New local best!
-------------
Particle: 20:
Relays Coordinates:
96.8905, 178.164
0, 111.4
Evaluation Time: 1.09651 seconds
Resulting Fitness: 0.225
Current global best fitness: 0.25
Current global best relays: 112.305, 156.296
0, 114.661
Particle 1 new velocities: 8.16493, 47.8672
38.536, 27.8861
Particle 2 new velocities: 35.5836, 89.7122
0, 28.5465
Particle 3 new velocities: -30.9658, 37.0139
0, 19.5607
Particle 4 new velocities: 6.85573, 69.1654
-9.41652, 18.4853
Particle 5 new velocities: 44.7368, 86.3134
0, 71.5104
Particle 6 new velocities: 44.0738, 84.8821
0.268716, 63.6588
Particle 7 new velocities: 36.6668, 74.9119
0, 38.0808
Particle 8 new velocities: 20.2616, 37.9511
3.19075, 33.1222
Particle 9 new velocities: 38.0658, 23.4701
20.388, 26.8844
Particle 10 new velocities: 35.6317, 41.1833
0, 29.8361
Particle 11 new velocities: 6.7382, 19.2601
0, 22.0885
Particle 12 new velocities: 17.5115, 62.1466
0.0601069, 26.5051
Particle 13 new velocities: 45.7576, 106.396
0, 81.2936
Particle 14 new velocities: 28.854, 41.1875
0, 38.4935
Particle 15 new velocities: 3.79124, 49.4334
0, 23.7322
Particle 16 new velocities: 35.9972, 90.9451
0, 41.9222
Particle 17 new velocities: 31.7376, 69.3482
0, 55.7794
Particle 18 new velocities: 53.4213, 66.3995
0, 29.9777
Particle 19 new velocities: 29.419, 70.4671
-0.76823, 76.173
Particle 20 new velocities: -15.9296, 27.74
0, 28.5119
-- ITERATION 8 --
-------------
Particle: 1:
Relays Coordinates:
75.9475, 162.358
31.2142, 112.847
Evaluation Time: 1.10077 seconds
Resulting Fitness: 0.233333
-------------
Particle: 2:
Relays Coordinates:
65.7017, 179.573
0, 92.8292
Evaluation Time: 1.10199 seconds
Resulting Fitness: 0.233333
-------------
Particle: 3:
Relays Coordinates:
71.5139, 165.549
0, 117.942
Evaluation Time: 1.316 seconds
Resulting Fitness: 0.230556
-------------
Particle: 4:
Relays Coordinates:
69.6582, 192.435
0, 106.584
Evaluation Time: 1.08725 seconds
Resulting Fitness: 0.236111
-------------
Particle: 5:
Relays Coordinates:
97.3011, 146.57
0, 98.9149
Evaluation Time: 1.13128 seconds
Resulting Fitness: 0.238889
New local best!
-------------
Particle: 6:
Relays Coordinates:
92.4645, 159.285
0.467834, 112.023
Evaluation Time: 1.12231 seconds
Resulting Fitness: 0.236111
-------------
Particle: 7:
Relays Coordinates:
88.4887, 158.062
0, 114.623
Evaluation Time: 1.13978 seconds
Resulting Fitness: 0.233333
New local best!
-------------
Particle: 8:
Relays Coordinates:
101.155, 195.164
8.10636, 119.519
Evaluation Time: 1.17268 seconds
Resulting Fitness: 0.225
-------------
Particle: 9:
Relays Coordinates:
108.771, 151.494
16.5143, 107.756
Evaluation Time: 1.12479 seconds
Resulting Fitness: 0.236111
New local best!
-------------
Particle: 10:
Relays Coordinates:
108.696, 131.117
0, 98.8543
Evaluation Time: 1.10852 seconds
Resulting Fitness: 0.216667
-------------
Particle: 11:
Relays Coordinates:
102.72, 156.768
0, 119.661
Evaluation Time: 1.17884 seconds
Resulting Fitness: 0.241667
-------------
Particle: 12:
Relays Coordinates:
79.8907, 173.073
0.0623689, 97.4294
Evaluation Time: 1.12689 seconds
Resulting Fitness: 0.230556
-------------
Particle: 13:
Relays Coordinates:
95.6193, 161.87
0, 117.631
Evaluation Time: 1.15787 seconds
Resulting Fitness: 0.244444
New local best!
-------------
Particle: 14:
Relays Coordinates:
100.476, 137.634
0, 114.953
Evaluation Time: 1.10977 seconds
Resulting Fitness: 0.219444
-------------
Particle: 15:
Relays Coordinates:
67.981, 190.92
0, 112.373
Evaluation Time: 1.11942 seconds
Resulting Fitness: 0.241667
New local best!
-------------
Particle: 16:
Relays Coordinates:
99.6633, 142.077
0, 99.193
Evaluation Time: 1.15916 seconds
Resulting Fitness: 0.233333
-------------
Particle: 17:
Relays Coordinates:
87.4249, 153.477
0, 113.04
Evaluation Time: 1.14084 seconds
Resulting Fitness: 0.244444
New local best!
-------------
Particle: 18:
Relays Coordinates:
100.948, 137.58
0, 87.3659
Evaluation Time: 1.12873 seconds
Resulting Fitness: 0.222222
-------------
Particle: 19:
Relays Coordinates:
64.0943, 165.21
0.836254, 114.537
Evaluation Time: 1.08272 seconds
Resulting Fitness: 0.230556
-------------
Particle: 20:
Relays Coordinates:
65.5783, 166.782
0, 113.329
Evaluation Time: 1.08807 seconds
Resulting Fitness: 0.227778
Current global best fitness: 0.25
Current global best relays: 112.305, 156.296
0, 114.661
Particle 1 new velocities: 59.0543, 19.4439
9.78911, 17.4972
Particle 2 new velocities: 76.4202, 59.5065
0, 57.4529
Particle 3 new velocities: -16.7784, 0.315688
0, 12.6965
Particle 4 new velocities: 24.3895, 24.0926
4.75706, 29.1302
Particle 5 new velocities: 48.3518, 79.2738
0, 67.2388
Particle 6 new velocities: 55.5859, 65.5287
0.762753, 43.9893
Particle 7 new velocities: 34.4961, 59.5859
0, 30.4813
Particle 8 new velocities: 20.6576, 32.6008
-4.40475, 25.8416
Particle 9 new velocities: 31.9364, 19.3707
10.0503, 25.4158
Particle 10 new velocities: 28.9674, 82.3936
0, 50.0932
Particle 11 new velocities: 17.471, 13.7307
0, 4.28951
Particle 12 new velocities: 10.3591, 54.4769
0.0501722, 39.1816
Particle 13 new velocities: 56.1432, 83.771
0, 63.7769
Particle 14 new velocities: 30.9544, 55.3092
0, 37.465
Particle 15 new velocities: 59.3498, 32.3505
0, 21.0486
Particle 16 new velocities: 28.0282, 76.4706
0, 41.9066
Particle 17 new velocities: 44.2692, 55.7355
0, 46.5529
Particle 18 new velocities: 68.3385, 82.7234
0, 80.3285
Particle 19 new velocities: 61.3018, 121.198
-1.0327, 66.2528
Particle 20 new velocities: 37.684, 55.2205
0, 24.4854
-- ITERATION 9 --
-------------
Particle: 1:
Relays Coordinates:
109.351, 147.259
33.2127, 105.579
Evaluation Time: 1.12255 seconds
Resulting Fitness: 0.222222
-------------
Particle: 2:
Relays Coordinates:
93.2462, 156.86
0, 98.6001
Evaluation Time: 1.10726 seconds
Resulting Fitness: 0.230556
-------------
Particle: 3:
Relays Coordinates:
49.2619, 149.279
0, 117.575
Evaluation Time: 1.09927 seconds
Resulting Fitness: 0.213889
-------------
Particle: 4:
Relays Coordinates:
76.1787, 175.387
3.85322, 109.928
Evaluation Time: 1.09569 seconds
Resulting Fitness: 0.225
-------------
Particle: 5:
Relays Coordinates:
95.5629, 148.176
0, 109.013
Evaluation Time: 1.11065 seconds
Resulting Fitness: 0.233333
-------------
Particle: 6:
Relays Coordinates:
107.929, 163.89
0.897098, 113.733
Evaluation Time: 1.13653 seconds
Resulting Fitness: 0.241667
New local best!
-------------
Particle: 7:
Relays Coordinates:
99.6177, 176.295
0, 117.534
Evaluation Time: 1.10704 seconds
Resulting Fitness: 0.225
-------------
Particle: 8:
Relays Coordinates:
98.6682, 184.49
2.9983, 117.742
Evaluation Time: 1.0982 seconds
Resulting Fitness: 0.225
-------------
Particle: 9:
Relays Coordinates:
113.973, 138.4
21.5173, 107.869
Evaluation Time: 1.10073 seconds
Resulting Fitness: 0.216667
-------------
Particle: 10:
Relays Coordinates:
100.357, 155.65
0, 108.583
Evaluation Time: 1.11367 seconds
Resulting Fitness: 0.238889
-------------
Particle: 11:
Relays Coordinates:
108.172, 153.449
0, 111.556
Evaluation Time: 1.14765 seconds
Resulting Fitness: 0.238889
-------------
Particle: 12:
Relays Coordinates:
73.1023, 184.316
0.0911583, 110.655
Evaluation Time: 1.10961 seconds
Resulting Fitness: 0.233333
-------------
Particle: 13:
Relays Coordinates:
99.5713, 161.165
0, 119.021
Evaluation Time: 1.14382 seconds
Resulting Fitness: 0.241667
-------------
Particle: 14:
Relays Coordinates:
95.8129, 140.656
0, 111.112
Evaluation Time: 1.1191 seconds
Resulting Fitness: 0.236111
-------------
Particle: 15:
Relays Coordinates:
92.8242, 162.764
0, 97.264
Evaluation Time: 1.13368 seconds
Resulting Fitness: 0.233333
-------------
Particle: 16:
Relays Coordinates:
93.0871, 159.321
0, 102.862
Evaluation Time: 1.10366 seconds
Resulting Fitness: 0.236111
-------------
Particle: 17:
Relays Coordinates:
96.005, 152.516
0, 116.343
Evaluation Time: 1.12621 seconds
Resulting Fitness: 0.241667
-------------
Particle: 18:
Relays Coordinates:
111.069, 144.541
0, 110.024
Evaluation Time: 1.16751 seconds
Resulting Fitness: 0.225
-------------
Particle: 19:
Relays Coordinates:
82.2723, 187.912
0, 118.616
Evaluation Time: 1.08751 seconds
Resulting Fitness: 0.227778
-------------
Particle: 20:
Relays Coordinates:
83.6425, 179.822
0, 111.629
Evaluation Time: 1.08905 seconds
Resulting Fitness: 0.233333
Current global best fitness: 0.25
Current global best relays: 112.305, 156.296
0, 114.661
Particle 1 new velocities: 26.8123, 23.2571
-25.8231, 19.6091
Particle 2 new velocities: 43.5059, 60.3572
0, 61.4408
Particle 3 new velocities: 29.4723, 3.99647
0, 8.57878
Particle 4 new velocities: 15.5045, 7.15156
4.59451, 26.499
Particle 5 new velocities: 54.4805, 66.0693
0, 52.2796
Particle 6 new velocities: 47.8802, 44.9874
0.399107, 35.2548
Particle 7 new velocities: 22.362, 20.8211
0, 21.5579
Particle 8 new velocities: 27.7737, 20.9739
-6.60667, 6.55569
Particle 9 new velocities: 19.6896, 41.5194
-15.1912, 24.1141
Particle 10 new velocities: 45.3774, 78.716
0, 45.6443
Particle 11 new velocities: 17.1405, 13.4823
0, 6.85106
Particle 12 new velocities: 8.26579, 28.5511
-0.089444, 18.3238
Particle 13 new velocities: 56.1599, 63.2233
0, 48.5058
Particle 14 new velocities: 36.5361, 61.6068
0, 37.4382
Particle 15 new velocities: 25.8637, 39.3072
0, 38.3646
Particle 16 new velocities: 38.9786, 57.8124
0, 52.5279
Particle 17 new velocities: 37.239, 47.4307
0, 30.1753
Particle 18 new velocities: 57.5716, 74.0857
0, 70.573
Particle 19 new velocities: 72.9891, 81.1175
2.35886, 47.0468
Particle 20 new velocities: 20.0998, 31.8394
0, 26.8092
-- ITERATION 10 --
-------------
Particle: 1:
Relays Coordinates:
110.293, 138.118
5.98551, 101.402
Evaluation Time: 1.11288 seconds
Resulting Fitness: 0.219444
-------------
Particle: 2:
Relays Coordinates:
99.6922, 158.352
0, 116.67
Evaluation Time: 1.11603 seconds
Resulting Fitness: 0.236111
-------------
Particle: 3:
Relays Coordinates:
70.8608, 137.948
0, 113.538
Evaluation Time: 1.09007 seconds
Resulting Fitness: 0.227778
-------------
Particle: 4:
Relays Coordinates:
74.2633, 147.856
6.84266, 110.506
Evaluation Time: 1.1019 seconds
Resulting Fitness: 0.227778
-------------
Particle: 5:
Relays Coordinates:
109.382, 156.185
0, 117.583
Evaluation Time: 1.13913 seconds
Resulting Fitness: 0.236111
-------------
Particle: 6:
Relays Coordinates:
102.226, 137.044
0.85044, 97.7507
Evaluation Time: 1.12938 seconds
Resulting Fitness: 0.222222
-------------
Particle: 7:
Relays Coordinates:
98.8036, 159.664
0, 112.665
Evaluation Time: 1.11583 seconds
Resulting Fitness: 0.241667
New local best!
-------------
Particle: 8:
Relays Coordinates:
92.1761, 149.783
0, 90.6133
Evaluation Time: 1.14222 seconds
Resulting Fitness: 0.233333
-------------
Particle: 9:
Relays Coordinates:
108.267, 145.735
5.12415, 106.906
Evaluation Time: 1.13455 seconds
Resulting Fitness: 0.230556
-------------
Particle: 10:
Relays Coordinates:
95.6162, 153.767
0, 101.188
Evaluation Time: 1.15828 seconds
Resulting Fitness: 0.236111
-------------
Particle: 11:
Relays Coordinates:
101.503, 135.214
0, 95.9095
Evaluation Time: 1.15034 seconds
Resulting Fitness: 0.216667
-------------
Particle: 12:
Relays Coordinates:
73.2313, 191.58
0.00154286, 116.081
Evaluation Time: 1.08709 seconds
Resulting Fitness: 0.236111
-------------
Particle: 13:
Relays Coordinates:
102.175, 147.221
0, 109.915
Evaluation Time: 1.08894 seconds
Resulting Fitness: 0.241667
-------------
Particle: 14:
Relays Coordinates:
96.4824, 147.45
0, 108.293
Evaluation Time: 1.10911 seconds
Resulting Fitness: 0.236111
-------------
Particle: 15:
Relays Coordinates:
96.1372, 163.678
0, 109.859
Evaluation Time: 1.1129 seconds
Resulting Fitness: 0.236111
-------------
Particle: 16:
Relays Coordinates:
96.2759, 158.29
0, 113.279
Evaluation Time: 1.0948 seconds
Resulting Fitness: 0.236111
-------------
Particle: 17:
Relays Coordinates:
107.928, 161.956
0, 118.68
Evaluation Time: 1.11981 seconds
Resulting Fitness: 0.236111
-------------
Particle: 18:
Relays Coordinates:
110.645, 143.441
0, 118.49
Evaluation Time: 1.10185 seconds
Resulting Fitness: 0.236111
-------------
Particle: 19:
Relays Coordinates:
91.6803, 158.859
1.39288, 97.8224
Evaluation Time: 1.08394 seconds
Resulting Fitness: 0.236111
-------------
Particle: 20:
Relays Coordinates:
84.0313, 171.446
0, 112.135
Evaluation Time: 1.05671 seconds
Resulting Fitness: 0.230556
Current global best fitness: 0.25
Current global best relays: 112.305, 156.296
0, 114.661
Particle 1 new velocities: 11.7807, 57.4246
-0.689007, 39.6204
Particle 2 new velocities: 6.99684, 92.3472
0, 44.6303
Particle 3 new velocities: 68.9631, 13.7308
0, 11.3798
Particle 4 new velocities: 19.4707, 28.9575
-5.52517, 20.941
Particle 5 new velocities: 32.5164, 41.6309
0, 32.7693
Particle 6 new velocities: 56.7762, 54.8052
-0.297025, 57.7732
Particle 7 new velocities: 28.7658, 16.0781
0, 18.7207
Particle 8 new velocities: -2.82358, 87.3444
4.92385, 41.589
Particle 9 new velocities: 18.9662, 38.8213
-9.16425, 29.1227
Particle 10 new velocities: 45.3426, 74.9734
0, 59.8066
Particle 11 new velocities: 25.469, 17.2007
0, 19.4464
Particle 12 new velocities: 8.66557, 6.02478
-0.0709877, 11.7025
Particle 13 new velocities: 49.2849, 63.5327
0, 44.9088
Particle 14 new velocities: 49.5391, 57.5972
0, 39.7683
Particle 15 new velocities: 11.2932, 68.3558
0, 35.5382
Particle 16 new velocities: 37.5603, 46.1857
0, 43.1411
Particle 17 new velocities: 13.5881, 19.2659
0, 13.1923
Particle 18 new velocities: 48.8761, 69.0913
0, 52.8744
Particle 19 new velocities: 46.7778, 89.1019
2.15164, 46.561
Particle 20 new velocities: 23.1367, 33.7593
0, 25.7069
-- ITERATION 11 --
-------------
Particle: 1:
Relays Coordinates:
98.8793, 158.39
4.29017, 114.228
Evaluation Time: 1.12859 seconds
Resulting Fitness: 0.244444
New local best!
-------------
Particle: 2:
Relays Coordinates:
77.7763, 182.759
0, 117.588
Evaluation Time: 1.10485 seconds
Resulting Fitness: 0.227778
-------------
Particle: 3:
Relays Coordinates:
113.257, 122.86
0, 101.183
Evaluation Time: 1.08763 seconds
Resulting Fitness: 0.216667
-------------
Particle: 4:
Relays Coordinates:
84.3607, 159.132
1.18575, 118.303
Evaluation Time: 1.11766 seconds
Resulting Fitness: 0.230556
-------------
Particle: 5:
Relays Coordinates:
103.444, 144.208
0, 109.607
Evaluation Time: 1.14197 seconds
Resulting Fitness: 0.236111
-------------
Particle: 6:
Relays Coordinates:
115.913, 139.858
0.403439, 113.377
Evaluation Time: 1.11354 seconds
Resulting Fitness: 0.219444
-------------
Particle: 7:
Relays Coordinates:
103.331, 142.351
0, 106.422
Evaluation Time: 1.12415 seconds
Resulting Fitness: 0.227778
-------------
Particle: 8:
Relays Coordinates:
72.3756, 192.073
3.98832, 107.084
Evaluation Time: 1.11244 seconds
Resulting Fitness: 0.241667
-------------
Particle: 9:
Relays Coordinates:
103.059, 149.491
0, 110.184
Evaluation Time: 1.15251 seconds
Resulting Fitness: 0.230556
-------------
Particle: 10:
Relays Coordinates:
102.759, 166.752
0, 117.365
Evaluation Time: 1.13174 seconds
Resulting Fitness: 0.238889
-------------
Particle: 11:
Relays Coordinates:
114.275, 137.173
0, 103.82
Evaluation Time: 1.12121 seconds
Resulting Fitness: 0.216667
-------------
Particle: 12:
Relays Coordinates:
73.7072, 177.844
0, 115.005
Evaluation Time: 1.0784 seconds
Resulting Fitness: 0.222222
-------------
Particle: 13:
Relays Coordinates:
110.414, 153.64
0, 112.866
Evaluation Time: 1.12477 seconds
Resulting Fitness: 0.233333
-------------
Particle: 14:
Relays Coordinates:
106.45, 149.479
0, 107.937
Evaluation Time: 1.1794 seconds
Resulting Fitness: 0.238889
-------------
Particle: 15:
Relays Coordinates:
87.0186, 187.947
0, 117.772
Evaluation Time: 1.12331 seconds
Resulting Fitness: 0.230556
-------------
Particle: 16:
Relays Coordinates:
97.5666, 149.063
0, 114.03
Evaluation Time: 1.15607 seconds
Resulting Fitness: 0.236111
-------------
Particle: 17:
Relays Coordinates:
109.364, 163.1
0, 118.685
Evaluation Time: 1.13569 seconds
Resulting Fitness: 0.236111
-------------
Particle: 18:
Relays Coordinates:
104.662, 139.442
0, 112.432
Evaluation Time: 1.08128 seconds
Resulting Fitness: 0.222222
-------------
Particle: 19:
Relays Coordinates:
90.8424, 162.687
2.32556, 94.7299
Evaluation Time: 1.11052 seconds
Resulting Fitness: 0.233333
-------------
Particle: 20:
Relays Coordinates:
86.8061, 166.216
0, 111.652
Evaluation Time: 1.10219 seconds
Resulting Fitness: 0.233333
Current global best fitness: 0.25
Current global best relays: 112.305, 156.296
0, 114.661
Particle 1 new velocities: 11.1092, 45.6243
-5.73519, 31.859
Particle 2 new velocities: 15.4208, 99.7637
0, 29.9746
Particle 3 new velocities: 6.86637, 76.3731
0, 13.4461
Particle 4 new velocities: 11.2125, 55.244
1.36518, 6.48445
Particle 5 new velocities: 20.9669, 44.8044
0, 10.0074
Particle 6 new velocities: 36.9977, 80.4105
0.146392, 47.5013
Particle 7 new velocities: 26.3899, 36.9341
0, 28.2393
Particle 8 new velocities: -11.5721, 52.508
4.4591, 29.3606
Particle 9 new velocities: 27.9651, 38.9882
15.1463, 23.1619
Particle 10 new velocities: 47.3684, 57.9257
0, 46.466
Particle 11 new velocities: 18.7117, 48.1773
0, 23.5396
Particle 12 new velocities: -8.706, -5.36688
0.071698, -11.5687
Particle 13 new velocities: 26.5938, 52.9538
0, 40.2911
Particle 14 new velocities: 42.9873, 52.5902
0, 35.791
Particle 15 new velocities: 31.4471, 35.9952
0, 22.6441
Particle 16 new velocities: 44.1043, 53.5703
0, 34.2074
Particle 17 new velocities: 5.76812, -3.68163
0, 4.71283
Particle 18 new velocities: 53.1125, 69.8511
0, 45.9561
Particle 19 new velocities: 43.0565, 104.901
1.27791, 73.1255
Particle 20 new velocities: 11.4091, 28.0971
0, 21.2001
-- ITERATION 12 --
-------------
Particle: 1:
Relays Coordinates:
89.0907, 165.251
0, 118.331
Evaluation Time: 1.13028 seconds
Resulting Fitness: 0.233333
-------------
Particle: 2:
Relays Coordinates:
67.9407, 205.959
0, 107.573
Evaluation Time: 1.15993 seconds
Resulting Fitness: 0.238889
-------------
Particle: 3:
Relays Coordinates:
97.3002, 161.378
0, 92.8499
Evaluation Time: 1.19121 seconds
Resulting Fitness: 0.230556
-------------
Particle: 4:
Relays Coordinates:
86.0158, 192.939
2.29583, 112.308
Evaluation Time: 1.08489 seconds
Resulting Fitness: 0.236111
-------------
Particle: 5:
Relays Coordinates:
100.773, 153.1
0, 96.8873
Evaluation Time: 1.14678 seconds
Resulting Fitness: 0.238889
-------------
Particle: 6:
Relays Coordinates:
111.472, 160.576
0.400827, 117.28
Evaluation Time: 1.17187 seconds
Resulting Fitness: 0.241667
-------------
Particle: 7:
Relays Coordinates:
105.074, 145.221
0, 109.076
Evaluation Time: 1.09051 seconds
Resulting Fitness: 0.233333
-------------
Particle: 8:
Relays Coordinates:
49.2508, 198.111
6.8424, 110.52
Evaluation Time: 1.07842 seconds
Resulting Fitness: 0.225
-------------
Particle: 9:
Relays Coordinates:
106.129, 152.668
12.2685, 108.01
Evaluation Time: 1.19303 seconds
Resulting Fitness: 0.233333
-------------
Particle: 10:
Relays Coordinates:
109.443, 163.79
0, 119.433
Evaluation Time: 1.13247 seconds
Resulting Fitness: 0.230556
-------------
Particle: 11:
Relays Coordinates:
107.719, 150.134
0, 103.162
Evaluation Time: 1.12546 seconds
Resulting Fitness: 0.233333
-------------
Particle: 12:
Relays Coordinates:
65.0012, 172.478
0.071698, 103.436
Evaluation Time: 1.0923 seconds
Resulting Fitness: 0.230556
-------------
Particle: 13:
Relays Coordinates:
99.879, 150.607
0, 111.652
Evaluation Time: 1.11866 seconds
Resulting Fitness: 0.241667
-------------
Particle: 14:
Relays Coordinates:
108.94, 147.309
0, 104.778
Evaluation Time: 1.13116 seconds
Resulting Fitness: 0.227778
-------------
Particle: 15:
Relays Coordinates:
95.9573, 181.393
0, 113.737
Evaluation Time: 1.06942 seconds
Resulting Fitness: 0.230556
-------------
Particle: 16:
Relays Coordinates:
103.278, 147.72
0, 108.065
Evaluation Time: 1.09928 seconds
Resulting Fitness: 0.241667
-------------
Particle: 17:
Relays Coordinates:
103.619, 143.477
0, 111.058
Evaluation Time: 1.09488 seconds
Resulting Fitness: 0.227778
-------------
Particle: 18:
Relays Coordinates:
103.516, 137.318
0, 103.918
Evaluation Time: 1.08767 seconds
Resulting Fitness: 0.225
-------------
Particle: 19:
Relays Coordinates:
87.851, 175.565
2.36424, 110.13
Evaluation Time: 1.05635 seconds
Resulting Fitness: 0.233333
-------------
Particle: 20:
Relays Coordinates:
88.3937, 174.882
0, 119.567
Evaluation Time: 1.14648 seconds
Resulting Fitness: 0.230556
Current global best fitness: 0.25
Current global best relays: 112.305, 156.296
0, 114.661
Particle 1 new velocities: 33.2061, 31.0048
6.53916, 21.7015
Particle 2 new velocities: 21.4078, 61.0428
0, 34.8152
Particle 3 new velocities: 4.92626, 55.1071
0, 32.0869
Particle 4 new velocities: 8.02602, 19.2285
0.326715, 4.46882
Particle 5 new velocities: 15.4591, 33.3629
0, 11.044
Particle 6 new velocities: 28.6095, 64.3088
0.824752, 29.2471
Particle 7 new velocities: 20.7238, 48.3791
0, 28.2937
Particle 8 new velocities: 68.0285, 39.2469
-2.49173, 17.7821
Particle 9 new velocities: 34.0666, 32.0821
10.1431, 19.7754
Particle 10 new velocities: 38.5709, 44.3608
0, 33.4202
Particle 11 new velocities: 17.5272, 47.7591
0, 26.7506
Particle 12 new velocities: 18.2961, 0.398891
0.00554607, -4.84924
Particle 13 new velocities: 25.0893, 50.734
0, 44.0862
Particle 14 new velocities: 37.4726, 47.6559
0, 35.4474
Particle 15 new velocities: 25.4159, 19.0327
0, 17.4893
Particle 16 new velocities: 36.074, 47.9342
0, 43.2961
Particle 17 new velocities: -3.96486, 11.3202
0, 5.54611
Particle 18 new velocities: 64.364, 74.6149
0, 60.116
Particle 19 new velocities: 29.9862, 111.856
0.403925, 65.8683
Particle 20 new velocities: -17.2572, 22.6022
0, 8.04192
-- ITERATION 13 --
-------------
Particle: 1:
Relays Coordinates:
99.0604, 158.967
5.29672, 113.426
Evaluation Time: 1.1087 seconds
Resulting Fitness: 0.241667
-------------
Particle: 2:
Relays Coordinates:
65.1351, 194.645
0, 103.801
Evaluation Time: 1.06943 seconds
Resulting Fitness: 0.247222
New local best!
-------------
Particle: 3:
Relays Coordinates:
82.8034, 175.353
0, 101.199
Evaluation Time: 1.07091 seconds
Resulting Fitness: 0.233333
New local best!
-------------
Particle: 4:
Relays Coordinates:
84.6377, 190.951
2.36029, 105.099
Evaluation Time: 1.08784 seconds
Resulting Fitness: 0.230556
-------------
Particle: 5:
Relays Coordinates:
94.1476, 151.035
0, 87.4244
Evaluation Time: 1.10329 seconds
Resulting Fitness: 0.244444
New local best!
-------------
Particle: 6:
Relays Coordinates:
102.119, 163.941
0.893447, 106.818
Evaluation Time: 1.11667 seconds
Resulting Fitness: 0.230556
-------------
Particle: 7:
Relays Coordinates:
101.896, 156.816
0, 111.269
Evaluation Time: 1.10562 seconds
Resulting Fitness: 0.238889
-------------
Particle: 8:
Relays Coordinates:
85.4966, 173.034
3.17164, 93.5323
Evaluation Time: 1.07955 seconds
Resulting Fitness: 0.233333
-------------
Particle: 9:
Relays Coordinates:
126.176, 166.275
20.1705, 115.007
Evaluation Time: 1.1197 seconds
Resulting Fitness: 0.252778
New local best!
New global best!
-------------
Particle: 10:
Relays Coordinates:
107.902, 151.742
0, 111.43
Evaluation Time: 1.10912 seconds
Resulting Fitness: 0.238889
-------------
Particle: 11:
Relays Coordinates:
101.45, 160.293
0, 105.229
Evaluation Time: 1.11587 seconds
Resulting Fitness: 0.238889
-------------
Particle: 12:
Relays Coordinates:
83.2973, 172.876
0.0772441, 98.5871
Evaluation Time: 1.0711 seconds
Resulting Fitness: 0.233333
-------------
Particle: 13:
Relays Coordinates:
91.1019, 146.777
0, 113.533
Evaluation Time: 1.10115 seconds
Resulting Fitness: 0.233333
-------------
Particle: 14:
Relays Coordinates:
106.734, 142.129
0, 102.224
Evaluation Time: 1.09703 seconds
Resulting Fitness: 0.233333
-------------
Particle: 15:
Relays Coordinates:
98.3123, 162.345
0, 106.293
Evaluation Time: 1.12908 seconds
Resulting Fitness: 0.236111
-------------
Particle: 16:
Relays Coordinates:
101.588, 142.632
0, 110.342
Evaluation Time: 1.10822 seconds
Resulting Fitness: 0.233333
-------------
Particle: 17:
Relays Coordinates:
99.6542, 154.797
0, 116.604
Evaluation Time: 1.10081 seconds
Resulting Fitness: 0.236111
-------------
Particle: 18:
Relays Coordinates:
110.146, 139.049
0, 107.623
Evaluation Time: 1.11307 seconds
Resulting Fitness: 0.219444
-------------
Particle: 19:
Relays Coordinates:
77.313, 188.577
1.81619, 115.472
Evaluation Time: 1.09828 seconds
Resulting Fitness: 0.230556
-------------
Particle: 20:
Relays Coordinates:
64.0228, 177.736
0, 114.848
Evaluation Time: 1.0955 seconds
Resulting Fitness: 0.225
Current global best fitness: 0.252778
Current global best relays: 126.176, 166.275
20.1705, 115.007
Particle 1 new velocities: 43.4242, 29.8597
18.2787, 20.2745
Particle 2 new velocities: 25.3064, 36.9933
6.12135, 36.9542
Particle 3 new velocities: 44.4067, 43.9738
16.0951, 35.6742
Particle 4 new velocities: 37.5658, -11.0212
7.40273, 12.9747
Particle 5 new velocities: 16.1152, 37.8606
22.5352, 42.2509
Particle 6 new velocities: 36.4517, 54.2346
2.68778, 40.6191
Particle 7 new velocities: 24.0457, 46.3002
23.2146, 28.3385
Particle 8 new velocities: 71.8596, 73.8607
5.06397, 29.4802
Particle 9 new velocities: 27.2533, 25.6657
8.11451, 15.8204
Particle 10 new velocities: 46.6852, 54.2336
1.16879, 34.7515
Particle 11 new velocities: 31.0199, 35.2092
7.43952, 32.8573
Particle 12 new velocities: 17.8384, 22.4206
24.3633, 11.524
Particle 13 new velocities: 30.8543, 62.0217
7.99852, 37.8628
Particle 14 new velocities: 50.1509, 56.0017
19.3747, 63.4543
Particle 15 new velocities: 15.6542, 67.4339
6.65431, 23.6659
Particle 16 new velocities: 30.6347, 53.8825
17.0678, 37.7911
Particle 17 new velocities: -3.11852, 8.88283
25.938, 1.37429
Particle 18 new velocities: 59.8023, 98.2875
19.3277, 61.7212
Particle 19 new velocities: 61.6035, 90.2133
6.17333, 55.186
Particle 20 new velocities: 42.7708, 36.3046
22.1063, 6.60024
-- ITERATION 14 --
-------------
Particle: 1:
Relays Coordinates:
115.413, 152.95
19.0961, 108.297
Evaluation Time: 1.11622 seconds
Resulting Fitness: 0.233333
-------------
Particle: 2:
Relays Coordinates:
73.2576, 187.627
4.95829, 114.012
Evaluation Time: 1.09882 seconds
Resulting Fitness: 0.227778
-------------
Particle: 3:
Relays Coordinates:
103.04, 177.655
13.0371, 110.867
Evaluation Time: 1.10712 seconds
Resulting Fitness: 0.233333
-------------
Particle: 4:
Relays Coordinates:
109.983, 161.936
8.78672, 106.267
Evaluation Time: 1.13359 seconds
Resulting Fitness: 0.238889
-------------
Particle: 5:
Relays Coordinates:
99.2365, 170.006
20.2817, 116.708
Evaluation Time: 1.11941 seconds
Resulting Fitness: 0.230556
-------------
Particle: 6:
Relays Coordinates:
101.018, 159.05
2.61071, 107.482
Evaluation Time: 1.14088 seconds
Resulting Fitness: 0.241667
-------------
Particle: 7:
Relays Coordinates:
102.013, 164.524
18.8038, 113.082
Evaluation Time: 1.1193 seconds
Resulting Fitness: 0.238889
-------------
Particle: 8:
Relays Coordinates:
92.9173, 145.789
4.86305, 72.6376
Evaluation Time: 1.1851 seconds
Resulting Fitness: 0.233333
-------------
Particle: 9:
Relays Coordinates:
124.278, 155.472
22.9108, 105.97
Evaluation Time: 1.18863 seconds
Resulting Fitness: 0.241667
-------------
Particle: 10:
Relays Coordinates:
101.425, 135.14
0.766845, 95.9097
Evaluation Time: 1.17021 seconds
Resulting Fitness: 0.216667
-------------
Particle: 11:
Relays Coordinates:
107.3, 158.357
6.02601, 111.85
Evaluation Time: 1.19067 seconds
Resulting Fitness: 0.236111
-------------
Particle: 12:
Relays Coordinates:
101.136, 195.297
24.4406, 110.111
Evaluation Time: 1.19823 seconds
Resulting Fitness: 0.233333
-------------
Particle: 13:
Relays Coordinates:
88.9061, 152.214
5.83092, 110.367
Evaluation Time: 1.18325 seconds
Resulting Fitness: 0.233333
-------------
Particle: 14:
Relays Coordinates:
102.932, 129.994
12.7117, 108.702
Evaluation Time: 1.1684 seconds
Resulting Fitness: 0.216667
-------------
Particle: 15:
Relays Coordinates:
92.3128, 186.121
5.38999, 105.267
Evaluation Time: 1.15268 seconds
Resulting Fitness: 0.233333
-------------
Particle: 16:
Relays Coordinates:
96.3901, 143.259
12.4424, 107.989
Evaluation Time: 1.16075 seconds
Resulting Fitness: 0.230556
-------------
Particle: 17:
Relays Coordinates:
86.8821, 147.312
23.3442, 106.181
Evaluation Time: 1.14201 seconds
Resulting Fitness: 0.230556
-------------
Particle: 18:
Relays Coordinates:
111.503, 155.716
12.6809, 111.107
Evaluation Time: 1.0989 seconds
Resulting Fitness: 0.238889
-------------
Particle: 19:
Relays Coordinates:
91.1431, 182.914
5.24193, 111.969
Evaluation Time: 1.06214 seconds
Resulting Fitness: 0.233333
-------------
Particle: 20:
Relays Coordinates:
96.1142, 192.636
19.8956, 109.304
Evaluation Time: 1.11145 seconds
Resulting Fitness: 0.233333
Current global best fitness: 0.252778
Current global best relays: 126.176, 166.275
20.1705, 115.007
Particle 1 new velocities: 20.763, 46.1129
8.36317, 27.9248
Particle 2 new velocities: 53.4439, 29.8862
-0.998951, 20.8029
Particle 3 new velocities: 17.4209, 30.6146
-1.94782, 24.3825
Particle 4 new velocities: 33.5035, 30.2614
8.16739, 14.0671
Particle 5 new velocities: 30.2606, 3.32438
-2.17655, -8.12524
Particle 6 new velocities: 39.6711, 49.5827
3.14174, 40.1549
Particle 7 new velocities: 42.7897, 31.1933
19.0042, 22.7436
Particle 8 new velocities: 60.3161, 79.1038
11.1435, 91.2122
Particle 9 new velocities: 23.7976, 39.4725
3.15866, 38.5517
Particle 10 new velocities: 55.6429, 81.1254
20.2924, 56.3878
Particle 11 new velocities: 27.109, 32.8351
13.6744, 27.1193
Particle 12 new velocities: 10.5533, -18.7779
-15.9046, -1.7019
Particle 13 new velocities: 31.921, 71.0298
20.0438, 39.6209
Particle 14 new velocities: 59.0324, 83.3457
7.15791, 61.9079
Particle 15 new velocities: 44.7515, 46.7986
8.14501, 33.9015
Particle 16 new velocities: 31.6952, 82.1489
3.07923, 34.7529
Particle 17 new velocities: 49.2205, 21.9523
-1.69531, 15.0368
Particle 18 new velocities: 63.2689, 79.7171
2.95325, 57.6794
Particle 19 new velocities: 63.6781, 87.9923
10.9077, 52.7361
Particle 20 new velocities: -1.29934, 4.0722
7.01935, 15.9853
-- ITERATION 15 --
-------------
Particle: 1:
Relays Coordinates:
110.302, 161.241
22.242, 110.34
Evaluation Time: 1.10898 seconds
Resulting Fitness: 0.236111
-------------
Particle: 2:
Relays Coordinates:
102.628, 176.185
3.20707, 109.2
Evaluation Time: 1.09117 seconds
Resulting Fitness: 0.230556
-------------
Particle: 3:
Relays Coordinates:
97.5735, 168.698
8.98228, 109.552
Evaluation Time: 1.12235 seconds
Resulting Fitness: 0.233333
-------------
Particle: 4:
Relays Coordinates:
116.224, 155.68
13.7328, 97.4703
Evaluation Time: 1.12513 seconds
Resulting Fitness: 0.236111
-------------
Particle: 5:
Relays Coordinates:
116.547, 155.997
16.2946, 97.7243
Evaluation Time: 1.10823 seconds
Resulting Fitness: 0.227778
-------------
Particle: 6:
Relays Coordinates:
113.958, 168.992
4.65949, 119.586
Evaluation Time: 1.12325 seconds
Resulting Fitness: 0.233333
-------------
Particle: 7:
Relays Coordinates:
117.29, 158.531
30.6245, 110.019
Evaluation Time: 1.1371 seconds
Resulting Fitness: 0.238889
-------------
Particle: 8:
Relays Coordinates:
100.536, 147.552
10.5019, 107.502
Evaluation Time: 1.11827 seconds
Resulting Fitness: 0.238889
-------------
Particle: 9:
Relays Coordinates:
119.941, 157.905
21.1163, 117.063
Evaluation Time: 1.14004 seconds
Resulting Fitness: 0.238889
-------------
Particle: 10:
Relays Coordinates:
114.502, 157.658
15.3522, 111.025
Evaluation Time: 1.1542 seconds
Resulting Fitness: 0.238889
-------------
Particle: 11:
Relays Coordinates:
108.872, 154.866
15.9574, 112.565
Evaluation Time: 1.12587 seconds
Resulting Fitness: 0.236111
-------------
Particle: 12:
Relays Coordinates:
100.52, 158.867
7.68237, 97.5683
Evaluation Time: 1.11672 seconds
Resulting Fitness: 0.236111
-------------
Particle: 13:
Relays Coordinates:
88.0829, 162.745
18.8627, 109.341
Evaluation Time: 1.20261 seconds
Resulting Fitness: 0.233333
-------------
Particle: 14:
Relays Coordinates:
106.265, 139.972
13.0365, 111.937
Evaluation Time: 1.11907 seconds
Resulting Fitness: 0.216667
-------------
Particle: 15:
Relays Coordinates:
99.9199, 169.798
9.86702, 101.454
Evaluation Time: 1.22292 seconds
Resulting Fitness: 0.230556
-------------
Particle: 16:
Relays Coordinates:
103.749, 182.58
12.5725, 115.621
Evaluation Time: 1.13412 seconds
Resulting Fitness: 0.233333
-------------
Particle: 17:
Relays Coordinates:
122.492, 152.338
19.484, 109.096
Evaluation Time: 1.10581 seconds
Resulting Fitness: 0.227778
-------------
Particle: 18:
Relays Coordinates:
114.668, 154.468
10.2576, 110.741
Evaluation Time: 1.13211 seconds
Resulting Fitness: 0.230556
-------------
Particle: 19:
Relays Coordinates:
101.578, 177.742
10.5958, 108.063
Evaluation Time: 1.09347 seconds
Resulting Fitness: 0.230556
-------------
Particle: 20:
Relays Coordinates:
85.3334, 177.038
24.2235, 112.76
Evaluation Time: 1.07424 seconds
Resulting Fitness: 0.233333
Current global best fitness: 0.252778
Current global best relays: 126.176, 166.275
20.1705, 115.007
Particle 1 new velocities: 8.36355, 37.5085
-25.021, 30.1626
Particle 2 new velocities: 49.4122, 25.9104
6.33316, 16.2867
Particle 3 new velocities: 28.5109, 32.2196
6.91494, 20.1823
Particle 4 new velocities: 17.4589, 40.277
3.33862, 33.1455
Particle 5 new velocities: 24.1898, 7.08371
-24.3202, -13.4473
Particle 6 new velocities: 35.3826, 34.4419
4.55033, 26.9466
Particle 7 new velocities: 34.13, 27.9749
-12.5364, 20.2188
Particle 8 new velocities: 53.4043, 164.167
18.7846, 76.7357
Particle 9 new velocities: 25.2752, 44.8473
0.810446, 25.7288
Particle 10 new velocities: 52.7974, 77.4645
-2.6315, 51.7146
Particle 11 new velocities: 21.7984, 36.2258
4.53949, 20.1687
Particle 12 new velocities: -19.921, -10.739
-10.721, 0.547099
Particle 13 new velocities: 76.8072, 59.2472
-3.29951, 50.4113
Particle 14 new velocities: 69.661, 96.5227
-1.23928, 61.4027
Particle 15 new velocities: 35.4794, 44.8763
-1.57927, 40.6467
Particle 16 new velocities: 34.8759, 21.055
0.232748, 24.6095
Particle 17 new velocities: 38.0533, 21.3591
-3.08092, 23.2558
Particle 18 new velocities: 61.9832, 67.5572
-4.64629, 50.4695
Particle 19 new velocities: 55.6585, 75.6664
10.2482, 47.0666
Particle 20 new velocities: 10.8006, 17.9408
-37.3618, 17.4382
-- ITERATION 16 --
-------------
Particle: 1:
Relays Coordinates:
96.1193, 160.987
0, 113.807
Evaluation Time: 1.10489 seconds
Resulting Fitness: 0.238889
-------------
Particle: 2:
Relays Coordinates:
110.837, 147.328
6.95483, 91.4797
Evaluation Time: 1.12437 seconds
Resulting Fitness: 0.227778
-------------
Particle: 3:
Relays Coordinates:
113.476, 180.826
14.3075, 116.761
Evaluation Time: 1.27884 seconds
Resulting Fitness: 0.236111
New local best!
-------------
Particle: 4:
Relays Coordinates:
108.283, 158.725
13.8279, 105.799
Evaluation Time: 1.13175 seconds
Resulting Fitness: 0.238889
-------------
Particle: 5:
Relays Coordinates:
102.597, 118.886
0, 61.4379
Evaluation Time: 1.0986 seconds
Resulting Fitness: 0.205556
-------------
Particle: 6:
Relays Coordinates:
108.87, 148.304
6.71395, 106.822
Evaluation Time: 1.11801 seconds
Resulting Fitness: 0.230556
-------------
Particle: 7:
Relays Coordinates:
122.65, 151.07
14.6514, 105.493
Evaluation Time: 1.0846 seconds
Resulting Fitness: 0.225
-------------
Particle: 8:
Relays Coordinates:
90.9005, 184.067
17.2934, 108.79
Evaluation Time: 1.0768 seconds
Resulting Fitness: 0.233333
-------------
Particle: 9:
Relays Coordinates:
117.625, 164.229
17.7607, 115.661
Evaluation Time: 1.12755 seconds
Resulting Fitness: 0.244444
-------------
Particle: 10:
Relays Coordinates:
109.765, 154.264
8.34603, 106.773
Evaluation Time: 1.12151 seconds
Resulting Fitness: 0.236111
-------------
Particle: 11:
Relays Coordinates:
105.843, 154.784
16.6024, 107.514
Evaluation Time: 1.12394 seconds
Resulting Fitness: 0.241667
-------------
Particle: 12:
Relays Coordinates:
80.599, 148.128
0, 98.1154
Evaluation Time: 1.10814 seconds
Resulting Fitness: 0.227778
-------------
Particle: 13:
Relays Coordinates:
120.205, 161.832
11.3455, 116.46
Evaluation Time: 1.13743 seconds
Resulting Fitness: 0.247222
New local best!
-------------
Particle: 14:
Relays Coordinates:
115.425, 155.164
7.74014, 113.728
Evaluation Time: 1.14741 seconds
Resulting Fitness: 0.238889
-------------
Particle: 15:
Relays Coordinates:
109.673, 173.886
6.71307, 115.101
Evaluation Time: 1.11458 seconds
Resulting Fitness: 0.227778
-------------
Particle: 16:
Relays Coordinates:
112.286, 164.945
10.3723, 113.587
Evaluation Time: 1.13881 seconds
Resulting Fitness: 0.244444
-------------
Particle: 17:
Relays Coordinates:
117.038, 126.625
11.9579, 96.4842
Evaluation Time: 1.08838 seconds
Resulting Fitness: 0.216667
-------------
Particle: 18:
Relays Coordinates:
115.901, 145.671
3.68156, 105.77
Evaluation Time: 1.10919 seconds
Resulting Fitness: 0.219444
-------------
Particle: 19:
Relays Coordinates:
103.163, 166.261
13.6757, 101.781
Evaluation Time: 1.10804 seconds
Resulting Fitness: 0.233333
-------------
Particle: 20:
Relays Coordinates:
86.5206, 175.481
0, 117.178
Evaluation Time: 1.11435 seconds
Resulting Fitness: 0.230556
Current global best fitness: 0.252778
Current global best relays: 126.176, 166.275
20.1705, 115.007
Particle 1 new velocities: 35.6047, 34.2345
20.198, 25.6613
Particle 2 new velocities: 14.1161, 46.658
11.0534, 54.9865
Particle 3 new velocities: 34.9793, 17.5836
10.2858, 15.1706
Particle 4 new velocities: 14.5021, 75.1662
-4.23902, 34.9689
Particle 5 new velocities: 21.7153, 114.046
15.1575, 6.87883
Particle 6 new velocities: 38.1054, 66.0812
-1.72981, 30.0705
Particle 7 new velocities: 25.7989, 36.9461
-18.5847, 24.7671
Particle 8 new velocities: 6.89527, 115.271
10.1894, 61.5824
Particle 9 new velocities: 39.1139, 39.1816
3.62307, 20.1967
Particle 10 new velocities: 56.539, 76.1053
-0.688686, 61.8133
Particle 11 new velocities: 32.296, 41.003
-16.3823, 24.8825
Particle 12 new velocities: 19.9204, 15.5926
8.849, 19.2932
Particle 13 new velocities: 65.6305, 52.9926
-1.58055, 39.7542
Particle 14 new velocities: 51.9898, 89.0057
14.0277, 57.4408
Particle 15 new velocities: -28.9175, 45.3769
0.749946, 28.5723
Particle 16 new velocities: 24.716, 7.63301
-12.5275, 20.5723
Particle 17 new velocities: -10.6597, 57.7332
-4.4269, 58.1391
Particle 18 new velocities: 55.2759, 68.566
3.55804, 45.734
Particle 19 new velocities: 34.2333, 121.591
-3.32358, 66.553
Particle 20 new velocities: 35.7936, 10.1667
24.7304, 10.9695
-- ITERATION 17 --
-------------
Particle: 1:
Relays Coordinates:
106.696, 158.129
16.3604, 112.969
Evaluation Time: 1.16637 seconds
Resulting Fitness: 0.233333
-------------
Particle: 2:
Relays Coordinates:
101.212, 157.129
14.5867, 118.638
Evaluation Time: 1.12468 seconds
Resulting Fitness: 0.230556
-------------
Particle: 3:
Relays Coordinates:
120.249, 160.712
19.9206, 106.865
Evaluation Time: 1.15668 seconds
Resulting Fitness: 0.244444
New local best!
-------------
Particle: 4:
Relays Coordinates:
99.4561, 189.452
7.76697, 114.022
Evaluation Time: 1.15581 seconds
Resulting Fitness: 0.230556
-------------
Particle: 5:
Relays Coordinates:
73.4054, 137.544
8.95033, 40.3404
Evaluation Time: 1.10749 seconds
Resulting Fitness: 0.208333
-------------
Particle: 6:
Relays Coordinates:
107.145, 156.287
3.63344, 99.7947
Evaluation Time: 1.12999 seconds
Resulting Fitness: 0.244444
New local best!
-------------
Particle: 7:
Relays Coordinates:
108.219, 137.064
0, 94.9594
Evaluation Time: 1.10768 seconds
Resulting Fitness: 0.216667
-------------
Particle: 8:
Relays Coordinates:
64.1638, 196.396
18.0314, 111.782
Evaluation Time: 1.08948 seconds
Resulting Fitness: 0.236111
-------------
Particle: 9:
Relays Coordinates:
114.263, 148.287
15.5887, 99.0403
Evaluation Time: 1.14618 seconds
Resulting Fitness: 0.230556
-------------
Particle: 10:
Relays Coordinates:
109.112, 151.145
5.02399, 110.61
Evaluation Time: 1.10801 seconds
Resulting Fitness: 0.233333
-------------
Particle: 11:
Relays Coordinates:
100.703, 142.729
0.160454, 96.5173
Evaluation Time: 1.09776 seconds
Resulting Fitness: 0.236111
-------------
Particle: 12:
Relays Coordinates:
100.519, 163.721
8.849, 117.409
Evaluation Time: 1.12838 seconds
Resulting Fitness: 0.236111
-------------
Particle: 13:
Relays Coordinates:
109.734, 126.852
5.76613, 92.2428
Evaluation Time: 1.10115 seconds
Resulting Fitness: 0.216667
-------------
Particle: 14:
Relays Coordinates:
109.841, 160.2
14.2819, 112.304
Evaluation Time: 1.12399 seconds
Resulting Fitness: 0.236111
-------------
Particle: 15:
Relays Coordinates:
65.4123, 177.603
6.04504, 116.376
Evaluation Time: 1.09016 seconds
Resulting Fitness: 0.225
-------------
Particle: 16:
Relays Coordinates:
110.972, 139.788
0, 108.669
Evaluation Time: 1.11793 seconds
Resulting Fitness: 0.216667
-------------
Particle: 17:
Relays Coordinates:
77.5496, 134.397
5.49008, 112.72
Evaluation Time: 1.11237 seconds
Resulting Fitness: 0.227778
-------------
Particle: 18:
Relays Coordinates:
112.309, 140.561
4.7499, 99.4017
Evaluation Time: 1.10129 seconds
Resulting Fitness: 0.219444
-------------
Particle: 19:
Relays Coordinates:
90.1457, 188.86
6.79205, 110.444
Evaluation Time: 1.0687 seconds
Resulting Fitness: 0.230556
-------------
Particle: 20:
Relays Coordinates:
110.083, 167.083
22.2573, 115.333
Evaluation Time: 1.10712 seconds
Resulting Fitness: 0.233333
Current global best fitness: 0.252778
Current global best relays: 126.176, 166.275
20.1705, 115.007
Particle 1 new velocities: 20.2092, 31.62
14.5448, 24.3526
Particle 2 new velocities: -19.7984, 47.5865
-0.677333, 29.4299
Particle 3 new velocities: 33.6429, 16.0295
8.54568, 12.6813
Particle 4 new velocities: -9.50394, 61.3214
-2.34661, 24.8356
Particle 5 new velocities: 62.6219, 116.24
8.86453, 27.2084
Particle 6 new velocities: 42.2196, 53.4932
0.728494, 31.9398
Particle 7 new velocities: 20.518, 38.6439
2.26127, 64.9484
Particle 8 new velocities: 39.7765, 92.5427
5.8182, 47.0555
Particle 9 new velocities: 60.5087, 75.8218
9.51874, 42.5048
Particle 10 new velocities: 62.1574, 84.7806
-0.490238, 60.5608
Particle 11 new velocities: 55.5796, 62.8621
4.50012, 36.2013
Particle 12 new velocities: 15.0865, 28.6915
-3.3972, 12.6332
Particle 13 new velocities: 76.0207, 95.0213
6.38892, 67.932
Particle 14 new velocities: 41.0634, 59.2755
13.6081, 58.1214
Particle 15 new velocities: 20.9987, 38.0396
-1.60086, 15.8855
Particle 16 new velocities: 18.3322, 35.0331
18.629, 23.2303
Particle 17 new velocities: 54.2917, 81.8759
4.23519, 46.8505
Particle 18 new velocities: 47.5689, 92.3025
1.41583, 67.7582
Particle 19 new velocities: 44.5863, 93.3357
0.679057, 60.2618
Particle 20 new velocities: 1.83911, 8.81422
-2.8456, 7.88894
-- ITERATION 18 --
-------------
Particle: 1:
Relays Coordinates:
102.794, 153.697
25.0332, 111.231
Evaluation Time: 1.12478 seconds
Resulting Fitness: 0.241667
-------------
Particle: 2:
Relays Coordinates:
59.3508, 149.237
10.1399, 107.941
Evaluation Time: 1.07286 seconds
Resulting Fitness: 0.219444
-------------
Particle: 3:
Relays Coordinates:
124.652, 143.161
23.0577, 96.8322
Evaluation Time: 1.11026 seconds
Resulting Fitness: 0.222222
-------------
Particle: 4:
Relays Coordinates:
72.8613, 203.127
4.3905, 112.475
Evaluation Time: 1.10829 seconds
Resulting Fitness: 0.244444
-------------
Particle: 5:
Relays Coordinates:
72.2905, 134.871
9.46755, 35.8982
Evaluation Time: 1.14003 seconds
Resulting Fitness: 0.211111
-------------
Particle: 6:
Relays Coordinates:
97.9979, 137.637
2.86186, 86.431
Evaluation Time: 1.09575 seconds
Resulting Fitness: 0.225
-------------
Particle: 7:
Relays Coordinates:
93.8496, 128.091
1.64847, 116.573
Evaluation Time: 1.0925 seconds
Resulting Fitness: 0.216667
-------------
Particle: 8:
Relays Coordinates:
75.7724, 210.636
17.3864, 115.792
Evaluation Time: 1.15156 seconds
Resulting Fitness: 0.258333
New local best!
New global best!
-------------
Particle: 9:
Relays Coordinates:
114.668, 147.038
16.473, 92.8677
Evaluation Time: 1.10997 seconds
Resulting Fitness: 0.230556
-------------
Particle: 10:
Relays Coordinates:
112.37, 154.791
2.97459, 112.305
Evaluation Time: 1.12383 seconds
Resulting Fitness: 0.238889
-------------
Particle: 11:
Relays Coordinates:
102.537, 134.888
3.0578, 87.0767
Evaluation Time: 1.08444 seconds
Resulting Fitness: 0.213889
-------------
Particle: 12:
Relays Coordinates:
104.045, 173.171
4.90662, 117.038
Evaluation Time: 1.12127 seconds
Resulting Fitness: 0.233333
-------------
Particle: 13:
Relays Coordinates:
109.686, 131.014
7.17743, 94.5816
Evaluation Time: 1.09606 seconds
Resulting Fitness: 0.216667
-------------
Particle: 14:
Relays Coordinates:
99.0083, 143.998
18.2986, 111.816
Evaluation Time: 1.0857 seconds
Resulting Fitness: 0.227778
-------------
Particle: 15:
Relays Coordinates:
77.7699, 194.079
3.99976, 119.035
Evaluation Time: 1.11472 seconds
Resulting Fitness: 0.225
-------------
Particle: 16:
Relays Coordinates:
116.374, 157.339
16.7661, 118.709
Evaluation Time: 1.14869 seconds
Resulting Fitness: 0.238889
-------------
Particle: 17:
Relays Coordinates:
96.1123, 157.663
7.08972, 116.327
Evaluation Time: 1.10085 seconds
Resulting Fitness: 0.236111
-------------
Particle: 18:
Relays Coordinates:
104.896, 152.782
4.04533, 109.674
Evaluation Time: 1.13172 seconds
Resulting Fitness: 0.241667
-------------
Particle: 19:
Relays Coordinates:
88.3977, 185.148
4.9018, 112
Evaluation Time: 1.09398 seconds
Resulting Fitness: 0.230556
-------------
Particle: 20:
Relays Coordinates:
100.73, 158.307
17.4705, 110.9
Evaluation Time: 1.33985 seconds
Resulting Fitness: 0.238889
Current global best fitness: 0.258333
Current global best relays: 75.7724, 210.636
17.3864, 115.792
Particle 1 new velocities: 7.10976, 56.6378
6.76359, 22.3802
Particle 2 new velocities: -2.02484, 96.0784
-13.2485, 22.5411
Particle 3 new velocities: -30.6889, 70.2731
-0.556858, 32.7696
Particle 4 new velocities: -17.2634, 45.7752
14.2897, 21.8183
Particle 5 new velocities: 84.5954, 132.949
3.7895, 130.2
Particle 6 new velocities: 38.8405, 69.0098
14.985, 58.3893
Particle 7 new velocities: 15.2992, 150.597
3.59449, 49.5264
Particle 8 new velocities: 31.8212, 74.0342
4.65456, 37.6444
Particle 9 new velocities: 33.2705, 79.5376
9.79865, 77.1846
Particle 10 new velocities: 30.1516, 131.431
6.37718, 53.3078
Particle 11 new velocities: 26.7866, 66.8375
11.1181, 57.7613
Particle 12 new velocities: -48.6644, 65.9463
12.0805, 1.03221
Particle 13 new velocities: 45.7705, 185.83
17.0064, 94.4483
Particle 14 new velocities: 11.8042, 65.1826
5.70772, 57.2346
Particle 15 new velocities: 9.58009, 40.5109
7.69225, 3.19921
Particle 16 new velocities: -57.937, 66.026
7.05129, 13.5481
Particle 17 new velocities: 19.1655, 105.948
13.5525, 35.1402
Particle 18 new velocities: 34.9447, 127.726
-0.270761, 62.9183
Particle 19 new velocities: 15.1791, 85.1019
6.24339, 55.7825
Particle 20 new velocities: -36.8969, 57.6991
-21.5998, 8.08026
-- ITERATION 19 --
-------------
Particle: 1:
Relays Coordinates:
89.0217, 170.371
25.7554, 108.225
Evaluation Time: 1.09709 seconds
Resulting Fitness: 0.230556
-------------
Particle: 2:
Relays Coordinates:
51.5933, 220.784
0, 117.434
Evaluation Time: 1.14827 seconds
Resulting Fitness: 0.211111
-------------
Particle: 3:
Relays Coordinates:
84.5671, 192.09
20.2507, 116.642
Evaluation Time: 1.09629 seconds
Resulting Fitness: 0.230556
-------------
Particle: 4:
Relays Coordinates:
45.0343, 201.61
15.131, 108.777
Evaluation Time: 1.08414 seconds
Resulting Fitness: 0.216667
-------------
Particle: 5:
Relays Coordinates:
102.933, 175.717
8.69795, 108.977
Evaluation Time: 1.09012 seconds
Resulting Fitness: 0.233333
-------------
Particle: 6:
Relays Coordinates:
110.839, 167.384
14.456, 117.304
Evaluation Time: 1.12987 seconds
Resulting Fitness: 0.238889
-------------
Particle: 7:
Relays Coordinates:
71.6125, 182.847
3.43991, 108.978
Evaluation Time: 1.08609 seconds
Resulting Fitness: 0.233333
-------------
Particle: 8:
Relays Coordinates:
78.4358, 207.525
16.0678, 111.855
Evaluation Time: 1.12034 seconds
Resulting Fitness: 0.25
-------------
Particle: 9:
Relays Coordinates:
97.0622, 148.656
17.2368, 111.571
Evaluation Time: 1.11721 seconds
Resulting Fitness: 0.236111
-------------
Particle: 10:
Relays Coordinates:
93.5084, 187.79
6.13569, 108.659
Evaluation Time: 1.07827 seconds
Resulting Fitness: 0.230556
-------------
Particle: 11:
Relays Coordinates:
104.752, 163.398
11.4825, 117.319
Evaluation Time: 1.16406 seconds
Resulting Fitness: 0.233333
-------------
Particle: 12:
Relays Coordinates:
49.8429, 215.206
15.2884, 106.263
Evaluation Time: 1.10035 seconds
Resulting Fitness: 0.216667
-------------
Particle: 13:
Relays Coordinates:
91.7957, 187.093
14.2803, 111.62
Evaluation Time: 1.07624 seconds
Resulting Fitness: 0.233333
-------------
Particle: 14:
Relays Coordinates:
72.7041, 137.243
15.7505, 110.914
Evaluation Time: 1.09905 seconds
Resulting Fitness: 0.225
-------------
Particle: 15:
Relays Coordinates:
70.7535, 190.018
9.47053, 99.0097
Evaluation Time: 1.09803 seconds
Resulting Fitness: 0.238889
-------------
Particle: 16:
Relays Coordinates:
47.3337, 180.926
19.2921, 107.129
Evaluation Time: 1.08939 seconds
Resulting Fitness: 0.211111
-------------
Particle: 17:
Relays Coordinates:
84.0376, 192.173
15.0482, 110.42
Evaluation Time: 1.0877 seconds
Resulting Fitness: 0.233333
-------------
Particle: 18:
Relays Coordinates:
91.7494, 184.041
2.4765, 113.238
Evaluation Time: 1.08605 seconds
Resulting Fitness: 0.225
-------------
Particle: 19:
Relays Coordinates:
67.9567, 177.311
7.31236, 110.082
Evaluation Time: 1.1206 seconds
Resulting Fitness: 0.230556
-------------
Particle: 20:
Relays Coordinates:
63.8328, 216.006
0, 118.98
Evaluation Time: 1.14928 seconds
Resulting Fitness: 0.244444
New local best!
Current global best fitness: 0.258333
Current global best relays: 75.7724, 210.636
17.3864, 115.792
Particle 1 new velocities: -3.00609, 89.0656
-37.7229, 35.4389
Particle 2 new velocities: 20.6163, 69.3075
12.1209, 3.48938
Particle 3 new velocities: -29.869, 41.2445
-1.9828, 14.9061
Particle 4 new velocities: 45.3331, 32.9805
9.15212, 19.3875
Particle 5 new velocities: 54.7897, 102.526
-8.34337, 91.4922
Particle 6 new velocities: 22.98, 81.4707
5.85764, 24.8918
Particle 7 new velocities: 51.9356, 137.918
14.4751, 43.445
Particle 8 new velocities: 20.5136, 65.2247
6.79072, 39.706
Particle 9 new velocities: 42.5305, 120.947
12.7087, 69.4903
Particle 10 new velocities: 12.8414, 99.3404
6.0354, 53.5375
Particle 11 new velocities: 22.8605, 55.7832
-6.05576, 37.489
Particle 12 new velocities: -7.2599, 34.8378
-0.61587, -2.66062
Particle 13 new velocities: 64.1887, 115.321
12.3415, 85.4039
Particle 14 new velocities: 30.1483, 71.2539
-13.0005, 50.0337
Particle 15 new velocities: 10.0137, 47.8562
-3.50938, 32.9496
Particle 16 new velocities: -3.66239, 63.3151
-2.11988, 13.7744
Particle 17 new velocities: 19.6717, 85.6353
-11.0435, 30.148
Particle 18 new velocities: 24.4658, 94.73
14.1245, 50.9361
Particle 19 new velocities: 23.4952, 122.989
9.78788, 46.8801
Particle 20 new velocities: -22.8354, 43.808
12.5142, 3.76144
-- ITERATION 20 --
-------------
Particle: 1:
Relays Coordinates:
69.6726, 210.144
0, 116.368
Evaluation Time: 1.13319 seconds
Resulting Fitness: 0.236111
-------------
Particle: 2:
Relays Coordinates:
47.3767, 190.329
7.95251, 79.3379
Evaluation Time: 1.09344 seconds
Resulting Fitness: 0.222222
-------------
Particle: 3:
Relays Coordinates:
49.2283, 210.001
16.4411, 118.393
Evaluation Time: 1.12109 seconds
Resulting Fitness: 0.219444
-------------
Particle: 4:
Relays Coordinates:
81.3306, 211.132
21.8548, 115.348
Evaluation Time: 1.1715 seconds
Resulting Fitness: 0.258333
New local best!
-------------
Particle: 5:
Relays Coordinates:
93.1336, 164.3
0.209375, 118.375
Evaluation Time: 1.10058 seconds
Resulting Fitness: 0.238889
-------------
Particle: 6:
Relays Coordinates:
97.5542, 181.415
14.8086, 103.661
Evaluation Time: 1.09379 seconds
Resulting Fitness: 0.233333
-------------
Particle: 7:
Relays Coordinates:
72.954, 189.409
10.5787, 90.004
Evaluation Time: 1.11191 seconds
Resulting Fitness: 0.236111
-------------
Particle: 8:
Relays Coordinates:
72.1341, 198.834
16.6639, 110.488
Evaluation Time: 1.11248 seconds
Resulting Fitness: 0.247222
-------------
Particle: 9:
Relays Coordinates:
82.4281, 159.198
17.6826, 106.915
Evaluation Time: 1.09351 seconds
Resulting Fitness: 0.233333
-------------
Particle: 10:
Relays Coordinates:
77.529, 209.318
8.87272, 118.241
Evaluation Time: 1.163 seconds
Resulting Fitness: 0.241667
New local best!
-------------
Particle: 11:
Relays Coordinates:
93.0297, 159.783
3.95607, 112.855
Evaluation Time: 1.12969 seconds
Resulting Fitness: 0.241667
-------------
Particle: 12:
Relays Coordinates:
31.043, 182.282
10.6963, 75.526
Evaluation Time: 1.07764 seconds
Resulting Fitness: 0.205556
-------------
Particle: 13:
Relays Coordinates:
92.1072, 178.573
15.7199, 116.341
Evaluation Time: 1.07799 seconds
Resulting Fitness: 0.230556
-------------
Particle: 14:
Relays Coordinates:
74.9794, 151.994
2.00478, 117.331
Evaluation Time: 1.11555 seconds
Resulting Fitness: 0.225
-------------
Particle: 15:
Relays Coordinates:
72.6905, 214.086
5.36504, 118.763
Evaluation Time: 1.13714 seconds
Resulting Fitness: 0.255556
New local best!
-------------
Particle: 16:
Relays Coordinates:
39.3042, 219.817
15.455, 108.813
Evaluation Time: 1.06276 seconds
Resulting Fitness: 0.219444
-------------
Particle: 17:
Relays Coordinates:
68.0436, 182.27
2.62744, 92.2265
Evaluation Time: 1.09986 seconds
Resulting Fitness: 0.233333
-------------
Particle: 18:
Relays Coordinates:
76.2488, 182.902
10.8919, 107.714
Evaluation Time: 1.1156 seconds
Resulting Fitness: 0.233333
-------------
Particle: 19:
Relays Coordinates:
66.6684, 218.919
12.4661, 114.425
Evaluation Time: 1.1328 seconds
Resulting Fitness: 0.255556
New local best!
-------------
Particle: 20:
Relays Coordinates:
33.2079, 210.45
10.1365, 99.4206
Evaluation Time: 1.06998 seconds
Resulting Fitness: 0.211111
Final Evaluation Time: 466.09 seconds
Final global best fitness: 0.258333
Final global best relays:
75.7724, 210.636
17.3864, 115.792
