ITERATION: 0
new best fitness: 0.133333
ITERATION: 1
new best fitness: 0.152778
ITERATION: 3
new best fitness: 0.166667
ITERATION: 4
new best fitness: 0.258333
ITERATION: 11
new best fitness: 0.269444
ITERATION: 21
new best fitness: 0.272222
ITERATION: 32
new best fitness: 0.283333
ITERATION: 40
new best fitness: 0.327778
ITERATION: 256
new best fitness: 0.330556
Final Evaluation Time: 432.779 seconds
Final global best fitness: 0.330556
Final global best relays:
145.319, 59.8925
256.748, 78.1311
46.3204, 100.119
