PSO EXECUTION
============================
Seed: 1555680
Particles: 20
Relays: 2
Iterations: 20
Backend: Simulation
Network Configuration: 3
Area: 500 x 500
Sink: 0, 0
Simulated Relay range: 155
w: 0.8
c1: 1.7
c2: 1.3

Relay Nodes Positions: 
PARTICLE 1: 
138.516, 65.0709
138.891, 42.138
PARTICLE 2: 
92.7765, 46.9151
141.84, 11.9944
PARTICLE 3: 
58.3099, 112.165
174.541, 44.5465
PARTICLE 4: 
31.3742, 118.846
17.5597, 14.0362
PARTICLE 5: 
82.393, 120.947
151.33, 25.1114
PARTICLE 6: 
222.19, 166.728
120.794, 57.6733
PARTICLE 7: 
16.7837, 37.3963
58.5001, 3.33834
PARTICLE 8: 
101.719, 29.1837
137.028, 15.6948
PARTICLE 9: 
147.229, 36.4349
6.79169, 107.687
PARTICLE 10: 
79.7266, 65.3194
64.6522, 150.586
PARTICLE 11: 
19.3994, 74.5271
49.3795, 144.483
PARTICLE 12: 
4.38052, 165.191
49.3182, 19.0006
PARTICLE 13: 
199.484, 8.97831
114.824, 4.57247
PARTICLE 14: 
38.981, 65.4596
63.3965, 17.0008
PARTICLE 15: 
70.2813, 216.845
6.34889, 119.784
PARTICLE 16: 
202.789, 28.6019
69.5797, 94.3986
PARTICLE 17: 
13.0313, 121.007
84.022, 107.507
PARTICLE 18: 
28.7336, 167.362
37.1482, 79.2393
PARTICLE 19: 
127.93, 33.9781
44.0837, 135.135
PARTICLE 20: 
72.1542, 87.2988
158.828, 41.5198
Nodes Positions: 
430.696, 206.172
35.4191, 421.2
195.689, 482.69
298.786, 181.221
380.062, 28.6931
391.336, 254.398
107.968, 455.037
401.846, 17.0577
315.636, 219.54
228.485, 214.808
30.2897, 12.943
333.897, 169.687
117.824, 322.98
3.41665, 289.122
368.412, 142.002
185.578, 342.691
415.934, 194.657
177.374, 487.048
163.837, 404.41
20.3612, 301.448
116.623, 117.653
42.218, 393.27
13.8867, 75.5106
138.689, 328.06
79.769, 375.91
449.142, 233.249
483.834, 352.016
218.11, 239.153
348.761, 141.039
306.731, 468.46
327.036, 415.629
362.247, 152.457
240.061, 88.5246
324.087, 163.455
169.855, 428.65
85.3554, 463.329
56.5288, 364.471
283.182, 68.575
480.485, 444.65
468.412, 110.537
127.373, 294.826
435.128, 7.40817
74.0242, 283.116
204.136, 187.199
394.109, 57.4577
147.528, 268.135
419.742, 95.4679
252.571, 258.777
212.146, 66.3246
357.792, 313.087
457.476, 39.7418
93.7587, 107.143
274.387, 384.089
461.993, 367.883
266.131, 434.062
243.567, 128.22
286.868, 48.5324
65.6997, 339.105
151.367, 244.98
495.526, 498.559
All particles start with velocity zero
-- ITERATION 0 --
-------------
Particle: 1:
Relays Coordinates:
138.516, 65.0709
138.891, 42.138
Evaluation Time: 1.01657 seconds
Resulting Fitness: 0.0666667
New local best!
New global best!
-------------
Particle: 2:
Relays Coordinates:
92.7765, 46.9151
141.84, 11.9944
Evaluation Time: 0.969191 seconds
Resulting Fitness: 0.0666667
New local best!
-------------
Particle: 3:
Relays Coordinates:
58.3099, 112.165
174.541, 44.5465
Evaluation Time: 1.05653 seconds
Resulting Fitness: 0.1
New local best!
New global best!
-------------
Particle: 4:
Relays Coordinates:
31.3742, 118.846
17.5597, 14.0362
Evaluation Time: 0.963504 seconds
Resulting Fitness: 0.05
New local best!
-------------
Particle: 5:
Relays Coordinates:
82.393, 120.947
151.33, 25.1114
Evaluation Time: 1.05168 seconds
Resulting Fitness: 0.0666667
New local best!
-------------
Particle: 6:
Relays Coordinates:
222.19, 166.728
120.794, 57.6733
Evaluation Time: 1.18408 seconds
Resulting Fitness: 0.141667
New local best!
New global best!
-------------
Particle: 7:
Relays Coordinates:
16.7837, 37.3963
58.5001, 3.33834
Evaluation Time: 0.922415 seconds
Resulting Fitness: 0.0333333
New local best!
-------------
Particle: 8:
Relays Coordinates:
101.719, 29.1837
137.028, 15.6948
Evaluation Time: 0.98697 seconds
Resulting Fitness: 0.0638889
New local best!
-------------
Particle: 9:
Relays Coordinates:
147.229, 36.4349
6.79169, 107.687
Evaluation Time: 0.985966 seconds
Resulting Fitness: 0.0611111
New local best!
-------------
Particle: 10:
Relays Coordinates:
79.7266, 65.3194
64.6522, 150.586
Evaluation Time: 1.04659 seconds
Resulting Fitness: 0.0666667
New local best!
-------------
Particle: 11:
Relays Coordinates:
19.3994, 74.5271
49.3795, 144.483
Evaluation Time: 0.993268 seconds
Resulting Fitness: 0.05
New local best!
-------------
Particle: 12:
Relays Coordinates:
4.38052, 165.191
49.3182, 19.0006
Evaluation Time: 0.997106 seconds
Resulting Fitness: 0.0333333
New local best!
-------------
Particle: 13:
Relays Coordinates:
199.484, 8.97831
114.824, 4.57247
Evaluation Time: 0.978344 seconds
Resulting Fitness: 0.0416667
New local best!
-------------
Particle: 14:
Relays Coordinates:
38.981, 65.4596
63.3965, 17.0008
Evaluation Time: 0.916521 seconds
Resulting Fitness: 0.0527778
New local best!
-------------
Particle: 15:
Relays Coordinates:
70.2813, 216.845
6.34889, 119.784
Evaluation Time: 1.09494 seconds
Resulting Fitness: 0.0833333
New local best!
-------------
Particle: 16:
Relays Coordinates:
202.789, 28.6019
69.5797, 94.3986
Evaluation Time: 1.05365 seconds
Resulting Fitness: 0.108333
New local best!
-------------
Particle: 17:
Relays Coordinates:
13.0313, 121.007
84.022, 107.507
Evaluation Time: 1.00941 seconds
Resulting Fitness: 0.05
New local best!
-------------
Particle: 18:
Relays Coordinates:
28.7336, 167.362
37.1482, 79.2393
Evaluation Time: 1.03295 seconds
Resulting Fitness: 0.0666667
New local best!
-------------
Particle: 19:
Relays Coordinates:
127.93, 33.9781
44.0837, 135.135
Evaluation Time: 1.04657 seconds
Resulting Fitness: 0.0722222
New local best!
-------------
Particle: 20:
Relays Coordinates:
72.1542, 87.2988
158.828, 41.5198
Evaluation Time: 0.975038 seconds
Resulting Fitness: 0.0833333
New local best!
Current global best fitness: 0.141667
Current global best relays: 222.19, 166.728
120.794, 57.6733
Particle 1 new velocities: 71.9082, 21.675
-21.8068, 14.0425
Particle 2 new velocities: 148.635, 53.703
-24.6977, 38.5167
Particle 3 new velocities: 193.179, 19.5584
-30.5641, 4.52848
Particle 4 new velocities: 15.5665, 36.5678
86.4839, 15.7308
Particle 5 new velocities: 61.9345, 7.85689
-1.89207, 40.8086
Particle 6 new velocities: 0, 0
0, 0
Particle 7 new velocities: 16.4231, 69.1812
28.29, 43.354
Particle 8 new velocities: 57.9064, 72.3916
-0.660496, 42.2981
Particle 9 new velocities: 33.8294, 76.3883
15.4444, -26.1818
Particle 10 new velocities: 111.063, 47.8879
67.5484, -5.58616
Particle 11 new velocities: 214.024, 116.764
39.5103, -55.5824
Particle 12 new velocities: 175.08, 1.81131
41.373, 20.8078
Particle 13 new velocities: 25.294, 37.7287
1.11081, 56.2666
Particle 14 new velocities: 140.056, 117.104
47.5416, 0.0127552
Particle 15 new velocities: 164.428, -29.9234
148.59, -36.0074
Particle 16 new velocities: 18.1996, 123.297
45.375, -6.56598
Particle 17 new velocities: 60.7138, 56.7153
20.0525, -5.11556
Particle 18 new velocities: 28.9017, -0.648003
30.8689, -10.0256
Particle 19 new velocities: 96.3249, 80.191
99.2438, -88.0271
Particle 20 new velocities: 165.259, 44.4314
-13.4182, 17.4046
-- ITERATION 1 --
-------------
Particle: 1:
Relays Coordinates:
210.425, 86.7459
117.084, 56.1805
Evaluation Time: 1.18404 seconds
Resulting Fitness: 0.119444
New local best!
-------------
Particle: 2:
Relays Coordinates:
241.411, 100.618
117.143, 50.511
Evaluation Time: 1.16709 seconds
Resulting Fitness: 0.119444
New local best!
-------------
Particle: 3:
Relays Coordinates:
251.489, 131.723
143.977, 49.0749
Evaluation Time: 1.25449 seconds
Resulting Fitness: 0.163889
New local best!
New global best!
-------------
Particle: 4:
Relays Coordinates:
46.9407, 155.413
104.044, 29.767
Evaluation Time: 1.0458 seconds
Resulting Fitness: 0.0638889
New local best!
-------------
Particle: 5:
Relays Coordinates:
129.895, 115.924
134.494, 59.328
Evaluation Time: 1.03087 seconds
Resulting Fitness: 0.0666667
-------------
Particle: 6:
Relays Coordinates:
222.19, 166.728
120.794, 57.6733
Evaluation Time: 1.1715 seconds
Resulting Fitness: 0.141667
-------------
Particle: 7:
Relays Coordinates:
33.2068, 106.577
86.7901, 46.6924
Evaluation Time: 0.978516 seconds
Resulting Fitness: 0.0666667
New local best!
-------------
Particle: 8:
Relays Coordinates:
159.625, 101.575
136.367, 57.9929
Evaluation Time: 1.05119 seconds
Resulting Fitness: 0.0666667
New local best!
-------------
Particle: 9:
Relays Coordinates:
162.953, 101.541
20.0124, 73.3551
Evaluation Time: 1.06842 seconds
Resulting Fitness: 0.1
New local best!
-------------
Particle: 10:
Relays Coordinates:
139.085, 82.5282
96.3742, 105.705
Evaluation Time: 1.06684 seconds
Resulting Fitness: 0.05
-------------
Particle: 11:
Relays Coordinates:
189.073, 154.946
72.0008, 72.0095
Evaluation Time: 1.22786 seconds
Resulting Fitness: 0.147222
New local best!
-------------
Particle: 12:
Relays Coordinates:
161.514, 150.302
81.6221, 35.8276
Evaluation Time: 1.12184 seconds
Resulting Fitness: 0.0916667
New local best!
-------------
Particle: 13:
Relays Coordinates:
224.778, 46.707
115.934, 60.8391
Evaluation Time: 1.09962 seconds
Resulting Fitness: 0.116667
New local best!
-------------
Particle: 14:
Relays Coordinates:
145.02, 147.876
89.8599, 13.781
Evaluation Time: 1.24291 seconds
Resulting Fitness: 0.0527778
-------------
Particle: 15:
Relays Coordinates:
190.114, 151.407
125.501, 67.8594
Evaluation Time: 1.17031 seconds
Resulting Fitness: 0.122222
New local best!
-------------
Particle: 16:
Relays Coordinates:
220.989, 151.899
114.955, 87.8327
Evaluation Time: 1.17224 seconds
Resulting Fitness: 0.133333
New local best!
-------------
Particle: 17:
Relays Coordinates:
73.7451, 177.722
104.074, 102.392
Evaluation Time: 1.06897 seconds
Resulting Fitness: 0.05
-------------
Particle: 18:
Relays Coordinates:
57.6353, 166.714
68.0171, 69.2137
Evaluation Time: 1.05409 seconds
Resulting Fitness: 0.0666667
-------------
Particle: 19:
Relays Coordinates:
224.255, 114.169
143.328, 47.1081
Evaluation Time: 1.15184 seconds
Resulting Fitness: 0.122222
New local best!
-------------
Particle: 20:
Relays Coordinates:
213.671, 118.557
130.869, 53.032
Evaluation Time: 1.1096 seconds
Resulting Fitness: 0.130556
New local best!
Current global best fitness: 0.163889
Current global best relays: 251.489, 131.723
143.977, 49.0749
Particle 1 new velocities: 99.5088, 25.7815
16.8611, 3.37661
Particle 2 new velocities: 124.546, 60.4946
10.8412, 29.5118
Particle 3 new velocities: 154.543, 15.6467
-24.4513, 3.62279
Particle 4 new velocities: 249.299, 10.2441
116.394, 24.5125
Particle 5 new velocities: 115.499, 22.6796
20.876, 14.2838
Particle 6 new velocities: 14.8883, -8.41411
21.647, -7.0237
Particle 7 new velocities: 295.028, 74.4066
85.674, 35.014
Particle 8 new velocities: 87.0932, 69.1768
2.68104, 30.8658
Particle 9 new velocities: 84.4694, 88.0839
138.479, -44.221
Particle 10 new velocities: 222.847, 76.6748
70.2793, 59.1888
Particle 11 new velocities: 207.118, 89.9427
52.1324, -73.2996
Particle 12 new velocities: 168.833, -3.69625
93.8545, 22.8489
Particle 13 new velocities: 41.222, 97.5973
27.2991, 42.7528
Particle 14 new velocities: 102.255, 50.1984
81.8168, 26.7747
Particle 15 new velocities: 165.999, -31.3714
139.946, -41.3745
Particle 16 new velocities: 20.461, 84.56
73.1523, -40.294
Particle 17 new velocities: 51.3145, -34.0138
21.1132, -22.7342
Particle 18 new velocities: 128.678, -38.744
43.2318, -28.2931
Particle 19 new velocities: 82.5228, 74.3872
80.0931, -69.273
Particle 20 new velocities: 175.417, 47.1311
-0.844534, 13.5621
-- ITERATION 2 --
-------------
Particle: 1:
Relays Coordinates:
251.046, 91.1472
108.496, 48.2412
Evaluation Time: 1.14113 seconds
Resulting Fitness: 0.116667
-------------
Particle: 2:
Relays Coordinates:
216.095, 95.1355
75.5732, 47.2527
Evaluation Time: 1.12573 seconds
Resulting Fitness: 0.133333
New local best!
-------------
Particle: 3:
Relays Coordinates:
194.204, 70.4867
57.1689, 25.2052
Evaluation Time: 1.16515 seconds
Resulting Fitness: 0.0972222
-------------
Particle: 4:
Relays Coordinates:
194.363, 108.688
144.629, 35.6128
Evaluation Time: 1.10575 seconds
Resulting Fitness: 0.1
New local best!
-------------
Particle: 5:
Relays Coordinates:
220.855, 124.743
139.833, 66.2506
Evaluation Time: 1.1537 seconds
Resulting Fitness: 0.0972222
New local best!
-------------
Particle: 6:
Relays Coordinates:
237.078, 158.314
142.441, 50.6496
Evaluation Time: 1.22172 seconds
Resulting Fitness: 0.15
New local best!
-------------
Particle: 7:
Relays Coordinates:
265.87, 146.597
139.696, 66.1822
Evaluation Time: 1.2671 seconds
Resulting Fitness: 0.161111
New local best!
-------------
Particle: 8:
Relays Coordinates:
222.047, 153.677
125.144, 79.9729
Evaluation Time: 1.18164 seconds
Resulting Fitness: 0.125
New local best!
-------------
Particle: 9:
Relays Coordinates:
200.412, 153.596
128.378, 23.5986
Evaluation Time: 1.15901 seconds
Resulting Fitness: 0.1
-------------
Particle: 10:
Relays Coordinates:
237.464, 104.453
109.341, 108.187
Evaluation Time: 1.17395 seconds
Resulting Fitness: 0.113889
New local best!
-------------
Particle: 11:
Relays Coordinates:
153.493, 94.8749
48.0917, 0
Evaluation Time: 1.05039 seconds
Resulting Fitness: 0.0666667
-------------
Particle: 12:
Relays Coordinates:
267.581, 118.751
142.136, 47.5279
Evaluation Time: 1.17951 seconds
Resulting Fitness: 0.152778
New local best!
-------------
Particle: 13:
Relays Coordinates:
215.46, 116.886
116.019, 83.9094
Evaluation Time: 1.13639 seconds
Resulting Fitness: 0.1
-------------
Particle: 14:
Relays Coordinates:
200.293, 160.441
139.058, 32.85
Evaluation Time: 1.17558 seconds
Resulting Fitness: 0.108333
New local best!
-------------
Particle: 15:
Relays Coordinates:
189.253, 63.7916
141.069, 14.0752
Evaluation Time: 1.0664 seconds
Resulting Fitness: 0.0694444
-------------
Particle: 16:
Relays Coordinates:
176.017, 172.379
137.13, 34.6557
Evaluation Time: 1.16947 seconds
Resulting Fitness: 0.15
New local best!
-------------
Particle: 17:
Relays Coordinates:
125.06, 143.708
125.188, 79.6574
Evaluation Time: 1.0688 seconds
Resulting Fitness: 0.075
New local best!
-------------
Particle: 18:
Relays Coordinates:
186.313, 127.971
111.249, 40.9206
Evaluation Time: 1.12262 seconds
Resulting Fitness: 0.116667
New local best!
-------------
Particle: 19:
Relays Coordinates:
201.277, 123.712
146.586, 0
Evaluation Time: 1.09349 seconds
Resulting Fitness: 0.0694444
-------------
Particle: 20:
Relays Coordinates:
206.778, 88.0536
69.1003, 35.3908
Evaluation Time: 1.14136 seconds
Resulting Fitness: 0.108333
Current global best fitness: 0.163889
Current global best relays: 251.489, 131.723
143.977, 49.0749
Particle 1 new velocities: 29.3363, 42.7657
27.5181, 8.84656
Particle 2 new velocities: 122.392, 53.9031
94.5691, 25.0758
Particle 3 new velocities: 181.867, 103.204
95.6244, 44.9811
Particle 4 new velocities: 216.797, 13.1394
92.8068, 25.0535
Particle 5 new velocities: 102.088, 21.6397
19.1448, -8.30051
Particle 6 new velocities: 16.5071, -13.7135
17.7432, -7.01945
Particle 7 new velocities: 234.167, 44.4439
73.8474, 13.1004
Particle 8 new velocities: 100.824, 46.6485
20.9337, 17.7729
Particle 9 new velocities: 77.5178, 36.599
14.8047, 12.4162
Particle 10 new velocities: 183.016, 74.8119
89.4203, 45.7249
Particle 11 new velocities: 220.675, 95.1583
134.929, 63.0199
Particle 12 new velocities: 131.073, -2.06031
75.9891, 19.0299
Particle 13 new velocities: 60.8686, 42.3947
52.9113, 1.36397
Particle 14 new velocities: 134.91, 29.1835
65.5331, 32.2204
Particle 15 new velocities: 152.853, 97.3245
99.4576, -20.7781
Particle 16 new velocities: 42.5206, 29.396
61.8036, -21.9643
Particle 17 new velocities: 57.428, -42.3413
28.3637, -26.8615
Particle 18 new velocities: 154.776, -30.9769
44.3042, -16.499
Particle 19 new velocities: 91.8799, 51.546
62.3755, 85.8495
Particle 20 new velocities: 170.527, 113.609
48.9761, 23.0245
-- ITERATION 3 --
-------------
Particle: 1:
Relays Coordinates:
252.344, 120.522
122.412, 51.379
Evaluation Time: 1.19122 seconds
Resulting Fitness: 0.155556
New local best!
-------------
Particle: 2:
Relays Coordinates:
274.174, 120.721
137.815, 58.586
Evaluation Time: 1.20241 seconds
Resulting Fitness: 0.133333
-------------
Particle: 3:
Relays Coordinates:
222.066, 102.563
90.2229, 41.4443
Evaluation Time: 1.16718 seconds
Resulting Fitness: 0.15
-------------
Particle: 4:
Relays Coordinates:
242.786, 71.9378
140.203, 35.8228
Evaluation Time: 1.15779 seconds
Resulting Fitness: 0.116667
New local best!
-------------
Particle: 5:
Relays Coordinates:
261.584, 118.57
128.772, 46.9396
Evaluation Time: 1.18706 seconds
Resulting Fitness: 0.180556
New local best!
New global best!
-------------
Particle: 6:
Relays Coordinates:
228.227, 130.141
144.166, 39.2672
Evaluation Time: 1.15191 seconds
Resulting Fitness: 0.147222
-------------
Particle: 7:
Relays Coordinates:
239.148, 91.3743
102.137, 37.9206
Evaluation Time: 1.15174 seconds
Resulting Fitness: 0.116667
-------------
Particle: 8:
Relays Coordinates:
235.373, 146.037
106.49, 71.2567
Evaluation Time: 1.17024 seconds
Resulting Fitness: 0.130556
New local best!
-------------
Particle: 9:
Relays Coordinates:
202.611, 138.652
104.38, 26.2548
Evaluation Time: 1.18543 seconds
Resulting Fitness: 0.0861111
-------------
Particle: 10:
Relays Coordinates:
248.289, 105.854
117.367, 90.8834
Evaluation Time: 1.20641 seconds
Resulting Fitness: 0.0944444
-------------
Particle: 11:
Relays Coordinates:
245.491, 124.681
120.08, 41.3473
Evaluation Time: 1.19485 seconds
Resulting Fitness: 0.166667
New local best!
-------------
Particle: 12:
Relays Coordinates:
261.557, 76.5607
143.112, 43.6686
Evaluation Time: 1.13319 seconds
Resulting Fitness: 0.116667
-------------
Particle: 13:
Relays Coordinates:
223.826, 129.018
136.834, 69.0714
Evaluation Time: 1.13487 seconds
Resulting Fitness: 0.113889
-------------
Particle: 14:
Relays Coordinates:
219.927, 124.412
134.232, 42.6927
Evaluation Time: 1.17737 seconds
Resulting Fitness: 0.136111
New local best!
-------------
Particle: 15:
Relays Coordinates:
202.01, 95.1374
142.029, 0
Evaluation Time: 1.16326 seconds
Resulting Fitness: 0.0861111
-------------
Particle: 16:
Relays Coordinates:
159.314, 147.094
145.023, 9.25202
Evaluation Time: 1.19273 seconds
Resulting Fitness: 0.0777778
-------------
Particle: 17:
Relays Coordinates:
164.239, 91.2303
138.196, 47.5163
Evaluation Time: 1.08412 seconds
Resulting Fitness: 0.0833333
New local best!
-------------
Particle: 18:
Relays Coordinates:
248.654, 70.7083
113.398, 17.8033
Evaluation Time: 1.17913 seconds
Resulting Fitness: 0.1
-------------
Particle: 19:
Relays Coordinates:
192.34, 114.987
137.1, 56.3258
Evaluation Time: 1.1476 seconds
Resulting Fitness: 0.0833333
-------------
Particle: 20:
Relays Coordinates:
180.464, 96.4545
56.4755, 27.9399
Evaluation Time: 1.06888 seconds
Resulting Fitness: 0.1
Current global best fitness: 0.180556
Current global best relays: 261.584, 118.57
128.772, 46.9396
Particle 1 new velocities: 26.9394, 33.0692
24.463, 1.48785
Particle 2 new velocities: 81.9851, 3.10278
13.6565, -2.17447
Particle 3 new velocities: 201.505, 101.512
136.174, 54.6194
Particle 4 new velocities: 179.359, 58.1208
70.9056, 26.6252
Particle 5 new velocities: 81.6705, 17.3118
15.3158, -6.6404
Particle 6 new velocities: 47.1123, 3.2985
1.11564, 3.83688
Particle 7 new velocities: 46.039, 116.305
71.7787, 47.7846
Particle 8 new velocities: 86.7116, 25.4152
17.344, 10.89
Particle 9 new velocities: 48.0592, -36.9338
-52.9399, 85.0978
Particle 10 new velocities: 150.84, 60.2345
72.6382, 25.7601
Particle 11 new velocities: 182.068, 72.7455
117.089, 55.7633
Particle 12 new velocities: 115.011, 73.2691
42.8511, 20.7094
Particle 13 new velocities: 59.4988, -94.8768
19.895, -9.18714
Particle 14 new velocities: 122.383, 23.1192
49.3125, 27.2296
Particle 15 new velocities: 165.764, 120.167
71.6441, 67.946
Particle 16 new velocities: 62.3223, 55.6409
29.8266, 34.3473
Particle 17 new velocities: 100.562, -3.26215
18.2338, -22.1275
Particle 18 new velocities: 47.6641, 132.385
34.8699, -10.0307
Particle 19 new velocities: 143.682, 41.2219
55.9654, 47.8649
Particle 20 new velocities: 196.333, 138.039
94.2855, 61.7878
-- ITERATION 4 --
-------------
Particle: 1:
Relays Coordinates:
251.355, 138.232
132.188, 47.5802
Evaluation Time: 1.17737 seconds
Resulting Fitness: 0.169444
New local best!
-------------
Particle: 2:
Relays Coordinates:
233.676, 81.2409
99.3806, 37.0116
Evaluation Time: 1.20709 seconds
Resulting Fitness: 0.133333
-------------
Particle: 3:
Relays Coordinates:
250.114, 120.504
133.685, 56.7246
Evaluation Time: 1.26859 seconds
Resulting Fitness: 0.15
-------------
Particle: 4:
Relays Coordinates:
276.969, 85.3314
138.509, 40.9721
Evaluation Time: 1.20763 seconds
Resulting Fitness: 0.113889
-------------
Particle: 5:
Relays Coordinates:
225.209, 89.152
94.5362, 26.4403
Evaluation Time: 1.18162 seconds
Resulting Fitness: 0.116667
-------------
Particle: 6:
Relays Coordinates:
247.805, 120.095
130.753, 38.7936
Evaluation Time: 1.22095 seconds
Resulting Fitness: 0.180556
New local best!
-------------
Particle: 7:
Relays Coordinates:
207.902, 151.398
126.785, 62.4791
Evaluation Time: 1.17171 seconds
Resulting Fitness: 0.147222
-------------
Particle: 8:
Relays Coordinates:
211.32, 112.49
81.2478, 53.8964
Evaluation Time: 1.16353 seconds
Resulting Fitness: 0.133333
New local best!
-------------
Particle: 9:
Relays Coordinates:
182.738, 74.1527
37.5002, 81.1761
Evaluation Time: 1.09508 seconds
Resulting Fitness: 0.116667
New local best!
-------------
Particle: 10:
Relays Coordinates:
261.869, 108.971
124.662, 76.5298
Evaluation Time: 1.21686 seconds
Resulting Fitness: 0.125
New local best!
-------------
Particle: 11:
Relays Coordinates:
252.469, 116.578
140.046, 57.3428
Evaluation Time: 1.19362 seconds
Resulting Fitness: 0.141667
-------------
Particle: 12:
Relays Coordinates:
274.518, 109.226
135.567, 46.9316
Evaluation Time: 1.2007 seconds
Resulting Fitness: 0.133333
-------------
Particle: 13:
Relays Coordinates:
254.992, 30.7269
141.056, 53.8958
Evaluation Time: 1.10219 seconds
Resulting Fitness: 0.1
-------------
Particle: 14:
Relays Coordinates:
249.544, 107.551
133.804, 50.9734
Evaluation Time: 1.15516 seconds
Resulting Fitness: 0.138889
New local best!
-------------
Particle: 15:
Relays Coordinates:
241.297, 141.261
140.191, 44.5794
Evaluation Time: 1.1777 seconds
Resulting Fitness: 0.136111
New local best!
-------------
Particle: 16:
Relays Coordinates:
179.525, 164.215
141.628, 35.3154
Evaluation Time: 1.17994 seconds
Resulting Fitness: 0.15
-------------
Particle: 17:
Relays Coordinates:
238.321, 79.1713
140.787, 22.8499
Evaluation Time: 1.18217 seconds
Resulting Fitness: 0.1
New local best!
-------------
Particle: 18:
Relays Coordinates:
174.973, 119.925
87.5508, 4.58966
Evaluation Time: 1.09621 seconds
Resulting Fitness: 0.0833333
-------------
Particle: 19:
Relays Coordinates:
220.464, 102.488
126.67, 68.3595
Evaluation Time: 1.18859 seconds
Resulting Fitness: 0.133333
New local best!
-------------
Particle: 20:
Relays Coordinates:
200.245, 124.619
80.1206, 47.685
Evaluation Time: 1.11133 seconds
Resulting Fitness: 0.116667
Current global best fitness: 0.180556
Current global best relays: 261.584, 118.57
128.772, 46.9396
Particle 1 new velocities: 33.737, 6.8461
19.2393, 0.579373
Particle 2 new velocities: 58.3977, 26.1
15.624, 17.688
Particle 3 new velocities: 173.284, 88.7931
112.455, 27.8022
Particle 4 new velocities: 96.2862, 56.8246
53.9096, 26.4505
Particle 5 new velocities: 147.913, 76.4271
63.1323, 30.077
Particle 6 new velocities: 40.3778, 1.76395
-1.03283, 11.0214
Particle 7 new velocities: 162.268, 48.6229
75.7867, 37.4793
Particle 8 new velocities: 82.708, 22.1386
70.2674, 2.53903
Particle 9 new velocities: 106.079, 15.6595
75.8674, 63.8464
Particle 10 new velocities: 120.377, 55.3853
63.0095, -4.43142
Particle 11 new velocities: 137.595, 61.0025
81.056, 32.7601
Particle 12 new velocities: 81.3223, 71.6289
29.6933, 17.279
Particle 13 new velocities: 44.9898, 27.3354
-16.8694, 2.33643
Particle 14 new velocities: 103.24, 26.2782
37.5976, 17.7389
Particle 15 new velocities: 142.024, 78.7011
49.4455, 56.7505
Particle 16 new velocities: 50.2038, 10.2572
4.29709, 39.7004
Particle 17 new velocities: 88.1234, 20.6557
0.153641, 9.28712
Particle 18 new velocities: 104.823, 109.595
53.9537, 61.1248
Particle 19 new velocities: 162.846, 43.7433
47.0543, 26.6458
Particle 20 new velocities: 220.831, 103.315
195.919, 51.8785
-- ITERATION 5 --
-------------
Particle: 1:
Relays Coordinates:
256.583, 130.57
136.284, 43.3436
Evaluation Time: 1.31431 seconds
Resulting Fitness: 0.183333
New local best!
New global best!
-------------
Particle: 2:
Relays Coordinates:
236.579, 86.9461
93.1537, 44.3067
Evaluation Time: 1.14421 seconds
Resulting Fitness: 0.133333
-------------
Particle: 3:
Relays Coordinates:
250.012, 123.588
145.343, 49.9122
Evaluation Time: 1.18165 seconds
Resulting Fitness: 0.15
-------------
Particle: 4:
Relays Coordinates:
272.103, 103.632
140.273, 49.1511
Evaluation Time: 1.17873 seconds
Resulting Fitness: 0.158333
New local best!
-------------
Particle: 5:
Relays Coordinates:
220.325, 97.7728
93.1017, 33.3729
Evaluation Time: 1.12713 seconds
Resulting Fitness: 0.141667
-------------
Particle: 6:
Relays Coordinates:
233.428, 98.7059
105.074, 40.3501
Evaluation Time: 1.12075 seconds
Resulting Fitness: 0.133333
-------------
Particle: 7:
Relays Coordinates:
242.869, 131.234
132.907, 65.5827
Evaluation Time: 1.24639 seconds
Resulting Fitness: 0.152778
-------------
Particle: 8:
Relays Coordinates:
264.625, 121.166
136.364, 50.7919
Evaluation Time: 1.19739 seconds
Resulting Fitness: 0.175
New local best!
-------------
Particle: 9:
Relays Coordinates:
233.942, 72.7479
91.8278, 117.468
Evaluation Time: 1.17036 seconds
Resulting Fitness: 0.116667
-------------
Particle: 10:
Relays Coordinates:
250.791, 107.834
123.131, 47.3038
Evaluation Time: 1.16165 seconds
Resulting Fitness: 0.138889
New local best!
-------------
Particle: 11:
Relays Coordinates:
230.329, 104.86
130.558, 53.2049
Evaluation Time: 1.13967 seconds
Resulting Fitness: 0.147222
-------------
Particle: 12:
Relays Coordinates:
233.467, 118.659
108.427, 42.1285
Evaluation Time: 1.15838 seconds
Resulting Fitness: 0.15
-------------
Particle: 13:
Relays Coordinates:
242.986, 47.0304
100.591, 45.5481
Evaluation Time: 1.10502 seconds
Resulting Fitness: 0.133333
New local best!
-------------
Particle: 14:
Relays Coordinates:
257.18, 97.5611
124.952, 50.0912
Evaluation Time: 1.14704 seconds
Resulting Fitness: 0.130556
-------------
Particle: 15:
Relays Coordinates:
251.497, 144.317
124.42, 66.4825
Evaluation Time: 1.19362 seconds
Resulting Fitness: 0.166667
New local best!
-------------
Particle: 16:
Relays Coordinates:
206.756, 157.025
131.332, 67.5143
Evaluation Time: 1.1444 seconds
Resulting Fitness: 0.116667
-------------
Particle: 17:
Relays Coordinates:
237.978, 72.7739
102.746, 23.4279
Evaluation Time: 1.12032 seconds
Resulting Fitness: 0.116667
New local best!
-------------
Particle: 18:
Relays Coordinates:
183.574, 150.588
92.8411, 43.1153
Evaluation Time: 1.16135 seconds
Resulting Fitness: 0.133333
New local best!
-------------
Particle: 19:
Relays Coordinates:
251.49, 95.9426
113.981, 62.333
Evaluation Time: 1.14563 seconds
Resulting Fitness: 0.116667
-------------
Particle: 20:
Relays Coordinates:
201.399, 109.02
132.029, 47.6209
Evaluation Time: 1.11409 seconds
Resulting Fitness: 0.125
Current global best fitness: 0.183333
Current global best relays: 256.583, 130.57
136.284, 43.3436
Particle 1 new velocities: 26.9896, 5.47688
15.3915, 0.463498
Particle 2 new velocities: 36.4776, 44.3146
-4.48984, 18.2932
Particle 3 new velocities: 140.875, 73.7457
88.8014, 20.6895
Particle 4 new velocities: 76.6397, 49.9508
38.4639, 17.1829
Particle 5 new velocities: 191.238, 94.9955
87.0824, 39.7227
Particle 6 new velocities: 40.3752, 17.4976
7.19623, 9.44773
Particle 7 new velocities: 161.624, 60.6738
68.4496, 2.87187
Particle 8 new velocities: 62.6676, 28.7531
56.2124, -3.59737
Particle 9 new velocities: 19.1158, 67.7545
8.93184, -17.2
Particle 10 new velocities: 97.2337, 67.8327
51.8401, -5.99651
Particle 11 new velocities: 149.299, 101.452
51.9883, 10.4214
Particle 12 new velocities: 122.411, 71.6289
59.6734, 21.4327
Particle 13 new velocities: 50.362, 127.446
-4.20326, 0.136395
Particle 14 new velocities: 75.0604, 52.2453
58.6563, 8.65524
Particle 15 new velocities: 115.181, 53.2301
51.5921, 27.7595
Particle 16 new velocities: 22.6429, 9.52713
12.0314, -36.3556
Particle 17 new velocities: 72.8415, 29.3744
27.3804, 13.057
Particle 18 new velocities: 126.611, 82.9328
79.8465, 48.9855
Particle 19 new velocities: 131.267, 50.4117
55.9519, 18.0036
Particle 20 new velocities: 264.646, 98.4018
156.329, 42.3568
-- ITERATION 6 --
-------------
Particle: 1:
Relays Coordinates:
255.215, 122.442
136.508, 39.4264
Evaluation Time: 1.1925 seconds
Resulting Fitness: 0.180556
-------------
Particle: 2:
Relays Coordinates:
199.059, 95.6891
64.636, 45.6353
Evaluation Time: 1.12189 seconds
Resulting Fitness: 0.138889
New local best!
-------------
Particle: 3:
Relays Coordinates:
230.815, 116.524
138.26, 41.6896
Evaluation Time: 1.13911 seconds
Resulting Fitness: 0.130556
-------------
Particle: 4:
Relays Coordinates:
282.482, 124.402
144.777, 53.7305
Evaluation Time: 1.25044 seconds
Resulting Fitness: 0.155556
-------------
Particle: 5:
Relays Coordinates:
243.024, 113.828
106.397, 43.1622
Evaluation Time: 1.2012 seconds
Resulting Fitness: 0.15
-------------
Particle: 6:
Relays Coordinates:
221.781, 94.1249
90.9386, 40.3363
Evaluation Time: 1.14961 seconds
Resulting Fitness: 0.136111
-------------
Particle: 7:
Relays Coordinates:
238.849, 113.32
118.899, 40.4217
Evaluation Time: 1.17966 seconds
Resulting Fitness: 0.144444
-------------
Particle: 8:
Relays Coordinates:
238.596, 109.291
140.388, 34.4048
Evaluation Time: 1.1783 seconds
Resulting Fitness: 0.130556
-------------
Particle: 9:
Relays Coordinates:
227.752, 126.452
90.6836, 90.2414
Evaluation Time: 1.17651 seconds
Resulting Fitness: 0.155556
New local best!
-------------
Particle: 10:
Relays Coordinates:
228.339, 115.255
114.799, 27.1017
Evaluation Time: 1.15984 seconds
Resulting Fitness: 0.113889
-------------
Particle: 11:
Relays Coordinates:
224.167, 121.825
107.792, 37.5707
Evaluation Time: 1.126 seconds
Resulting Fitness: 0.116667
-------------
Particle: 12:
Relays Coordinates:
233.492, 124.848
110.291, 41.7025
Evaluation Time: 1.1856 seconds
Resulting Fitness: 0.136111
-------------
Particle: 13:
Relays Coordinates:
192.465, 114.474
63.24, 29.9736
Evaluation Time: 1.15056 seconds
Resulting Fitness: 0.0944444
-------------
Particle: 14:
Relays Coordinates:
242.203, 109.209
133.85, 42.8262
Evaluation Time: 1.17777 seconds
Resulting Fitness: 0.152778
New local best!
-------------
Particle: 15:
Relays Coordinates:
240.577, 129.611
115.482, 61.8322
Evaluation Time: 1.19021 seconds
Resulting Fitness: 0.158333
-------------
Particle: 16:
Relays Coordinates:
206.459, 149.897
129.027, 28.0428
Evaluation Time: 1.16513 seconds
Resulting Fitness: 0.130556
-------------
Particle: 17:
Relays Coordinates:
226.587, 74.4661
94.862, 26.5975
Evaluation Time: 1.13833 seconds
Resulting Fitness: 0.116667
-------------
Particle: 18:
Relays Coordinates:
226.125, 170.236
125.889, 67.1415
Evaluation Time: 1.17242 seconds
Resulting Fitness: 0.119444
-------------
Particle: 19:
Relays Coordinates:
251.127, 96.0231
111.493, 52.7088
Evaluation Time: 1.16446 seconds
Resulting Fitness: 0.116667
-------------
Particle: 20:
Relays Coordinates:
222.908, 99.2092
137.921, 43.0361
Evaluation Time: 1.16327 seconds
Resulting Fitness: 0.127778
Current global best fitness: 0.183333
Current global best relays: 256.583, 130.57
136.284, 43.3436
Particle 1 new velocities: 23.1277, 15.391
11.7548, 7.03206
Particle 2 new velocities: 75.2747, 58.9865
13.5912, 13.0484
Particle 3 new velocities: 131.257, 89.6307
72.1823, 21.1567
Particle 4 new velocities: 11.5902, 38.7226
22.5345, -2.29693
Particle 5 new velocities: 174.618, 99.9642
96.5753, 33.5029
Particle 6 new velocities: 94.4691, 32.5061
41.873, 8.35363
Particle 7 new velocities: 166.328, 65.7826
106.263, 17.8177
Particle 8 new velocities: 61.7087, 50.5852
36.8176, 17.9973
Particle 9 new velocities: 33.1795, 54.6247
49.6483, -49.8992
Particle 10 new velocities: 124.38, 48.7585
51.7284, 21.5274
Particle 11 new velocities: 172.196, 93.7694
72.0609, 16.1964
Particle 12 new velocities: 153.708, 59.3159
90.7521, 17.7289
Particle 13 new velocities: 95.9697, 13.0828
89.2417, 19.9523
Particle 14 new velocities: 65.9893, 60.9518
46.9962, 7.22331
Particle 15 new velocities: 105.3, 53.5511
70.5942, 3.42137
Particle 16 new velocities: 26.7455, 14.567
19.0281, -14.3775
Particle 17 new velocities: 77.2479, 26.4393
35.4134, 15.4936
Particle 18 new velocities: 96.8549, 27.9229
36.8449, 5.56284
Particle 19 new velocities: 109.966, 81.2062
85.9372, 25.0096
Particle 20 new velocities: 220.099, 111.776
116.635, 45.7158
-- ITERATION 7 --
-------------
Particle: 1:
Relays Coordinates:
250.509, 124.05
133.437, 41.8126
Evaluation Time: 1.24505 seconds
Resulting Fitness: 0.166667
-------------
Particle: 2:
Relays Coordinates:
179.99, 101.483
51.3248, 38.5023
Evaluation Time: 1.12334 seconds
Resulting Fitness: 0.111111
-------------
Particle: 3:
Relays Coordinates:
237.556, 135.258
138.071, 41.2335
Evaluation Time: 1.12765 seconds
Resulting Fitness: 0.133333
-------------
Particle: 4:
Relays Coordinates:
238.198, 132.131
135.522, 41.6612
Evaluation Time: 1.17911 seconds
Resulting Fitness: 0.175
New local best!
-------------
Particle: 5:
Relays Coordinates:
246.613, 126.242
119.853, 45.27
Evaluation Time: 1.20534 seconds
Resulting Fitness: 0.155556
-------------
Particle: 6:
Relays Coordinates:
230.546, 92.3139
96.8197, 35.495
Evaluation Time: 1.14459 seconds
Resulting Fitness: 0.133333
-------------
Particle: 7:
Relays Coordinates:
265.837, 117.509
147.729, 38.2109
Evaluation Time: 1.21458 seconds
Resulting Fitness: 0.130556
-------------
Particle: 8:
Relays Coordinates:
243.247, 129.5
143.536, 42.4457
Evaluation Time: 1.24216 seconds
Resulting Fitness: 0.141667
-------------
Particle: 9:
Relays Coordinates:
211.354, 146.672
113.669, 32.6771
Evaluation Time: 1.16705 seconds
Resulting Fitness: 0.125
-------------
Particle: 10:
Relays Coordinates:
231.419, 107.609
109.259, 31.9055
Evaluation Time: 1.18231 seconds
Resulting Fitness: 0.133333
-------------
Particle: 11:
Relays Coordinates:
210.643, 114.576
95.5812, 28.5741
Evaluation Time: 1.12859 seconds
Resulting Fitness: 0.116667
-------------
Particle: 12:
Relays Coordinates:
254.042, 120.83
131.904, 38.9929
Evaluation Time: 1.17438 seconds
Resulting Fitness: 0.163889
New local best!
-------------
Particle: 13:
Relays Coordinates:
259.592, 114.801
137.234, 44.9333
Evaluation Time: 1.1853 seconds
Resulting Fitness: 0.144444
New local best!
-------------
Particle: 14:
Relays Coordinates:
249.636, 137.83
146.486, 40.5401
Evaluation Time: 1.21155 seconds
Resulting Fitness: 0.144444
-------------
Particle: 15:
Relays Coordinates:
252.144, 133.525
135.649, 47.5698
Evaluation Time: 1.21844 seconds
Resulting Fitness: 0.161111
-------------
Particle: 16:
Relays Coordinates:
188.896, 133.216
119.925, 11.0689
Evaluation Time: 1.13623 seconds
Resulting Fitness: 0.0833333
-------------
Particle: 17:
Relays Coordinates:
246.107, 81.7333
105.523, 34.0938
Evaluation Time: 1.1493 seconds
Resulting Fitness: 0.116667
-------------
Particle: 18:
Relays Coordinates:
235.452, 144.458
118.633, 53.0014
Evaluation Time: 1.15434 seconds
Resulting Fitness: 0.138889
New local best!
-------------
Particle: 19:
Relays Coordinates:
263.237, 129.2
143.926, 56.6567
Evaluation Time: 1.25258 seconds
Resulting Fitness: 0.180556
New local best!
-------------
Particle: 20:
Relays Coordinates:
235.432, 112.126
135.281, 47.1664
Evaluation Time: 1.20713 seconds
Resulting Fitness: 0.136111
New local best!
Current global best fitness: 0.183333
Current global best relays: 256.583, 130.57
136.284, 43.3436
Particle 1 new velocities: 25.4285, 20.2741
15.0113, 6.48196
Particle 2 new velocities: 161.576, 66.8407
47.2621, 16.7502
Particle 3 new velocities: 114.956, 67.8327
60.3732, 19.2691
Particle 4 new velocities: 10.5558, 29.6674
18.8324, -0.563467
Particle 5 new velocities: 149.883, 71.0483
83.4987, 25.8084
Particle 6 new velocities: 120.879, 63.1541
62.6856, 17.357
Particle 7 new velocities: 122.758, 102.267
80.5387, 24.6891
Particle 8 new velocities: 58.4573, 38.11
13.2702, 20.4421
Particle 9 new velocities: 90.7382, 15.1797
16.0543, 39.6153
Particle 10 new velocities: 125.453, 62.1882
75.0653, 54.5519
Particle 11 new velocities: 188.786, 76.4427
89.4541, 21.3043
Particle 12 new velocities: 125.052, 51.8404
75.7955, 15.1474
Particle 13 new velocities: 73.9283, 21.4231
70.754, 14.3078
Particle 14 new velocities: 48.5448, -2.20857
22.7155, 11.1093
Particle 15 new velocities: 87.1311, 56.6312
45.7767, 26.0378
Particle 16 new velocities: 42.1632, 18.4145
31.1356, 35.0426
Particle 17 new velocities: 58.6278, 36.4684
53.6752, 2.23684
Particle 18 new velocities: 95.7973, 17.0388
46.4838, -3.48164
Particle 19 new velocities: 86.3359, 66.306
66.2538, 3.78777
Particle 20 new velocities: 179.614, 101.637
93.996, 33.5522
-- ITERATION 8 --
-------------
Particle: 1:
Relays Coordinates:
248.343, 129.892
133.603, 43.4651
Evaluation Time: 1.2633 seconds
Resulting Fitness: 0.172222
-------------
Particle: 2:
Relays Coordinates:
181.522, 89.4539
52.3931, 29.3635
Evaluation Time: 1.11064 seconds
Resulting Fitness: 0.0972222
-------------
Particle: 3:
Relays Coordinates:
256.981, 148.053
144.666, 44.1064
Evaluation Time: 1.31319 seconds
Resulting Fitness: 0.152778
-------------
Particle: 4:
Relays Coordinates:
223.879, 145.618
138.919, 36.988
Evaluation Time: 1.16989 seconds
Resulting Fitness: 0.133333
-------------
Particle: 5:
Relays Coordinates:
260.141, 129.442
133.419, 46.6345
Evaluation Time: 1.22335 seconds
Resulting Fitness: 0.180556
-------------
Particle: 6:
Relays Coordinates:
230.57, 102.003
104.651, 34.6762
Evaluation Time: 1.12746 seconds
Resulting Fitness: 0.15
-------------
Particle: 7:
Relays Coordinates:
229.461, 129.775
134.79, 37.1418
Evaluation Time: 1.23041 seconds
Resulting Fitness: 0.166667
New local best!
-------------
Particle: 8:
Relays Coordinates:
244.38, 135.764
127.013, 50.9391
Evaluation Time: 1.26191 seconds
Resulting Fitness: 0.166667
-------------
Particle: 9:
Relays Coordinates:
220.226, 117.99
94.5682, 52.7012
Evaluation Time: 1.17979 seconds
Resulting Fitness: 0.133333
-------------
Particle: 10:
Relays Coordinates:
260.16, 123.782
134.372, 63.0275
Evaluation Time: 1.17115 seconds
Resulting Fitness: 0.169444
New local best!
-------------
Particle: 11:
Relays Coordinates:
235.859, 112.794
109.262, 29.4527
Evaluation Time: 1.13775 seconds
Resulting Fitness: 0.136111
-------------
Particle: 12:
Relays Coordinates:
248.724, 113.289
136.272, 35.5215
Evaluation Time: 1.15627 seconds
Resulting Fitness: 0.175
New local best!
-------------
Particle: 13:
Relays Coordinates:
218.822, 89.3766
136.461, 38.8681
Evaluation Time: 1.13072 seconds
Resulting Fitness: 0.133333
-------------
Particle: 14:
Relays Coordinates:
241.526, 109.854
137.053, 41.836
Evaluation Time: 1.1675 seconds
Resulting Fitness: 0.144444
-------------
Particle: 15:
Relays Coordinates:
247.332, 138.624
132.26, 53.66
Evaluation Time: 1.20244 seconds
Resulting Fitness: 0.152778
-------------
Particle: 16:
Relays Coordinates:
207.953, 136.467
135.955, 41.5003
Evaluation Time: 1.13178 seconds
Resulting Fitness: 0.133333
-------------
Particle: 17:
Relays Coordinates:
274.261, 106.382
143.278, 32.6976
Evaluation Time: 1.15927 seconds
Resulting Fitness: 0.125
New local best!
-------------
Particle: 18:
Relays Coordinates:
241.481, 117.731
120.37, 36.0999
Evaluation Time: 1.19393 seconds
Resulting Fitness: 0.15
New local best!
-------------
Particle: 19:
Relays Coordinates:
229.355, 128.272
137.899, 39.6576
Evaluation Time: 1.17968 seconds
Resulting Fitness: 0.141667
-------------
Particle: 20:
Relays Coordinates:
245.081, 126.225
135.386, 47.6635
Evaluation Time: 1.18105 seconds
Resulting Fitness: 0.147222
New local best!
Current global best fitness: 0.183333
Current global best relays: 256.583, 130.57
136.284, 43.3436
Particle 1 new velocities: 33.6062, 17.5606
15.3494, 4.96319
Particle 2 new velocities: 177.995, 74.6888
126.778, 38.246
Particle 3 new velocities: 87.8371, 25.9487
44.2834, 19.7331
Particle 4 new velocities: 58.5379, 7.62357
7.70862, 3.18375
Particle 5 new velocities: 121.018, 49.9493
61.8932, 19.8241
Particle 6 new velocities: 104.431, 96.2571
119.848, 18.9344
Particle 7 new velocities: 108.176, 82.1057
64.6954, 26.9499
Particle 8 new velocities: 81.3276, 17.2484
18.0983, 9.73037
Particle 9 new velocities: 114.796, 32.0686
26.697, 30.0346
Particle 10 new velocities: 99.5686, 54.0145
60.767, 30.3153
Particle 11 new velocities: 173.747, 85.3514
93.8261, 42.711
Particle 12 new velocities: 105.697, 41.5491
60.6407, 17.4084
Particle 13 new velocities: 132.609, 87.561
56.6078, 14.6136
Particle 14 new velocities: 44.8756, -0.821662
14.665, 10.6872
Particle 15 new velocities: 77.7676, 46.5883
34.4535, 24.0086
Particle 16 new velocities: 55.8544, 13.734
25.307, 18.2187
Particle 17 new velocities: 32.8042, 35.7001
38.1976, 2.6967
Particle 18 new velocities: 80.8268, 14.7606
44.6694, -1.84446
Particle 19 new velocities: 126.613, 55.3721
56.707, 12.2586
Particle 20 new velocities: 147.554, 86.0569
75.5329, 25.7432
-- ITERATION 9 --
-------------
Particle: 1:
Relays Coordinates:
253.755, 132.707
134.057, 43.5855
Evaluation Time: 1.2148 seconds
Resulting Fitness: 0.183333
-------------
Particle: 2:
Relays Coordinates:
262.088, 119.66
130.616, 49.2873
Evaluation Time: 1.2007 seconds
Resulting Fitness: 0.180556
New local best!
-------------
Particle: 3:
Relays Coordinates:
251.373, 126.847
137.744, 46.539
Evaluation Time: 1.15409 seconds
Resulting Fitness: 0.15
-------------
Particle: 4:
Relays Coordinates:
228.757, 124.126
118.768, 32.5391
Evaluation Time: 1.1579 seconds
Resulting Fitness: 0.130556
-------------
Particle: 5:
Relays Coordinates:
250.078, 117.699
128.144, 43.6035
Evaluation Time: 1.20326 seconds
Resulting Fitness: 0.177778
-------------
Particle: 6:
Relays Coordinates:
219.794, 130.078
147.294, 35.1739
Evaluation Time: 1.10881 seconds
Resulting Fitness: 0.116667
-------------
Particle: 7:
Relays Coordinates:
246.137, 154.461
145.425, 46.7228
Evaluation Time: 1.25738 seconds
Resulting Fitness: 0.144444
-------------
Particle: 8:
Relays Coordinates:
237.441, 111.546
105.786, 44.228
Evaluation Time: 1.19654 seconds
Resulting Fitness: 0.136111
-------------
Particle: 9:
Relays Coordinates:
219.808, 98.4535
79.5621, 54.2829
Evaluation Time: 1.20741 seconds
Resulting Fitness: 0.144444
-------------
Particle: 10:
Relays Coordinates:
236.018, 116.653
128.031, 61.2422
Evaluation Time: 1.13188 seconds
Resulting Fitness: 0.161111
-------------
Particle: 11:
Relays Coordinates:
241.868, 117.003
119.921, 42.6119
Evaluation Time: 1.24516 seconds
Resulting Fitness: 0.15
-------------
Particle: 12:
Relays Coordinates:
258.373, 112.877
143.549, 38.5858
Evaluation Time: 1.18966 seconds
Resulting Fitness: 0.147222
-------------
Particle: 13:
Relays Coordinates:
256.194, 128.988
140.747, 38.9882
Evaluation Time: 1.24532 seconds
Resulting Fitness: 0.144444
-------------
Particle: 14:
Relays Coordinates:
257.762, 98.1287
136.546, 47.2709
Evaluation Time: 1.17455 seconds
Resulting Fitness: 0.125
-------------
Particle: 15:
Relays Coordinates:
236.997, 135.02
121.534, 56.6204
Evaluation Time: 1.18776 seconds
Resulting Fitness: 0.163889
-------------
Particle: 16:
Relays Coordinates:
237.427, 135.181
145.135, 53.7471
Evaluation Time: 1.20365 seconds
Resulting Fitness: 0.130556
-------------
Particle: 17:
Relays Coordinates:
248.723, 115.086
146.996, 28.6694
Evaluation Time: 1.20947 seconds
Resulting Fitness: 0.144444
New local best!
-------------
Particle: 18:
Relays Coordinates:
261.069, 107.318
133.682, 27.7469
Evaluation Time: 1.20182 seconds
Resulting Fitness: 0.136111
-------------
Particle: 19:
Relays Coordinates:
259.501, 133.876
141.868, 37.847
Evaluation Time: 1.21763 seconds
Resulting Fitness: 0.15
-------------
Particle: 20:
Relays Coordinates:
257.607, 139.278
138.384, 48.1622
Evaluation Time: 1.20951 seconds
Resulting Fitness: 0.15
New local best!
Current global best fitness: 0.183333
Current global best relays: 256.583, 130.57
136.284, 43.3436
Particle 1 new velocities: 29.6535, 10.6494
18.7517, 3.46306
Particle 2 new velocities: 141.229, 68.0761
105.785, 28.886
Particle 3 new velocities: 72.0916, 24.4788
45.5051, 14.2042
Particle 4 new velocities: 61.6258, 15.6531
32.7565, 14.8579
Particle 5 new velocities: 113.086, 48.9275
51.6659, 17.3505
Particle 6 new velocities: 117.523, 63.5907
89.4284, 25.3925
Particle 7 new velocities: 96.9408, 12.3722
43.3488, 17.1859
Particle 8 new velocities: 90.7354, 29.4853
44.8349, 7.8471
Particle 9 new velocities: 117.88, 65.8305
109.562, 29.8818
Particle 10 new velocities: 100.885, 58.6888
62.7133, 13.8053
Particle 11 new velocities: 159.752, 84.3264
94.2312, 34.3551
Particle 12 new velocities: 70.9695, 36.124
35.3136, 13.6276
Particle 13 new velocities: 109.617, 70.2869
40.6168, 18.1022
Particle 14 new velocities: 34.4797, 2.49937
8.10787, 5.64265
Particle 15 new velocities: 83.8075, 48.8599
31.9964, 26.4443
Particle 16 new velocities: -18.5702, 54.9888
8.45936, 2.01857
Particle 17 new velocities: 27.3129, 45.8835
21.5777, 14.7873
Particle 18 new velocities: 48.9809, 32.8904
23.4628, 7.07584
Particle 19 new velocities: 100.469, 38.0625
46.2836, 46.0031
Particle 20 new velocities: 117.741, 58.1867
57.8582, 16.001
-- ITERATION 10 --
-------------
Particle: 1:
Relays Coordinates:
255.067, 129.021
137.528, 42.3437
Evaluation Time: 1.20696 seconds
Resulting Fitness: 0.166667
-------------
Particle: 2:
Relays Coordinates:
238.155, 110.856
139.592, 46.1605
Evaluation Time: 1.16557 seconds
Resulting Fitness: 0.136111
-------------
Particle: 3:
Relays Coordinates:
235.805, 110.317
133.589, 44.2818
Evaluation Time: 1.20277 seconds
Resulting Fitness: 0.152778
-------------
Particle: 4:
Relays Coordinates:
261.345, 125.801
136.372, 42.6573
Evaluation Time: 1.22938 seconds
Resulting Fitness: 0.166667
-------------
Particle: 5:
Relays Coordinates:
264.747, 121.47
131.082, 44.4354
Evaluation Time: 1.21879 seconds
Resulting Fitness: 0.172222
-------------
Particle: 6:
Relays Coordinates:
199.183, 114.36
139.782, 35.7639
Evaluation Time: 1.14285 seconds
Resulting Fitness: 0.1
-------------
Particle: 7:
Relays Coordinates:
250.104, 121.622
137.616, 46.5895
Evaluation Time: 1.22011 seconds
Resulting Fitness: 0.15
-------------
Particle: 8:
Relays Coordinates:
239.241, 102.812
109.803, 37.9628
Evaluation Time: 1.17996 seconds
Resulting Fitness: 0.119444
-------------
Particle: 9:
Relays Coordinates:
246.174, 119.763
137.871, 61.3561
Evaluation Time: 1.20158 seconds
Resulting Fitness: 0.144444
-------------
Particle: 10:
Relays Coordinates:
245.602, 127.824
139.052, 54.7096
Evaluation Time: 1.2232 seconds
Resulting Fitness: 0.15
-------------
Particle: 11:
Relays Coordinates:
263.503, 132.092
140.505, 50.498
Evaluation Time: 1.23051 seconds
Resulting Fitness: 0.158333
-------------
Particle: 12:
Relays Coordinates:
266.767, 120.691
144.879, 42.2929
Evaluation Time: 1.20416 seconds
Resulting Fitness: 0.144444
-------------
Particle: 13:
Relays Coordinates:
240.008, 130.744
118.993, 37.457
Evaluation Time: 1.18165 seconds
Resulting Fitness: 0.152778
New local best!
-------------
Particle: 14:
Relays Coordinates:
263.017, 90.5652
130.189, 47.6222
Evaluation Time: 1.1378 seconds
Resulting Fitness: 0.119444
-------------
Particle: 15:
Relays Coordinates:
233.867, 134.048
111.924, 60.5542
Evaluation Time: 1.18233 seconds
Resulting Fitness: 0.15
-------------
Particle: 16:
Relays Coordinates:
196.971, 171.153
138.235, 50.1891
Evaluation Time: 1.21116 seconds
Resulting Fitness: 0.133333
-------------
Particle: 17:
Relays Coordinates:
223.589, 130.385
136.544, 35.1999
Evaluation Time: 1.17088 seconds
Resulting Fitness: 0.147222
New local best!
-------------
Particle: 18:
Relays Coordinates:
251.141, 113.569
127.287, 28.2064
Evaluation Time: 1.19218 seconds
Resulting Fitness: 0.155556
New local best!
-------------
Particle: 19:
Relays Coordinates:
262.418, 125.343
137.162, 61.1267
Evaluation Time: 1.25284 seconds
Resulting Fitness: 0.177778
-------------
Particle: 20:
Relays Coordinates:
246.266, 129.557
128.754, 42.0975
Evaluation Time: 1.19204 seconds
Resulting Fitness: 0.172222
New local best!
Current global best fitness: 0.183333
Current global best relays: 256.583, 130.57
136.284, 43.3436
Particle 1 new velocities: 25.8119, 9.98929
13.9963, 3.71252
Particle 2 new velocities: 119.647, 59.9414
75.597, 24.3401
Particle 3 new velocities: 69.9458, 59.1725
41.3261, 14.2299
Particle 4 new velocities: 38.973, 21.92
25.3461, 12.1827
Particle 5 new velocities: 84.2253, 43.4191
40.7484, 16.7161
Particle 6 new velocities: 185.253, 59.1544
57.3479, 24.2803
Particle 7 new velocities: 60.7801, 26.5958
30.9593, 0.683646
Particle 8 new velocities: 85.0083, 41.2224
79.2135, 24.9557
Particle 9 new velocities: 92.7287, 54.8272
86.5373, 24.65
Particle 10 new velocities: 102.84, 48.1276
48.0513, 19.0109
Particle 11 new velocities: 109.08, 54.8702
49.9929, 13.3025
Particle 12 new velocities: 36.5557, 35.4342
18.7202, 2.09124
Particle 13 new velocities: 93.8215, 56.2114
53.0416, 21.5618
Particle 14 new velocities: 7.89376, 69.0239
12.3941, -2.97805
Particle 15 new velocities: 87.7232, 38.051
46.5187, 11.4825
Particle 16 new velocities: 30.4249, 10.3067
3.78471, -26.3981
Particle 17 new velocities: 47.8773, 36.8383
17.158, 20.7056
Particle 18 new velocities: 40.6807, 37.9206
23.1644, 12.05
Particle 19 new velocities: 74.4784, 32.9426
36.9181, 24.2574
Particle 20 new velocities: 101.742, 47.1307
55.8437, 12.8734
-- ITERATION 11 --
-------------
Particle: 1:
Relays Coordinates:
252.791, 125.109
136.372, 41.4506
Evaluation Time: 1.18151 seconds
Resulting Fitness: 0.15
-------------
Particle: 2:
Relays Coordinates:
234.754, 112.06
141.186, 46.2555
Evaluation Time: 1.18328 seconds
Resulting Fitness: 0.133333
-------------
Particle: 3:
Relays Coordinates:
247.659, 137.286
141.681, 47.3945
Evaluation Time: 1.21239 seconds
Resulting Fitness: 0.144444
-------------
Particle: 4:
Relays Coordinates:
270.286, 132.949
145.547, 49.356
Evaluation Time: 1.25603 seconds
Resulting Fitness: 0.133333
-------------
Particle: 5:
Relays Coordinates:
254.401, 120.205
125.264, 44.5795
Evaluation Time: 1.19445 seconds
Resulting Fitness: 0.161111
-------------
Particle: 6:
Relays Coordinates:
252.228, 113.843
129.337, 39.3949
Evaluation Time: 1.17947 seconds
Resulting Fitness: 0.175
-------------
Particle: 7:
Relays Coordinates:
251.816, 120.056
136.546, 38.2912
Evaluation Time: 1.19875 seconds
Resulting Fitness: 0.166667
-------------
Particle: 8:
Relays Coordinates:
236.378, 105.001
137.793, 45.8676
Evaluation Time: 1.18015 seconds
Resulting Fitness: 0.127778
-------------
Particle: 9:
Relays Coordinates:
200.119, 103.094
132.511, 50.7857
Evaluation Time: 1.12629 seconds
Resulting Fitness: 0.125
-------------
Particle: 10:
Relays Coordinates:
254.015, 128.269
136.399, 53.7423
Evaluation Time: 1.23687 seconds
Resulting Fitness: 0.163889
-------------
Particle: 11:
Relays Coordinates:
244.452, 122.666
124.986, 41.8596
Evaluation Time: 1.1833 seconds
Resulting Fitness: 0.169444
New local best!
-------------
Particle: 12:
Relays Coordinates:
245.692, 126.461
132.515, 35.9511
Evaluation Time: 1.19755 seconds
Resulting Fitness: 0.163889
-------------
Particle: 13:
Relays Coordinates:
243.362, 136.29
125.413, 43.0247
Evaluation Time: 1.22641 seconds
Resulting Fitness: 0.161111
New local best!
-------------
Particle: 14:
Relays Coordinates:
219.438, 129.267
115.492, 36.1617
Evaluation Time: 1.14264 seconds
Resulting Fitness: 0.133333
-------------
Particle: 15:
Relays Coordinates:
234.439, 125.46
115.504, 52.5147
Evaluation Time: 1.16752 seconds
Resulting Fitness: 0.141667
-------------
Particle: 16:
Relays Coordinates:
184.191, 146.982
115.036, 19.2708
Evaluation Time: 1.14192 seconds
Resulting Fitness: 0.0777778
-------------
Particle: 17:
Relays Coordinates:
244.32, 150.501
138.332, 50.315
Evaluation Time: 1.17275 seconds
Resulting Fitness: 0.144444
-------------
Particle: 18:
Relays Coordinates:
236.375, 122.707
121.866, 32.6077
Evaluation Time: 1.13655 seconds
Resulting Fitness: 0.144444
-------------
Particle: 19:
Relays Coordinates:
245.597, 115.39
126.905, 62.245
Evaluation Time: 1.22724 seconds
Resulting Fitness: 0.166667
-------------
Particle: 20:
Relays Coordinates:
253.698, 128.805
134.572, 40.0738
Evaluation Time: 1.22926 seconds
Resulting Fitness: 0.175
New local best!
Current global best fitness: 0.183333
Current global best relays: 256.583, 130.57
136.284, 43.3436
Particle 1 new velocities: 26.077, 17.9489
11.0415, 6.14519
Particle 2 new velocities: 119.448, 67.5705
51.2214, 20.7701
Particle 3 new velocities: 61.2083, 33.8642
35.0961, 11.2689
Particle 4 new velocities: -29.2593, 15.8934
9.72603, -2.86461
Particle 5 new velocities: 73.0209, 37.8442
36.0269, 15.8607
Particle 6 new velocities: 145.475, 56.1122
53.2173, 21.5583
Particle 7 new velocities: 30.0138, 29.4662
23.8192, 6.51303
Particle 8 new velocities: 80.2668, 81.3587
61.2019, 22.633
Particle 9 new velocities: 118.098, 98.6277
27.8868, 54.6285
Particle 10 new velocities: 93.6615, 32.5742
36.6387, 11.204
Particle 11 new velocities: 95.9081, 51.965
42.6947, 12.396
Particle 12 new velocities: 44.8871, 28.2448
20.7257, 4.51831
Particle 13 new velocities: 78.8921, 41.3788
45.022, 17.5596
Particle 14 new velocities: 39.9595, 44.5406
43.5485, 9.34892
Particle 15 new velocities: 101.428, 37.5059
55.6321, 25.5055
Particle 16 new velocities: 85.6846, 31.0017
21.0048, 7.57843
Particle 17 new velocities: 10.3659, -4.44757
12.1111, -7.31776
Particle 18 new velocities: 58.6174, 34.2667
35.1079, 6.59606
Particle 19 new velocities: 62.7725, 63.6455
68.1972, 2.15712
Particle 20 new velocities: 82.2691, 38.7905
45.8326, 13.1128
-- ITERATION 12 --
-------------
Particle: 1:
Relays Coordinates:
250.982, 128.752
132.672, 42.8362
Evaluation Time: 1.21768 seconds
Resulting Fitness: 0.175
-------------
Particle: 2:
Relays Coordinates:
258.213, 130.951
140.265, 48.8616
Evaluation Time: 1.22084 seconds
Resulting Fitness: 0.172222
-------------
Particle: 3:
Relays Coordinates:
250.182, 138.632
143.189, 47.5173
Evaluation Time: 1.18311 seconds
Resulting Fitness: 0.155556
-------------
Particle: 4:
Relays Coordinates:
216.924, 133.958
139.745, 41.8422
Evaluation Time: 1.19538 seconds
Resulting Fitness: 0.116667
-------------
Particle: 5:
Relays Coordinates:
238.69, 115.218
117.581, 44.0609
Evaluation Time: 1.19411 seconds
Resulting Fitness: 0.15
-------------
Particle: 6:
Relays Coordinates:
234.84, 100.357
107.797, 35.9923
Evaluation Time: 1.12552 seconds
Resulting Fitness: 0.122222
-------------
Particle: 7:
Relays Coordinates:
253.647, 134.57
144.329, 40.3238
Evaluation Time: 1.17907 seconds
Resulting Fitness: 0.138889
-------------
Particle: 8:
Relays Coordinates:
230.834, 135.856
145.067, 49.9369
Evaluation Time: 1.18557 seconds
Resulting Fitness: 0.133333
-------------
Particle: 9:
Relays Coordinates:
231.98, 147.055
116.93, 76.847
Evaluation Time: 1.17322 seconds
Resulting Fitness: 0.147222
-------------
Particle: 10:
Relays Coordinates:
253.456, 117.254
126.144, 47.3458
Evaluation Time: 1.21953 seconds
Resulting Fitness: 0.161111
-------------
Particle: 11:
Relays Coordinates:
248.122, 127.306
122.239, 39.5523
Evaluation Time: 1.18123 seconds
Resulting Fitness: 0.147222
-------------
Particle: 12:
Relays Coordinates:
235.369, 125.312
124.125, 32.7802
Evaluation Time: 1.17632 seconds
Resulting Fitness: 0.136111
-------------
Particle: 13:
Relays Coordinates:
234.923, 129.521
124.247, 44.1659
Evaluation Time: 1.18548 seconds
Resulting Fitness: 0.152778
-------------
Particle: 14:
Relays Coordinates:
233.458, 156.427
143.136, 40.9596
Evaluation Time: 1.15334 seconds
Resulting Fitness: 0.144444
-------------
Particle: 15:
Relays Coordinates:
272.052, 132.003
138.621, 63.1964
Evaluation Time: 1.25227 seconds
Resulting Fitness: 0.138889
-------------
Particle: 16:
Relays Coordinates:
196.739, 129.75
99.1738, 19.5731
Evaluation Time: 1.16318 seconds
Resulting Fitness: 0.1
-------------
Particle: 17:
Relays Coordinates:
229.217, 131.448
135.399, 38.6975
Evaluation Time: 1.19154 seconds
Resulting Fitness: 0.166667
New local best!
-------------
Particle: 18:
Relays Coordinates:
238.944, 127.148
127.149, 31.755
Evaluation Time: 1.20385 seconds
Resulting Fitness: 0.152778
-------------
Particle: 19:
Relays Coordinates:
224.801, 130.517
142.229, 46.9492
Evaluation Time: 1.18558 seconds
Resulting Fitness: 0.141667
-------------
Particle: 20:
Relays Coordinates:
244.92, 122.177
131.515, 38.773
Evaluation Time: 1.24552 seconds
Resulting Fitness: 0.175
Current global best fitness: 0.183333
Current global best relays: 256.583, 130.57
136.284, 43.3436
Particle 1 new velocities: 22.17, 19.4632
14.3839, 5.1647
Particle 2 new velocities: 97.1207, 47.2411
38.7328, 11.7006
Particle 3 new velocities: 51.6918, 8.94633
26.2847, 8.69237
Particle 4 new velocities: 19.8103, 9.78068
0.415108, -1.11474
Particle 5 new velocities: 99.9991, 41.7992
58.7797, 13.0831
Particle 6 new velocities: 140.204, 90.8736
80.4213, 28.0593
Particle 7 new velocities: -8.2048, 15.2344
0.235636, 4.07893
Particle 8 new velocities: 148.313, 55.6831
31.9814, 15.2928
Particle 9 new velocities: 94.3553, 61.0304
8.42399, 32.577
Particle 10 new velocities: 75.9158, 45.0696
39.5776, 15.871
Particle 11 new velocities: 78.243, 41.2239
56.0991, 11.3062
Particle 12 new velocities: 63.7173, 11.0164
23.2024, 7.97307
Particle 13 new velocities: 86.4104, 40.404
37.3791, 12.4048
Particle 14 new velocities: 37.4983, -10.8521
18.6191, 12.2656
Particle 15 new velocities: 42.4679, 30.8825
37.3163, 4.00947
Particle 16 new velocities: 66.2299, 91.6088
84.1727, 38.2109
Particle 17 new velocities: 42.2835, -4.65978
10.7263, -0.337273
Particle 18 new velocities: 72.3167, 20.5572
35.7176, 2.76772
Particle 19 new velocities: 107.203, 50.3919
52.1973, 3.61622
Particle 20 new velocities: 79.4536, 41.5491
41.9543, 11.0826
-- ITERATION 13 --
-------------
Particle: 1:
Relays Coordinates:
245.836, 133.394
132.35, 43.2008
Evaluation Time: 1.2211 seconds
Resulting Fitness: 0.161111
-------------
Particle: 2:
Relays Coordinates:
259.038, 129.902
130.489, 44.1499
Evaluation Time: 1.26502 seconds
Resulting Fitness: 0.180556
-------------
Particle: 3:
Relays Coordinates:
244.518, 119.538
137.274, 45.5299
Evaluation Time: 1.16215 seconds
Resulting Fitness: 0.155556
-------------
Particle: 4:
Relays Coordinates:
236.734, 143.739
140.161, 40.7275
Evaluation Time: 1.18679 seconds
Resulting Fitness: 0.130556
-------------
Particle: 5:
Relays Coordinates:
274.338, 127.184
142.852, 46.2867
Evaluation Time: 1.18661 seconds
Resulting Fitness: 0.133333
-------------
Particle: 6:
Relays Coordinates:
246.066, 125.466
123.49, 42.0243
Evaluation Time: 1.17364 seconds
Resulting Fitness: 0.163889
-------------
Particle: 7:
Relays Coordinates:
245.442, 149.805
144.564, 44.4028
Evaluation Time: 1.18821 seconds
Resulting Fitness: 0.136111
-------------
Particle: 8:
Relays Coordinates:
223.882, 113.102
104.545, 38.5175
Evaluation Time: 1.15344 seconds
Resulting Fitness: 0.136111
-------------
Particle: 9:
Relays Coordinates:
214.109, 136.525
82.2448, 71.7931
Evaluation Time: 1.14889 seconds
Resulting Fitness: 0.133333
-------------
Particle: 10:
Relays Coordinates:
266.791, 131.482
134.235, 51.2057
Evaluation Time: 1.21273 seconds
Resulting Fitness: 0.127778
-------------
Particle: 11:
Relays Coordinates:
264.356, 136.509
144.454, 41.1954
Evaluation Time: 1.23388 seconds
Resulting Fitness: 0.155556
-------------
Particle: 12:
Relays Coordinates:
242.26, 110.426
119.335, 33.0102
Evaluation Time: 1.18299 seconds
Resulting Fitness: 0.147222
-------------
Particle: 13:
Relays Coordinates:
234.252, 123.875
117.826, 41.2401
Evaluation Time: 1.16936 seconds
Resulting Fitness: 0.136111
-------------
Particle: 14:
Relays Coordinates:
243.86, 131.017
145.58, 47.9026
Evaluation Time: 1.1999 seconds
Resulting Fitness: 0.141667
-------------
Particle: 15:
Relays Coordinates:
254.761, 131.937
142.509, 54.4368
Evaluation Time: 1.21762 seconds
Resulting Fitness: 0.166667
-------------
Particle: 16:
Relays Coordinates:
191.704, 161.371
133.66, 42.1245
Evaluation Time: 1.20015 seconds
Resulting Fitness: 0.152778
New local best!
-------------
Particle: 17:
Relays Coordinates:
271.5, 126.789
146.125, 38.3603
Evaluation Time: 1.22995 seconds
Resulting Fitness: 0.138889
-------------
Particle: 18:
Relays Coordinates:
252.121, 119.642
131.922, 27.9634
Evaluation Time: 1.21613 seconds
Resulting Fitness: 0.147222
-------------
Particle: 19:
Relays Coordinates:
242.031, 131.883
141.737, 36.8622
Evaluation Time: 1.21354 seconds
Resulting Fitness: 0.144444
-------------
Particle: 20:
Relays Coordinates:
262.742, 132.618
140.51, 40.3831
Evaluation Time: 1.22687 seconds
Resulting Fitness: 0.155556
Current global best fitness: 0.183333
Current global best relays: 256.583, 130.57
136.284, 43.3436
Particle 1 new velocities: 44.7176, 13.9466
16.2249, 4.40054
Particle 2 new velocities: 80.4991, 34.6291
33.7749, 11.1044
Particle 3 new velocities: 63.964, 25.6652
29.7976, 4.91173
Particle 4 new velocities: 31.5178, -12.0676
-5.18009, 1.57808
Particle 5 new velocities: 46.6558, 32.9982
36.4205, 8.84687
Particle 6 new velocities: 114.115, 68.2158
90.9637, 21.2314
Particle 7 new velocities: -20.4432, -14.4503
-5.13545, -3.50327
Particle 8 new velocities: 200.237, 57.8582
65.2046, 17.4036
Particle 9 new velocities: 91.0033, 37.2977
23.7948, 33.0214
Particle 10 new velocities: 50.39, 33.2892
34.2807, 22.4617
Particle 11 new velocities: 58.5698, 8.42668
40.8554, 11.9613
Particle 12 new velocities: 62.8, 20.4204
28.5937, 13.1094
Particle 13 new velocities: 102.155, 54.5945
44.6868, 12.2767
Particle 14 new velocities: 31.7735, -18.9224
0.446619, 2.15766
Particle 15 new velocities: 29.96, 41.2937
4.21011, 16.2459
Particle 16 new velocities: 109.417, 49.8932
70.3151, 30.7391
Particle 17 new velocities: 4.8579, -0.866603
2.35144, 4.7609
Particle 18 new velocities: 59.3654, 20.2964
21.8841, 6.28676
Particle 19 new velocities: 121.856, 37.421
43.4075, 27.0914
Particle 20 new velocities: 46.743, 28.3564
27.5211, 9.77571
-- ITERATION 14 --
-------------
Particle: 1:
Relays Coordinates:
235.349, 119.346
120.346, 38.5571
Evaluation Time: 1.16446 seconds
Resulting Fitness: 0.138889
-------------
Particle: 2:
Relays Coordinates:
247.523, 119.943
119.749, 40.2804
Evaluation Time: 1.19877 seconds
Resulting Fitness: 0.161111
-------------
Particle: 3:
Relays Coordinates:
249.87, 117.615
135.328, 40.8577
Evaluation Time: 1.21328 seconds
Resulting Fitness: 0.180556
New local best!
-------------
Particle: 4:
Relays Coordinates:
241.427, 118.504
121.482, 38.075
Evaluation Time: 1.18237 seconds
Resulting Fitness: 0.15
-------------
Particle: 5:
Relays Coordinates:
260.005, 129.747
145.211, 44.6582
Evaluation Time: 1.2101 seconds
Resulting Fitness: 0.147222
-------------
Particle: 6:
Relays Coordinates:
236.315, 127.075
140.703, 41.5021
Evaluation Time: 1.14519 seconds
Resulting Fitness: 0.141667
-------------
Particle: 7:
Relays Coordinates:
224.999, 135.354
139.429, 40.8995
Evaluation Time: 1.12895 seconds
Resulting Fitness: 0.141667
-------------
Particle: 8:
Relays Coordinates:
225.394, 90.8552
90.2121, 29.7188
Evaluation Time: 1.1313 seconds
Resulting Fitness: 0.119444
-------------
Particle: 9:
Relays Coordinates:
222.427, 126.717
77.3029, 76.4098
Evaluation Time: 1.15108 seconds
Resulting Fitness: 0.138889
-------------
Particle: 10:
Relays Coordinates:
256.917, 133.465
136.497, 59.6706
Evaluation Time: 1.21189 seconds
Resulting Fitness: 0.172222
New local best!
-------------
Particle: 11:
Relays Coordinates:
235.413, 105.658
135.091, 38.7512
Evaluation Time: 1.15769 seconds
Resulting Fitness: 0.15
-------------
Particle: 12:
Relays Coordinates:
247.098, 105.986
119.823, 37.3569
Evaluation Time: 1.16858 seconds
Resulting Fitness: 0.136111
-------------
Particle: 13:
Relays Coordinates:
220.717, 117.094
106.624, 35.1124
Evaluation Time: 1.17423 seconds
Resulting Fitness: 0.133333
-------------
Particle: 14:
Relays Coordinates:
275.634, 112.095
146.027, 50.0603
Evaluation Time: 1.21489 seconds
Resulting Fitness: 0.130556
-------------
Particle: 15:
Relays Coordinates:
256.249, 155.908
132.047, 63.6144
Evaluation Time: 1.25773 seconds
Resulting Fitness: 0.155556
-------------
Particle: 16:
Relays Coordinates:
197.565, 138.61
133.828, 47.8058
Evaluation Time: 1.18415 seconds
Resulting Fitness: 0.130556
-------------
Particle: 17:
Relays Coordinates:
276.358, 125.922
148.477, 43.1212
Evaluation Time: 1.19836 seconds
Resulting Fitness: 0.136111
-------------
Particle: 18:
Relays Coordinates:
252.304, 113.35
124.583, 27.7427
Evaluation Time: 1.21551 seconds
Resulting Fitness: 0.155556
-------------
Particle: 19:
Relays Coordinates:
265.274, 123.422
134.97, 46.6222
Evaluation Time: 1.23575 seconds
Resulting Fitness: 0.161111
-------------
Particle: 20:
Relays Coordinates:
250.683, 130.39
136.105, 40.6286
Evaluation Time: 1.16684 seconds
Resulting Fitness: 0.172222
Current global best fitness: 0.183333
Current global best relays: 256.583, 130.57
136.284, 43.3436
Particle 1 new velocities: 54.5889, 29.5066
27.8981, 6.44163
Particle 2 new velocities: 80.8381, 28.2183
55.8807, 20.4237
Particle 3 new velocities: 52.6089, 22.2542
24.6256, 5.62247
Particle 4 new velocities: 28.1273, 18.8078
11.0361, 11.4887
Particle 5 new velocities: 35.5981, 26.4173
-0.278085, 9.78227
Particle 6 new velocities: 120.476, 55.5839
57.5, 15.7768
Particle 7 new velocities: -5.79977, -21.7981
-15.3143, -3.36845
Particle 8 new velocities: 226.13, 92.6051
130.119, 40.1149
Particle 9 new velocities: 98.7714, 33.7275
51.9577, 10.0458
Particle 10 new velocities: 40.0852, 24.2048
27.3375, 14.9064
Particle 11 new velocities: 76.962, 39.8018
27.2764, 16.4451
Particle 12 new velocities: 53.3143, 50.6822
60.0286, 10.6069
Particle 13 new velocities: 104.615, 76.7949
57.7338, 25.3912
Particle 14 new velocities: -0.607538, -13.3826
-18.2771, -13.0253
Particle 15 new velocities: 21.1219, 14.1132
-6.32864, -10.011
Particle 16 new velocities: 142.836, 64.1749
57.1161, 14.8813
Particle 17 new velocities: -7.1329, 7.99339
-19.0966, 0.400084
Particle 18 new velocities: 46.3002, 29.5793
19.783, 10.7865
Particle 19 new velocities: 91.0752, 37.5044
49.5007, 35.6771
Particle 20 new velocities: 42.6225, 21.3964
20.1262, 7.76741
-- ITERATION 15 --
-------------
Particle: 1:
Relays Coordinates:
234.849, 120.57
120.078, 36.449
Evaluation Time: 1.21086 seconds
Resulting Fitness: 0.141667
-------------
Particle: 2:
Relays Coordinates:
265.972, 120.011
142.26, 49.1703
Evaluation Time: 1.19271 seconds
Resulting Fitness: 0.158333
-------------
Particle: 3:
Relays Coordinates:
272.231, 125.882
143.958, 41.8321
Evaluation Time: 1.21931 seconds
Resulting Fitness: 0.138889
-------------
Particle: 4:
Relays Coordinates:
242.599, 123.581
119.267, 44.6073
Evaluation Time: 1.15407 seconds
Resulting Fitness: 0.158333
-------------
Particle: 5:
Relays Coordinates:
239.439, 126.493
117.396, 44.0967
Evaluation Time: 1.15027 seconds
Resulting Fitness: 0.15
-------------
Particle: 6:
Relays Coordinates:
260.1, 133.158
144.49, 41.7563
Evaluation Time: 1.19051 seconds
Resulting Fitness: 0.155556
-------------
Particle: 7:
Relays Coordinates:
219.199, 113.556
124.115, 37.531
Evaluation Time: 1.15319 seconds
Resulting Fitness: 0.116667
-------------
Particle: 8:
Relays Coordinates:
266.62, 108.331
130.103, 41.2361
Evaluation Time: 1.1785 seconds
Resulting Fitness: 0.169444
-------------
Particle: 9:
Relays Coordinates:
234.153, 116.964
94.231, 63.0261
Evaluation Time: 1.15932 seconds
Resulting Fitness: 0.138889
-------------
Particle: 10:
Relays Coordinates:
240.571, 127.713
132.706, 60.4074
Evaluation Time: 1.16162 seconds
Resulting Fitness: 0.155556
-------------
Particle: 11:
Relays Coordinates:
253.024, 117.823
131.517, 44.709
Evaluation Time: 1.2451 seconds
Resulting Fitness: 0.166667
-------------
Particle: 12:
Relays Coordinates:
243.334, 126.901
145.679, 38.8507
Evaluation Time: 1.23916 seconds
Resulting Fitness: 0.158333
-------------
Particle: 13:
Relays Coordinates:
237.167, 141.345
119.817, 44.1071
Evaluation Time: 1.15016 seconds
Resulting Fitness: 0.138889
-------------
Particle: 14:
Relays Coordinates:
247.524, 88.8412
114.975, 33.3315
Evaluation Time: 1.13109 seconds
Resulting Fitness: 0.116667
-------------
Particle: 15:
Relays Coordinates:
224.671, 137.717
101.832, 43.4188
Evaluation Time: 1.13131 seconds
Resulting Fitness: 0.138889
-------------
Particle: 16:
Relays Coordinates:
248.153, 147.83
139.198, 45.6989
Evaluation Time: 1.18441 seconds
Resulting Fitness: 0.130556
-------------
Particle: 17:
Relays Coordinates:
242.303, 120.524
116.442, 39.1691
Evaluation Time: 1.15226 seconds
Resulting Fitness: 0.15
-------------
Particle: 18:
Relays Coordinates:
241.87, 115.773
116.936, 31.2086
Evaluation Time: 1.16805 seconds
Resulting Fitness: 0.147222
-------------
Particle: 19:
Relays Coordinates:
259.779, 117.316
134.479, 59.9961
Evaluation Time: 1.1701 seconds
Resulting Fitness: 0.166667
-------------
Particle: 20:
Relays Coordinates:
263.975, 136.607
140.608, 43.5564
Evaluation Time: 1.20769 seconds
Resulting Fitness: 0.158333
Current global best fitness: 0.183333
Current global best relays: 256.583, 130.57
136.284, 43.3436
Particle 1 new velocities: 94.6761, 31.3025
42.9802, 11.4773
Particle 2 new velocities: 58.6439, 25.5753
29.0929, 16.1309
Particle 3 new velocities: 6.2291, 15.7736
-1.22376, 3.91449
Particle 4 new velocities: 36.9696, 22.4956
34.1278, 7.63682
Particle 5 new velocities: 54.4056, 24.4398
29.336, 10.485
Particle 6 new velocities: 84.295, 23.3531
18.4585, 9.58047
Particle 7 new velocities: 50.5609, 22.2334
6.87349, -1.35759
Particle 8 new velocities: 166.021, 92.1289
113.205, 48.6084
Particle 9 new velocities: 98.6556, 44.6125
51.1305, 9.39349
Particle 10 new velocities: 48.2004, 22.6861
29.694, 2.42465
Particle 11 new velocities: 54.3183, 49.4071
22.4235, 11.5185
Particle 12 new velocities: 59.7358, 39.8185
37.7818, 7.33932
Particle 13 new velocities: 113.455, 51.8398
55.3355, 18.0834
Particle 14 new velocities: -2.51774, 43.8518
16.0526, 13.6938
Particle 15 new velocities: 57.2451, 9.96437
30.1471, -1.26857
Particle 16 new velocities: 71.4334, 73.7074
41.6354, 7.81458
Particle 17 new velocities: 3.2628, 24.0246
24.1534, 2.35683
Particle 18 new velocities: 57.5888, 31.77
31.0918, 5.09591
Particle 19 new velocities: 71.2638, 60.4874
49.7054, 22.0993
Particle 20 new velocities: 16.4908, 10.0372
7.36473, 2.42286
-- ITERATION 16 --
-------------
Particle: 1:
Relays Coordinates:
240.224, 110.715
118.869, 34.9382
Evaluation Time: 1.16723 seconds
Resulting Fitness: 0.138889
-------------
Particle: 2:
Relays Coordinates:
262.939, 117.925
138.796, 52.894
Evaluation Time: 1.1936 seconds
Resulting Fitness: 0.175
-------------
Particle: 3:
Relays Coordinates:
250.614, 127.49
128.461, 41.172
Evaluation Time: 1.18232 seconds
Resulting Fitness: 0.177778
-------------
Particle: 4:
Relays Coordinates:
251.612, 131.469
138.055, 47.0197
Evaluation Time: 1.16625 seconds
Resulting Fitness: 0.15
-------------
Particle: 5:
Relays Coordinates:
238.014, 122.256
118.853, 44.2112
Evaluation Time: 1.14141 seconds
Resulting Fitness: 0.147222
-------------
Particle: 6:
Relays Coordinates:
251.064, 114.097
118.789, 37.4245
Evaluation Time: 1.20338 seconds
Resulting Fitness: 0.161111
-------------
Particle: 7:
Relays Coordinates:
242.784, 122.211
117.889, 32.5561
Evaluation Time: 1.16227 seconds
Resulting Fitness: 0.152778
-------------
Particle: 8:
Relays Coordinates:
255.47, 118.37
143.671, 53.0523
Evaluation Time: 1.20147 seconds
Resulting Fitness: 0.152778
-------------
Particle: 9:
Relays Coordinates:
242.618, 117.789
105.969, 52.7939
Evaluation Time: 1.20817 seconds
Resulting Fitness: 0.15
-------------
Particle: 10:
Relays Coordinates:
233.905, 121.823
131.544, 50.894
Evaluation Time: 1.24357 seconds
Resulting Fitness: 0.155556
-------------
Particle: 11:
Relays Coordinates:
248.947, 135.456
124.692, 45.5442
Evaluation Time: 1.23698 seconds
Resulting Fitness: 0.161111
-------------
Particle: 12:
Relays Coordinates:
245.487, 135.043
148.604, 37.4139
Evaluation Time: 1.17639 seconds
Resulting Fitness: 0.138889
-------------
Particle: 13:
Relays Coordinates:
230.043, 126.749
114.918, 40.8032
Evaluation Time: 1.19052 seconds
Resulting Fitness: 0.138889
-------------
Particle: 14:
Relays Coordinates:
245.006, 132.693
131.027, 47.0253
Evaluation Time: 1.27038 seconds
Resulting Fitness: 0.166667
New local best!
-------------
Particle: 15:
Relays Coordinates:
228.352, 119.622
106.903, 34.1416
Evaluation Time: 1.16623 seconds
Resulting Fitness: 0.122222
-------------
Particle: 16:
Relays Coordinates:
209.68, 145.351
118.645, 35.1102
Evaluation Time: 1.14317 seconds
Resulting Fitness: 0.116667
-------------
Particle: 17:
Relays Coordinates:
245.566, 144.548
140.595, 41.5259
Evaluation Time: 1.23709 seconds
Resulting Fitness: 0.125
-------------
Particle: 18:
Relays Coordinates:
242.561, 119.509
119.903, 29.4067
Evaluation Time: 1.1745 seconds
Resulting Fitness: 0.152778
-------------
Particle: 19:
Relays Coordinates:
241.33, 129.618
134.271, 59.8476
Evaluation Time: 1.1964 seconds
Resulting Fitness: 0.147222
-------------
Particle: 20:
Relays Coordinates:
252.419, 131.98
133.176, 41.3814
Evaluation Time: 1.23929 seconds
Resulting Fitness: 0.183333
New local best!
Current global best fitness: 0.183333
Current global best relays: 256.583, 130.57
136.284, 43.3436
Particle 1 new velocities: 112.876, 56.4125
61.3926, 13.2366
Particle 2 new velocities: 45.3581, 27.1265
16.2381, 10.3582
Particle 3 new velocities: 10.915, 13.6156
8.67495, 4.97246
Particle 4 new velocities: 22.1717, 18.1259
22.5564, -0.768374
Particle 5 new velocities: 86.2517, 18.9995
28.8922, 9.45652
Particle 6 new velocities: 71.6749, 42.8098
45.5509, 10.5635
Particle 7 new velocities: 42.3096, 29.8462
29.3473, 19.3938
Particle 8 new velocities: 149.487, 79.7265
78.3731, 23.424
Particle 9 new velocities: 83.0394, 46.6922
71.3853, 52.8823
Particle 10 new velocities: 65.1186, 24.093
27.6223, -1.34793
Particle 11 new velocities: 46.3421, 23.6098
23.0358, 6.11619
Particle 12 new velocities: 61.579, 9.17721
15.015, 12.8113
Particle 13 new velocities: 135.289, 60.3236
76.7629, 19.7738
Particle 14 new velocities: 1.89499, 32.9446
19.2917, 10.6641
Particle 15 new velocities: 83.2942, 51.3469
42.7197, 62.3928
Particle 16 new velocities: 52.3366, 83.3604
47.733, 22.1773
Particle 17 new velocities: -14.0345, 11.9824
16.2196, -0.683585
Particle 18 new velocities: 49.7848, 23.8826
50.688, 13.2314
Particle 19 new velocities: 66.4672, 48.8127
46.14, 9.59679
Particle 20 new velocities: 13.6622, 7.52144
6.5356, 2.27005
-- ITERATION 17 --
-------------
Particle: 1:
Relays Coordinates:
257.41, 121.836
131.411, 35.1194
Evaluation Time: 1.23238 seconds
Resulting Fitness: 0.169444
-------------
Particle: 2:
Relays Coordinates:
249.721, 117.491
125.577, 51.2342
Evaluation Time: 1.2075 seconds
Resulting Fitness: 0.183333
New local best!
-------------
Particle: 3:
Relays Coordinates:
235.376, 126.995
123.422, 41.53
Evaluation Time: 1.18049 seconds
Resulting Fitness: 0.152778
-------------
Particle: 4:
Relays Coordinates:
246.405, 134.635
144.55, 41.6262
Evaluation Time: 1.22224 seconds
Resulting Fitness: 0.147222
-------------
Particle: 5:
Relays Coordinates:
236.39, 102.975
107.706, 39.1238
Evaluation Time: 1.15671 seconds
Resulting Fitness: 0.125
-------------
Particle: 6:
Relays Coordinates:
235.277, 114.385
119.804, 34.9833
Evaluation Time: 1.18674 seconds
Resulting Fitness: 0.133333
-------------
Particle: 7:
Relays Coordinates:
256.584, 136.851
132.513, 46.7549
Evaluation Time: 1.22872 seconds
Resulting Fitness: 0.166667
-------------
Particle: 8:
Relays Coordinates:
265.692, 129.971
145.683, 50.1761
Evaluation Time: 1.24334 seconds
Resulting Fitness: 0.15
-------------
Particle: 9:
Relays Coordinates:
237.404, 119.907
129.291, 77.038
Evaluation Time: 1.17785 seconds
Resulting Fitness: 0.130556
-------------
Particle: 10:
Relays Coordinates:
269.121, 131.324
143.25, 44.5914
Evaluation Time: 1.23946 seconds
Resulting Fitness: 0.152778
-------------
Particle: 11:
Relays Coordinates:
239.184, 128.843
119.66, 41.8449
Evaluation Time: 1.18531 seconds
Resulting Fitness: 0.147222
-------------
Particle: 12:
Relays Coordinates:
276.359, 129.798
147.257, 45.2027
Evaluation Time: 1.24609 seconds
Resulting Fitness: 0.152778
-------------
Particle: 13:
Relays Coordinates:
239.694, 122.738
125.762, 39.7445
Evaluation Time: 1.17187 seconds
Resulting Fitness: 0.161111
-------------
Particle: 14:
Relays Coordinates:
222.211, 149.074
135.287, 51.9205
Evaluation Time: 1.16955 seconds
Resulting Fitness: 0.141667
-------------
Particle: 15:
Relays Coordinates:
252.433, 138.485
121.194, 78.1929
Evaluation Time: 1.2324 seconds
Resulting Fitness: 0.144444
-------------
Particle: 16:
Relays Coordinates:
191.01, 166.731
121.289, 41.7626
Evaluation Time: 1.19242 seconds
Resulting Fitness: 0.152778
-------------
Particle: 17:
Relays Coordinates:
208.378, 140.878
141.133, 36.7581
Evaluation Time: 1.14689 seconds
Resulting Fitness: 0.116667
-------------
Particle: 18:
Relays Coordinates:
236.8, 116.147
138.178, 34.5369
Evaluation Time: 1.17771 seconds
Resulting Fitness: 0.138889
-------------
Particle: 19:
Relays Coordinates:
224.384, 130.076
131.519, 50.6249
Evaluation Time: 1.17917 seconds
Resulting Fitness: 0.158333
-------------
Particle: 20:
Relays Coordinates:
239.473, 125.551
125.74, 39.2863
Evaluation Time: 1.16614 seconds
Resulting Fitness: 0.155556
Current global best fitness: 0.183333
Current global best relays: 256.583, 130.57
136.284, 43.3436
Particle 1 new velocities: 88.4076, 60.3758
56.2551, 28.0248
Particle 2 new velocities: 43.1109, 29.3421
23.4711, 1.11506
Particle 3 new velocities: 43.8226, -2.60411
38.8553, 3.933
Particle 4 new velocities: 29.2041, 9.2382
6.37342, -0.36015
Particle 5 new velocities: 90.3898, 17.1492
56.4653, 16.2757
Particle 6 new velocities: 86.3326, 34.2919
60.3117, 18.7081
Particle 7 new velocities: 24.1405, 17.2247
28.0553, 6.23955
Particle 8 new velocities: 116.769, 59.4489
43.2286, 16.1592
Particle 9 new velocities: 58.8559, 42.8777
52.4616, 37.2551
Particle 10 new velocities: 29.3468, 21.1549
10.6441, -1.45802
Particle 11 new velocities: 58.1228, 11.7051
35.8941, 6.15876
Particle 12 new velocities: 19.1601, -1.343
-0.404225, 2.80512
Particle 13 new velocities: 127.882, 66.7088
67.5736, 24.5654
Particle 14 new velocities: 24.7882, 1.98536
14.6259, 3.24603
Particle 15 new velocities: 71.2251, 39.9165
52.628, 32.4142
Particle 16 new velocities: 94.6991, 17.5594
67.9646, 18.078
Particle 17 new velocities: 34.4456, -1.65397
10.1076, 4.23187
Particle 18 new velocities: 70.7774, 32.5412
36.7162, 11.4797
Particle 19 new velocities: 136.172, 38.3002
59.9633, 12.5252
Particle 20 new velocities: 26.5072, 13.4169
12.0388, 5.09655
-- ITERATION 18 --
-------------
Particle: 1:
Relays Coordinates:
252.101, 132.833
136.809, 46.0322
Evaluation Time: 1.23909 seconds
Resulting Fitness: 0.169444
-------------
Particle: 2:
Relays Coordinates:
263.548, 132.15
134.144, 47.1144
Evaluation Time: 1.23517 seconds
Resulting Fitness: 0.166667
-------------
Particle: 3:
Relays Coordinates:
251.279, 111.952
146.05, 40.9167
Evaluation Time: 1.17406 seconds
Resulting Fitness: 0.152778
-------------
Particle: 4:
Relays Coordinates:
248.048, 129.486
135.831, 37.1395
Evaluation Time: 1.16284 seconds
Resulting Fitness: 0.166667
-------------
Particle: 5:
Relays Coordinates:
264.691, 97.3006
132.979, 44.8736
Evaluation Time: 1.25546 seconds
Resulting Fitness: 0.138889
-------------
Particle: 6:
Relays Coordinates:
260.504, 120.428
145.894, 43.49
Evaluation Time: 1.26039 seconds
Resulting Fitness: 0.180556
-------------
Particle: 7:
Relays Coordinates:
252.652, 138.668
144.511, 47.695
Evaluation Time: 1.18076 seconds
Resulting Fitness: 0.141667
-------------
Particle: 8:
Relays Coordinates:
250.933, 124.278
123.945, 43.5226
Evaluation Time: 1.17325 seconds
Resulting Fitness: 0.158333
-------------
Particle: 9:
Relays Coordinates:
194.376, 106.803
119.248, 74.9877
Evaluation Time: 1.13924 seconds
Resulting Fitness: 0.105556
-------------
Particle: 10:
Relays Coordinates:
241.759, 123.508
124.654, 34.9381
Evaluation Time: 1.20239 seconds
Resulting Fitness: 0.158333
-------------
Particle: 11:
Relays Coordinates:
267.576, 126.494
139.998, 43.2033
Evaluation Time: 1.20036 seconds
Resulting Fitness: 0.147222
-------------
Particle: 12:
Relays Coordinates:
265.967, 115.609
132.167, 43.2071
Evaluation Time: 1.22478 seconds
Resulting Fitness: 0.180556
New local best!
-------------
Particle: 13:
Relays Coordinates:
241.167, 124.296
126.847, 42.1937
Evaluation Time: 1.16999 seconds
Resulting Fitness: 0.169444
New local best!
-------------
Particle: 14:
Relays Coordinates:
222.299, 135.953
134.922, 49.6499
Evaluation Time: 1.13157 seconds
Resulting Fitness: 0.136111
-------------
Particle: 15:
Relays Coordinates:
235.947, 130.054
126.717, 80.6326
Evaluation Time: 1.15684 seconds
Resulting Fitness: 0.133333
-------------
Particle: 16:
Relays Coordinates:
208.282, 134.347
137.966, 43.6238
Evaluation Time: 1.13968 seconds
Resulting Fitness: 0.116667
-------------
Particle: 17:
Relays Coordinates:
218.541, 125.301
136.117, 36.891
Evaluation Time: 1.12841 seconds
Resulting Fitness: 0.136111
-------------
Particle: 18:
Relays Coordinates:
249.138, 120.438
141.665, 37.2734
Evaluation Time: 1.24401 seconds
Resulting Fitness: 0.166667
New local best!
-------------
Particle: 19:
Relays Coordinates:
262.845, 122.746
139.591, 46.0364
Evaluation Time: 1.20271 seconds
Resulting Fitness: 0.175
-------------
Particle: 20:
Relays Coordinates:
239.383, 125.072
124.001, 39.9445
Evaluation Time: 1.18155 seconds
Resulting Fitness: 0.15
Current global best fitness: 0.183333
Current global best relays: 256.583, 130.57
136.284, 43.3436
Particle 1 new velocities: 80.6167, 42.3487
44.5996, 19.7784
Particle 2 new velocities: 15.391, 5.85402
8.46017, -0.625398
Particle 3 new velocities: 35.4484, 8.51972
14.7975, 4.6592
Particle 4 new velocities: 11.3588, 11.767
5.20271, 5.47667
Particle 5 new velocities: 64.1922, 60.658
41.963, 12.6013
Particle 6 new velocities: 61.3275, 38.1972
43.2653, 14.3136
Particle 7 new velocities: 20.8605, -1.94515
3.30024, -10.9374
Particle 8 new velocities: 100.359, 51.4287
58.1088, 23.0084
Particle 9 new velocities: 73.1785, 82.1091
43.9584, 34.2292
Particle 10 new velocities: 48.2339, 29.2016
10.1586, 21.1452
Particle 11 new velocities: 17.5788, 8.45472
9.95583, 4.73919
Particle 12 new velocities: 5.09332, 15.8971
2.79135, 2.30072
Particle 13 new velocities: 119.241, 61.2364
66.115, 20.2936
Particle 14 new velocities: 42.3839, -0.172757
9.68159, -0.0907298
Particle 15 new velocities: 74.6877, 49.7063
50.6749, 5.9059
Particle 16 new velocities: 104.308, 19.6829
46.5385, 12.053
Particle 17 new velocities: 73.5227, 2.45648
7.057, 6.39568
Particle 18 new velocities: 62.0046, 26.6527
27.9553, 10.743
Particle 19 new velocities: 107.69, 42.2068
50.3273, 23.9592
Particle 20 new velocities: 63.3387, 16.6413
30.1949, 7.6446
-- ITERATION 19 --
-------------
Particle: 1:
Relays Coordinates:
242.551, 127.707
132.247, 47.9759
Evaluation Time: 1.19913 seconds
Resulting Fitness: 0.169444
-------------
Particle: 2:
Relays Coordinates:
251.046, 124.204
128.343, 41.8401
Evaluation Time: 1.2214 seconds
Resulting Fitness: 0.166667
-------------
Particle: 3:
Relays Coordinates:
258.055, 108.425
144.763, 41.0183
Evaluation Time: 1.21611 seconds
Resulting Fitness: 0.133333
-------------
Particle: 4:
Relays Coordinates:
259.407, 141.253
141.034, 42.6161
Evaluation Time: 1.21998 seconds
Resulting Fitness: 0.15
-------------
Particle: 5:
Relays Coordinates:
266.396, 127.947
141.703, 46.5547
Evaluation Time: 1.22393 seconds
Resulting Fitness: 0.15
-------------
Particle: 6:
Relays Coordinates:
234.615, 115.638
137.897, 42.1388
Evaluation Time: 1.16292 seconds
Resulting Fitness: 0.138889
-------------
Particle: 7:
Relays Coordinates:
246.161, 123.051
133.03, 33.0818
Evaluation Time: 1.21098 seconds
Resulting Fitness: 0.186111
New local best!
New global best!
-------------
Particle: 8:
Relays Coordinates:
256.092, 128.09
132.717, 48.5011
Evaluation Time: 1.20149 seconds
Resulting Fitness: 0.180556
New local best!
-------------
Particle: 9:
Relays Coordinates:
195.047, 137.717
118.977, 79.6191
Evaluation Time: 1.11869 seconds
Resulting Fitness: 0.1
-------------
Particle: 10:
Relays Coordinates:
234.894, 123.695
109.198, 45.4274
Evaluation Time: 1.14871 seconds
Resulting Fitness: 0.133333
-------------
Particle: 11:
Relays Coordinates:
256.64, 121.454
134.959, 43.1483
Evaluation Time: 1.20738 seconds
Resulting Fitness: 0.172222
New local best!
-------------
Particle: 12:
Relays Coordinates:
243.955, 118.356
121.463, 40.957
Evaluation Time: 1.17921 seconds
Resulting Fitness: 0.152778
-------------
Particle: 13:
Relays Coordinates:
262.737, 135.253
140.669, 45.5533
Evaluation Time: 1.23548 seconds
Resulting Fitness: 0.15
-------------
Particle: 14:
Relays Coordinates:
264.683, 135.781
144.603, 49.5591
Evaluation Time: 1.2487 seconds
Resulting Fitness: 0.152778
-------------
Particle: 15:
Relays Coordinates:
226.453, 131.046
129.318, 63.0866
Evaluation Time: 1.21417 seconds
Resulting Fitness: 0.141667
-------------
Particle: 16:
Relays Coordinates:
227.879, 112.288
134.504, 40.5884
Evaluation Time: 1.15947 seconds
Resulting Fitness: 0.147222
-------------
Particle: 17:
Relays Coordinates:
262.858, 114.982
128.857, 38.958
Evaluation Time: 1.24999 seconds
Resulting Fitness: 0.169444
New local best!
-------------
Particle: 18:
Relays Coordinates:
252.025, 119.143
137.392, 38.8933
Evaluation Time: 1.19644 seconds
Resulting Fitness: 0.15
-------------
Particle: 19:
Relays Coordinates:
270.12, 120.251
138.45, 51.0268
Evaluation Time: 1.21197 seconds
Resulting Fitness: 0.136111
-------------
Particle: 20:
Relays Coordinates:
245.204, 114.787
124.899, 38.5472
Evaluation Time: 1.19794 seconds
Resulting Fitness: 0.161111
Current global best fitness: 0.186111
Current global best relays: 246.161, 123.051
133.03, 33.0818
Particle 1 new velocities: 74.46, 28.7447
39.4066, 6.11173
Particle 2 new velocities: 5.25318, -6.12092
8.27985, -3.09494
Particle 3 new velocities: 18.6614, 33.5308
5.42049, -0.200286
Particle 4 new velocities: 3.66287, -5.5972
2.58286, 1.95377
Particle 5 new velocities: 46.3621, 42.5699
10.0293, -0.369233
Particle 6 new velocities: 73.2266, 33.3949
23.1144, 8.39422
Particle 7 new velocities: 16.6884, -1.55612
2.64019, -8.74995
Particle 8 new velocities: 70.7965, 38.0975
46.5559, 5.18764
Particle 9 new velocities: 120.783, 39.7105
3.154, -19.1951
Particle 10 new velocities: 74.7282, 23.5857
61.1382, 21.4652
Particle 11 new velocities: 1.16699, 8.37017
7.19076, -4.02736
Particle 12 new velocities: 36.1797, 10.4004
16.0561, -0.354236
Particle 13 new velocities: 71.6173, 42.8668
38.8103, 8.15815
Particle 14 new velocities: 8.89224, -5.19334
-14.2052, -19.5245
Particle 15 new velocities: 72.5077, 48.6253
39.5417, -2.82181
Particle 16 new velocities: 43.1416, 49.6946
35.6711, 4.05644
Particle 17 new velocities: 50.5806, 5.39631
9.38039, 1.45637
Particle 18 new velocities: 43.8507, 24.3315
22.6193, 3.47666
Particle 19 new velocities: 65.4702, 38.8698
42.9942, 13.8164
Particle 20 new velocities: 58.6962, 23.6119
45.0443, 3.40625
-- ITERATION 20 --
-------------
Particle: 1:
Relays Coordinates:
256.779, 126.726
139.039, 43.811
Evaluation Time: 1.23433 seconds
Resulting Fitness: 0.166667
-------------
Particle: 2:
Relays Coordinates:
256.299, 118.083
136.623, 38.7451
Evaluation Time: 1.24949 seconds
Resulting Fitness: 0.169444
-------------
Particle: 3:
Relays Coordinates:
249.045, 127.76
135.165, 36.7362
Evaluation Time: 1.27691 seconds
Resulting Fitness: 0.175
-------------
Particle: 4:
Relays Coordinates:
263.07, 135.656
143.617, 44.5699
Evaluation Time: 1.29098 seconds
Resulting Fitness: 0.161111
-------------
Particle: 5:
Relays Coordinates:
228, 124.306
110.613, 33.6692
Evaluation Time: 1.17064 seconds
Resulting Fitness: 0.136111
-------------
Particle: 6:
Relays Coordinates:
249.352, 120.717
130.419, 40.9318
Evaluation Time: 1.18563 seconds
Resulting Fitness: 0.163889
-------------
Particle: 7:
Relays Coordinates:
236.565, 109.345
122.104, 21.8987
Evaluation Time: 1.1716 seconds
Resulting Fitness: 0.111111
-------------
Particle: 8:
Relays Coordinates:
264.78, 134.612
145.211, 43.4879
Evaluation Time: 1.24698 seconds
Resulting Fitness: 0.155556
-------------
Particle: 9:
Relays Coordinates:
207.216, 116.41
80.1304, 39.6442
Evaluation Time: 1.14857 seconds
Resulting Fitness: 0.130556
-------------
Particle: 10:
Relays Coordinates:
250.794, 119.297
137.973, 54.183
Evaluation Time: 1.19559 seconds
Resulting Fitness: 0.15
-------------
Particle: 11:
Relays Coordinates:
257.806, 129.824
142.149, 39.1209
Evaluation Time: 1.21981 seconds
Resulting Fitness: 0.138889
-------------
Particle: 12:
Relays Coordinates:
252.121, 115.881
123.767, 36.5425
Evaluation Time: 1.18094 seconds
Resulting Fitness: 0.15
-------------
Particle: 13:
Relays Coordinates:
243.744, 129.849
130.841, 39.1556
Evaluation Time: 1.18462 seconds
Resulting Fitness: 0.166667
-------------
Particle: 14:
Relays Coordinates:
221.596, 105.776
105.622, 24.328
Evaluation Time: 1.15982 seconds
Resulting Fitness: 0.130556
-------------
Particle: 15:
Relays Coordinates:
242.158, 145.533
136.777, 48.8145
Evaluation Time: 1.22398 seconds
Resulting Fitness: 0.144444
-------------
Particle: 16:
Relays Coordinates:
219.526, 131.206
137.842, 36.1623
Evaluation Time: 1.10192 seconds
Resulting Fitness: 0.122222
-------------
Particle: 17:
Relays Coordinates:
228.496, 87.7559
100.775, 29.4621
Evaluation Time: 1.10692 seconds
Resulting Fitness: 0.122222
-------------
Particle: 18:
Relays Coordinates:
266.288, 129.127
144.01, 38.1329
Evaluation Time: 1.21529 seconds
Resulting Fitness: 0.15
-------------
Particle: 19:
Relays Coordinates:
244.645, 115.999
132.273, 47.2707
Evaluation Time: 1.16314 seconds
Resulting Fitness: 0.169444
-------------
Particle: 20:
Relays Coordinates:
246.159, 112.103
137.654, 33.9823
Evaluation Time: 1.16637 seconds
Resulting Fitness: 0.166667
Final Evaluation Time: 492.657 seconds
Final global best fitness: 0.186111
Final global best relays:
246.161, 123.051
133.03, 33.0818
