PSO EXECUTION
============================
Seed: 37283284
Particles: 20
Relays: 2
Iterations: 20
Backend: Simulation
Network Configuration: 1
Area: 500 x 500
Sink: 0, 0
Simulated Relay range: 155
w: 0.8
c1: 1.7
c2: 1.3

Relay Nodes Positions: 
PARTICLE 1: 
51.7115, 187.436
86.3068, 89.5368
PARTICLE 2: 
117.541, 28.1195
113.196, 103.959
PARTICLE 3: 
73.3281, 62.6007
61.0492, 169.25
PARTICLE 4: 
122.466, 18.8412
158.204, 157.744
PARTICLE 5: 
63.7036, 69.5987
188.563, 120.173
PARTICLE 6: 
52.6618, 35.78
147.521, 92.4639
PARTICLE 7: 
64.9538, 138.336
77.8875, 156.836
PARTICLE 8: 
12.6856, 45.3762
104.929, 118.515
PARTICLE 9: 
149.904, 190.661
30.8208, 138.34
PARTICLE 10: 
93.6509, 74.3423
230.477, 84.8871
PARTICLE 11: 
160.031, 68.0883
23.3367, 71.9707
PARTICLE 12: 
96.3963, 210.349
69.6356, 113.571
PARTICLE 13: 
37.0758, 203.664
57.0341, 88.7411
PARTICLE 14: 
3.32701, 190.323
66.2883, 88.0646
PARTICLE 15: 
158.732, 184.288
81.3317, 124.807
PARTICLE 16: 
68.9206, 219.083
5.78685, 151.503
PARTICLE 17: 
115.81, 7.92826
201.655, 60.6536
PARTICLE 18: 
117.487, 66.6071
191.78, 85.8549
PARTICLE 19: 
73.6808, 105.538
165.004, 52.5925
PARTICLE 20: 
140.464, 39.392
186.959, 173.174
Nodes Positions: 
100.095, 455.006
409.899, 340.535
245.523, 260.548
3.05226, 39.9931
213.752, 269.364
379.828, 155.468
328.149, 70.4301
130.482, 415.207
496.585, 228.9
306.833, 110.735
340.6, 370.458
420.948, 220.521
491.6, 8.42477
407.253, 365.489
276.989, 18.0564
16.872, 87.5204
372.42, 98.0003
67.438, 25.7687
396.576, 64.8555
186.244, 377.168
36.5812, 207.829
86.2271, 436.556
216.962, 124.255
481.469, 254.723
468.822, 327.88
291.769, 302.829
438.025, 321.165
175.687, 487.451
143.595, 7.3464
309.572, 290.55
453.049, 51.7111
123.612, 432.849
319.698, 466.278
284.028, 102.105
166.037, 405.211
56.5571, 292.359
268.743, 171.625
206.823, 354.383
359.528, 48.1077
444.102, 236.997
387.114, 211.962
258.92, 309.863
140.594, 279.089
195.989, 397.628
257.775, 498.704
42.4623, 125.302
65.5796, 442.948
28.1001, 345.949
227.716, 159.065
172.039, 471.057
342.841, 143.403
426.33, 389.391
238.318, 183.608
112.013, 477.151
91.7667, 196.359
9.88312, 75.1092
459.694, 176.006
78.5309, 243.462
353.447, 135.932
152.144, 416.787
All particles start with velocity zero
-- ITERATION 0 --
-------------
Particle: 1:
Relays Coordinates:
51.7115, 187.436
86.3068, 89.5368
Evaluation Time: 1.04127 seconds
Resulting Fitness: 0.230556
New local best!
New global best!
-------------
Particle: 2:
Relays Coordinates:
117.541, 28.1195
113.196, 103.959
Evaluation Time: 1.10252 seconds
Resulting Fitness: 0.216667
New local best!
-------------
Particle: 3:
Relays Coordinates:
73.3281, 62.6007
61.0492, 169.25
Evaluation Time: 1.07963 seconds
Resulting Fitness: 0.205556
New local best!
-------------
Particle: 4:
Relays Coordinates:
122.466, 18.8412
158.204, 157.744
Evaluation Time: 1.29492 seconds
Resulting Fitness: 0.3
New local best!
New global best!
-------------
Particle: 5:
Relays Coordinates:
63.7036, 69.5987
188.563, 120.173
Evaluation Time: 1.18469 seconds
Resulting Fitness: 0.344444
New local best!
New global best!
-------------
Particle: 6:
Relays Coordinates:
52.6618, 35.78
147.521, 92.4639
Evaluation Time: 1.10887 seconds
Resulting Fitness: 0.227778
New local best!
-------------
Particle: 7:
Relays Coordinates:
64.9538, 138.336
77.8875, 156.836
Evaluation Time: 1.03161 seconds
Resulting Fitness: 0.227778
New local best!
-------------
Particle: 8:
Relays Coordinates:
12.6856, 45.3762
104.929, 118.515
Evaluation Time: 1.1143 seconds
Resulting Fitness: 0.211111
New local best!
-------------
Particle: 9:
Relays Coordinates:
149.904, 190.661
30.8208, 138.34
Evaluation Time: 1.21561 seconds
Resulting Fitness: 0.308333
New local best!
-------------
Particle: 10:
Relays Coordinates:
93.6509, 74.3423
230.477, 84.8871
Evaluation Time: 1.20179 seconds
Resulting Fitness: 0.322222
New local best!
-------------
Particle: 11:
Relays Coordinates:
160.031, 68.0883
23.3367, 71.9707
Evaluation Time: 1.21304 seconds
Resulting Fitness: 0.247222
New local best!
-------------
Particle: 12:
Relays Coordinates:
96.3963, 210.349
69.6356, 113.571
Evaluation Time: 1.12476 seconds
Resulting Fitness: 0.283333
New local best!
-------------
Particle: 13:
Relays Coordinates:
37.0758, 203.664
57.0341, 88.7411
Evaluation Time: 1.01754 seconds
Resulting Fitness: 0.205556
New local best!
-------------
Particle: 14:
Relays Coordinates:
3.32701, 190.323
66.2883, 88.0646
Evaluation Time: 1.06202 seconds
Resulting Fitness: 0.208333
New local best!
-------------
Particle: 15:
Relays Coordinates:
158.732, 184.288
81.3317, 124.807
Evaluation Time: 1.22716 seconds
Resulting Fitness: 0.305556
New local best!
-------------
Particle: 16:
Relays Coordinates:
68.9206, 219.083
5.78685, 151.503
Evaluation Time: 1.10432 seconds
Resulting Fitness: 0.216667
New local best!
-------------
Particle: 17:
Relays Coordinates:
115.81, 7.92826
201.655, 60.6536
Evaluation Time: 1.19081 seconds
Resulting Fitness: 0.255556
New local best!
-------------
Particle: 18:
Relays Coordinates:
117.487, 66.6071
191.78, 85.8549
Evaluation Time: 1.17514 seconds
Resulting Fitness: 0.258333
New local best!
-------------
Particle: 19:
Relays Coordinates:
73.6808, 105.538
165.004, 52.5925
Evaluation Time: 1.14682 seconds
Resulting Fitness: 0.269444
New local best!
-------------
Particle: 20:
Relays Coordinates:
140.464, 39.392
186.959, 173.174
Evaluation Time: 1.27877 seconds
Resulting Fitness: 0.333333
New local best!
Current global best fitness: 0.344444
Current global best relays: 63.7036, 69.5987
188.563, 120.173
Particle 1 new velocities: 7.86006, -110.194
123.385, 5.91543
Particle 2 new velocities: -15.5867, 7.6555
9.59872, 10.8469
Particle 3 new velocities: -3.67141, 8.33192
10.645, -48.3055
Particle 4 new velocities: -22.3567, 57.5697
10.1564, -9.26935
Particle 5 new velocities: 0, 0
0, 0
Particle 6 new velocities: 8.38331, 43.3353
14.6122, 32.5336
Particle 7 new velocities: -1.46458, -49.3144
36.9559, -36.3171
Particle 8 new velocities: 4.14771, 15.0795
52.3635, 1.83739
Particle 9 new velocities: -101.415, -5.52178
51.4236, -15.026
Particle 10 new velocities: -20.1942, -0.0169818
-39.1944, 0.109052
Particle 11 new velocities: -78.3771, 1.74688
73.4016, 45.5712
Particle 12 new velocities: -0.183993, -67.4225
95.4756, 7.16387
Particle 13 new velocities: 5.23598, -17.7569
153.283, 5.69256
Particle 14 new velocities: 69.0614, -122.579
79.2377, 11.4959
Particle 15 new velocities: -15.5036, -107.816
53.3413, -0.754303
Particle 16 new velocities: -2.54011, -11.0092
236.597, -11.0774
Particle 17 new velocities: -26.1625, 12.0062
-16.7047, 57.0446
Particle 18 new velocities: -37.1249, 2.51665
-3.97386, 38.4484
Particle 19 new velocities: -11.88, -29.3427
28.3561, 86.6601
Particle 20 new velocities: -69.1941, 25.4018
0.808791, -1.59863
-- ITERATION 1 --
-------------
Particle: 1:
Relays Coordinates:
59.5716, 77.2421
209.691, 95.4522
Evaluation Time: 1.2201 seconds
Resulting Fitness: 0.313889
New local best!
-------------
Particle: 2:
Relays Coordinates:
101.954, 35.775
122.794, 114.806
Evaluation Time: 1.11545 seconds
Resulting Fitness: 0.230556
New local best!
-------------
Particle: 3:
Relays Coordinates:
69.6567, 70.9326
71.6942, 120.944
Evaluation Time: 1.03228 seconds
Resulting Fitness: 0.180556
-------------
Particle: 4:
Relays Coordinates:
100.109, 76.4109
168.361, 148.474
Evaluation Time: 1.19471 seconds
Resulting Fitness: 0.275
-------------
Particle: 5:
Relays Coordinates:
63.7036, 69.5987
188.563, 120.173
Evaluation Time: 1.30038 seconds
Resulting Fitness: 0.344444
-------------
Particle: 6:
Relays Coordinates:
61.0451, 79.1153
162.133, 124.998
Evaluation Time: 1.20842 seconds
Resulting Fitness: 0.308333
New local best!
-------------
Particle: 7:
Relays Coordinates:
63.4892, 89.0217
114.843, 120.519
Evaluation Time: 1.13544 seconds
Resulting Fitness: 0.225
-------------
Particle: 8:
Relays Coordinates:
16.8333, 60.4558
157.292, 120.352
Evaluation Time: 1.27177 seconds
Resulting Fitness: 0.297222
New local best!
-------------
Particle: 9:
Relays Coordinates:
48.4885, 185.139
82.2443, 123.314
Evaluation Time: 1.11912 seconds
Resulting Fitness: 0.227778
-------------
Particle: 10:
Relays Coordinates:
73.4567, 74.3253
191.283, 84.9961
Evaluation Time: 1.26843 seconds
Resulting Fitness: 0.272222
-------------
Particle: 11:
Relays Coordinates:
81.6541, 69.8351
96.7383, 117.542
Evaluation Time: 1.07895 seconds
Resulting Fitness: 0.197222
-------------
Particle: 12:
Relays Coordinates:
77.9319, 115.77
133.74, 97.795
Evaluation Time: 1.10353 seconds
Resulting Fitness: 0.238889
-------------
Particle: 13:
Relays Coordinates:
34.2726, 150.584
170.357, 76.4912
Evaluation Time: 1.18092 seconds
Resulting Fitness: 0.280556
New local best!
-------------
Particle: 14:
Relays Coordinates:
72.3884, 67.7442
145.526, 99.5606
Evaluation Time: 1.14555 seconds
Resulting Fitness: 0.255556
New local best!
-------------
Particle: 15:
Relays Coordinates:
128.906, 68.8247
121.206, 111.647
Evaluation Time: 1.18631 seconds
Resulting Fitness: 0.247222
-------------
Particle: 16:
Relays Coordinates:
43.5523, 136.517
159.028, 92.1331
Evaluation Time: 1.24634 seconds
Resulting Fitness: 0.283333
New local best!
-------------
Particle: 17:
Relays Coordinates:
89.6477, 19.9345
184.95, 117.698
Evaluation Time: 1.24648 seconds
Resulting Fitness: 0.302778
New local best!
-------------
Particle: 18:
Relays Coordinates:
80.3619, 69.1238
187.806, 124.303
Evaluation Time: 1.20047 seconds
Resulting Fitness: 0.336111
New local best!
-------------
Particle: 19:
Relays Coordinates:
61.8009, 76.1951
193.36, 139.253
Evaluation Time: 1.3475 seconds
Resulting Fitness: 0.361111
New local best!
New global best!
-------------
Particle: 20:
Relays Coordinates:
64.1428, 58.3144
168.991, 154.418
Evaluation Time: 1.3113 seconds
Resulting Fitness: 0.275
Current global best fitness: 0.361111
Current global best relays: 61.8009, 76.1951
193.36, 139.253
Particle 1 new velocities: 8.29179, -89.1334
90.3457, 38.4683
Particle 2 new velocities: -51.5023, 44.7756
53.3296, 30.2312
Particle 3 new velocities: -3.3879, 0.53814
137.481, -1.71658
Particle 4 new velocities: -30.1804, -40.1622
31.2223, -16.1952
Particle 5 new velocities: -1.25721, 8.30581
0.0810676, 11.9198
Particle 6 new velocities: 7.40491, 32.8722
11.9552, 32.6814
Particle 7 new velocities: -0.862416, -11.8563
-2.60554, 48.1913
Particle 8 new velocities: 8.77828, 17.1867
71.8975, 23.2233
Particle 9 new velocities: 68.3927, -80.1082
25.631, -6.52958
Particle 10 new velocities: -27.5609, 0.661212
-15.9722, 57.1513
Particle 11 new velocities: -16.4024, 7.64541
58.0369, 20.4753
Particle 12 new velocities: 24.391, -78.6656
119.286, 66.2256
Particle 13 new velocities: 23.969, -81.4752
142.846, 53.8932
Particle 14 new velocities: 52.4934, -88.9827
113.808, 18.2363
Particle 15 new velocities: -30.0139, -57.0612
94.9516, 22.2513
Particle 16 new velocities: 10.2473, -75.884
190.374, 28.0686
Particle 17 new velocities: -26.1304, 19.3426
-9.82174, 66.8256
Particle 18 new velocities: -50.8318, 7.24679
-2.17514, 31.3085
Particle 19 new velocities: -9.50397, -23.4741
22.6849, 69.3281
Particle 20 new velocities: 20.8171, 20.5418
25.4728, -5.27712
-- ITERATION 2 --
-------------
Particle: 1:
Relays Coordinates:
36.0654, 0
159.452, 71.1709
Evaluation Time: 1.18399 seconds
Resulting Fitness: 0.222222
-------------
Particle: 2:
Relays Coordinates:
50.452, 80.5506
176.124, 145.037
Evaluation Time: 1.31507 seconds
Resulting Fitness: 0.316667
New local best!
-------------
Particle: 3:
Relays Coordinates:
66.2688, 71.4707
209.176, 119.228
Evaluation Time: 1.27943 seconds
Resulting Fitness: 0.333333
New local best!
-------------
Particle: 4:
Relays Coordinates:
62.9358, 32.6238
179.625, 119.051
Evaluation Time: 1.35584 seconds
Resulting Fitness: 0.305556
New local best!
-------------
Particle: 5:
Relays Coordinates:
62.4464, 77.9045
188.644, 132.093
Evaluation Time: 1.24166 seconds
Resulting Fitness: 0.35
New local best!
-------------
Particle: 6:
Relays Coordinates:
68.4501, 111.987
174.088, 157.679
Evaluation Time: 1.23167 seconds
Resulting Fitness: 0.302778
-------------
Particle: 7:
Relays Coordinates:
62.6268, 77.1654
112.238, 168.71
Evaluation Time: 1.13905 seconds
Resulting Fitness: 0.272222
New local best!
-------------
Particle: 8:
Relays Coordinates:
16.8038, 50.9412
150.371, 94.1999
Evaluation Time: 1.16477 seconds
Resulting Fitness: 0.241667
-------------
Particle: 9:
Relays Coordinates:
105.193, 94.528
97.0878, 105.106
Evaluation Time: 1.10967 seconds
Resulting Fitness: 0.2
-------------
Particle: 10:
Relays Coordinates:
45.8958, 74.9865
175.311, 142.147
Evaluation Time: 1.21636 seconds
Resulting Fitness: 0.319444
-------------
Particle: 11:
Relays Coordinates:
65.2517, 77.4806
154.775, 138.017
Evaluation Time: 1.20756 seconds
Resulting Fitness: 0.3
New local best!
-------------
Particle: 12:
Relays Coordinates:
74.5934, 27.0494
184.456, 119.571
Evaluation Time: 1.28248 seconds
Resulting Fitness: 0.311111
New local best!
-------------
Particle: 13:
Relays Coordinates:
34.3911, 40.8083
184.943, 76.9907
Evaluation Time: 1.17154 seconds
Resulting Fitness: 0.241667
-------------
Particle: 14:
Relays Coordinates:
101.154, 0
210.06, 95.4154
Evaluation Time: 1.30771 seconds
Resulting Fitness: 0.308333
New local best!
-------------
Particle: 15:
Relays Coordinates:
89.0029, 10.5872
194.542, 120.508
Evaluation Time: 1.27163 seconds
Resulting Fitness: 0.316667
New local best!
-------------
Particle: 16:
Relays Coordinates:
25.7321, 29.0007
167.118, 57.4921
Evaluation Time: 1.1024 seconds
Resulting Fitness: 0.236111
-------------
Particle: 17:
Relays Coordinates:
51.4491, 31.8145
141.854, 149.464
Evaluation Time: 1.23213 seconds
Resulting Fitness: 0.280556
-------------
Particle: 18:
Relays Coordinates:
23.9194, 61.8602
150.361, 126.046
Evaluation Time: 1.17727 seconds
Resulting Fitness: 0.280556
-------------
Particle: 19:
Relays Coordinates:
34.312, 34.5902
141.747, 136.85
Evaluation Time: 1.28026 seconds
Resulting Fitness: 0.269444
-------------
Particle: 20:
Relays Coordinates:
84.9599, 78.8562
194.464, 149.141
Evaluation Time: 1.36367 seconds
Resulting Fitness: 0.361111
New local best!
Current global best fitness: 0.361111
Current global best relays: 61.8009, 76.1951
193.36, 139.253
Particle 1 new velocities: 33.5734, 110.846
86.9754, 114.895
Particle 2 new velocities: -32.1305, 34.4909
50.2866, 19.4674
Particle 3 new velocities: -6.83347, 2.31612
94.7115, 23.0552
Particle 4 new velocities: -25.1205, -9.66502
27.7342, 8.56081
Particle 5 new velocities: -1.74531, 6.22227
2.08321, 17.7457
Particle 6 new velocities: 0.548987, 11.8292
8.3114, -17.7085
Particle 7 new velocities: -1.46797, -9.93501
32.2027, 23.1436
Particle 8 new velocities: 51.4769, 30.4045
113.836, 63.957
Particle 9 new velocities: 16.7201, 48.1346
-58.3579, 34.7717
Particle 10 new velocities: 52.8334, 1.03555
56.9427, -3.29737
Particle 11 new velocities: -17.5663, 5.26769
87.7514, 17.5357
Particle 12 new velocities: 3.59691, -22.1155
97.0461, 66.6099
Particle 13 new velocities: 40.0331, 25.2506
107.92, 42.5954
Particle 14 new velocities: -6.38361, 98.1548
79.4805, 36.9103
Particle 15 new velocities: -26.6865, 4.89663
74.5958, 23.424
Particle 16 new velocities: 44.0281, -10.0856
169.883, 122.583
Particle 17 new velocities: -1.66304, 47.2465
11.1608, -2.53169
Particle 18 new velocities: 38.2388, 13.0803
57.8255, 26.5006
Particle 19 new velocities: 45.3965, 62.2737
115.823, 60.5734
Particle 20 new velocities: 8.49884, 15.7844
19.8553, -8.96141
-- ITERATION 3 --
-------------
Particle: 1:
Relays Coordinates:
50.7667, 80.8069
179.646, 135.642
Evaluation Time: 1.24857 seconds
Resulting Fitness: 0.333333
New local best!
-------------
Particle: 2:
Relays Coordinates:
12.0207, 75.4787
148.548, 107.932
Evaluation Time: 1.40306 seconds
Resulting Fitness: 0.255556
-------------
Particle: 3:
Relays Coordinates:
35.096, 43.5704
179.442, 84.0166
Evaluation Time: 1.15645 seconds
Resulting Fitness: 0.238889
-------------
Particle: 4:
Relays Coordinates:
27.5674, 16.7369
151.165, 93.0291
Evaluation Time: 1.13822 seconds
Resulting Fitness: 0.225
-------------
Particle: 5:
Relays Coordinates:
60.7011, 84.1268
190.728, 149.839
Evaluation Time: 1.28564 seconds
Resulting Fitness: 0.35
-------------
Particle: 6:
Relays Coordinates:
68.999, 123.817
182.399, 139.97
Evaluation Time: 1.26414 seconds
Resulting Fitness: 0.336111
New local best!
-------------
Particle: 7:
Relays Coordinates:
61.1588, 67.2304
144.44, 191.854
Evaluation Time: 1.29669 seconds
Resulting Fitness: 0.3
New local best!
-------------
Particle: 8:
Relays Coordinates:
49.7766, 59.301
192.607, 115.296
Evaluation Time: 1.34845 seconds
Resulting Fitness: 0.322222
New local best!
-------------
Particle: 9:
Relays Coordinates:
121.913, 142.663
38.7299, 139.878
Evaluation Time: 1.18748 seconds
Resulting Fitness: 0.266667
-------------
Particle: 10:
Relays Coordinates:
98.7292, 76.022
232.253, 138.85
Evaluation Time: 1.43757 seconds
Resulting Fitness: 0.372222
New local best!
New global best!
-------------
Particle: 11:
Relays Coordinates:
34.7626, 60.3235
176.802, 113.398
Evaluation Time: 1.24094 seconds
Resulting Fitness: 0.3
-------------
Particle: 12:
Relays Coordinates:
41.5535, 2.62207
149.602, 98.9442
Evaluation Time: 1.16051 seconds
Resulting Fitness: 0.236111
-------------
Particle: 13:
Relays Coordinates:
48.8297, 43.3413
192.148, 78.4604
Evaluation Time: 1.21604 seconds
Resulting Fitness: 0.252778
-------------
Particle: 14:
Relays Coordinates:
69.0878, 71.5548
211.075, 96.4654
Evaluation Time: 1.22972 seconds
Resulting Fitness: 0.308333
-------------
Particle: 15:
Relays Coordinates:
36.7972, 9.14302
158.923, 84.9907
Evaluation Time: 1.13352 seconds
Resulting Fitness: 0.222222
-------------
Particle: 16:
Relays Coordinates:
33.3661, 9.04704
161.186, 86.1294
Evaluation Time: 1.11653 seconds
Resulting Fitness: 0.225
-------------
Particle: 17:
Relays Coordinates:
49.786, 79.061
153.015, 146.933
Evaluation Time: 1.15022 seconds
Resulting Fitness: 0.294444
-------------
Particle: 18:
Relays Coordinates:
55.9424, 67.4465
187.368, 137.292
Evaluation Time: 1.25331 seconds
Resulting Fitness: 0.352778
New local best!
-------------
Particle: 19:
Relays Coordinates:
58.1075, 70.6138
187.768, 143.922
Evaluation Time: 1.24213 seconds
Resulting Fitness: 0.344444
-------------
Particle: 20:
Relays Coordinates:
93.4587, 94.6406
214.319, 140.18
Evaluation Time: 1.33959 seconds
Resulting Fitness: 0.366667
New local best!
Current global best fitness: 0.372222
Current global best relays: 98.7292, 76.022
232.253, 138.85
Particle 1 new velocities: 29.3146, 84.9112
85.7137, 95.8852
Particle 2 new velocities: 14.9978, 35.9712
128.982, 52.6007
Particle 3 new velocities: 53.8226, 65.59
179.81, 87.7017
Particle 4 new velocities: 117.002, 65.1656
105.867, 66.8265
Particle 5 new velocities: 10.669, 0.646791
27.5392, -2.33868
Particle 6 new velocities: 18.5508, -18.687
19.3688, -14.2896
Particle 7 new velocities: 37.983, -2.55005
25.9786, -16.3113
Particle 8 new velocities: 54.2233, 28.2583
95.2121, 64.307
Particle 9 new velocities: 2.00339, 51.8321
56.8049, 24.9141
Particle 10 new velocities: 42.2667, 0.828442
45.5542, -2.6379
Particle 11 new velocities: 49.8199, 15.0024
124.627, 68.0092
Particle 12 new velocities: 104.883, -1.00365
109.196, 132.407
Particle 13 new velocities: 53.381, 90.1468
91.1666, 39.3442
Particle 14 new velocities: 86.0821, -24.5482
84.5337, 50.1399
Particle 15 new velocities: 83.0321, 84.2933
90.3442, 119.851
Particle 16 new velocities: 59.2275, 85.6349
214.858, 147.89
Particle 17 new velocities: 20.7208, -16.0126
72.4463, -38.5886
Particle 18 new velocities: 42.5527, 12.7565
89.8275, 22.5184
Particle 19 new velocities: 69.9543, 62.2759
100.972, 42.6741
Particle 20 new velocities: 13.3806, 0.666865
33.5183, -7.69792
-- ITERATION 4 --
-------------
Particle: 1:
Relays Coordinates:
58.3793, 120.808
193.447, 168.783
Evaluation Time: 1.32306 seconds
Resulting Fitness: 0.352778
New local best!
-------------
Particle: 2:
Relays Coordinates:
15.9541, 65.81
163.879, 94.7927
Evaluation Time: 1.18242 seconds
Resulting Fitness: 0.25
-------------
Particle: 3:
Relays Coordinates:
47.255, 58.0123
190.922, 91.2581
Evaluation Time: 1.27933 seconds
Resulting Fitness: 0.258333
-------------
Particle: 4:
Relays Coordinates:
130.113, 73.7123
231.328, 143.87
Evaluation Time: 1.44638 seconds
Resulting Fitness: 0.386111
New local best!
New global best!
-------------
Particle: 5:
Relays Coordinates:
64.2331, 76.2962
196.44, 132.75
Evaluation Time: 1.28608 seconds
Resulting Fitness: 0.361111
New local best!
-------------
Particle: 6:
Relays Coordinates:
87.5499, 105.13
201.768, 125.681
Evaluation Time: 1.2573 seconds
Resulting Fitness: 0.355556
New local best!
-------------
Particle: 7:
Relays Coordinates:
99.1418, 64.6804
170.419, 175.542
Evaluation Time: 1.25517 seconds
Resulting Fitness: 0.294444
-------------
Particle: 8:
Relays Coordinates:
75.8159, 63.8308
209.82, 130.931
Evaluation Time: 1.26866 seconds
Resulting Fitness: 0.336111
New local best!
-------------
Particle: 9:
Relays Coordinates:
100.372, 157.541
77.3832, 133.482
Evaluation Time: 1.12135 seconds
Resulting Fitness: 0.25
-------------
Particle: 10:
Relays Coordinates:
126.896, 69.1654
250.027, 122.591
Evaluation Time: 1.31168 seconds
Resulting Fitness: 0.388889
New local best!
New global best!
-------------
Particle: 11:
Relays Coordinates:
49.9451, 44.4792
177.991, 107.119
Evaluation Time: 1.22595 seconds
Resulting Fitness: 0.263889
-------------
Particle: 12:
Relays Coordinates:
86.4696, 0.955655
152.817, 136.611
Evaluation Time: 1.17443 seconds
Resulting Fitness: 0.283333
-------------
Particle: 13:
Relays Coordinates:
82.7907, 108.125
229.484, 95.4217
Evaluation Time: 1.29303 seconds
Resulting Fitness: 0.369444
New local best!
-------------
Particle: 14:
Relays Coordinates:
139.653, 42.306
266.048, 131.945
Evaluation Time: 1.34349 seconds
Resulting Fitness: 0.402778
New local best!
New global best!
-------------
Particle: 15:
Relays Coordinates:
107.846, 84.0927
224.34, 184.358
Evaluation Time: 1.39346 seconds
Resulting Fitness: 0.394444
New local best!
-------------
Particle: 16:
Relays Coordinates:
44.2872, 45.2861
179.861, 111.931
Evaluation Time: 1.22449 seconds
Resulting Fitness: 0.286111
New local best!
-------------
Particle: 17:
Relays Coordinates:
63.4562, 56.7435
202.915, 97.5095
Evaluation Time: 1.2559 seconds
Resulting Fitness: 0.286111
-------------
Particle: 18:
Relays Coordinates:
71.8029, 58.4679
202.076, 116.501
Evaluation Time: 1.26483 seconds
Resulting Fitness: 0.311111
-------------
Particle: 19:
Relays Coordinates:
103.73, 107.641
233.88, 151.142
Evaluation Time: 1.35792 seconds
Resulting Fitness: 0.433333
New local best!
New global best!
-------------
Particle: 20:
Relays Coordinates:
106.839, 95.3074
247.838, 132.482
Evaluation Time: 1.43678 seconds
Resulting Fitness: 0.408333
New local best!
Current global best fitness: 0.433333
Current global best relays: 103.73, 107.641
233.88, 151.142
Particle 1 new velocities: 41.9592, 64.6791
112.314, 71.7876
Particle 2 new velocities: 37.7764, 88.7721
162.102, 139.543
Particle 3 new velocities: 123.653, 70.1826
196.014, 159.917
Particle 4 new velocities: 68.682, 68.7374
86.0836, 60.8168
Particle 5 new velocities: 54.3146, 17.4904
41.9591, 8.54652
Particle 6 new velocities: 19.1231, -14.5299
54.8435, -2.1857
Particle 7 new velocities: -4.25303, 5.71731
46.2022, -9.26344
Particle 8 new velocities: 68.6514, 35.0554
80.2692, 75.5352
Particle 9 new velocities: 16.7457, 35.0905
47.6419, 34.0761
Particle 10 new velocities: 21.0111, 38.2149
28.917, 17.8676
Particle 11 new velocities: 91.5327, 99.1914
153.849, 136.851
Particle 12 new velocities: 89.7478, 124.843
127.441, 110.766
Particle 13 new velocities: 56.2753, 72.0029
76.8839, 34.6974
Particle 14 new velocities: 33.5638, 15.1824
65.7842, 45.2018
Particle 15 new velocities: 64.2903, 91.7203
73.0993, 90.8797
Particle 16 new velocities: 64.0433, 73.5287
182.914, 157.027
Particle 17 new velocities: 76.6235, 15.8566
67.4149, 0.23476
Particle 18 new velocities: 12.471, 17.5934
82.5822, 34.0045
Particle 19 new velocities: 55.9634, 49.8207
80.7777, 34.1393
Particle 20 new velocities: 10.2461, 14.958
16.183, -4.09694
-- ITERATION 5 --
-------------
Particle: 1:
Relays Coordinates:
65.8321, 121.698
200.61, 157.838
Evaluation Time: 1.30492 seconds
Resulting Fitness: 0.375
New local best!
-------------
Particle: 2:
Relays Coordinates:
28.5546, 82.1513
173.24, 124.536
Evaluation Time: 1.2153 seconds
Resulting Fitness: 0.316667
-------------
Particle: 3:
Relays Coordinates:
100.919, 75.6978
228.482, 148.317
Evaluation Time: 1.35417 seconds
Resulting Fitness: 0.402778
New local best!
-------------
Particle: 4:
Relays Coordinates:
117.386, 84.1151
187.428, 120.866
Evaluation Time: 1.31075 seconds
Resulting Fitness: 0.333333
-------------
Particle: 5:
Relays Coordinates:
118.548, 93.7866
238.399, 141.297
Evaluation Time: 1.37361 seconds
Resulting Fitness: 0.391667
New local best!
-------------
Particle: 6:
Relays Coordinates:
106.673, 90.5997
256.612, 123.495
Evaluation Time: 1.4212 seconds
Resulting Fitness: 0.416667
New local best!
-------------
Particle: 7:
Relays Coordinates:
94.8888, 70.3977
216.621, 166.279
Evaluation Time: 1.46166 seconds
Resulting Fitness: 0.413889
New local best!
-------------
Particle: 8:
Relays Coordinates:
117.019, 80.0978
234.972, 167.238
Evaluation Time: 1.39984 seconds
Resulting Fitness: 0.422222
New local best!
-------------
Particle: 9:
Relays Coordinates:
85.3792, 140.428
91.1433, 122.15
Evaluation Time: 1.11151 seconds
Resulting Fitness: 0.230556
-------------
Particle: 10:
Relays Coordinates:
119.805, 86.978
225.944, 113.771
Evaluation Time: 1.31823 seconds
Resulting Fitness: 0.369444
-------------
Particle: 11:
Relays Coordinates:
92.8236, 94.2623
217.72, 160.069
Evaluation Time: 1.37927 seconds
Resulting Fitness: 0.408333
New local best!
-------------
Particle: 12:
Relays Coordinates:
115.616, 82.5364
183.877, 162.304
Evaluation Time: 1.28268 seconds
Resulting Fitness: 0.297222
-------------
Particle: 13:
Relays Coordinates:
91.2412, 118.182
201.008, 85.3712
Evaluation Time: 1.32274 seconds
Resulting Fitness: 0.325
-------------
Particle: 14:
Relays Coordinates:
126.275, 41.909
241.906, 129.14
Evaluation Time: 1.31294 seconds
Resulting Fitness: 0.375
-------------
Particle: 15:
Relays Coordinates:
101.645, 103.816
175.635, 162.525
Evaluation Time: 1.28349 seconds
Resulting Fitness: 0.3
-------------
Particle: 16:
Relays Coordinates:
51.8142, 56.8287
173.514, 128.642
Evaluation Time: 1.26837 seconds
Resulting Fitness: 0.316667
New local best!
-------------
Particle: 17:
Relays Coordinates:
126.072, 65.3401
243.297, 87.9699
Evaluation Time: 1.3036 seconds
Resulting Fitness: 0.347222
New local best!
-------------
Particle: 18:
Relays Coordinates:
55.2921, 49.9039
186.764, 98.7469
Evaluation Time: 1.22549 seconds
Resulting Fitness: 0.261111
-------------
Particle: 19:
Relays Coordinates:
104.775, 103.31
206.447, 121.563
Evaluation Time: 1.25495 seconds
Resulting Fitness: 0.347222
-------------
Particle: 20:
Relays Coordinates:
105.377, 99.2389
237.619, 115.546
Evaluation Time: 1.30074 seconds
Resulting Fitness: 0.386111
Current global best fitness: 0.433333
Current global best relays: 103.73, 107.641
233.88, 151.142
Particle 1 new velocities: 37.0294, 47.6142
95.711, 53.179
Particle 2 new velocities: 95.1904, 84.4265
183.885, 123.813
Particle 3 new velocities: 100.924, 83.4615
156.842, 129.304
Particle 4 new velocities: 44.4706, 65.6136
130.495, 63.1179
Particle 5 new velocities: 33.1815, 16.0665
30.7943, 14.8353
Particle 6 new velocities: 11.593, 3.89057
38.6605, 19.5535
Particle 7 new velocities: 6.07826, 28.8697
58.5488, -15.2667
Particle 8 new velocities: 38.3003, 29.9748
63.7124, 42.2063
Particle 9 new velocities: 60.9275, 39.3401
-42.6113, 49.8446
Particle 10 new velocities: 10.3792, 42.5543
27.3177, 22.1086
Particle 11 new velocities: 78.9771, 92.0369
141.888, 102.796
Particle 12 new velocities: 5.46125, 59.4817
105.64, 50.1741
Particle 13 new velocities: 40.5391, 38.6775
69.7267, 53.2734
Particle 14 new velocities: 26.5272, 87.5459
56.2243, 48.2432
Particle 15 new velocities: 62.4426, 61.982
90.7053, 101.022
Particle 16 new velocities: 88.8482, 101.033
206.713, 151.046
Particle 17 new velocities: 32.3517, 19.5449
45.9351, 57.265
Particle 18 new velocities: 28.1857, 62.7112
68.603, 84.27
Particle 19 new velocities: 44.2682, 46.9214
80.1114, 104.161
Particle 20 new velocities: 8.12631, 15.6562
25.3774, 25.0414
-- ITERATION 6 --
-------------
Particle: 1:
Relays Coordinates:
74.986, 123.429
216.018, 153.832
Evaluation Time: 1.38856 seconds
Resulting Fitness: 0.4
New local best!
-------------
Particle: 2:
Relays Coordinates:
73.0702, 98.3625
210.878, 146.647
Evaluation Time: 1.37124 seconds
Resulting Fitness: 0.377778
New local best!
-------------
Particle: 3:
Relays Coordinates:
119.187, 93.982
227.53, 163.932
Evaluation Time: 1.44831 seconds
Resulting Fitness: 0.425
New local best!
-------------
Particle: 4:
Relays Coordinates:
106.194, 98.237
208.589, 120.712
Evaluation Time: 1.3131 seconds
Resulting Fitness: 0.355556
-------------
Particle: 5:
Relays Coordinates:
122.901, 88.981
218.047, 126.467
Evaluation Time: 1.30287 seconds
Resulting Fitness: 0.361111
-------------
Particle: 6:
Relays Coordinates:
95.7954, 76.5371
239.17, 115.869
Evaluation Time: 1.29759 seconds
Resulting Fitness: 0.383333
-------------
Particle: 7:
Relays Coordinates:
81.7833, 80.4066
222.888, 122.32
Evaluation Time: 1.30162 seconds
Resulting Fitness: 0.386111
-------------
Particle: 8:
Relays Coordinates:
125.808, 89.1588
241.935, 169.65
Evaluation Time: 1.38938 seconds
Resulting Fitness: 0.405556
-------------
Particle: 9:
Relays Coordinates:
118.508, 145.612
39.3109, 139.315
Evaluation Time: 1.21195 seconds
Resulting Fitness: 0.269444
-------------
Particle: 10:
Relays Coordinates:
105.449, 104.921
205.142, 110.063
Evaluation Time: 1.36103 seconds
Resulting Fitness: 0.347222
-------------
Particle: 11:
Relays Coordinates:
101.447, 110.008
212.345, 155.219
Evaluation Time: 1.31472 seconds
Resulting Fitness: 0.380556
-------------
Particle: 12:
Relays Coordinates:
98.0728, 115.035
234.509, 172.107
Evaluation Time: 1.41486 seconds
Resulting Fitness: 0.452778
New local best!
New global best!
-------------
Particle: 13:
Relays Coordinates:
96.0678, 114.351
197.366, 101.072
Evaluation Time: 1.26248 seconds
Resulting Fitness: 0.325
-------------
Particle: 14:
Relays Coordinates:
111.393, 94.3727
217.337, 129.312
Evaluation Time: 1.29296 seconds
Resulting Fitness: 0.377778
-------------
Particle: 15:
Relays Coordinates:
107.658, 108.78
174.746, 172.913
Evaluation Time: 1.28425 seconds
Resulting Fitness: 0.3
-------------
Particle: 16:
Relays Coordinates:
74.7538, 83.894
202.068, 148.637
Evaluation Time: 1.44415 seconds
Resulting Fitness: 0.366667
New local best!
-------------
Particle: 17:
Relays Coordinates:
128.323, 68.7568
234.278, 117.64
Evaluation Time: 1.30276 seconds
Resulting Fitness: 0.372222
New local best!
-------------
Particle: 18:
Relays Coordinates:
67.6171, 91.2182
206.847, 148.244
Evaluation Time: 1.38088 seconds
Resulting Fitness: 0.369444
New local best!
-------------
Particle: 19:
Relays Coordinates:
108.652, 109.519
208.901, 164.553
Evaluation Time: 1.40095 seconds
Resulting Fitness: 0.366667
-------------
Particle: 20:
Relays Coordinates:
102.153, 103.406
236.696, 126.529
Evaluation Time: 1.36165 seconds
Resulting Fitness: 0.394444
Current global best fitness: 0.452778
Current global best relays: 98.0728, 115.035
234.509, 172.107
Particle 1 new velocities: 53.9419, 37.4735
87.6871, 59.4679
Particle 2 new velocities: 82.359, 75.6469
168.105, 126.017
Particle 3 new velocities: 67.4866, 81.6819
130.574, 106.227
Particle 4 new velocities: 69.4626, 47.3394
144.988, 93.8062
Particle 5 new velocities: 5.69899, 22.023
45.7937, 83.7685
Particle 6 new velocities: 21.5754, 30.8438
54.9239, 67.206
Particle 7 new velocities: 15.541, 34.8772
44.3536, 39.2087
Particle 8 new velocities: -6.21687, 28.6552
41.9333, 31.0498
Particle 9 new velocities: 88.8449, 37.5898
102.282, 77.4086
Particle 10 new velocities: 32.218, -4.49755
107.158, 66.7254
Particle 11 new velocities: 50.3095, 49.6929
124.73, 90.9167
Particle 12 new velocities: 4.369, 47.5853
84.5118, 40.1393
Particle 13 new velocities: 12.8337, 23.5781
99.6431, 85.8607
Particle 14 new velocities: 47.9343, 17.0569
146.29, 50.5733
Particle 15 new velocities: 47.9439, 12.8679
95.7911, 95.9653
Particle 16 new velocities: 74.4477, 104.498
204.85, 138.403
Particle 17 new velocities: 7.69253, 24.8054
36.8738, 82.7749
Particle 18 new velocities: 27.5679, 66.0442
72.065, 74.3378
Particle 19 new velocities: 29.5716, 35.773
84.9007, 74.5506
Particle 20 new velocities: 7.83867, 13.7977
34.9528, 42.4053
-- ITERATION 7 --
-------------
Particle: 1:
Relays Coordinates:
93.9884, 117.298
221.401, 155.495
Evaluation Time: 1.39446 seconds
Resulting Fitness: 0.416667
New local best!
-------------
Particle: 2:
Relays Coordinates:
91.7794, 102.751
223.786, 161.005
Evaluation Time: 1.39443 seconds
Resulting Fitness: 0.438889
New local best!
-------------
Particle: 3:
Relays Coordinates:
110.229, 103.728
211.457, 159.526
Evaluation Time: 1.31799 seconds
Resulting Fitness: 0.386111
-------------
Particle: 4:
Relays Coordinates:
115.248, 95.5127
231.982, 140.745
Evaluation Time: 1.44552 seconds
Resulting Fitness: 0.397222
New local best!
-------------
Particle: 5:
Relays Coordinates:
115.74, 99.9036
237.456, 189.212
Evaluation Time: 1.46773 seconds
Resulting Fitness: 0.416667
New local best!
-------------
Particle: 6:
Relays Coordinates:
85.5633, 78.2807
214.395, 133.462
Evaluation Time: 1.39226 seconds
Resulting Fitness: 0.347222
-------------
Particle: 7:
Relays Coordinates:
78.8327, 93.3799
216.466, 130.838
Evaluation Time: 1.29888 seconds
Resulting Fitness: 0.372222
-------------
Particle: 8:
Relays Coordinates:
96.8691, 95.4293
229.933, 162.566
Evaluation Time: 1.40379 seconds
Resulting Fitness: 0.441667
New local best!
-------------
Particle: 9:
Relays Coordinates:
122.44, 108.179
83.6091, 127.973
Evaluation Time: 1.20085 seconds
Resulting Fitness: 0.233333
-------------
Particle: 10:
Relays Coordinates:
111.51, 81.3432
252.963, 143.198
Evaluation Time: 1.47865 seconds
Resulting Fitness: 0.405556
New local best!
-------------
Particle: 11:
Relays Coordinates:
99.5672, 104.78
221.155, 161.49
Evaluation Time: 1.36583 seconds
Resulting Fitness: 0.416667
New local best!
-------------
Particle: 12:
Relays Coordinates:
67.212, 106.695
209.309, 139.255
Evaluation Time: 1.31128 seconds
Resulting Fitness: 0.372222
-------------
Particle: 13:
Relays Coordinates:
79.3892, 100.55
216.519, 136.274
Evaluation Time: 1.36314 seconds
Resulting Fitness: 0.391667
New local best!
-------------
Particle: 14:
Relays Coordinates:
104.535, 73.109
238.575, 118.023
Evaluation Time: 1.31975 seconds
Resulting Fitness: 0.361111
-------------
Particle: 15:
Relays Coordinates:
113.434, 88.6813
197.222, 196.012
Evaluation Time: 1.3145 seconds
Resulting Fitness: 0.388889
-------------
Particle: 16:
Relays Coordinates:
79.2918, 100.119
216.253, 152.545
Evaluation Time: 1.57607 seconds
Resulting Fitness: 0.380556
New local best!
-------------
Particle: 17:
Relays Coordinates:
110.173, 75.7854
219.633, 162.336
Evaluation Time: 1.4095 seconds
Resulting Fitness: 0.394444
New local best!
-------------
Particle: 18:
Relays Coordinates:
69.3899, 114.644
203.327, 162.262
Evaluation Time: 1.47946 seconds
Resulting Fitness: 0.383333
New local best!
-------------
Particle: 19:
Relays Coordinates:
100.765, 105.918
214.181, 174.307
Evaluation Time: 1.3882 seconds
Resulting Fitness: 0.4
-------------
Particle: 20:
Relays Coordinates:
98.9924, 105.483
244.484, 152.041
Evaluation Time: 1.4318 seconds
Resulting Fitness: 0.461111
New local best!
New global best!
Current global best fitness: 0.461111
Current global best relays: 98.9924, 105.483
244.484, 152.041
Particle 1 new velocities: 46.3294, 22.8683
98.512, 45.0103
Particle 2 new velocities: 73.5496, 62.6327
159.846, 90.4414
Particle 3 new velocities: 64.6557, 51.6883
154.595, 83.2967
Particle 4 new velocities: 50.74, 44.234
122.14, 83.4987
Particle 5 new velocities: -0.880392, 22.5923
41.1913, 57.408
Particle 6 new velocities: 41.407, 39.4703
116.966, 59.2127
Particle 7 new velocities: 20.0102, 18.1869
67.7365, 75.6046
Particle 8 new velocities: -2.39471, 29.5065
51.9021, 12.1722
Particle 9 new velocities: 99.6359, 118.116
161.023, 82.0217
Particle 10 new velocities: 24.1199, -3.05453
78.652, 60.6597
Particle 11 new velocities: 39.665, 40.5298
117.484, 62.2922
Particle 12 new velocities: 43.6863, 40.298
87.1054, 65.8505
Particle 13 new velocities: 20.6363, 24.6996
80.6621, 78.4049
Particle 14 new velocities: 48.6946, -17.0973
140.425, 63.6418
Particle 15 new velocities: 31.2102, 24.5067
124.768, 41.5114
Particle 16 new velocities: 63.6708, 86.6962
172.212, 110.37
Particle 17 new velocities: -0.754127, 30.2328
61.4186, 56.3468
Particle 18 new velocities: 39.1623, 45.2487
94.1758, 46.464
Particle 19 new velocities: 22.6059, 29.4752
120.054, 58.3475
Particle 20 new velocities: 6.27093, 11.0382
27.9622, 33.9242
-- ITERATION 8 --
-------------
Particle: 1:
Relays Coordinates:
102.292, 102.181
233.217, 146.169
Evaluation Time: 1.44078 seconds
Resulting Fitness: 0.405556
-------------
Particle: 2:
Relays Coordinates:
108.472, 108.508
251.7, 164.974
Evaluation Time: 1.51643 seconds
Resulting Fitness: 0.447222
New local best!
-------------
Particle: 3:
Relays Coordinates:
114.742, 101.968
240.167, 159.316
Evaluation Time: 1.43566 seconds
Resulting Fitness: 0.433333
New local best!
-------------
Particle: 4:
Relays Coordinates:
108.905, 91.6878
232.339, 147.126
Evaluation Time: 1.43207 seconds
Resulting Fitness: 0.419444
New local best!
-------------
Particle: 5:
Relays Coordinates:
83.7324, 89.2995
203.134, 179.786
Evaluation Time: 1.42009 seconds
Resulting Fitness: 0.380556
-------------
Particle: 6:
Relays Coordinates:
83.3052, 77.2564
217.406, 126.414
Evaluation Time: 1.24984 seconds
Resulting Fitness: 0.344444
-------------
Particle: 7:
Relays Coordinates:
72.0564, 81.3322
207.183, 150.497
Evaluation Time: 1.34862 seconds
Resulting Fitness: 0.380556
-------------
Particle: 8:
Relays Coordinates:
68.8718, 91.0782
205.458, 127.384
Evaluation Time: 1.2733 seconds
Resulting Fitness: 0.352778
-------------
Particle: 9:
Relays Coordinates:
106.218, 108.236
117.007, 100.44
Evaluation Time: 1.0709 seconds
Resulting Fitness: 0.205556
-------------
Particle: 10:
Relays Coordinates:
88.9871, 51.3652
217.573, 133.751
Evaluation Time: 1.33896 seconds
Resulting Fitness: 0.35
-------------
Particle: 11:
Relays Coordinates:
91.3502, 95.3375
222.181, 146.823
Evaluation Time: 1.31947 seconds
Resulting Fitness: 0.388889
-------------
Particle: 12:
Relays Coordinates:
80.8449, 107.158
216.086, 149.522
Evaluation Time: 1.36854 seconds
Resulting Fitness: 0.383333
-------------
Particle: 13:
Relays Coordinates:
65.6267, 82.1763
194.981, 140.851
Evaluation Time: 1.26338 seconds
Resulting Fitness: 0.366667
-------------
Particle: 14:
Relays Coordinates:
90.4803, 33.0743
223.796, 107.271
Evaluation Time: 1.28516 seconds
Resulting Fitness: 0.330556
-------------
Particle: 15:
Relays Coordinates:
94.9008, 74.2626
211.257, 155.839
Evaluation Time: 1.36274 seconds
Resulting Fitness: 0.386111
-------------
Particle: 16:
Relays Coordinates:
84.4179, 110.312
229.385, 155.248
Evaluation Time: 1.39396 seconds
Resulting Fitness: 0.433333
New local best!
-------------
Particle: 17:
Relays Coordinates:
79.766, 77.2873
204.886, 159.42
Evaluation Time: 1.30858 seconds
Resulting Fitness: 0.369444
-------------
Particle: 18:
Relays Coordinates:
79.1346, 116.562
216.88, 152.161
Evaluation Time: 1.35487 seconds
Resulting Fitness: 0.388889
New local best!
-------------
Particle: 19:
Relays Coordinates:
80.9439, 88.8314
219.292, 152.644
Evaluation Time: 1.36692 seconds
Resulting Fitness: 0.408333
-------------
Particle: 20:
Relays Coordinates:
85.2633, 94.3822
220.682, 150.632
Evaluation Time: 1.33482 seconds
Resulting Fitness: 0.402778
Current global best fitness: 0.461111
Current global best relays: 98.9924, 105.483
244.484, 152.041
Particle 1 new velocities: 31.5311, 24.9002
72.2937, 48.9639
Particle 2 new velocities: 58.0661, 49.3775
125.304, 61.0622
Particle 3 new velocities: 35.8798, 44.8162
125.623, 58.7505
Particle 4 new velocities: 28.7092, 45.903
107.818, 67.8919
Particle 5 new velocities: 25.4162, 30.7025
95.5998, 46.3678
Particle 6 new velocities: 63.6252, 60.5244
151.072, 66.9754
Particle 7 new velocities: 57.7899, 33.2463
63.9048, 85.3687
Particle 8 new velocities: 76.1161, 37.2988
95.4175, 29.921
Particle 9 new velocities: 116.747, 180.872
83.2785, 95.7834
Particle 10 new velocities: 62.9576, 62.1413
82.8271, 71.8766
Particle 11 new velocities: 41.4935, 38.2747
106.013, 61.3415
Particle 12 new velocities: 56.233, 36.9801
120.238, 70.9698
Particle 13 new velocities: 76.0905, 49.6129
89.671, 59.9618
Particle 14 new velocities: 93.362, 84.5384
172.486, 81.8796
Particle 15 new velocities: 44.2653, 24.6186
130.919, 57.0797
Particle 16 new velocities: 65.4482, 63.5682
146.123, 85.7633
Particle 17 new velocities: 33.9772, 51.5472
75.6858, 43.0945
Particle 18 new velocities: 49.1871, 30.0574
98.4256, 37.0293
Particle 19 new velocities: 45.4529, 36.6578
115.001, 44.1137
Particle 20 new velocities: 28.8671, 20.9255
54.3245, 29.519
-- ITERATION 9 --
-------------
Particle: 1:
Relays Coordinates:
108.396, 102.936
247.463, 158.057
Evaluation Time: 1.41411 seconds
Resulting Fitness: 0.461111
New local best!
-------------
Particle: 2:
Relays Coordinates:
109.266, 103.589
247.352, 148.303
Evaluation Time: 1.38988 seconds
Resulting Fitness: 0.425
-------------
Particle: 3:
Relays Coordinates:
98.8227, 96.3055
239.995, 143.074
Evaluation Time: 1.39453 seconds
Resulting Fitness: 0.419444
-------------
Particle: 4:
Relays Coordinates:
90.2887, 90.2733
223.177, 141.074
Evaluation Time: 1.36772 seconds
Resulting Fitness: 0.380556
-------------
Particle: 5:
Relays Coordinates:
71.6124, 78.7333
195.999, 148.379
Evaluation Time: 1.38972 seconds
Resulting Fitness: 0.363889
-------------
Particle: 6:
Relays Coordinates:
96.4011, 90.398
241.758, 126.883
Evaluation Time: 1.34869 seconds
Resulting Fitness: 0.405556
-------------
Particle: 7:
Relays Coordinates:
105.176, 92.8086
219.581, 191.051
Evaluation Time: 1.4092 seconds
Resulting Fitness: 0.402778
-------------
Particle: 8:
Relays Coordinates:
105.696, 93.5869
219.338, 114.676
Evaluation Time: 1.29738 seconds
Resulting Fitness: 0.377778
-------------
Particle: 9:
Relays Coordinates:
118.493, 153.644
106.44, 104.281
Evaluation Time: 1.18233 seconds
Resulting Fitness: 0.266667
-------------
Particle: 10:
Relays Coordinates:
123.075, 91.9402
243.324, 166.559
Evaluation Time: 1.421 seconds
Resulting Fitness: 0.425
New local best!
-------------
Particle: 11:
Relays Coordinates:
96.8431, 97.4033
239.253, 151.752
Evaluation Time: 1.50891 seconds
Resulting Fitness: 0.461111
New local best!
-------------
Particle: 12:
Relays Coordinates:
89.9368, 94.5689
220.663, 144.665
Evaluation Time: 1.45848 seconds
Resulting Fitness: 0.397222
-------------
Particle: 13:
Relays Coordinates:
103.312, 96.0743
207.511, 146.392
Evaluation Time: 1.41273 seconds
Resulting Fitness: 0.363889
-------------
Particle: 14:
Relays Coordinates:
120.619, 77.1657
260, 124.102
Evaluation Time: 1.4368 seconds
Resulting Fitness: 0.4
-------------
Particle: 15:
Relays Coordinates:
91.3069, 64.876
224.502, 139.696
Evaluation Time: 1.41609 seconds
Resulting Fitness: 0.358333
-------------
Particle: 16:
Relays Coordinates:
98.3272, 114.083
246.371, 158.128
Evaluation Time: 1.63458 seconds
Resulting Fitness: 0.461111
New local best!
-------------
Particle: 17:
Relays Coordinates:
92.132, 104.356
227.264, 164.037
Evaluation Time: 1.36334 seconds
Resulting Fitness: 0.45
New local best!
-------------
Particle: 18:
Relays Coordinates:
93.5465, 106.886
229.857, 137.92
Evaluation Time: 1.38106 seconds
Resulting Fitness: 0.394444
New local best!
-------------
Particle: 19:
Relays Coordinates:
82.9289, 82.3334
219.33, 129.093
Evaluation Time: 1.27951 seconds
Resulting Fitness: 0.369444
-------------
Particle: 20:
Relays Coordinates:
92.4456, 93.3993
222.755, 145.922
Evaluation Time: 1.33548 seconds
Resulting Fitness: 0.375
Current global best fitness: 0.461111
Current global best relays: 98.9924, 105.483
244.484, 152.041
Particle 1 new velocities: 18.2934, 22.1769
56.2921, 32.0478
Particle 2 new velocities: 32.2577, 46.495
100.43, 59.0128
Particle 3 new velocities: 38.3463, 45.3401
103.107, 68.9072
Particle 4 new velocities: 28.0444, 43.0397
116.198, 54.939
Particle 5 new velocities: 76.5786, 54.7394
140.322, 49.9993
Particle 6 new velocities: 61.2532, 53.5114
141.045, 56.3966
Particle 7 new velocities: 32.3695, 17.5664
51.3391, 12.8762
Particle 8 new velocities: 47.1256, 40.0668
115.391, 106.003
Particle 9 new velocities: 98.0742, 146.644
64.6716, 130.746
Particle 10 new velocities: 19.7854, 65.4368
67.4045, 45.2811
Particle 11 new velocities: 34.5123, 33.125
85.1944, 49.1968
Particle 12 new velocities: 53.8823, 66.1117
125.082, 93.9007
Particle 13 new velocities: 45.3557, 44.3965
114.323, 38.9118
Particle 14 new velocities: 71.4175, 30.2588
143.89, 97.9564
Particle 15 new velocities: 61.8687, 74.7766
126.739, 60.1772
Particle 16 new velocities: 52.442, 43.5043
115.869, 64.8784
Particle 17 new velocities: 32.4752, 41.988
78.8849, 27.6816
Particle 18 new velocities: 43.7153, 22.7474
86.6512, 42.7594
Particle 19 new velocities: 53.5228, 91.6112
126.417, 59.855
Particle 20 new velocities: 30.8298, 19.2239
73.3663, 32.3545
-- ITERATION 10 --
-------------
Particle: 1:
Relays Coordinates:
102.619, 101.341
246.042, 153.985
Evaluation Time: 1.38887 seconds
Resulting Fitness: 0.463889
New local best!
New global best!
-------------
Particle: 2:
Relays Coordinates:
92.8536, 98.4699
228.18, 136.02
Evaluation Time: 1.40457 seconds
Resulting Fitness: 0.391667
-------------
Particle: 3:
Relays Coordinates:
89.9966, 92.9336
225.109, 139.081
Evaluation Time: 1.39696 seconds
Resulting Fitness: 0.405556
-------------
Particle: 4:
Relays Coordinates:
77.6383, 87.4667
222.664, 128.604
Evaluation Time: 1.32081 seconds
Resulting Fitness: 0.383333
-------------
Particle: 5:
Relays Coordinates:
108.031, 97.3016
245.179, 144.618
Evaluation Time: 1.43566 seconds
Resulting Fitness: 0.427778
New local best!
-------------
Particle: 6:
Relays Coordinates:
103.437, 94.419
251.157, 120.25
Evaluation Time: 1.34385 seconds
Resulting Fitness: 0.413889
-------------
Particle: 7:
Relays Coordinates:
111.412, 89.4038
219.446, 165.181
Evaluation Time: 1.3654 seconds
Resulting Fitness: 0.4
-------------
Particle: 8:
Relays Coordinates:
111.407, 97.4335
244.018, 160.875
Evaluation Time: 1.39 seconds
Resulting Fitness: 0.458333
New local best!
-------------
Particle: 9:
Relays Coordinates:
115.093, 159.586
90.9356, 124.903
Evaluation Time: 1.12264 seconds
Resulting Fitness: 0.261111
-------------
Particle: 10:
Relays Coordinates:
104.145, 114.728
226.521, 154.431
Evaluation Time: 1.4527 seconds
Resulting Fitness: 0.405556
-------------
Particle: 11:
Relays Coordinates:
95.758, 95.1552
236.522, 146.492
Evaluation Time: 1.35039 seconds
Resulting Fitness: 0.427778
-------------
Particle: 12:
Relays Coordinates:
94.3597, 105.423
226.843, 156.523
Evaluation Time: 1.47134 seconds
Resulting Fitness: 0.425
-------------
Particle: 13:
Relays Coordinates:
108.379, 102.403
234.617, 135.087
Evaluation Time: 1.33166 seconds
Resulting Fitness: 0.386111
-------------
Particle: 14:
Relays Coordinates:
113.396, 63.4331
238.494, 131.123
Evaluation Time: 1.40254 seconds
Resulting Fitness: 0.363889
-------------
Particle: 15:
Relays Coordinates:
111.665, 101.807
256.055, 145.708
Evaluation Time: 1.47126 seconds
Resulting Fitness: 0.447222
New local best!
-------------
Particle: 16:
Relays Coordinates:
98.9197, 103.393
237.665, 146.314
Evaluation Time: 1.38799 seconds
Resulting Fitness: 0.433333
-------------
Particle: 17:
Relays Coordinates:
90.8387, 106.685
223.182, 139.763
Evaluation Time: 1.42415 seconds
Resulting Fitness: 0.402778
-------------
Particle: 18:
Relays Coordinates:
111.182, 105.003
256.372, 146.35
Evaluation Time: 1.41268 seconds
Resulting Fitness: 0.447222
New local best!
-------------
Particle: 19:
Relays Coordinates:
89.526, 114.125
226.844, 123.969
Evaluation Time: 1.41096 seconds
Resulting Fitness: 0.394444
-------------
Particle: 20:
Relays Coordinates:
99.8531, 91.2248
239.858, 144.404
Evaluation Time: 1.36534 seconds
Resulting Fitness: 0.433333
Current global best fitness: 0.463889
Current global best relays: 102.619, 101.341
246.042, 153.985
Particle 1 new velocities: 14.6347, 17.7415
45.0337, 25.6383
Particle 2 new velocities: 55.716, 51.7499
95.5971, 60.8957
Particle 3 new velocities: 69.5203, 50.1929
113.104, 67.3432
Particle 4 new velocities: 68.9484, 53.341
122.379, 75.1259
Particle 5 new velocities: 57.8779, 48.7464
112.564, 42.91
Particle 6 new velocities: 48.5369, 43.7144
109.912, 51.9509
Particle 7 new velocities: 11.547, 4.93875
40.6137, 2.84029
Particle 8 new velocities: 32.3255, 32.3275
94.3209, 81.0257
Particle 9 new velocities: 120.562, 75.2347
52.4963, 148.316
Particle 10 new velocities: 46.7468, 3.00844
91.7939, 42.5668
Particle 11 new velocities: 31.5214, 31.4911
70.4184, 46.4256
Particle 12 new velocities: 46.2972, 52.7468
104.695, 93.4986
Particle 13 new velocities: 26.3688, 32.4343
72.5275, 55.0009
Particle 14 new velocities: 55.7284, 0.271947
122.128, 94.4375
Particle 15 new velocities: 41.9728, 59.3752
99.5485, 55.0731
Particle 16 new velocities: 44.2458, 48.6988
104.354, 67.4762
Particle 17 new velocities: 39.5475, 30.619
89.6152, 44.772
Particle 18 new velocities: 27.7, 14.95
57.4367, 39.451
Particle 19 new velocities: 51.1243, 59.7818
127.491, 72.1585
Particle 20 new velocities: 27.4085, 24.38
71.448, 40.3237
-- ITERATION 11 --
-------------
Particle: 1:
Relays Coordinates:
94.9753, 96.4571
235.771, 145.495
Evaluation Time: 1.37874 seconds
Resulting Fitness: 0.422222
-------------
Particle: 2:
Relays Coordinates:
108.307, 109.51
236.034, 143.551
Evaluation Time: 1.36923 seconds
Resulting Fitness: 0.405556
-------------
Particle: 3:
Relays Coordinates:
104.659, 93.9053
221.902, 135.435
Evaluation Time: 1.39137 seconds
Resulting Fitness: 0.380556
-------------
Particle: 4:
Relays Coordinates:
106.862, 102.649
251.537, 148.519
Evaluation Time: 1.41169 seconds
Resulting Fitness: 0.463889
New local best!
-------------
Particle: 5:
Relays Coordinates:
108.853, 95.8221
234.715, 123.037
Evaluation Time: 1.43152 seconds
Resulting Fitness: 0.377778
-------------
Particle: 6:
Relays Coordinates:
110.789, 100.699
263.219, 125.534
Evaluation Time: 1.40403 seconds
Resulting Fitness: 0.411111
-------------
Particle: 7:
Relays Coordinates:
110.663, 84.9083
234.053, 151.219
Evaluation Time: 1.36643 seconds
Resulting Fitness: 0.419444
New local best!
-------------
Particle: 8:
Relays Coordinates:
94.3029, 85.1362
221.984, 158.711
Evaluation Time: 1.43591 seconds
Resulting Fitness: 0.405556
-------------
Particle: 9:
Relays Coordinates:
112.713, 112.314
68.603, 130.68
Evaluation Time: 1.05994 seconds
Resulting Fitness: 0.222222
-------------
Particle: 10:
Relays Coordinates:
110, 85.8298
232.052, 143.611
Evaluation Time: 1.37935 seconds
Resulting Fitness: 0.413889
-------------
Particle: 11:
Relays Coordinates:
92.7867, 92.3251
223.76, 140.637
Evaluation Time: 1.38032 seconds
Resulting Fitness: 0.377778
-------------
Particle: 12:
Relays Coordinates:
102.539, 115.305
241.691, 182.266
Evaluation Time: 1.48559 seconds
Resulting Fitness: 0.419444
-------------
Particle: 13:
Relays Coordinates:
109.145, 109.218
248.787, 153.971
Evaluation Time: 1.48594 seconds
Resulting Fitness: 0.444444
New local best!
-------------
Particle: 14:
Relays Coordinates:
99.866, 37.6172
212.943, 133.191
Evaluation Time: 1.34881 seconds
Resulting Fitness: 0.330556
-------------
Particle: 15:
Relays Coordinates:
100.802, 105.751
233.311, 131.732
Evaluation Time: 1.37055 seconds
Resulting Fitness: 0.4
-------------
Particle: 16:
Relays Coordinates:
104.368, 110.875
249.332, 155.853
Evaluation Time: 1.42034 seconds
Resulting Fitness: 0.466667
New local best!
New global best!
-------------
Particle: 17:
Relays Coordinates:
105.613, 111.216
253.366, 149.473
Evaluation Time: 1.44422 seconds
Resulting Fitness: 0.444444
-------------
Particle: 18:
Relays Coordinates:
112.494, 97.1617
254.185, 150.499
Evaluation Time: 1.43426 seconds
Resulting Fitness: 0.447222
-------------
Particle: 19:
Relays Coordinates:
92.2807, 114.1
232.48, 128.679
Evaluation Time: 1.38416 seconds
Resulting Fitness: 0.405556
-------------
Particle: 20:
Relays Coordinates:
92.7737, 84.2759
226.942, 134.666
Evaluation Time: 1.35308 seconds
Resulting Fitness: 0.386111
Current global best fitness: 0.466667
Current global best relays: 104.368, 110.875
249.332, 155.853
Particle 1 new velocities: 29.7916, 34.9846
40.7576, 29.4799
Particle 2 new velocities: 40.0853, 40.4662
96.2643, 73.3286
Particle 3 new velocities: 60.7578, 65.3016
119.415, 114.745
Particle 4 new velocities: 53.4619, 45.3411
95.1309, 61.1483
Particle 5 new velocities: 42.4373, 53.2899
114.006, 100.326
Particle 6 new velocities: 24.9878, 34.9751
69.5308, 72.9857
Particle 7 new velocities: 5.96173, 33.3965
48.449, 6.80932
Particle 8 new velocities: 44.4263, 40.8583
92.7917, 65.1382
Particle 9 new velocities: 91.1402, 82.4009
48.3461, 140.699
Particle 10 new velocities: 36.6492, 9.72771
91.2062, 77.4693
Particle 11 new velocities: 33.4106, 47.7346
107.585, 51.0722
Particle 12 new velocities: 31.453, 39.3881
85.0358, 26.7759
Particle 13 new velocities: 14.9354, 26.3779
58.2676, 44.7601
Particle 14 new velocities: 91.247, 85.5843
184.744, 97.7237
Particle 15 new velocities: 53.3339, 52.4736
99.8419, 70.9723
Particle 16 new velocities: 35.3966, 38.959
83.4835, 53.9809
Particle 17 new velocities: 8.69186, 15.1305
55.8592, 59.823
Particle 18 new velocities: 15.4183, 27.1779
44.7541, 31.7735
Particle 19 new velocities: 46.8057, 38.192
104.235, 84.859
Particle 20 new velocities: 42.3039, 70.9852
84.5876, 60.7507
-- ITERATION 12 --
-------------
Particle: 1:
Relays Coordinates:
101.061, 106.468
223.988, 141.73
Evaluation Time: 1.42856 seconds
Resulting Fitness: 0.397222
-------------
Particle: 2:
Relays Coordinates:
108.178, 109.333
242.245, 158.105
Evaluation Time: 1.49448 seconds
Resulting Fitness: 0.444444
-------------
Particle: 3:
Relays Coordinates:
108.53, 104.456
223.938, 164.143
Evaluation Time: 1.46726 seconds
Resulting Fitness: 0.408333
-------------
Particle: 4:
Relays Coordinates:
105.188, 97.0962
227.448, 137.563
Evaluation Time: 1.37229 seconds
Resulting Fitness: 0.388889
-------------
Particle: 5:
Relays Coordinates:
110.291, 108.703
254.217, 162.832
Evaluation Time: 1.60423 seconds
Resulting Fitness: 0.441667
New local best!
-------------
Particle: 6:
Relays Coordinates:
98.9813, 98.9066
242.575, 144.721
Evaluation Time: 1.39028 seconds
Resulting Fitness: 0.419444
New local best!
-------------
Particle: 7:
Relays Coordinates:
104.962, 106.474
254.252, 142.226
Evaluation Time: 1.45513 seconds
Resulting Fitness: 0.430556
New local best!
-------------
Particle: 8:
Relays Coordinates:
101.134, 91.85
229.471, 163.186
Evaluation Time: 1.36793 seconds
Resulting Fitness: 0.447222
-------------
Particle: 9:
Relays Coordinates:
108.336, 103.479
62.1516, 144.222
Evaluation Time: 1.06291 seconds
Resulting Fitness: 0.233333
-------------
Particle: 10:
Relays Coordinates:
96.2168, 62.6953
212.089, 145.051
Evaluation Time: 1.35932 seconds
Resulting Fitness: 0.333333
-------------
Particle: 11:
Relays Coordinates:
91.9979, 102.104
241.55, 139.756
Evaluation Time: 1.40929 seconds
Resulting Fitness: 0.394444
-------------
Particle: 12:
Relays Coordinates:
97.6801, 112.772
238.184, 152.391
Evaluation Time: 1.39103 seconds
Resulting Fitness: 0.452778
-------------
Particle: 13:
Relays Coordinates:
90.455, 98.8497
223.843, 144.875
Evaluation Time: 1.31618 seconds
Resulting Fitness: 0.402778
-------------
Particle: 14:
Relays Coordinates:
125.389, 80.8325
260.923, 151.503
Evaluation Time: 1.388 seconds
Resulting Fitness: 0.436111
New local best!
-------------
Particle: 15:
Relays Coordinates:
101.128, 103.811
218.582, 132.994
Evaluation Time: 1.3651 seconds
Resulting Fitness: 0.366667
-------------
Particle: 16:
Relays Coordinates:
101.888, 109.229
242.623, 152.969
Evaluation Time: 1.41175 seconds
Resulting Fitness: 0.466667
-------------
Particle: 17:
Relays Coordinates:
83.3281, 92.1067
225.425, 152.577
Evaluation Time: 1.41926 seconds
Resulting Fitness: 0.405556
-------------
Particle: 18:
Relays Coordinates:
103.609, 100.715
242.141, 147.641
Evaluation Time: 1.38471 seconds
Resulting Fitness: 0.441667
-------------
Particle: 19:
Relays Coordinates:
101.394, 111.021
245.465, 155.669
Evaluation Time: 1.44775 seconds
Resulting Fitness: 0.469444
New local best!
New global best!
-------------
Particle: 20:
Relays Coordinates:
98.4716, 113.185
227.105, 142.459
Evaluation Time: 1.3718 seconds
Resulting Fitness: 0.394444
Current global best fitness: 0.469444
Current global best relays: 101.394, 111.021
245.465, 155.669
Particle 1 new velocities: 24.7573, 32.8929
48.5156, 46.9458
Particle 2 new velocities: 32.2026, 33.9179
89.723, 62.5932
Particle 3 new velocities: 49.7627, 53.3224
128.656, 76.7597
Particle 4 new velocities: 43.2873, 54.9015
101.279, 73.7595
Particle 5 new velocities: 32.6984, 43.4616
86.0959, 75.9212
Particle 6 new velocities: 22.7017, 43.0382
58.6675, 71.7956
Particle 7 new velocities: 1.28472, 30.9551
34.3422, 22.5973
Particle 8 new velocities: 44.4091, 42.2637
105.192, 47.3144
Particle 9 new velocities: 78.4662, 118.259
206.911, 116.664
Particle 10 new velocities: 34.1389, 56.9374
126.121, 88.5758
Particle 11 new velocities: 32.2592, 37.1588
82.7585, 72.3196
Particle 12 new velocities: 30.0837, 34.3406
70.8386, 51.9986
Particle 13 new velocities: 33.3844, 42.4876
92.6674, 52.8986
Particle 14 new velocities: 66.8957, 105.863
147.208, 78.4434
Particle 15 new velocities: 50.556, 41.936
136.06, 82.7706
Particle 16 new velocities: 31.6207, 32.657
69.2632, 47.2475
Particle 17 new velocities: 32.3632, 44.0138
54.5154, 64.0464
Particle 18 new velocities: 22.809, 33.2107
53.5062, 25.1491
Particle 19 new velocities: 37.4445, 30.5536
83.3876, 67.8872
Particle 20 new velocities: 34.749, 48.7821
95.9727, 71.3664
-- ITERATION 13 --
-------------
Particle: 1:
Relays Coordinates:
101.913, 112.882
220.728, 152.827
Evaluation Time: 1.48588 seconds
Resulting Fitness: 0.413889
-------------
Particle: 2:
Relays Coordinates:
102.338, 104.43
242.005, 160.889
Evaluation Time: 1.37691 seconds
Resulting Fitness: 0.466667
New local best!
-------------
Particle: 3:
Relays Coordinates:
103.856, 103.518
231.337, 158.056
Evaluation Time: 1.34726 seconds
Resulting Fitness: 0.461111
New local best!
-------------
Particle: 4:
Relays Coordinates:
108.239, 110.806
239.642, 154.054
Evaluation Time: 1.40105 seconds
Resulting Fitness: 0.433333
-------------
Particle: 5:
Relays Coordinates:
93.8151, 99.835
223.28, 156.646
Evaluation Time: 1.37239 seconds
Resulting Fitness: 0.441667
-------------
Particle: 6:
Relays Coordinates:
88.7069, 103.478
219.606, 157.841
Evaluation Time: 1.41246 seconds
Resulting Fitness: 0.430556
New local best!
-------------
Particle: 7:
Relays Coordinates:
86.0598, 111.318
233.761, 133.507
Evaluation Time: 1.4059 seconds
Resulting Fitness: 0.4
-------------
Particle: 8:
Relays Coordinates:
106.101, 97.7689
243.969, 153.455
Evaluation Time: 1.39317 seconds
Resulting Fitness: 0.466667
New local best!
-------------
Particle: 9:
Relays Coordinates:
99.2743, 117.841
142.991, 138.645
Evaluation Time: 1.22237 seconds
Resulting Fitness: 0.275
-------------
Particle: 10:
Relays Coordinates:
76.9738, 70.6419
199.71, 137.954
Evaluation Time: 1.38106 seconds
Resulting Fitness: 0.358333
-------------
Particle: 11:
Relays Coordinates:
81.525, 91.37
212.779, 139.143
Evaluation Time: 1.39207 seconds
Resulting Fitness: 0.366667
-------------
Particle: 12:
Relays Coordinates:
93.1398, 107.245
225.277, 149
Evaluation Time: 1.36096 seconds
Resulting Fitness: 0.416667
-------------
Particle: 13:
Relays Coordinates:
90.2789, 103.035
230.736, 144.177
Evaluation Time: 1.37232 seconds
Resulting Fitness: 0.422222
-------------
Particle: 14:
Relays Coordinates:
102.188, 99.2177
216.897, 122.203
Evaluation Time: 1.35109 seconds
Resulting Fitness: 0.366667
-------------
Particle: 15:
Relays Coordinates:
99.5202, 95.6249
232.681, 141.563
Evaluation Time: 1.36031 seconds
Resulting Fitness: 0.397222
-------------
Particle: 16:
Relays Coordinates:
97.3279, 103.435
227.365, 145.958
Evaluation Time: 1.36795 seconds
Resulting Fitness: 0.425
-------------
Particle: 17:
Relays Coordinates:
93.71, 110.258
226.752, 175.465
Evaluation Time: 1.41502 seconds
Resulting Fitness: 0.425
-------------
Particle: 18:
Relays Coordinates:
102.399, 108.48
239.474, 139.96
Evaluation Time: 1.38636 seconds
Resulting Fitness: 0.422222
-------------
Particle: 19:
Relays Coordinates:
101.213, 103.208
239.733, 162.973
Evaluation Time: 1.38075 seconds
Resulting Fitness: 0.463889
-------------
Particle: 20:
Relays Coordinates:
97.1178, 118.074
235.524, 155.879
Evaluation Time: 1.42121 seconds
Resulting Fitness: 0.455556
Current global best fitness: 0.469444
Current global best relays: 101.394, 111.021
245.465, 155.669
Particle 1 new velocities: 20.1097, 8.48183
54.6625, 38.4631
Particle 2 new velocities: 25.5538, 34.1434
73.2343, 44.2172
Particle 3 new velocities: 37.9743, 44.9232
116.796, 61.0399
Particle 4 new velocities: 26.6075, 32.929
103.469, 52.7107
Particle 5 new velocities: 43.8012, 56.1022
109.893, 67.6435
Particle 6 new velocities: 32.9662, 35.8075
65.642, 54.8072
Particle 7 new velocities: 13.5074, 16.3861
62.5406, 55.292
Particle 8 new velocities: 33.022, 34.5385
85.0512, 38.225
Particle 9 new velocities: 105.081, 135.652
142.824, 96.7297
Particle 10 new velocities: 121.504, 85.3034
138.578, 110.149
Particle 11 new velocities: 66.0713, 48.7527
146.47, 78.0241
Particle 12 new velocities: 28.839, 37.9805
90.5622, 63.8992
Particle 13 new velocities: 50.9548, 38.5487
99.499, 52.7341
Particle 14 new velocities: 87.3648, 66.81
156.377, 130.86
Particle 15 new velocities: 57.5314, 56.1615
153.807, 79.35
Particle 16 new velocities: 30.7624, 35.7019
92.1658, 52.0093
Particle 17 new velocities: 26.8818, 30.3962
58.4635, 36.114
Particle 18 new velocities: 17.6381, 25.4385
68.7078, 30.1024
Particle 19 new velocities: 30.2745, 28.513
72.6216, 37.7855
Particle 20 new velocities: 31.9865, 36.0192
91.8168, 53.9025
-- ITERATION 14 --
-------------
Particle: 1:
Relays Coordinates:
109.82, 109.228
247.852, 172.161
Evaluation Time: 1.43001 seconds
Resulting Fitness: 0.438889
-------------
Particle: 2:
Relays Coordinates:
93.2328, 101.02
229.809, 149.523
Evaluation Time: 1.34321 seconds
Resulting Fitness: 0.422222
-------------
Particle: 3:
Relays Coordinates:
93.0548, 97.3924
228.41, 143.749
Evaluation Time: 1.37479 seconds
Resulting Fitness: 0.4
-------------
Particle: 4:
Relays Coordinates:
88.4726, 94.3047
225.115, 135.658
Evaluation Time: 1.3627 seconds
Resulting Fitness: 0.391667
-------------
Particle: 5:
Relays Coordinates:
100.322, 113.678
242.883, 163.507
Evaluation Time: 1.47523 seconds
Resulting Fitness: 0.458333
New local best!
-------------
Particle: 6:
Relays Coordinates:
98.5552, 112.821
231.051, 172.245
Evaluation Time: 1.37945 seconds
Resulting Fitness: 0.444444
New local best!
-------------
Particle: 7:
Relays Coordinates:
72.5845, 93.0961
216.004, 137.634
Evaluation Time: 1.37426 seconds
Resulting Fitness: 0.372222
-------------
Particle: 8:
Relays Coordinates:
101.42, 96.4521
239.856, 139.735
Evaluation Time: 1.37567 seconds
Resulting Fitness: 0.402778
-------------
Particle: 9:
Relays Coordinates:
87.9683, 109.121
123.034, 101.321
Evaluation Time: 1.1136 seconds
Resulting Fitness: 0.222222
-------------
Particle: 10:
Relays Coordinates:
117.199, 92.0842
199.756, 146.502
Evaluation Time: 1.37245 seconds
Resulting Fitness: 0.361111
-------------
Particle: 11:
Relays Coordinates:
96.8379, 91.9345
235.703, 142.483
Evaluation Time: 1.50399 seconds
Resulting Fitness: 0.416667
-------------
Particle: 12:
Relays Coordinates:
88.9226, 105.869
230.247, 155.204
Evaluation Time: 1.43746 seconds
Resulting Fitness: 0.444444
-------------
Particle: 13:
Relays Coordinates:
102.959, 103.214
240.741, 143.548
Evaluation Time: 1.42082 seconds
Resulting Fitness: 0.433333
-------------
Particle: 14:
Relays Coordinates:
111.929, 98.0377
220.415, 149.431
Evaluation Time: 1.419 seconds
Resulting Fitness: 0.394444
-------------
Particle: 15:
Relays Coordinates:
92.7374, 89.6283
228.217, 130.447
Evaluation Time: 1.41006 seconds
Resulting Fitness: 0.386111
-------------
Particle: 16:
Relays Coordinates:
93.3779, 101.431
232.938, 144.318
Evaluation Time: 1.41327 seconds
Resulting Fitness: 0.402778
-------------
Particle: 17:
Relays Coordinates:
97.6794, 113.93
231.024, 171.379
Evaluation Time: 1.41563 seconds
Resulting Fitness: 0.441667
-------------
Particle: 18:
Relays Coordinates:
87.5069, 97.6265
224.664, 123.975
Evaluation Time: 1.39174 seconds
Resulting Fitness: 0.397222
-------------
Particle: 19:
Relays Coordinates:
95.8546, 96.0246
227.707, 146.353
Evaluation Time: 1.32076 seconds
Resulting Fitness: 0.4
-------------
Particle: 20:
Relays Coordinates:
94.1171, 112.334
238.631, 152.931
Evaluation Time: 1.44162 seconds
Resulting Fitness: 0.45
Current global best fitness: 0.469444
Current global best relays: 101.394, 111.021
245.465, 155.669
Particle 1 new velocities: 3.38457, -3.51288
42.233, -3.72925
Particle 2 new velocities: 34.6272, 32.1507
83.7724, 54.6903
Particle 3 new velocities: 52.7307, 44.8178
116.514, 84.2707
Particle 4 new velocities: 23.296, 43.651
129.845, 70.2063
Particle 5 new velocities: 35.5809, 41.726
88.8736, 44.2815
Particle 6 new velocities: 29.6298, 28.4608
67.4891, 31.8458
Particle 7 new velocities: 70.7796, 21.2707
70.0102, 52.3615
Particle 8 new velocities: 27.9686, 41.4016
73.4306, 47.5404
Particle 9 new velocities: 134.542, 135.904
172.911, 188.023
Particle 10 new velocities: 96.3812, 74.0163
148.306, 116.622
Particle 11 new velocities: 55.2503, 47.8026
125.102, 89.4925
Particle 12 new velocities: 43.715, 43.3436
92.9449, 71.9617
Particle 13 new velocities: 41.2198, 41.8949
89.6112, 55.9995
Particle 14 new velocities: 69.9602, 54.7601
208.528, 110.52
Particle 15 new velocities: 60.7984, 76.5217
148.684, 87.5825
Particle 16 new velocities: 48.5891, 31.2758
103.903, 54.6412
Particle 17 new velocities: 18.8332, 15.4304
60.4819, 22.2034
Particle 18 new velocities: 20.1572, 33.0918
108.371, 67.085
Particle 19 new velocities: 33.6161, 48.8763
78.4699, 47.6609
Particle 20 new velocities: 40.543, 20.9293
85.1866, 45.3452
-- ITERATION 15 --
-------------
Particle: 1:
Relays Coordinates:
91.6961, 85.6289
234.969, 136.43
Evaluation Time: 1.40609 seconds
Resulting Fitness: 0.388889
-------------
Particle: 2:
Relays Coordinates:
93.2099, 97.0814
228.601, 148.871
Evaluation Time: 1.38957 seconds
Resulting Fitness: 0.402778
-------------
Particle: 3:
Relays Coordinates:
95.6499, 93.3041
226.304, 149.604
Evaluation Time: 1.3644 seconds
Resulting Fitness: 0.4
-------------
Particle: 4:
Relays Coordinates:
65.9983, 81.4615
209.6, 121.561
Evaluation Time: 1.32642 seconds
Resulting Fitness: 0.347222
-------------
Particle: 5:
Relays Coordinates:
99.0734, 113.29
241.85, 151.478
Evaluation Time: 1.46658 seconds
Resulting Fitness: 0.447222
-------------
Particle: 6:
Relays Coordinates:
103.83, 114.438
241.817, 165.313
Evaluation Time: 1.46435 seconds
Resulting Fitness: 0.475
New local best!
New global best!
-------------
Particle: 7:
Relays Coordinates:
116.125, 92.6371
231.672, 153.897
Evaluation Time: 1.38698 seconds
Resulting Fitness: 0.422222
-------------
Particle: 8:
Relays Coordinates:
104.805, 111.661
253.762, 151.693
Evaluation Time: 1.42931 seconds
Resulting Fitness: 0.441667
-------------
Particle: 9:
Relays Coordinates:
95.7833, 105.475
127.395, 124.553
Evaluation Time: 1.16582 seconds
Resulting Fitness: 0.252778
-------------
Particle: 10:
Relays Coordinates:
113.505, 88.2726
184.974, 139.835
Evaluation Time: 1.24577 seconds
Resulting Fitness: 0.338889
-------------
Particle: 11:
Relays Coordinates:
99.7851, 91.6815
236.724, 152.199
Evaluation Time: 1.44122 seconds
Resulting Fitness: 0.461111
-------------
Particle: 12:
Relays Coordinates:
96.6928, 108.776
235.607, 165.604
Evaluation Time: 1.383 seconds
Resulting Fitness: 0.461111
New local best!
-------------
Particle: 13:
Relays Coordinates:
105.107, 105.785
240.827, 145.47
Evaluation Time: 1.36741 seconds
Resulting Fitness: 0.427778
-------------
Particle: 14:
Relays Coordinates:
96.6634, 81.203
227.958, 138.149
Evaluation Time: 1.36594 seconds
Resulting Fitness: 0.372222
-------------
Particle: 15:
Relays Coordinates:
100.735, 109.011
247.285, 143.049
Evaluation Time: 1.40506 seconds
Resulting Fitness: 0.436111
-------------
Particle: 16:
Relays Coordinates:
103.494, 96.7431
245.557, 145.041
Evaluation Time: 1.39175 seconds
Resulting Fitness: 0.425
-------------
Particle: 17:
Relays Coordinates:
94.3752, 104.782
236.12, 156.802
Evaluation Time: 1.46961 seconds
Resulting Fitness: 0.461111
New local best!
-------------
Particle: 18:
Relays Coordinates:
70.6385, 85.7643
218.504, 125.355
Evaluation Time: 1.27945 seconds
Resulting Fitness: 0.388889
-------------
Particle: 19:
Relays Coordinates:
94.3842, 105.633
223.203, 141.436
Evaluation Time: 1.33755 seconds
Resulting Fitness: 0.405556
-------------
Particle: 20:
Relays Coordinates:
98.1672, 97.1491
236.063, 144.543
Evaluation Time: 1.40609 seconds
Resulting Fitness: 0.427778
Current global best fitness: 0.475
Current global best relays: 103.83, 114.438
241.817, 165.313
Particle 1 new velocities: 18.7189, 15.0528
43.9854, 23.143
Particle 2 new velocities: 33.8333, 49.147
92.8568, 55.4973
Particle 3 new velocities: 56.9399, 50.2612
98.6623, 74.5559
Particle 4 new velocities: 72.9597, 58.6454
133.349, 130.574
Particle 5 new velocities: 33.2069, 33.9056
72.3178, 49.3422
Particle 6 new velocities: 23.7038, 22.7686
53.9913, 25.4767
Particle 7 new velocities: 31.8126, 43.7717
101.049, 36.9826
Particle 8 new velocities: 22.2845, 12.1179
51.1501, 50.964
Particle 9 new velocities: 114.114, 222.513
172.706, 203.046
Particle 10 new velocities: 74.6898, 68.7653
176.953, 147.247
Particle 11 new velocities: 47.1509, 45.3261
106.513, 81.0166
Particle 12 new velocities: 42.5117, 39.4832
75.4109, 57.4488
Particle 13 new velocities: 34.8135, 43.0098
83.9161, 55.6715
Particle 14 new velocities: 86.9994, 74.0375
198.097, 106.67
Particle 15 new velocities: 51.4976, 61.5445
124.247, 74.8565
Particle 16 new velocities: 39.29, 31.1838
82.144, 76.4875
Particle 17 new velocities: 26.3453, 13.0684
55.3017, 27.1961
Particle 18 new velocities: 41.2398, 57.8146
132.226, 86.4412
Particle 19 new velocities: 36.6433, 47.9596
89.2108, 54.4877
Particle 20 new velocities: 39.2483, 32.2592
89.6266, 42.2906
-- ITERATION 16 --
-------------
Particle: 1:
Relays Coordinates:
89.4361, 81.5521
225.953, 129.254
Evaluation Time: 1.37671 seconds
Resulting Fitness: 0.375
-------------
Particle: 2:
Relays Coordinates:
92.6145, 106.6
234.343, 148.985
Evaluation Time: 1.41979 seconds
Resulting Fitness: 0.444444
-------------
Particle: 3:
Relays Coordinates:
111.238, 104.659
236.901, 163.412
Evaluation Time: 1.39502 seconds
Resulting Fitness: 0.458333
-------------
Particle: 4:
Relays Coordinates:
91.1703, 91.9241
225.009, 165.426
Evaluation Time: 1.43257 seconds
Resulting Fitness: 0.433333
-------------
Particle: 5:
Relays Coordinates:
96.4323, 107.305
229.029, 146.398
Evaluation Time: 1.33178 seconds
Resulting Fitness: 0.411111
-------------
Particle: 6:
Relays Coordinates:
103.302, 111.138
239.605, 154.54
Evaluation Time: 1.42457 seconds
Resulting Fitness: 0.463889
-------------
Particle: 7:
Relays Coordinates:
107.846, 99.4421
242.553, 139.151
Evaluation Time: 1.36119 seconds
Resulting Fitness: 0.408333
-------------
Particle: 8:
Relays Coordinates:
92.6483, 90.2352
222.281, 147.737
Evaluation Time: 1.35471 seconds
Resulting Fitness: 0.394444
-------------
Particle: 9:
Relays Coordinates:
81.3184, 127.07
116.265, 126.919
Evaluation Time: 1.19258 seconds
Resulting Fitness: 0.241667
-------------
Particle: 10:
Relays Coordinates:
111.127, 92.7293
213.715, 169.519
Evaluation Time: 1.35461 seconds
Resulting Fitness: 0.4
-------------
Particle: 11:
Relays Coordinates:
96.4047, 89.8907
225.198, 153.013
Evaluation Time: 1.4349 seconds
Resulting Fitness: 0.397222
-------------
Particle: 12:
Relays Coordinates:
101.48, 108.081
226.732, 162.605
Evaluation Time: 1.44361 seconds
Resulting Fitness: 0.444444
-------------
Particle: 13:
Relays Coordinates:
102.002, 108.471
236.738, 146.632
Evaluation Time: 1.36798 seconds
Resulting Fitness: 0.425
-------------
Particle: 14:
Relays Coordinates:
108.451, 91.668
251.581, 144.563
Evaluation Time: 1.39787 seconds
Resulting Fitness: 0.430556
-------------
Particle: 15:
Relays Coordinates:
99.8797, 111.902
243.762, 142.968
Evaluation Time: 1.39991 seconds
Resulting Fitness: 0.425
-------------
Particle: 16:
Relays Coordinates:
104.089, 93.2587
238.894, 161.494
Evaluation Time: 1.35725 seconds
Resulting Fitness: 0.45
-------------
Particle: 17:
Relays Coordinates:
97.7837, 95.4584
236.052, 149.038
Evaluation Time: 1.46782 seconds
Resulting Fitness: 0.425
-------------
Particle: 18:
Relays Coordinates:
66.063, 84.7819
207.103, 125.063
Evaluation Time: 1.32386 seconds
Resulting Fitness: 0.35
-------------
Particle: 19:
Relays Coordinates:
95.5191, 111.969
227.749, 142.828
Evaluation Time: 1.34863 seconds
Resulting Fitness: 0.405556
-------------
Particle: 20:
Relays Coordinates:
100.176, 94.3387
237.428, 136.202
Evaluation Time: 1.34092 seconds
Resulting Fitness: 0.397222
Current global best fitness: 0.475
Current global best relays: 103.83, 114.438
241.817, 165.313
Particle 1 new velocities: 46.9328, 32.3938
67.4226, 63.6088
Particle 2 new velocities: 44.2012, 40.2607
93.2093, 79.7406
Particle 3 new velocities: 33.4994, 42.709
78.2938, 59.5145
Particle 4 new velocities: 67.9174, 79.2931
118.562, 99.358
Particle 5 new velocities: 28.8274, 28.9897
93.0025, 54.6798
Particle 6 new velocities: 19.9741, 21.1447
45.5878, 23.3441
Particle 7 new velocities: 23.8905, 49.4007
84.2856, 57.479
Particle 8 new velocities: 48.727, 18.7033
75.4465, 60.2022
Particle 9 new velocities: 167.168, 228.156
46.756, 187.237
Particle 10 new velocities: 65.1244, 78.7882
213.237, 112.279
Particle 11 new velocities: 38.0871, 42.1017
97.8879, 65.4088
Particle 12 new velocities: 28.1808, 39.5944
74.594, 49.8252
Particle 13 new velocities: 35.0663, 42.8773
84.5196, 57.3265
Particle 14 new velocities: 83.129, 41.6925
170.998, 98.5341
Particle 15 new velocities: 61.4923, 38.526
116.544, 90.9516
Particle 16 new velocities: 31.553, 39.6284
71.7047, 56.4009
Particle 17 new velocities: 24.1927, 36.063
50.175, 40.585
Particle 18 new velocities: 140.499, 66.0416
161.576, 91.7185
Particle 19 new velocities: 35.1224, 39.6613
100.807, 53.8201
Particle 20 new velocities: 30.6186, 46.7567
87.2171, 52.2244
-- ITERATION 17 --
-------------
Particle: 1:
Relays Coordinates:
110.459, 92.2962
237.634, 156.219
Evaluation Time: 1.36221 seconds
Resulting Fitness: 0.444444
-------------
Particle: 2:
Relays Coordinates:
99.7386, 107.062
238.785, 166.741
Evaluation Time: 1.40167 seconds
Resulting Fitness: 0.458333
-------------
Particle: 3:
Relays Coordinates:
105.513, 107.431
229.777, 162.514
Evaluation Time: 1.33886 seconds
Resulting Fitness: 0.441667
-------------
Particle: 4:
Relays Coordinates:
104.377, 112.336
225.417, 173.725
Evaluation Time: 1.38497 seconds
Resulting Fitness: 0.422222
-------------
Particle: 5:
Relays Coordinates:
91.3144, 99.3591
234.761, 146.586
Evaluation Time: 1.3944 seconds
Resulting Fitness: 0.433333
-------------
Particle: 6:
Relays Coordinates:
99.8539, 107.149
231.006, 144.086
Evaluation Time: 1.37069 seconds
Resulting Fitness: 0.402778
-------------
Particle: 7:
Relays Coordinates:
96.0362, 108.506
238.265, 143.343
Evaluation Time: 1.34499 seconds
Resulting Fitness: 0.425
-------------
Particle: 8:
Relays Coordinates:
114.514, 88.2402
241.159, 168.431
Evaluation Time: 1.37563 seconds
Resulting Fitness: 0.441667
-------------
Particle: 9:
Relays Coordinates:
106.965, 152.913
70.1752, 135.234
Evaluation Time: 1.1614 seconds
Resulting Fitness: 0.255556
-------------
Particle: 10:
Relays Coordinates:
93.6674, 91.1514
226.899, 149.759
Evaluation Time: 1.38958 seconds
Resulting Fitness: 0.4
-------------
Particle: 11:
Relays Coordinates:
98.0445, 96.2225
235.53, 159.229
Evaluation Time: 1.36439 seconds
Resulting Fitness: 0.461111
-------------
Particle: 12:
Relays Coordinates:
94.5227, 107.655
219.667, 154.862
Evaluation Time: 1.33039 seconds
Resulting Fitness: 0.4
-------------
Particle: 13:
Relays Coordinates:
99.9226, 110.333
234.197, 148.686
Evaluation Time: 1.35561 seconds
Resulting Fitness: 0.433333
-------------
Particle: 14:
Relays Coordinates:
113.126, 78.748
249.529, 143.547
Evaluation Time: 1.39344 seconds
Resulting Fitness: 0.402778
-------------
Particle: 15:
Relays Coordinates:
105.876, 98.6955
236.396, 153.475
Evaluation Time: 1.37347 seconds
Resulting Fitness: 0.447222
-------------
Particle: 16:
Relays Coordinates:
98.8833, 96.8747
226.427, 158.846
Evaluation Time: 1.34346 seconds
Resulting Fitness: 0.436111
-------------
Particle: 17:
Relays Coordinates:
98.8009, 106.532
231.844, 153.595
Evaluation Time: 1.34642 seconds
Resulting Fitness: 0.45
-------------
Particle: 18:
Relays Coordinates:
121.973, 89.0598
217.701, 128.007
Evaluation Time: 1.27437 seconds
Resulting Fitness: 0.361111
-------------
Particle: 19:
Relays Coordinates:
95.2376, 110.538
239.517, 143.357
Evaluation Time: 1.38254 seconds
Resulting Fitness: 0.425
-------------
Particle: 20:
Relays Coordinates:
95.3492, 102.858
236.666, 137.363
Evaluation Time: 1.36421 seconds
Resulting Fitness: 0.402778
Current global best fitness: 0.475
Current global best relays: 103.83, 114.438
241.817, 165.313
Particle 1 new velocities: 28.76, 51.8302
69.7056, 59.4524
Particle 2 new velocities: 37.0244, 37.9426
76.1341, 54.459
Particle 3 new velocities: 25.0375, 29.6143
74.4777, 46.9996
Particle 4 new velocities: 57.8847, 63.1394
104.154, 43.7829
Particle 5 new velocities: 49.8055, 45.2741
87.1215, 66.376
Particle 6 new velocities: 16.4736, 28.8886
56.071, 78.332
Particle 7 new velocities: 30.0617, 42.7133
88.7132, 48.7573
Particle 8 new velocities: 30.7784, 43.1808
64.3399, 20.7865
Particle 9 new velocities: 189.156, 200.031
178.518, 173.313
Particle 10 new velocities: 83.1014, 66.2623
201.825, 110.451
Particle 11 new velocities: 36.1089, 47.2537
84.7677, 53.1328
Particle 12 new velocities: 29.3571, 41.1746
81.7749, 43.8248
Particle 13 new velocities: 38.7976, 35.7862
90.7975, 54.8169
Particle 14 new velocities: 75.9225, 66.4682
140.877, 116.221
Particle 15 new velocities: 49.5375, 49.143
97.0188, 75.8062
Particle 16 new velocities: 35.7353, 68.4137
75.7238, 49.4567
Particle 17 new velocities: 23.4365, 32.0066
46.1862, 42.4988
Particle 18 new velocities: 84.9256, 84.733
150.18, 119.55
Particle 19 new velocities: 32.649, 36.2783
91.6169, 79.9991
Particle 20 new velocities: 36.3193, 47.7019
80.7512, 70.0574
-- ITERATION 18 --
-------------
Particle: 1:
Relays Coordinates:
101.491, 105.068
224.051, 157.224
Evaluation Time: 1.36115 seconds
Resulting Fitness: 0.427778
-------------
Particle: 2:
Relays Coordinates:
99.7003, 105.708
229.576, 161.255
Evaluation Time: 1.42392 seconds
Resulting Fitness: 0.45
-------------
Particle: 3:
Relays Coordinates:
105.746, 111.007
246.446, 169.706
Evaluation Time: 1.45675 seconds
Resulting Fitness: 0.447222
-------------
Particle: 4:
Relays Coordinates:
95.8142, 103.616
194.608, 128.436
Evaluation Time: 1.24353 seconds
Resulting Fitness: 0.358333
-------------
Particle: 5:
Relays Coordinates:
102.876, 105.438
234.652, 155.249
Evaluation Time: 1.43709 seconds
Resulting Fitness: 0.452778
-------------
Particle: 6:
Relays Coordinates:
94.2253, 110.19
232.532, 180.159
Evaluation Time: 1.3954 seconds
Resulting Fitness: 0.441667
-------------
Particle: 7:
Relays Coordinates:
91.9254, 110.239
238.367, 140.041
Evaluation Time: 1.34783 seconds
Resulting Fitness: 0.405556
-------------
Particle: 8:
Relays Coordinates:
105.918, 95.8059
222.709, 137.939
Evaluation Time: 1.3628 seconds
Resulting Fitness: 0.391667
-------------
Particle: 9:
Relays Coordinates:
114.723, 136.738
96.3489, 119.537
Evaluation Time: 1.11382 seconds
Resulting Fitness: 0.233333
-------------
Particle: 10:
Relays Coordinates:
93.9422, 83.6561
227.842, 138.286
Evaluation Time: 1.42602 seconds
Resulting Fitness: 0.394444
-------------
Particle: 11:
Relays Coordinates:
97.7978, 104.594
233.497, 154.812
Evaluation Time: 1.39696 seconds
Resulting Fitness: 0.447222
-------------
Particle: 12:
Relays Coordinates:
90.3084, 108.497
219.751, 144.843
Evaluation Time: 1.33055 seconds
Resulting Fitness: 0.391667
-------------
Particle: 13:
Relays Coordinates:
101.127, 106.521
236.921, 148.354
Evaluation Time: 1.37753 seconds
Resulting Fitness: 0.438889
-------------
Particle: 14:
Relays Coordinates:
111.631, 85.7487
230.531, 153.39
Evaluation Time: 1.36373 seconds
Resulting Fitness: 0.425
-------------
Particle: 15:
Relays Coordinates:
101.967, 96.9969
218.754, 150.431
Evaluation Time: 1.36439 seconds
Resulting Fitness: 0.391667
-------------
Particle: 16:
Relays Coordinates:
88.3233, 108.446
198.241, 136.667
Evaluation Time: 1.30612 seconds
Resulting Fitness: 0.366667
-------------
Particle: 17:
Relays Coordinates:
99.0122, 112.217
225.204, 158.836
Evaluation Time: 1.37512 seconds
Resulting Fitness: 0.433333
-------------
Particle: 18:
Relays Coordinates:
109.954, 92.3606
195.507, 131.562
Evaluation Time: 1.32874 seconds
Resulting Fitness: 0.366667
-------------
Particle: 19:
Relays Coordinates:
83.9064, 96.3264
217.257, 146.544
Evaluation Time: 1.39952 seconds
Resulting Fitness: 0.383333
-------------
Particle: 20:
Relays Coordinates:
95.9863, 109.759
231.397, 151.209
Evaluation Time: 1.36516 seconds
Resulting Fitness: 0.444444
Current global best fitness: 0.475
Current global best relays: 103.83, 114.438
241.817, 165.313
Particle 1 new velocities: 26.7158, 39.7705
112.61, 46.3341
Particle 2 new velocities: 33.2438, 34.3912
79.0599, 48.4548
Particle 3 new velocities: 17.5317, 13.8686
54.2895, 15.6284
Particle 4 new velocities: 59.0682, 56.1082
134.09, 80.1537
Particle 5 new velocities: 40.8753, 41.6517
76.0833, 63.0724
Particle 6 new velocities: 33.4647, 25.6402
59.736, 48.5223
Particle 7 new velocities: 54.1428, 32.0706
82.5199, 65.4304
Particle 8 new velocities: 22.1233, 44.2586
70.2623, 42.6293
Particle 9 new velocities: 154.491, 174.994
203.506, 196.837
Particle 10 new velocities: 115.434, 98.055
192.834, 155.684
Particle 11 new velocities: 31.672, 31.5612
73.949, 43.6795
Particle 12 new velocities: 41.258, 40.7235
94.8531, 69.2752
Particle 13 new velocities: 38.0127, 36.7676
82.3517, 60.1669
Particle 14 new velocities: 70.5251, 64.3179
121.408, 100.656
Particle 15 new velocities: 53.7679, 68.565
84.2107, 71.5134
Particle 16 new velocities: 52.4575, 60.801
180.033, 82.3026
Particle 17 new velocities: 13.9233, 14.6472
59.8235, 36.4952
Particle 18 new velocities: 63.7332, 94.1772
213.168, 139.465
Particle 19 new velocities: 74.4797, 66.7646
127.769, 84.9598
Particle 20 new velocities: 34.453, 34.8638
67.3058, 63.8605
-- ITERATION 19 --
-------------
Particle: 1:
Relays Coordinates:
84.1162, 95.0286
220.883, 133.555
Evaluation Time: 1.46144 seconds
Resulting Fitness: 0.380556
-------------
Particle: 2:
Relays Coordinates:
96.9162, 102.132
224.996, 152.878
Evaluation Time: 1.42204 seconds
Resulting Fitness: 0.419444
-------------
Particle: 3:
Relays Coordinates:
99.8552, 101.149
243.596, 150.121
Evaluation Time: 1.47444 seconds
Resulting Fitness: 0.452778
-------------
Particle: 4:
Relays Coordinates:
101.618, 104.795
215.659, 136.856
Evaluation Time: 1.38111 seconds
Resulting Fitness: 0.369444
-------------
Particle: 5:
Relays Coordinates:
104.795, 107.228
226.526, 159.156
Evaluation Time: 1.43745 seconds
Resulting Fitness: 0.425
-------------
Particle: 6:
Relays Coordinates:
103.429, 110.023
236.737, 185.232
Evaluation Time: 1.48531 seconds
Resulting Fitness: 0.419444
-------------
Particle: 7:
Relays Coordinates:
106.484, 103.744
233.927, 149.789
Evaluation Time: 1.44605 seconds
Resulting Fitness: 0.433333
New local best!
-------------
Particle: 8:
Relays Coordinates:
103.714, 113.452
237.307, 146.261
Evaluation Time: 1.35031 seconds
Resulting Fitness: 0.405556
-------------
Particle: 9:
Relays Coordinates:
93.8694, 108.694
104.553, 110.313
Evaluation Time: 1.05431 seconds
Resulting Fitness: 0.2
-------------
Particle: 10:
Relays Coordinates:
111.271, 96.5687
223.564, 156.228
Evaluation Time: 1.37388 seconds
Resulting Fitness: 0.413889
-------------
Particle: 11:
Relays Coordinates:
104.871, 110.286
249.031, 160.778
Evaluation Time: 1.44461 seconds
Resulting Fitness: 0.475
New local best!
-------------
Particle: 12:
Relays Coordinates:
95.9119, 108.782
229.346, 156.092
Evaluation Time: 1.41994 seconds
Resulting Fitness: 0.45
-------------
Particle: 13:
Relays Coordinates:
101.433, 104.457
232.75, 152.011
Evaluation Time: 1.35327 seconds
Resulting Fitness: 0.441667
-------------
Particle: 14:
Relays Coordinates:
119.513, 98.4587
230.907, 166.68
Evaluation Time: 1.36849 seconds
Resulting Fitness: 0.430556
-------------
Particle: 15:
Relays Coordinates:
102.178, 108.625
198.775, 145.618
Evaluation Time: 1.37645 seconds
Resulting Fitness: 0.366667
-------------
Particle: 16:
Relays Coordinates:
83.1297, 99.9385
223.367, 129.299
Evaluation Time: 1.41599 seconds
Resulting Fitness: 0.397222
-------------
Particle: 17:
Relays Coordinates:
91.4778, 102.76
230.872, 158.218
Evaluation Time: 1.43887 seconds
Resulting Fitness: 0.455556
-------------
Particle: 18:
Relays Coordinates:
102.561, 110.149
241.319, 160.039
Evaluation Time: 1.40424 seconds
Resulting Fitness: 0.472222
New local best!
-------------
Particle: 19:
Relays Coordinates:
103.917, 107.004
226.372, 151.889
Evaluation Time: 1.44339 seconds
Resulting Fitness: 0.430556
-------------
Particle: 20:
Relays Coordinates:
95.0903, 105.43
217.755, 156.786
Evaluation Time: 1.37591 seconds
Resulting Fitness: 0.394444
Current global best fitness: 0.475
Current global best relays: 103.83, 114.438
241.817, 165.313
Particle 1 new velocities: 29.9622, 44.5189
134.18, 79.7982
Particle 2 new velocities: 40.1204, 41.3303
107.474, 44.8041
Particle 3 new velocities: 24.9136, 18.9626
31.6154, 24.1736
Particle 4 new velocities: 57.5024, 43.2886
156.274, 105.734
Particle 5 new velocities: 27.9576, 42.6872
104.589, 58.2844
Particle 6 new velocities: 26.9935, 24.467
58.0519, 19.5463
Particle 7 new velocities: 41.9887, 39.0287
69.6994, 67.2267
Particle 8 new velocities: 19.8444, 25.103
58.3758, 61.7012
Particle 9 new velocities: 177.056, 195.506
61.1376, 194.382
Particle 10 new velocities: 92.1346, 74.2164
185.365, 145.377
Particle 11 new velocities: 24.0955, 30.5454
57.2957, 36.5746
Particle 12 new velocities: 36.0714, 35.7881
90.0113, 66.7858
Particle 13 new velocities: 38.4871, 37.1879
91.0335, 55.7682
Particle 14 new velocities: 50.0606, 46.2971
137.013, 54.8938
Particle 15 new velocities: 55.4378, 49.6251
159.233, 73.8103
Particle 16 new velocities: 70.127, 52.4202
207.608, 84.3151
Particle 17 new velocities: 18.0059, 25.8243
63.7558, 33.3596
Particle 18 new velocities: 51.6147, 75.6259
170.739, 113.263
Particle 19 new velocities: 55.9135, 62.3923
119.948, 80.7248
Particle 20 new velocities: 32.1798, 31.2848
115.028, 55.7988
-- ITERATION 20 --
-------------
Particle: 1:
Relays Coordinates:
67.3621, 82.4014
209.661, 125.983
Evaluation Time: 1.35467 seconds
Resulting Fitness: 0.35
-------------
Particle: 2:
Relays Coordinates:
99.8997, 104.584
242.37, 144.11
Evaluation Time: 1.46601 seconds
Resulting Fitness: 0.433333
-------------
Particle: 3:
Relays Coordinates:
101.063, 97.2906
222.921, 141.178
Evaluation Time: 1.32741 seconds
Resulting Fitness: 0.380556
-------------
Particle: 4:
Relays Coordinates:
104.399, 97.1578
244.025, 159.163
Evaluation Time: 1.48095 seconds
Resulting Fitness: 0.475
New local best!
-------------
Particle: 5:
Relays Coordinates:
96.7766, 109.288
241.383, 158.514
Evaluation Time: 1.43751 seconds
Resulting Fitness: 0.469444
New local best!
-------------
Particle: 6:
Relays Coordinates:
105.642, 108.937
238.779, 165.87
Evaluation Time: 1.42101 seconds
Resulting Fitness: 0.452778
-------------
Particle: 7:
Relays Coordinates:
108.236, 104.081
221.343, 158.204
Evaluation Time: 1.37913 seconds
Resulting Fitness: 0.408333
-------------
Particle: 8:
Relays Coordinates:
100.082, 112.23
239.503, 168.449
Evaluation Time: 1.37942 seconds
Resulting Fitness: 0.463889
-------------
Particle: 9:
Relays Coordinates:
116.625, 130.948
71.3243, 131.161
Evaluation Time: 1.12961 seconds
Resulting Fitness: 0.244444
-------------
Particle: 10:
Relays Coordinates:
108.098, 90.7622
217.322, 160.285
Evaluation Time: 1.43969 seconds
Resulting Fitness: 0.394444
-------------
Particle: 11:
Relays Coordinates:
104.462, 114.073
248.125, 159.856
Evaluation Time: 1.47128 seconds
Resulting Fitness: 0.433333
-------------
Particle: 12:
Relays Coordinates:
96.2158, 105.391
232.812, 162.478
Evaluation Time: 1.3584 seconds
Resulting Fitness: 0.461111
-------------
Particle: 13:
Relays Coordinates:
102.002, 103.259
236.038, 151.471
Evaluation Time: 1.43805 seconds
Resulting Fitness: 0.458333
New local best!
-------------
Particle: 14:
Relays Coordinates:
111.257, 94.9743
241.392, 145.375
Evaluation Time: 1.45017 seconds
Resulting Fitness: 0.413889
-------------
Particle: 15:
Relays Coordinates:
103.411, 103.828
234.889, 143.967
Evaluation Time: 1.35665 seconds
Resulting Fitness: 0.419444
-------------
Particle: 16:
Relays Coordinates:
81.4469, 80.9697
229.038, 113.524
Evaluation Time: 1.28689 seconds
Resulting Fitness: 0.377778
-------------
Particle: 17:
Relays Coordinates:
79.8136, 93.7377
214.784, 139.66
Evaluation Time: 1.33534 seconds
Resulting Fitness: 0.380556
-------------
Particle: 18:
Relays Coordinates:
81.9352, 98.7282
218.984, 145.244
Evaluation Time: 1.3271 seconds
Resulting Fitness: 0.388889
-------------
Particle: 19:
Relays Coordinates:
104.865, 111.141
227.22, 152.618
Evaluation Time: 1.4105 seconds
Resulting Fitness: 0.425
-------------
Particle: 20:
Relays Coordinates:
83.5019, 89.6984
218.338, 139.477
Evaluation Time: 1.34887 seconds
Resulting Fitness: 0.375
Final Evaluation Time: 561.007 seconds
Final global best fitness: 0.475
Final global best relays:
103.83, 114.438
241.817, 165.313
