PSO EXECUTION
============================
Seed: 1555680
Particles: 20
Relays: 2
Iterations: 20
Backend: Simulation
Network Configuration: 4
Area: 500 x 500
Sink: 0, 0
Simulated Relay range: 120
w: 0.8
c1: 1.7
c2: 1.3

Relay Nodes Positions: 
PARTICLE 1: 
92.7765, 46.9151
141.84, 11.9944
PARTICLE 2: 
31.3742, 118.846
17.5597, 14.0362
PARTICLE 3: 
16.7837, 37.3963
58.5001, 3.33834
PARTICLE 4: 
101.719, 29.1837
137.028, 15.6948
PARTICLE 5: 
79.7266, 65.3194
64.6522, 150.586
PARTICLE 6: 
19.3994, 74.5271
49.3795, 144.483
PARTICLE 7: 
199.484, 8.97831
114.824, 4.57247
PARTICLE 8: 
38.981, 65.4596
63.3965, 17.0008
PARTICLE 9: 
70.2813, 216.845
6.34889, 119.784
PARTICLE 10: 
28.7336, 167.362
37.1482, 79.2393
PARTICLE 11: 
72.1542, 87.2988
158.828, 41.5198
PARTICLE 12: 
24.6875, 73.2224
124.367, 37.7819
PARTICLE 13: 
32.3234, 45.1357
64.0841, 111.72
PARTICLE 14: 
118.456, 86.8312
13.8535, 36.7391
PARTICLE 15: 
75.1937, 53.5696
115.832, 33.6114
PARTICLE 16: 
30.2579, 174.754
77.6575, 69.4099
PARTICLE 17: 
51.1193, 73.6387
29.857, 88.2836
PARTICLE 18: 
75.8978, 162.174
80.7747, 76.0298
PARTICLE 19: 
68.3152, 85.8958
171.352, 63.3477
PARTICLE 20: 
152.565, 102.38
72.4035, 56.2329
Nodes Positions: 
430.696, 206.172
35.4191, 421.2
195.689, 482.69
298.786, 181.221
380.062, 28.6931
391.336, 254.398
107.968, 455.037
401.846, 17.0577
315.636, 219.54
228.485, 214.808
30.2897, 12.943
333.897, 169.687
117.824, 322.98
3.41665, 289.122
368.412, 142.002
185.578, 342.691
415.934, 194.657
177.374, 487.048
163.837, 404.41
20.3612, 301.448
116.623, 117.653
42.218, 393.27
13.8867, 75.5106
138.689, 328.06
79.769, 375.91
449.142, 233.249
483.834, 352.016
218.11, 239.153
348.761, 141.039
306.731, 468.46
327.036, 415.629
362.247, 152.457
240.061, 88.5246
324.087, 163.455
169.855, 428.65
85.3554, 463.329
56.5288, 364.471
283.182, 68.575
480.485, 444.65
468.412, 110.537
127.373, 294.826
435.128, 7.40817
74.0242, 283.116
204.136, 187.199
394.109, 57.4577
147.528, 268.135
419.742, 95.4679
252.571, 258.777
212.146, 66.3246
357.792, 313.087
457.476, 39.7418
93.7587, 107.143
274.387, 384.089
461.993, 367.883
266.131, 434.062
243.567, 128.22
286.868, 48.5324
65.6997, 339.105
151.367, 244.98
495.526, 498.559
All particles start with velocity zero
-- ITERATION 0 --
-------------
Particle: 1:
Relays Coordinates:
92.7765, 46.9151
141.84, 11.9944
Evaluation Time: 0.960958 seconds
Resulting Fitness: 0.1
New local best!
New global best!
-------------
Particle: 2:
Relays Coordinates:
31.3742, 118.846
17.5597, 14.0362
Evaluation Time: 0.969846 seconds
Resulting Fitness: 0.0666667
New local best!
-------------
Particle: 3:
Relays Coordinates:
16.7837, 37.3963
58.5001, 3.33834
Evaluation Time: 0.920259 seconds
Resulting Fitness: 0.0666667
New local best!
-------------
Particle: 4:
Relays Coordinates:
101.719, 29.1837
137.028, 15.6948
Evaluation Time: 0.971779 seconds
Resulting Fitness: 0.1
New local best!
-------------
Particle: 5:
Relays Coordinates:
79.7266, 65.3194
64.6522, 150.586
Evaluation Time: 1.02385 seconds
Resulting Fitness: 0.15
New local best!
New global best!
-------------
Particle: 6:
Relays Coordinates:
19.3994, 74.5271
49.3795, 144.483
Evaluation Time: 0.976257 seconds
Resulting Fitness: 0.1
New local best!
-------------
Particle: 7:
Relays Coordinates:
199.484, 8.97831
114.824, 4.57247
Evaluation Time: 1.03671 seconds
Resulting Fitness: 0.15
New local best!
-------------
Particle: 8:
Relays Coordinates:
38.981, 65.4596
63.3965, 17.0008
Evaluation Time: 0.907154 seconds
Resulting Fitness: 0.0666667
New local best!
-------------
Particle: 9:
Relays Coordinates:
70.2813, 216.845
6.34889, 119.784
Evaluation Time: 1.11161 seconds
Resulting Fitness: 0.230556
New local best!
New global best!
-------------
Particle: 10:
Relays Coordinates:
28.7336, 167.362
37.1482, 79.2393
Evaluation Time: 0.95903 seconds
Resulting Fitness: 0.116667
New local best!
-------------
Particle: 11:
Relays Coordinates:
72.1542, 87.2988
158.828, 41.5198
Evaluation Time: 0.97769 seconds
Resulting Fitness: 0.15
New local best!
-------------
Particle: 12:
Relays Coordinates:
24.6875, 73.2224
124.367, 37.7819
Evaluation Time: 0.938286 seconds
Resulting Fitness: 0.1
New local best!
-------------
Particle: 13:
Relays Coordinates:
32.3234, 45.1357
64.0841, 111.72
Evaluation Time: 0.941923 seconds
Resulting Fitness: 0.0666667
New local best!
-------------
Particle: 14:
Relays Coordinates:
118.456, 86.8312
13.8535, 36.7391
Evaluation Time: 0.981546 seconds
Resulting Fitness: 0.133333
New local best!
-------------
Particle: 15:
Relays Coordinates:
75.1937, 53.5696
115.832, 33.6114
Evaluation Time: 0.976593 seconds
Resulting Fitness: 0.1
New local best!
-------------
Particle: 16:
Relays Coordinates:
30.2579, 174.754
77.6575, 69.4099
Evaluation Time: 0.993644 seconds
Resulting Fitness: 0.15
New local best!
-------------
Particle: 17:
Relays Coordinates:
51.1193, 73.6387
29.857, 88.2836
Evaluation Time: 0.933266 seconds
Resulting Fitness: 0.0666667
New local best!
-------------
Particle: 18:
Relays Coordinates:
75.8978, 162.174
80.7747, 76.0298
Evaluation Time: 1.06706 seconds
Resulting Fitness: 0.163889
New local best!
-------------
Particle: 19:
Relays Coordinates:
68.3152, 85.8958
171.352, 63.3477
Evaluation Time: 1.00091 seconds
Resulting Fitness: 0.166667
New local best!
-------------
Particle: 20:
Relays Coordinates:
152.565, 102.38
72.4035, 56.2329
Evaluation Time: 1.06201 seconds
Resulting Fitness: 0.2
New local best!
Current global best fitness: 0.230556
Current global best relays: 70.2813, 216.845
6.34889, 119.784
Particle 1 new velocities: -17.2823, 120.711
-85.6567, 22.4985
Particle 2 new velocities: 37.5998, 84.1438
-8.15608, 34.1024
Particle 3 new velocities: 9.84579, 166.598
-9.17126, 139.801
Particle 4 new velocities: -21.4048, 93.2378
-94.5629, 54.6282
Particle 5 new velocities: -8.45597, 166.254
-68.5866, -26.7526
Particle 6 new velocities: 0.35404, 110.452
-14.7194, -29.2933
Particle 7 new velocities: -60.4384, 31.3663
-29.6075, 30.8047
Particle 8 new velocities: 3.59829, 15.5457
-25.217, 76.491
Particle 9 new velocities: 0, 0
0, 0
Particle 10 new velocities: 32.6863, 59.2078
-36.1588, 51.3148
Particle 11 new velocities: -2.28704, 128.372
-11.5831, 17.2681
Particle 12 new velocities: 25.0116, 79.086
-107.721, 34.737
Particle 13 new velocities: 4.17887, 171.081
-38.1114, 5.31003
Particle 14 new velocities: -30.9926, 147.043
-4.21419, 10.9269
Particle 15 new velocities: -5.40556, 5.82548
-90.1937, 82.5646
Particle 16 new velocities: 41.9304, 4.94243
-51.9296, 1.50962
Particle 17 new velocities: 12.0663, 182.519
-16.5751, 13.1381
Particle 18 new velocities: -6.40542, 70.725
-4.15073, 20.5662
Particle 19 new velocities: 1.00204, 150.146
-23.6883, 6.05193
Particle 20 new velocities: -105.123, 78.7611
-65.3803, 43.4892
-- ITERATION 1 --
-------------
Particle: 1:
Relays Coordinates:
61.1503, 135.777
45.5087, 27.9392
Evaluation Time: 0.923847 seconds
Resulting Fitness: 0.0833333
-------------
Particle: 2:
Relays Coordinates:
45.2538, 133.181
6.16973, 31.5837
Evaluation Time: 0.904298 seconds
Resulting Fitness: 0.0666667
-------------
Particle: 3:
Relays Coordinates:
19.4129, 148.712
35.9607, 104.348
Evaluation Time: 0.963398 seconds
Resulting Fitness: 0.0833333
New local best!
-------------
Particle: 4:
Relays Coordinates:
80.3139, 122.422
42.465, 70.323
Evaluation Time: 0.965681 seconds
Resulting Fitness: 0.116667
New local best!
-------------
Particle: 5:
Relays Coordinates:
64.1435, 208.417
0, 111.451
Evaluation Time: 1.09776 seconds
Resulting Fitness: 0.233333
New local best!
New global best!
-------------
Particle: 6:
Relays Coordinates:
17.7781, 166.481
31.1941, 103.671
Evaluation Time: 0.951336 seconds
Resulting Fitness: 0.116667
New local best!
-------------
Particle: 7:
Relays Coordinates:
139.046, 40.3446
85.2161, 35.3772
Evaluation Time: 0.963687 seconds
Resulting Fitness: 0.116667
-------------
Particle: 8:
Relays Coordinates:
42.5793, 81.0053
38.1796, 93.4918
Evaluation Time: 0.929785 seconds
Resulting Fitness: 0.0666667
-------------
Particle: 9:
Relays Coordinates:
70.2813, 216.845
6.34889, 119.784
Evaluation Time: 1.105 seconds
Resulting Fitness: 0.230556
-------------
Particle: 10:
Relays Coordinates:
55.2779, 203.913
0.890472, 117.499
Evaluation Time: 1.04921 seconds
Resulting Fitness: 0.2
New local best!
-------------
Particle: 11:
Relays Coordinates:
45.8398, 141.501
96.6074, 38.5707
Evaluation Time: 0.951897 seconds
Resulting Fitness: 0.1
-------------
Particle: 12:
Relays Coordinates:
49.6991, 152.308
16.646, 72.5189
Evaluation Time: 0.973939 seconds
Resulting Fitness: 0.116667
New local best!
-------------
Particle: 13:
Relays Coordinates:
36.5023, 216.216
25.9726, 117.03
Evaluation Time: 1.0768 seconds
Resulting Fitness: 0.197222
New local best!
-------------
Particle: 14:
Relays Coordinates:
51.6462, 138.101
5.69194, 28.1463
Evaluation Time: 0.92313 seconds
Resulting Fitness: 0.0666667
-------------
Particle: 15:
Relays Coordinates:
69.7881, 59.3951
25.6385, 116.176
Evaluation Time: 0.953848 seconds
Resulting Fitness: 0.0833333
-------------
Particle: 16:
Relays Coordinates:
72.1883, 179.696
25.7279, 70.9195
Evaluation Time: 1.05446 seconds
Resulting Fitness: 0.183333
New local best!
-------------
Particle: 17:
Relays Coordinates:
46.0623, 186.739
9.68256, 73.9364
Evaluation Time: 1.0517 seconds
Resulting Fitness: 0.166667
New local best!
-------------
Particle: 18:
Relays Coordinates:
56.2888, 188.648
62.0654, 78.2427
Evaluation Time: 1.00183 seconds
Resulting Fitness: 0.166667
New local best!
-------------
Particle: 19:
Relays Coordinates:
40.9312, 139.38
87.1941, 40.9798
Evaluation Time: 0.910681 seconds
Resulting Fitness: 0.0833333
-------------
Particle: 20:
Relays Coordinates:
47.4415, 181.141
7.02315, 99.7221
Evaluation Time: 1.01404 seconds
Resulting Fitness: 0.166667
Current global best fitness: 0.233333
Current global best relays: 64.1435, 208.417
0, 111.451
Particle 1 new velocities: 39.201, 61.8022
12.0409, 73.294
Particle 2 new velocities: 34.126, 75.3232
-9.68964, 124.07
Particle 3 new velocities: 9.91872, 142.974
-42.7365, 115.31
Particle 4 new velocities: -30.2751, 116.933
-88.515, 81.2938
Particle 5 new velocities: -6.76478, 133.004
0, -21.4021
Particle 6 new velocities: 51.9675, 91.4601
-50.2064, -14.0993
Particle 7 new velocities: -51.2169, 130.861
-42.7812, -11.4953
Particle 8 new velocities: 22.2324, 145.824
-5.87138, -23.9696
Particle 9 new velocities: -0.388042, -6.55664
-7.39887, -7.81603
Particle 10 new velocities: 31.4367, 53.1302
-29.9808, 37.6628
Particle 11 new velocities: 22.6974, 148.448
8.5086, 109.967
Particle 12 new velocities: 38.3748, 81.3704
-86.6513, 60.589
Particle 13 new velocities: 37.8004, 127.676
-62.2437, 2.42441
Particle 14 new velocities: 72.267, 145.116
-0.0125883, 13.6912
Particle 15 new velocities: -5.59208, 60.1086
58.9383, -40.4877
Particle 16 new velocities: 23.9164, 13.3765
-62.5005, 17.94
Particle 17 new velocities: 9.67906, 169.746
-17.2707, 39.099
Particle 18 new velocities: 2.90207, 56.994
-29.637, 35.537
Particle 19 new velocities: 61.9183, 140.616
-6.19424, 79.5551
Particle 20 new velocities: -44.9659, 28.0659
-4.67279, -6.59808
-- ITERATION 2 --
-------------
Particle: 1:
Relays Coordinates:
100.351, 197.579
57.5496, 101.233
Evaluation Time: 1.12094 seconds
Resulting Fitness: 0.25
New local best!
New global best!
-------------
Particle: 2:
Relays Coordinates:
57.8679, 152
0, 113.471
Evaluation Time: 0.94236 seconds
Resulting Fitness: 0.1
New local best!
-------------
Particle: 3:
Relays Coordinates:
15.588, 155.013
0, 116.735
Evaluation Time: 0.967101 seconds
Resulting Fitness: 0.1
New local best!
-------------
Particle: 4:
Relays Coordinates:
36.4783, 174.489
0, 110.529
Evaluation Time: 0.982364 seconds
Resulting Fitness: 0.133333
New local best!
-------------
Particle: 5:
Relays Coordinates:
24.6997, 146.97
0, 38.7629
Evaluation Time: 0.939506 seconds
Resulting Fitness: 0.0833333
-------------
Particle: 6:
Relays Coordinates:
45.7601, 169.235
0, 58.7678
Evaluation Time: 1.01264 seconds
Resulting Fitness: 0.147222
New local best!
-------------
Particle: 7:
Relays Coordinates:
64.0272, 124.809
30.935, 17.4098
Evaluation Time: 0.901652 seconds
Resulting Fitness: 0.0666667
-------------
Particle: 8:
Relays Coordinates:
47.2477, 165.359
23.5527, 50.6817
Evaluation Time: 1.02189 seconds
Resulting Fitness: 0.15
New local best!
-------------
Particle: 9:
Relays Coordinates:
62.9039, 189.26
0, 100.772
Evaluation Time: 1.07007 seconds
Resulting Fitness: 0.2
-------------
Particle: 10:
Relays Coordinates:
63.215, 187.385
0, 113.113
Evaluation Time: 1.04438 seconds
Resulting Fitness: 0.183333
-------------
Particle: 11:
Relays Coordinates:
44.9673, 190.235
68.9666, 97.4553
Evaluation Time: 1.02124 seconds
Resulting Fitness: 0.163889
New local best!
-------------
Particle: 12:
Relays Coordinates:
71.3399, 189.28
0, 107.817
Evaluation Time: 1.06627 seconds
Resulting Fitness: 0.2
New local best!
-------------
Particle: 13:
Relays Coordinates:
35.5388, 164.483
0, 57.1346
Evaluation Time: 0.994708 seconds
Resulting Fitness: 0.133333
-------------
Particle: 14:
Relays Coordinates:
53.3406, 121.916
2.44477, 18.0097
Evaluation Time: 0.91323 seconds
Resulting Fitness: 0.0666667
-------------
Particle: 15:
Relays Coordinates:
64.1961, 119.504
84.5768, 75.6882
Evaluation Time: 0.92408 seconds
Resulting Fitness: 0.0833333
-------------
Particle: 16:
Relays Coordinates:
77.8449, 156.389
0, 71.9762
Evaluation Time: 0.985918 seconds
Resulting Fitness: 0.130556
-------------
Particle: 17:
Relays Coordinates:
26.6609, 170.506
0, 54.0645
Evaluation Time: 0.960684 seconds
Resulting Fitness: 0.116667
-------------
Particle: 18:
Relays Coordinates:
47.9446, 198.97
26.267, 92.1616
Evaluation Time: 1.05454 seconds
Resulting Fitness: 0.2
New local best!
-------------
Particle: 19:
Relays Coordinates:
74.9773, 204.117
59.0489, 87.8699
Evaluation Time: 1.10598 seconds
Resulting Fitness: 0.233333
New local best!
-------------
Particle: 20:
Relays Coordinates:
2.47564, 209.207
2.35036, 93.124
Evaluation Time: 0.989736 seconds
Resulting Fitness: 0.133333
Current global best fitness: 0.25
Current global best relays: 100.351, 197.579
57.5496, 101.233
Particle 1 new velocities: 31.3608, 49.4418
9.63273, 58.6352
Particle 2 new velocities: 63.1342, 61.8589
65.2503, 91.2443
Particle 3 new velocities: 38.6243, 167.282
34.905, 80.1991
Particle 4 new velocities: -8.84513, 106.926
46.3963, 55.2706
Particle 5 new velocities: 23.8844, 207.149
48.696, 65.3456
Particle 6 new velocities: 105.235, 85.9914
63.3871, 33.6367
Particle 7 new velocities: 120.317, 45.8228
-24.1001, 77.0396
Particle 8 new velocities: 53.6295, 144.103
17.251, -12.8073
Particle 9 new velocities: 42.1863, 31.14
29.2718, 25.3375
Particle 10 new velocities: 56.4403, 52.7299
13.3518, 30.4108
Particle 11 new velocities: 55.9733, 119.225
3.65393, 91.9622
Particle 12 new velocities: 59.5321, 67.4022
37.2142, 48.2881
Particle 13 new velocities: 48.2136, 179.753
33.6418, 72.4849
Particle 14 new velocities: 136.79, 113.33
35.684, 116.357
Particle 15 new velocities: 41.1088, -29.1323
31.6573, -68.7556
Particle 16 new velocities: 25.31, 65.4853
75.2462, 29.9037
Particle 17 new velocities: 94.5207, 145.104
44.5612, 75.7185
Particle 18 new velocities: 37.3536, 44.2029
14.9818, 28.4902
Particle 19 new velocities: 74.2329, 106.792
-6.28901, 77.431
Particle 20 new velocities: 183.145, 13.8184
63.0027, -49.7215
-- ITERATION 3 --
-------------
Particle: 1:
Relays Coordinates:
86.4163, 162.071
44.0783, 104.89
Evaluation Time: 1.00843 seconds
Resulting Fitness: 0.147222
-------------
Particle: 2:
Relays Coordinates:
64.3055, 113.653
34.6767, 108.794
Evaluation Time: 0.909986 seconds
Resulting Fitness: 0.0666667
-------------
Particle: 3:
Relays Coordinates:
32.0118, 190.312
20.611, 116.288
Evaluation Time: 1.0362 seconds
Resulting Fitness: 0.166667
New local best!
-------------
Particle: 4:
Relays Coordinates:
18.1301, 184.637
30.4406, 108.781
Evaluation Time: 0.963833 seconds
Resulting Fitness: 0.116667
-------------
Particle: 5:
Relays Coordinates:
23.2376, 169.374
23.2911, 49.7948
Evaluation Time: 0.95604 seconds
Resulting Fitness: 0.116667
-------------
Particle: 6:
Relays Coordinates:
89.1612, 150.709
37.4295, 54.564
Evaluation Time: 0.999809 seconds
Resulting Fitness: 0.133333
-------------
Particle: 7:
Relays Coordinates:
108.853, 100.756
4.03593, 55.7715
Evaluation Time: 0.996293 seconds
Resulting Fitness: 0.133333
-------------
Particle: 8:
Relays Coordinates:
43.4243, 133.213
17.5646, 16.3037
Evaluation Time: 0.923213 seconds
Resulting Fitness: 0.0666667
-------------
Particle: 9:
Relays Coordinates:
94.5812, 198.36
26.3447, 113.498
Evaluation Time: 1.23968 seconds
Resulting Fitness: 0.266667
New local best!
New global best!
-------------
Particle: 10:
Relays Coordinates:
96.9208, 194.493
10.815, 116.254
Evaluation Time: 1.12333 seconds
Resulting Fitness: 0.25
New local best!
-------------
Particle: 11:
Relays Coordinates:
59.6044, 182.733
42.8817, 111.849
Evaluation Time: 1.11186 seconds
Resulting Fitness: 0.183333
New local best!
-------------
Particle: 12:
Relays Coordinates:
95.4057, 187.121
27.1292, 113.801
Evaluation Time: 1.14271 seconds
Resulting Fitness: 0.233333
New local best!
-------------
Particle: 13:
Relays Coordinates:
44.5094, 182.941
17.8786, 68.8851
Evaluation Time: 1.02847 seconds
Resulting Fitness: 0.166667
-------------
Particle: 14:
Relays Coordinates:
124.744, 154.345
25.0163, 88.158
Evaluation Time: 1.10518 seconds
Resulting Fitness: 0.230556
New local best!
-------------
Particle: 15:
Relays Coordinates:
105.305, 90.3715
116.234, 6.93263
Evaluation Time: 1.01147 seconds
Resulting Fitness: 0.133333
New local best!
-------------
Particle: 16:
Relays Coordinates:
92.8394, 199.687
67.7216, 91.692
Evaluation Time: 1.14685 seconds
Resulting Fitness: 0.266667
New local best!
-------------
Particle: 17:
Relays Coordinates:
71.5565, 186.364
26.3129, 76.6355
Evaluation Time: 1.05943 seconds
Resulting Fitness: 0.2
New local best!
-------------
Particle: 18:
Relays Coordinates:
76.7684, 218.856
37.1239, 108.587
Evaluation Time: 1.14622 seconds
Resulting Fitness: 0.25
New local best!
-------------
Particle: 19:
Relays Coordinates:
97.8968, 203.987
34.6158, 108.454
Evaluation Time: 1.15484 seconds
Resulting Fitness: 0.266667
New local best!
-------------
Particle: 20:
Relays Coordinates:
98.6462, 118.525
34.7313, 23.0659
Evaluation Time: 1.01846 seconds
Resulting Fitness: 0.133333
Current global best fitness: 0.266667
Current global best relays: 94.5812, 198.36
26.3447, 113.498
Particle 1 new velocities: 49.3471, 133.813
13.3063, 46.6756
Particle 2 new velocities: 63.8603, 208.01
46.3998, 78.6121
Particle 3 new velocities: 84.7588, 144.038
30.2416, 62.1362
Particle 4 new velocities: 67.1222, 77.1313
27.7644, 47.8816
Particle 5 new velocities: 123.829, 222.725
29.9725, 143.283
Particle 6 new velocities: 63.2916, 121.937
10.4222, 87.0587
Particle 7 new velocities: 137.458, 5.25122
92.357, 68.3879
Particle 8 new velocities: 79.8739, 143.771
20.8085, 7.72235
Particle 9 new velocities: 33.7491, 24.912
23.4175, 20.27
Particle 10 new velocities: 42.6123, 45.3374
14.9084, 21.2864
Particle 11 new velocities: 82.47, 113.06
-9.40199, 74.4474
Particle 12 new velocities: 47.0263, 68.1394
29.3147, 38.5476
Particle 13 new velocities: 70.0736, 180.803
43.3677, 145.826
Particle 14 new velocities: 101.783, 138.922
28.5629, 114.794
Particle 15 new velocities: 29.8116, 94.562
-88.2564, 55.0222
Particle 16 new velocities: 21.8227, 51.958
13.0054, 42.2767
Particle 17 new velocities: 104.121, 120.779
35.6731, 102.891
Particle 18 new velocities: 39.0668, 22.5083
0.302695, 27.1729
Particle 19 new velocities: 58.9749, 80.9599
-15.1877, 63.5159
Particle 20 new velocities: 206.625, 97.6661
100.711, 21.8847
-- ITERATION 4 --
-------------
Particle: 1:
Relays Coordinates:
98.9715, 215.699
41.8334, 110.491
Evaluation Time: 1.23063 seconds
Resulting Fitness: 0.261111
New local best!
-------------
Particle: 2:
Relays Coordinates:
68.1126, 170.945
43.0874, 99.5954
Evaluation Time: 1.06811 seconds
Resulting Fitness: 0.183333
New local best!
-------------
Particle: 3:
Relays Coordinates:
68.9519, 197.43
30.028, 105.358
Evaluation Time: 1.05538 seconds
Resulting Fitness: 0.216667
New local best!
-------------
Particle: 4:
Relays Coordinates:
55.9341, 171.746
38.1883, 102.786
Evaluation Time: 1.0327 seconds
Resulting Fitness: 0.166667
New local best!
-------------
Particle: 5:
Relays Coordinates:
78.1574, 208.378
28.3065, 102.609
Evaluation Time: 1.10043 seconds
Resulting Fitness: 0.25
New local best!
-------------
Particle: 6:
Relays Coordinates:
100.024, 178.883
31.3955, 92.9186
Evaluation Time: 1.07184 seconds
Resulting Fitness: 0.183333
New local best!
-------------
Particle: 7:
Relays Coordinates:
179.561, 77.2795
70.2705, 90.5122
Evaluation Time: 0.999846 seconds
Resulting Fitness: 0.166667
New local best!
-------------
Particle: 8:
Relays Coordinates:
53.0758, 119.233
16.5184, 10.3424
Evaluation Time: 0.897092 seconds
Resulting Fitness: 0.0666667
-------------
Particle: 9:
Relays Coordinates:
103.948, 180.85
40.3073, 108.352
Evaluation Time: 1.11026 seconds
Resulting Fitness: 0.194444
-------------
Particle: 10:
Relays Coordinates:
101.72, 174.836
18.7523, 100.267
Evaluation Time: 1.02392 seconds
Resulting Fitness: 0.183333
-------------
Particle: 11:
Relays Coordinates:
83.8935, 174.663
19.7694, 110.006
Evaluation Time: 1.08484 seconds
Resulting Fitness: 0.183333
-------------
Particle: 12:
Relays Coordinates:
103.833, 186.085
41.1476, 111.062
Evaluation Time: 1.11396 seconds
Resulting Fitness: 0.233333
-------------
Particle: 13:
Relays Coordinates:
60.8941, 193.308
32.5488, 114.106
Evaluation Time: 1.06331 seconds
Resulting Fitness: 0.2
New local best!
-------------
Particle: 14:
Relays Coordinates:
120.386, 155.854
28.4742, 107.857
Evaluation Time: 1.09967 seconds
Resulting Fitness: 0.233333
New local best!
-------------
Particle: 15:
Relays Coordinates:
98.4999, 134.817
20.3958, 45.1651
Evaluation Time: 0.996538 seconds
Resulting Fitness: 0.133333
-------------
Particle: 16:
Relays Coordinates:
83.5887, 183.449
58.85, 97.6632
Evaluation Time: 1.07277 seconds
Resulting Fitness: 0.2
-------------
Particle: 17:
Relays Coordinates:
103.736, 181.365
36.6021, 106.008
Evaluation Time: 1.06734 seconds
Resulting Fitness: 0.2
-------------
Particle: 18:
Relays Coordinates:
93.8266, 195.505
30.3155, 109.965
Evaluation Time: 1.1357 seconds
Resulting Fitness: 0.25
-------------
Particle: 19:
Relays Coordinates:
102.924, 186.954
12.7468, 112.829
Evaluation Time: 1.14131 seconds
Resulting Fitness: 0.233333
-------------
Particle: 20:
Relays Coordinates:
146.01, 103.403
64.7814, 21.4997
Evaluation Time: 1.06444 seconds
Resulting Fitness: 0.183333
Current global best fitness: 0.266667
Current global best relays: 94.5812, 198.36
26.3447, 113.498
Particle 1 new velocities: 37.4303, 87.9706
-8.31216, 40.8009
Particle 2 new velocities: 78.0391, 201.399
21.3267, 75.5993
Particle 3 new velocities: 70.7856, 116.029
19.8291, 52.6699
Particle 4 new velocities: 88.2429, 69.7288
10.6832, 47.8221
Particle 5 new velocities: 109.238, 177.282
23.4823, 125.269
Particle 6 new velocities: 45.0571, 97.6099
6.86086, 81.9458
Particle 7 new velocities: 60.3465, 17.237
63.5932, 64.187
Particle 8 new velocities: 115.418, 263.988
28.3666, 158.511
Particle 9 new velocities: 13.6747, 64.9279
-14.7054, 25.0018
Particle 10 new velocities: 28.6822, 69.7667
19.0056, 47.3121
Particle 11 new velocities: 58.1118, 122.67
-3.75684, 63.669
Particle 12 new velocities: 27.5467, 61.8912
-0.504868, 33.238
Particle 13 new velocities: 70.538, 146.532
34.2865, 116.293
Particle 14 new velocities: 75.5648, 138.351
20.1045, 95.6248
Particle 15 new velocities: 31.243, 98.8094
-15.1678, 22.6192
Particle 16 new velocities: 25.0536, 68.2137
-10.347, 26.465
Particle 17 new velocities: 59.4083, 102.761
10.1622, 60.648
Particle 18 new velocities: 8.12275, 48.3529
6.48658, 24.8059
Particle 19 new velocities: 42.3147, 106.459
8.14182, 46.7131
Particle 20 new velocities: 109.262, 192.168
57.2762, 160.125
-- ITERATION 5 --
-------------
Particle: 1:
Relays Coordinates:
80.5439, 179.314
19.794, 89.3364
Evaluation Time: 1.04977 seconds
Resulting Fitness: 0.183333
-------------
Particle: 2:
Relays Coordinates:
77.671, 197.879
34.2323, 93.1056
Evaluation Time: 1.10183 seconds
Resulting Fitness: 0.233333
New local best!
-------------
Particle: 3:
Relays Coordinates:
91.6818, 205.661
32.7112, 103.682
Evaluation Time: 1.14546 seconds
Resulting Fitness: 0.263889
New local best!
-------------
Particle: 4:
Relays Coordinates:
105.105, 176.035
35.6273, 109.793
Evaluation Time: 1.04584 seconds
Resulting Fitness: 0.183333
New local best!
-------------
Particle: 5:
Relays Coordinates:
89.6307, 184.46
24.7704, 108.994
Evaluation Time: 1.12463 seconds
Resulting Fitness: 0.233333
-------------
Particle: 6:
Relays Coordinates:
95.1879, 181.407
25.1, 114.729
Evaluation Time: 1.09632 seconds
Resulting Fitness: 0.233333
New local best!
-------------
Particle: 7:
Relays Coordinates:
127.497, 50.23
71.1407, 82.2135
Evaluation Time: 0.986171 seconds
Resulting Fitness: 0.116667
-------------
Particle: 8:
Relays Coordinates:
80.59, 183.293
21.4684, 80.7621
Evaluation Time: 1.11116 seconds
Resulting Fitness: 0.2
New local best!
-------------
Particle: 9:
Relays Coordinates:
95.274, 199.08
20.7376, 108.017
Evaluation Time: 1.1922 seconds
Resulting Fitness: 0.266667
-------------
Particle: 10:
Relays Coordinates:
95.0629, 178.316
27.5255, 107.585
Evaluation Time: 1.09938 seconds
Resulting Fitness: 0.216667
-------------
Particle: 11:
Relays Coordinates:
93.1697, 195.08
10.5059, 113.948
Evaluation Time: 1.10873 seconds
Resulting Fitness: 0.25
New local best!
-------------
Particle: 12:
Relays Coordinates:
95.7757, 180.775
29.6285, 105.195
Evaluation Time: 1.13618 seconds
Resulting Fitness: 0.230556
-------------
Particle: 13:
Relays Coordinates:
62.8636, 162.544
31.9671, 110.199
Evaluation Time: 1.03028 seconds
Resulting Fitness: 0.15
-------------
Particle: 14:
Relays Coordinates:
104.136, 156.352
25.8167, 108.139
Evaluation Time: 1.09443 seconds
Resulting Fitness: 0.216667
-------------
Particle: 15:
Relays Coordinates:
68.9507, 124.158
2.77837, 36.0233
Evaluation Time: 0.893022 seconds
Resulting Fitness: 0.0666667
-------------
Particle: 16:
Relays Coordinates:
88.0003, 203.847
39.2875, 100.544
Evaluation Time: 1.14262 seconds
Resulting Fitness: 0.266667
-------------
Particle: 17:
Relays Coordinates:
107.039, 186.415
30.6821, 109.343
Evaluation Time: 1.07322 seconds
Resulting Fitness: 0.216667
New local best!
-------------
Particle: 18:
Relays Coordinates:
82.5789, 197.525
29.8097, 109.165
Evaluation Time: 1.10726 seconds
Resulting Fitness: 0.25
-------------
Particle: 19:
Relays Coordinates:
95.2908, 192.508
13.705, 104.676
Evaluation Time: 1.14224 seconds
Resulting Fitness: 0.247222
-------------
Particle: 20:
Relays Coordinates:
135.662, 157.079
64.8664, 96.523
Evaluation Time: 1.09589 seconds
Resulting Fitness: 0.233333
New local best!
Current global best fitness: 0.266667
Current global best relays: 94.5812, 198.36
26.3447, 113.498
Particle 1 new velocities: 33.2255, 115.478
28.9167, 54.1281
Particle 2 new velocities: 80.3197, 161.329
14.5574, 83.9893
Particle 3 new velocities: 60.21, 86.5016
14.8315, 45.2409
Particle 4 new velocities: 69.0189, 77.8492
2.39727, 42.6595
Particle 5 new velocities: 84.3, 169.065
19.581, 95.8927
Particle 6 new velocities: 35.6439, 93.9707
6.99974, 64.9837
Particle 7 new velocities: 100.622, 121.82
48.1736, 92.9681
Particle 8 new velocities: 103.772, 215.775
28.7291, 167.729
Particle 9 new velocities: 10.2268, 50.767
-4.03205, 27.6958
Particle 10 new velocities: 24.8881, 84.7342
14.5894, 43.3141
Particle 11 new velocities: 46.8899, 100.931
12.4003, 50.5401
Particle 12 new velocities: 21.7933, 52.2024
-3.61424, 39.8299
Particle 13 new velocities: 55.2244, 183.515
23.4373, 98.5543
Particle 14 new velocities: 62.2381, 127.688
20.4894, 82.3365
Particle 15 new velocities: 84.6643, 150.114
80.9239, 26.2023
Particle 16 new velocities: 29.0521, 52.8474
24.5942, 21.3322
Particle 17 new velocities: 41.0749, 89.9569
4.22911, 52.0363
Particle 18 new velocities: 16.6472, 64.3518
6.58608, 23.4796
Particle 19 new velocities: 35.0163, 98.5019
32.8253, 45.3913
Particle 20 new velocities: 40.2753, 163.324
26.7634, 133.881
-- ITERATION 6 --
-------------
Particle: 1:
Relays Coordinates:
74.6441, 193.413
31.9591, 94.127
Evaluation Time: 1.05036 seconds
Resulting Fitness: 0.2
-------------
Particle: 2:
Relays Coordinates:
83.9627, 190.898
25.9288, 94.1155
Evaluation Time: 1.08574 seconds
Resulting Fitness: 0.216667
-------------
Particle: 3:
Relays Coordinates:
99.6562, 191.688
31.1928, 97.7082
Evaluation Time: 1.12874 seconds
Resulting Fitness: 0.25
-------------
Particle: 4:
Relays Coordinates:
114.243, 166.574
24.9479, 100.024
Evaluation Time: 1.08096 seconds
Resulting Fitness: 0.216667
New local best!
-------------
Particle: 5:
Relays Coordinates:
92.4339, 187.878
23.5702, 108.885
Evaluation Time: 1.10222 seconds
Resulting Fitness: 0.233333
-------------
Particle: 6:
Relays Coordinates:
85.8388, 180.675
21.0606, 117.909
Evaluation Time: 1.08911 seconds
Resulting Fitness: 0.197222
-------------
Particle: 7:
Relays Coordinates:
121.232, 91.4342
63.4085, 93.0987
Evaluation Time: 0.977048 seconds
Resulting Fitness: 0.133333
-------------
Particle: 8:
Relays Coordinates:
79.3618, 171.786
21.6084, 106.967
Evaluation Time: 1.04872 seconds
Resulting Fitness: 0.183333
-------------
Particle: 9:
Relays Coordinates:
85.4556, 202.376
13.5315, 109.927
Evaluation Time: 1.14703 seconds
Resulting Fitness: 0.266667
-------------
Particle: 10:
Relays Coordinates:
87.4443, 191.763
30.7018, 110.006
Evaluation Time: 1.10268 seconds
Resulting Fitness: 0.233333
-------------
Particle: 11:
Relays Coordinates:
91.8931, 194.213
15.0288, 107.921
Evaluation Time: 1.11597 seconds
Resulting Fitness: 0.25
-------------
Particle: 12:
Relays Coordinates:
95.2309, 188.711
21.0716, 117.47
Evaluation Time: 1.12868 seconds
Resulting Fitness: 0.230556
-------------
Particle: 13:
Relays Coordinates:
62.7568, 183.91
29.4442, 110.94
Evaluation Time: 1.04487 seconds
Resulting Fitness: 0.183333
-------------
Particle: 14:
Relays Coordinates:
98.2425, 167.723
27.3433, 112.474
Evaluation Time: 1.0544 seconds
Resulting Fitness: 0.183333
-------------
Particle: 15:
Relays Coordinates:
81.6373, 145.76
44.4828, 33.0693
Evaluation Time: 1.0001 seconds
Resulting Fitness: 0.133333
-------------
Particle: 16:
Relays Coordinates:
94.8124, 207.922
51.7442, 98.7196
Evaluation Time: 1.13018 seconds
Resulting Fitness: 0.266667
-------------
Particle: 17:
Relays Coordinates:
97.1775, 181.328
22.9052, 105.881
Evaluation Time: 1.13399 seconds
Resulting Fitness: 0.233333
New local best!
-------------
Particle: 18:
Relays Coordinates:
80.3732, 212.12
29.4806, 107.442
Evaluation Time: 1.13775 seconds
Resulting Fitness: 0.25
-------------
Particle: 19:
Relays Coordinates:
94.9939, 212.146
33.9206, 109.399
Evaluation Time: 1.14112 seconds
Resulting Fitness: 0.263889
-------------
Particle: 20:
Relays Coordinates:
84.1502, 153.248
43.8262, 110.202
Evaluation Time: 1.01642 seconds
Resulting Fitness: 0.133333
Current global best fitness: 0.266667
Current global best relays: 94.5812, 198.36
26.3447, 113.498
Particle 1 new velocities: 62.9107, 119.004
33.7453, 69.6847
Particle 2 new velocities: 64.1451, 141.707
22.1402, 82.7948
Particle 3 new velocities: 37.933, 97.2122
8.3841, 43.045
Particle 4 new velocities: 38.3182, 81.3031
3.13807, 39.6647
Particle 5 new velocities: 51.1643, 147.36
25.4181, 73.1255
Particle 6 new velocities: 38.6236, 81.5496
17.8997, 43.8059
Particle 7 new velocities: 145.214, 182.775
0.604419, 88.0304
Particle 8 new velocities: 90.9163, 193.891
28.4043, 108.839
Particle 9 new velocities: 15.9222, 35.4994
27.5403, 31.288
Particle 10 new velocities: 25.0966, 71.6825
8.04263, 41.0398
Particle 11 new velocities: 39.2223, 81.5265
18.7504, 45.5505
Particle 12 new velocities: 17.3298, 42.6499
5.97936, 23.0101
Particle 13 new velocities: 59.889, 157.776
16.6622, 84.8596
Particle 14 new velocities: 61.4488, 110.062
16.7494, 61.2529
Particle 15 new velocities: 99.735, 143.495
102.427, 26.2021
Particle 16 new velocities: 21.9422, 24.5513
15.0032, 15.383
Particle 17 new velocities: 32.4555, 74.4497
6.38153, 47.0148
Particle 18 new velocities: 24.2546, 43.5256
8.83128, 20.7865
Particle 19 new velocities: 28.3922, 54.0032
26.3094, 40.5903
Particle 20 new velocities: 107.432, 162.835
12.9609, 103.628
-- ITERATION 7 --
-------------
Particle: 1:
Relays Coordinates:
90.2497, 204.976
43.1086, 107.477
Evaluation Time: 1.17719 seconds
Resulting Fitness: 0.266667
New local best!
-------------
Particle: 2:
Relays Coordinates:
87.4562, 196.4
28.3842, 104.464
Evaluation Time: 1.19129 seconds
Resulting Fitness: 0.266667
New local best!
-------------
Particle: 3:
Relays Coordinates:
90.2723, 189.547
25.9664, 92.3481
Evaluation Time: 1.14996 seconds
Resulting Fitness: 0.233333
-------------
Particle: 4:
Relays Coordinates:
100.095, 162.632
18.4272, 91.65
Evaluation Time: 1.08595 seconds
Resulting Fitness: 0.183333
-------------
Particle: 5:
Relays Coordinates:
84.7933, 197.955
28.9271, 107.475
Evaluation Time: 1.18892 seconds
Resulting Fitness: 0.266667
New local best!
-------------
Particle: 6:
Relays Coordinates:
81.6598, 172.046
25.5619, 106.101
Evaluation Time: 1.07646 seconds
Resulting Fitness: 0.183333
-------------
Particle: 7:
Relays Coordinates:
141.6, 145.726
34.0191, 96.2594
Evaluation Time: 1.08292 seconds
Resulting Fitness: 0.2
New local best!
-------------
Particle: 8:
Relays Coordinates:
90.4928, 194.336
26.5788, 114.688
Evaluation Time: 1.18016 seconds
Resulting Fitness: 0.25
New local best!
-------------
Particle: 9:
Relays Coordinates:
82.1161, 192.679
33.2681, 114.384
Evaluation Time: 1.12627 seconds
Resulting Fitness: 0.216667
-------------
Particle: 10:
Relays Coordinates:
82.0423, 192.052
28.2447, 110.112
Evaluation Time: 1.113 seconds
Resulting Fitness: 0.216667
-------------
Particle: 11:
Relays Coordinates:
95.5831, 201.014
24.625, 111.881
Evaluation Time: 1.16783 seconds
Resulting Fitness: 0.263889
New local best!
-------------
Particle: 12:
Relays Coordinates:
91.1742, 187.403
21.9113, 113.789
Evaluation Time: 1.13545 seconds
Resulting Fitness: 0.233333
-------------
Particle: 13:
Relays Coordinates:
72.4211, 201.762
27.2253, 115.618
Evaluation Time: 1.13118 seconds
Resulting Fitness: 0.233333
New local best!
-------------
Particle: 14:
Relays Coordinates:
104.773, 182.255
28.9292, 113.982
Evaluation Time: 1.08753 seconds
Resulting Fitness: 0.2
-------------
Particle: 15:
Relays Coordinates:
86.7498, 138.35
70.2664, 28.3493
Evaluation Time: 1.07236 seconds
Resulting Fitness: 0.133333
-------------
Particle: 16:
Relays Coordinates:
105.079, 209.226
60.0727, 102.692
Evaluation Time: 1.15484 seconds
Resulting Fitness: 0.266667
-------------
Particle: 17:
Relays Coordinates:
94.5024, 186.462
21.3501, 111.461
Evaluation Time: 1.15329 seconds
Resulting Fitness: 0.233333
-------------
Particle: 18:
Relays Coordinates:
84.7486, 207.073
31.0326, 103.865
Evaluation Time: 1.14708 seconds
Resulting Fitness: 0.266667
New local best!
-------------
Particle: 19:
Relays Coordinates:
89.9485, 194.023
43.9077, 109.342
Evaluation Time: 1.15373 seconds
Resulting Fitness: 0.25
-------------
Particle: 20:
Relays Coordinates:
101.815, 167.979
30.179, 113.638
Evaluation Time: 1.05914 seconds
Resulting Fitness: 0.183333
Current global best fitness: 0.266667
Current global best relays: 94.5812, 198.36
26.3447, 113.498
Particle 1 new velocities: 55.5769, 90.1635
18.4798, 56.2604
Particle 2 new velocities: 60.5147, 115.359
17.2945, 75.1622
Particle 3 new velocities: 34.874, 99.5558
17.4462, 58.2653
Particle 4 new velocities: 43.1362, 81.4396
11.2604, 57.4367
Particle 5 new velocities: 45.9706, 117.994
18.2152, 62.6781
Particle 6 new velocities: 55.6322, 101.693
13.9589, 40.1457
Particle 7 new velocities: 69.7164, 202.683
-6.57262, 73.1341
Particle 8 new velocities: 74.1952, 159.111
22.6953, 85.5324
Particle 9 new velocities: 40.2782, 31.188
15.6298, 23.5089
Particle 10 new velocities: 38.4266, 61.5912
-14.9106, 39.0667
Particle 11 new velocities: 30.6205, 64.2074
16.6753, 36.9042
Particle 12 new velocities: 21.0479, 37.0376
15.0501, 18.1
Particle 13 new velocities: 48.1825, 124.708
12.7183, 67.3517
Particle 14 new velocities: 64.4853, 82.3571
12.3252, 39.2033
Particle 15 new velocities: 97.6003, 101.658
92.0293, 19.5936
Particle 16 new velocities: -8.28145, 1.68691
-1.04806, 9.90652
Particle 17 new velocities: 28.3642, 60.3479
9.42816, 32.1895
Particle 18 new velocities: 27.8012, 25.6638
1.73954, 21.3124
Particle 19 new velocities: 36.7721, 51.9264
16.6007, 32.9109
Particle 20 new velocities: 101.479, 127.682
32.7607, 61.8694
-- ITERATION 8 --
-------------
Particle: 1:
Relays Coordinates:
95.6768, 193.641
40.4082, 107.428
Evaluation Time: 1.13223 seconds
Resulting Fitness: 0.25
-------------
Particle: 2:
Relays Coordinates:
87.3753, 184.09
26.9728, 106.067
Evaluation Time: 1.1382 seconds
Resulting Fitness: 0.233333
-------------
Particle: 3:
Relays Coordinates:
91.2317, 210.756
31.6477, 109.797
Evaluation Time: 1.1749 seconds
Resulting Fitness: 0.261111
-------------
Particle: 4:
Relays Coordinates:
104.416, 177.928
21.6423, 108.684
Evaluation Time: 1.07701 seconds
Resulting Fitness: 0.183333
-------------
Particle: 5:
Relays Coordinates:
85.7942, 207.294
30.9301, 111.638
Evaluation Time: 1.18004 seconds
Resulting Fitness: 0.263889
-------------
Particle: 6:
Relays Coordinates:
100.086, 199.556
28.8107, 106.614
Evaluation Time: 1.15878 seconds
Resulting Fitness: 0.266667
New local best!
-------------
Particle: 7:
Relays Coordinates:
90.9647, 149.978
11.8148, 72.9184
Evaluation Time: 1.02215 seconds
Resulting Fitness: 0.133333
-------------
Particle: 8:
Relays Coordinates:
87.522, 187.836
26.1862, 106.405
Evaluation Time: 1.13194 seconds
Resulting Fitness: 0.233333
-------------
Particle: 9:
Relays Coordinates:
99.1393, 181.332
39.6073, 111.694
Evaluation Time: 1.1535 seconds
Resulting Fitness: 0.230556
-------------
Particle: 10:
Relays Coordinates:
87.8218, 184.906
9.72053, 108.751
Evaluation Time: 1.127 seconds
Resulting Fitness: 0.233333
-------------
Particle: 11:
Relays Coordinates:
92.0024, 193.346
30.1079, 108.464
Evaluation Time: 1.15076 seconds
Resulting Fitness: 0.25
-------------
Particle: 12:
Relays Coordinates:
90.8999, 181.797
29.9387, 106.83
Evaluation Time: 1.12606 seconds
Resulting Fitness: 0.233333
-------------
Particle: 13:
Relays Coordinates:
71.2152, 192.777
23.5863, 108.042
Evaluation Time: 1.07437 seconds
Resulting Fitness: 0.2
-------------
Particle: 14:
Relays Coordinates:
111.051, 173.612
27.067, 100.505
Evaluation Time: 1.1212 seconds
Resulting Fitness: 0.2
-------------
Particle: 15:
Relays Coordinates:
108.857, 141.722
95.834, 28.3098
Evaluation Time: 1.12434 seconds
Resulting Fitness: 0.183333
New local best!
-------------
Particle: 16:
Relays Coordinates:
87.1179, 189.822
53.1222, 101.339
Evaluation Time: 1.1725 seconds
Resulting Fitness: 0.233333
-------------
Particle: 17:
Relays Coordinates:
99.5219, 199.916
24.9304, 116.357
Evaluation Time: 1.25969 seconds
Resulting Fitness: 0.263889
New local best!
-------------
Particle: 18:
Relays Coordinates:
91.1653, 188.517
26.5454, 101.394
Evaluation Time: 1.14385 seconds
Resulting Fitness: 0.233333
-------------
Particle: 19:
Relays Coordinates:
92.3793, 179.297
44.1106, 103.703
Evaluation Time: 1.12659 seconds
Resulting Fitness: 0.216667
-------------
Particle: 20:
Relays Coordinates:
120.043, 174.585
37.1653, 103.635
Evaluation Time: 1.10056 seconds
Resulting Fitness: 0.216667
Current global best fitness: 0.266667
Current global best relays: 94.5812, 198.36
26.3447, 113.498
Particle 1 new velocities: 35.7312, 84.3951
9.49454, 45.8185
Particle 2 new velocities: 50.8984, 110.1
14.0428, 62.3782
Particle 3 new velocities: 29.5476, 68.5476
13.9169, 41.7697
Particle 4 new velocities: 40.533, 74.9545
17.4533, 46.9991
Particle 5 new velocities: 42.3121, 81.7683
8.15283, 47.1217
Particle 6 new velocities: 38.3931, 80.3773
9.30848, 37.3344
Particle 7 new velocities: 134.822, 161.714
28.5641, 108.336
Particle 8 new velocities: 62.8751, 141.742
18.7099, 80.4
Particle 9 new velocities: 29.7845, 39.4011
-5.27417, 21.4138
Particle 10 new velocities: 39.6315, 76.5847
1.11652, 39.7152
Particle 11 new velocities: 27.5647, 53.3975
8.15525, 33.6163
Particle 12 new velocities: 20.3293, 54.207
8.63295, 21.8729
Particle 13 new velocities: 41.4662, 105.699
16.6002, 66.7846
Particle 14 new velocities: 31.6507, 70.6783
10.0439, 47.5262
Particle 15 new velocities: 66.0655, 126.932
17.0191, 30.3666
Particle 16 new velocities: 1.82499, 18.5091
0.97228, 10.2436
Particle 17 new velocities: 16.475, 46.5112
8.99508, 22.4144
Particle 18 new velocities: 15.3979, 45.3205
3.36314, 33.3452
Particle 19 new velocities: 32.909, 94.6525
-12.5197, 37.8549
Particle 20 new velocities: 78.0344, 87.2418
59.0618, 42.2464
-- ITERATION 9 --
-------------
Particle: 1:
Relays Coordinates:
95.7965, 202.689
36.3791, 111.717
Evaluation Time: 1.14923 seconds
Resulting Fitness: 0.266667
-------------
Particle: 2:
Relays Coordinates:
90.7214, 193.019
26.9104, 110.517
Evaluation Time: 1.1838 seconds
Resulting Fitness: 0.25
-------------
Particle: 3:
Relays Coordinates:
88.048, 203.612
33.2166, 110.492
Evaluation Time: 1.16552 seconds
Resulting Fitness: 0.263889
-------------
Particle: 4:
Relays Coordinates:
105.668, 184.351
28.5007, 113.493
Evaluation Time: 1.10402 seconds
Resulting Fitness: 0.2
-------------
Particle: 5:
Relays Coordinates:
93.3895, 210.726
28.4914, 115.736
Evaluation Time: 1.18175 seconds
Resulting Fitness: 0.266667
-------------
Particle: 6:
Relays Coordinates:
90.8561, 183.664
25.01, 94.4446
Evaluation Time: 1.19105 seconds
Resulting Fitness: 0.233333
-------------
Particle: 7:
Relays Coordinates:
107.993, 149.082
19.3131, 86.6935
Evaluation Time: 1.09721 seconds
Resulting Fitness: 0.2
-------------
Particle: 8:
Relays Coordinates:
88.8079, 194.613
26.5107, 110.307
Evaluation Time: 1.12483 seconds
Resulting Fitness: 0.247222
-------------
Particle: 9:
Relays Coordinates:
104.428, 178.794
27.8098, 107.817
Evaluation Time: 1.05532 seconds
Resulting Fitness: 0.180556
-------------
Particle: 10:
Relays Coordinates:
92.9135, 190.627
7.90021, 108.232
Evaluation Time: 1.1166 seconds
Resulting Fitness: 0.233333
-------------
Particle: 11:
Relays Coordinates:
96.8493, 199.862
30.9932, 115.085
Evaluation Time: 1.16502 seconds
Resulting Fitness: 0.261111
-------------
Particle: 12:
Relays Coordinates:
90.0956, 191.163
31.243, 104.249
Evaluation Time: 1.11659 seconds
Resulting Fitness: 0.233333
-------------
Particle: 13:
Relays Coordinates:
73.9302, 195.83
26.3664, 114.704
Evaluation Time: 1.08982 seconds
Resulting Fitness: 0.216667
-------------
Particle: 14:
Relays Coordinates:
104.029, 178.088
27.0538, 107.915
Evaluation Time: 1.04089 seconds
Resulting Fitness: 0.183333
-------------
Particle: 15:
Relays Coordinates:
92.961, 142.774
59.9748, 31.183
Evaluation Time: 1.0427 seconds
Resulting Fitness: 0.15
-------------
Particle: 16:
Relays Coordinates:
80.0486, 187.498
48.685, 100.424
Evaluation Time: 1.037 seconds
Resulting Fitness: 0.2
-------------
Particle: 17:
Relays Coordinates:
93.9575, 199.606
27.4796, 112.405
Evaluation Time: 1.1489 seconds
Resulting Fitness: 0.266667
New local best!
-------------
Particle: 18:
Relays Coordinates:
86.3162, 189.408
24.226, 109.138
Evaluation Time: 1.08962 seconds
Resulting Fitness: 0.233333
-------------
Particle: 19:
Relays Coordinates:
91.3352, 199.709
23.0298, 103.195
Evaluation Time: 1.3151 seconds
Resulting Fitness: 0.266667
-------------
Particle: 20:
Relays Coordinates:
129.959, 171.785
63.1346, 95.713
Evaluation Time: 1.08587 seconds
Resulting Fitness: 0.233333
Current global best fitness: 0.266667
Current global best relays: 94.5812, 198.36
26.3447, 113.498
Particle 1 new velocities: 22.8953, 66.4836
7.49234, 30.306
Particle 2 new velocities: 40.7283, 91.8901
13.1982, 45.2632
Particle 3 new velocities: 27.5619, 57.0541
3.43034, 28.7125
Particle 4 new velocities: 23.5765, 65.9881
10.0325, 19.9109
Particle 5 new velocities: 30.213, 40.4184
4.43845, 25.0008
Particle 6 new velocities: 47.3709, 91.46
9.66874, 36.5377
Particle 7 new velocities: 146.906, 175.185
49.78, 130.583
Particle 8 new velocities: 58.3129, 113.726
14.979, 72.2655
Particle 9 new velocities: 0.884327, 58.1197
-4.82298, 24.3763
Particle 10 new velocities: 39.7069, 70.8534
14.0645, 49.3882
Particle 11 new velocities: 20.1322, 43.485
0.980029, 20.5521
Particle 12 new velocities: 17.8037, 44.2534
-1.64879, 39.0319
Particle 13 new velocities: 39.204, 95.6292
14.5927, 54.6797
Particle 14 new velocities: 38.9002, 73.3571
9.48329, 38.5636
Particle 15 new velocities: 56.5356, 153.885
32.8334, 96.6572
Particle 16 new velocities: 17.3526, 27.975
5.06349, 9.87228
Particle 17 new velocities: 13.5034, 36.8069
6.02544, 18.2764
Particle 18 new velocities: 17.3671, 65.7417
8.80418, 20.0266
Particle 19 new velocities: 29.9553, 78.0664
-1.41151, 39.539
Particle 20 new velocities: 51.1046, 68.4775
36.7552, 36.4823
-- ITERATION 10 --
-------------
Particle: 1:
Relays Coordinates:
86.5263, 196.226
31.9823, 103.535
Evaluation Time: 1.14714 seconds
Resulting Fitness: 0.261111
-------------
Particle: 2:
Relays Coordinates:
95.8268, 207.698
29.2392, 113.564
Evaluation Time: 1.12017 seconds
Resulting Fitness: 0.263889
-------------
Particle: 3:
Relays Coordinates:
93.6441, 211.14
29.684, 112.756
Evaluation Time: 1.14367 seconds
Resulting Fitness: 0.266667
New local best!
-------------
Particle: 4:
Relays Coordinates:
104.688, 202.775
31.2119, 108.057
Evaluation Time: 1.21311 seconds
Resulting Fitness: 0.266667
New local best!
-------------
Particle: 5:
Relays Coordinates:
100.118, 203.427
26.6732, 113.997
Evaluation Time: 1.20361 seconds
Resulting Fitness: 0.266667
-------------
Particle: 6:
Relays Coordinates:
90.6907, 180.509
22.7527, 85.9375
Evaluation Time: 1.14606 seconds
Resulting Fitness: 0.216667
-------------
Particle: 7:
Relays Coordinates:
121.917, 155.096
33.047, 103.923
Evaluation Time: 1.13305 seconds
Resulting Fitness: 0.233333
New local best!
-------------
Particle: 8:
Relays Coordinates:
86.8734, 182.071
24.4993, 107.807
Evaluation Time: 1.07002 seconds
Resulting Fitness: 0.216667
-------------
Particle: 9:
Relays Coordinates:
85.3032, 191.9
18.6193, 107.076
Evaluation Time: 1.08834 seconds
Resulting Fitness: 0.211111
-------------
Particle: 10:
Relays Coordinates:
96.6803, 190.619
16.0123, 114.905
Evaluation Time: 1.11685 seconds
Resulting Fitness: 0.25
-------------
Particle: 11:
Relays Coordinates:
94.7551, 197.111
25.8983, 109.866
Evaluation Time: 1.10618 seconds
Resulting Fitness: 0.25
-------------
Particle: 12:
Relays Coordinates:
87.3984, 190.687
23.9713, 116.058
Evaluation Time: 1.11143 seconds
Resulting Fitness: 0.230556
-------------
Particle: 13:
Relays Coordinates:
74.2274, 191.227
26.8733, 111.132
Evaluation Time: 1.06118 seconds
Resulting Fitness: 0.2
-------------
Particle: 14:
Relays Coordinates:
104.196, 183.303
26.6356, 106.783
Evaluation Time: 1.0434 seconds
Resulting Fitness: 0.197222
-------------
Particle: 15:
Relays Coordinates:
98.0847, 194.638
60.8914, 83.876
Evaluation Time: 1.10694 seconds
Resulting Fitness: 0.25
New local best!
-------------
Particle: 16:
Relays Coordinates:
87.6611, 193.926
48.3736, 99.2669
Evaluation Time: 1.11067 seconds
Resulting Fitness: 0.25
-------------
Particle: 17:
Relays Coordinates:
87.0433, 191.494
27.1391, 105.852
Evaluation Time: 1.09727 seconds
Resulting Fitness: 0.233333
-------------
Particle: 18:
Relays Coordinates:
83.9834, 206.671
26.7544, 104.624
Evaluation Time: 1.12858 seconds
Resulting Fitness: 0.266667
-------------
Particle: 19:
Relays Coordinates:
79.5787, 182.249
14.1837, 93.648
Evaluation Time: 1.03053 seconds
Resulting Fitness: 0.183333
-------------
Particle: 20:
Relays Coordinates:
118.796, 157.636
65.5377, 86.7333
Evaluation Time: 1.12605 seconds
Resulting Fitness: 0.233333
Current global best fitness: 0.266667
Current global best relays: 94.5812, 198.36
26.3447, 113.498
Particle 1 new velocities: 29.267, 67.8704
4.17088, 35.9942
Particle 2 new velocities: 26.1546, 55.0457
8.94292, 32.5975
Particle 3 new velocities: 22.714, 34.0933
-0.645028, 23.6933
Particle 4 new velocities: 10.1082, 49.7913
6.12671, 17.469
Particle 5 new velocities: -3.05712, 24.9152
5.17356, 19.311
Particle 6 new velocities: 51.7506, 101.716
11.9578, 68.505
Particle 7 new velocities: 91.0509, 140.269
37.5782, 115.628
Particle 8 new velocities: 55.3055, 129.118
13.4299, 69.2126
Particle 9 new velocities: 10.4914, 53.9301
8.952, 28.3349
Particle 10 new velocities: 31.2485, 60.1123
14.3543, 40.1973
Particle 11 new velocities: 16.0248, 41.7316
0.908877, 17.0099
Particle 12 new velocities: 32.3932, 34.5816
1.38027, 26.9415
Particle 13 new velocities: 50.2283, 95.1588
11.684, 44.8381
Particle 14 new velocities: 27.2802, 34.0473
7.4167, 37.0343
Particle 15 new velocities: 42.3041, 124.779
9.11064, 109.09
Particle 16 new velocities: 18.0815, 23.2068
1.87504, 17.0292
Particle 17 new velocities: 14.4262, 35.563
5.07495, 26.2465
Particle 18 new velocities: 26.7889, 47.9401
8.29054, 20.8052
Particle 19 new velocities: 36.6382, 79.813
24.5199, 47.0458
Particle 20 new velocities: 48.8409, 98.572
17.6025, 41.0132
-- ITERATION 11 --
-------------
Particle: 1:
Relays Coordinates:
93.7926, 213.918
29.284, 113.018
Evaluation Time: 1.2016 seconds
Resulting Fitness: 0.261111
-------------
Particle: 2:
Relays Coordinates:
88.9245, 191.54
27.8347, 106.552
Evaluation Time: 1.09747 seconds
Resulting Fitness: 0.233333
-------------
Particle: 3:
Relays Coordinates:
94.2501, 198.639
23.5216, 110.524
Evaluation Time: 1.15489 seconds
Resulting Fitness: 0.266667
-------------
Particle: 4:
Relays Coordinates:
83.6862, 184.121
27.2198, 91.5087
Evaluation Time: 1.07357 seconds
Resulting Fitness: 0.2
-------------
Particle: 5:
Relays Coordinates:
78.6193, 184.957
25.7959, 107.979
Evaluation Time: 1.09956 seconds
Resulting Fitness: 0.2
-------------
Particle: 6:
Relays Coordinates:
93.4557, 185.168
22.7736, 101.33
Evaluation Time: 1.11902 seconds
Resulting Fitness: 0.233333
-------------
Particle: 7:
Relays Coordinates:
101.862, 141.272
33.7798, 105.01
Evaluation Time: 1.04434 seconds
Resulting Fitness: 0.166667
-------------
Particle: 8:
Relays Coordinates:
93.2835, 204.171
24.8853, 116.143
Evaluation Time: 1.14722 seconds
Resulting Fitness: 0.263889
New local best!
-------------
Particle: 9:
Relays Coordinates:
77.5936, 199.123
22.3328, 109.683
Evaluation Time: 1.20738 seconds
Resulting Fitness: 0.233333
-------------
Particle: 10:
Relays Coordinates:
93.2601, 182.783
22.1373, 113.07
Evaluation Time: 1.13152 seconds
Resulting Fitness: 0.233333
-------------
Particle: 11:
Relays Coordinates:
89.7317, 193.463
21.7138, 102.77
Evaluation Time: 1.13456 seconds
Resulting Fitness: 0.25
-------------
Particle: 12:
Relays Coordinates:
97.0313, 182.468
20.5348, 115.829
Evaluation Time: 1.12586 seconds
Resulting Fitness: 0.233333
-------------
Particle: 13:
Relays Coordinates:
90.7282, 208.775
28.1083, 113.702
Evaluation Time: 1.16032 seconds
Resulting Fitness: 0.266667
New local best!
-------------
Particle: 14:
Relays Coordinates:
106.495, 176.054
27.5823, 116.492
Evaluation Time: 1.04969 seconds
Resulting Fitness: 0.180556
-------------
Particle: 15:
Relays Coordinates:
74.6084, 169.751
37.202, 102.55
Evaluation Time: 1.05128 seconds
Resulting Fitness: 0.183333
-------------
Particle: 16:
Relays Coordinates:
95.1684, 195.419
45.2238, 104.667
Evaluation Time: 1.13543 seconds
Resulting Fitness: 0.25
-------------
Particle: 17:
Relays Coordinates:
82.1903, 183.916
26.0934, 107
Evaluation Time: 1.04341 seconds
Resulting Fitness: 0.2
-------------
Particle: 18:
Relays Coordinates:
80.753, 185.612
25.5478, 91.4376
Evaluation Time: 1.06336 seconds
Resulting Fitness: 0.2
-------------
Particle: 19:
Relays Coordinates:
94.1357, 212.27
31.35, 113.962
Evaluation Time: 1.14532 seconds
Resulting Fitness: 0.263889
-------------
Particle: 20:
Relays Coordinates:
122.207, 186.776
60.6092, 93.1272
Evaluation Time: 1.11172 seconds
Resulting Fitness: 0.233333
Current global best fitness: 0.266667
Current global best relays: 94.5812, 198.36
26.3447, 113.498
Particle 1 new velocities: 22.2693, 41.5885
14.6722, 21.6879
Particle 2 new velocities: 26.8208, 55.8625
6.34516, 28.0546
Particle 3 new velocities: 18.3177, 40.8705
0.193239, 21.5634
Particle 4 new velocities: 44.3927, 53.8134
5.48014, 31.7591
Particle 5 new velocities: 13.0389, 57.0771
8.91037, 18.082
Particle 6 new velocities: 46.9674, 103.075
18.6072, 65.93
Particle 7 new velocities: 66.7557, 175.088
29.5737, 100.42
Particle 8 new velocities: 45.8253, 101.145
12.0286, 55.1402
Particle 9 new velocities: 16.0011, 42.5699
12.9208, 30.547
Particle 10 new velocities: 26.4931, 76.271
-1.1257, 33.3185
Particle 11 new velocities: 24.0059, 42.3203
6.65646, 29.0043
Particle 12 new velocities: 23.023, 39.7208
8.76684, 18.5558
Particle 13 new velocities: 42.2304, 66.1465
7.72771, 35.6963
Particle 14 new velocities: 28.4633, 7.63511
5.14412, 17.44
Particle 15 new velocities: 95.8694, 104.927
35.7726, 84.8388
Particle 16 new velocities: 10.6765, 28.1282
7.62045, 8.35422
Particle 17 new velocities: 32.0345, 39.1913
5.36921, 24.5852
Particle 18 new velocities: 38.0134, 79.8516
15.1519, 50.9713
Particle 19 new velocities: 31.0812, 39.6134
18.6682, 33.6021
Particle 20 new velocities: 50.2171, 49.7179
14.014, 60.967
-- ITERATION 12 --
-------------
Particle: 1:
Relays Coordinates:
94.0101, 206.961
35.6046, 109.112
Evaluation Time: 1.13417 seconds
Resulting Fitness: 0.266667
-------------
Particle: 2:
Relays Coordinates:
93.7537, 200.396
27.6857, 109.031
Evaluation Time: 1.15868 seconds
Resulting Fitness: 0.263889
-------------
Particle: 3:
Relays Coordinates:
91.1799, 194.003
19.209, 106.991
Evaluation Time: 1.12822 seconds
Resulting Fitness: 0.25
-------------
Particle: 4:
Relays Coordinates:
93.3695, 173.454
23.8383, 89.8622
Evaluation Time: 1.05383 seconds
Resulting Fitness: 0.183333
-------------
Particle: 5:
Relays Coordinates:
82.4924, 217.831
31.2356, 113.455
Evaluation Time: 1.14191 seconds
Resulting Fitness: 0.25
-------------
Particle: 6:
Relays Coordinates:
92.1316, 189.116
27.1499, 109.739
Evaluation Time: 1.12501 seconds
Resulting Fitness: 0.233333
-------------
Particle: 7:
Relays Coordinates:
89.6104, 168.127
33.6687, 109.174
Evaluation Time: 0.993478 seconds
Resulting Fitness: 0.15
-------------
Particle: 8:
Relays Coordinates:
91.2693, 200.318
24.2192, 112.379
Evaluation Time: 1.18826 seconds
Resulting Fitness: 0.266667
New local best!
-------------
Particle: 9:
Relays Coordinates:
75.8117, 195.771
28.5554, 113.586
Evaluation Time: 1.12176 seconds
Resulting Fitness: 0.211111
-------------
Particle: 10:
Relays Coordinates:
87.3001, 188.85
15.3174, 106.717
Evaluation Time: 1.14148 seconds
Resulting Fitness: 0.233333
-------------
Particle: 11:
Relays Coordinates:
92.1274, 190.984
22.9799, 106.737
Evaluation Time: 1.13525 seconds
Resulting Fitness: 0.233333
-------------
Particle: 12:
Relays Coordinates:
97.2439, 179.973
23.7343, 108.852
Evaluation Time: 1.15664 seconds
Resulting Fitness: 0.233333
-------------
Particle: 13:
Relays Coordinates:
96.9268, 200.418
26.1244, 108.912
Evaluation Time: 1.18819 seconds
Resulting Fitness: 0.266667
-------------
Particle: 14:
Relays Coordinates:
109.316, 148.788
26.5084, 108.485
Evaluation Time: 1.15079 seconds
Resulting Fitness: 0.216667
-------------
Particle: 15:
Relays Coordinates:
100.665, 162.195
43.0908, 110.651
Evaluation Time: 1.08507 seconds
Resulting Fitness: 0.183333
-------------
Particle: 16:
Relays Coordinates:
95.2604, 201.193
47.5598, 101.719
Evaluation Time: 1.1319 seconds
Resulting Fitness: 0.266667
-------------
Particle: 17:
Relays Coordinates:
92.5221, 180.717
25.4847, 106.584
Evaluation Time: 1.13124 seconds
Resulting Fitness: 0.233333
-------------
Particle: 18:
Relays Coordinates:
96.2008, 215.025
32.9667, 115.351
Evaluation Time: 1.13757 seconds
Resulting Fitness: 0.255556
-------------
Particle: 19:
Relays Coordinates:
91.2831, 183.623
36.4633, 107.574
Evaluation Time: 1.10548 seconds
Resulting Fitness: 0.233333
-------------
Particle: 20:
Relays Coordinates:
113.127, 155.163
48.9603, 101.101
Evaluation Time: 1.10419 seconds
Resulting Fitness: 0.233333
Current global best fitness: 0.266667
Current global best relays: 94.5812, 198.36
26.3447, 113.498
Particle 1 new velocities: 13.9155, 27.9875
15.9359, 16.6006
Particle 2 new velocities: 21.8695, 40.8903
5.69524, 27.1386
Particle 3 new velocities: 15.9688, 58.0615
9.73562, 28.3724
Particle 4 new velocities: 43.1561, 100.631
13.5743, 45.4305
Particle 5 new velocities: 17.6965, 29.9677
4.47853, 4.51586
Particle 6 new velocities: 44.5095, 99.8073
15.2757, 53.7333
Particle 7 new velocities: 103.758, 163.987
20.2972, 72.8062
Particle 8 new velocities: 38.879, 79.637
10.291, 44.8939
Particle 9 new velocities: 38.7005, 37.6311
4.77108, 24.3634
Particle 10 new velocities: 35.0258, 75.0862
1.34894, 43.4334
Particle 11 new velocities: 25.2157, 54.0552
9.73681, 27.6249
Particle 12 new velocities: 16.092, 55.3674
12.6491, 20.0065
Particle 13 new velocities: 31.0521, 65.4952
8.27506, 35.4537
Particle 14 new velocities: 16.5495, 35.5588
5.60462, 14.8372
Particle 15 new velocities: 71.433, 125.567
47.4597, 58.5638
Particle 16 new velocities: 6.01799, 21.2474
-14.4738, 6.74461
Particle 17 new velocities: 28.3344, 55.2799
6.61415, 26.4973
Particle 18 new velocities: 12.214, 51.2665
9.73104, 29.0732
Particle 19 new velocities: 27.7183, 42.7959
11.6198, 28.3431
Particle 20 new velocities: 28.6893, 82.9683
4.81334, 50.5415
-- ITERATION 13 --
-------------
Particle: 1:
Relays Coordinates:
87.4197, 190.308
41.7478, 101.827
Evaluation Time: 1.10259 seconds
Resulting Fitness: 0.233333
-------------
Particle: 2:
Relays Coordinates:
93.6548, 195.442
27.0386, 110.297
Evaluation Time: 1.11142 seconds
Resulting Fitness: 0.25
-------------
Particle: 3:
Relays Coordinates:
86.7905, 204.172
23.4452, 109.644
Evaluation Time: 1.32899 seconds
Resulting Fitness: 0.266667
-------------
Particle: 4:
Relays Coordinates:
89.5744, 179.827
24.5464, 88.7656
Evaluation Time: 1.12068 seconds
Resulting Fitness: 0.216667
-------------
Particle: 5:
Relays Coordinates:
81.153, 200.717
28.9285, 95.5564
Evaluation Time: 1.14425 seconds
Resulting Fitness: 0.25
-------------
Particle: 6:
Relays Coordinates:
89.6502, 189.563
27.8355, 107.254
Evaluation Time: 1.1333 seconds
Resulting Fitness: 0.233333
-------------
Particle: 7:
Relays Coordinates:
102.764, 176.499
28.6797, 96.7118
Evaluation Time: 1.06098 seconds
Resulting Fitness: 0.183333
-------------
Particle: 8:
Relays Coordinates:
94.8781, 204.087
25.1579, 114.652
Evaluation Time: 1.15402 seconds
Resulting Fitness: 0.266667
-------------
Particle: 9:
Relays Coordinates:
92.7549, 189.056
26.9944, 111.739
Evaluation Time: 1.11407 seconds
Resulting Fitness: 0.233333
-------------
Particle: 10:
Relays Coordinates:
89.1756, 192.41
12.1498, 109.46
Evaluation Time: 1.14117 seconds
Resulting Fitness: 0.25
-------------
Particle: 11:
Relays Coordinates:
95.0479, 198.482
26.5005, 108.833
Evaluation Time: 1.16298 seconds
Resulting Fitness: 0.266667
New local best!
-------------
Particle: 12:
Relays Coordinates:
91.8021, 190.625
29.4706, 104.375
Evaluation Time: 1.13283 seconds
Resulting Fitness: 0.233333
-------------
Particle: 13:
Relays Coordinates:
93.2967, 193.851
25.0772, 105.242
Evaluation Time: 1.14984 seconds
Resulting Fitness: 0.25
-------------
Particle: 14:
Relays Coordinates:
113.279, 165.912
28.9017, 110.99
Evaluation Time: 1.10497 seconds
Resulting Fitness: 0.216667
-------------
Particle: 15:
Relays Coordinates:
101.622, 169.92
53.4692, 99.9197
Evaluation Time: 1.07158 seconds
Resulting Fitness: 0.183333
-------------
Particle: 16:
Relays Coordinates:
91.1506, 200.196
29.7774, 97.6169
Evaluation Time: 1.15995 seconds
Resulting Fitness: 0.263889
-------------
Particle: 17:
Relays Coordinates:
97.8938, 191.158
26.0001, 107.796
Evaluation Time: 1.15671 seconds
Resulting Fitness: 0.25
-------------
Particle: 18:
Relays Coordinates:
79.0344, 194.127
31.1267, 105.285
Evaluation Time: 1.0833 seconds
Resulting Fitness: 0.2
-------------
Particle: 19:
Relays Coordinates:
96.3911, 183.399
38.9473, 110.093
Evaluation Time: 1.12709 seconds
Resulting Fitness: 0.233333
-------------
Particle: 20:
Relays Coordinates:
103.384, 173.598
39.201, 110.548
Evaluation Time: 1.06636 seconds
Resulting Fitness: 0.183333
Current global best fitness: 0.266667
Current global best relays: 94.5812, 198.36
26.3447, 113.498
Particle 1 new velocities: 18.6264, 43.8125
8.52941, 26.3881
Particle 2 new velocities: 18.0445, 35.0465
5.44799, 22.5156
Particle 3 new velocities: 14.3305, 42.8304
11.209, 27.1326
Particle 4 new velocities: 55.4838, 107.386
19.5797, 81.3619
Particle 5 new velocities: 32.1953, 21.0543
2.95411, 6.90159
Particle 6 new velocities: 42.732, 93.064
11.6008, 43.4757
Particle 7 new velocities: 88.7804, 137.616
16.632, 69.0995
Particle 8 new velocities: 26.6475, 53.5578
7.74846, 32.961
Particle 9 new velocities: 33.637, 41.2567
2.9945, 21.6481
Particle 10 new velocities: 31.7171, 67.8434
2.56254, 37.4476
Particle 11 new velocities: 19.827, 43.1979
7.6276, 27.73
Particle 12 new velocities: 17.2315, 45.8206
8.26799, 40.9312
Particle 13 new velocities: 23.5384, 80.3587
7.47453, 46.6799
Particle 14 new velocities: 12.6032, 50.9108
1.34405, 10.8477
Particle 15 new velocities: 49.7773, 134.293
37.2882, 52.6762
Particle 16 new velocities: 8.72003, 15.3899
-4.24637, 12.2497
Particle 17 new velocities: 16.3955, 62.6633
6.10573, 26.6018
Particle 18 new velocities: 17.1936, 56.2479
4.49323, 28.9536
Particle 19 new velocities: 22.4738, 65.6653
4.24941, 26.7022
Particle 20 new velocities: 52.7808, 62.968
44.4268, 20.6874
-- ITERATION 14 --
-------------
Particle: 1:
Relays Coordinates:
85.8973, 189.638
40.7245, 103.854
Evaluation Time: 1.09483 seconds
Resulting Fitness: 0.216667
-------------
Particle: 2:
Relays Coordinates:
90.4764, 186.696
26.3141, 107.579
Evaluation Time: 1.24885 seconds
Resulting Fitness: 0.233333
-------------
Particle: 3:
Relays Coordinates:
81.908, 200.072
28.0698, 110.789
Evaluation Time: 1.18249 seconds
Resulting Fitness: 0.25
-------------
Particle: 4:
Relays Coordinates:
95.1727, 188.44
28.9511, 111.621
Evaluation Time: 1.11769 seconds
Resulting Fitness: 0.233333
-------------
Particle: 5:
Relays Coordinates:
91.8122, 179.635
25.8249, 82.9909
Evaluation Time: 1.10299 seconds
Resulting Fitness: 0.216667
-------------
Particle: 6:
Relays Coordinates:
96.5066, 206.035
28.7491, 109.882
Evaluation Time: 1.24519 seconds
Resulting Fitness: 0.266667
-------------
Particle: 7:
Relays Coordinates:
101.794, 166.934
24.0805, 88.1189
Evaluation Time: 1.10402 seconds
Resulting Fitness: 0.183333
-------------
Particle: 8:
Relays Coordinates:
88.5922, 187.823
23.9888, 107.61
Evaluation Time: 1.22572 seconds
Resulting Fitness: 0.233333
-------------
Particle: 9:
Relays Coordinates:
102.377, 186.553
24.291, 108.044
Evaluation Time: 1.18187 seconds
Resulting Fitness: 0.230556
-------------
Particle: 10:
Relays Coordinates:
88.1308, 189.725
10.7253, 107.095
Evaluation Time: 1.19996 seconds
Resulting Fitness: 0.233333
-------------
Particle: 11:
Relays Coordinates:
93.0487, 195.761
27.6438, 110.616
Evaluation Time: 1.13161 seconds
Resulting Fitness: 0.25
-------------
Particle: 12:
Relays Coordinates:
79.4855, 172.369
27.5114, 105.928
Evaluation Time: 1.06085 seconds
Resulting Fitness: 0.183333
-------------
Particle: 13:
Relays Coordinates:
85.1727, 199.898
23.7302, 110.751
Evaluation Time: 1.2368 seconds
Resulting Fitness: 0.266667
-------------
Particle: 14:
Relays Coordinates:
101.965, 175.627
24.4991, 98.6883
Evaluation Time: 1.11948 seconds
Resulting Fitness: 0.183333
-------------
Particle: 15:
Relays Coordinates:
99.3333, 199.594
59.5459, 100.118
Evaluation Time: 1.22854 seconds
Resulting Fitness: 0.266667
New local best!
-------------
Particle: 16:
Relays Coordinates:
89.8835, 194.027
22.9779, 98.8799
Evaluation Time: 1.16028 seconds
Resulting Fitness: 0.25
-------------
Particle: 17:
Relays Coordinates:
92.5743, 205.595
26.0057, 108.862
Evaluation Time: 1.24352 seconds
Resulting Fitness: 0.266667
-------------
Particle: 18:
Relays Coordinates:
77.9447, 202.804
28.8521, 108.734
Evaluation Time: 1.11522 seconds
Resulting Fitness: 0.233333
-------------
Particle: 19:
Relays Coordinates:
96.2806, 201.742
34.9893, 110.804
Evaluation Time: 1.16454 seconds
Resulting Fitness: 0.266667
-------------
Particle: 20:
Relays Coordinates:
113.844, 172.457
60.9647, 95.6703
Evaluation Time: 1.15319 seconds
Resulting Fitness: 0.216667
Current global best fitness: 0.266667
Current global best relays: 94.5812, 198.36
26.3447, 113.498
Particle 1 new velocities: 26.718, 57.5369
-0.000368088, 25.5873
Particle 2 new velocities: 14.1125, 52.8097
6.56317, 21.6769
Particle 3 new velocities: 34.3126, 45.7556
10.0982, 27.1893
Particle 4 new velocities: 51.0662, 111.085
15.8186, 61.8195
Particle 5 new velocities: 16.0869, 25.1842
3.70955, 53.6721
Particle 6 new velocities: 35.2529, 66.3326
7.28988, 33.5074
Particle 7 new velocities: 65.4626, 115.487
26.7194, 95.6512
Particle 8 new velocities: 27.1895, 72.7102
9.28631, 34.8521
Particle 9 new velocities: 10.8396, 55.4504
5.07054, 33.2749
Particle 10 new velocities: 38.7993, 69.573
3.69661, 32.8146
Particle 11 new velocities: 19.8225, 38.6705
4.76235, 19.785
Particle 12 new velocities: 23.122, 66.1216
6.30259, 41.0737
Particle 13 new velocities: 28.7208, 69.8928
8.92913, 42.8553
Particle 14 new velocities: 13.5421, 62.7769
5.2727, 18.5847
Particle 15 new velocities: 37.9438, 106.295
19.2426, 44.1817
Particle 16 new velocities: 12.7302, 16.2027
36.6285, 16.9301
Particle 17 new velocities: 15.3307, 44.835
5.74981, 29.424
Particle 18 new velocities: 28.0383, 44.3933
5.18298, 20.0355
Particle 19 new velocities: 17.22, 51.4062
-3.59025, 20.9568
Particle 20 new velocities: 73.8713, 69.0144
28.6442, 26.3275
-- ITERATION 15 --
-------------
Particle: 1:
Relays Coordinates:
91.2184, 200.211
32.9865, 104.848
Evaluation Time: 1.15337 seconds
Resulting Fitness: 0.266667
-------------
Particle: 2:
Relays Coordinates:
84.717, 193.999
26.6306, 104.697
Evaluation Time: 1.11889 seconds
Resulting Fitness: 0.233333
-------------
Particle: 3:
Relays Coordinates:
94.1387, 199.12
30.9161, 111.762
Evaluation Time: 1.1541 seconds
Resulting Fitness: 0.266667
-------------
Particle: 4:
Relays Coordinates:
95.9474, 196.519
29.3734, 113.794
Evaluation Time: 1.15906 seconds
Resulting Fitness: 0.244444
-------------
Particle: 5:
Relays Coordinates:
87.3982, 165.903
23.9229, 110.697
Evaluation Time: 0.995503 seconds
Resulting Fitness: 0.15
-------------
Particle: 6:
Relays Coordinates:
96.0527, 198.556
26.2724, 104.531
Evaluation Time: 1.15741 seconds
Resulting Fitness: 0.266667
-------------
Particle: 7:
Relays Coordinates:
98.7636, 166.766
29.9968, 108.514
Evaluation Time: 1.05205 seconds
Resulting Fitness: 0.183333
-------------
Particle: 8:
Relays Coordinates:
93.7831, 211.032
26.9528, 115.394
Evaluation Time: 1.14203 seconds
Resulting Fitness: 0.261111
-------------
Particle: 9:
Relays Coordinates:
91.7058, 196.023
23.7829, 114.468
Evaluation Time: 1.11649 seconds
Resulting Fitness: 0.25
-------------
Particle: 10:
Relays Coordinates:
92.5321, 189.028
10.5136, 101.994
Evaluation Time: 1.10667 seconds
Resulting Fitness: 0.227778
-------------
Particle: 11:
Relays Coordinates:
91.4257, 189.889
26.249, 105.625
Evaluation Time: 1.13051 seconds
Resulting Fitness: 0.233333
-------------
Particle: 12:
Relays Coordinates:
74.8009, 173.86
24.6504, 107.165
Evaluation Time: 1.03279 seconds
Resulting Fitness: 0.183333
-------------
Particle: 13:
Relays Coordinates:
83.0284, 196.678
23.8087, 111.979
Evaluation Time: 1.13943 seconds
Resulting Fitness: 0.25
-------------
Particle: 14:
Relays Coordinates:
84.2046, 173.796
21.7036, 85.492
Evaluation Time: 1.05594 seconds
Resulting Fitness: 0.183333
-------------
Particle: 15:
Relays Coordinates:
90.0675, 200.694
51.6932, 94.6752
Evaluation Time: 1.12972 seconds
Resulting Fitness: 0.266667
-------------
Particle: 16:
Relays Coordinates:
92.3524, 189.207
53.6458, 104.229
Evaluation Time: 1.10115 seconds
Resulting Fitness: 0.233333
-------------
Particle: 17:
Relays Coordinates:
87.403, 202.848
25.722, 112.012
Evaluation Time: 1.17774 seconds
Resulting Fitness: 0.266667
-------------
Particle: 18:
Relays Coordinates:
85.8462, 200.229
27.5684, 104.303
Evaluation Time: 1.19252 seconds
Resulting Fitness: 0.266667
-------------
Particle: 19:
Relays Coordinates:
91.9355, 205.05
25.4332, 106.726
Evaluation Time: 1.12948 seconds
Resulting Fitness: 0.263889
-------------
Particle: 20:
Relays Coordinates:
136.845, 176.032
65.3249, 88.9364
Evaluation Time: 1.11484 seconds
Resulting Fitness: 0.25
New local best!
Current global best fitness: 0.266667
Current global best relays: 94.5812, 198.36
26.3447, 113.498
Particle 1 new velocities: 25.0766, 50.5332
0.151982, 25.7899
Particle 2 new velocities: 19.9567, 44.5461
5.41329, 21.5798
Particle 3 new velocities: 27.252, 45.2167
3.69392, 25.3543
Particle 4 new velocities: 44.7917, 96.175
9.33345, 41.4399
Particle 5 new velocities: 15.0095, 49.445
6.94163, 43.2446
Particle 6 new velocities: 27.324, 53.4114
8.0226, 35.532
Particle 7 new velocities: 84.5182, 83.0498
20.1484, 77.7886
Particle 8 new velocities: 21.5733, 40.5664
5.26184, 26.2246
Particle 9 new velocities: 12.8717, 46.6671
6.4547, 25.7131
Particle 10 new velocities: 33.4084, 68.7771
19.4205, 49.0165
Particle 11 new velocities: 18.2293, 46.3541
4.03608, 18.0867
Particle 12 new velocities: 36.7465, 89.2967
6.88525, 39.1457
Particle 13 new velocities: 34.0995, 66.1168
8.62199, 35.701
Particle 14 new velocities: 59.7057, 46.7814
9.85545, 66.9407
Particle 15 new velocities: 48.9266, 80.9094
20.7575, 54.3468
Particle 16 new velocities: 13.1252, 18.6483
23.3499, 7.76998
Particle 17 new velocities: 28.1856, 35.1337
5.20152, 23.8231
Particle 18 new velocities: 29.556, 42.6592
9.48393, 27.288
Particle 19 new velocities: 20.6213, 33.083
8.41314, 21.1615
Particle 20 new velocities: 18.2375, 55.5799
-18.7503, 49.815
-- ITERATION 16 --
-------------
Particle: 1:
Relays Coordinates:
94.1989, 203.103
26.8422, 105.816
Evaluation Time: 1.12284 seconds
Resulting Fitness: 0.263889
-------------
Particle: 2:
Relays Coordinates:
84.7857, 193.222
25.9556, 102.284
Evaluation Time: 1.09132 seconds
Resulting Fitness: 0.216667
-------------
Particle: 3:
Relays Coordinates:
98.3265, 197.913
28.0341, 111.065
Evaluation Time: 1.11308 seconds
Resulting Fitness: 0.25
-------------
Particle: 4:
Relays Coordinates:
92.3389, 192.036
25.3956, 101.849
Evaluation Time: 1.12494 seconds
Resulting Fitness: 0.25
-------------
Particle: 5:
Relays Coordinates:
74.6552, 156.989
22.5002, 112.223
Evaluation Time: 1.0015 seconds
Resulting Fitness: 0.133333
-------------
Particle: 6:
Relays Coordinates:
99.9351, 204.093
27.779, 113.451
Evaluation Time: 1.15409 seconds
Resulting Fitness: 0.263889
-------------
Particle: 7:
Relays Coordinates:
108.226, 147.514
29.6103, 110.01
Evaluation Time: 1.12732 seconds
Resulting Fitness: 0.216667
-------------
Particle: 8:
Relays Coordinates:
93.4387, 203.795
26.0939, 114.711
Evaluation Time: 1.15869 seconds
Resulting Fitness: 0.266667
-------------
Particle: 9:
Relays Coordinates:
84.7078, 196.579
24.4924, 113.547
Evaluation Time: 1.13861 seconds
Resulting Fitness: 0.25
-------------
Particle: 10:
Relays Coordinates:
91.8106, 187.94
21.8219, 110.087
Evaluation Time: 1.11349 seconds
Resulting Fitness: 0.233333
-------------
Particle: 11:
Relays Coordinates:
88.8205, 191.357
24.5309, 100.206
Evaluation Time: 1.12598 seconds
Resulting Fitness: 0.233333
-------------
Particle: 12:
Relays Coordinates:
81.3181, 191.841
22.9895, 106.66
Evaluation Time: 1.12152 seconds
Resulting Fitness: 0.216667
-------------
Particle: 13:
Relays Coordinates:
85.3863, 191.577
23.6419, 107.659
Evaluation Time: 1.07495 seconds
Resulting Fitness: 0.216667
-------------
Particle: 14:
Relays Coordinates:
104.911, 160.801
23.0066, 111.123
Evaluation Time: 1.09841 seconds
Resulting Fitness: 0.216667
-------------
Particle: 15:
Relays Coordinates:
91.1941, 184.76
47.5349, 97.7733
Evaluation Time: 1.14656 seconds
Resulting Fitness: 0.233333
-------------
Particle: 16:
Relays Coordinates:
85.4368, 168.363
62.3665, 90.7192
Evaluation Time: 1.00072 seconds
Resulting Fitness: 0.15
-------------
Particle: 17:
Relays Coordinates:
93.6268, 192.765
25.048, 110.026
Evaluation Time: 1.14816 seconds
Resulting Fitness: 0.247222
-------------
Particle: 18:
Relays Coordinates:
93.4758, 196.74
30.0124, 106.589
Evaluation Time: 1.10722 seconds
Resulting Fitness: 0.25
-------------
Particle: 19:
Relays Coordinates:
91.171, 192.888
27.4156, 103.589
Evaluation Time: 1.16126 seconds
Resulting Fitness: 0.25
-------------
Particle: 20:
Relays Coordinates:
125.617, 187.606
37.7254, 112.389
Evaluation Time: 1.16867 seconds
Resulting Fitness: 0.233333
Current global best fitness: 0.266667
Current global best relays: 94.5812, 198.36
26.3447, 113.498
Particle 1 new velocities: 13.6836, 38.2563
20.6965, 25.6491
Particle 2 new velocities: 24.9664, 42.195
7.28273, 32.9456
Particle 3 new velocities: 16.9226, 58.1758
2.24601, 22.5177
Particle 4 new velocities: 50.8216, 83.1345
11.1293, 51.1957
Particle 5 new velocities: 30.6232, 114.185
17.6623, 33.7893
Particle 6 new velocities: 17.7989, 34.804
6.22398, 28.0704
Particle 7 new velocities: 81.0924, 126.939
17.1942, 63.0951
Particle 8 new velocities: 14.8048, 27.7945
2.75771, 18.2096
Particle 9 new velocities: 18.1146, 40.8589
9.21142, 20.5162
Particle 10 new velocities: 33.5597, 58.1315
8.0579, 53.2308
Particle 11 new velocities: 29.8306, 51.0261
4.09992, 34.0082
Particle 12 new velocities: 53.3211, 70.1393
8.80626, 41.55
Particle 13 new velocities: 41.4787, 63.5232
10.7196, 40.1104
Particle 14 new velocities: 37.4264, 39.6694
12.7434, 49.8336
Particle 15 new velocities: 46.1493, 80.2877
30.4754, 57.6456
Particle 16 new velocities: 22.8102, 56.893
7.91261, 17.4343
Particle 17 new velocities: 23.9384, 42.7974
7.66761, 22.3585
Particle 18 new velocities: 21.3302, 53.0247
5.5562, 26.1905
Particle 19 new velocities: 27.5314, 32.0803
9.75254, 19.9706
Particle 20 new velocities: -2.95942, 38.9386
8.69681, 6.28995
-- ITERATION 17 --
-------------
Particle: 1:
Relays Coordinates:
87.3848, 195.501
38.5064, 106.487
Evaluation Time: 1.17953 seconds
Resulting Fitness: 0.25
-------------
Particle: 2:
Relays Coordinates:
88.8993, 190.688
26.923, 109.536
Evaluation Time: 1.14305 seconds
Resulting Fitness: 0.233333
-------------
Particle: 3:
Relays Coordinates:
84.0166, 186.689
22.0742, 97.3814
Evaluation Time: 1.12117 seconds
Resulting Fitness: 0.216667
-------------
Particle: 4:
Relays Coordinates:
104.364, 200.599
26.6266, 111.57
Evaluation Time: 1.18342 seconds
Resulting Fitness: 0.266667
-------------
Particle: 5:
Relays Coordinates:
76.748, 197.686
29.2785, 106.443
Evaluation Time: 1.10356 seconds
Resulting Fitness: 0.233333
-------------
Particle: 6:
Relays Coordinates:
95.3645, 193.507
27.5424, 114.632
Evaluation Time: 1.16296 seconds
Resulting Fitness: 0.25
-------------
Particle: 7:
Relays Coordinates:
124.212, 180.069
30.7084, 113.574
Evaluation Time: 1.11334 seconds
Resulting Fitness: 0.233333
-------------
Particle: 8:
Relays Coordinates:
87.6773, 187.587
23.3698, 107.666
Evaluation Time: 1.14134 seconds
Resulting Fitness: 0.233333
-------------
Particle: 9:
Relays Coordinates:
83.2861, 192.324
27.3001, 108.591
Evaluation Time: 1.08987 seconds
Resulting Fitness: 0.216667
-------------
Particle: 10:
Relays Coordinates:
82.2554, 161.447
19.6041, 107.153
Evaluation Time: 1.03788 seconds
Resulting Fitness: 0.15
-------------
Particle: 11:
Relays Coordinates:
96.1074, 196.33
23.191, 108.714
Evaluation Time: 1.13964 seconds
Resulting Fitness: 0.25
-------------
Particle: 12:
Relays Coordinates:
98.152, 190.984
23.1791, 108.045
Evaluation Time: 1.14331 seconds
Resulting Fitness: 0.25
New local best!
-------------
Particle: 13:
Relays Coordinates:
92.4846, 185.968
25.0496, 107.724
Evaluation Time: 1.11178 seconds
Resulting Fitness: 0.233333
-------------
Particle: 14:
Relays Coordinates:
93.3873, 131.529
23.4556, 105.604
Evaluation Time: 0.980319 seconds
Resulting Fitness: 0.116667
-------------
Particle: 15:
Relays Coordinates:
90.111, 173.898
51.1826, 101.97
Evaluation Time: 1.07935 seconds
Resulting Fitness: 0.2
-------------
Particle: 16:
Relays Coordinates:
97.4223, 202.73
63.2512, 97.3382
Evaluation Time: 1.14575 seconds
Resulting Fitness: 0.266667
-------------
Particle: 17:
Relays Coordinates:
95.2278, 190.806
26.4997, 107.231
Evaluation Time: 1.13574 seconds
Resulting Fitness: 0.25
-------------
Particle: 18:
Relays Coordinates:
92.9928, 202.309
28.8106, 107.551
Evaluation Time: 1.15357 seconds
Resulting Fitness: 0.266667
-------------
Particle: 19:
Relays Coordinates:
106.832, 202.471
33.4513, 111.204
Evaluation Time: 1.15905 seconds
Resulting Fitness: 0.261111
-------------
Particle: 20:
Relays Coordinates:
110.391, 203.89
41.78, 106.811
Evaluation Time: 1.15254 seconds
Resulting Fitness: 0.266667
New local best!
Current global best fitness: 0.266667
Current global best relays: 94.5812, 198.36
26.3447, 113.498
Particle 1 new velocities: 20.9957, 48.6188
22.2537, 28.4653
Particle 2 new velocities: 22.8293, 39.3072
7.59451, 25.1337
Particle 3 new velocities: 31.9941, 99.6167
15.5165, 50.6652
Particle 4 new velocities: 33.4187, 65.2376
11.4004, 39.4456
Particle 5 new velocities: 42.2755, 91.9698
12.8417, 29.5095
Particle 6 new velocities: 13.6253, 36.151
5.69714, 17.6537
Particle 7 new velocities: 24.8646, 91.4691
14.6768, 42.4281
Particle 8 new velocities: 18.4424, 36.729
2.57291, 20.8399
Particle 9 new velocities: 26.1992, 46.1687
5.7435, 24.4725
Particle 10 new velocities: 45.3878, 104.623
3.52387, 45.7942
Particle 11 new velocities: 21.7798, 41.9034
8.94697, 32.6559
Particle 12 new velocities: 39.6675, 58.1121
7.38503, 37.2523
Particle 13 new velocities: 35.2936, 95.0331
11.0712, 41.3587
Particle 14 new velocities: 59.4342, 67.7086
17.2753, 41.4112
Particle 15 new velocities: 42.4921, 91.1099
24.7826, 60.3138
Particle 16 new velocities: 14.6923, 41.5086
-23.2665, 31.5959
Particle 17 new velocities: 17.0099, 51.1278
6.69075, 23.1
Particle 18 new velocities: 13.2605, 46.0926
4.87006, 27.7598
Particle 19 new velocities: 11.6061, 24.8399
6.50687, 16.0062
Particle 20 new velocities: -14.034, 30.67
-7.12894, 11.1333
-- ITERATION 18 --
-------------
Particle: 1:
Relays Coordinates:
87.7882, 197.737
49.2157, 109.311
Evaluation Time: 1.16549 seconds
Resulting Fitness: 0.266667
-------------
Particle: 2:
Relays Coordinates:
90.5001, 186.296
27.9592, 109.082
Evaluation Time: 1.14701 seconds
Resulting Fitness: 0.233333
-------------
Particle: 3:
Relays Coordinates:
84.5718, 208.717
27.4036, 107.926
Evaluation Time: 1.13089 seconds
Resulting Fitness: 0.266667
-------------
Particle: 4:
Relays Coordinates:
100.444, 193.795
27.7217, 110.09
Evaluation Time: 1.14658 seconds
Resulting Fitness: 0.25
-------------
Particle: 5:
Relays Coordinates:
78.0913, 190.043
27.6351, 89.1986
Evaluation Time: 1.07706 seconds
Resulting Fitness: 0.2
-------------
Particle: 6:
Relays Coordinates:
88.2817, 186.023
26.924, 107.152
Evaluation Time: 1.11556 seconds
Resulting Fitness: 0.233333
-------------
Particle: 7:
Relays Coordinates:
108.677, 197.951
33.0858, 113.726
Evaluation Time: 1.15039 seconds
Resulting Fitness: 0.25
New local best!
-------------
Particle: 8:
Relays Coordinates:
95.5077, 201.885
23.3484, 115.655
Evaluation Time: 1.16298 seconds
Resulting Fitness: 0.266667
-------------
Particle: 9:
Relays Coordinates:
88.6831, 193.179
26.7653, 107.781
Evaluation Time: 1.15827 seconds
Resulting Fitness: 0.25
-------------
Particle: 10:
Relays Coordinates:
93.0519, 193.965
16.8603, 111.498
Evaluation Time: 1.1263 seconds
Resulting Fitness: 0.25
-------------
Particle: 11:
Relays Coordinates:
95.4886, 192.969
26.0317, 114.509
Evaluation Time: 1.15043 seconds
Resulting Fitness: 0.25
-------------
Particle: 12:
Relays Coordinates:
100.47, 181.591
22.2813, 105.922
Evaluation Time: 1.16029 seconds
Resulting Fitness: 0.216667
-------------
Particle: 13:
Relays Coordinates:
93.1503, 204.85
26.3321, 108.681
Evaluation Time: 1.15056 seconds
Resulting Fitness: 0.266667
-------------
Particle: 14:
Relays Coordinates:
111.407, 145.244
29.6928, 107.174
Evaluation Time: 1.1159 seconds
Resulting Fitness: 0.216667
-------------
Particle: 15:
Relays Coordinates:
87.0009, 173.872
49.8408, 106.475
Evaluation Time: 1.07709 seconds
Resulting Fitness: 0.183333
-------------
Particle: 16:
Relays Coordinates:
90.8128, 197.833
32.3876, 104.437
Evaluation Time: 1.16181 seconds
Resulting Fitness: 0.266667
-------------
Particle: 17:
Relays Coordinates:
90.9125, 195.966
26.8842, 105.568
Evaluation Time: 1.1634 seconds
Resulting Fitness: 0.25
-------------
Particle: 18:
Relays Coordinates:
86.0652, 201.206
27.2813, 109.602
Evaluation Time: 1.13527 seconds
Resulting Fitness: 0.266667
-------------
Particle: 19:
Relays Coordinates:
95.9349, 184.122
32.3661, 103.04
Evaluation Time: 1.10253 seconds
Resulting Fitness: 0.227778
-------------
Particle: 20:
Relays Coordinates:
86.7217, 211.104
31.1859, 106.15
Evaluation Time: 1.15468 seconds
Resulting Fitness: 0.266667
Current global best fitness: 0.266667
Current global best relays: 94.5812, 198.36
26.3447, 113.498
Particle 1 new velocities: 22.3462, 48.2013
-4.62943, 22.6389
Particle 2 new velocities: 18.349, 54.7684
4.86404, 19.4225
Particle 3 new velocities: 41.1264, 69.4379
13.1031, 53.8696
Particle 4 new velocities: 26.1336, 70.9692
11.153, 33.7249
Particle 5 new velocities: 45.1785, 94.8178
11.1387, 56.2326
Particle 6 new velocities: 24.665, 47.1164
6.17062, 17.0979
Particle 7 new velocities: 4.62078, 73.5226
8.09943, 33.6998
Particle 8 new velocities: 13.8201, 28.7559
6.96511, 14.2851
Particle 9 new velocities: 24.879, 39.758
4.12298, 23.3833
Particle 10 new velocities: 41.8652, 84.6618
-0.434649, 38.6514
Particle 11 new velocities: 16.129, 38.7259
7.94824, 18.7733
Particle 12 new velocities: 21.8123, 49.6414
6.92563, 35.7114
Particle 13 new velocities: 24.7831, 71.3802
9.78462, 41.3245
Particle 14 new velocities: 36.5989, 87.2799
8.56512, 36.2577
Particle 15 new velocities: 37.6721, 107.458
9.24448, 53.6673
Particle 16 new velocities: 14.609, 36.6066
34.0276, 5.80776
Particle 17 new velocities: 17.473, 42.9003
5.58739, 39.256
Particle 18 new velocities: 12.1444, 40.7402
6.43345, 23.2321
Particle 19 new velocities: 10.7829, 56.9792
3.45233, 29.3137
Particle 20 new velocities: 28.8636, 1.29305
4.79453, 16.0626
-- ITERATION 19 --
-------------
Particle: 1:
Relays Coordinates:
89.2089, 199.21
36.1149, 106.88
Evaluation Time: 1.13828 seconds
Resulting Fitness: 0.266667
-------------
Particle: 2:
Relays Coordinates:
88.1678, 195.262
26.5868, 104.089
Evaluation Time: 1.15456 seconds
Resulting Fitness: 0.25
-------------
Particle: 3:
Relays Coordinates:
82.4706, 182.497
26.5764, 106.154
Evaluation Time: 1.09444 seconds
Resulting Fitness: 0.183333
-------------
Particle: 4:
Relays Coordinates:
92.2748, 193.013
28.3396, 104.841
Evaluation Time: 1.13752 seconds
Resulting Fitness: 0.25
-------------
Particle: 5:
Relays Coordinates:
89.8637, 207.664
28.2661, 106.019
Evaluation Time: 1.13763 seconds
Resulting Fitness: 0.266667
-------------
Particle: 6:
Relays Coordinates:
91.4869, 188.843
26.8067, 100.642
Evaluation Time: 1.1211 seconds
Resulting Fitness: 0.230556
-------------
Particle: 7:
Relays Coordinates:
82.5939, 197.904
30.0241, 107.473
Evaluation Time: 1.13816 seconds
Resulting Fitness: 0.25
-------------
Particle: 8:
Relays Coordinates:
88.5555, 186.819
24.554, 105.252
Evaluation Time: 1.23402 seconds
Resulting Fitness: 0.233333
-------------
Particle: 9:
Relays Coordinates:
91.9854, 188.679
25.0195, 106.243
Evaluation Time: 1.14381 seconds
Resulting Fitness: 0.233333
-------------
Particle: 10:
Relays Coordinates:
88.5192, 182.807
10.7769, 98.5132
Evaluation Time: 1.16841 seconds
Resulting Fitness: 0.233333
-------------
Particle: 11:
Relays Coordinates:
90.4103, 187.673
27.5238, 107.959
Evaluation Time: 1.12247 seconds
Resulting Fitness: 0.233333
-------------
Particle: 12:
Relays Coordinates:
99.049, 187.298
23.6576, 114.723
Evaluation Time: 1.10474 seconds
Resulting Fitness: 0.230556
-------------
Particle: 13:
Relays Coordinates:
85.9734, 201.372
26.3291, 109.354
Evaluation Time: 1.174 seconds
Resulting Fitness: 0.263889
-------------
Particle: 14:
Relays Coordinates:
107.896, 169.51
27.89, 104.562
Evaluation Time: 1.07456 seconds
Resulting Fitness: 0.2
-------------
Particle: 15:
Relays Coordinates:
81.798, 184.58
38.7658, 105.069
Evaluation Time: 1.11205 seconds
Resulting Fitness: 0.2
-------------
Particle: 16:
Relays Coordinates:
94.8796, 210.996
59.7737, 99.2199
Evaluation Time: 1.23636 seconds
Resulting Fitness: 0.266667
-------------
Particle: 17:
Relays Coordinates:
79.013, 174.134
23.6718, 105.577
Evaluation Time: 1.09176 seconds
Resulting Fitness: 0.183333
-------------
Particle: 18:
Relays Coordinates:
79.5498, 195.976
27.309, 107.595
Evaluation Time: 1.15578 seconds
Resulting Fitness: 0.233333
-------------
Particle: 19:
Relays Coordinates:
86.4415, 195.292
29.0129, 107.207
Evaluation Time: 1.17271 seconds
Resulting Fitness: 0.25
-------------
Particle: 20:
Relays Coordinates:
104.027, 191.157
32.3824, 109.991
Evaluation Time: 1.14212 seconds
Resulting Fitness: 0.25
Current global best fitness: 0.266667
Current global best relays: 94.5812, 198.36
26.3447, 113.498
Particle 1 new velocities: 20.5486, 44.7035
-9.32631, 24.335
Particle 2 new velocities: 15.9976, 48.0903
5.08759, 27.8614
Particle 3 new velocities: 55.4461, 61.3605
12.8422, 61.1611
Particle 4 new velocities: 40.5144, 72.6668
10.2533, 33.6223
Particle 5 new velocities: 36.18, 70.4076
7.76312, 48.0948
Particle 6 new velocities: 25.8846, 48.8155
5.50339, 24.34
Particle 7 new velocities: 34.9796, 58.9221
7.11619, 34.7628
Particle 8 new velocities: 16.5508, 47.1378
6.64479, 14.2017
Particle 9 new velocities: 24.0016, 47.6622
5.55159, 30.6367
Particle 10 new velocities: 44.6663, 90.5495
6.04638, 52.3268
Particle 11 new velocities: 21.1128, 44.2479
4.08237, 16.5623
Particle 12 new velocities: 12.8639, 44.4113
8.74944, 19.887
Particle 13 new velocities: 30.2797, 66.2196
10.5742, 38.6432
Particle 14 new velocities: 31.8081, 64.5045
6.34153, 33.8971
Particle 15 new velocities: 48.7676, 101.143
37.8029, 46.2686
Particle 16 new velocities: 9.95696, 7.48192
-8.63792, 16.0658
Particle 17 new velocities: 45.9264, 68.0824
9.58036, 37.9377
Particle 18 new velocities: 30.0562, 40.6363
4.92395, 16.761
Particle 19 new velocities: 27.2057, 61.6613
4.17853, 31.0514
Particle 20 new velocities: 16.0074, 10.6845
18.6787, 12.8052
-- ITERATION 20 --
-------------
Particle: 1:
Relays Coordinates:
88.9035, 197.57
21.6987, 106.284
Evaluation Time: 1.19728 seconds
Resulting Fitness: 0.266667
-------------
Particle: 2:
Relays Coordinates:
84.3739, 197.115
25.6563, 106.88
Evaluation Time: 1.17231 seconds
Resulting Fitness: 0.25
-------------
Particle: 3:
Relays Coordinates:
90.4872, 159.995
25.8626, 109.776
Evaluation Time: 1.06775 seconds
Resulting Fitness: 0.15
-------------
Particle: 4:
Relays Coordinates:
96.8033, 193.681
28.1342, 100.94
Evaluation Time: 1.15547 seconds
Resulting Fitness: 0.25
-------------
Particle: 5:
Relays Coordinates:
91.8858, 202.714
26.2653, 112.349
Evaluation Time: 1.14018 seconds
Resulting Fitness: 0.266667
-------------
Particle: 6:
Relays Coordinates:
95.0709, 192.503
26.1711, 101.236
Evaluation Time: 1.16466 seconds
Resulting Fitness: 0.25
-------------
Particle: 7:
Relays Coordinates:
95.2345, 208.029
30.0836, 115.211
Evaluation Time: 1.12471 seconds
Resulting Fitness: 0.266667
New local best!
-------------
Particle: 8:
Relays Coordinates:
85.1361, 189.505
25.271, 96.7572
Evaluation Time: 1.11354 seconds
Resulting Fitness: 0.216667
-------------
Particle: 9:
Relays Coordinates:
93.9495, 191.437
24.7626, 110.873
Evaluation Time: 1.12875 seconds
Resulting Fitness: 0.25
-------------
Particle: 10:
Relays Coordinates:
87.383, 179.349
11.0377, 98.9661
Evaluation Time: 1.05469 seconds
Resulting Fitness: 0.2
-------------
Particle: 11:
Relays Coordinates:
90.3336, 187.856
25.601, 100.862
Evaluation Time: 1.11601 seconds
Resulting Fitness: 0.233333
-------------
Particle: 12:
Relays Coordinates:
90.6495, 187.685
26.2497, 109.034
Evaluation Time: 1.10765 seconds
Resulting Fitness: 0.233333
-------------
Particle: 13:
Relays Coordinates:
84.7485, 195.074
26.9024, 107.89
Evaluation Time: 1.10691 seconds
Resulting Fitness: 0.233333
-------------
Particle: 14:
Relays Coordinates:
113.16, 189.552
27.7276, 112.152
Evaluation Time: 1.1269 seconds
Resulting Fitness: 0.233333
-------------
Particle: 15:
Relays Coordinates:
85.664, 187.463
50.2367, 99.2927
Evaluation Time: 1.0863 seconds
Resulting Fitness: 0.216667
-------------
Particle: 16:
Relays Coordinates:
94.3529, 196.63
46.0222, 103.757
Evaluation Time: 1.11924 seconds
Resulting Fitness: 0.247222
-------------
Particle: 17:
Relays Coordinates:
101.201, 196.195
26.9343, 116.247
Evaluation Time: 1.13413 seconds
Resulting Fitness: 0.244444
-------------
Particle: 18:
Relays Coordinates:
88.7808, 191.656
26.1087, 100.729
Evaluation Time: 1.11192 seconds
Resulting Fitness: 0.233333
-------------
Particle: 19:
Relays Coordinates:
92.0542, 208.132
26.8851, 111.989
Evaluation Time: 1.14637 seconds
Resulting Fitness: 0.266667
-------------
Particle: 20:
Relays Coordinates:
108.031, 181.658
45.955, 110.517
Evaluation Time: 1.07322 seconds
Resulting Fitness: 0.188889
Final Evaluation Time: 461.608 seconds
Final global best fitness: 0.266667
Final global best relays:
94.5812, 198.36
26.3447, 113.498
