PSO EXECUTION
============================
Seed: 1555680
Particles: 20
Relays: 2
Iterations: 20
Backend: Simulation
Network Configuration: 1
Area: 500 x 500
Sink: 0, 0
Simulated Relay range: 155
w: 0.8
c1: 1.7
c2: 1.3

Relay Nodes Positions: 
PARTICLE 1: 
138.516, 65.0709
138.891, 42.138
PARTICLE 2: 
92.7765, 46.9151
141.84, 11.9944
PARTICLE 3: 
58.3099, 112.165
174.541, 44.5465
PARTICLE 4: 
31.3742, 118.846
17.5597, 14.0362
PARTICLE 5: 
82.393, 120.947
151.33, 25.1114
PARTICLE 6: 
222.19, 166.728
120.794, 57.6733
PARTICLE 7: 
16.7837, 37.3963
58.5001, 3.33834
PARTICLE 8: 
101.719, 29.1837
137.028, 15.6948
PARTICLE 9: 
147.229, 36.4349
6.79169, 107.687
PARTICLE 10: 
79.7266, 65.3194
64.6522, 150.586
PARTICLE 11: 
19.3994, 74.5271
49.3795, 144.483
PARTICLE 12: 
4.38052, 165.191
49.3182, 19.0006
PARTICLE 13: 
199.484, 8.97831
114.824, 4.57247
PARTICLE 14: 
38.981, 65.4596
63.3965, 17.0008
PARTICLE 15: 
70.2813, 216.845
6.34889, 119.784
PARTICLE 16: 
202.789, 28.6019
69.5797, 94.3986
PARTICLE 17: 
13.0313, 121.007
84.022, 107.507
PARTICLE 18: 
28.7336, 167.362
37.1482, 79.2393
PARTICLE 19: 
127.93, 33.9781
44.0837, 135.135
PARTICLE 20: 
72.1542, 87.2988
158.828, 41.5198
Nodes Positions: 
430.696, 206.172
35.4191, 421.2
195.689, 482.69
298.786, 181.221
380.062, 28.6931
391.336, 254.398
107.968, 455.037
401.846, 17.0577
315.636, 219.54
228.485, 214.808
30.2897, 12.943
333.897, 169.687
117.824, 322.98
3.41665, 289.122
368.412, 142.002
185.578, 342.691
415.934, 194.657
177.374, 487.048
163.837, 404.41
20.3612, 301.448
116.623, 117.653
42.218, 393.27
13.8867, 75.5106
138.689, 328.06
79.769, 375.91
449.142, 233.249
483.834, 352.016
218.11, 239.153
348.761, 141.039
306.731, 468.46
327.036, 415.629
362.247, 152.457
240.061, 88.5246
324.087, 163.455
169.855, 428.65
85.3554, 463.329
56.5288, 364.471
283.182, 68.575
480.485, 444.65
468.412, 110.537
127.373, 294.826
435.128, 7.40817
74.0242, 283.116
204.136, 187.199
394.109, 57.4577
147.528, 268.135
419.742, 95.4679
252.571, 258.777
212.146, 66.3246
357.792, 313.087
457.476, 39.7418
93.7587, 107.143
274.387, 384.089
461.993, 367.883
266.131, 434.062
243.567, 128.22
286.868, 48.5324
65.6997, 339.105
151.367, 244.98
495.526, 498.559
All particles start with velocity zero
-- ITERATION 0 --
-------------
Particle: 1:
Relays Coordinates:
138.516, 65.0709
138.891, 42.138
Evaluation Time: 1.13316 seconds
Resulting Fitness: 0.166667
New local best!
New global best!
-------------
Particle: 2:
Relays Coordinates:
92.7765, 46.9151
141.84, 11.9944
Evaluation Time: 1.07701 seconds
Resulting Fitness: 0.15
New local best!
-------------
Particle: 3:
Relays Coordinates:
58.3099, 112.165
174.541, 44.5465
Evaluation Time: 1.14436 seconds
Resulting Fitness: 0.175
New local best!
New global best!
-------------
Particle: 4:
Relays Coordinates:
31.3742, 118.846
17.5597, 14.0362
Evaluation Time: 1.035 seconds
Resulting Fitness: 0.0694444
New local best!
-------------
Particle: 5:
Relays Coordinates:
82.393, 120.947
151.33, 25.1114
Evaluation Time: 1.20286 seconds
Resulting Fitness: 0.216667
New local best!
New global best!
-------------
Particle: 6:
Relays Coordinates:
222.19, 166.728
120.794, 57.6733
Evaluation Time: 1.43654 seconds
Resulting Fitness: 0.383333
New local best!
New global best!
-------------
Particle: 7:
Relays Coordinates:
16.7837, 37.3963
58.5001, 3.33834
Evaluation Time: 0.97094 seconds
Resulting Fitness: 0.075
New local best!
-------------
Particle: 8:
Relays Coordinates:
101.719, 29.1837
137.028, 15.6948
Evaluation Time: 1.11152 seconds
Resulting Fitness: 0.15
New local best!
-------------
Particle: 9:
Relays Coordinates:
147.229, 36.4349
6.79169, 107.687
Evaluation Time: 1.08877 seconds
Resulting Fitness: 0.163889
New local best!
-------------
Particle: 10:
Relays Coordinates:
79.7266, 65.3194
64.6522, 150.586
Evaluation Time: 1.20412 seconds
Resulting Fitness: 0.197222
New local best!
-------------
Particle: 11:
Relays Coordinates:
19.3994, 74.5271
49.3795, 144.483
Evaluation Time: 1.09049 seconds
Resulting Fitness: 0.166667
New local best!
-------------
Particle: 12:
Relays Coordinates:
4.38052, 165.191
49.3182, 19.0006
Evaluation Time: 1.09787 seconds
Resulting Fitness: 0.125
New local best!
-------------
Particle: 13:
Relays Coordinates:
199.484, 8.97831
114.824, 4.57247
Evaluation Time: 1.06423 seconds
Resulting Fitness: 0.15
New local best!
-------------
Particle: 14:
Relays Coordinates:
38.981, 65.4596
63.3965, 17.0008
Evaluation Time: 0.974977 seconds
Resulting Fitness: 0.0833333
New local best!
-------------
Particle: 15:
Relays Coordinates:
70.2813, 216.845
6.34889, 119.784
Evaluation Time: 1.29654 seconds
Resulting Fitness: 0.294444
New local best!
-------------
Particle: 16:
Relays Coordinates:
202.789, 28.6019
69.5797, 94.3986
Evaluation Time: 1.13493 seconds
Resulting Fitness: 0.166667
New local best!
-------------
Particle: 17:
Relays Coordinates:
13.0313, 121.007
84.022, 107.507
Evaluation Time: 1.13 seconds
Resulting Fitness: 0.136111
New local best!
-------------
Particle: 18:
Relays Coordinates:
28.7336, 167.362
37.1482, 79.2393
Evaluation Time: 1.11471 seconds
Resulting Fitness: 0.158333
New local best!
-------------
Particle: 19:
Relays Coordinates:
127.93, 33.9781
44.0837, 135.135
Evaluation Time: 1.15824 seconds
Resulting Fitness: 0.205556
New local best!
-------------
Particle: 20:
Relays Coordinates:
72.1542, 87.2988
158.828, 41.5198
Evaluation Time: 1.06255 seconds
Resulting Fitness: 0.166667
New local best!
Current global best fitness: 0.383333
Current global best relays: 222.19, 166.728
120.794, 57.6733
Particle 1 new velocities: 71.9082, 21.675
-21.8068, 14.0425
Particle 2 new velocities: 148.635, 53.703
-24.6977, 38.5167
Particle 3 new velocities: 193.179, 19.5584
-30.5641, 4.52848
Particle 4 new velocities: 15.5665, 36.5678
86.4839, 15.7308
Particle 5 new velocities: 61.9345, 7.85689
-1.89207, 40.8086
Particle 6 new velocities: 0, 0
0, 0
Particle 7 new velocities: 16.4231, 69.1812
28.29, 43.354
Particle 8 new velocities: 57.9064, 72.3916
-0.660496, 42.2981
Particle 9 new velocities: 33.8294, 76.3883
15.4444, -26.1818
Particle 10 new velocities: 111.063, 47.8879
67.5484, -5.58616
Particle 11 new velocities: 214.024, 116.764
39.5103, -55.5824
Particle 12 new velocities: 175.08, 1.81131
41.373, 20.8078
Particle 13 new velocities: 25.294, 37.7287
1.11081, 56.2666
Particle 14 new velocities: 140.056, 117.104
47.5416, 0.0127552
Particle 15 new velocities: 164.428, -29.9234
148.59, -36.0074
Particle 16 new velocities: 18.1996, 123.297
45.375, -6.56598
Particle 17 new velocities: 60.7138, 56.7153
20.0525, -5.11556
Particle 18 new velocities: 28.9017, -0.648003
30.8689, -10.0256
Particle 19 new velocities: 96.3249, 80.191
99.2438, -88.0271
Particle 20 new velocities: 165.259, 44.4314
-13.4182, 17.4046
-- ITERATION 1 --
-------------
Particle: 1:
Relays Coordinates:
210.425, 86.7459
117.084, 56.1805
Evaluation Time: 1.27525 seconds
Resulting Fitness: 0.277778
New local best!
-------------
Particle: 2:
Relays Coordinates:
241.411, 100.618
117.143, 50.511
Evaluation Time: 1.39031 seconds
Resulting Fitness: 0.366667
New local best!
-------------
Particle: 3:
Relays Coordinates:
251.489, 131.723
143.977, 49.0749
Evaluation Time: 1.44946 seconds
Resulting Fitness: 0.363889
New local best!
-------------
Particle: 4:
Relays Coordinates:
46.9407, 155.413
104.044, 29.767
Evaluation Time: 1.19556 seconds
Resulting Fitness: 0.202778
New local best!
-------------
Particle: 5:
Relays Coordinates:
129.895, 115.924
134.494, 59.328
Evaluation Time: 1.19115 seconds
Resulting Fitness: 0.233333
New local best!
-------------
Particle: 6:
Relays Coordinates:
222.19, 166.728
120.794, 57.6733
Evaluation Time: 1.40887 seconds
Resulting Fitness: 0.383333
-------------
Particle: 7:
Relays Coordinates:
33.2068, 106.577
86.7901, 46.6924
Evaluation Time: 1.15342 seconds
Resulting Fitness: 0.0944444
New local best!
-------------
Particle: 8:
Relays Coordinates:
159.625, 101.575
136.367, 57.9929
Evaluation Time: 1.25305 seconds
Resulting Fitness: 0.241667
New local best!
-------------
Particle: 9:
Relays Coordinates:
162.953, 101.541
20.0124, 73.3551
Evaluation Time: 1.27484 seconds
Resulting Fitness: 0.230556
New local best!
-------------
Particle: 10:
Relays Coordinates:
139.085, 82.5282
96.3742, 105.705
Evaluation Time: 1.26255 seconds
Resulting Fitness: 0.197222
-------------
Particle: 11:
Relays Coordinates:
189.073, 154.946
72.0008, 72.0095
Evaluation Time: 1.41268 seconds
Resulting Fitness: 0.347222
New local best!
-------------
Particle: 12:
Relays Coordinates:
161.514, 150.302
81.6221, 35.8276
Evaluation Time: 1.37843 seconds
Resulting Fitness: 0.297222
New local best!
-------------
Particle: 13:
Relays Coordinates:
224.778, 46.707
115.934, 60.8391
Evaluation Time: 1.28231 seconds
Resulting Fitness: 0.236111
New local best!
-------------
Particle: 14:
Relays Coordinates:
145.02, 147.876
89.8599, 13.781
Evaluation Time: 1.29099 seconds
Resulting Fitness: 0.277778
New local best!
-------------
Particle: 15:
Relays Coordinates:
190.114, 151.407
125.501, 67.8594
Evaluation Time: 1.37492 seconds
Resulting Fitness: 0.338889
New local best!
-------------
Particle: 16:
Relays Coordinates:
220.989, 151.899
114.955, 87.8327
Evaluation Time: 1.37619 seconds
Resulting Fitness: 0.366667
New local best!
-------------
Particle: 17:
Relays Coordinates:
73.7451, 177.722
104.074, 102.392
Evaluation Time: 1.30251 seconds
Resulting Fitness: 0.302778
New local best!
-------------
Particle: 18:
Relays Coordinates:
57.6353, 166.714
68.0171, 69.2137
Evaluation Time: 1.2287 seconds
Resulting Fitness: 0.205556
New local best!
-------------
Particle: 19:
Relays Coordinates:
224.255, 114.169
143.328, 47.1081
Evaluation Time: 1.31719 seconds
Resulting Fitness: 0.35
New local best!
-------------
Particle: 20:
Relays Coordinates:
213.671, 118.557
130.869, 53.032
Evaluation Time: 1.31107 seconds
Resulting Fitness: 0.352778
New local best!
Current global best fitness: 0.383333
Current global best relays: 222.19, 166.728
120.794, 57.6733
Particle 1 new velocities: 69.5547, 32.3512
-12.7128, 12.8848
Particle 2 new velocities: 108.153, 80.2247
-15.5943, 37.3048
Particle 3 new velocities: 147.117, 37.2306
-46.1956, 5.0605
Particle 4 new velocities: 215.373, 38.334
88.9883, 29.8244
Particle 5 new velocities: 139.106, 39.2734
-7.50191, 30.5425
Particle 6 new velocities: 0, 0
0, 0
Particle 7 new velocities: 257.191, 100.942
60.1174, 36.2077
Particle 8 new velocities: 74.0905, 82.2547
-7.09638, 33.732
Particle 9 new velocities: 65.4721, 119.367
114.893, -35.9783
Particle 10 new velocities: 185.985, 108.29
51.9812, 60.783
Particle 11 new velocities: 190.267, 95.1713
45.5217, -62.4895
Particle 12 new velocities: 159.465, 5.99814
71.2659, 26.8748
Particle 13 new velocities: 18.2014, 125.355
5.46555, 44.405
Particle 14 new velocities: 114.525, 113.036
73.732, 27.4461
Particle 15 new velocities: 149.55, -18.1529
113.504, -35.6214
Particle 16 new velocities: 14.792, 108.985
43.7148, -32.5201
Particle 17 new velocities: 57.912, 35.6392
21.16, -22.4925
Particle 18 new velocities: 146.9, -0.502988
49.6997, -19.8541
Particle 19 new velocities: 76.6457, 94.7953
55.1891, -64.2517
Particle 20 new velocities: 141.94, 77.9345
-18.3357, 14.3478
-- ITERATION 2 --
-------------
Particle: 1:
Relays Coordinates:
226.783, 96.4687
84.5408, 55.9429
Evaluation Time: 1.33243 seconds
Resulting Fitness: 0.336111
New local best!
-------------
Particle: 2:
Relays Coordinates:
185.773, 96.1073
53.9669, 46.6689
Evaluation Time: 1.20782 seconds
Resulting Fitness: 0.261111
-------------
Particle: 3:
Relays Coordinates:
190.652, 80.8102
46.7687, 25.8928
Evaluation Time: 1.18217 seconds
Resulting Fitness: 0.238889
-------------
Particle: 4:
Relays Coordinates:
191.227, 141.242
140.72, 43.4421
Evaluation Time: 1.32712 seconds
Resulting Fitness: 0.325
New local best!
-------------
Particle: 5:
Relays Coordinates:
242.1, 139.677
114.293, 80.8835
Evaluation Time: 1.30817 seconds
Resulting Fitness: 0.355556
New local best!
-------------
Particle: 6:
Relays Coordinates:
222.19, 166.728
120.794, 57.6733
Evaluation Time: 1.34243 seconds
Resulting Fitness: 0.383333
-------------
Particle: 7:
Relays Coordinates:
235.222, 168.091
118.995, 67.1491
Evaluation Time: 1.36264 seconds
Resulting Fitness: 0.361111
New local best!
-------------
Particle: 8:
Relays Coordinates:
210.344, 165.447
116.344, 82.5524
Evaluation Time: 1.39257 seconds
Resulting Fitness: 0.375
New local best!
-------------
Particle: 9:
Relays Coordinates:
166.522, 161.042
98.3457, 27.2476
Evaluation Time: 1.36434 seconds
Resulting Fitness: 0.311111
New local best!
-------------
Particle: 10:
Relays Coordinates:
213.278, 125.196
97.336, 109.233
Evaluation Time: 1.33206 seconds
Resulting Fitness: 0.355556
New local best!
-------------
Particle: 11:
Relays Coordinates:
163.293, 107.667
50.5896, 4.09802
Evaluation Time: 1.27184 seconds
Resulting Fitness: 0.241667
-------------
Particle: 12:
Relays Coordinates:
233.994, 113.943
111.455, 45.71
Evaluation Time: 1.34763 seconds
Resulting Fitness: 0.355556
New local best!
-------------
Particle: 13:
Relays Coordinates:
218.682, 154.855
109.26, 94.7196
Evaluation Time: 1.29929 seconds
Resulting Fitness: 0.366667
New local best!
-------------
Particle: 14:
Relays Coordinates:
153.259, 154.066
96.5994, 24.3442
Evaluation Time: 1.27345 seconds
Resulting Fitness: 0.266667
-------------
Particle: 15:
Relays Coordinates:
200.568, 78.6849
141.13, 19.0363
Evaluation Time: 1.21539 seconds
Resulting Fitness: 0.25
-------------
Particle: 16:
Relays Coordinates:
154.696, 171.166
104.103, 36.2906
Evaluation Time: 1.32162 seconds
Resulting Fitness: 0.302778
-------------
Particle: 17:
Relays Coordinates:
131.657, 213.361
125.234, 79.8991
Evaluation Time: 1.43103 seconds
Resulting Fitness: 0.380556
New local best!
-------------
Particle: 18:
Relays Coordinates:
204.535, 166.212
117.717, 49.3596
Evaluation Time: 1.43119 seconds
Resulting Fitness: 0.369444
New local best!
-------------
Particle: 19:
Relays Coordinates:
197.421, 137.102
130.247, 0
Evaluation Time: 1.30434 seconds
Resulting Fitness: 0.336111
-------------
Particle: 20:
Relays Coordinates:
188.986, 104.424
59.8048, 35.8084
Evaluation Time: 1.29341 seconds
Resulting Fitness: 0.277778
Current global best fitness: 0.383333
Current global best relays: 222.19, 166.728
120.794, 57.6733
Particle 1 new velocities: 52.7685, 74.2483
0.759212, 11.0291
Particle 2 new velocities: 177.974, 77.8397
176.403, 42.3808
Particle 3 new velocities: 179.286, 124.136
82.0426, 54.144
Particle 4 new velocities: 181.707, 36.1373
61.77, 29.6139
Particle 5 new velocities: 104.988, 44.9667
-2.16749, -2.22454
Particle 6 new velocities: 0, 0
0, 0
Particle 7 new velocities: 204.072, 79.372
50.3245, 20.707
Particle 8 new velocities: 71.8049, 66.3111
-1.23748, 21.4138
Particle 9 new velocities: 73.9805, 101.068
104.252, -14.9457
Particle 10 new velocities: 151.798, 107.15
64.0685, 47.208
Particle 11 new velocities: 185.561, 105.012
106.518, 15.5565
Particle 12 new velocities: 124.642, 8.44712
61.6054, 27.306
Particle 13 new velocities: 16.1479, 111.309
17.2495, 13.4383
Particle 14 new velocities: 158.725, 86.2199
48.1918, 40.4637
Particle 15 new velocities: 126.584, 96.3526
62.7842, -15.4004
Particle 16 new velocities: 63.1827, 52.3713
48.7428, 50.0623
Particle 17 new velocities: 58.0562, -30.3604
14.2167, -24.2979
Particle 18 new velocities: 131.56, -0.39988
40.6736, -9.6279
Particle 19 new velocities: 84.7111, 57.4782
45.803, 91.3438
Particle 20 new velocities: 147.975, 145.214
42.185, 30.7746
-- ITERATION 3 --
-------------
Particle: 1:
Relays Coordinates:
183.414, 112.007
55.9654, 43.9403
Evaluation Time: 1.27686 seconds
Resulting Fitness: 0.277778
-------------
Particle: 2:
Relays Coordinates:
214.789, 102.714
136.031, 52.583
Evaluation Time: 1.36182 seconds
Resulting Fitness: 0.341667
-------------
Particle: 3:
Relays Coordinates:
196.6, 108.917
68.4556, 42.5348
Evaluation Time: 1.3854 seconds
Resulting Fitness: 0.308333
-------------
Particle: 4:
Relays Coordinates:
244.682, 116.378
132.854, 47.9321
Evaluation Time: 1.34835 seconds
Resulting Fitness: 0.369444
New local best!
-------------
Particle: 5:
Relays Coordinates:
204.952, 109.031
66.2091, 46.4473
Evaluation Time: 1.31552 seconds
Resulting Fitness: 0.325
-------------
Particle: 6:
Relays Coordinates:
222.19, 166.728
120.794, 57.6733
Evaluation Time: 1.36853 seconds
Resulting Fitness: 0.383333
-------------
Particle: 7:
Relays Coordinates:
210.113, 118.361
80.985, 42.0213
Evaluation Time: 1.30153 seconds
Resulting Fitness: 0.352778
-------------
Particle: 8:
Relays Coordinates:
205.687, 168.952
83.9126, 75.7913
Evaluation Time: 1.43675 seconds
Resulting Fitness: 0.366667
-------------
Particle: 9:
Relays Coordinates:
142.014, 154.773
119.632, 7.26416
Evaluation Time: 1.27339 seconds
Resulting Fitness: 0.269444
-------------
Particle: 10:
Relays Coordinates:
239.527, 152.442
105.897, 102.641
Evaluation Time: 1.4051 seconds
Resulting Fitness: 0.363889
New local best!
-------------
Particle: 11:
Relays Coordinates:
185.395, 113.027
83.4932, 10.4452
Evaluation Time: 1.26236 seconds
Resulting Fitness: 0.283333
-------------
Particle: 12:
Relays Coordinates:
261.446, 89.2224
126.161, 53.2287
Evaluation Time: 1.34497 seconds
Resulting Fitness: 0.369444
New local best!
-------------
Particle: 13:
Relays Coordinates:
171.191, 194.034
92.2254, 78.8471
Evaluation Time: 1.33391 seconds
Resulting Fitness: 0.341667
-------------
Particle: 14:
Relays Coordinates:
184.223, 141.887
85.4977, 38.2684
Evaluation Time: 1.33445 seconds
Resulting Fitness: 0.325
New local best!
-------------
Particle: 15:
Relays Coordinates:
238.494, 127.602
148.653, 2.65052
Evaluation Time: 1.38736 seconds
Resulting Fitness: 0.338889
-------------
Particle: 16:
Relays Coordinates:
176.482, 181.065
123.805, 69.9459
Evaluation Time: 1.42848 seconds
Resulting Fitness: 0.372222
New local best!
-------------
Particle: 17:
Relays Coordinates:
189.713, 183.001
139.451, 55.6012
Evaluation Time: 1.39367 seconds
Resulting Fitness: 0.388889
New local best!
New global best!
-------------
Particle: 18:
Relays Coordinates:
220.512, 108.789
103.92, 26.068
Evaluation Time: 1.3673 seconds
Resulting Fitness: 0.344444
-------------
Particle: 19:
Relays Coordinates:
205.674, 141.849
128.34, 66.5896
Evaluation Time: 1.2935 seconds
Resulting Fitness: 0.352778
New local best!
-------------
Particle: 20:
Relays Coordinates:
161.168, 119.401
48.7814, 31.8464
Evaluation Time: 1.2663 seconds
Resulting Fitness: 0.255556
Current global best fitness: 0.388889
Current global best relays: 189.713, 183.001
139.451, 55.6012
Particle 1 new velocities: 86.1179, 92.7713
50.3474, 29.8903
Particle 2 new velocities: 129.689, 117.281
125.706, 31.1988
Particle 3 new velocities: 148.102, 118.485
154.846, 69.3853
Particle 4 new velocities: 128.048, 96.9283
51.3435, 28.2321
Particle 5 new velocities: 97.0144, 86.0594
38.6505, 40.052
Particle 6 new velocities: -29.8639, 16.7463
15.2467, -0.456609
Particle 7 new velocities: 203.303, 166.281
55.2157, 52.6243
Particle 8 new velocities: 56.2843, 55.1634
26.2517, 17.4869
Particle 9 new velocities: 85.8024, 113.431
69.6066, 24.9878
Particle 10 new velocities: 64.4589, 88.2771
92.2401, 4.22046
Particle 11 new velocities: 151.373, 159.9
140.532, 129.674
Particle 12 new velocities: 40.0636, 16.6678
65.9098, 21.8987
Particle 13 new velocities: 70.7529, 22.1757
84.3901, 5.76069
Particle 14 new velocities: 128.885, 70.5776
69.325, 38.3023
Particle 15 new velocities: -12.3331, 95.3602
43.0745, 60.8499
Particle 16 new velocities: 50.5835, 42.2778
56.2726, 23.713
Particle 17 new velocities: 46.445, -24.2884
11.3733, -19.4383
Particle 18 new velocities: 41.9657, 190.713
55.1158, -4.49802
Particle 19 new velocities: 52.6898, 50.0395
40.6036, 65.0643
Particle 20 new velocities: 150.183, 161.561
99.3995, 62.2574
-- ITERATION 4 --
-------------
Particle: 1:
Relays Coordinates:
196.489, 149.284
77.502, 53.8226
Evaluation Time: 1.35984 seconds
Resulting Fitness: 0.347222
New local best!
-------------
Particle: 2:
Relays Coordinates:
183.07, 116.915
139.098, 44.5251
Evaluation Time: 1.33797 seconds
Resulting Fitness: 0.3
-------------
Particle: 3:
Relays Coordinates:
203.543, 134.279
131.857, 66.0877
Evaluation Time: 1.39024 seconds
Resulting Fitness: 0.347222
-------------
Particle: 4:
Relays Coordinates:
244.548, 139.951
120.852, 49.9713
Evaluation Time: 1.44313 seconds
Resulting Fitness: 0.361111
-------------
Particle: 5:
Relays Coordinates:
198.12, 127.999
68.7984, 56.7522
Evaluation Time: 1.3902 seconds
Resulting Fitness: 0.330556
-------------
Particle: 6:
Relays Coordinates:
192.326, 183.475
136.041, 57.2167
Evaluation Time: 1.47589 seconds
Resulting Fitness: 0.391667
New local best!
New global best!
-------------
Particle: 7:
Relays Coordinates:
177.962, 122.529
58.6299, 40.7418
Evaluation Time: 1.32742 seconds
Resulting Fitness: 0.288889
-------------
Particle: 8:
Relays Coordinates:
190.977, 163.38
80.3098, 67.9998
Evaluation Time: 1.41651 seconds
Resulting Fitness: 0.347222
-------------
Particle: 9:
Relays Coordinates:
134.523, 158.372
111.743, 19.0444
Evaluation Time: 1.39056 seconds
Resulting Fitness: 0.275
-------------
Particle: 10:
Relays Coordinates:
199.445, 157.936
129.998, 70.1117
Evaluation Time: 1.43178 seconds
Resulting Fitness: 0.347222
-------------
Particle: 11:
Relays Coordinates:
178.972, 145.045
119.056, 74.4653
Evaluation Time: 1.35419 seconds
Resulting Fitness: 0.319444
-------------
Particle: 12:
Relays Coordinates:
219.8, 77.194
140.02, 54.7678
Evaluation Time: 1.3336 seconds
Resulting Fitness: 0.283333
-------------
Particle: 13:
Relays Coordinates:
176.377, 157.617
128.753, 61.6791
Evaluation Time: 1.34197 seconds
Resulting Fitness: 0.327778
-------------
Particle: 14:
Relays Coordinates:
228.256, 154.886
112.866, 55.8201
Evaluation Time: 1.35689 seconds
Resulting Fitness: 0.361111
New local best!
-------------
Particle: 15:
Relays Coordinates:
164.871, 162.54
139.77, 46.2918
Evaluation Time: 1.26871 seconds
Resulting Fitness: 0.327778
-------------
Particle: 16:
Relays Coordinates:
165.531, 162.817
131.277, 68.2773
Evaluation Time: 1.33844 seconds
Resulting Fitness: 0.319444
-------------
Particle: 17:
Relays Coordinates:
212.542, 142.841
135.742, 32.5465
Evaluation Time: 1.29581 seconds
Resulting Fitness: 0.363889
-------------
Particle: 18:
Relays Coordinates:
125.542, 143.251
76.0663, 10.3168
Evaluation Time: 1.22259 seconds
Resulting Fitness: 0.236111
-------------
Particle: 19:
Relays Coordinates:
169.513, 125.898
110.844, 86.3782
Evaluation Time: 1.34033 seconds
Resulting Fitness: 0.280556
-------------
Particle: 20:
Relays Coordinates:
183.85, 165.905
87.4993, 55.5674
Evaluation Time: 1.39456 seconds
Resulting Fitness: 0.338889
Current global best fitness: 0.391667
Current global best relays: 192.326, 183.475
136.041, 57.2167
Particle 1 new velocities: 63.9351, 108.317
45.9514, 27.1491
Particle 2 new velocities: 166.841, 96.15
78.5676, 41.8111
Particle 3 new velocities: 177.766, 134.606
130.724, 33.3581
Particle 4 new velocities: 68.4294, 86.5965
51.4768, 29.1827
Particle 5 new velocities: 137.309, 134.035
105.543, 63.1717
Particle 6 new velocities: -23.8911, 13.3971
12.1974, -0.365287
Particle 7 new velocities: 252.621, 255.074
144.081, 71.449
Particle 8 new velocities: 66.7396, 51.1892
147.114, 22.98
Particle 9 new velocities: 119.551, 120.531
78.9942, 34.3684
Particle 10 new velocities: 96.6105, 88.6602
56.0298, 32.2011
Particle 11 new velocities: 143.273, 167.862
103.247, 86.929
Particle 12 new velocities: 67.6614, 143.15
39.8805, 17.6471
Particle 13 new velocities: 76.9462, 36.5709
62.6695, 52.956
Particle 14 new velocities: 87.1913, 76.6533
63.9916, 32.0423
Particle 15 new velocities: 14.4875, 82.2512
15.7079, 61.1355
Particle 16 new velocities: 41.3334, 83.9334
38.5127, 8.2912
Particle 17 new velocities: 24.1177, 58.8625
15.3481, 41.049
Particle 18 new velocities: 166.817, 196.362
89.3805, 71.2178
Particle 19 new velocities: 97.3223, 95.3506
81.3411, 29.399
Particle 20 new velocities: 143.595, 100.296
189.692, 48.858
-- ITERATION 5 --
-------------
Particle: 1:
Relays Coordinates:
170.864, 169.012
80.9978, 53.1255
Evaluation Time: 1.32066 seconds
Resulting Fitness: 0.341667
-------------
Particle: 2:
Relays Coordinates:
229.576, 139.792
142.81, 56.6451
Evaluation Time: 1.29845 seconds
Resulting Fitness: 0.363889
-------------
Particle: 3:
Relays Coordinates:
202.643, 142.896
139.547, 52.8496
Evaluation Time: 1.35539 seconds
Resulting Fitness: 0.341667
-------------
Particle: 4:
Relays Coordinates:
228.161, 165.153
125.628, 57.7033
Evaluation Time: 1.34542 seconds
Resulting Fitness: 0.363889
-------------
Particle: 5:
Relays Coordinates:
220.075, 171.92
114.386, 78.682
Evaluation Time: 1.4833 seconds
Resulting Fitness: 0.383333
New local best!
-------------
Particle: 6:
Relays Coordinates:
151.591, 177.184
133.414, 51.1663
Evaluation Time: 1.36138 seconds
Resulting Fitness: 0.333333
-------------
Particle: 7:
Relays Coordinates:
185.352, 162.546
87.2603, 48.2945
Evaluation Time: 1.41877 seconds
Resulting Fitness: 0.330556
-------------
Particle: 8:
Relays Coordinates:
152.179, 126.701
134.291, 53.7227
Evaluation Time: 1.18857 seconds
Resulting Fitness: 0.252778
-------------
Particle: 9:
Relays Coordinates:
166.698, 182.988
125.143, 35.0442
Evaluation Time: 1.3419 seconds
Resulting Fitness: 0.372222
New local best!
-------------
Particle: 10:
Relays Coordinates:
215.824, 179.769
135.614, 74.586
Evaluation Time: 1.46776 seconds
Resulting Fitness: 0.352778
-------------
Particle: 11:
Relays Coordinates:
171.254, 166.291
118.141, 85.7716
Evaluation Time: 1.38922 seconds
Resulting Fitness: 0.325
-------------
Particle: 12:
Relays Coordinates:
209.56, 160.631
131.147, 52.7905
Evaluation Time: 1.3323 seconds
Resulting Fitness: 0.375
New local best!
-------------
Particle: 13:
Relays Coordinates:
166.205, 127.407
125.592, 75.2121
Evaluation Time: 1.26158 seconds
Resulting Fitness: 0.272222
-------------
Particle: 14:
Relays Coordinates:
229.961, 168.792
128.929, 64.0517
Evaluation Time: 1.33451 seconds
Resulting Fitness: 0.369444
New local best!
-------------
Particle: 15:
Relays Coordinates:
145.281, 198.281
125.937, 87.0161
Evaluation Time: 1.38574 seconds
Resulting Fitness: 0.352778
New local best!
-------------
Particle: 16:
Relays Coordinates:
167.56, 199.868
137.529, 62.0205
Evaluation Time: 1.34184 seconds
Resulting Fitness: 0.369444
-------------
Particle: 17:
Relays Coordinates:
212.994, 181.533
135.981, 66.236
Evaluation Time: 1.34152 seconds
Resulting Fitness: 0.377778
-------------
Particle: 18:
Relays Coordinates:
155.372, 180.484
87.9252, 43.3308
Evaluation Time: 1.34431 seconds
Resulting Fitness: 0.322222
-------------
Particle: 19:
Relays Coordinates:
175.07, 145.161
126.093, 75.9614
Evaluation Time: 1.33605 seconds
Resulting Fitness: 0.311111
-------------
Particle: 20:
Relays Coordinates:
156.616, 127.323
132.58, 49.9463
Evaluation Time: 1.40328 seconds
Resulting Fitness: 0.258333
Current global best fitness: 0.391667
Current global best relays: 192.326, 183.475
136.041, 57.2167
Particle 1 new velocities: 103.946, 69.6991
46.4796, 23.5071
Particle 2 new velocities: 123.409, 98.4753
29.8746, 24.1183
Particle 3 new velocities: 142.976, 108.889
106.134, 23.3736
Particle 4 new velocities: 77.8661, 8.29912
65.2022, 9.94352
Particle 5 new velocities: 82.8505, 115.185
101.685, 27.518
Particle 6 new velocities: -3.68899, 15.2517
10.4842, 2.39376
Particle 7 new velocities: 268.48, 216.475
156.618, 78.3221
Particle 8 new velocities: 84.0332, 143.268
116.277, 62.9853
Particle 9 new velocities: 104.378, 96.8856
65.1985, 35.6618
Particle 10 new velocities: 75.2611, 28.5411
21.8922, 41.9437
Particle 11 new velocities: 149.854, 138.359
24.1712, 29.6724
Particle 12 new velocities: 36.3437, 141.82
34.0605, 19.3362
Particle 13 new velocities: 135.051, 107.544
44.7675, 55.1242
Particle 14 new velocities: 36.8999, 72.9781
60.0552, 18.926
Particle 15 new velocities: 26.0406, 55.3207
22.8166, 26.1896
Particle 16 new velocities: 43.0815, 50.2735
17.9379, 9.36295
Particle 17 new velocities: 3.43998, 47.5976
12.4059, 28.6322
Particle 18 new velocities: 212.486, 142.652
143.968, 69.4999
Particle 19 new velocities: 100.587, 90.722
70.347, 16.845
Particle 20 new velocities: 252.355, 112.677
151.153, 51.5189
-- ITERATION 6 --
-------------
Particle: 1:
Relays Coordinates:
180.303, 156.618
83.6379, 50.2786
Evaluation Time: 1.43045 seconds
Resulting Fitness: 0.333333
-------------
Particle: 2:
Relays Coordinates:
208.434, 140.694
101.969, 47.69
Evaluation Time: 1.35547 seconds
Resulting Fitness: 0.361111
-------------
Particle: 3:
Relays Coordinates:
204.085, 148.677
145.072, 45.009
Evaluation Time: 1.35193 seconds
Resulting Fitness: 0.347222
-------------
Particle: 4:
Relays Coordinates:
223.093, 126.446
139.115, 49.3145
Evaluation Time: 1.31169 seconds
Resulting Fitness: 0.355556
-------------
Particle: 5:
Relays Coordinates:
178.874, 169.533
127.588, 62.7101
Evaluation Time: 1.45332 seconds
Resulting Fitness: 0.352778
-------------
Particle: 6:
Relays Coordinates:
147.902, 192.436
143.899, 53.5601
Evaluation Time: 1.44121 seconds
Resulting Fitness: 0.347222
-------------
Particle: 7:
Relays Coordinates:
195.36, 163.156
104.982, 54.5043
Evaluation Time: 1.38989 seconds
Resulting Fitness: 0.344444
-------------
Particle: 8:
Relays Coordinates:
125.533, 143.472
133.162, 62.0234
Evaluation Time: 1.17417 seconds
Resulting Fitness: 0.266667
-------------
Particle: 9:
Relays Coordinates:
177.853, 183.625
124.883, 46.3902
Evaluation Time: 1.34853 seconds
Resulting Fitness: 0.383333
New local best!
-------------
Particle: 10:
Relays Coordinates:
212.201, 151.858
114.822, 84.9502
Evaluation Time: 1.30557 seconds
Resulting Fitness: 0.363889
-------------
Particle: 11:
Relays Coordinates:
189.611, 179.893
84.034, 68.1685
Evaluation Time: 1.5045 seconds
Resulting Fitness: 0.375
New local best!
-------------
Particle: 12:
Relays Coordinates:
145.203, 178.594
97.5536, 42.5901
Evaluation Time: 1.3919 seconds
Resulting Fitness: 0.302778
-------------
Particle: 13:
Relays Coordinates:
197.654, 154.151
111.773, 85.5136
Evaluation Time: 1.40072 seconds
Resulting Fitness: 0.35
-------------
Particle: 14:
Relays Coordinates:
194.542, 176.251
137.769, 60.4908
Evaluation Time: 1.43051 seconds
Resulting Fitness: 0.363889
-------------
Particle: 15:
Relays Coordinates:
138.77, 205.417
120.49, 91.6966
Evaluation Time: 1.40709 seconds
Resulting Fitness: 0.352778
-------------
Particle: 16:
Relays Coordinates:
170.62, 202.614
125.928, 57.8206
Evaluation Time: 1.48279 seconds
Resulting Fitness: 0.383333
New local best!
-------------
Particle: 17:
Relays Coordinates:
175.312, 185.596
120.193, 76.8433
Evaluation Time: 1.54586 seconds
Resulting Fitness: 0.383333
-------------
Particle: 18:
Relays Coordinates:
217.216, 190.809
136.931, 66.6254
Evaluation Time: 1.46155 seconds
Resulting Fitness: 0.408333
New local best!
New global best!
-------------
Particle: 19:
Relays Coordinates:
180.859, 154.763
128.884, 60.8903
Evaluation Time: 1.5315 seconds
Resulting Fitness: 0.327778
-------------
Particle: 20:
Relays Coordinates:
195.609, 114.791
135.708, 48.5305
Evaluation Time: 1.38563 seconds
Resulting Fitness: 0.327778
Current global best fitness: 0.408333
Current global best relays: 217.216, 190.809
136.931, 66.6254
Particle 1 new velocities: 111.917, 47.2762
82.0547, 28.5016
Particle 2 new velocities: 136.943, 66.6026
47.9724, 35.8097
Particle 3 new velocities: 154.486, 117.841
84.1516, 43.7328
Particle 4 new velocities: 88.5836, 72.9456
43.4545, 24.8143
Particle 5 new velocities: 123.01, 119.033
67.4247, 30.1784
Particle 6 new velocities: 109.59, 8.77009
1.60301, 15.9802
Particle 7 new velocities: 265.581, 186.106
186.252, 72.4093
Particle 8 new velocities: 116.354, 171.797
76.4388, 71.295
Particle 9 new velocities: 107.924, 78.243
63.3879, 44.1226
Particle 10 new velocities: 85.4246, 32.3888
13.5538, 41.17
Particle 11 new velocities: 141.845, 122.775
39.1012, 22.7972
Particle 12 new velocities: 139.461, 115.249
84.2594, 23.4696
Particle 13 new velocities: 129.913, 133.738
61.6955, 55.3358
Particle 14 new velocities: 58.055, 67.0428
35.6083, 22.6229
Particle 15 new velocities: 76.9805, 25.7419
40.2643, -11.8375
Particle 16 new velocities: 89.8827, 33.0371
14.8326, 12.1084
Particle 17 new velocities: 27.2239, 37.859
29.4846, -3.76493
Particle 18 new velocities: 169.989, 114.121
115.175, 55.5999
Particle 19 new velocities: 126.232, 91.0403
63.9963, 27.7369
Particle 20 new velocities: 215.79, 145.625
117.925, 53.3761
-- ITERATION 7 --
-------------
Particle: 1:
Relays Coordinates:
236.698, 165.154
134.211, 63.812
Evaluation Time: 1.34925 seconds
Resulting Fitness: 0.358333
New local best!
-------------
Particle: 2:
Relays Coordinates:
226.602, 136.007
98.3764, 54.7842
Evaluation Time: 1.35714 seconds
Resulting Fitness: 0.361111
-------------
Particle: 3:
Relays Coordinates:
211.733, 157.376
135.354, 52.4011
Evaluation Time: 1.26653 seconds
Resulting Fitness: 0.372222
New local best!
-------------
Particle: 4:
Relays Coordinates:
227.213, 145.357
133.093, 54.0399
Evaluation Time: 1.32047 seconds
Resulting Fitness: 0.366667
-------------
Particle: 5:
Relays Coordinates:
198.066, 189.328
127.948, 60.9442
Evaluation Time: 1.35558 seconds
Resulting Fitness: 0.402778
New local best!
-------------
Particle: 6:
Relays Coordinates:
208.569, 162.977
117.856, 56.3276
Evaluation Time: 1.4015 seconds
Resulting Fitness: 0.377778
-------------
Particle: 7:
Relays Coordinates:
220.467, 167.051
139.296, 60.7024
Evaluation Time: 1.33747 seconds
Resulting Fitness: 0.383333
New local best!
-------------
Particle: 8:
Relays Coordinates:
142.832, 186.163
123.767, 78.7232
Evaluation Time: 1.28009 seconds
Resulting Fitness: 0.327778
-------------
Particle: 9:
Relays Coordinates:
208.331, 190.902
137.25, 65.9838
Evaluation Time: 1.37903 seconds
Resulting Fitness: 0.4
New local best!
-------------
Particle: 10:
Relays Coordinates:
241.077, 149.24
103.985, 102.157
Evaluation Time: 1.37809 seconds
Resulting Fitness: 0.361111
-------------
Particle: 11:
Relays Coordinates:
158.535, 144.765
58.8952, 43.5086
Evaluation Time: 1.24786 seconds
Resulting Fitness: 0.288889
-------------
Particle: 12:
Relays Coordinates:
168.092, 173.511
107.359, 39.0076
Evaluation Time: 1.37053 seconds
Resulting Fitness: 0.347222
-------------
Particle: 13:
Relays Coordinates:
214.917, 188.884
113.813, 92.4113
Evaluation Time: 1.44769 seconds
Resulting Fitness: 0.405556
New local best!
-------------
Particle: 14:
Relays Coordinates:
184.143, 177.361
126.392, 60.5898
Evaluation Time: 1.36996 seconds
Resulting Fitness: 0.363889
-------------
Particle: 15:
Relays Coordinates:
174.758, 187.239
130.211, 64.6859
Evaluation Time: 1.31874 seconds
Resulting Fitness: 0.388889
New local best!
-------------
Particle: 16:
Relays Coordinates:
189.906, 171.79
102.615, 50.9782
Evaluation Time: 1.36153 seconds
Resulting Fitness: 0.361111
-------------
Particle: 17:
Relays Coordinates:
182.282, 201.11
134.71, 65.7705
Evaluation Time: 1.30141 seconds
Resulting Fitness: 0.388889
-------------
Particle: 18:
Relays Coordinates:
205.777, 162.052
133.979, 64.9556
Evaluation Time: 1.34079 seconds
Resulting Fitness: 0.361111
-------------
Particle: 19:
Relays Coordinates:
223.869, 179.191
140.61, 64.6092
Evaluation Time: 1.35162 seconds
Resulting Fitness: 0.361111
New local best!
-------------
Particle: 20:
Relays Coordinates:
218.635, 138.396
134.791, 54.1574
Evaluation Time: 1.2645 seconds
Resulting Fitness: 0.366667
New local best!
Current global best fitness: 0.408333
Current global best relays: 217.216, 190.809
136.931, 66.6254
Particle 1 new velocities: 84.8413, 47.8
67.2678, 24.1797
Particle 2 new velocities: 119.216, 61.2148
69.0581, 42.5955
Particle 3 new velocities: 126.399, 107.41
67.8689, 40.9046
Particle 4 new velocities: 83.7611, 82.8416
38.5927, 21.8413
Particle 5 new velocities: 110.635, 96.2214
55.7033, 29.4999
Particle 6 new velocities: 71.3747, 34.346
16.2195, 25.248
Particle 7 new velocities: 208.828, 165.396
148.783, 59.971
Particle 8 new velocities: 122.953, 131.765
61.0167, 47.3344
Particle 9 new velocities: 96.0716, 62.4927
50.6889, 35.543
Particle 10 new velocities: 55.5647, 70.8907
33.0285, -3.30325
Particle 11 new velocities: 166.397, 103.018
64.2957, 32.6365
Particle 12 new velocities: 209.131, 95.9445
122.433, 37.6778
Particle 13 new velocities: 106.107, 108.328
64.9317, 17.4402
Particle 14 new velocities: 85.6786, 46.3969
32.7641, 27.1741
Particle 15 new velocities: 89.9359, 22.5554
32.4904, -8.15086
Particle 16 new velocities: 70.3361, 35.5452
38.5033, 26.8658
Particle 17 new velocities: 28.0099, 17.4245
32.2864, -18.8827
Particle 18 new velocities: 164.306, 129.174
98.3299, 47.191
Particle 19 new velocities: 99.3489, 84.2053
49.9954, 24.646
Particle 20 new velocities: 172.395, 151.215
95.8076, 52.552
-- ITERATION 8 --
-------------
Particle: 1:
Relays Coordinates:
210.962, 139.719
132.19, 57.7313
Evaluation Time: 1.26532 seconds
Resulting Fitness: 0.361111
New local best!
-------------
Particle: 2:
Relays Coordinates:
252.101, 143.775
122.06, 70.9898
Evaluation Time: 1.36181 seconds
Resulting Fitness: 0.352778
-------------
Particle: 3:
Relays Coordinates:
221.848, 173.727
133.335, 61.2179
Evaluation Time: 1.4039 seconds
Resulting Fitness: 0.383333
New local best!
-------------
Particle: 4:
Relays Coordinates:
226.7, 166.357
125.159, 55.3174
Evaluation Time: 1.36516 seconds
Resulting Fitness: 0.375
New local best!
-------------
Particle: 5:
Relays Coordinates:
202.539, 187.349
120.493, 59.3403
Evaluation Time: 1.42994 seconds
Resulting Fitness: 0.388889
-------------
Particle: 6:
Relays Coordinates:
226.754, 159.832
108.601, 66.0763
Evaluation Time: 1.2737 seconds
Resulting Fitness: 0.363889
-------------
Particle: 7:
Relays Coordinates:
205.33, 159.009
137.788, 57.7177
Evaluation Time: 1.37749 seconds
Resulting Fitness: 0.369444
-------------
Particle: 8:
Relays Coordinates:
174.382, 208.593
121.237, 82.7064
Evaluation Time: 1.34472 seconds
Resulting Fitness: 0.372222
-------------
Particle: 9:
Relays Coordinates:
199.719, 166.252
123.306, 66.6117
Evaluation Time: 1.32732 seconds
Resulting Fitness: 0.347222
-------------
Particle: 10:
Relays Coordinates:
216.252, 160.475
99.8826, 72.0646
Evaluation Time: 1.36521 seconds
Resulting Fitness: 0.380556
New local best!
-------------
Particle: 11:
Relays Coordinates:
172.682, 131.682
65.4687, 40.4666
Evaluation Time: 1.23127 seconds
Resulting Fitness: 0.294444
-------------
Particle: 12:
Relays Coordinates:
222.746, 159.111
135.69, 45.282
Evaluation Time: 1.26847 seconds
Resulting Fitness: 0.377778
New local best!
-------------
Particle: 13:
Relays Coordinates:
210.623, 195
117.274, 72.0736
Evaluation Time: 1.3762 seconds
Resulting Fitness: 0.405556
-------------
Particle: 14:
Relays Coordinates:
218.555, 181.244
128.917, 71.0888
Evaluation Time: 1.3339 seconds
Resulting Fitness: 0.397222
New local best!
-------------
Particle: 15:
Relays Coordinates:
214.402, 169.933
131.788, 45.7934
Evaluation Time: 1.38215 seconds
Resulting Fitness: 0.375
-------------
Particle: 16:
Relays Coordinates:
210.796, 167.941
114.306, 63.0537
Evaluation Time: 1.37538 seconds
Resulting Fitness: 0.375
-------------
Particle: 17:
Relays Coordinates:
170.336, 177.013
135.267, 37.9792
Evaluation Time: 1.28947 seconds
Resulting Fitness: 0.358333
-------------
Particle: 18:
Relays Coordinates:
218.53, 171.966
137.176, 66.2214
Evaluation Time: 1.36677 seconds
Resulting Fitness: 0.361111
-------------
Particle: 19:
Relays Coordinates:
212.063, 172.814
125.056, 58.5603
Evaluation Time: 1.3537 seconds
Resulting Fitness: 0.380556
New local best!
-------------
Particle: 20:
Relays Coordinates:
230.899, 171.012
136.166, 63.0108
Evaluation Time: 1.31164 seconds
Resulting Fitness: 0.361111
Current global best fitness: 0.408333
Current global best relays: 217.216, 190.809
136.931, 66.6254
Particle 1 new velocities: 70.983, 83.3403
59.4614, 26.0639
Particle 2 new velocities: 71.1861, 7.35579
64.1854, 16.2381
Particle 3 new velocities: 98.3133, 88.5691
55.8969, 37.7836
Particle 4 new velocities: 56.4981, 87.3997
38.9, 21.2279
Particle 5 new velocities: 85.2662, 82.5413
62.6139, 25.5835
Particle 6 new velocities: 45.3651, 82.594
79.9378, 14.8044
Particle 7 new velocities: 190.294, 156.678
119.709, 59.1571
Particle 8 new velocities: 179.148, 64.2244
50.6001, 23.8883
Particle 9 new velocities: 102.269, 93.5637
68.1295, 28.2871
Particle 10 new velocities: 44.6658, 75.7676
40.2704, -6.32498
Particle 11 new velocities: 177.644, 167.121
108.828, 80.1745
Particle 12 new velocities: 163.326, 76.8965
98.3732, 44.5778
Particle 13 new velocities: 94.6367, 74.667
61.5211, 14.742
Particle 14 new velocities: 68.0617, 37.9416
26.4723, 17.5998
Particle 15 new velocities: 42.386, 33.1249
29.3484, 15.929
Particle 16 new velocities: 33.5724, 34.8457
39.5877, 14.1208
Particle 17 new velocities: 87.0718, 18.8689
32.2649, 13.0507
Particle 18 new velocities: 129.174, 113
78.3581, 38.1227
Particle 19 new velocities: 82.0767, 74.3642
54.1279, 21.3478
Particle 20 new velocities: 133.12, 112.381
75.9641, 32.6068
-- ITERATION 9 --
-------------
Particle: 1:
Relays Coordinates:
205.538, 162.61
139.714, 61.0867
Evaluation Time: 1.3569 seconds
Resulting Fitness: 0.361111
-------------
Particle: 2:
Relays Coordinates:
235.676, 110.174
135.773, 63.5892
Evaluation Time: 1.32314 seconds
Resulting Fitness: 0.361111
-------------
Particle: 3:
Relays Coordinates:
210.058, 172.092
124.155, 64.9549
Evaluation Time: 1.34185 seconds
Resulting Fitness: 0.377778
-------------
Particle: 4:
Relays Coordinates:
185.806, 166.49
107.639, 50.2214
Evaluation Time: 1.32518 seconds
Resulting Fitness: 0.336111
-------------
Particle: 5:
Relays Coordinates:
209.81, 196.75
133.485, 61.9095
Evaluation Time: 1.39578 seconds
Resulting Fitness: 0.405556
New local best!
-------------
Particle: 6:
Relays Coordinates:
198.375, 176.728
137.445, 58.962
Evaluation Time: 1.35651 seconds
Resulting Fitness: 0.366667
-------------
Particle: 7:
Relays Coordinates:
210.251, 167.769
136.844, 62.1121
Evaluation Time: 1.36346 seconds
Resulting Fitness: 0.375
-------------
Particle: 8:
Relays Coordinates:
208.756, 161.096
101.468, 62.9431
Evaluation Time: 1.37994 seconds
Resulting Fitness: 0.377778
New local best!
-------------
Particle: 9:
Relays Coordinates:
198.135, 170.465
125.601, 62.2631
Evaluation Time: 1.34873 seconds
Resulting Fitness: 0.358333
-------------
Particle: 10:
Relays Coordinates:
190.209, 172.221
102.171, 47.9242
Evaluation Time: 1.36341 seconds
Resulting Fitness: 0.358333
-------------
Particle: 11:
Relays Coordinates:
206.864, 176.44
102.92, 71.2374
Evaluation Time: 1.41424 seconds
Resulting Fitness: 0.380556
New local best!
-------------
Particle: 12:
Relays Coordinates:
227.971, 139.36
138.212, 53.0613
Evaluation Time: 1.24784 seconds
Resulting Fitness: 0.366667
-------------
Particle: 13:
Relays Coordinates:
200.281, 176.929
117.308, 56.9598
Evaluation Time: 1.45037 seconds
Resulting Fitness: 0.363889
-------------
Particle: 14:
Relays Coordinates:
232.16, 177.54
125.865, 71.8377
Evaluation Time: 1.41281 seconds
Resulting Fitness: 0.372222
-------------
Particle: 15:
Relays Coordinates:
207.998, 164.477
130.521, 49.9951
Evaluation Time: 1.37759 seconds
Resulting Fitness: 0.375
-------------
Particle: 16:
Relays Coordinates:
219.932, 182.508
138.504, 69.4571
Evaluation Time: 1.4286 seconds
Resulting Fitness: 0.375
-------------
Particle: 17:
Relays Coordinates:
208.501, 158.664
135.701, 41.3341
Evaluation Time: 1.34859 seconds
Resulting Fitness: 0.372222
-------------
Particle: 18:
Relays Coordinates:
205.316, 168.269
127.271, 61.6141
Evaluation Time: 1.31457 seconds
Resulting Fitness: 0.369444
-------------
Particle: 19:
Relays Coordinates:
214.428, 180.193
130.625, 58.253
Evaluation Time: 1.37642 seconds
Resulting Fitness: 0.391667
New local best!
-------------
Particle: 20:
Relays Coordinates:
214.95, 167.341
125.261, 56.4612
Evaluation Time: 1.35205 seconds
Resulting Fitness: 0.380556
New local best!
Current global best fitness: 0.408333
Current global best relays: 217.216, 190.809
136.931, 66.6254
Particle 1 new velocities: 67.6999, 89.394
31.4909, 24.7636
Particle 2 new velocities: 57.7266, 56.6924
40.2419, -1.17576
Particle 3 new velocities: 81.164, 85.9425
60.8964, 29.5743
Particle 4 new velocities: 95.1502, 95.4679
66.9973, 33.8151
Particle 5 new velocities: 68.2434, 62.024
50.9689, 24.9049
Particle 6 new velocities: 32.5126, 77.3035
63.4337, 14.7719
Particle 7 new velocities: 163.076, 150.372
96.8407, 48.2093
Particle 8 new velocities: 152.665, 54.6817
48.9757, 22.8929
Particle 9 new velocities: 105.065, 100.365
87.1308, 29.9164
Particle 10 new velocities: 61.0244, 78.1419
65.7713, 30.6711
Particle 11 new velocities: 153.636, 138.894
126.362, 59.4394
Particle 12 new velocities: 116.6, 83.1328
75.0256, 35.5988
Particle 13 new velocities: 96.0075, 72.8343
49.9357, 31.6889
Particle 14 new velocities: 43.1704, 31.5764
32.689, 12.2241
Particle 15 new velocities: 14.2653, 88.0268
23.4437, 39.4695
Particle 16 new velocities: -44.6417, 51.9768
25.3912, 3.7849
Particle 17 new velocities: 61.2135, 72.0087
31.9967, 43.0211
Particle 18 new velocities: 124.724, 119.633
83.4388, 35.4474
Particle 19 new velocities: 68.4397, 60.4004
43.9956, 25.8421
Particle 20 new velocities: 107.165, 118.629
75.0464, 35.775
-- ITERATION 10 --
-------------
Particle: 1:
Relays Coordinates:
199.19, 183.711
124.808, 62.5849
Evaluation Time: 1.39635 seconds
Resulting Fitness: 0.397222
New local best!
-------------
Particle: 2:
Relays Coordinates:
237.656, 135.162
142.572, 50.5548
Evaluation Time: 1.29958 seconds
Resulting Fitness: 0.352778
-------------
Particle: 3:
Relays Coordinates:
212.301, 188.107
134.902, 68.9118
Evaluation Time: 1.40828 seconds
Resulting Fitness: 0.402778
New local best!
-------------
Particle: 4:
Relays Coordinates:
204.817, 190.967
127.31, 61.2626
Evaluation Time: 1.40894 seconds
Resulting Fitness: 0.402778
New local best!
-------------
Particle: 5:
Relays Coordinates:
202.701, 188.646
134.467, 63.2877
Evaluation Time: 1.39644 seconds
Resulting Fitness: 0.402778
-------------
Particle: 6:
Relays Coordinates:
151.485, 166.67
131.797, 48.3768
Evaluation Time: 1.30328 seconds
Resulting Fitness: 0.330556
-------------
Particle: 7:
Relays Coordinates:
220.446, 187.859
137.989, 65.1437
Evaluation Time: 1.40791 seconds
Resulting Fitness: 0.397222
New local best!
-------------
Particle: 8:
Relays Coordinates:
213.415, 127.414
88.8355, 50.6853
Evaluation Time: 1.29435 seconds
Resulting Fitness: 0.358333
-------------
Particle: 9:
Relays Coordinates:
198.929, 177.692
139.573, 60.479
Evaluation Time: 1.38295 seconds
Resulting Fitness: 0.369444
-------------
Particle: 10:
Relays Coordinates:
203.499, 202.794
136.034, 63.6622
Evaluation Time: 1.41481 seconds
Resulting Fitness: 0.408333
New local best!
-------------
Particle: 11:
Relays Coordinates:
191.585, 167.582
121.85, 69.447
Evaluation Time: 1.35507 seconds
Resulting Fitness: 0.341667
-------------
Particle: 12:
Relays Coordinates:
226.074, 145.978
139.905, 58.1699
Evaluation Time: 1.29097 seconds
Resulting Fitness: 0.363889
-------------
Particle: 13:
Relays Coordinates:
215.994, 182.077
121.92, 64.6249
Evaluation Time: 1.39192 seconds
Resulting Fitness: 0.394444
-------------
Particle: 14:
Relays Coordinates:
223.018, 169.384
128.429, 68.0901
Evaluation Time: 1.32727 seconds
Resulting Fitness: 0.375
-------------
Particle: 15:
Relays Coordinates:
180.034, 204.528
124.711, 72.4663
Evaluation Time: 1.37606 seconds
Resulting Fitness: 0.383333
-------------
Particle: 16:
Relays Coordinates:
141.985, 189.933
132.755, 59.326
Evaluation Time: 1.27117 seconds
Resulting Fitness: 0.35
-------------
Particle: 17:
Relays Coordinates:
218.469, 186.845
135.835, 68.3278
Evaluation Time: 1.40804 seconds
Resulting Fitness: 0.413889
New local best!
New global best!
-------------
Particle: 18:
Relays Coordinates:
216.539, 188.893
138.247, 63.6821
Evaluation Time: 1.41056 seconds
Resulting Fitness: 0.416667
New local best!
New global best!
-------------
Particle: 19:
Relays Coordinates:
206.211, 175.393
127.299, 61.3053
Evaluation Time: 1.3753 seconds
Resulting Fitness: 0.383333
-------------
Particle: 20:
Relays Coordinates:
211.339, 187.625
131.422, 60.5162
Evaluation Time: 1.38377 seconds
Resulting Fitness: 0.405556
New local best!
Current global best fitness: 0.416667
Current global best relays: 216.539, 188.893
138.247, 63.6821
Particle 1 new velocities: 66.7397, 74.1531
28.4408, 20.0606
Particle 2 new velocities: 46.362, 25.3788
10.9434, 3.26743
Particle 3 new velocities: 66.3455, 68.9324
50.7229, 21.7782
Particle 4 new velocities: 77.7547, 75.1002
56.0069, 30.0769
Particle 5 new velocities: 67.0916, 58.5893
41.3572, 18.1221
Particle 6 new velocities: 120.396, 76.9434
59.8388, 21.0107
Particle 7 new velocities: 126.652, 121.407
77.582, 37.4145
Particle 8 new velocities: 120.144, 80.3124
63.3265, 43.6521
Particle 9 new velocities: 91.7592, 83.6771
68.9002, 32.3985
Particle 10 new velocities: 57.9513, 45.5229
53.6601, 24.5398
Particle 11 new velocities: 150.733, 147.757
99.5187, 41.2719
Particle 12 new velocities: 82.3728, 123.966
57.2052, 11.9479
Particle 13 new velocities: 76.2136, 67.5561
59.0767, 56.9971
Particle 14 new velocities: 26.2849, 61.7604
32.0597, 5.756
Particle 15 new velocities: 22.0188, 61.5945
29.5291, 17.4252
Particle 16 new velocities: 91.1355, 57.0795
13.0813, 4.35266
Particle 17 new velocities: 47.4491, 59.0658
26.5641, 29.3535
Particle 18 new velocities: 99.7796, 95.7065
66.7511, 28.3579
Particle 19 new velocities: 66.4901, 53.9021
47.1934, 21.9721
Particle 20 new velocities: 89.5372, 95.6308
68.6994, 28.8045
-- ITERATION 11 --
-------------
Particle: 1:
Relays Coordinates:
193.863, 187.983
111.719, 60.2486
Evaluation Time: 1.41293 seconds
Resulting Fitness: 0.386111
-------------
Particle: 2:
Relays Coordinates:
255.617, 144.487
138.164, 48.4401
Evaluation Time: 1.36197 seconds
Resulting Fitness: 0.361111
-------------
Particle: 3:
Relays Coordinates:
203.133, 187.382
135.321, 66.113
Evaluation Time: 1.34345 seconds
Resulting Fitness: 0.408333
New local best!
-------------
Particle: 4:
Relays Coordinates:
205.995, 193.963
133.638, 66.5865
Evaluation Time: 1.40284 seconds
Resulting Fitness: 0.411111
New local best!
-------------
Particle: 5:
Relays Coordinates:
196.679, 180.235
128.176, 59.3478
Evaluation Time: 1.39148 seconds
Resulting Fitness: 0.394444
-------------
Particle: 6:
Relays Coordinates:
198.201, 177.594
139.702, 50.5835
Evaluation Time: 1.40169 seconds
Resulting Fitness: 0.372222
-------------
Particle: 7:
Relays Coordinates:
204.958, 182.619
127.292, 60.5596
Evaluation Time: 1.35913 seconds
Resulting Fitness: 0.397222
-------------
Particle: 8:
Relays Coordinates:
218.848, 136.29
99.8335, 61.8948
Evaluation Time: 1.26246 seconds
Resulting Fitness: 0.361111
-------------
Particle: 9:
Relays Coordinates:
190.72, 171.484
136.78, 60.9369
Evaluation Time: 1.36596 seconds
Resulting Fitness: 0.363889
-------------
Particle: 10:
Relays Coordinates:
190.597, 181.023
138.287, 64.2992
Evaluation Time: 1.33645 seconds
Resulting Fitness: 0.383333
-------------
Particle: 11:
Relays Coordinates:
202.135, 186.204
130.716, 65.3784
Evaluation Time: 1.37359 seconds
Resulting Fitness: 0.397222
New local best!
-------------
Particle: 12:
Relays Coordinates:
202.372, 177.11
129.324, 46.0043
Evaluation Time: 1.34495 seconds
Resulting Fitness: 0.375
-------------
Particle: 13:
Relays Coordinates:
191.718, 163.784
118.752, 79.7962
Evaluation Time: 1.3689 seconds
Resulting Fitness: 0.347222
-------------
Particle: 14:
Relays Coordinates:
201.935, 187.227
129.996, 59.8153
Evaluation Time: 1.38451 seconds
Resulting Fitness: 0.408333
New local best!
-------------
Particle: 15:
Relays Coordinates:
163.662, 215.559
124.935, 72.8122
Evaluation Time: 1.32719 seconds
Resulting Fitness: 0.369444
-------------
Particle: 16:
Relays Coordinates:
169.945, 180.072
106.315, 46.4217
Evaluation Time: 1.30882 seconds
Resulting Fitness: 0.35
-------------
Particle: 17:
Relays Coordinates:
215.393, 199.188
131.543, 79.1219
Evaluation Time: 1.43139 seconds
Resulting Fitness: 0.394444
-------------
Particle: 18:
Relays Coordinates:
207.537, 186.726
134.499, 60.3874
Evaluation Time: 1.35827 seconds
Resulting Fitness: 0.397222
-------------
Particle: 19:
Relays Coordinates:
198.799, 167.156
127.205, 60.7093
Evaluation Time: 1.32116 seconds
Resulting Fitness: 0.355556
-------------
Particle: 20:
Relays Coordinates:
197.405, 185.844
131.299, 58.6033
Evaluation Time: 1.34005 seconds
Resulting Fitness: 0.397222
Current global best fitness: 0.416667
Current global best relays: 216.539, 188.893
138.247, 63.6821
Particle 1 new velocities: 74.0793, 56.6775
56.6037, 20.0077
Particle 2 new velocities: -2.14917, -10.1115
-1.6723, 13.0287
Particle 3 new velocities: 60.3842, 56.3324
41.0541, 16.4277
Particle 4 new velocities: 74.8932, 57.4807
46.8256, 22.809
Particle 5 new velocities: 64.8927, 71.5019
36.7189, 23.4931
Particle 6 new velocities: 97.1187, 68.8416
45.2296, 31.4563
Particle 7 new velocities: 123.147, 101.669
79.1513, 35.2847
Particle 8 new velocities: 93.3364, 155.205
78.9664, 35.7328
Particle 9 new velocities: 100.224, 106.462
57.0667, 34.5344
Particle 10 new velocities: 86.5115, 67.0218
40.9871, 19.2932
Particle 11 new velocities: 130.851, 120.95
81.4148, 31.0126
Particle 12 new velocities: 99.3107, 99.3134
58.5137, 16.7591
Particle 13 new velocities: 102.289, 70.9493
45.7975, 43.4136
Particle 14 new velocities: 31.2972, 49.5743
27.3314, 5.10882
Particle 15 new velocities: 55.2211, 14.2445
34.974, 3.04421
Particle 16 new velocities: 120.576, 90.4634
31.4619, 24.0642
Particle 17 new velocities: 43.2279, 27.1635
26.5022, -3.28884
Particle 18 new velocities: 93.3725, 80.1248
60.3501, 27.9853
Particle 19 new velocities: 57.8814, 86.3493
55.4101, 20.0715
Particle 20 new velocities: 91.438, 79.8893
59.6862, 28.0155
-- ITERATION 12 --
-------------
Particle: 1:
Relays Coordinates:
195.33, 178.358
122.707, 58.5068
Evaluation Time: 1.38913 seconds
Resulting Fitness: 0.386111
-------------
Particle: 2:
Relays Coordinates:
253.467, 134.375
136.491, 61.4687
Evaluation Time: 1.31858 seconds
Resulting Fitness: 0.366667
-------------
Particle: 3:
Relays Coordinates:
192.104, 177.668
128.577, 60.1722
Evaluation Time: 1.35552 seconds
Resulting Fitness: 0.375
-------------
Particle: 4:
Relays Coordinates:
204.767, 183.302
131.558, 65.1693
Evaluation Time: 1.32828 seconds
Resulting Fitness: 0.383333
-------------
Particle: 5:
Relays Coordinates:
190.685, 183.516
120.208, 60.391
Evaluation Time: 1.38639 seconds
Resulting Fitness: 0.383333
-------------
Particle: 6:
Relays Coordinates:
215.288, 179.652
134.815, 59.807
Evaluation Time: 1.38607 seconds
Resulting Fitness: 0.386111
-------------
Particle: 7:
Relays Coordinates:
215.269, 186.521
135.448, 62.8834
Evaluation Time: 1.31254 seconds
Resulting Fitness: 0.416667
New local best!
-------------
Particle: 8:
Relays Coordinates:
204.824, 191.249
117.311, 64.0534
Evaluation Time: 1.35003 seconds
Resulting Fitness: 0.394444
New local best!
-------------
Particle: 9:
Relays Coordinates:
190.889, 182.361
127.183, 62.6388
Evaluation Time: 1.3759 seconds
Resulting Fitness: 0.397222
-------------
Particle: 10:
Relays Coordinates:
202.012, 180.825
130.691, 60.9389
Evaluation Time: 1.35548 seconds
Resulting Fitness: 0.380556
-------------
Particle: 11:
Relays Coordinates:
196.625, 181.372
125.261, 56.9179
Evaluation Time: 1.3734 seconds
Resulting Fitness: 0.377778
-------------
Particle: 12:
Relays Coordinates:
178.14, 163.225
110.916, 37.0612
Evaluation Time: 1.29939 seconds
Resulting Fitness: 0.325
-------------
Particle: 13:
Relays Coordinates:
214.331, 171.121
119.957, 89.8199
Evaluation Time: 1.37302 seconds
Resulting Fitness: 0.377778
-------------
Particle: 14:
Relays Coordinates:
188.918, 191.809
127.435, 52.5886
Evaluation Time: 1.36951 seconds
Resulting Fitness: 0.391667
-------------
Particle: 15:
Relays Coordinates:
177.296, 186.141
129.526, 61.4437
Evaluation Time: 1.34595 seconds
Resulting Fitness: 0.394444
New local best!
-------------
Particle: 16:
Relays Coordinates:
171.55, 159.749
81.3557, 41.6212
Evaluation Time: 1.30579 seconds
Resulting Fitness: 0.322222
-------------
Particle: 17:
Relays Coordinates:
209.483, 183.345
128.017, 61.4248
Evaluation Time: 1.35271 seconds
Resulting Fitness: 0.4
-------------
Particle: 18:
Relays Coordinates:
197.427, 175.081
127.841, 57.9813
Evaluation Time: 1.3758 seconds
Resulting Fitness: 0.355556
-------------
Particle: 19:
Relays Coordinates:
187.12, 184.805
133.126, 58.8892
Evaluation Time: 1.32839 seconds
Resulting Fitness: 0.391667
-------------
Particle: 20:
Relays Coordinates:
210.567, 193.72
139.229, 63.1451
Evaluation Time: 1.39804 seconds
Resulting Fitness: 0.419444
New local best!
New global best!
Current global best fitness: 0.419444
Current global best relays: 210.567, 193.72
139.229, 63.1451
Particle 1 new velocities: 61.1042, 72.7075
61.9031, 18.1007
Particle 2 new velocities: -64.1965, 24.2773
-1.16173, -4.30672
Particle 3 new velocities: 56.3578, 75.947
46.306, 13.8982
Particle 4 new velocities: 64.8822, 55.9051
45.6478, 16.7744
Particle 5 new velocities: 88.5798, 75.4025
61.8163, 22.9102
Particle 6 new velocities: 44.0534, 73.1017
38.9093, 24.3085
Particle 7 new velocities: 93.8242, 88.7862
64.6522, 28.3936
Particle 8 new velocities: 82.1135, 126.884
69.9271, 28.0535
Particle 9 new velocities: 102.336, 92.9554
63.8647, 32.0842
Particle 10 new velocities: 70.8762, 83.9204
41.0785, 19.8111
Particle 11 new velocities: 122.145, 103.655
90.8979, 28.4498
Particle 12 new velocities: 142.887, 77.4455
61.1912, 25.3198
Particle 13 new velocities: 80.0174, 81.629
36.5209, 17.1312
Particle 14 new velocities: 32.436, 38.9918
32.2249, 23.8712
Particle 15 new velocities: 57.65, 17.5351
32.2959, 3.92198
Particle 16 new velocities: 98.5197, 151.226
118.156, 50.6848
Particle 17 new velocities: 42.1209, 35.2258
44.5924, 1.88571
Particle 18 new velocities: 107.533, 85.2546
68.7038, 28.5734
Particle 19 new velocities: 87.0982, 77.618
46.1382, 20.0413
Particle 20 new velocities: 73.1504, 63.9114
47.749, 22.4124
-- ITERATION 13 --
-------------
Particle: 1:
Relays Coordinates:
186.94, 183.026
134.581, 55.8469
Evaluation Time: 1.34552 seconds
Resulting Fitness: 0.397222
-------------
Particle: 2:
Relays Coordinates:
189.271, 158.653
135.33, 57.162
Evaluation Time: 1.41619 seconds
Resulting Fitness: 0.347222
-------------
Particle: 3:
Relays Coordinates:
181.129, 184.885
127.49, 53.9973
Evaluation Time: 1.40535 seconds
Resulting Fitness: 0.380556
-------------
Particle: 4:
Relays Coordinates:
196.575, 174.382
129.183, 59.7369
Evaluation Time: 1.33487 seconds
Resulting Fitness: 0.375
-------------
Particle: 5:
Relays Coordinates:
203.584, 188.752
132.696, 60.7265
Evaluation Time: 1.36262 seconds
Resulting Fitness: 0.397222
-------------
Particle: 6:
Relays Coordinates:
189.06, 184.257
126.645, 61.3202
Evaluation Time: 1.32784 seconds
Resulting Fitness: 0.4
New local best!
-------------
Particle: 7:
Relays Coordinates:
202.796, 180.629
131.286, 59.8869
Evaluation Time: 1.33726 seconds
Resulting Fitness: 0.380556
-------------
Particle: 8:
Relays Coordinates:
169.434, 187.854
110.562, 54.3882
Evaluation Time: 1.33222 seconds
Resulting Fitness: 0.347222
-------------
Particle: 9:
Relays Coordinates:
192.385, 180.635
125.346, 62.1477
Evaluation Time: 1.38515 seconds
Resulting Fitness: 0.380556
-------------
Particle: 10:
Relays Coordinates:
198.936, 192.999
125.22, 58.8668
Evaluation Time: 1.39356 seconds
Resulting Fitness: 0.397222
-------------
Particle: 11:
Relays Coordinates:
209.145, 187.006
141.822, 56.0097
Evaluation Time: 1.36569 seconds
Resulting Fitness: 0.383333
-------------
Particle: 12:
Relays Coordinates:
210.626, 157.904
112.92, 40.9281
Evaluation Time: 1.32068 seconds
Resulting Fitness: 0.372222
-------------
Particle: 13:
Relays Coordinates:
214.58, 184.255
114.072, 77.9674
Evaluation Time: 1.38456 seconds
Resulting Fitness: 0.408333
New local best!
-------------
Particle: 14:
Relays Coordinates:
179.297, 186.949
129.324, 61.9324
Evaluation Time: 1.26772 seconds
Resulting Fitness: 0.397222
-------------
Particle: 15:
Relays Coordinates:
190.306, 164.978
131.076, 52.9462
Evaluation Time: 1.30651 seconds
Resulting Fitness: 0.347222
-------------
Particle: 16:
Relays Coordinates:
177.193, 204.031
130.9, 60.562
Evaluation Time: 1.5288 seconds
Resulting Fitness: 0.391667
New local best!
-------------
Particle: 17:
Relays Coordinates:
203.799, 177.042
139.814, 51.2815
Evaluation Time: 1.33058 seconds
Resulting Fitness: 0.363889
-------------
Particle: 18:
Relays Coordinates:
200.084, 170.806
128.953, 56.7885
Evaluation Time: 1.31442 seconds
Resulting Fitness: 0.35
-------------
Particle: 19:
Relays Coordinates:
199.905, 191.307
130.684, 57.5403
Evaluation Time: 1.34181 seconds
Resulting Fitness: 0.394444
New local best!
-------------
Particle: 20:
Relays Coordinates:
206.83, 187.813
136.307, 62.3714
Evaluation Time: 1.3342 seconds
Resulting Fitness: 0.408333
Current global best fitness: 0.419444
Current global best relays: 210.567, 193.72
139.229, 63.1451
Particle 1 new velocities: 90.7182, 61.6749
39.8428, 27.6981
Particle 2 new velocities: 21.6311, 3.54555
-23.2653, -3.07531
Particle 3 new velocities: 105.517, 66.1652
57.9372, 24.6605
Particle 4 new velocities: 71.774, 75.8262
43.6162, 21.1121
Particle 5 new velocities: 85.5556, 64.0669
54.8245, 20.5419
Particle 6 new velocities: 38.3634, 64.4998
45.5141, 19.9127
Particle 7 new velocities: 94.306, 85.781
54.6089, 26.7616
Particle 8 new velocities: 144.529, 106.634
68.4191, 26.5361
Particle 9 new velocities: 96.872, 90.1542
62.3744, 30.3372
Particle 10 new velocities: 67.479, 70.6055
66.7149, 26.6894
Particle 11 new velocities: 96.4715, 87.1456
71.0728, 43.9504
Particle 12 new velocities: 125.539, 78.0234
63.6924, 33.185
Particle 13 new velocities: 58.9942, 70.1736
42.2929, 8.89698
Particle 14 new velocities: 65.8275, 33.5556
36.6544, 18.5198
Particle 15 new velocities: 32.0498, 82.0073
31.3867, 13.1869
Particle 16 new velocities: 107.845, 113.15
103.971, 40.9088
Particle 17 new velocities: 44.0224, 38.9513
34.4011, 16.7578
Particle 18 new velocities: 119.019, 108.021
72.3247, 35.3965
Particle 19 new velocities: 80.9204, 64.2766
40.0803, 19.2667
Particle 20 new velocities: 65.9433, 61.4393
41.6753, 19.0983
-- ITERATION 14 --
-------------
Particle: 1:
Relays Coordinates:
202.413, 178.387
127.155, 60.9043
Evaluation Time: 1.31937 seconds
Resulting Fitness: 0.380556
-------------
Particle: 2:
Relays Coordinates:
210.902, 162.198
112.064, 54.0867
Evaluation Time: 1.29506 seconds
Resulting Fitness: 0.375
New local best!
-------------
Particle: 3:
Relays Coordinates:
208.965, 183.016
135.176, 57.3415
Evaluation Time: 1.33511 seconds
Resulting Fitness: 0.402778
-------------
Particle: 4:
Relays Coordinates:
195.626, 182.402
125.971, 58.9389
Evaluation Time: 1.32301 seconds
Resulting Fitness: 0.386111
-------------
Particle: 5:
Relays Coordinates:
210.783, 184.305
136.702, 59.2447
Evaluation Time: 1.36024 seconds
Resulting Fitness: 0.405556
-------------
Particle: 6:
Relays Coordinates:
184.213, 201.493
139.449, 65.7987
Evaluation Time: 1.34402 seconds
Resulting Fitness: 0.380556
-------------
Particle: 7:
Relays Coordinates:
216.588, 194.213
135.517, 63.1668
Evaluation Time: 1.4221 seconds
Resulting Fitness: 0.405556
-------------
Particle: 8:
Relays Coordinates:
185.392, 173.892
105.687, 47.785
Evaluation Time: 1.35748 seconds
Resulting Fitness: 0.358333
-------------
Particle: 9:
Relays Coordinates:
210.868, 197.405
136.848, 67.4215
Evaluation Time: 1.37037 seconds
Resulting Fitness: 0.408333
New local best!
-------------
Particle: 10:
Relays Coordinates:
194.216, 192.168
139.92, 62.3704
Evaluation Time: 1.3535 seconds
Resulting Fitness: 0.391667
-------------
Particle: 11:
Relays Coordinates:
200.515, 179.871
139.68, 65.5839
Evaluation Time: 1.37789 seconds
Resulting Fitness: 0.369444
-------------
Particle: 12:
Relays Coordinates:
220.558, 154.792
115.875, 48.6257
Evaluation Time: 1.28813 seconds
Resulting Fitness: 0.372222
-------------
Particle: 13:
Relays Coordinates:
199.436, 185.478
113.99, 63.3241
Evaluation Time: 1.34895 seconds
Resulting Fitness: 0.386111
-------------
Particle: 14:
Relays Coordinates:
198.551, 178.609
134.443, 65.1663
Evaluation Time: 1.38393 seconds
Resulting Fitness: 0.377778
-------------
Particle: 15:
Relays Coordinates:
180.108, 200.058
131.595, 53.5678
Evaluation Time: 1.36745 seconds
Resulting Fitness: 0.377778
-------------
Particle: 16:
Relays Coordinates:
168.312, 187.292
138.689, 59.9175
Evaluation Time: 1.31695 seconds
Resulting Fitness: 0.375
-------------
Particle: 17:
Relays Coordinates:
200.736, 174.955
141.114, 55.1118
Evaluation Time: 1.34657 seconds
Resulting Fitness: 0.358333
-------------
Particle: 18:
Relays Coordinates:
209.363, 182.938
132.058, 60.4826
Evaluation Time: 1.36297 seconds
Resulting Fitness: 0.402778
-------------
Particle: 19:
Relays Coordinates:
204.722, 186.32
124.487, 55.9923
Evaluation Time: 1.38004 seconds
Resulting Fitness: 0.394444
-------------
Particle: 20:
Relays Coordinates:
198.851, 181.705
129.749, 59.3914
Evaluation Time: 1.34619 seconds
Resulting Fitness: 0.391667
Current global best fitness: 0.419444
Current global best relays: 210.567, 193.72
139.229, 63.1451
Particle 1 new velocities: 74.4863, 58.8799
40.929, 23.4432
Particle 2 new velocities: 16.959, 5.63533
5.25494, 7.07875
Particle 3 new velocities: 82.8992, 60.8191
49.9258, 27.4783
Particle 4 new velocities: 67.1005, 85.7623
45.9272, 32.1785
Particle 5 new velocities: 68.3096, 52.0479
43.2681, 22.2005
Particle 6 new velocities: 60.2922, 45.3097
19.6349, 12.3264
Particle 7 new velocities: 73.2018, 62.0006
48.0806, 21.2131
Particle 8 new velocities: 158.641, 109.434
99.6094, 45.6768
Particle 9 new velocities: 77.3149, 68.391
50.665, 20.0899
Particle 10 new velocities: 65.2708, 71.8848
46.6517, 21.936
Particle 11 new velocities: 89.9201, 87.6541
51.5691, 33.0831
Particle 12 new velocities: 98.872, 110.24
99.7968, 26.8628
Particle 13 new velocities: 60.7778, 56.9734
41.8988, 20.0066
Particle 14 new velocities: 61.4282, 40.704
32.9978, 7.31594
Particle 15 new velocities: 36.907, 47.999
25.4818, 27.3042
Particle 16 new velocities: 129.508, 108.428
72.0603, 34.612
Particle 17 new velocities: 39.5821, 55.5185
19.8706, 34.2939
Particle 18 new velocities: 107.369, 101.557
61.0369, 33.0116
Particle 19 new velocities: 64.5704, 58.7728
50.2619, 20.3673
Particle 20 new velocities: 66.329, 62.0379
54.1864, 17.8672
-- ITERATION 15 --
-------------
Particle: 1:
Relays Coordinates:
224.289, 192.186
136.148, 68.3214
Evaluation Time: 1.40634 seconds
Resulting Fitness: 0.413889
New local best!
-------------
Particle: 2:
Relays Coordinates:
227.861, 167.834
117.319, 61.1654
Evaluation Time: 1.33783 seconds
Resulting Fitness: 0.375
-------------
Particle: 3:
Relays Coordinates:
212.769, 177.756
134.939, 61.8336
Evaluation Time: 1.34587 seconds
Resulting Fitness: 0.380556
-------------
Particle: 4:
Relays Coordinates:
191.528, 195.492
125.313, 66.4246
Evaluation Time: 1.3065 seconds
Resulting Fitness: 0.388889
-------------
Particle: 5:
Relays Coordinates:
203.459, 172.301
131.198, 59.3735
Evaluation Time: 1.32118 seconds
Resulting Fitness: 0.366667
-------------
Particle: 6:
Relays Coordinates:
198.049, 199.91
128.858, 63.2813
Evaluation Time: 1.35997 seconds
Resulting Fitness: 0.394444
-------------
Particle: 7:
Relays Coordinates:
211.256, 186.78
133.843, 61.5129
Evaluation Time: 1.35595 seconds
Resulting Fitness: 0.394444
-------------
Particle: 8:
Relays Coordinates:
225.72, 185.891
134.695, 61.3203
Evaluation Time: 1.39024 seconds
Resulting Fitness: 0.388889
-------------
Particle: 9:
Relays Coordinates:
210.085, 193.765
136.697, 63.7958
Evaluation Time: 1.36591 seconds
Resulting Fitness: 0.411111
New local best!
-------------
Particle: 10:
Relays Coordinates:
189.166, 192.494
136.011, 61.4594
Evaluation Time: 1.32578 seconds
Resulting Fitness: 0.405556
-------------
Particle: 11:
Relays Coordinates:
190.555, 175.523
125.479, 64.7354
Evaluation Time: 1.34904 seconds
Resulting Fitness: 0.363889
-------------
Particle: 12:
Relays Coordinates:
209.578, 173.888
141.502, 49.528
Evaluation Time: 1.3422 seconds
Resulting Fitness: 0.380556
New local best!
-------------
Particle: 13:
Relays Coordinates:
210.773, 196.386
126.27, 67.4979
Evaluation Time: 1.35736 seconds
Resulting Fitness: 0.413889
New local best!
-------------
Particle: 14:
Relays Coordinates:
210.583, 177.643
135.627, 58.7106
Evaluation Time: 1.3201 seconds
Resulting Fitness: 0.375
-------------
Particle: 15:
Relays Coordinates:
175.782, 200.926
127.232, 65.5063
Evaluation Time: 1.31148 seconds
Resulting Fitness: 0.383333
-------------
Particle: 16:
Relays Coordinates:
195.399, 194.022
138.272, 62.0208
Evaluation Time: 1.3655 seconds
Resulting Fitness: 0.411111
New local best!
-------------
Particle: 17:
Relays Coordinates:
194.657, 186.683
130.397, 72.4187
Evaluation Time: 1.34965 seconds
Resulting Fitness: 0.402778
-------------
Particle: 18:
Relays Coordinates:
207.808, 186.657
126.69, 61.3416
Evaluation Time: 1.35716 seconds
Resulting Fitness: 0.413889
-------------
Particle: 19:
Relays Coordinates:
196.314, 178.673
127.392, 55.6661
Evaluation Time: 1.41427 seconds
Resulting Fitness: 0.377778
-------------
Particle: 20:
Relays Coordinates:
193.317, 177.689
134.089, 56.3215
Evaluation Time: 1.30213 seconds
Resulting Fitness: 0.372222
Current global best fitness: 0.419444
Current global best relays: 210.567, 193.72
139.229, 63.1451
Particle 1 new velocities: 50.4973, 47.383
32.8266, 18.6627
Particle 2 new velocities: -10.9597, 7.23795
7.62117, 5.02372
Particle 3 new velocities: 55.2788, 69.6577
44.9509, 24.8715
Particle 4 new velocities: 80.8731, 66.8931
53.1848, 23.2197
Particle 5 new velocities: 62.5353, 71.1847
42.9327, 23.4041
Particle 6 new velocities: 43.0548, 10.7407
25.346, 7.40319
Particle 7 new velocities: 61.1698, 57.6553
43.936, 17.9928
Particle 8 new velocities: 84.4714, 94.8491
74.4107, 41.7882
Particle 9 new velocities: 62.3322, 54.7017
41.3349, 15.6241
Particle 10 new velocities: 69.072, 62.7412
39.1497, 19.4513
Particle 11 new velocities: 109.992, 100.086
63.0985, 26.0815
Particle 12 new velocities: 80.2406, 105.874
79.2335, 30.4843
Particle 13 new velocities: 48.3773, 44.8348
34.0644, 12.643
Particle 14 new velocities: 41.1276, 56.2707
25.1081, 11.779
Particle 15 new velocities: 57.2575, 14.0927
28.143, 19.8301
Particle 16 new velocities: 104.671, 86.7322
58.8627, 28.3232
Particle 17 new velocities: 64.5461, 47.961
30.4973, 20.1531
Particle 18 new velocities: 101.021, 86.3654
64.5881, 29.2394
Particle 19 new velocities: 68.0186, 80.2547
52.0776, 19.5999
Particle 20 new velocities: 82.9729, 67.9715
52.0629, 27.7011
-- ITERATION 16 --
-------------
Particle: 1:
Relays Coordinates:
222.577, 194.051
136.869, 70.4571
Evaluation Time: 1.39261 seconds
Resulting Fitness: 0.408333
-------------
Particle: 2:
Relays Coordinates:
216.901, 175.071
124.94, 66.1891
Evaluation Time: 1.32303 seconds
Resulting Fitness: 0.380556
New local best!
-------------
Particle: 3:
Relays Coordinates:
195.407, 180.364
131.14, 63.208
Evaluation Time: 1.35311 seconds
Resulting Fitness: 0.388889
-------------
Particle: 4:
Relays Coordinates:
198.58, 191.279
130.125, 65.3507
Evaluation Time: 1.34137 seconds
Resulting Fitness: 0.416667
New local best!
-------------
Particle: 5:
Relays Coordinates:
193.91, 177.501
126.942, 60.3449
Evaluation Time: 1.34109 seconds
Resulting Fitness: 0.377778
-------------
Particle: 6:
Relays Coordinates:
216.994, 189.586
138.784, 63.6161
Evaluation Time: 1.36948 seconds
Resulting Fitness: 0.405556
New local best!
-------------
Particle: 7:
Relays Coordinates:
198.599, 178.193
129.601, 57.9597
Evaluation Time: 1.33575 seconds
Resulting Fitness: 0.375
-------------
Particle: 8:
Relays Coordinates:
203.517, 184.193
137.194, 67.6495
Evaluation Time: 1.37385 seconds
Resulting Fitness: 0.388889
-------------
Particle: 9:
Relays Coordinates:
198.592, 181.133
129.785, 57.8971
Evaluation Time: 1.33713 seconds
Resulting Fitness: 0.391667
-------------
Particle: 10:
Relays Coordinates:
188.256, 186.067
127.692, 58.9839
Evaluation Time: 1.32873 seconds
Resulting Fitness: 0.394444
-------------
Particle: 11:
Relays Coordinates:
197.188, 180.827
123.726, 59.585
Evaluation Time: 1.34273 seconds
Resulting Fitness: 0.377778
-------------
Particle: 12:
Relays Coordinates:
190.15, 183.551
144.825, 52.496
Evaluation Time: 1.34719 seconds
Resulting Fitness: 0.369444
-------------
Particle: 13:
Relays Coordinates:
209.912, 195.389
129.871, 64.9141
Evaluation Time: 1.35952 seconds
Resulting Fitness: 0.411111
-------------
Particle: 14:
Relays Coordinates:
203.886, 189.47
130.195, 57.0965
Evaluation Time: 1.34658 seconds
Resulting Fitness: 0.408333
-------------
Particle: 15:
Relays Coordinates:
188.762, 174.165
125.854, 69.1225
Evaluation Time: 1.32578 seconds
Resulting Fitness: 0.361111
-------------
Particle: 16:
Relays Coordinates:
196.876, 184.203
129.34, 59.2747
Evaluation Time: 1.38973 seconds
Resulting Fitness: 0.4
-------------
Particle: 17:
Relays Coordinates:
209.955, 190.062
130.325, 74.9831
Evaluation Time: 1.40457 seconds
Resulting Fitness: 0.413889
-------------
Particle: 18:
Relays Coordinates:
202.623, 179.13
125.497, 59.4302
Evaluation Time: 1.32289 seconds
Resulting Fitness: 0.369444
-------------
Particle: 19:
Relays Coordinates:
192.698, 188.758
130.833, 54.8689
Evaluation Time: 1.44552 seconds
Resulting Fitness: 0.405556
New local best!
-------------
Particle: 20:
Relays Coordinates:
201.415, 179.086
135.705, 61.2525
Evaluation Time: 1.34642 seconds
Resulting Fitness: 0.375
Current global best fitness: 0.419444
Current global best relays: 210.567, 193.72
139.229, 63.1451
Particle 1 new velocities: 31.0754, 36.3762
29.0863, 13.0969
Particle 2 new velocities: -9.82673, 12.0666
21.554, 3.58588
Particle 3 new velocities: 69.7687, 64.4445
44.0845, 20.1466
Particle 4 new velocities: 72.3571, 55.6436
47.8544, 16.285
Particle 5 new velocities: 79.7511, 72.5105
38.1575, 22.5622
Particle 6 new velocities: 26.1492, 13.8795
20.7059, 5.73297
Particle 7 new velocities: 73.4, 63.6954
45.1685, 28.655
Particle 8 new velocities: 78.6231, 86.8159
54.3534, 22.3017
Particle 9 new velocities: 75.4823, 54.9954
48.0022, 21.9498
Particle 10 new velocities: 79.2924, 58.0277
38.8135, 23.6804
Particle 11 new velocities: 102.34, 94.1829
58.0324, 25.7634
Particle 12 new velocities: 110.98, 81.4497
58.8029, 37.0248
Particle 13 new velocities: 40.2281, 35.7757
33.164, 10.9906
Particle 14 new velocities: 33.8729, 49.1467
30.9734, 10.082
Particle 15 new velocities: 43.7697, 36.8402
30.2666, -4.00196
Particle 16 new velocities: 85.569, 86.1324
55.1855, 29.3666
Particle 17 new velocities: 62.9895, 39.0976
29.8026, -2.16934
Particle 18 new velocities: 83.8526, 77.5258
81.8487, 29.9459
Particle 19 new velocities: 57.5008, 67.8621
49.892, 19.1164
Particle 20 new velocities: 68.7017, 76.8913
45.7419, 23.0531
-- ITERATION 17 --
-------------
Particle: 1:
Relays Coordinates:
205.458, 186.646
134.424, 67.6788
Evaluation Time: 1.3403 seconds
Resulting Fitness: 0.386111
-------------
Particle: 2:
Relays Coordinates:
186.367, 168.424
131.845, 62.7975
Evaluation Time: 1.3253 seconds
Resulting Fitness: 0.341667
-------------
Particle: 3:
Relays Coordinates:
193.313, 178.466
127.739, 60.7655
Evaluation Time: 1.36535 seconds
Resulting Fitness: 0.369444
-------------
Particle: 4:
Relays Coordinates:
197.513, 180.006
129.747, 59.5124
Evaluation Time: 1.32931 seconds
Resulting Fitness: 0.391667
-------------
Particle: 5:
Relays Coordinates:
199.499, 182.258
120.357, 60.4393
Evaluation Time: 1.32596 seconds
Resulting Fitness: 0.391667
-------------
Particle: 6:
Relays Coordinates:
196.946, 164.807
129.186, 56.1727
Evaluation Time: 1.30007 seconds
Resulting Fitness: 0.347222
-------------
Particle: 7:
Relays Coordinates:
198.287, 176.337
127.407, 63.1421
Evaluation Time: 1.3654 seconds
Resulting Fitness: 0.372222
-------------
Particle: 8:
Relays Coordinates:
205.68, 197.566
139.638, 65.5744
Evaluation Time: 1.39 seconds
Resulting Fitness: 0.405556
New local best!
-------------
Particle: 9:
Relays Coordinates:
199.8, 172.137
129.607, 58.2084
Evaluation Time: 1.33615 seconds
Resulting Fitness: 0.347222
-------------
Particle: 10:
Relays Coordinates:
216.714, 197.716
134.87, 66.9581
Evaluation Time: 1.40362 seconds
Resulting Fitness: 0.408333
-------------
Particle: 11:
Relays Coordinates:
196.521, 180.434
119.251, 55.9971
Evaluation Time: 1.34221 seconds
Resulting Fitness: 0.386111
-------------
Particle: 12:
Relays Coordinates:
197.571, 173.867
133.6, 58.7346
Evaluation Time: 1.30193 seconds
Resulting Fitness: 0.352778
-------------
Particle: 13:
Relays Coordinates:
202.613, 187.243
132.058, 61.4827
Evaluation Time: 1.32623 seconds
Resulting Fitness: 0.394444
-------------
Particle: 14:
Relays Coordinates:
192.584, 193.28
130.547, 54.4146
Evaluation Time: 1.34043 seconds
Resulting Fitness: 0.405556
-------------
Particle: 15:
Relays Coordinates:
209.279, 189.905
140.508, 58.6085
Evaluation Time: 1.34224 seconds
Resulting Fitness: 0.388889
-------------
Particle: 16:
Relays Coordinates:
205.903, 197.074
134.519, 64.6195
Evaluation Time: 1.33019 seconds
Resulting Fitness: 0.411111
-------------
Particle: 17:
Relays Coordinates:
198.976, 167.057
116.733, 53.0812
Evaluation Time: 1.3035 seconds
Resulting Fitness: 0.355556
-------------
Particle: 18:
Relays Coordinates:
187.957, 168.392
136.04, 58.6396
Evaluation Time: 1.30673 seconds
Resulting Fitness: 0.35
-------------
Particle: 19:
Relays Coordinates:
182.395, 187.076
131.749, 53.9353
Evaluation Time: 1.28596 seconds
Resulting Fitness: 0.377778
-------------
Particle: 20:
Relays Coordinates:
196.915, 186.608
132.274, 61.4588
Evaluation Time: 1.38154 seconds
Resulting Fitness: 0.408333
Current global best fitness: 0.419444
Current global best relays: 210.567, 193.72
139.229, 63.1451
Particle 1 new velocities: 54.5406, 39.2084
29.0344, 9.00574
Particle 2 new velocities: 20.2275, 32.8264
23.7777, 7.24313
Particle 3 new velocities: 81.9052, 65.0939
59.7864, 21.8728
Particle 4 new velocities: 74.3876, 65.3277
40.3943, 20.2623
Particle 5 new velocities: 74.2255, 59.6788
51.8629, 21.1102
Particle 6 new velocities: 55.5383, 11.2344
35.2121, 13.7108
Particle 7 new velocities: 74.725, 66.1853
50.8862, 22.7106
Particle 8 new velocities: 63.54, 64.4642
43.2412, 16.8174
Particle 9 new velocities: 80.6358, 56.8529
48.9979, 23.5611
Particle 10 new velocities: 46.8748, 50.463
35.5013, 16.5776
Particle 11 new velocities: 99.2249, 100.051
74.6377, 39.0495
Particle 12 new velocities: 107.063, 87.4173
55.4326, 28.2145
Particle 13 new velocities: 42.2464, 41.2127
26.0514, 19.9898
Particle 14 new velocities: 37.3892, 38.3661
28.4871, 13.8201
Particle 15 new velocities: 29.3392, 29.1107
18.6764, -0.826451
Particle 16 new velocities: 56.0576, 61.1547
53.2822, 21.315
Particle 17 new velocities: 76.568, 59.9008
35.8502, 11.1405
Particle 18 new velocities: 115.792, 89.2506
69.4118, 25.0585
Particle 19 new velocities: 80.307, 57.2744
48.1308, 20.5168
Particle 20 new velocities: 68.2711, 69.956
42.8431, 20.6649
-- ITERATION 18 --
-------------
Particle: 1:
Relays Coordinates:
210.599, 182.942
132.401, 62.1145
Evaluation Time: 1.37847 seconds
Resulting Fitness: 0.402778
-------------
Particle: 2:
Relays Coordinates:
185.935, 181.126
140.06, 63.0366
Evaluation Time: 1.30072 seconds
Resulting Fitness: 0.355556
-------------
Particle: 3:
Relays Coordinates:
200.634, 177.555
136.706, 60.2434
Evaluation Time: 1.30889 seconds
Resulting Fitness: 0.355556
-------------
Particle: 4:
Relays Coordinates:
198.216, 178.848
124.033, 58.1558
Evaluation Time: 1.3197 seconds
Resulting Fitness: 0.380556
-------------
Particle: 5:
Relays Coordinates:
221.717, 195.969
139.498, 66.0551
Evaluation Time: 1.43718 seconds
Resulting Fitness: 0.402778
-------------
Particle: 6:
Relays Coordinates:
204.512, 142.594
133.163, 56.6056
Evaluation Time: 1.26785 seconds
Resulting Fitness: 0.347222
-------------
Particle: 7:
Relays Coordinates:
199.026, 176.799
129.976, 62.5866
Evaluation Time: 1.3034 seconds
Resulting Fitness: 0.35
-------------
Particle: 8:
Relays Coordinates:
196.261, 191.02
133.319, 60.0636
Evaluation Time: 1.32138 seconds
Resulting Fitness: 0.408333
New local best!
-------------
Particle: 9:
Relays Coordinates:
204.438, 166.934
130.203, 59.6099
Evaluation Time: 1.38566 seconds
Resulting Fitness: 0.369444
-------------
Particle: 10:
Relays Coordinates:
213.507, 201.025
138, 67.6639
Evaluation Time: 1.40435 seconds
Resulting Fitness: 0.402778
-------------
Particle: 11:
Relays Coordinates:
194.039, 184.026
127.211, 62.3601
Evaluation Time: 1.31991 seconds
Resulting Fitness: 0.4
New local best!
-------------
Particle: 12:
Relays Coordinates:
222.078, 190.476
137.805, 63.3859
Evaluation Time: 1.39669 seconds
Resulting Fitness: 0.391667
New local best!
-------------
Particle: 13:
Relays Coordinates:
198.336, 185.049
128.069, 65.9927
Evaluation Time: 1.3448 seconds
Resulting Fitness: 0.402778
-------------
Particle: 14:
Relays Coordinates:
186.279, 187.633
128.817, 55.2701
Evaluation Time: 1.323 seconds
Resulting Fitness: 0.394444
-------------
Particle: 15:
Relays Coordinates:
193.281, 177.403
128.94, 46.8034
Evaluation Time: 1.32133 seconds
Resulting Fitness: 0.375
-------------
Particle: 16:
Relays Coordinates:
190.969, 188.249
136.907, 62.6463
Evaluation Time: 1.3558 seconds
Resulting Fitness: 0.4
-------------
Particle: 17:
Relays Coordinates:
200.872, 165.452
111.233, 46.8177
Evaluation Time: 1.31841 seconds
Resulting Fitness: 0.35
-------------
Particle: 18:
Relays Coordinates:
199.29, 169.039
134.797, 54.9144
Evaluation Time: 1.32709 seconds
Resulting Fitness: 0.347222
-------------
Particle: 19:
Relays Coordinates:
191.51, 178.131
131.132, 54.2756
Evaluation Time: 1.34369 seconds
Resulting Fitness: 0.369444
-------------
Particle: 20:
Relays Coordinates:
193.321, 187.035
127.661, 59.8681
Evaluation Time: 1.40216 seconds
Resulting Fitness: 0.405556
Current global best fitness: 0.419444
Current global best relays: 210.567, 193.72
139.229, 63.1451
Particle 1 new velocities: 61.7597, 57.3139
28.0061, 11.1236
Particle 2 new velocities: 67.0597, 33.3023
-2.08979, 6.38936
Particle 3 new velocities: 69.5133, 62.7137
48.6712, 22.4084
Particle 4 new velocities: 60.628, 82.2323
50.2746, 25.2622
Particle 5 new velocities: 44.5654, 46.2267
32.9863, 11.1434
Particle 6 new velocities: 54.2092, 99.4191
31.0018, 14.9219
Particle 7 new velocities: 76.2315, 79.6666
54.4162, 19.1339
Particle 8 new velocities: 63.8491, 54.2677
36.3242, 17.3836
Particle 9 new velocities: 68.7819, 106.975
47.9415, 26.594
Particle 10 new velocities: 22.9145, 39.0727
28.543, 6.79581
Particle 11 new velocities: 80.0348, 90.7713
67.4096, 31.7261
Particle 12 new velocities: 73.0956, 73.6131
45.4231, 22.4717
Particle 13 new velocities: 51.4456, 46.2702
34.9246, 15.9271
Particle 14 new velocities: 45.7556, 30.8548
24.0131, 14.6445
Particle 15 new velocities: 7.85633, 38.7467
24.3673, 10.334
Particle 16 new velocities: 64.4215, 52.9145
47.4213, 16.2861
Particle 17 new velocities: 73.8067, 62.0258
88.0899, 21.0763
Particle 18 new velocities: 118.14, 82.5007
57.3694, 31.6006
Particle 19 new velocities: 69.8599, 67.2735
41.4725, 19.1569
Particle 20 new velocities: 103.806, 62.5268
57.8398, 22.7876
-- ITERATION 19 --
-------------
Particle: 1:
Relays Coordinates:
198.55, 175.147
116.937, 53.3905
Evaluation Time: 1.4325 seconds
Resulting Fitness: 0.358333
-------------
Particle: 2:
Relays Coordinates:
204.926, 173.687
111.756, 56.235
Evaluation Time: 1.33992 seconds
Resulting Fitness: 0.355556
-------------
Particle: 3:
Relays Coordinates:
196.937, 175.156
135.14, 60.2531
Evaluation Time: 1.37907 seconds
Resulting Fitness: 0.369444
-------------
Particle: 4:
Relays Coordinates:
188.697, 190.328
127.07, 60.8117
Evaluation Time: 1.3647 seconds
Resulting Fitness: 0.394444
-------------
Particle: 5:
Relays Coordinates:
215.688, 196.179
139.713, 62.5308
Evaluation Time: 1.47026 seconds
Resulting Fitness: 0.411111
New local best!
-------------
Particle: 6:
Relays Coordinates:
188.608, 176.427
119.676, 52.1436
Evaluation Time: 1.39443 seconds
Resulting Fitness: 0.369444
-------------
Particle: 7:
Relays Coordinates:
200.663, 186.963
134.422, 59.5742
Evaluation Time: 1.3314 seconds
Resulting Fitness: 0.405556
-------------
Particle: 8:
Relays Coordinates:
210.689, 198.683
137.411, 62.7322
Evaluation Time: 1.43077 seconds
Resulting Fitness: 0.397222
-------------
Particle: 9:
Relays Coordinates:
199.177, 199.68
129.867, 62.8426
Evaluation Time: 1.40555 seconds
Resulting Fitness: 0.408333
-------------
Particle: 10:
Relays Coordinates:
191.501, 194.479
134.9, 60.3124
Evaluation Time: 1.29831 seconds
Resulting Fitness: 0.4
-------------
Particle: 11:
Relays Coordinates:
179.82, 180.295
127.69, 61.73
Evaluation Time: 1.30032 seconds
Resulting Fitness: 0.386111
-------------
Particle: 12:
Relays Coordinates:
215.182, 192.521
133.573, 62.5902
Evaluation Time: 1.36014 seconds
Resulting Fitness: 0.416667
New local best!
-------------
Particle: 13:
Relays Coordinates:
202.323, 187.369
132.025, 66.355
Evaluation Time: 1.42628 seconds
Resulting Fitness: 0.416667
New local best!
-------------
Particle: 14:
Relays Coordinates:
208.831, 196.639
137.547, 62.9232
Evaluation Time: 1.38395 seconds
Resulting Fitness: 0.408333
-------------
Particle: 15:
Relays Coordinates:
181.023, 194.534
137.976, 51.4237
Evaluation Time: 1.27913 seconds
Resulting Fitness: 0.391667
-------------
Particle: 16:
Relays Coordinates:
186.18, 175.808
134.376, 57.5417
Evaluation Time: 1.32662 seconds
Resulting Fitness: 0.383333
-------------
Particle: 17:
Relays Coordinates:
200.241, 165.832
145.306, 49.4947
Evaluation Time: 1.35619 seconds
Resulting Fitness: 0.352778
-------------
Particle: 18:
Relays Coordinates:
231.406, 183.373
140.089, 63.0694
Evaluation Time: 1.40341 seconds
Resulting Fitness: 0.375
-------------
Particle: 19:
Relays Coordinates:
190.539, 178.9
125.829, 53.5323
Evaluation Time: 1.35617 seconds
Resulting Fitness: 0.386111
-------------
Particle: 20:
Relays Coordinates:
216.606, 181.93
135.23, 60.256
Evaluation Time: 1.44052 seconds
Resulting Fitness: 0.394444
Current global best fitness: 0.419444
Current global best relays: 210.567, 193.72
139.229, 63.1451
Particle 1 new velocities: 69.9924, 75.2882
42.0176, 15.989
Particle 2 new velocities: 73.2993, 39.0542
8.84633, 20.2668
Particle 3 new velocities: 64.6897, 84.6294
40.2515, 21.782
Particle 4 new velocities: 52.6266, 67.8714
41.6944, 21.8818
Particle 5 new velocities: 35.4951, 34.5795
25.8635, 9.39815
Particle 6 new velocities: 92.0602, 86.9221
61.1905, 17.9804
Particle 7 new velocities: 84.0582, 65.2744
44.2209, 19.8456
Particle 8 new velocities: 45.0281, 32.3479
22.9615, 10.9384
Particle 9 new velocities: 69.5691, 73.0442
55.8792, 21.863
Particle 10 new velocities: 49.5034, 31.365
27.9245, 10.5955
Particle 11 new velocities: 120.698, 91.1801
57.999, 27.0852
Particle 12 new velocities: 52.9358, 59.1533
39.2418, 18.1991
Particle 13 new velocities: 44.8503, 38.4497
35.7774, 11.9365
Particle 14 new velocities: 34.6265, 19.5246
11.371, 7.36409
Particle 15 new velocities: 19.752, 23.3886
11.1148, 26.3832
Particle 16 new velocities: 83.2157, 66.8909
43.1582, 25.8802
Particle 17 new velocities: 73.1855, 76.7056
51.9073, 36.4184
Particle 18 new velocities: 73.9824, 76.3002
45.2035, 25.6403
Particle 19 new velocities: 71.6464, 67.2306
42.5462, 22.386
Particle 20 new velocities: 71.7589, 58.6539
56.4284, 20.2598
-- ITERATION 20 --
-------------
Particle: 1:
Relays Coordinates:
195.767, 182.567
115.878, 50.5777
Evaluation Time: 1.38713 seconds
Resulting Fitness: 0.394444
-------------
Particle: 2:
Relays Coordinates:
202.826, 155.088
87.9193, 55.7698
Evaluation Time: 1.33103 seconds
Resulting Fitness: 0.361111
-------------
Particle: 3:
Relays Coordinates:
190.726, 189.383
127.86, 59.8037
Evaluation Time: 1.35413 seconds
Resulting Fitness: 0.4
-------------
Particle: 4:
Relays Coordinates:
195.472, 209.141
136.699, 66.9817
Evaluation Time: 1.35825 seconds
Resulting Fitness: 0.386111
-------------
Particle: 5:
Relays Coordinates:
203.459, 186.914
134.117, 58.2624
Evaluation Time: 1.3508 seconds
Resulting Fitness: 0.4
-------------
Particle: 6:
Relays Coordinates:
184.146, 172.783
118.666, 46.0083
Evaluation Time: 1.34746 seconds
Resulting Fitness: 0.363889
-------------
Particle: 7:
Relays Coordinates:
207.561, 183.881
130.23, 57.897
Evaluation Time: 1.38567 seconds
Resulting Fitness: 0.394444
-------------
Particle: 8:
Relays Coordinates:
207.131, 187.135
129.902, 59.6732
Evaluation Time: 1.39464 seconds
Resulting Fitness: 0.405556
-------------
Particle: 9:
Relays Coordinates:
195.916, 198.816
135.409, 61.7504
Evaluation Time: 1.45083 seconds
Resulting Fitness: 0.408333
-------------
Particle: 10:
Relays Coordinates:
195.214, 182.934
131.888, 57.4354
Evaluation Time: 1.34759 seconds
Resulting Fitness: 0.394444
-------------
Particle: 11:
Relays Coordinates:
197.169, 178.115
121.831, 58.2716
Evaluation Time: 1.33293 seconds
Resulting Fitness: 0.369444
-------------
Particle: 12:
Relays Coordinates:
195.458, 183.471
125.982, 58.8954
Evaluation Time: 1.34533 seconds
Resulting Fitness: 0.388889
-------------
Particle: 13:
Relays Coordinates:
200.211, 182.913
135.92, 63.4162
Evaluation Time: 1.3517 seconds
Resulting Fitness: 0.386111
-------------
Particle: 14:
Relays Coordinates:
197.2, 175.093
120.624, 56.9327
Evaluation Time: 1.35542 seconds
Resulting Fitness: 0.361111
-------------
Particle: 15:
Relays Coordinates:
180.698, 196.131
134.182, 70.0262
Evaluation Time: 1.32307 seconds
Resulting Fitness: 0.391667
-------------
Particle: 16:
Relays Coordinates:
196.389, 176.928
129.422, 60.8145
Evaluation Time: 1.34753 seconds
Resulting Fitness: 0.369444
-------------
Particle: 17:
Relays Coordinates:
179.395, 159.129
129.392, 56.3676
Evaluation Time: 1.32086 seconds
Resulting Fitness: 0.330556
-------------
Particle: 18:
Relays Coordinates:
222.628, 189.302
135.078, 64.6694
Evaluation Time: 1.38578 seconds
Resulting Fitness: 0.397222
-------------
Particle: 19:
Relays Coordinates:
191.133, 179.429
122.745, 55.3445
Evaluation Time: 1.35312 seconds
Resulting Fitness: 0.388889
-------------
Particle: 20:
Relays Coordinates:
210.218, 175.386
139.719, 58.696
Evaluation Time: 1.39336 seconds
Resulting Fitness: 0.377778
Final Evaluation Time: 563.305 seconds
Final global best fitness: 0.419444
Final global best relays:
210.567, 193.72
139.229, 63.1451
