PSO EXECUTION
============================
Seed: 420693641
Particles: 4
Relays: 4
Iterations: 50
Backend: Surrogate
Network Configuration: 1
Area: 300 x 300
Sink: 100, 50
Simulated Relay range: 155
w: 0.8
c1: 1.2
c2: 1.8

Relay Nodes Positions: 
PARTICLE 1: 
64.7258, 279.165
257.117, 44.1929
180.334, 97.9326
142.938, 200.162
PARTICLE 2: 
80.4768, 43.4067
170.478, 114.672
275.199, 227.052
54.0405, 165.267
PARTICLE 3: 
23.429, 15.4264
98.5543, 251.346
157.313, 191.808
256.453, 109.315
PARTICLE 4: 
65.5074, 225.581
216.671, 126.678
247.865, 18.1204
83.4096, 172.303
Nodes Positions: 
135.137, 73.6799
17.7063, 290.511
67.2879, 236.879
194.313, 14.5204
48.6546, 196.57
80.2301, 188.404
0.559221, 277.503
240.599, 66.9746
114.37, 166.86
22.9418, 204.648
102.535, 210.479
237.753, 121.175
32.1161, 226.511
294.972, 86.176
96.3236, 259.652
127.838, 133.865
267.193, 97.1681
70.4551, 4.23031
201.618, 172.696
256.172, 37.0642
162.948, 240.871
52.518, 47.475
273.474, 263.198
283.651, 59.0891
144.72, 150.65
220.362, 281.394
186.268, 148.227
173.418, 112.761
212.958, 109.292
158.492, 29.4675
All particles start with velocity zero
-- ITERATION 0 --
-------------
Particle: 1:
Relays Coordinates:
64.7258, 279.165
257.117, 44.1929
180.334, 97.9326
142.938, 200.162
Evaluation Time: 0.0812683 seconds
Resulting Fitness: 0.977518
New local best!
New global best!
-------------
Particle: 2:
Relays Coordinates:
80.4768, 43.4067
170.478, 114.672
275.199, 227.052
54.0405, 165.267
Evaluation Time: 0.0564223 seconds
Resulting Fitness: 0.97724
New local best!
-------------
Particle: 3:
Relays Coordinates:
23.429, 15.4264
98.5543, 251.346
157.313, 191.808
256.453, 109.315
Evaluation Time: 0.0260663 seconds
Resulting Fitness: 0.968421
New local best!
-------------
Particle: 4:
Relays Coordinates:
65.5074, 225.581
216.671, 126.678
247.865, 18.1204
83.4096, 172.303
Evaluation Time: 0.0239793 seconds
Resulting Fitness: 0.952769
New local best!
Current global best fitness: 0.977518
Current global best relays: 64.7258, 279.165
257.117, 44.1929
180.334, 97.9326
142.938, 200.162
Particle 1 new velocities: 0, 0
0, 0
0, 0
0, 0
Particle 2 new velocities: -23.1284, 68.8336
100.893, -41.5178
-30.723, -70.8638
130.32, 53.5224
Particle 3 new velocities: 47.2295, 424.379
269.216, -319.284
30.2377, -108.634
-29.3719, 152.863
Particle 4 new velocities: -0.426656, 63.0324
55.2511, -148.171
-34.6671, 31.4593
50.9268, 5.21226
-- ITERATION 1 --
-------------
Particle: 1:
Relays Coordinates:
64.7258, 279.165
257.117, 44.1929
180.334, 97.9326
142.938, 200.162
Evaluation Time: 0.024462 seconds
Resulting Fitness: 0.977518
-------------
Particle: 2:
Relays Coordinates:
57.3484, 112.24
271.37, 73.1538
244.476, 156.188
184.361, 218.79
Evaluation Time: 0.000166195 seconds
Resulting Fitness: 0
-------------
Particle: 3:
Relays Coordinates:
70.6585, 300
300, 0
187.551, 83.1737
227.081, 262.178
Evaluation Time: 9.5971e-05 seconds
Resulting Fitness: 0
-------------
Particle: 4:
Relays Coordinates:
65.0807, 288.613
271.922, 0
213.198, 49.5797
134.336, 177.516
Evaluation Time: 0.0258677 seconds
Resulting Fitness: 0.971696
New local best!
Current global best fitness: 0.977518
Current global best relays: 64.7258, 279.165
257.117, 44.1929
180.334, 97.9326
142.938, 200.162
Particle 1 new velocities: 0, 0
0, 0
0, 0
0, 0
Particle 2 new velocities: -8.6868, 45.5881
-7.67483, -59.7768
-102.725, -45.3319
-47.3754, 2.51785
Particle 3 new velocities: 7.89594, -27.3227
-237.267, 311.414
-12.1117, -44.4917
-75.7738, 5.96349
Particle 4 new velocities: -0.813884, 43.146
23.822, 10.9105
-59.8027, 102.46
45.0272, 41.6773
-- ITERATION 2 --
-------------
Particle: 1:
Relays Coordinates:
64.7258, 279.165
257.117, 44.1929
180.334, 97.9326
142.938, 200.162
Evaluation Time: 0.160519 seconds
Resulting Fitness: 0.977518
-------------
Particle: 2:
Relays Coordinates:
48.6616, 157.828
263.695, 13.377
141.751, 110.856
136.986, 221.307
Evaluation Time: 0.000388193 seconds
Resulting Fitness: 0
-------------
Particle: 3:
Relays Coordinates:
78.5545, 272.677
62.7331, 300
175.439, 38.6821
151.307, 268.141
Evaluation Time: 0.000235902 seconds
Resulting Fitness: 0
-------------
Particle: 4:
Relays Coordinates:
64.2668, 300
295.744, 10.9105
153.395, 152.04
179.364, 219.193
Evaluation Time: 0.000219043 seconds
Resulting Fitness: 0
Current global best fitness: 0.977518
Current global best relays: 64.7258, 279.165
257.117, 44.1929
180.334, 97.9326
142.938, 200.162
Particle 1 new velocities: 0, 0
0, 0
0, 0
0, 0
Particle 2 new velocities: 12.6974, 56.0286
-124.137, -40.1264
40.0216, 60.4824
-56.598, -26.3753
Particle 3 new velocities: -40.4572, -31.4744
43.0517, -96.5554
-17.4536, 123.65
-21.9266, -254.018
Particle 4 new velocities: 0.0175621, -1.21425
-41.9787, 14.2098
-27.4481, -30.1734
28.4827, 3.71001
-- ITERATION 3 --
-------------
Particle: 1:
Relays Coordinates:
64.7258, 279.165
257.117, 44.1929
180.334, 97.9326
142.938, 200.162
Evaluation Time: 0.095626 seconds
Resulting Fitness: 0.977518
-------------
Particle: 2:
Relays Coordinates:
61.3589, 213.857
139.558, 0
181.773, 171.339
80.3876, 194.932
Evaluation Time: 0.0929562 seconds
Resulting Fitness: 0.974349
-------------
Particle: 3:
Relays Coordinates:
38.0973, 241.203
105.785, 203.445
157.985, 162.332
129.381, 14.1229
Evaluation Time: 0.128253 seconds
Resulting Fitness: 0.966586
-------------
Particle: 4:
Relays Coordinates:
64.2844, 298.786
253.765, 25.1203
125.947, 121.867
207.846, 222.903
Evaluation Time: 0.000547897 seconds
Resulting Fitness: 0
Current global best fitness: 0.977518
Current global best relays: 64.7258, 279.165
257.117, 44.1929
180.334, 97.9326
142.938, 200.162
Particle 1 new velocities: 0, 0
0, 0
0, 0
0, 0
Particle 2 new velocities: 20.394, 88.8404
-28.1138, 56.9768
101.017, 50.7895
-39.9762, -38.9848
Particle 3 new velocities: -25.0917, -18.2721
183.176, -112.535
10.281, 81.0099
-4.74053, -119.952
Particle 4 new velocities: 1.37745, -11.9429
-11.2266, 34.8042
18.3071, -63.2728
-36.5277, -61.6585
-- ITERATION 4 --
-------------
Particle: 1:
Relays Coordinates:
64.7258, 279.165
257.117, 44.1929
180.334, 97.9326
142.938, 200.162
Evaluation Time: 0.0706161 seconds
Resulting Fitness: 0.977518
-------------
Particle: 2:
Relays Coordinates:
81.7529, 300
111.444, 56.9768
282.79, 222.128
40.4114, 155.947
Evaluation Time: 0.000125647 seconds
Resulting Fitness: 0
-------------
Particle: 3:
Relays Coordinates:
13.0056, 222.931
288.961, 90.9092
168.266, 243.342
124.64, 0
Evaluation Time: 8.2082e-05 seconds
Resulting Fitness: 0
-------------
Particle: 4:
Relays Coordinates:
65.6618, 286.843
242.539, 59.9245
144.254, 58.594
171.319, 161.245
Evaluation Time: 7.5091e-05 seconds
Resulting Fitness: 0
Current global best fitness: 0.977518
Current global best relays: 64.7258, 279.165
257.117, 44.1929
180.334, 97.9326
142.938, 200.162
Particle 1 new velocities: 0, 0
0, 0
0, 0
0, 0
Particle 2 new velocities: 7.05837, -178.965
49.4932, 77.7643
-6.99482, 2.69026
116.765, 10.4896
Particle 3 new velocities: 39.6136, -24.7898
16.9015, -42.0269
12.2157, -31.5425
43.6952, 228.965
Particle 4 new velocities: 0.253154, -11.7818
24.7097, -1.06064
68.9881, 2.623
-104.217, 24.5031
-- ITERATION 5 --
-------------
Particle: 1:
Relays Coordinates:
64.7258, 279.165
257.117, 44.1929
180.334, 97.9326
142.938, 200.162
Evaluation Time: 0.0297292 seconds
Resulting Fitness: 0.977518
-------------
Particle: 2:
Relays Coordinates:
88.8112, 121.035
160.937, 134.741
275.795, 224.818
157.177, 166.437
Evaluation Time: 0.0289416 seconds
Resulting Fitness: 0.964256
-------------
Particle: 3:
Relays Coordinates:
52.6192, 198.141
300, 48.8823
180.482, 211.8
168.335, 228.965
Evaluation Time: 6.9836e-05 seconds
Resulting Fitness: 0
-------------
Particle: 4:
Relays Coordinates:
65.915, 275.061
267.249, 58.8639
213.242, 61.217
67.101, 185.748
Evaluation Time: 0.0427161 seconds
Resulting Fitness: 0.913803
Current global best fitness: 0.977518
Current global best relays: 64.7258, 279.165
257.117, 44.1929
180.334, 97.9326
142.938, 200.162
Particle 1 new velocities: 0, 0
0, 0
0, 0
0, 0
Particle 2 new velocities: -19.5438, -30.0009
89.6004, 21.4195
-12.5392, -67.2614
-8.40773, 67.184
Particle 3 new velocities: 23.0981, -36.6648
-123.281, 41.1292
5.50925, -122.769
56.8695, 135.439
Particle 4 new velocities: -1.13563, 11.8721
13.7082, -42.1379
2.25644, 51.8932
-46.2788, 17.6296
-- ITERATION 6 --
-------------
Particle: 1:
Relays Coordinates:
64.7258, 279.165
257.117, 44.1929
180.334, 97.9326
142.938, 200.162
Evaluation Time: 0.262249 seconds
Resulting Fitness: 0.977518
-------------
Particle: 2:
Relays Coordinates:
69.2674, 91.0342
250.538, 156.161
263.256, 157.557
148.769, 233.621
Evaluation Time: 0.000261093 seconds
Resulting Fitness: 0
-------------
Particle: 3:
Relays Coordinates:
75.7173, 161.476
176.719, 90.0115
185.991, 89.0307
225.205, 300
Evaluation Time: 0.00031026 seconds
Resulting Fitness: 0
-------------
Particle: 4:
Relays Coordinates:
64.7794, 286.933
280.957, 16.726
215.499, 113.11
20.8223, 203.377
Evaluation Time: 0.000231965 seconds
Resulting Fitness: 0
Current global best fitness: 0.977518
Current global best relays: 64.7258, 279.165
257.117, 44.1929
180.334, 97.9326
142.938, 200.162
Particle 1 new velocities: 0, 0
0, 0
0, 0
0, 0
Particle 2 new velocities: -11.283, 294.863
4.10898, -138.288
-27.101, -96.2835
-18.5865, -66.3665
Particle 3 new velocities: -35.0246, -160.085
23.8112, 121.009
-30.5734, -14.5262
-2.70518, -177.152
Particle 4 new velocities: -0.720828, 4.47403
-24.195, -44.0191
-37.0641, 9.63179
62.1141, -15.0309
-- ITERATION 7 --
-------------
Particle: 1:
Relays Coordinates:
64.7258, 279.165
257.117, 44.1929
180.334, 97.9326
142.938, 200.162
Evaluation Time: 0.139711 seconds
Resulting Fitness: 0.977518
-------------
Particle: 2:
Relays Coordinates:
57.9845, 300
254.647, 17.8722
236.155, 61.2736
130.182, 167.254
Evaluation Time: 0.247641 seconds
Resulting Fitness: 0.963709
-------------
Particle: 3:
Relays Coordinates:
40.6928, 1.39159
200.53, 211.021
155.418, 74.5045
222.5, 122.848
Evaluation Time: 0.134695 seconds
Resulting Fitness: 0.94448
-------------
Particle: 4:
Relays Coordinates:
64.0585, 291.407
256.762, 0
178.435, 122.742
82.9364, 188.346
Evaluation Time: 0.0691886 seconds
Resulting Fitness: 0.930114
Current global best fitness: 0.977518
Current global best relays: 64.7258, 279.165
257.117, 44.1929
180.334, 97.9326
142.938, 200.162
Particle 1 new velocities: 0, 0
0, 0
0, 0
0, 0
Particle 2 new velocities: -5.33452, -55.7966
-72.8553, 43.0998
-105.167, 159.687
-86.4905, -41.8765
Particle 3 new velocities: -9.51728, 204.386
-54.788, -113.304
0.838655, 88.8001
4.27455, -142.998
Particle 4 new velocities: 0.560709, -20.3831
-2.18974, 41.7796
-26.2847, -82.5617
151.328, -11.9423
-- ITERATION 8 --
-------------
Particle: 1:
Relays Coordinates:
64.7258, 279.165
257.117, 44.1929
180.334, 97.9326
142.938, 200.162
Evaluation Time: 0.0491777 seconds
Resulting Fitness: 0.977518
-------------
Particle: 2:
Relays Coordinates:
52.65, 244.203
181.791, 60.972
130.988, 220.961
43.6918, 125.378
Evaluation Time: 0.0450512 seconds
Resulting Fitness: 0.979801
New local best!
New global best!
-------------
Particle: 3:
Relays Coordinates:
31.1755, 205.778
145.742, 97.7173
156.257, 163.305
226.774, 0
Evaluation Time: 0.345925 seconds
Resulting Fitness: 0.977026
New local best!
-------------
Particle: 4:
Relays Coordinates:
64.6192, 271.024
254.572, 41.7796
152.15, 40.1803
234.265, 176.404
Evaluation Time: 0.000259682 seconds
Resulting Fitness: 0
Current global best fitness: 0.979801
Current global best relays: 52.65, 244.203
181.791, 60.972
130.988, 220.961
43.6918, 125.378
Particle 1 new velocities: -3.95608, -2.14096
-89.0246, 18.0511
-39.9783, 170.692
-93.5892, -24.7994
Particle 2 new velocities: -4.26762, -44.6373
-58.2843, 34.4798
-84.1333, 127.75
-69.1924, -33.5012
Particle 3 new velocities: 27.9713, 225.02
-38.4916, -146.101
-18.7999, 94.9532
-55.6196, 105.556
Particle 4 new velocities: -16.0077, -19.5197
-71.808, 30.2322
3.86294, 209.664
-55.8889, -100.538
-- ITERATION 9 --
-------------
Particle: 1:
Relays Coordinates:
60.7697, 277.024
168.092, 62.244
140.356, 268.625
49.3488, 175.363
Evaluation Time: 0.0973106 seconds
Resulting Fitness: 0.982429
New local best!
New global best!
-------------
Particle: 2:
Relays Coordinates:
48.3824, 199.566
123.507, 95.4519
46.8548, 300
0, 91.8766
Evaluation Time: 0.063733 seconds
Resulting Fitness: 0.911659
-------------
Particle: 3:
Relays Coordinates:
59.1468, 300
107.25, 0
137.457, 258.258
171.155, 105.556
Evaluation Time: 0.000294073 seconds
Resulting Fitness: 0
-------------
Particle: 4:
Relays Coordinates:
48.6115, 251.504
182.764, 72.0118
156.013, 249.845
178.376, 75.8658
Evaluation Time: 0.000140582 seconds
Resulting Fitness: 0
Current global best fitness: 0.982429
Current global best relays: 60.7697, 277.024
168.092, 62.244
140.356, 268.625
49.3488, 175.363
Particle 1 new velocities: -3.16486, -1.71277
-71.2196, 14.4409
-31.9827, 136.554
-74.8714, -19.8395
Particle 2 new velocities: 19.4677, 32.1871
51.8886, -23.3813
63.476, -73.474
19.1695, 39.8922
Particle 3 new velocities: 13.6629, -131.451
61.9591, 57.1376
-11.4955, 71.1854
-168.311, 169.088
Particle 4 new velocities: 9.86924, 52.1216
-69.3992, -27.772
-7.04615, 125.577
-180.186, -55.6136
-- ITERATION 10 --
-------------
Particle: 1:
Relays Coordinates:
57.6049, 275.311
96.8724, 76.6849
108.373, 300
0, 155.523
Evaluation Time: 0.0592367 seconds
Resulting Fitness: 0.957837
-------------
Particle: 2:
Relays Coordinates:
67.8501, 231.753
175.396, 72.0706
110.331, 226.526
19.1695, 131.769
Evaluation Time: 0.0420922 seconds
Resulting Fitness: 0.974167
-------------
Particle: 3:
Relays Coordinates:
72.8097, 168.549
169.209, 57.1376
125.961, 300
2.84332, 274.644
Evaluation Time: 0.12523 seconds
Resulting Fitness: 0.972969
-------------
Particle: 4:
Relays Coordinates:
58.4808, 300
113.365, 44.2398
148.967, 300
0, 20.2522
Evaluation Time: 0.000296308 seconds
Resulting Fitness: 0
Current global best fitness: 0.982429
Current global best relays: 60.7697, 277.024
168.092, 62.244
140.356, 268.625
49.3488, 175.363
Particle 1 new velocities: 1.71082, 1.90042
36.6678, -15.2769
26.1924, -35.2093
43.7722, 29.1899
Particle 2 new velocities: 2.50516, 63.4853
47.5561, -34.7716
107.596, -58.7629
44.2428, 104.075
Particle 3 new velocities: -26.0634, 85.9897
39.4211, 65.9097
12.8714, -95.1248
102.751, -165.906
Particle 4 new velocities: 10.5225, -34.8034
143.151, -26.6496
16.4028, -295.281
134.193, 269.553
-- ITERATION 11 --
-------------
Particle: 1:
Relays Coordinates:
59.3157, 277.211
133.54, 61.4079
134.565, 264.791
43.7722, 184.713
Evaluation Time: 0.118541 seconds
Resulting Fitness: 0.973367
-------------
Particle: 2:
Relays Coordinates:
70.3552, 295.238
222.952, 37.2989
217.927, 167.763
63.4123, 235.844
Evaluation Time: 0.000286612 seconds
Resulting Fitness: 0
-------------
Particle: 3:
Relays Coordinates:
46.7462, 254.539
208.63, 123.047
138.833, 204.875
105.594, 108.738
Evaluation Time: 0.0942299 seconds
Resulting Fitness: 0.976334
-------------
Particle: 4:
Relays Coordinates:
69.0033, 265.197
256.516, 17.5902
165.37, 4.71924
134.193, 289.805
Evaluation Time: 0.000339127 seconds
Resulting Fitness: 0
Current global best fitness: 0.982429
Current global best relays: 60.7697, 277.024
168.092, 62.244
140.356, 268.625
49.3488, 175.363
Particle 1 new velocities: 3.30088, 1.24704
72.8833, -10.5883
29.0638, -27.3386
42.1252, 5.69124
Particle 2 new velocities: -32.7334, 25.1814
-80.6244, 18.1025
-123.56, 174.219
14.1496, -35.2361
Particle 3 new velocities: 1.03382, 57.5726
-28.883, -53.0889
14.8098, -84.6365
208.654, -160.924
Particle 4 new velocities: -7.85827, -16.902
124.338, -4.69602
14.5498, 231.707
66.4456, 104.645
-- ITERATION 12 --
-------------
Particle: 1:
Relays Coordinates:
62.6166, 278.458
206.423, 50.8196
163.629, 237.452
85.8974, 190.404
Evaluation Time: 0.414333 seconds
Resulting Fitness: 0.983366
New local best!
New global best!
-------------
Particle: 2:
Relays Coordinates:
37.6218, 300
142.328, 55.4015
94.3671, 300
77.5618, 200.608
Evaluation Time: 0.106953 seconds
Resulting Fitness: 0.957141
-------------
Particle: 3:
Relays Coordinates:
47.78, 300
179.748, 69.9583
153.643, 120.239
300, 0
Evaluation Time: 0.00037827 seconds
Resulting Fitness: 0
-------------
Particle: 4:
Relays Coordinates:
61.145, 248.295
300, 12.8941
179.919, 236.427
200.639, 300
Evaluation Time: 0.000182529 seconds
Resulting Fitness: 0
Current global best fitness: 0.983366
Current global best relays: 62.6166, 278.458
206.423, 50.8196
163.629, 237.452
85.8974, 190.404
Particle 1 new velocities: 2.6407, 0.997629
58.3066, -8.47067
23.2511, -21.8708
33.7002, 4.55299
Particle 2 new velocities: 23.1773, -42.7206
44.2199, 16.051
35.637, -131.125
0.928879, -64.7478
Particle 3 new velocities: -4.36906, -97.2127
-9.66406, -48.0842
29.8855, 84.6758
-254.19, 331.857
Particle 4 new velocities: -1.70204, 77.5571
-173.794, 36.2975
7.14452, 111.403
-125.088, -241.257
-- ITERATION 13 --
-------------
Particle: 1:
Relays Coordinates:
65.2573, 279.456
264.73, 42.3489
186.88, 215.581
119.598, 194.957
Evaluation Time: 0.000191256 seconds
Resulting Fitness: 0
-------------
Particle: 2:
Relays Coordinates:
60.7992, 257.279
186.547, 71.4525
130.004, 168.875
78.4907, 135.86
Evaluation Time: 0.0680113 seconds
Resulting Fitness: 0.968186
-------------
Particle: 3:
Relays Coordinates:
43.411, 202.787
170.083, 21.8741
183.528, 204.914
45.8096, 300
Evaluation Time: 0.000426675 seconds
Resulting Fitness: 0
-------------
Particle: 4:
Relays Coordinates:
59.443, 300
126.206, 49.1916
187.064, 300
75.5507, 58.7431
Evaluation Time: 0.000255048 seconds
Resulting Fitness: 0
Current global best fitness: 0.983366
Current global best relays: 62.6166, 278.458
206.423, 50.8196
163.629, 237.452
85.8974, 190.404
Particle 1 new velocities: -2.9913, -0.510529
-71.7935, -4.18745
-5.43551, 7.41819
-18.8283, -0.642747
Particle 2 new velocities: 16.0475, -38.104
42.4866, 3.85499
84.1908, 8.25248
11.2491, 16.9903
Particle 3 new velocities: -12.9509, -73.6988
1.23123, 84.3216
-10.4708, 62.4048
-97.0404, -431.306
Particle 4 new velocities: 4.24767, -41.0578
1.76379, -24.8386
22.737, -203.452
-64.4338, -40.9162
-- ITERATION 14 --
-------------
Particle: 1:
Relays Coordinates:
62.266, 278.945
192.937, 38.1615
181.445, 222.999
100.769, 194.315
Evaluation Time: 0.138691 seconds
Resulting Fitness: 0.982892
-------------
Particle: 2:
Relays Coordinates:
76.8467, 219.175
229.034, 75.3075
214.195, 177.128
89.7398, 152.85
Evaluation Time: 0.0788989 seconds
Resulting Fitness: 0.983009
New local best!
-------------
Particle: 3:
Relays Coordinates:
30.46, 129.088
171.315, 106.196
173.057, 267.319
0, 0
Evaluation Time: 0.000277808 seconds
Resulting Fitness: 0
-------------
Particle: 4:
Relays Coordinates:
63.6906, 258.942
127.97, 24.3531
209.801, 96.5483
11.1168, 17.8269
Evaluation Time: 0.000216859 seconds
Resulting Fitness: 0
Current global best fitness: 0.983366
Current global best relays: 62.6166, 278.458
206.423, 50.8196
163.629, 237.452
85.8974, 190.404
Particle 1 new velocities: -2.26065, -0.664236
-40.2336, 13.3685
-27.0442, 20.8794
-30.0732, -5.52087
Particle 2 new velocities: -4.73897, -8.40964
0.0786133, -15.5855
44.3568, 32.4639
4.18108, 26.0847
Particle 3 new velocities: 36.3617, 225.598
32.6564, -32.6934
-36.7509, 30.4961
281.846, 115.232
Particle 4 new velocities: 2.60442, 3.97714
244.687, -12.3273
0.717307, -91.8421
105.511, 199.042
-- ITERATION 15 --
-------------
Particle: 1:
Relays Coordinates:
60.0053, 278.281
152.703, 51.53
154.401, 243.879
70.6961, 188.794
Evaluation Time: 0.0511642 seconds
Resulting Fitness: 0.975055
-------------
Particle: 2:
Relays Coordinates:
72.1077, 210.766
229.113, 59.722
258.552, 209.592
93.9209, 178.935
Evaluation Time: 0.0561868 seconds
Resulting Fitness: 0.979393
-------------
Particle: 3:
Relays Coordinates:
66.8217, 300
203.971, 73.5023
136.306, 297.815
281.846, 115.232
Evaluation Time: 0.000232726 seconds
Resulting Fitness: 0
-------------
Particle: 4:
Relays Coordinates:
66.2951, 262.919
300, 12.0258
210.518, 4.70624
116.628, 216.869
Evaluation Time: 0.000151865 seconds
Resulting Fitness: 0
Current global best fitness: 0.983366
Current global best relays: 62.6166, 278.458
206.423, 50.8196
163.629, 237.452
85.8974, 190.404
Particle 1 new velocities: -0.347924, -0.270869
38.7665, 9.43478
-10.3603, 3.77224
8.69458, -3.10083
Particle 2 new velocities: 1.44656, 34.9641
-20.2986, -14.9837
-4.45025, 36.0875
-5.7341, 12.9869
Particle 3 new velocities: 1.77097, -47.5995
-10.8911, -36.0757
15.2845, -175.402
-139.919, 78.2798
Particle 4 new velocities: -3.44365, 24.2165
-162.703, 20.3304
-30.0953, 189.654
76.7312, 88.0901
-- ITERATION 16 --
-------------
Particle: 1:
Relays Coordinates:
59.6574, 278.01
191.469, 60.9648
144.04, 247.651
79.3906, 185.693
Evaluation Time: 0.0608566 seconds
Resulting Fitness: 0.982411
-------------
Particle: 2:
Relays Coordinates:
73.5543, 245.73
208.814, 44.7383
254.101, 245.679
88.1867, 191.922
Evaluation Time: 0.000119821 seconds
Resulting Fitness: 0
-------------
Particle: 3:
Relays Coordinates:
68.5927, 252.401
193.08, 37.4266
151.591, 122.413
141.927, 193.512
Evaluation Time: 0.228555 seconds
Resulting Fitness: 0.98186
New local best!
-------------
Particle: 4:
Relays Coordinates:
62.8514, 287.136
137.297, 32.3562
180.423, 194.36
193.359, 300
Evaluation Time: 0.000398199 seconds
Resulting Fitness: 0
Current global best fitness: 0.983366
Current global best relays: 62.6166, 278.458
206.423, 50.8196
163.629, 237.452
85.8974, 190.404
Particle 1 new velocities: 7.88387, 0.509634
48.6801, -16.5789
34.1643, -18.1987
22.8808, 10.5743
Particle 2 new velocities: -1.28346, 32.3258
-10.0976, 20.728
-68.3188, -2.50928
-5.09382, -17.4548
Particle 3 new velocities: -0.639204, -25.5678
-7.81642, -6.09501
15.5429, -54.8054
-119.568, 61.6758
Particle 4 new velocities: -2.16557, 15.4585
-49.7032, -8.79613
-14.761, 34.7912
-87.127, -132.308
-- ITERATION 17 --
-------------
Particle: 1:
Relays Coordinates:
67.5413, 278.52
240.15, 44.3859
178.204, 229.452
102.271, 196.267
Evaluation Time: 0.21825 seconds
Resulting Fitness: 0.981173
-------------
Particle: 2:
Relays Coordinates:
72.2708, 278.056
198.716, 65.4663
185.783, 243.17
83.0929, 174.467
Evaluation Time: 0.112692 seconds
Resulting Fitness: 0.983501
New local best!
New global best!
-------------
Particle: 3:
Relays Coordinates:
67.9535, 226.833
185.264, 31.3316
167.134, 67.6078
22.3593, 255.188
Evaluation Time: 0.000204854 seconds
Resulting Fitness: 0
-------------
Particle: 4:
Relays Coordinates:
60.6859, 300
87.5933, 23.5601
165.662, 229.152
106.232, 167.692
Evaluation Time: 0.0664781 seconds
Resulting Fitness: 0.961837
Current global best fitness: 0.983501
Current global best relays: 72.2708, 278.056
198.716, 65.4663
185.783, 243.17
83.0929, 174.467
Particle 1 new velocities: 5.92327, 0.00823484
-25.1366, 27.2831
26.8744, 6.48128
-3.27253, 1.33416
Particle 2 new velocities: -1.02677, 25.8606
-8.07811, 16.5824
-54.655, -2.00743
-4.07506, -13.9639
Particle 3 new velocities: 0.200416, 1.03485
5.6787, 19.2596
14.2806, 241.637
6.45515, -98.7751
Particle 4 new velocities: 19.5829, -18.586
127.911, 28.2034
47.5082, -115.647
-87.2704, -85.904
-- ITERATION 18 --
-------------
Particle: 1:
Relays Coordinates:
73.4646, 278.528
215.013, 71.669
205.079, 235.934
98.9989, 197.601
Evaluation Time: 0.051149 seconds
Resulting Fitness: 0.981673
-------------
Particle: 2:
Relays Coordinates:
71.244, 300
190.638, 82.0487
131.128, 241.162
79.0179, 160.503
Evaluation Time: 0.0450773 seconds
Resulting Fitness: 0.980118
-------------
Particle: 3:
Relays Coordinates:
68.1539, 227.868
190.942, 50.5912
181.414, 300
28.8144, 156.413
Evaluation Time: 0.0671831 seconds
Resulting Fitness: 0.979945
-------------
Particle: 4:
Relays Coordinates:
80.2687, 281.414
215.504, 51.7635
213.17, 113.504
18.9619, 81.788
Evaluation Time: 0.00040787 seconds
Resulting Fitness: 0
Current global best fitness: 0.983501
Current global best relays: 72.2708, 278.056
198.716, 65.4663
185.783, 243.17
83.0929, 174.467
Particle 1 new velocities: -5.19857, -0.813233
-45.0481, 10.1081
-31.7828, 16.3583
-30.944, -32.444
Particle 2 new velocities: -0.134865, -37.7648
5.42789, -11.8728
80.5045, 1.46408
2.98953, 17.994
Particle 3 new velocities: 4.40242, 69.1947
9.19623, 33.7049
-15.5924, -94.1084
130.071, -35.8358
Particle 4 new velocities: -7.43074, -13.868
154.094, 2.24033
36.9279, 37.5827
42.2367, 113.335
-- ITERATION 19 --
-------------
Particle: 1:
Relays Coordinates:
68.266, 277.715
169.965, 81.7771
173.296, 252.292
68.0549, 165.157
Evaluation Time: 0.0806932 seconds
Resulting Fitness: 0.982506
-------------
Particle: 2:
Relays Coordinates:
71.1092, 262.235
196.066, 70.176
211.632, 242.627
82.0074, 178.497
Evaluation Time: 0.0675195 seconds
Resulting Fitness: 0.981487
-------------
Particle: 3:
Relays Coordinates:
72.5564, 297.062
200.139, 84.2962
165.822, 205.892
158.886, 120.577
Evaluation Time: 0.106449 seconds
Resulting Fitness: 0.97808
-------------
Particle: 4:
Relays Coordinates:
72.838, 267.546
300, 54.0038
250.098, 151.087
61.1986, 195.123
Evaluation Time: 0.000311254 seconds
Resulting Fitness: 0
Current global best fitness: 0.983501
Current global best relays: 72.2708, 278.056
198.716, 65.4663
185.783, 243.17
83.0929, 174.467
Particle 1 new velocities: -4.79853, -0.00694882
-1.20974, -21.674
-28.2034, -5.50371
4.90269, 5.44986
Particle 2 new velocities: 2.68735, -14.9808
6.58453, -14.0289
39.3806, 2.13135
2.97052, 5.46749
Particle 3 new velocities: 1.41263, 14.3119
5.29081, -5.87166
-4.11138, -49.5762
20.4646, 40.8577
Particle 4 new velocities: -11.8061, 7.92801
-31.3554, 7.84046
-85.8058, 99.8862
135.096, 54.7965
-- ITERATION 20 --
-------------
Particle: 1:
Relays Coordinates:
63.4675, 277.708
168.755, 60.1031
145.093, 246.788
72.9576, 170.607
Evaluation Time: 0.192768 seconds
Resulting Fitness: 0.981675
-------------
Particle: 2:
Relays Coordinates:
73.7965, 247.254
202.651, 56.1471
251.013, 244.758
84.9779, 183.965
Evaluation Time: 0.000286996 seconds
Resulting Fitness: 0
-------------
Particle: 3:
Relays Coordinates:
73.969, 300
205.429, 78.4245
161.71, 156.315
179.35, 161.435
Evaluation Time: 0.000329159 seconds
Resulting Fitness: 0
-------------
Particle: 4:
Relays Coordinates:
61.0319, 275.474
268.645, 61.8443
164.292, 250.973
196.294, 249.92
Evaluation Time: 0.00022248 seconds
Resulting Fitness: 0
Current global best fitness: 0.983501
Current global best relays: 72.2708, 278.056
198.716, 65.4663
185.783, 243.17
83.0929, 174.467
Particle 1 new velocities: -1.39167, 0.497272
59.0013, -21.3552
-8.99373, -7.79979
14.5175, 14.2755
Particle 2 new velocities: 0.656592, 36.573
0.375495, 10.3664
-85.4403, -0.00364174
0.338152, -8.75656
Particle 3 new velocities: -3.7442, -55.495
-3.61955, -24.1487
0.982514, -12.232
-135.633, 67.6054
Particle 4 new velocities: 5.17961, 12.7578
-64.5531, -26.9566
-49.6961, 6.68995
-25.3673, -3.39144
-- ITERATION 21 --
-------------
Particle: 1:
Relays Coordinates:
62.0758, 278.205
227.756, 38.7479
136.099, 238.988
87.4751, 184.883
Evaluation Time: 0.125932 seconds
Resulting Fitness: 0.981717
-------------
Particle: 2:
Relays Coordinates:
74.4531, 283.827
203.026, 66.5136
165.572, 244.754
85.3161, 175.208
Evaluation Time: 0.179788 seconds
Resulting Fitness: 0.982672
-------------
Particle: 3:
Relays Coordinates:
70.2248, 244.505
201.81, 54.2758
162.693, 144.083
43.7174, 229.04
Evaluation Time: 0.227316 seconds
Resulting Fitness: 0.965265
-------------
Particle: 4:
Relays Coordinates:
66.2115, 288.232
204.091, 34.8877
114.596, 257.663
170.927, 246.528
Evaluation Time: 0.000365664 seconds
Resulting Fitness: 0
Current global best fitness: 0.983501
Current global best relays: 72.2708, 278.056
198.716, 65.4663
185.783, 243.17
83.0929, 174.467
Particle 1 new velocities: 0.386227, 0.373764
18.3118, 36.1039
74.5296, -4.63391
8.91377, 4.93088
Particle 2 new velocities: -5.48355, 22.0526
-10.1755, 6.78131
-18.9554, -2.94166
-2.20956, -7.67016
Particle 3 new velocities: -0.766995, -4.82109
-8.8146, -27.1427
-1.24406, 104.498
21.0363, 0.621167
Particle 4 new velocities: 6.96649, -2.92031
-0.968732, -10.3706
108.023, -73.7277
-131.043, -185.163
-- ITERATION 22 --
-------------
Particle: 1:
Relays Coordinates:
62.462, 278.579
246.068, 74.8518
210.629, 234.354
96.3889, 189.814
Evaluation Time: 0.165681 seconds
Resulting Fitness: 0.979213
-------------
Particle: 2:
Relays Coordinates:
68.9696, 300
192.851, 73.2949
146.617, 241.813
83.1065, 167.538
Evaluation Time: 0.0972821 seconds
Resulting Fitness: 0.980521
-------------
Particle: 3:
Relays Coordinates:
69.4578, 239.684
192.995, 27.1332
161.449, 248.581
64.7538, 229.661
Evaluation Time: 0.000294372 seconds
Resulting Fitness: 0
-------------
Particle: 4:
Relays Coordinates:
73.178, 285.312
203.123, 24.5171
222.619, 183.935
39.8839, 61.3649
Evaluation Time: 0.000354309 seconds
Resulting Fitness: 0
Current global best fitness: 0.983501
Current global best relays: 72.2708, 278.056
198.716, 65.4663
185.783, 243.17
83.0929, 174.467
Particle 1 new velocities: 12.6662, -0.494273
-47.1883, 8.21267
-3.78233, 12.7161
-21.7839, -17.0418
Particle 2 new velocities: 3.21493, -27.2672
5.45726, -9.76051
42.1134, -0.30573
-1.79439, 6.0878
Particle 3 new velocities: 3.49682, 12.9578
3.2866, 3.95258
11.3056, 66.9751
53.4412, -96.4999
Particle 4 new velocities: 2.25491, -8.45903
35.0815, -18.0272
25.7182, -32.641
-8.04682, -85.3434
-- ITERATION 23 --
-------------
Particle: 1:
Relays Coordinates:
75.1282, 278.085
198.88, 83.0645
206.846, 247.071
74.6049, 172.772
Evaluation Time: 0.42138 seconds
Resulting Fitness: 0.982789
-------------
Particle: 2:
Relays Coordinates:
72.1845, 272.733
198.308, 63.5343
188.731, 241.507
81.3121, 173.626
Evaluation Time: 0.0945265 seconds
Resulting Fitness: 0.982988
-------------
Particle: 3:
Relays Coordinates:
72.9546, 252.642
196.282, 31.0857
172.755, 300
118.195, 133.161
Evaluation Time: 0.0414803 seconds
Resulting Fitness: 0.981117
-------------
Particle: 4:
Relays Coordinates:
75.4329, 276.853
238.204, 6.48988
248.337, 151.294
31.837, 0
Evaluation Time: 8.8424e-05 seconds
Resulting Fitness: 0
Current global best fitness: 0.983501
Current global best relays: 72.2708, 278.056
198.716, 65.4663
185.783, 243.17
83.0929, 174.467
Particle 1 new velocities: 2.68224, -0.329257
-37.5259, -4.02422
-81.312, 5.40368
-5.74872, -3.05467
Particle 2 new velocities: 2.65019, -16.4915
5.09992, -4.08288
29.649, 3.70483
1.35643, 5.84903
Particle 3 new velocities: -1.18433, 15.4207
2.42225, 67.4373
12.4515, -108.777
-1.08458, 26.0395
Particle 4 new velocities: -4.58796, 0.66219
22.9945, -9.44172
-42.2891, 0.938599
88.7432, 211.585
-- ITERATION 24 --
-------------
Particle: 1:
Relays Coordinates:
77.8105, 277.755
161.354, 79.0402
125.534, 252.474
68.8562, 169.717
Evaluation Time: 0.0298951 seconds
Resulting Fitness: 0.979042
-------------
Particle: 2:
Relays Coordinates:
74.8347, 256.241
203.408, 59.4515
218.379, 245.212
82.6686, 179.475
Evaluation Time: 0.0350562 seconds
Resulting Fitness: 0.981372
-------------
Particle: 3:
Relays Coordinates:
71.7703, 268.062
198.704, 98.5231
185.206, 191.223
117.11, 159.201
Evaluation Time: 0.185722 seconds
Resulting Fitness: 0.977178
-------------
Particle: 4:
Relays Coordinates:
70.8449, 277.515
261.199, 0
206.048, 152.233
120.58, 211.585
Evaluation Time: 0.00026438 seconds
Resulting Fitness: 0
Current global best fitness: 0.983501
Current global best relays: 72.2708, 278.056
198.716, 65.4663
185.783, 243.17
83.0929, 174.467
Particle 1 new velocities: -4.80997, 0.445528
69.0593, -19.2817
-45.6939, -14.7129
20.2074, 3.93221
Particle 2 new velocities: -2.13664, -1.96165
-4.87264, -2.2225
-31.2551, 1.47814
2.11763, -7.99411
Particle 3 new velocities: -2.01443, 13.2351
-0.633812, -10.2867
-6.80149, -67.9341
23.5007, 31.0773
Particle 4 new velocities: -3.52678, 2.90707
-77.4029, 109.344
-43.1811, -73.1942
56.9845, 136.102
-- ITERATION 25 --
-------------
Particle: 1:
Relays Coordinates:
73.0005, 278.201
230.413, 59.7585
79.8404, 237.761
89.0636, 173.649
Evaluation Time: 0.119834 seconds
Resulting Fitness: 0.937648
-------------
Particle: 2:
Relays Coordinates:
72.6981, 254.28
198.535, 57.229
187.124, 246.69
84.7862, 171.481
Evaluation Time: 0.0717602 seconds
Resulting Fitness: 0.984018
New local best!
New global best!
-------------
Particle: 3:
Relays Coordinates:
69.7558, 281.297
198.07, 88.2363
178.405, 123.289
140.611, 190.278
Evaluation Time: 0.0294339 seconds
Resulting Fitness: 0.975512
-------------
Particle: 4:
Relays Coordinates:
67.3182, 280.422
183.796, 109.344
162.867, 79.0389
177.565, 300
Evaluation Time: 0.000143304 seconds
Resulting Fitness: 0
Current global best fitness: 0.984018
Current global best relays: 72.6981, 254.28
198.535, 57.229
187.124, 246.69
84.7862, 171.481
Particle 1 new velocities: -8.41078, -3.21435
3.9332, -21.5665
121.929, -3.25636
6.30828, 4.67773
Particle 2 new velocities: -1.70931, -1.56932
-3.89811, -1.778
-25.0041, 1.18251
1.6941, -6.39529
Particle 3 new velocities: 3.46876, -62.8872
-3.04636, -59.2394
-10.0196, 41.1511
-36.1799, 25.9397
Particle 4 new velocities: -0.830253, -0.640601
19.3487, 42.2173
20.8631, -36.2374
-107.224, -153.763
-- ITERATION 26 --
-------------
Particle: 1:
Relays Coordinates:
64.5897, 274.987
234.346, 38.192
201.769, 234.505
95.3719, 178.327
Evaluation Time: 0.0335617 seconds
Resulting Fitness: 0.983507
New local best!
-------------
Particle: 2:
Relays Coordinates:
70.9887, 252.71
194.637, 55.451
162.12, 247.872
86.4803, 165.085
Evaluation Time: 0.030368 seconds
Resulting Fitness: 0.983551
-------------
Particle: 3:
Relays Coordinates:
73.2246, 218.41
195.024, 28.9969
168.385, 164.44
104.431, 216.218
Evaluation Time: 0.0484788 seconds
Resulting Fitness: 0.979394
-------------
Particle: 4:
Relays Coordinates:
66.4879, 279.781
203.145, 151.562
183.73, 42.8015
70.3403, 146.237
Evaluation Time: 0.0398242 seconds
Resulting Fitness: 0.980696
New local best!
Current global best fitness: 0.984018
Current global best relays: 72.6981, 254.28
198.535, 57.229
187.124, 246.69
84.7862, 171.481
Particle 1 new velocities: -4.89993, -5.41888
-6.31476, -2.55402
82.7377, 3.61615
-9.00867, 1.98475
Particle 2 new velocities: 2.29466, 0.481094
-1.64444, 1.62547
21.2634, -2.23481
0.11614, -2.84136
Particle 3 new velocities: -0.472759, -3.58782
-1.03815, -41.3603
6.97049, 55.2289
-25.9573, -3.11931
Particle 4 new velocities: 9.67118, -25.0977
12.2365, -11.2467
21.462, 213.439
-72.8732, -91.3209
-- ITERATION 27 --
-------------
Particle: 1:
Relays Coordinates:
59.6898, 269.568
228.032, 35.638
284.507, 238.121
86.3632, 180.312
Evaluation Time: 9.1957e-05 seconds
Resulting Fitness: 0
-------------
Particle: 2:
Relays Coordinates:
73.2834, 253.191
192.993, 57.0764
183.384, 245.637
86.5964, 162.244
Evaluation Time: 0.0477387 seconds
Resulting Fitness: 0.982471
-------------
Particle: 3:
Relays Coordinates:
72.7519, 214.822
193.986, 0
175.355, 219.668
78.4738, 213.099
Evaluation Time: 0.000219921 seconds
Resulting Fitness: 0
-------------
Particle: 4:
Relays Coordinates:
76.1591, 254.684
215.381, 140.315
205.192, 256.24
0, 54.9164
Evaluation Time: 0.0626493 seconds
Resulting Fitness: 0.976287
Current global best fitness: 0.984018
Current global best relays: 72.6981, 254.28
198.535, 57.229
187.124, 246.69
84.7862, 171.481
Particle 1 new velocities: 7.06126, -15.6695
-6.96206, 7.11629
44.9074, 14.7564
-0.292031, -5.89075
Particle 2 new velocities: 1.14201, 1.80267
9.3093, 1.43666
21.6726, 0.039898
-2.59652, 19.9671
Particle 3 new velocities: -3.12799, 66.4959
0.706252, 27.6857
-0.183508, 2.61893
-16.935, -40.3308
Particle 4 new velocities: -3.94219, -2.731
3.8007, -35.6785
-22.121, 52.4949
68.5142, 18.6333
-- ITERATION 28 --
-------------
Particle: 1:
Relays Coordinates:
66.7511, 253.898
221.07, 42.7543
300, 252.878
86.0712, 174.421
Evaluation Time: 7.8698e-05 seconds
Resulting Fitness: 0
-------------
Particle: 2:
Relays Coordinates:
74.4254, 254.994
202.302, 58.5131
205.056, 245.677
83.9999, 182.211
Evaluation Time: 0.0411059 seconds
Resulting Fitness: 0.982561
-------------
Particle: 3:
Relays Coordinates:
69.6239, 281.318
194.692, 27.6857
175.172, 222.287
61.5389, 172.768
Evaluation Time: 0.042369 seconds
Resulting Fitness: 0.983282
New local best!
-------------
Particle: 4:
Relays Coordinates:
72.2169, 251.953
219.182, 104.637
183.071, 300
68.5142, 73.5498
Evaluation Time: 0.000128046 seconds
Resulting Fitness: 0
Current global best fitness: 0.984018
Current global best relays: 72.6981, 254.28
198.535, 57.229
187.124, 246.69
84.7862, 171.481
Particle 1 new velocities: 5.19997, -4.291
-21.0787, 8.01304
-268.523, -1.74595
5.74092, -2.79063
Particle 2 new velocities: -2.89244, 0.342698
3.09879, -1.02188
-17.4592, 2.76098
-1.53483, -2.04303
Particle 3 new velocities: 2.7331, 41.271
6.46585, 68.1914
10.8645, 41.3695
-13.4094, -34.0402
Particle 4 new velocities: -8.99296, 9.06084
-11.4903, 7.73221
-15.1895, -197.309
79.6052, 269.248
-- ITERATION 29 --
-------------
Particle: 1:
Relays Coordinates:
71.951, 249.607
199.991, 50.7673
31.4765, 251.132
91.8121, 171.63
Evaluation Time: 0.0284214 seconds
Resulting Fitness: 0.927841
-------------
Particle: 2:
Relays Coordinates:
71.533, 255.337
205.401, 57.4912
187.597, 248.438
82.4651, 180.168
Evaluation Time: 0.040682 seconds
Resulting Fitness: 0.982654
-------------
Particle: 3:
Relays Coordinates:
72.357, 300
201.158, 95.8771
186.036, 263.657
48.1295, 138.728
Evaluation Time: 8.7415e-05 seconds
Resulting Fitness: 0
-------------
Particle: 4:
Relays Coordinates:
63.2239, 261.013
207.692, 112.369
167.881, 102.691
148.119, 300
Evaluation Time: 6.2191e-05 seconds
Resulting Fitness: 0
Current global best fitness: 0.984018
Current global best relays: 72.6981, 254.28
198.535, 57.229
187.124, 246.69
84.7862, 171.481
Particle 1 new velocities: -2.89561, 4.52382
7.03063, -1.3702
-14.6005, -4.63816
-4.09172, -1.79673
Particle 2 new velocities: -1.91348, -1.67045
-4.46805, -1.15931
-14.7782, -0.72805
2.48468, -20.4641
Particle 3 new velocities: -0.260387, -85.7858
0.790104, -63.8788
7.68395, 7.11411
49.5626, 19.2134
Particle 4 new velocities: -3.27951, 10.9786
-26.2922, 23.0774
28.3495, 18.109
-51.1632, -136.721
-- ITERATION 30 --
-------------
Particle: 1:
Relays Coordinates:
69.0554, 254.131
207.022, 49.3971
16.876, 246.493
87.7204, 169.834
Evaluation Time: 0.0248799 seconds
Resulting Fitness: 0.923606
-------------
Particle: 2:
Relays Coordinates:
69.6195, 253.666
200.933, 56.3319
172.819, 247.71
84.9498, 159.704
Evaluation Time: 0.0388108 seconds
Resulting Fitness: 0.98315
-------------
Particle: 3:
Relays Coordinates:
72.0966, 214.214
201.948, 31.9983
193.72, 270.771
97.6921, 157.941
Evaluation Time: 0.0425287 seconds
Resulting Fitness: 0.982834
-------------
Particle: 4:
Relays Coordinates:
59.9444, 271.992
181.399, 135.446
196.231, 120.8
96.9562, 163.279
Evaluation Time: 0.0487675 seconds
Resulting Fitness: 0.964144
Current global best fitness: 0.984018
Current global best relays: 72.6981, 254.28
198.535, 57.229
187.124, 246.69
84.7862, 171.481
Particle 1 new velocities: -0.730092, 10.7558
22.2153, 4.56701
317.83, -8.03562
-0.172873, 8.75042
Particle 2 new velocities: 2.2853, -0.945639
-4.71692, 0.377016
25.2124, -2.01476
1.5759, -2.42139
Particle 3 new velocities: -2.14144, 7.85122
-12.6268, -47.1745
-4.92659, -67.8822
-3.71411, 31.745
Particle 4 new velocities: 12.6393, -5.95826
11.5869, 0.98534
14.748, -10.6447
-64.1268, -104.508
-- ITERATION 31 --
-------------
Particle: 1:
Relays Coordinates:
68.3253, 264.887
229.237, 53.9641
300, 238.458
87.5475, 178.584
Evaluation Time: 0.000201391 seconds
Resulting Fitness: 0
-------------
Particle: 2:
Relays Coordinates:
71.9048, 252.721
196.216, 56.7089
198.031, 245.696
86.5257, 157.283
Evaluation Time: 0.0483196 seconds
Resulting Fitness: 0.982496
-------------
Particle: 3:
Relays Coordinates:
69.9551, 222.065
189.321, 0
188.794, 202.889
93.978, 189.686
Evaluation Time: 0.0401198 seconds
Resulting Fitness: 0.976154
-------------
Particle: 4:
Relays Coordinates:
72.5838, 266.034
192.986, 136.431
210.979, 110.156
32.8293, 58.7709
Evaluation Time: 0.000103153 seconds
Resulting Fitness: 0
Current global best fitness: 0.984018
Current global best relays: 72.6981, 254.28
198.535, 57.229
187.124, 246.69
84.7862, 171.481
Particle 1 new velocities: -2.16322, 5.5677
-20.609, -12.2558
-188.049, -5.25405
4.70317, 2.7601
Particle 2 new velocities: 2.44112, 0.404734
-1.51563, 0.460148
-5.07475, -0.144666
-2.37162, 33.6524
Particle 3 new velocities: 1.87351, 55.0539
1.69393, 96.3145
-18.3105, 20.9315
-23.7206, 12.5004
Particle 4 new velocities: 6.71266, -5.50434
26.6384, -30.7455
-22.7283, 52.8688
15.5703, 179
-- ITERATION 32 --
-------------
Particle: 1:
Relays Coordinates:
66.1621, 270.455
208.628, 41.7084
111.951, 233.204
92.2507, 181.344
Evaluation Time: 0.0376343 seconds
Resulting Fitness: 0.978524
-------------
Particle: 2:
Relays Coordinates:
74.3459, 253.126
194.7, 57.1691
192.957, 245.551
84.154, 190.935
Evaluation Time: 0.031599 seconds
Resulting Fitness: 0.981369
-------------
Particle: 3:
Relays Coordinates:
71.8286, 277.119
191.015, 96.3145
170.483, 223.82
70.2574, 202.186
Evaluation Time: 0.0243231 seconds
Resulting Fitness: 0.982237
-------------
Particle: 4:
Relays Coordinates:
79.2964, 260.529
219.625, 105.686
188.25, 163.024
48.3996, 237.771
Evaluation Time: 0.0401356 seconds
Resulting Fitness: 0.978487
Current global best fitness: 0.984018
Current global best relays: 72.6981, 254.28
198.535, 57.229
187.124, 246.69
84.7862, 171.481
Particle 1 new velocities: 8.43099, -6.21891
-11.0454, -9.08935
31.3021, 13.8818
4.15887, -14.5911
Particle 2 new velocities: -1.91423, 2.58682
4.41969, 0.49901
-11.3524, 3.01804
-0.914805, -1.31608
Particle 3 new velocities: 1.81727, 8.19191
9.73458, -13.0602
9.38046, 35.0794
-6.72195, -60.4635
Particle 4 new velocities: -11.1943, -7.02287
-13.8936, -102.835
-20.0276, -11.7465
58.4724, 51.6513
-- ITERATION 33 --
-------------
Particle: 1:
Relays Coordinates:
74.5931, 264.236
197.582, 32.619
143.254, 247.086
96.4096, 166.753
Evaluation Time: 0.0289474 seconds
Resulting Fitness: 0.983427
-------------
Particle: 2:
Relays Coordinates:
72.4317, 255.712
199.12, 57.6681
181.604, 248.569
83.2392, 189.619
Evaluation Time: 0.0381328 seconds
Resulting Fitness: 0.98273
-------------
Particle: 3:
Relays Coordinates:
73.6459, 285.311
200.75, 83.2543
179.864, 258.9
63.5354, 141.723
Evaluation Time: 0.0487226 seconds
Resulting Fitness: 0.982468
-------------
Particle: 4:
Relays Coordinates:
68.1021, 253.506
205.731, 2.85102
168.223, 151.278
106.872, 289.422
Evaluation Time: 0.0591635 seconds
Resulting Fitness: 0.97021
Current global best fitness: 0.984018
Current global best relays: 72.6981, 254.28
198.535, 57.229
187.124, 246.69
84.7862, 171.481
Particle 1 new velocities: 0.728713, -8.11446
-3.52466, 5.60427
46.3446, 9.4495
-11.213, 4.41099
Particle 2 new velocities: -1.0313, 0.973703
2.48421, -0.424442
4.27063, 1.11237
1.47374, -16.3685
Particle 3 new velocities: -4.05255, -22.7908
2.08286, -57.682
4.47258, 9.6655
9.36403, -9.52178
Particle 4 new velocities: -2.54166, 26.3331
-20.482, 86.2838
2.68388, -94.2213
-2.73794, -146.848
-- ITERATION 34 --
-------------
Particle: 1:
Relays Coordinates:
75.3218, 256.121
194.058, 38.2233
189.598, 256.535
85.1966, 171.164
Evaluation Time: 0.0590255 seconds
Resulting Fitness: 0.98519
New local best!
New global best!
-------------
Particle: 2:
Relays Coordinates:
71.4004, 256.686
201.604, 57.2436
185.875, 249.681
84.713, 173.25
Evaluation Time: 0.0617102 seconds
Resulting Fitness: 0.983705
-------------
Particle: 3:
Relays Coordinates:
69.5934, 262.52
202.832, 25.5723
184.336, 268.565
72.8994, 132.201
Evaluation Time: 0.0602381 seconds
Resulting Fitness: 0.98421
New local best!
-------------
Particle: 4:
Relays Coordinates:
65.5605, 279.84
185.249, 89.1348
170.907, 57.0565
104.134, 142.574
Evaluation Time: 0.0369687 seconds
Resulting Fitness: 0.92277
Current global best fitness: 0.98519
Current global best relays: 75.3218, 256.121
194.058, 38.2233
189.598, 256.535
85.1966, 171.164
Particle 1 new velocities: 0.58297, -6.49157
-2.81973, 4.48342
37.0757, 7.5596
-8.97038, 3.52879
Particle 2 new velocities: 0.272544, -1.80269
-1.78716, -14.9001
7.00489, 4.89294
1.23073, -18.3056
Particle 3 new velocities: 0.671731, -25.9165
-0.35684, -34.5272
7.16049, -12.7561
27.8806, 43.6109
Particle 4 new velocities: 3.28254, -6.16686
-5.57658, 103.452
37.5451, 143.956
-7.2998, -64.4156
-- ITERATION 35 --
-------------
Particle: 1:
Relays Coordinates:
75.9048, 249.63
191.238, 42.7067
226.674, 264.095
76.2262, 174.693
Evaluation Time: 0.028174 seconds
Resulting Fitness: 0.980047
-------------
Particle: 2:
Relays Coordinates:
71.6729, 254.883
199.817, 42.3436
192.88, 254.574
85.9437, 154.945
Evaluation Time: 0.0281328 seconds
Resulting Fitness: 0.985681
New local best!
New global best!
-------------
Particle: 3:
Relays Coordinates:
70.2651, 236.604
202.476, 0
191.497, 255.809
100.78, 175.812
Evaluation Time: 0.0265634 seconds
Resulting Fitness: 0.982674
-------------
Particle: 4:
Relays Coordinates:
68.843, 273.673
179.672, 192.586
208.452, 201.012
96.8343, 78.1584
Evaluation Time: 0.0195864 seconds
Resulting Fitness: 0.973556
Current global best fitness: 0.985681
Current global best relays: 71.6729, 254.883
199.817, 42.3436
192.88, 254.574
85.9437, 154.945
Particle 1 new velocities: 0.0128245, 5.60097
14.6206, 1.9706
14.9343, -5.35928
8.44275, -25.3115
Particle 2 new velocities: 0.218035, -1.44215
-1.42973, -11.92
5.60391, 3.91435
0.984588, -14.6445
Particle 3 new velocities: 2.4664, 7.86353
-0.964047, 73.0346
2.19017, -6.28843
-4.19353, -39.9587
Particle 4 new velocities: 3.94321, -6.85851
19.685, -10.7081
10.5519, 2.28908
-27.4184, 27.4865
-- ITERATION 36 --
-------------
Particle: 1:
Relays Coordinates:
75.9176, 255.231
205.859, 44.6773
241.608, 258.735
84.669, 149.381
Evaluation Time: 6.9431e-05 seconds
Resulting Fitness: 0
-------------
Particle: 2:
Relays Coordinates:
71.891, 253.441
198.387, 30.4235
198.484, 258.489
86.9283, 140.3
Evaluation Time: 0.022314 seconds
Resulting Fitness: 0.984602
-------------
Particle: 3:
Relays Coordinates:
72.7315, 244.467
201.512, 73.0346
193.687, 249.521
96.5866, 135.853
Evaluation Time: 0.0247637 seconds
Resulting Fitness: 0.981936
-------------
Particle: 4:
Relays Coordinates:
72.7862, 266.814
199.357, 181.878
219.004, 203.301
69.4159, 105.645
Evaluation Time: 0.0694792 seconds
Resulting Fitness: 0.975539
Current global best fitness: 0.985681
Current global best relays: 71.6729, 254.883
199.817, 42.3436
192.88, 254.574
85.9437, 154.945
Particle 1 new velocities: -6.32978, 4.3754
5.70235, -7.84378
-100.981, -9.83961
8.74338, 8.89582
Particle 2 new velocities: 0.0154183, 1.35987
1.89804, 8.54909
-7.36272, -6.86724
-1.90216, 12.6227
Particle 3 new velocities: -2.22509, 29.0496
-1.57689, 53.1444
-2.70378, 22.0613
-24.0072, -17.1103
Particle 4 new velocities: 2.57085, -8.5982
20.5034, -112.954
-32.1252, -55.5918
-20.9533, 80.1638
-- ITERATION 37 --
-------------
Particle: 1:
Relays Coordinates:
69.5878, 259.606
211.561, 36.8335
140.627, 248.896
93.4124, 158.277
Evaluation Time: 0.0450247 seconds
Resulting Fitness: 0.983738
-------------
Particle: 2:
Relays Coordinates:
71.9064, 254.801
200.285, 38.9726
191.121, 251.621
85.0261, 152.923
Evaluation Time: 0.0364956 seconds
Resulting Fitness: 0.986182
New local best!
New global best!
-------------
Particle: 3:
Relays Coordinates:
70.5064, 273.517
199.935, 126.179
190.983, 271.582
72.5794, 118.743
Evaluation Time: 0.0422275 seconds
Resulting Fitness: 0.98301
-------------
Particle: 4:
Relays Coordinates:
75.3571, 258.216
219.861, 68.9242
186.878, 147.709
48.4626, 185.809
Evaluation Time: 0.0266253 seconds
Resulting Fitness: 0.974879
Current global best fitness: 0.986182
Current global best relays: 71.9064, 254.801
200.285, 38.9726
191.121, 251.621
85.0261, 152.923
Particle 1 new velocities: 3.9036, -8.3916
-14.9443, -3.92613
-41.1561, -3.44182
-1.7012, 6.48662
Particle 2 new velocities: 0.0123346, 1.08789
1.51843, 6.83927
-5.89018, -5.4938
-1.52173, 10.0981
Particle 3 new velocities: -2.54612, 18.3182
2.44121, -149.835
-4.76374, 8.34864
1.86756, 37.8523
Particle 4 new velocities: -11.7799, 7.09892
-4.83206, -110.267
-26.1466, 73.5871
34.2225, 45.1712
-- ITERATION 38 --
-------------
Particle: 1:
Relays Coordinates:
73.4914, 251.214
196.617, 32.9074
99.4707, 245.454
91.7112, 164.764
Evaluation Time: 0.0225476 seconds
Resulting Fitness: 0.975999
-------------
Particle: 2:
Relays Coordinates:
71.9187, 255.889
201.804, 45.8119
185.231, 246.128
83.5044, 163.021
Evaluation Time: 0.0271914 seconds
Resulting Fitness: 0.983333
-------------
Particle: 3:
Relays Coordinates:
67.9603, 291.835
202.376, 0
186.22, 279.931
74.4469, 156.595
Evaluation Time: 0.147363 seconds
Resulting Fitness: 0.979176
-------------
Particle: 4:
Relays Coordinates:
63.5772, 265.315
215.029, 0
160.732, 221.296
82.6851, 230.98
Evaluation Time: 0.000376402 seconds
Resulting Fitness: 0
Current global best fitness: 0.986182
Current global best relays: 71.9064, 254.801
200.285, 38.9726
191.121, 251.621
85.0261, 152.923
Particle 1 new velocities: 3.29232, 0.0511103
-11.1024, 6.9787
138.761, 0.271057
-15.0344, -9.66501
Particle 2 new velocities: -0.00727458, -0.771812
-1.64469, -2.92946
-1.95908, 5.63747
1.16732, -1.89093
Particle 3 new velocities: 3.9033, 0.0620768
1.19375, 60.4009
-3.63517, -40.195
2.25847, 21.6603
Particle 4 new velocities: 5.98999, 10.115
-11.6364, 74.8493
7.16358, -71.4746
20.4266, -39.9719
-- ITERATION 39 --
-------------
Particle: 1:
Relays Coordinates:
76.7837, 251.266
185.514, 39.8861
238.232, 245.725
76.6768, 155.099
Evaluation Time: 0.000198506 seconds
Resulting Fitness: 0
-------------
Particle: 2:
Relays Coordinates:
71.9114, 255.117
200.159, 42.8824
183.272, 251.765
84.6717, 161.13
Evaluation Time: 0.0652894 seconds
Resulting Fitness: 0.985155
-------------
Particle: 3:
Relays Coordinates:
71.8636, 291.897
203.57, 60.4009
182.584, 239.736
76.7054, 178.256
Evaluation Time: 0.0443973 seconds
Resulting Fitness: 0.982477
-------------
Particle: 4:
Relays Coordinates:
69.5672, 275.43
203.392, 74.8493
167.895, 149.822
103.112, 191.008
Evaluation Time: 0.0333 seconds
Resulting Fitness: 0.974272
Current global best fitness: 0.986182
Current global best relays: 71.9064, 254.801
200.285, 38.9726
191.121, 251.621
85.0261, 152.923
Particle 1 new velocities: 2.09942, 8.94861
15.2735, 3.36781
18.7166, 9.79928
-1.25172, 1.66057
Particle 2 new velocities: -0.0108047, -1.19546
-1.04442, -7.15688
0.428313, 4.11561
1.83212, -14.9691
Particle 3 new velocities: 2.16123, -63.532
-1.32303, 45.2725
1.19272, 2.54794
12.6502, -17.0886
Particle 4 new velocities: 7.70679, -8.58342
-13.4649, 0.17862
30.225, -63.4587
-35.5834, -57.5621
-- ITERATION 40 --
-------------
Particle: 1:
Relays Coordinates:
78.8832, 260.214
200.788, 43.2539
256.948, 255.524
75.425, 156.759
Evaluation Time: 9.9419e-05 seconds
Resulting Fitness: 0
-------------
Particle: 2:
Relays Coordinates:
71.9006, 253.922
199.115, 35.7256
183.7, 255.881
86.5038, 146.161
Evaluation Time: 0.0262343 seconds
Resulting Fitness: 0.985042
-------------
Particle: 3:
Relays Coordinates:
74.0248, 228.365
202.247, 105.673
183.777, 242.284
89.3556, 161.167
Evaluation Time: 0.0408354 seconds
Resulting Fitness: 0.983481
-------------
Particle: 4:
Relays Coordinates:
77.274, 266.847
189.928, 75.0279
198.12, 86.3633
67.5283, 133.446
Evaluation Time: 0.0601282 seconds
Resulting Fitness: 0.937517
Current global best fitness: 0.986182
Current global best relays: 71.9064, 254.801
200.285, 38.9726
191.121, 251.621
85.0261, 152.923
Particle 1 new velocities: -2.05, 1.13313
5.41176, -7.746
-92.2307, 3.55781
14.8144, 2.03765
Particle 2 new velocities: 0.00407929, 0.575199
0.961445, -4.98664
12.7994, -6.34714
0.200589, -0.604471
Particle 3 new velocities: -1.70606, 1.52767
-3.75401, -86.2243
12.8188, 35.626
-4.83378, -49.6329
Particle 4 new velocities: -5.47274, -21.9606
-5.41166, 9.15149
6.89501, 68.0619
0.39123, -33.4653
-- ITERATION 41 --
-------------
Particle: 1:
Relays Coordinates:
76.8332, 261.347
206.2, 35.5079
164.717, 259.082
90.2394, 158.797
Evaluation Time: 0.0388525 seconds
Resulting Fitness: 0.985147
-------------
Particle: 2:
Relays Coordinates:
71.9047, 254.497
200.076, 30.7389
196.499, 249.533
86.7044, 145.557
Evaluation Time: 0.0470826 seconds
Resulting Fitness: 0.984288
-------------
Particle: 3:
Relays Coordinates:
72.3188, 229.893
198.493, 19.449
196.596, 277.91
84.5218, 111.534
Evaluation Time: 0.0508463 seconds
Resulting Fitness: 0.979465
-------------
Particle: 4:
Relays Coordinates:
71.8012, 244.886
184.516, 84.1794
205.015, 154.425
67.9195, 99.9806
Evaluation Time: 0.0367861 seconds
Resulting Fitness: 0.979493
Current global best fitness: 0.986182
Current global best relays: 71.9064, 254.801
200.285, 38.9726
191.121, 251.621
85.0261, 152.923
Particle 1 new velocities: -8.92737, -8.82559
-14.1347, -1.58022
-25.7438, -8.38541
9.87735, 1.17383
Particle 2 new velocities: 0.00640991, 0.773707
0.986024, 5.51691
4.81227, -3.68688
-1.78591, 6.02309
Particle 3 new velocities: -3.59324, 53.9948
0.541699, -28.9162
-12.4123, -3.20138
-11.8486, 45.7179
Particle 4 new velocities: -5.18682, 13.3331
21.6062, 12.1253
-15.7629, 11.518
27.9712, 28.568
-- ITERATION 42 --
-------------
Particle: 1:
Relays Coordinates:
67.9058, 252.522
192.065, 33.9277
138.974, 250.697
100.117, 159.971
Evaluation Time: 0.0298046 seconds
Resulting Fitness: 0.982393
-------------
Particle: 2:
Relays Coordinates:
71.9111, 255.271
201.062, 36.2558
201.312, 245.847
84.9185, 151.58
Evaluation Time: 0.0361032 seconds
Resulting Fitness: 0.986202
New local best!
New global best!
-------------
Particle: 3:
Relays Coordinates:
68.7255, 283.888
199.034, 0
184.184, 274.708
72.6732, 157.252
Evaluation Time: 0.0270211 seconds
Resulting Fitness: 0.978388
-------------
Particle: 4:
Relays Coordinates:
66.6144, 258.219
206.122, 96.3047
189.253, 165.943
95.8907, 128.549
Evaluation Time: 0.04099 seconds
Resulting Fitness: 0.979592
Current global best fitness: 0.986202
Current global best relays: 71.9111, 255.271
201.062, 36.2558
201.312, 245.847
84.9185, 151.58
Particle 1 new velocities: -2.26945, -2.06421
-9.6864, 2.01309
35.4258, -3.20051
-24.2955, -7.53164
Particle 2 new velocities: 0.00512793, 0.618966
0.78882, 4.41353
3.84982, -2.9495
-1.42872, 4.81848
Particle 3 new velocities: 0.145528, 25.8712
6.33251, 33.9257
17.0067, -33.5874
11.2755, 3.9924
Particle 4 new velocities: 4.9153, 17.8372
13.9077, -29.7282
-1.87845, -7.50953
-2.27403, 66.7581
-- ITERATION 43 --
-------------
Particle: 1:
Relays Coordinates:
65.6363, 250.458
182.378, 35.9408
174.4, 247.496
75.8213, 152.439
Evaluation Time: 0.032843 seconds
Resulting Fitness: 0.982231
-------------
Particle: 2:
Relays Coordinates:
71.9162, 255.89
201.851, 40.6694
205.161, 242.897
83.4898, 156.398
Evaluation Time: 0.0346523 seconds
Resulting Fitness: 0.984742
-------------
Particle: 3:
Relays Coordinates:
68.871, 300
205.367, 33.9257
201.19, 241.121
83.9488, 161.244
Evaluation Time: 0.0279746 seconds
Resulting Fitness: 0.977956
-------------
Particle: 4:
Relays Coordinates:
71.5297, 276.056
220.03, 66.5765
187.374, 158.434
93.6166, 195.307
Evaluation Time: 0.0337349 seconds
Resulting Fitness: 0.982095
New local best!
Current global best fitness: 0.986202
Current global best relays: 71.9111, 255.271
201.062, 36.2558
201.312, 245.847
84.9185, 151.58
Particle 1 new velocities: 9.78684, 10.7926
21.4783, 3.8754
43.8329, 3.1449
-3.40074, 12.6692
Particle 2 new velocities: -0.00462314, -0.304392
-0.0322726, -7.47612
0.85555, 2.51402
-0.0645221, -8.96876
Particle 3 new velocities: 0.595486, -56.2882
2.83829, 19.6181
10.2925, -3.71209
1.4673, -15.2083
Particle 4 new velocities: 4.23265, 9.37201
-7.34327, -42.6762
11.4873, 36.1273
-15.5755, 19.9218
-- ITERATION 44 --
-------------
Particle: 1:
Relays Coordinates:
75.4232, 261.25
203.857, 39.8162
218.232, 250.641
72.4205, 165.108
Evaluation Time: 0.0396247 seconds
Resulting Fitness: 0.983465
-------------
Particle: 2:
Relays Coordinates:
71.9116, 255.585
201.819, 33.1933
206.017, 245.411
83.4253, 147.429
Evaluation Time: 0.0503118 seconds
Resulting Fitness: 0.985877
-------------
Particle: 3:
Relays Coordinates:
69.4665, 243.712
208.205, 53.5439
211.483, 237.409
85.4161, 146.036
Evaluation Time: 0.0480584 seconds
Resulting Fitness: 0.981892
-------------
Particle: 4:
Relays Coordinates:
75.7624, 285.428
212.686, 23.9003
198.861, 194.561
78.0412, 215.229
Evaluation Time: 7.9412e-05 seconds
Resulting Fitness: 0
Current global best fitness: 0.986202
Current global best relays: 71.9111, 255.271
201.062, 36.2558
201.312, 245.847
84.9185, 151.58
Particle 1 new velocities: 3.20499, 5.57722
8.55501, -0.0878938
-9.0165, 1.32254
7.72523, -1.69655
Particle 2 new velocities: -0.00442873, -0.288599
-0.782277, -2.44337
-8.11592, 2.75713
3.76803, -1.81614
Particle 3 new velocities: 2.02772, -24.6994
-14.0576, -16.5545
-1.36168, 23.8049
-10.6632, -20.1966
Particle 4 new velocities: -1.97681, -36.8666
-16.8318, -0.427164
-3.57409, 56.8327
-3.51653, -10.5608
-- ITERATION 45 --
-------------
Particle: 1:
Relays Coordinates:
78.6282, 266.827
212.412, 39.7283
209.216, 251.964
80.1458, 163.412
Evaluation Time: 0.0275134 seconds
Resulting Fitness: 0.983383
-------------
Particle: 2:
Relays Coordinates:
71.9072, 255.297
201.036, 30.7499
197.901, 248.168
87.1933, 145.613
Evaluation Time: 0.0423357 seconds
Resulting Fitness: 0.984487
-------------
Particle: 3:
Relays Coordinates:
71.4942, 219.012
194.148, 36.9893
210.121, 261.214
74.7529, 125.839
Evaluation Time: 0.0486482 seconds
Resulting Fitness: 0.982074
-------------
Particle: 4:
Relays Coordinates:
73.7855, 248.562
195.855, 23.4732
195.287, 251.394
74.5246, 204.668
Evaluation Time: 0.000177398 seconds
Resulting Fitness: 0
Current global best fitness: 0.986202
Current global best relays: 71.9111, 255.271
201.062, 36.2558
201.312, 245.847
84.9185, 151.58
Particle 1 new velocities: -3.90325, -15.4254
-13.167, -6.13809
-22.5446, 2.2529
8.65746, -0.521685
Particle 2 new velocities: 0.00753767, -0.283899
-0.563536, 10.1032
-4.56117, -0.632569
0.0591488, 5.86247
Particle 3 new velocities: 0.20749, 32.7789
-2.32508, -14.5607
-27.6248, -5.73416
5.28656, 37.7258
Particle 4 new velocities: -4.82214, -15.3104
1.31752, 33.5701
2.11461, -20.6702
28.5446, -44.225
-- ITERATION 46 --
-------------
Particle: 1:
Relays Coordinates:
74.7249, 251.402
199.245, 33.5902
186.671, 254.216
88.8032, 162.89
Evaluation Time: 0.0591668 seconds
Resulting Fitness: 0.985025
-------------
Particle: 2:
Relays Coordinates:
71.9147, 255.013
200.473, 40.853
193.34, 247.536
87.2525, 151.476
Evaluation Time: 0.0587915 seconds
Resulting Fitness: 0.984538
-------------
Particle: 3:
Relays Coordinates:
71.7017, 251.791
191.822, 22.4287
182.496, 255.479
80.0394, 163.565
Evaluation Time: 0.0621185 seconds
Resulting Fitness: 0.984434
New local best!
-------------
Particle: 4:
Relays Coordinates:
68.9634, 233.251
197.172, 57.0432
197.402, 230.723
103.069, 160.443
Evaluation Time: 0.0591561 seconds
Resulting Fitness: 0.983345
New local best!
Current global best fitness: 0.986202
Current global best relays: 71.9111, 255.271
201.062, 36.2558
201.312, 245.847
84.9185, 151.58
Particle 1 new velocities: -5.84017, -6.85906
-11.2933, 1.56819
2.60733, -8.30356
2.94177, 0.291076
Particle 2 new velocities: -0.00233197, 0.334677
0.629617, 6.83272
5.51346, -2.51968
-0.577213, 4.88016
Particle 3 new velocities: 0.223329, 28.9833
4.50212, -5.21448
-1.31369, -8.35694
4.63363, 9.50834
Particle 4 new velocities: -1.7645, -8.41018
1.28105, 11.7184
5.18269, 10.185
6.63132, -45.1608
-- ITERATION 47 --
-------------
Particle: 1:
Relays Coordinates:
68.8847, 244.543
187.951, 35.1584
189.279, 245.913
91.745, 163.181
Evaluation Time: 0.0655493 seconds
Resulting Fitness: 0.982537
-------------
Particle: 2:
Relays Coordinates:
71.9124, 255.347
201.102, 47.6858
198.853, 245.016
86.6753, 156.356
Evaluation Time: 0.0646028 seconds
Resulting Fitness: 0.983494
-------------
Particle: 3:
Relays Coordinates:
71.9251, 280.775
196.325, 17.2142
181.183, 247.122
84.6731, 173.073
Evaluation Time: 0.0589973 seconds
Resulting Fitness: 0.98272
-------------
Particle: 4:
Relays Coordinates:
67.1989, 224.841
198.453, 68.7616
202.585, 240.908
109.701, 115.282
Evaluation Time: 0.0415789 seconds
Resulting Fitness: 0.982595
Current global best fitness: 0.986202
Current global best relays: 71.9111, 255.271
201.062, 36.2558
201.312, 245.847
84.9185, 151.58
Particle 1 new velocities: 2.27881, 15.9668
6.73467, 4.45075
11.7958, 5.5185
-2.45926, -10.4655
Particle 2 new velocities: -0.0051623, 0.197304
0.44333, -19.8461
7.87707, 0.12793
-3.61353, 2.80907
Particle 3 new velocities: -0.0116017, -21.0424
3.6338, 29.875
30.3446, 0.97905
-0.267555, -2.78542
Particle 4 new velocities: 0.787945, 18.0794
0.833617, -18.9086
-2.07198, 7.01089
-21.3507, 28.1541
-- ITERATION 48 --
-------------
Particle: 1:
Relays Coordinates:
71.1635, 260.51
194.686, 39.6091
201.074, 251.431
89.2857, 152.716
Evaluation Time: 0.0471049 seconds
Resulting Fitness: 0.985403
New local best!
-------------
Particle: 2:
Relays Coordinates:
71.9072, 255.545
201.546, 27.8396
206.73, 245.144
83.0617, 159.165
Evaluation Time: 0.0573609 seconds
Resulting Fitness: 0.984545
-------------
Particle: 3:
Relays Coordinates:
71.9135, 259.732
199.958, 47.0892
211.527, 248.102
84.4055, 170.288
Evaluation Time: 0.044392 seconds
Resulting Fitness: 0.983173
-------------
Particle: 4:
Relays Coordinates:
67.9868, 242.92
199.287, 49.8531
200.513, 247.919
88.3498, 143.436
Evaluation Time: 0.0578665 seconds
Resulting Fitness: 0.982517
Current global best fitness: 0.986202
Current global best relays: 71.9111, 255.271
201.062, 36.2558
201.312, 245.847
84.9185, 151.58
Particle 1 new velocities: 2.49224, 9.69632
8.09113, 2.92648
9.50414, -5.48009
-5.86835, -9.36236
Particle 2 new velocities: 0.00307908, -0.295335
-0.516835, 7.34279
1.10919, 1.27766
-1.62769, -10.5353
Particle 3 new velocities: -0.0967577, -20.4734
-5.04678, -5.63956
1.54496, 6.18816
-2.58381, -4.5044
Particle 4 new velocities: 6.55856, 24.7156
0.204591, -26.0568
-2.19792, -13.7076
-15.4779, 29.2647
-- ITERATION 49 --
-------------
Particle: 1:
Relays Coordinates:
73.6558, 270.206
202.777, 42.5356
210.579, 245.951
83.4174, 143.353
Evaluation Time: 0.0703776 seconds
Resulting Fitness: 0.984414
-------------
Particle: 2:
Relays Coordinates:
71.9103, 255.249
201.029, 35.1824
207.84, 246.422
81.434, 148.63
Evaluation Time: 0.0699229 seconds
Resulting Fitness: 0.985405
-------------
Particle: 3:
Relays Coordinates:
71.8167, 239.259
194.912, 41.4496
213.072, 254.29
81.8217, 165.784
Evaluation Time: 0.0559783 seconds
Resulting Fitness: 0.983409
-------------
Particle: 4:
Relays Coordinates:
74.5454, 267.636
199.491, 23.7963
198.315, 234.212
72.8719, 172.701
Evaluation Time: 0.0342574 seconds
Resulting Fitness: 0.983589
New local best!
Current global best fitness: 0.986202
Current global best relays: 71.9111, 255.271
201.062, 36.2558
201.312, 245.847
84.9185, 151.58
Particle 1 new velocities: -1.57663, -24.5572
-0.201006, -8.61092
-7.67091, -1.98984
-1.12312, -4.42776
Particle 2 new velocities: 0.0033964, -0.212238
-0.340546, 8.08629
-11.8565, 0.361153
4.20723, -3.65289
Particle 3 new velocities: 0.0145689, 4.22492
-1.2091, -29.3736
-27.5373, 2.52763
2.60011, -16.0197
Particle 4 new velocities: 4.13075, 13.5052
1.82676, -10.149
-0.953059, -0.928675
-10.0894, 20.2221
-------------
Particle: 1:
Relays Coordinates:
72.0792, 245.649
202.576, 33.9247
202.908, 243.962
82.2943, 138.926
Evaluation Time: 0.038422 seconds
Resulting Fitness: 0.985655
New local best!
-------------
Particle: 2:
Relays Coordinates:
71.9137, 255.037
200.688, 43.2687
195.983, 246.783
85.6413, 144.977
Evaluation Time: 0.0467456 seconds
Resulting Fitness: 0.984238
-------------
Particle: 3:
Relays Coordinates:
71.8313, 243.484
193.702, 12.076
185.535, 256.817
84.4218, 149.764
Evaluation Time: 0.0395738 seconds
Resulting Fitness: 0.983883
-------------
Particle: 4:
Relays Coordinates:
78.6762, 281.141
201.318, 13.6473
197.362, 233.283
62.7825, 192.923
Evaluation Time: 0.0454352 seconds
Resulting Fitness: 0.980972
Final Evaluation Time: 11.3286 seconds
Final global best fitness: 0.986202
Final global best relays:
71.9111, 255.271
201.062, 36.2558
201.312, 245.847
84.9185, 151.58
