PSO EXECUTION
============================
Seed: 420693641
Particles: 4
Relays: 4
Iterations: 50
Backend: Hybrid
Network Configuration: 1
Area: 300 x 300
Sink: 100, 50
Simulated Relay range: 155
w: 0.8
c1: 1.2
c2: 1.8

Relay Nodes Positions: 
PARTICLE 1: 
64.7258, 279.165
257.117, 44.1929
180.334, 97.9326
142.938, 200.162
PARTICLE 2: 
80.4768, 43.4067
170.478, 114.672
275.199, 227.052
54.0405, 165.267
PARTICLE 3: 
23.429, 15.4264
98.5543, 251.346
157.313, 191.808
256.453, 109.315
PARTICLE 4: 
65.5074, 225.581
216.671, 126.678
247.865, 18.1204
83.4096, 172.303
Nodes Positions: 
135.137, 73.6799
17.7063, 290.511
67.2879, 236.879
194.313, 14.5204
48.6546, 196.57
80.2301, 188.404
0.559221, 277.503
240.599, 66.9746
114.37, 166.86
22.9418, 204.648
102.535, 210.479
237.753, 121.175
32.1161, 226.511
294.972, 86.176
96.3236, 259.652
127.838, 133.865
267.193, 97.1681
70.4551, 4.23031
201.618, 172.696
256.172, 37.0642
162.948, 240.871
52.518, 47.475
273.474, 263.198
283.651, 59.0891
144.72, 150.65
220.362, 281.394
186.268, 148.227
173.418, 112.761
212.958, 109.292
158.492, 29.4675
All particles start with velocity zero
-- ITERATION 0 --
-------------
Particle: 1:
Relays Coordinates:
64.7258, 279.165
257.117, 44.1929
180.334, 97.9326
142.938, 200.162
Evaluation Time: 0.0356555 seconds
Resulting Fitness: 0.977518
New local best!
New global best!
-------------
Particle: 2:
Relays Coordinates:
80.4768, 43.4067
170.478, 114.672
275.199, 227.052
54.0405, 165.267
Evaluation Time: 0.0262737 seconds
Resulting Fitness: 0.97724
New local best!
-------------
Particle: 3:
Relays Coordinates:
23.429, 15.4264
98.5543, 251.346
157.313, 191.808
256.453, 109.315
Evaluation Time: 0.0345305 seconds
Resulting Fitness: 0.968421
New local best!
-------------
Particle: 4:
Relays Coordinates:
65.5074, 225.581
216.671, 126.678
247.865, 18.1204
83.4096, 172.303
Evaluation Time: 0.043087 seconds
Resulting Fitness: 0.952769
New local best!
Current global best fitness: 0.977518
Current global best relays: 64.7258, 279.165
257.117, 44.1929
180.334, 97.9326
142.938, 200.162
Particle 1 new velocities: 0, 0
0, 0
0, 0
0, 0
Particle 2 new velocities: -23.1284, 68.8336
100.893, -41.5178
-30.723, -70.8638
130.32, 53.5224
Particle 3 new velocities: 47.2295, 424.379
269.216, -319.284
30.2377, -108.634
-29.3719, 152.863
Particle 4 new velocities: -0.426656, 63.0324
55.2511, -148.171
-34.6671, 31.4593
50.9268, 5.21226
-- ITERATION 1 --
-------------
Particle: 1:
Relays Coordinates:
64.7258, 279.165
257.117, 44.1929
180.334, 97.9326
142.938, 200.162
Evaluation Time: 0.0464943 seconds
Resulting Fitness: 0.977518
-------------
Particle: 2:
Relays Coordinates:
57.3484, 112.24
271.37, 73.1538
244.476, 156.188
184.361, 218.79
Evaluation Time: 8.8609e-05 seconds
Resulting Fitness: 0
-------------
Particle: 3:
Relays Coordinates:
70.6585, 300
300, 0
187.551, 83.1737
227.081, 262.178
Evaluation Time: 5.7945e-05 seconds
Resulting Fitness: 0
-------------
Particle: 4:
Relays Coordinates:
65.0807, 288.613
271.922, 0
213.198, 49.5797
134.336, 177.516
Evaluation Time: 0.0255361 seconds
Resulting Fitness: 0.971696
New local best!
Current global best fitness: 0.977518
Current global best relays: 64.7258, 279.165
257.117, 44.1929
180.334, 97.9326
142.938, 200.162
Particle 1 new velocities: 0, 0
0, 0
0, 0
0, 0
Particle 2 new velocities: -8.6868, 45.5881
-7.67483, -59.7768
-102.725, -45.3319
-47.3754, 2.51785
Particle 3 new velocities: 7.89594, -27.3227
-237.267, 311.414
-12.1117, -44.4917
-75.7738, 5.96349
Particle 4 new velocities: -0.813884, 43.146
23.822, 10.9105
-59.8027, 102.46
45.0272, 41.6773
-- ITERATION 2 --
-------------
Particle: 1:
Relays Coordinates:
64.7258, 279.165
257.117, 44.1929
180.334, 97.9326
142.938, 200.162
Evaluation Time: 0.0276226 seconds
Resulting Fitness: 0.977518
-------------
Particle: 2:
Relays Coordinates:
48.6616, 157.828
263.695, 13.377
141.751, 110.856
136.986, 221.307
Evaluation Time: 7.1945e-05 seconds
Resulting Fitness: 0
-------------
Particle: 3:
Relays Coordinates:
78.5545, 272.677
62.7331, 300
175.439, 38.6821
151.307, 268.141
Evaluation Time: 6.7391e-05 seconds
Resulting Fitness: 0
-------------
Particle: 4:
Relays Coordinates:
64.2668, 300
295.744, 10.9105
153.395, 152.04
179.364, 219.193
Evaluation Time: 6.1178e-05 seconds
Resulting Fitness: 0
Current global best fitness: 0.977518
Current global best relays: 64.7258, 279.165
257.117, 44.1929
180.334, 97.9326
142.938, 200.162
Particle 1 new velocities: 0, 0
0, 0
0, 0
0, 0
Particle 2 new velocities: 12.6974, 56.0286
-124.137, -40.1264
40.0216, 60.4824
-56.598, -26.3753
Particle 3 new velocities: -40.4572, -31.4744
43.0517, -96.5554
-17.4536, 123.65
-21.9266, -254.018
Particle 4 new velocities: 0.0175621, -1.21425
-41.9787, 14.2098
-27.4481, -30.1734
28.4827, 3.71001
-- ITERATION 3 --
-------------
Particle: 1:
Relays Coordinates:
64.7258, 279.165
257.117, 44.1929
180.334, 97.9326
142.938, 200.162
Evaluation Time: 0.0277233 seconds
Resulting Fitness: 0.977518
-------------
Particle: 2:
Relays Coordinates:
61.3589, 213.857
139.558, 0
181.773, 171.339
80.3876, 194.932
Evaluation Time: 0.0255736 seconds
Resulting Fitness: 0.974349
-------------
Particle: 3:
Relays Coordinates:
38.0973, 241.203
105.785, 203.445
157.985, 162.332
129.381, 14.1229
Evaluation Time: 0.0383464 seconds
Resulting Fitness: 0.966586
-------------
Particle: 4:
Relays Coordinates:
64.2844, 298.786
253.765, 25.1203
125.947, 121.867
207.846, 222.903
Evaluation Time: 9.3111e-05 seconds
Resulting Fitness: 0
Current global best fitness: 0.977518
Current global best relays: 64.7258, 279.165
257.117, 44.1929
180.334, 97.9326
142.938, 200.162
Particle 1 new velocities: 0, 0
0, 0
0, 0
0, 0
Particle 2 new velocities: 20.394, 88.8404
-28.1138, 56.9768
101.017, 50.7895
-39.9762, -38.9848
Particle 3 new velocities: -25.0917, -18.2721
183.176, -112.535
10.281, 81.0099
-4.74053, -119.952
Particle 4 new velocities: 1.37745, -11.9429
-11.2266, 34.8042
18.3071, -63.2728
-36.5277, -61.6585
-- ITERATION 4 --
-------------
Particle: 1:
Relays Coordinates:
64.7258, 279.165
257.117, 44.1929
180.334, 97.9326
142.938, 200.162
Evaluation Time: 0.0281803 seconds
Resulting Fitness: 0.977518
-------------
Particle: 2:
Relays Coordinates:
81.7529, 300
111.444, 56.9768
282.79, 222.128
40.4114, 155.947
Evaluation Time: 0.000127778 seconds
Resulting Fitness: 0
-------------
Particle: 3:
Relays Coordinates:
13.0056, 222.931
288.961, 90.9092
168.266, 243.342
124.64, 0
Evaluation Time: 0.000102861 seconds
Resulting Fitness: 0
-------------
Particle: 4:
Relays Coordinates:
65.6618, 286.843
242.539, 59.9245
144.254, 58.594
171.319, 161.245
Evaluation Time: 9.5402e-05 seconds
Resulting Fitness: 0
Current global best fitness: 0.977518
Current global best relays: 64.7258, 279.165
257.117, 44.1929
180.334, 97.9326
142.938, 200.162
Particle 1 new velocities: 0, 0
0, 0
0, 0
0, 0
Particle 2 new velocities: 7.05837, -178.965
49.4932, 77.7643
-6.99482, 2.69026
116.765, 10.4896
Particle 3 new velocities: 39.6136, -24.7898
16.9015, -42.0269
12.2157, -31.5425
43.6952, 228.965
Particle 4 new velocities: 0.253154, -11.7818
24.7097, -1.06064
68.9881, 2.623
-104.217, 24.5031
-- ITERATION 5 --
-------------
Particle: 1:
Relays Coordinates:
64.7258, 279.165
257.117, 44.1929
180.334, 97.9326
142.938, 200.162
Evaluation Time: 0.0368813 seconds
Resulting Fitness: 0.977518
-------------
Particle: 2:
Relays Coordinates:
88.8112, 121.035
160.937, 134.741
275.795, 224.818
157.177, 166.437
Evaluation Time: 0.0398945 seconds
Resulting Fitness: 0.964256
-------------
Particle: 3:
Relays Coordinates:
52.6192, 198.141
300, 48.8823
180.482, 211.8
168.335, 228.965
Evaluation Time: 0.000101925 seconds
Resulting Fitness: 0
-------------
Particle: 4:
Relays Coordinates:
65.915, 275.061
267.249, 58.8639
213.242, 61.217
67.101, 185.748
Evaluation Time: 0.0497423 seconds
Resulting Fitness: 0.913803
Current global best fitness: 0.977518
Current global best relays: 64.7258, 279.165
257.117, 44.1929
180.334, 97.9326
142.938, 200.162
Particle 1 new velocities: 0, 0
0, 0
0, 0
0, 0
Particle 2 new velocities: -19.5438, -30.0009
89.6004, 21.4195
-12.5392, -67.2614
-8.40773, 67.184
Particle 3 new velocities: 23.0981, -36.6648
-123.281, 41.1292
5.50925, -122.769
56.8695, 135.439
Particle 4 new velocities: -1.13563, 11.8721
13.7082, -42.1379
2.25644, 51.8932
-46.2788, 17.6296
-- ITERATION 6 --
-------------
Particle: 1:
Relays Coordinates:
64.7258, 279.165
257.117, 44.1929
180.334, 97.9326
142.938, 200.162
Evaluation Time: 0.0589373 seconds
Resulting Fitness: 0.977518
-------------
Particle: 2:
Relays Coordinates:
69.2674, 91.0342
250.538, 156.161
263.256, 157.557
148.769, 233.621
Evaluation Time: 7.7254e-05 seconds
Resulting Fitness: 0
-------------
Particle: 3:
Relays Coordinates:
75.7173, 161.476
176.719, 90.0115
185.991, 89.0307
225.205, 300
Evaluation Time: 5.1776e-05 seconds
Resulting Fitness: 0
-------------
Particle: 4:
Relays Coordinates:
64.7794, 286.933
280.957, 16.726
215.499, 113.11
20.8223, 203.377
Evaluation Time: 5.6858e-05 seconds
Resulting Fitness: 0
Current global best fitness: 0.977518
Current global best relays: 64.7258, 279.165
257.117, 44.1929
180.334, 97.9326
142.938, 200.162
Particle 1 new velocities: 0, 0
0, 0
0, 0
0, 0
Particle 2 new velocities: -11.283, 294.863
4.10898, -138.288
-27.101, -96.2835
-18.5865, -66.3665
Particle 3 new velocities: -35.0246, -160.085
23.8112, 121.009
-30.5734, -14.5262
-2.70518, -177.152
Particle 4 new velocities: -0.720828, 4.47403
-24.195, -44.0191
-37.0641, 9.63179
62.1141, -15.0309
-- ITERATION 7 --
-------------
Particle: 1:
Relays Coordinates:
64.7258, 279.165
257.117, 44.1929
180.334, 97.9326
142.938, 200.162
Evaluation Time: 0.0412739 seconds
Resulting Fitness: 0.977518
-------------
Particle: 2:
Relays Coordinates:
57.9845, 300
254.647, 17.8722
236.155, 61.2736
130.182, 167.254
Evaluation Time: 0.0619718 seconds
Resulting Fitness: 0.963709
-------------
Particle: 3:
Relays Coordinates:
40.6928, 1.39159
200.53, 211.021
155.418, 74.5045
222.5, 122.848
Evaluation Time: 0.0877806 seconds
Resulting Fitness: 0.94448
-------------
Particle: 4:
Relays Coordinates:
64.0585, 291.407
256.762, 0
178.435, 122.742
82.9364, 188.346
Evaluation Time: 0.0717647 seconds
Resulting Fitness: 0.930114
Current global best fitness: 0.977518
Current global best relays: 64.7258, 279.165
257.117, 44.1929
180.334, 97.9326
142.938, 200.162
Particle 1 new velocities: 0, 0
0, 0
0, 0
0, 0
Particle 2 new velocities: -5.33452, -55.7966
-72.8553, 43.0998
-105.167, 159.687
-86.4905, -41.8765
Particle 3 new velocities: -9.51728, 204.386
-54.788, -113.304
0.838655, 88.8001
4.27455, -142.998
Particle 4 new velocities: 0.560709, -20.3831
-2.18974, 41.7796
-26.2847, -82.5617
151.328, -11.9423
-- ITERATION 8 --
-------------
Particle: 1:
Relays Coordinates:
64.7258, 279.165
257.117, 44.1929
180.334, 97.9326
142.938, 200.162
Evaluation Time: 0.0253613 seconds
Resulting Fitness: 0.977518
-------------
Particle: 2:
Relays Coordinates:
52.65, 244.203
181.791, 60.972
130.988, 220.961
43.6918, 125.378
Evaluation Time: 0.0244577 seconds
Resulting Fitness: 0.979801
New local best!
New global best!
-------------
Particle: 3:
Relays Coordinates:
31.1755, 205.778
145.742, 97.7173
156.257, 163.305
226.774, 0
Evaluation Time: 0.0399741 seconds
Resulting Fitness: 0.977026
New local best!
-------------
Particle: 4:
Relays Coordinates:
64.6192, 271.024
254.572, 41.7796
152.15, 40.1803
234.265, 176.404
Evaluation Time: 7.8133e-05 seconds
Resulting Fitness: 0
Current global best fitness: 0.979801
Current global best relays: 52.65, 244.203
181.791, 60.972
130.988, 220.961
43.6918, 125.378
Particle 1 new velocities: -3.95608, -2.14096
-89.0246, 18.0511
-39.9783, 170.692
-93.5892, -24.7994
Particle 2 new velocities: -4.26762, -44.6373
-58.2843, 34.4798
-84.1333, 127.75
-69.1924, -33.5012
Particle 3 new velocities: 27.9713, 225.02
-38.4916, -146.101
-18.7999, 94.9532
-55.6196, 105.556
Particle 4 new velocities: -16.0077, -19.5197
-71.808, 30.2322
3.86294, 209.664
-55.8889, -100.538
-- ITERATION 9 --
-------------
Particle: 1:
Relays Coordinates:
60.7697, 277.024
168.092, 62.244
140.356, 268.625
49.3488, 175.363
Evaluation Time: 0.781079 seconds
Resulting Fitness: 0.966667
-------------
Particle: 2:
Relays Coordinates:
48.3824, 199.566
123.507, 95.4519
46.8548, 300
0, 91.8766
Evaluation Time: 0.777208 seconds
Resulting Fitness: 0.866667
-------------
Particle: 3:
Relays Coordinates:
59.1468, 300
107.25, 0
137.457, 258.258
171.155, 105.556
Evaluation Time: 0.79246 seconds
Resulting Fitness: 0.966667
-------------
Particle: 4:
Relays Coordinates:
48.6115, 251.504
182.764, 72.0118
156.013, 249.845
178.376, 75.8658
Evaluation Time: 0.866932 seconds
Resulting Fitness: 0.7
Current global best fitness: 0.979801
Current global best relays: 52.65, 244.203
181.791, 60.972
130.988, 220.961
43.6918, 125.378
Particle 1 new velocities: -6.31087, -10.8314
45.016, -7.58333
-38.4601, -84.7374
-52.4173, -51.5115
Particle 2 new velocities: 5.46366, 18.5166
62.8395, -25.2812
50.4932, -149.721
17.7792, 6.46415
Particle 3 new velocities: 6.62949, -170.028
81.704, 56.6586
-13.8692, 64.9484
-175.547, 102.221
Particle 4 new velocities: -2.34626, -1.31303
-54.499, -29.0726
-23.7181, 106.523
-183.862, -67.8518
-- ITERATION 10 --
-------------
Particle: 1:
Relays Coordinates:
54.4589, 266.192
213.108, 54.6607
101.896, 183.887
0, 123.851
Evaluation Time: 0.045684 seconds
Resulting Fitness: 0.938228
-------------
Particle: 2:
Relays Coordinates:
53.846, 218.083
186.347, 70.1707
97.348, 150.279
17.7792, 98.3408
Evaluation Time: 0.0373005 seconds
Resulting Fitness: 0.917307
-------------
Particle: 3:
Relays Coordinates:
65.7763, 129.972
188.954, 56.6586
123.588, 300
0, 207.777
Evaluation Time: 0.0449489 seconds
Resulting Fitness: 0.977887
New local best!
-------------
Particle: 4:
Relays Coordinates:
46.2653, 250.191
128.265, 42.9392
132.295, 300
0, 8.01402
Evaluation Time: 8.2923e-05 seconds
Resulting Fitness: 0
Current global best fitness: 0.979801
Current global best relays: 52.65, 244.203
181.791, 60.972
130.988, 220.961
43.6918, 125.378
Particle 1 new velocities: 5.95965, -27.4562
54.5245, -7.21348
74.8502, -122.288
84.4921, 51.9838
Particle 2 new velocities: 2.35082, 40.698
45.9549, -33.8364
107.071, -92.3452
43.7541, 59.776
Particle 3 new velocities: -13.3795, 41.4955
54.8019, 47.1404
-5.66629, -68.675
6.05668, 56.4651
Particle 4 new velocities: 5.57066, 27.9076
143.007, -26.641
25.7264, -305.145
130.455, 218.121
-- ITERATION 11 --
-------------
Particle: 1:
Relays Coordinates:
60.4185, 238.736
267.633, 47.4472
176.746, 61.5997
84.4921, 175.835
Evaluation Time: 0.0420576 seconds
Resulting Fitness: 0.915212
-------------
Particle: 2:
Relays Coordinates:
56.1968, 258.781
232.302, 36.3343
204.419, 57.9337
61.5334, 158.117
Evaluation Time: 0.074688 seconds
Resulting Fitness: 0.913494
-------------
Particle: 3:
Relays Coordinates:
52.3968, 171.467
243.756, 103.799
117.921, 231.325
6.05668, 264.242
Evaluation Time: 0.0455224 seconds
Resulting Fitness: 0.975434
-------------
Particle: 4:
Relays Coordinates:
51.8359, 278.099
271.272, 16.2982
158.021, 0
130.455, 226.135
Evaluation Time: 0.000123787 seconds
Resulting Fitness: 0
Current global best fitness: 0.979801
Current global best relays: 52.65, 244.203
181.791, 60.972
130.988, 220.961
43.6918, 125.378
Particle 1 new velocities: 5.92899, 21.9735
-1.47802, 1.71631
52.2665, -63.6802
26.5798, 31.8567
Particle 2 new velocities: -7.62862, 24.7161
-86.1026, 18.5824
-103.943, 343.592
14.9901, -10.4458
Particle 3 new velocities: -9.87478, 64.7478
-34.1146, -43.9178
6.53588, -33.6961
3.55151, 22.1564
Particle 4 new velocities: 19.2024, -2.199
107.736, -3.77835
25.2865, 405.436
66.7197, 115.723
-- ITERATION 12 --
-------------
Particle: 1:
Relays Coordinates:
66.3475, 260.71
266.154, 49.1635
229.012, 0
111.072, 207.692
Evaluation Time: 7.7248e-05 seconds
Resulting Fitness: 0
-------------
Particle: 2:
Relays Coordinates:
48.5682, 283.497
146.199, 54.9167
100.476, 300
76.5235, 147.671
Evaluation Time: 0.035107 seconds
Resulting Fitness: 0.96432
-------------
Particle: 3:
Relays Coordinates:
42.522, 236.215
209.642, 59.8812
124.457, 197.629
9.60819, 286.398
Evaluation Time: 0.0458493 seconds
Resulting Fitness: 0.964986
-------------
Particle: 4:
Relays Coordinates:
71.0383, 275.9
300, 12.5198
183.308, 300
197.175, 300
Evaluation Time: 9.103e-05 seconds
Resulting Fitness: 0
Current global best fitness: 0.979801
Current global best relays: 52.65, 244.203
181.791, 60.972
130.988, 220.961
43.6918, 125.378
Particle 1 new velocities: -8.22675, 8.84648
-63.2477, 13.8358
-91.4631, 401.823
-74.3899, 4.06417
Particle 2 new velocities: 3.5626, -22.9693
-1.06736, 24.4119
-13.1909, -155.021
-19.13, -28.0641
Particle 3 new velocities: 14.6113, -26.3796
-50.3182, -35.7768
16.8153, 62.3697
33.6889, -314.035
Particle 4 new velocities: -0.753367, -33.2458
-211.573, 51.1385
-18.606, -130.641
-169.94, -340.205
-- ITERATION 13 --
-------------
Particle: 1:
Relays Coordinates:
58.1208, 269.556
202.907, 62.9993
137.549, 300
36.682, 211.756
Evaluation Time: 5.6418e-05 seconds
Resulting Fitness: 0
-------------
Particle: 2:
Relays Coordinates:
52.1308, 260.528
145.132, 79.3286
87.2855, 144.979
57.3935, 119.607
Evaluation Time: 0.0287009 seconds
Resulting Fitness: 0.918262
-------------
Particle: 3:
Relays Coordinates:
57.1333, 209.835
159.323, 24.1044
141.272, 259.999
43.2971, 0
Evaluation Time: 0.000156313 seconds
Resulting Fitness: 0
-------------
Particle: 4:
Relays Coordinates:
70.2849, 242.654
88.4265, 63.6583
164.702, 169.359
27.2347, 0
Evaluation Time: 0.044717 seconds
Resulting Fitness: 0.968263
Current global best fitness: 0.979801
Current global best relays: 52.65, 244.203
181.791, 60.972
130.988, 220.961
43.6918, 125.378
Particle 1 new velocities: -13.3564, -2.93162
-50.1703, 9.25503
-30.5491, -159.781
12.1997, -76.9365
Particle 2 new velocities: 4.12007, -34.9606
61.1743, 10.5988
65.642, 8.70184
-37.9452, -9.9806
Particle 3 new velocities: 19.783, -73.1526
-1.9212, 61.9701
-7.08154, 52.542
17.1512, 365.815
Particle 4 new velocities: -12.7728, 13.5042
-2.49068, -32.7601
20.6255, -73.957
-72.5099, 155.166
-- ITERATION 14 --
-------------
Particle: 1:
Relays Coordinates:
44.7643, 266.624
152.737, 72.2543
107, 140.219
48.8817, 134.819
Evaluation Time: 0.055359 seconds
Resulting Fitness: 0.919387
-------------
Particle: 2:
Relays Coordinates:
56.2509, 225.567
206.306, 89.9274
152.927, 153.681
19.4482, 109.626
Evaluation Time: 0.0412234 seconds
Resulting Fitness: 0.973192
-------------
Particle: 3:
Relays Coordinates:
76.9163, 136.683
157.402, 86.0746
134.191, 300
60.4483, 300
Evaluation Time: 0.000119658 seconds
Resulting Fitness: 0
-------------
Particle: 4:
Relays Coordinates:
57.5121, 256.158
85.9358, 30.8983
185.327, 95.4016
0, 155.166
Evaluation Time: 0.0378548 seconds
Resulting Fitness: 0.917134
Current global best fitness: 0.979801
Current global best relays: 52.65, 244.203
181.791, 60.972
130.988, 220.961
43.6918, 125.378
Particle 1 new velocities: -7.41518, -8.14204
48.5712, -16.7519
28.0355, -158.689
47.3005, 12.7299
Particle 2 new velocities: -3.93779, -14.3295
-1.17616, -35.1413
24.0747, 53.479
12.4428, 9.91536
Particle 3 new velocities: -22.48, 113.772
48.6464, -24.5903
-20.1471, -35.2775
-52.6989, -176.094
Particle 4 new velocities: -12.7838, -4.70485
307.226, -19.6336
15.363, -0.152945
152.167, 137.88
-- ITERATION 15 --
-------------
Particle: 1:
Relays Coordinates:
37.3491, 258.482
201.308, 55.5024
135.035, 0
96.1822, 147.549
Evaluation Time: 0.0331328 seconds
Resulting Fitness: 0.918704
-------------
Particle: 2:
Relays Coordinates:
52.3131, 211.237
205.13, 54.7861
177.002, 207.16
31.891, 119.542
Evaluation Time: 0.0396418 seconds
Resulting Fitness: 0.984234
New local best!
New global best!
-------------
Particle: 3:
Relays Coordinates:
54.4363, 250.455
206.049, 61.4843
114.044, 264.722
7.74945, 123.906
Evaluation Time: 0.037435 seconds
Resulting Fitness: 0.982252
New local best!
-------------
Particle: 4:
Relays Coordinates:
44.7283, 251.454
300, 11.2647
200.69, 95.2487
152.167, 293.047
Evaluation Time: 8.8602e-05 seconds
Resulting Fitness: 0
Current global best fitness: 0.984234
Current global best relays: 52.3131, 211.237
205.13, 54.7861
177.002, 207.16
31.891, 119.542
Particle 1 new velocities: 5.87482, -53.9785
58.6845, -18.5201
77.1754, 306.511
-38.7139, 20.5256
Particle 2 new velocities: -3.15023, -11.4636
-0.940925, -28.113
19.2598, 42.7832
9.95424, 7.93228
Particle 3 new velocities: -21.5753, 54.3214
38.5192, -30.0784
43.4584, -84.3659
-1.46208, -144.009
Particle 4 new velocities: 17.1691, -37.2087
-164.78, 20.0948
8.46136, 63.1224
62.7786, -193.481
-- ITERATION 16 --
-------------
Particle: 1:
Relays Coordinates:
43.224, 204.504
259.992, 36.9823
212.211, 300
57.4683, 168.075
Evaluation Time: 5.6338e-05 seconds
Resulting Fitness: 0
-------------
Particle: 2:
Relays Coordinates:
49.1629, 199.774
204.189, 26.6731
196.262, 249.943
41.8453, 127.474
Evaluation Time: 5.7796e-05 seconds
Resulting Fitness: 0
-------------
Particle: 3:
Relays Coordinates:
32.861, 300
244.568, 31.4059
157.502, 180.357
6.28737, 0
Evaluation Time: 8.3812e-05 seconds
Resulting Fitness: 0
-------------
Particle: 4:
Relays Coordinates:
61.8974, 214.245
135.22, 31.3596
209.152, 158.371
214.946, 99.5654
Evaluation Time: 9.3302e-05 seconds
Resulting Fitness: 0
Current global best fitness: 0.984234
Current global best relays: 52.3131, 211.237
205.13, 54.7861
177.002, 207.16
31.891, 119.542
Particle 1 new velocities: 44.1304, 18.0845
39.1389, 21.3548
-10.7366, -255.244
-11.9514, -36.6795
Particle 2 new velocities: -0.0673176, 11.2828
0.0671985, 12.6334
-4.9607, -43.4035
-0.534506, -9.46145
Particle 3 new velocities: -9.56141, -62.6739
19.6098, 16.7708
23.4801, 43.9415
3.31166, 41.0555
Particle 4 new velocities: 5.3733, 35.0518
-50.4524, -4.40172
-15.872, -19.5774
-196.72, -122.504
-- ITERATION 17 --
-------------
Particle: 1:
Relays Coordinates:
87.3543, 222.588
299.131, 58.3372
201.474, 44.756
45.5169, 131.395
Evaluation Time: 0.0404177 seconds
Resulting Fitness: 0.944229
-------------
Particle: 2:
Relays Coordinates:
49.0955, 211.057
204.256, 39.3064
191.301, 206.539
41.3108, 118.012
Evaluation Time: 0.0421291 seconds
Resulting Fitness: 0.98321
-------------
Particle: 3:
Relays Coordinates:
23.2996, 237.326
264.178, 48.1767
180.982, 224.298
9.59903, 41.0555
Evaluation Time: 9.2219e-05 seconds
Resulting Fitness: 0
-------------
Particle: 4:
Relays Coordinates:
67.2707, 249.297
84.7672, 26.9578
193.28, 138.794
18.2251, 0
Evaluation Time: 5.6756e-05 seconds
Resulting Fitness: 0
Current global best fitness: 0.984234
Current global best relays: 52.3131, 211.237
205.13, 54.7861
177.002, 207.16
31.891, 119.542
Particle 1 new velocities: 27.3038, 28.3664
-100.434, -2.35981
-68.0058, 28.7991
-22.9591, 10.2165
Particle 2 new velocities: 3.15997, 9.3559
0.843008, 23.3296
-20.6312, -33.5763
-17.2874, -4.89479
Particle 3 new velocities: 10.9233, -47.2841
-37.4306, 27.6624
-31.88, 16.7343
10.8501, 203.304
Particle 4 new velocities: -19.204, 33.4394
137.275, 18.1754
2.02857, -29.4357
-146.217, 356.615
-- ITERATION 18 --
-------------
Particle: 1:
Relays Coordinates:
114.658, 250.955
198.697, 55.9774
133.469, 73.5551
22.5578, 141.612
Evaluation Time: 0.0517123 seconds
Resulting Fitness: 0.979518
New local best!
-------------
Particle: 2:
Relays Coordinates:
52.2555, 220.412
205.099, 62.6361
170.67, 172.963
24.0234, 113.118
Evaluation Time: 0.0358801 seconds
Resulting Fitness: 0.98064
-------------
Particle: 3:
Relays Coordinates:
34.2229, 190.042
226.747, 75.8391
149.102, 241.032
20.4492, 244.359
Evaluation Time: 0.048241 seconds
Resulting Fitness: 0.981329
-------------
Particle: 4:
Relays Coordinates:
48.0668, 282.736
222.042, 45.1333
195.308, 109.358
0, 300
Evaluation Time: 9.1585e-05 seconds
Resulting Fitness: 0
Current global best fitness: 0.984234
Current global best relays: 52.3131, 211.237
205.13, 54.7861
177.002, 207.16
31.891, 119.542
Particle 1 new velocities: -68.4131, -41.6661
-71.39, -3.05888
-5.00212, 200.94
-10.1472, -22.9405
Particle 2 new velocities: 2.56648, -8.30501
0.719622, 6.76328
-2.11225, 25.437
-1.76392, 9.50132
Particle 3 new velocities: 36.9764, -8.42136
-46.6859, -20.4028
-19.8684, -27.8343
15.0527, -46.6497
Particle 4 new velocities: 3.73747, -17.5157
155.573, -5.17756
6.06838, 66.2782
61.1185, -278.361
-- ITERATION 19 --
-------------
Particle: 1:
Relays Coordinates:
46.2451, 209.289
127.308, 52.9185
128.466, 274.495
12.4107, 118.671
Evaluation Time: 0.813078 seconds
Resulting Fitness: 0.933333
-------------
Particle: 2:
Relays Coordinates:
54.822, 212.107
205.819, 69.3994
168.558, 198.4
22.2594, 122.619
Evaluation Time: 0.817384 seconds
Resulting Fitness: 1
New local best!
New global best!
-------------
Particle: 3:
Relays Coordinates:
71.1993, 181.621
180.061, 55.4363
129.234, 213.198
35.5019, 197.71
Evaluation Time: 0.796981 seconds
Resulting Fitness: 1
New local best!
-------------
Particle: 4:
Relays Coordinates:
51.8042, 265.22
300, 39.9557
201.376, 175.636
61.1185, 21.6391
Evaluation Time: 0.729364 seconds
Resulting Fitness: 0.733333
Current global best fitness: 1
Current global best relays: 54.822, 212.107
205.819, 69.3994
168.558, 198.4
22.2594, 122.619
Particle 1 new velocities: 34.0823, -18.6568
28.5257, 15.7918
5.42225, -25.2968
10.0547, 3.43219
Particle 2 new velocities: 2.05318, -6.64401
0.575697, 5.41062
-1.6898, 20.3496
-1.41114, 7.60105
Particle 3 new velocities: 12.6523, 24.0221
-11.4944, 2.70836
13.8623, -40.5492
-1.673, -81.1678
Particle 4 new velocities: 16.3623, -66.4882
-30.523, 20.2089
-19.0929, 15.76
111.475, -21.3384
-- ITERATION 20 --
-------------
Particle: 1:
Relays Coordinates:
80.3274, 190.632
155.833, 68.7103
133.889, 249.198
22.4654, 122.104
Evaluation Time: 0.0451491 seconds
Resulting Fitness: 0.978026
-------------
Particle: 2:
Relays Coordinates:
56.8752, 205.463
206.394, 74.81
166.868, 218.75
20.8483, 130.22
Evaluation Time: 0.0347094 seconds
Resulting Fitness: 0.983295
-------------
Particle: 3:
Relays Coordinates:
83.8517, 205.643
168.567, 58.1447
143.096, 172.649
33.8289, 116.542
Evaluation Time: 0.0452163 seconds
Resulting Fitness: 0.974409
-------------
Particle: 4:
Relays Coordinates:
68.1666, 198.732
269.477, 60.1646
182.284, 191.396
172.594, 0.300646
Evaluation Time: 0.0512436 seconds
Resulting Fitness: 0.979809
New local best!
Current global best fitness: 1
Current global best relays: 54.822, 212.107
205.819, 69.3994
168.558, 198.4
22.2594, 122.619
Particle 1 new velocities: 35.6314, 19.9771
101.163, 4.04817
5.38982, -78.2161
7.99037, 9.22208
Particle 2 new velocities: -0.366999, 5.15896
-0.255295, -8.20611
1.67764, -5.6168
0.396968, -4.4277
Particle 3 new velocities: -41.5633, 7.56907
4.07547, 16.1294
14.8658, 30.1554
-15.3212, 10.1063
Particle 4 new velocities: -3.97107, -51.524
-61.8179, 26.6383
-16.6542, 12.7547
-74.9103, 28.2413
-- ITERATION 21 --
-------------
Particle: 1:
Relays Coordinates:
115.959, 210.609
256.996, 72.7585
139.278, 170.982
30.4557, 131.326
Evaluation Time: 0.0385749 seconds
Resulting Fitness: 0.972683
-------------
Particle: 2:
Relays Coordinates:
56.5082, 210.622
206.139, 66.6039
168.546, 213.133
21.2453, 125.792
Evaluation Time: 0.0324158 seconds
Resulting Fitness: 0.982995
-------------
Particle: 3:
Relays Coordinates:
42.2883, 213.212
172.642, 74.2741
157.962, 202.804
18.5077, 126.648
Evaluation Time: 0.0372426 seconds
Resulting Fitness: 0.982883
-------------
Particle: 4:
Relays Coordinates:
64.1955, 147.208
207.659, 86.8029
165.629, 204.151
97.6833, 28.5419
Evaluation Time: 0.0413 seconds
Resulting Fitness: 0.979302
Current global best fitness: 1
Current global best relays: 54.822, 212.107
205.819, 69.3994
168.558, 198.4
22.2594, 122.619
Particle 1 new velocities: 19.5901, 23.2868
21.8992, -12.4474
46.9192, -82.9939
-4.05145, 2.67031
Particle 2 new velocities: -4.93638, 5.98118
-0.983039, -2.52912
1.37183, -31.8204
1.44896, -6.38945
Particle 3 new velocities: -16.1344, -22.9868
27.5269, -7.59984
1.43204, 24.5997
6.8298, 6.92279
Particle 4 new velocities: -7.27461, 42.7571
-0.254636, -30.786
-1.74919, -2.30493
-55.1137, 146.857
-- ITERATION 22 --
-------------
Particle: 1:
Relays Coordinates:
135.549, 233.896
278.895, 60.3111
186.198, 87.988
26.4043, 133.996
Evaluation Time: 0.0306331 seconds
Resulting Fitness: 0.980146
New local best!
-------------
Particle: 2:
Relays Coordinates:
51.5718, 216.604
205.156, 64.0748
169.917, 181.312
22.6942, 119.403
Evaluation Time: 0.0363181 seconds
Resulting Fitness: 0.982377
-------------
Particle: 3:
Relays Coordinates:
26.1539, 190.225
200.169, 66.6743
159.394, 227.404
25.3375, 133.571
Evaluation Time: 0.0726518 seconds
Resulting Fitness: 0.982699
-------------
Particle: 4:
Relays Coordinates:
56.9209, 189.965
207.405, 56.0169
163.88, 201.846
42.5696, 175.398
Evaluation Time: 0.173 seconds
Resulting Fitness: 0.983515
New local best!
Current global best fitness: 1
Current global best relays: 54.822, 212.107
205.819, 69.3994
168.558, 198.4
22.2594, 122.619
Particle 1 new velocities: -84.6238, -12.8971
-61.3493, 2.97514
26.6848, 107.121
-9.05237, -13.482
Particle 2 new velocities: 3.53513, -0.80178
0.749678, 8.30522
-0.89099, 0.321853
0.303472, 0.562093
Particle 3 new velocities: 77.497, -27.7512
20.356, -11.5198
-3.54902, 3.09795
9.73912, 18.7637
Particle 4 new velocities: -8.4845, 55.6498
-2.15516, -22.488
4.99431, -7.97127
-68.2256, 112.202
-- ITERATION 23 --
-------------
Particle: 1:
Relays Coordinates:
50.9252, 220.999
217.546, 63.2862
212.883, 195.109
17.3519, 120.514
Evaluation Time: 0.0885919 seconds
Resulting Fitness: 0.97831
-------------
Particle: 2:
Relays Coordinates:
55.1069, 215.802
205.906, 72.38
169.026, 181.634
22.9977, 119.965
Evaluation Time: 0.0658728 seconds
Resulting Fitness: 0.982731
-------------
Particle: 3:
Relays Coordinates:
103.651, 162.474
220.525, 55.1545
155.845, 230.502
35.0766, 152.335
Evaluation Time: 0.0490841 seconds
Resulting Fitness: 0.982392
-------------
Particle: 4:
Relays Coordinates:
48.4364, 245.615
205.249, 33.5289
168.874, 193.875
0, 287.601
Evaluation Time: 8.3788e-05 seconds
Resulting Fitness: 0
Current global best fitness: 1
Current global best relays: 54.822, 212.107
205.819, 69.3994
168.558, 198.4
22.2594, 122.619
Particle 1 new velocities: -34.745, -18.9717
-54.5512, 3.1873
-81.0916, 62.3676
0.718223, -2.01757
Particle 2 new velocities: 2.56979, -4.33537
0.44328, 0.896519
-1.35539, 40.0735
-0.91466, 3.53741
Particle 3 new velocities: 3.93468, -8.11011
-27.4945, 14.93
-1.16458, -16.5672
-13.314, 27.3807
Particle 4 new velocities: 2.89964, 4.26219
1.43851, 11.5094
2.08041, 2.49462
39.8534, -107.391
-- ITERATION 24 --
-------------
Particle: 1:
Relays Coordinates:
16.1802, 202.027
162.995, 66.4735
131.791, 257.477
18.0701, 118.496
Evaluation Time: 0.0327042 seconds
Resulting Fitness: 0.983413
New local best!
-------------
Particle: 2:
Relays Coordinates:
57.6767, 211.466
206.349, 73.2765
167.671, 221.708
22.083, 123.502
Evaluation Time: 0.0347011 seconds
Resulting Fitness: 0.983845
-------------
Particle: 3:
Relays Coordinates:
107.586, 154.364
193.031, 70.0845
154.68, 213.935
21.7626, 179.715
Evaluation Time: 0.203958 seconds
Resulting Fitness: 0.98081
-------------
Particle: 4:
Relays Coordinates:
51.336, 249.877
206.688, 45.0383
170.955, 196.369
39.8534, 180.21
Evaluation Time: 0.0747532 seconds
Resulting Fitness: 0.98307
Current global best fitness: 1
Current global best relays: 54.822, 212.107
205.819, 69.3994
168.558, 198.4
22.2594, 122.619
Particle 1 new velocities: -22.3769, -13.1382
29.782, 3.05824
-60.623, -54.7457
4.10656, 1.96482
Particle 2 new velocities: -2.68384, -3.13826
-0.657359, 0.044385
0.411111, 15.0988
-0.302542, 0.594253
Particle 3 new velocities: -83.664, 17.6616
-7.45909, -1.59494
9.34557, -34.188
2.88198, 4.68558
Particle 4 new velocities: 3.80763, -41.2561
-0.0428393, 61.1032
-0.242897, 7.4594
22.7917, -102.82
-- ITERATION 25 --
-------------
Particle: 1:
Relays Coordinates:
0, 188.889
192.777, 69.5318
71.1679, 202.731
22.1767, 120.461
Evaluation Time: 0.0668604 seconds
Resulting Fitness: 0.914049
-------------
Particle: 2:
Relays Coordinates:
54.9929, 208.328
205.692, 73.3209
168.082, 236.807
21.7805, 124.097
Evaluation Time: 0.0268401 seconds
Resulting Fitness: 0.983405
-------------
Particle: 3:
Relays Coordinates:
23.9216, 172.025
185.571, 68.4895
164.026, 179.747
24.6446, 184.401
Evaluation Time: 0.0251485 seconds
Resulting Fitness: 0.98135
-------------
Particle: 4:
Relays Coordinates:
55.1437, 208.621
206.645, 106.142
170.712, 203.829
62.6452, 77.3902
Evaluation Time: 0.0266868 seconds
Resulting Fitness: 0.983792
New local best!
Current global best fitness: 1
Current global best relays: 54.822, 212.107
205.819, 69.3994
168.558, 198.4
22.2594, 122.619
Particle 1 new velocities: 74.3545, -6.18163
18.4632, 0.456508
89.217, -7.93709
-0.998808, 3.02323
Particle 2 new velocities: -2.5564, 3.55038
-0.483903, -3.57373
1.15622, -59.9776
0.6758, -3.72351
Particle 3 new velocities: -8.97302, 86.367
21.9879, -14.0566
-0.695287, -0.988246
4.56704, 8.71696
Particle 4 new velocities: 2.86029, -32.3833
-1.05808, 47.9824
-0.938529, 5.18752
-35.5555, -39.1451
-- ITERATION 26 --
-------------
Particle: 1:
Relays Coordinates:
74.3545, 182.707
211.24, 69.9883
160.385, 194.794
21.1779, 123.485
Evaluation Time: 0.0244971 seconds
Resulting Fitness: 0.98514
New local best!
-------------
Particle: 2:
Relays Coordinates:
52.4365, 211.879
205.208, 69.7472
169.238, 176.829
22.4563, 120.373
Evaluation Time: 0.0375613 seconds
Resulting Fitness: 0.982608
-------------
Particle: 3:
Relays Coordinates:
14.9486, 258.392
207.559, 54.4329
163.331, 178.758
29.2116, 193.118
Evaluation Time: 0.0927455 seconds
Resulting Fitness: 0.980074
-------------
Particle: 4:
Relays Coordinates:
58.0039, 176.238
205.587, 154.124
169.773, 209.016
27.0897, 38.2451
Evaluation Time: 0.0865528 seconds
Resulting Fitness: 0.978373
Current global best fitness: 1
Current global best relays: 54.822, 212.107
205.819, 69.3994
168.558, 198.4
22.2594, 122.619
Particle 1 new velocities: 55.0784, -0.902503
13.3382, -0.0895226
79.636, -4.50855
0.637006, 2.19642
Particle 2 new velocities: 3.06572, 3.09359
-0.156099, -3.45517
-0.19832, 10.0417
0.396652, -2.17994
Particle 3 new velocities: 83.0278, -8.81225
4.22865, -9.82495
-24.0934, 5.76497
-0.265153, -14.5145
Particle 4 new velocities: -3.5112, 11.0398
0.360049, -14.411
-1.94013, -14.1413
-11.0271, 120.004
-- ITERATION 27 --
-------------
Particle: 1:
Relays Coordinates:
129.433, 181.805
224.578, 69.8988
240.021, 190.285
21.8149, 125.681
Evaluation Time: 0.0895454 seconds
Resulting Fitness: 0.981184
-------------
Particle: 2:
Relays Coordinates:
55.5022, 214.972
205.052, 66.292
169.04, 186.871
22.853, 118.193
Evaluation Time: 0.104154 seconds
Resulting Fitness: 0.983836
-------------
Particle: 3:
Relays Coordinates:
97.9764, 249.58
211.788, 44.608
139.237, 184.523
28.9465, 178.603
Evaluation Time: 0.151612 seconds
Resulting Fitness: 0.979452
-------------
Particle: 4:
Relays Coordinates:
54.4927, 187.278
205.947, 139.713
167.833, 194.875
16.0626, 158.249
Evaluation Time: 0.0952687 seconds
Resulting Fitness: 0.980948
Current global best fitness: 1
Current global best relays: 54.822, 212.107
205.819, 69.3994
168.558, 198.4
22.2594, 122.619
Particle 1 new velocities: -40.1531, 30.682
-2.78211, -0.24473
46.0305, 9.6202
0.456731, -1.63426
Particle 2 new velocities: 1.64644, -1.25738
1.34551, 0.0122264
-0.759729, 28.0588
-0.564432, 8.91258
Particle 3 new velocities: -12.9119, -88.9849
-3.76345, 1.72792
-6.75005, 17.4886
-1.31193, -16.4712
Particle 4 new velocities: -1.86938, 65.0222
0.621296, -36.8407
0.687987, -5.73975
35.1352, 50.564
-- ITERATION 28 --
-------------
Particle: 1:
Relays Coordinates:
89.2798, 212.487
221.796, 69.654
286.051, 199.906
22.2716, 124.047
Evaluation Time: 0.0751111 seconds
Resulting Fitness: 0.977003
-------------
Particle: 2:
Relays Coordinates:
57.1486, 213.715
206.397, 66.3042
168.28, 214.929
22.2885, 127.106
Evaluation Time: 0.0480923 seconds
Resulting Fitness: 0.983566
-------------
Particle: 3:
Relays Coordinates:
85.0645, 160.595
208.025, 46.3359
132.487, 202.012
27.6345, 162.132
Evaluation Time: 0.035414 seconds
Resulting Fitness: 0.981773
-------------
Particle: 4:
Relays Coordinates:
52.6234, 252.3
206.568, 102.872
168.521, 189.135
51.1978, 208.813
Evaluation Time: 0.0274628 seconds
Resulting Fitness: 0.980901
Current global best fitness: 1
Current global best relays: 54.822, 212.107
205.819, 69.3994
168.558, 198.4
22.2594, 122.619
Particle 1 new velocities: -51.0419, 12.968
-28.4099, -0.157578
-268.706, 4.16549
-0.397335, -2.5114
Particle 2 new velocities: -3.80936, -3.47937
0.408575, 5.24308
-0.0694274, -22.1103
-0.471601, -0.403357
Particle 3 new velocities: -76.4223, -46.1419
-10.2543, 46.483
24.302, 9.81499
1.90308, -40.5945
Particle 4 new velocities: 3.46159, 28.19
0.0497369, -36.574
2.11468, 12.4791
-2.38753, -258.453
-- ITERATION 29 --
-------------
Particle: 1:
Relays Coordinates:
38.2379, 225.455
193.386, 69.4964
17.3457, 204.071
21.8743, 121.535
Evaluation Time: 0.6829 seconds
Resulting Fitness: 0.927778
-------------
Particle: 2:
Relays Coordinates:
53.3393, 210.235
206.806, 71.5473
168.211, 192.819
21.8169, 126.702
Evaluation Time: 0.747714 seconds
Resulting Fitness: 0.961111
-------------
Particle: 3:
Relays Coordinates:
8.6422, 114.453
197.77, 92.8188
156.789, 211.827
29.5376, 121.538
Evaluation Time: 0.707851 seconds
Resulting Fitness: 0.961111
-------------
Particle: 4:
Relays Coordinates:
56.085, 280.49
206.618, 66.2983
170.636, 201.614
48.8103, 0
Evaluation Time: 0.963668 seconds
Resulting Fitness: 0.933333
Current global best fitness: 1
Current global best relays: 54.822, 212.107
205.819, 69.3994
168.558, 198.4
22.2594, 122.619
Particle 1 new velocities: 27.6989, -6.55223
6.47862, 0.260995
-29.6836, 1.34194
-0.00772088, -0.741597
Particle 2 new velocities: -2.53784, 0.660162
-0.671903, 1.39493
0.53938, -8.31488
0.33053, -9.17334
Particle 3 new velocities: 18.3211, 154.363
-8.76714, -31.6046
21.2987, -5.18087
-7.08649, -5.61868
Particle 4 new velocities: 2.14855, -124.68
-0.987303, 17.6271
-0.648693, 6.70816
-39.4911, 79.5849
-- ITERATION 30 --
-------------
Particle: 1:
Relays Coordinates:
65.9368, 218.903
199.865, 69.7574
0, 205.413
21.8666, 120.794
Evaluation Time: 0.0397059 seconds
Resulting Fitness: 0.912917
-------------
Particle: 2:
Relays Coordinates:
50.8014, 210.896
206.134, 72.9422
168.75, 184.504
22.1475, 117.529
Evaluation Time: 0.0491381 seconds
Resulting Fitness: 0.983346
-------------
Particle: 3:
Relays Coordinates:
26.9633, 268.816
189.003, 61.2143
178.088, 206.646
22.4511, 115.919
Evaluation Time: 0.0437256 seconds
Resulting Fitness: 0.978404
-------------
Particle: 4:
Relays Coordinates:
58.2335, 155.81
205.631, 83.9255
169.987, 208.323
9.31922, 79.5849
Evaluation Time: 0.0515026 seconds
Resulting Fitness: 0.984285
New local best!
Current global best fitness: 1
Current global best relays: 54.822, 212.107
205.819, 69.3994
168.558, 198.4
22.2594, 122.619
Particle 1 new velocities: 14.6595, -21.9198
18.2732, -0.0924361
310.765, -3.40211
-0.276054, 2.74206
Particle 2 new velocities: 2.95347, 1.30019
-0.687696, -4.03589
-0.0669168, 12.8508
0.546408, -1.30948
Particle 3 new velocities: 81.7628, 20.208
6.5403, -26.0334
-6.78818, -4.43094
6.93234, 23.669
Particle 4 new velocities: -0.953395, -44.9492
-0.692401, 7.53558
-1.38786, 3.80762
-19.0844, 106.823
-- ITERATION 31 --
-------------
Particle: 1:
Relays Coordinates:
80.5963, 196.983
218.138, 69.665
300, 202.011
21.5905, 123.536
Evaluation Time: 0.000140751 seconds
Resulting Fitness: 0
-------------
Particle: 2:
Relays Coordinates:
53.7549, 212.196
205.446, 68.9063
168.683, 197.355
22.6939, 116.22
Evaluation Time: 0.0589032 seconds
Resulting Fitness: 0.984126
-------------
Particle: 3:
Relays Coordinates:
108.726, 289.024
195.543, 35.1809
171.3, 202.215
29.3835, 139.588
Evaluation Time: 0.000167304 seconds
Resulting Fitness: 0
-------------
Particle: 4:
Relays Coordinates:
57.2801, 110.86
204.938, 91.461
168.599, 212.13
0, 186.408
Evaluation Time: 0.0621563 seconds
Resulting Fitness: 0.983128
Current global best fitness: 1
Current global best relays: 54.822, 212.107
205.819, 69.3994
168.558, 198.4
22.2594, 122.619
Particle 1 new velocities: 0.460853, -13.2019
-3.49211, 0.187286
-244.746, -6.51421
0.274165, 1.63934
Particle 2 new velocities: 3.18721, 0.974381
-0.18748, -3.07841
-0.344259, 11.8226
-0.470001, 14.9934
Particle 3 new velocities: -51.3961, -83.0619
8.34724, 37.3132
-49.1821, 3.16514
3.87851, 25.8797
Particle 4 new velocities: -2.04465, 156.493
1.11336, -15.4275
-0.109409, -13.691
24.233, -124.776
-- ITERATION 32 --
-------------
Particle: 1:
Relays Coordinates:
81.0571, 183.781
214.646, 69.8523
55.2539, 195.497
21.8647, 125.175
Evaluation Time: 0.0550067 seconds
Resulting Fitness: 0.912454
-------------
Particle: 2:
Relays Coordinates:
56.9421, 213.17
205.259, 65.8279
168.339, 209.178
22.2239, 131.213
Evaluation Time: 0.0539295 seconds
Resulting Fitness: 0.983031
-------------
Particle: 3:
Relays Coordinates:
57.33, 205.962
203.891, 72.4941
122.118, 205.38
33.262, 165.468
Evaluation Time: 0.0388307 seconds
Resulting Fitness: 0.975944
-------------
Particle: 4:
Relays Coordinates:
55.2355, 267.353
206.052, 76.0336
168.49, 198.439
24.233, 61.6321
Evaluation Time: 0.0470489 seconds
Resulting Fitness: 0.979017
Current global best fitness: 1
Current global best relays: 54.822, 212.107
205.819, 69.3994
168.558, 198.4
22.2594, 122.619
Particle 1 new velocities: -41.6146, 9.15867
-20.7238, 0.149786
42.2815, -2.44684
-0.0520694, -3.16989
Particle 2 new velocities: -2.42568, -1.30404
0.672492, 5.34157
-0.00200328, -20.1977
-0.320685, -0.479517
Particle 3 new velocities: -40.6001, -66.0022
7.33318, 19.0806
27.6622, 4.06338
-8.55862, -14.198
Particle 4 new velocities: 0.599995, -21.1483
0.27945, -23.0089
0.445959, 0.757792
2.58424, -50.5243
-- ITERATION 33 --
-------------
Particle: 1:
Relays Coordinates:
39.4426, 192.94
193.922, 70.0021
97.5354, 193.05
21.8126, 122.005
Evaluation Time: 0.0542839 seconds
Resulting Fitness: 0.935887
-------------
Particle: 2:
Relays Coordinates:
54.5164, 211.866
205.931, 71.1695
168.337, 188.98
21.9032, 130.734
Evaluation Time: 0.0548887 seconds
Resulting Fitness: 0.983841
-------------
Particle: 3:
Relays Coordinates:
16.7299, 139.96
211.224, 91.5747
149.78, 209.444
24.7034, 151.27
Evaluation Time: 0.0573238 seconds
Resulting Fitness: 0.981538
-------------
Particle: 4:
Relays Coordinates:
55.8355, 246.205
206.331, 53.0247
168.936, 199.197
26.8173, 11.1078
Evaluation Time: 0.0601981 seconds
Resulting Fitness: 0.966492
Current global best fitness: 1
Current global best relays: 54.822, 212.107
205.819, 69.3994
168.558, 198.4
22.2594, 122.619
Particle 1 new velocities: 1.31613, 25.1337
-11.4517, -0.100195
57.4234, -1.70845
0.224168, -0.465682
Particle 2 new velocities: -1.36691, -0.858622
0.33573, 0.952987
0.532124, -9.63104
0.251418, -7.23539
Particle 3 new velocities: 60.2558, 49.2078
-14.5727, -24.6308
7.75982, -8.04504
-2.34708, 12.3773
Particle 4 new velocities: 0.431741, -152.521
-0.6728, 18.1105
0.91351, 7.77708
-10.9718, 102.122
-- ITERATION 34 --
-------------
Particle: 1:
Relays Coordinates:
40.7587, 218.073
182.47, 69.9019
154.959, 191.341
22.0368, 121.54
Evaluation Time: 0.102736 seconds
Resulting Fitness: 0.98161
-------------
Particle: 2:
Relays Coordinates:
53.1495, 211.007
206.267, 72.1225
168.869, 179.349
22.1546, 123.498
Evaluation Time: 0.198092 seconds
Resulting Fitness: 0.982914
-------------
Particle: 3:
Relays Coordinates:
76.9857, 189.168
196.651, 66.944
157.54, 201.399
22.3563, 163.647
Evaluation Time: 0.100383 seconds
Resulting Fitness: 0.981062
-------------
Particle: 4:
Relays Coordinates:
56.2672, 93.6839
205.658, 71.1352
169.849, 206.974
15.8455, 113.229
Evaluation Time: 0.127809 seconds
Resulting Fitness: 0.969478
Current global best fitness: 1
Current global best relays: 54.822, 212.107
205.819, 69.3994
168.558, 198.4
22.2594, 122.619
Particle 1 new velocities: 45.5964, -12.86
27.5591, -0.482027
63.8596, 6.84416
-0.505293, 1.63278
Particle 2 new velocities: 0.0707699, 1.54249
-0.0590797, -1.71558
-0.115091, 33.8766
0.22899, -8.13308
Particle 3 new velocities: 30.5399, 66.0865
-27.0074, -26.9921
-11.6407, -2.3947
0.626299, -3.6253
Particle 4 new velocities: 1.74807, 29.9109
-0.365879, 23.2742
-0.494275, -3.02424
-8.4624, 57.879
-- ITERATION 35 --
-------------
Particle: 1:
Relays Coordinates:
86.355, 205.213
210.03, 69.4199
218.818, 198.186
21.5315, 123.172
Evaluation Time: 0.110069 seconds
Resulting Fitness: 0.982455
-------------
Particle: 2:
Relays Coordinates:
53.2203, 212.55
206.208, 70.4069
168.754, 213.226
22.3836, 115.365
Evaluation Time: 0.214869 seconds
Resulting Fitness: 0.983106
-------------
Particle: 3:
Relays Coordinates:
107.526, 255.254
169.644, 39.9519
145.899, 199.004
22.9826, 160.022
Evaluation Time: 0.0939733 seconds
Resulting Fitness: 0.981858
-------------
Particle: 4:
Relays Coordinates:
58.0153, 123.595
205.292, 94.4095
169.355, 203.95
7.38307, 171.108
Evaluation Time: 0.0572603 seconds
Resulting Fitness: 0.983893
Current global best fitness: 1
Current global best relays: 54.822, 212.107
205.819, 69.3994
168.558, 198.4
22.2594, 122.619
Particle 1 new velocities: 29.7245, -31.1651
15.9882, -0.182746
29.1847, 1.63377
-0.327921, 0.950502
Particle 2 new velocities: 4.66684, 0.669704
-1.01712, -2.6102
-0.296752, 3.32541
0.0681396, 13.4426
Particle 3 new velocities: -55.3953, -16.1682
4.52117, 27.8294
-9.61524, 2.47743
7.97881, -6.87522
Particle 4 new velocities: -1.01597, 33.6559
0.173341, 1.94551
-1.12686, -0.3403
15.3833, -5.6615
-- ITERATION 36 --
-------------
Particle: 1:
Relays Coordinates:
116.08, 174.048
226.018, 69.2371
248.003, 199.819
21.2036, 124.123
Evaluation Time: 0.0486758 seconds
Resulting Fitness: 0.981344
-------------
Particle: 2:
Relays Coordinates:
57.8871, 213.22
205.191, 67.7967
168.457, 216.551
22.4517, 128.808
Evaluation Time: 0.0463831 seconds
Resulting Fitness: 0.982785
-------------
Particle: 3:
Relays Coordinates:
52.1303, 239.086
174.165, 67.7813
136.284, 201.481
30.9614, 153.147
Evaluation Time: 0.0910306 seconds
Resulting Fitness: 0.977363
-------------
Particle: 4:
Relays Coordinates:
56.9993, 157.251
205.466, 96.355
168.228, 203.61
22.7664, 165.447
Evaluation Time: 0.143485 seconds
Resulting Fitness: 0.983851
Current global best fitness: 1
Current global best relays: 54.822, 212.107
205.819, 69.3994
168.558, 198.4
22.2594, 122.619
Particle 1 new velocities: -71.5006, -6.76739
2.17995, 0.871431
-162.954, -5.63021
1.27819, -1.77075
Particle 2 new velocities: 1.49811, -1.40275
0.52243, 0.343404
-0.025226, -43.704
-0.470764, 0.468935
Particle 3 new velocities: -24.4233, -82.8935
20.2401, 21.4424
23.8209, 11.8004
3.44691, 7.14547
Particle 4 new velocities: -1.22341, 59.9419
0.870335, -21.0466
0.725137, -1.33675
2.36816, -59.2651
-- ITERATION 37 --
-------------
Particle: 1:
Relays Coordinates:
44.579, 167.281
228.198, 70.1085
85.0495, 194.189
22.4818, 122.352
Evaluation Time: 0.102348 seconds
Resulting Fitness: 0.920249
-------------
Particle: 2:
Relays Coordinates:
59.3852, 211.817
205.713, 68.1401
168.432, 172.847
21.981, 129.277
Evaluation Time: 0.0593052 seconds
Resulting Fitness: 0.983529
-------------
Particle: 3:
Relays Coordinates:
27.707, 156.192
194.405, 89.2237
160.105, 213.282
34.4083, 160.292
Evaluation Time: 0.0436424 seconds
Resulting Fitness: 0.98049
-------------
Particle: 4:
Relays Coordinates:
55.7759, 217.193
206.336, 75.3084
168.953, 202.273
25.1346, 106.182
Evaluation Time: 0.0341267 seconds
Resulting Fitness: 0.983728
Current global best fitness: 1
Current global best relays: 54.822, 212.107
205.819, 69.3994
168.558, 198.4
22.2594, 122.619
Particle 1 new velocities: -12.7633, 88.935
-33.6423, 0.253566
-67.4226, -0.438735
-0.0403922, -1.04823
Particle 2 new velocities: -11.2308, -0.904354
0.499459, 2.88525
0.26434, 7.37737
0.0230855, -7.39278
Particle 3 new velocities: 18.005, -52.6646
21.0739, -33.3087
13.9432, 4.01417
-17.745, 11.3215
Particle 4 new velocities: 0.0959734, -4.65984
0.0666378, -23.8417
0.939562, -4.3692
-8.91465, -40.2875
-- ITERATION 38 --
-------------
Particle: 1:
Relays Coordinates:
31.8157, 256.216
194.555, 70.3621
17.627, 193.75
22.4414, 121.304
Evaluation Time: 0.117799 seconds
Resulting Fitness: 0.908145
-------------
Particle: 2:
Relays Coordinates:
48.1544, 210.913
206.213, 71.0253
168.697, 180.224
22.004, 121.884
Evaluation Time: 0.221053 seconds
Resulting Fitness: 0.98256
-------------
Particle: 3:
Relays Coordinates:
45.712, 103.528
215.479, 55.915
174.048, 217.296
16.6633, 171.614
Evaluation Time: 0.000103788 seconds
Resulting Fitness: 0
-------------
Particle: 4:
Relays Coordinates:
55.8719, 212.533
206.403, 51.4667
169.893, 197.904
16.2199, 65.8944
Evaluation Time: 0.190546 seconds
Resulting Fitness: 0.978604
Current global best fitness: 1
Current global best relays: 54.822, 212.107
205.819, 69.3994
168.558, 198.4
22.2594, 122.619
Particle 1 new velocities: 52.3761, -25.7044
-14.4222, -0.89489
224.668, 1.11685
-1.41957, 0.911122
Particle 2 new velocities: 0.281712, 1.08016
-0.342167, 0.310945
0.146625, 39.0935
0.418716, -5.18837
Particle 3 new velocities: 48.6421, -1.65814
-2.2773, -16.3822
5.55882, -25.1243
-0.677381, -10.1505
Particle 4 new velocities: 0.932242, -56.9283
-0.342949, 13.8398
-0.0223068, 4.93513
-3.99868, 8.63017
-- ITERATION 39 --
-------------
Particle: 1:
Relays Coordinates:
84.1918, 230.511
180.133, 69.4672
242.295, 194.867
21.0218, 122.215
Evaluation Time: 0.765924 seconds
Resulting Fitness: 1
New local best!
-------------
Particle: 2:
Relays Coordinates:
48.4361, 211.993
205.87, 71.3363
168.843, 219.318
22.4228, 116.695
Evaluation Time: 0.791369 seconds
Resulting Fitness: 0.988889
-------------
Particle: 3:
Relays Coordinates:
94.3541, 101.87
213.202, 39.5328
179.607, 192.172
15.986, 161.463
Evaluation Time: 0.705719 seconds
Resulting Fitness: 1
-------------
Particle: 4:
Relays Coordinates:
56.8041, 155.604
206.06, 65.3066
169.871, 202.839
12.2212, 74.5245
Evaluation Time: 0.71357 seconds
Resulting Fitness: 0.983333
Current global best fitness: 1
Current global best relays: 54.822, 212.107
205.819, 69.3994
168.558, 198.4
22.2594, 122.619
Particle 1 new velocities: 40.0401, -45.8085
17.9474, -0.816429
84.1881, 1.44723
-0.107065, 1.00215
Particle 2 new velocities: 6.51657, 1.07394
-0.384865, -2.13578
0.0447495, -26.1427
-0.078943, 5.56151
Particle 3 new velocities: -17.0917, 182.084
-11.2331, -8.98369
-7.64024, 3.31174
31.3442, -54.2794
Particle 4 new velocities: -1.96331, 14.315
-0.602059, 19.5275
-1.40044, 5.1137
12.6868, 20.5326
-- ITERATION 40 --
-------------
Particle: 1:
Relays Coordinates:
124.232, 184.703
198.081, 68.6508
300, 196.315
20.9147, 123.217
Evaluation Time: 8.6177e-05 seconds
Resulting Fitness: 0
-------------
Particle: 2:
Relays Coordinates:
54.9527, 213.067
205.486, 69.2005
168.888, 193.175
22.3438, 122.257
Evaluation Time: 0.0417298 seconds
Resulting Fitness: 0.983909
-------------
Particle: 3:
Relays Coordinates:
77.2624, 283.953
201.968, 30.5492
171.966, 195.483
47.3301, 107.184
Evaluation Time: 0.0523124 seconds
Resulting Fitness: 0.980192
-------------
Particle: 4:
Relays Coordinates:
54.8408, 169.919
205.458, 84.834
168.47, 207.952
24.908, 95.0571
Evaluation Time: 0.0372425 seconds
Resulting Fitness: 0.983782
Current global best fitness: 1
Current global best relays: 54.822, 212.107
205.819, 69.3994
168.558, 198.4
22.2594, 122.619
Particle 1 new velocities: -9.31402, 22.8526
11.2539, 1.12094
-124.917, 2.77252
1.50587, -0.0874466
Particle 2 new velocities: 4.92372, -0.811451
0.203495, -1.66338
-0.518326, -9.08907
-0.135383, 5.05808
Particle 3 new velocities: -49.5652, -7.17055
-23.4599, 41.9098
-45.8333, 20.5593
-22.937, 67.0611
Particle 4 new velocities: -0.543993, 72.0507
-0.394673, -7.83413
-0.273865, -4.21771
-6.54019, 1.76213
-- ITERATION 41 --
-------------
Particle: 1:
Relays Coordinates:
114.918, 207.555
209.335, 69.7717
175.083, 199.087
22.4206, 123.13
Evaluation Time: 0.0382121 seconds
Resulting Fitness: 0.984074
-------------
Particle: 2:
Relays Coordinates:
59.8764, 212.255
205.689, 67.5371
168.37, 184.086
22.2084, 127.315
Evaluation Time: 0.0418152 seconds
Resulting Fitness: 0.983873
-------------
Particle: 3:
Relays Coordinates:
27.6972, 276.783
178.509, 72.4589
126.133, 216.043
24.3931, 174.245
Evaluation Time: 0.0475296 seconds
Resulting Fitness: 0.975859
-------------
Particle: 4:
Relays Coordinates:
54.2968, 241.97
205.063, 76.9999
168.196, 203.735
18.3678, 96.8193
Evaluation Time: 0.0275659 seconds
Resulting Fitness: 0.982054
Current global best fitness: 1
Current global best relays: 54.822, 212.107
205.819, 69.3994
168.558, 198.4
22.2594, 122.619
Particle 1 new velocities: -111.078, 40.2122
-23.0994, 0.396528
-47.1159, -1.48462
1.05182, -0.484625
Particle 2 new velocities: -5.61059, -0.801471
0.297187, 0.819322
-0.224741, 2.26406
-0.0491415, -0.101475
Particle 3 new velocities: 14.3477, -154.981
2.06143, 8.50882
31.49, -4.61425
-12.3696, -14.9634
Particle 4 new velocities: 0.664398, -25.5693
0.644604, -9.41155
1.24022, -1.88987
-6.87983, 24.3963
-- ITERATION 42 --
-------------
Particle: 1:
Relays Coordinates:
3.8394, 247.768
186.235, 70.1683
127.967, 197.602
23.4724, 122.645
Evaluation Time: 0.0341798 seconds
Resulting Fitness: 0.975552
-------------
Particle: 2:
Relays Coordinates:
54.2658, 211.454
205.986, 68.3565
168.145, 186.35
22.1593, 127.214
Evaluation Time: 0.0434792 seconds
Resulting Fitness: 0.98346
-------------
Particle: 3:
Relays Coordinates:
42.0449, 121.802
180.57, 80.9678
157.623, 211.429
12.0235, 159.281
Evaluation Time: 0.0401155 seconds
Resulting Fitness: 0.982816
-------------
Particle: 4:
Relays Coordinates:
54.9612, 216.401
205.708, 67.5884
169.437, 201.845
11.488, 121.216
Evaluation Time: 0.0488492 seconds
Resulting Fitness: 0.983026
Current global best fitness: 1
Current global best relays: 54.822, 212.107
205.819, 69.3994
168.558, 198.4
22.2594, 122.619
Particle 1 new velocities: -32.6365, 1.06454
-23.3217, -0.403098
39.9935, -3.03903
-2.55121, -0.493189
Particle 2 new velocities: -3.39765, 0.419276
-0.11065, 1.48381
0.438823, 21.333
0.0448814, -5.84756
Particle 3 new velocities: 26.2476, -71.0353
40.6042, -9.01568
23.5034, -13.1677
15.4933, -16.852
Particle 4 new velocities: 0.396146, -58.5061
0.442629, 4.82158
0.252825, -0.36121
11.3807, 4.20113
-- ITERATION 43 --
-------------
Particle: 1:
Relays Coordinates:
0, 248.832
162.913, 69.7652
167.961, 194.563
20.9212, 122.152
Evaluation Time: 0.0407199 seconds
Resulting Fitness: 0.978574
-------------
Particle: 2:
Relays Coordinates:
50.8682, 211.873
205.876, 69.8403
168.584, 207.683
22.2042, 121.366
Evaluation Time: 0.0436988 seconds
Resulting Fitness: 0.983346
-------------
Particle: 3:
Relays Coordinates:
68.2926, 50.7667
221.174, 71.9521
181.126, 198.261
27.5169, 142.429
Evaluation Time: 0.0449501 seconds
Resulting Fitness: 0.980974
-------------
Particle: 4:
Relays Coordinates:
55.3573, 157.895
206.15, 72.4099
169.689, 201.484
22.8687, 125.417
Evaluation Time: 0.0531514 seconds
Resulting Fitness: 0.985089
New local best!
Current global best fitness: 1
Current global best relays: 54.822, 212.107
205.819, 69.3994
168.558, 198.4
22.2594, 122.619
Particle 1 new velocities: 100.866, -66.8264
47.0931, -1.1538
37.2701, 0.459204
-0.920725, -0.144412
Particle 2 new velocities: 4.0095, 0.638261
-0.13635, 0.0874541
0.336112, 1.72752
0.0776298, -1.34332
Particle 3 new velocities: 19.7378, 142.203
21.1833, -28.1628
-11.4603, -0.016028
9.7495, 18.164
Particle 4 new velocities: -0.104754, -34.0307
0.0312277, 1.98129
-0.852509, -1.77537
8.14101, 1.21856
-- ITERATION 44 --
-------------
Particle: 1:
Relays Coordinates:
100.866, 182.006
210.007, 68.6114
205.231, 195.023
20.0005, 122.007
Evaluation Time: 0.0747091 seconds
Resulting Fitness: 0.98371
-------------
Particle: 2:
Relays Coordinates:
54.8777, 212.511
205.739, 69.9277
168.92, 209.411
22.2818, 120.023
Evaluation Time: 0.0423575 seconds
Resulting Fitness: 0.983691
-------------
Particle: 3:
Relays Coordinates:
88.0304, 192.97
242.358, 43.7893
169.666, 198.245
37.2664, 160.593
Evaluation Time: 0.0812483 seconds
Resulting Fitness: 0.983164
-------------
Particle: 4:
Relays Coordinates:
55.2526, 123.864
206.182, 74.3912
168.837, 199.708
31.0097, 126.635
Evaluation Time: 0.0744183 seconds
Resulting Fitness: 0.98018
Current global best fitness: 1
Current global best relays: 54.822, 212.107
205.819, 69.3994
168.558, 198.4
22.2594, 122.619
Particle 1 new velocities: 18.5978, -31.2134
14.4722, 0.133218
49.8381, 4.78951
0.329338, 0.902617
Particle 2 new velocities: 3.12702, 0.452732
-0.0296182, -0.540339
-0.408119, -17.4772
0.00492465, 2.27776
Particle 3 new velocities: -16.8357, 138.495
-102.516, 5.37292
-14.1917, 12.5229
-4.06153, 23.9681
Particle 4 new velocities: -0.418077, 108.641
-0.485993, -7.1942
0.244284, -1.79807
1.47321, -0.667332
-- ITERATION 45 --
-------------
Particle: 1:
Relays Coordinates:
119.464, 150.792
224.479, 68.7446
255.069, 199.812
20.3298, 122.91
Evaluation Time: 0.154021 seconds
Resulting Fitness: 0.979223
-------------
Particle: 2:
Relays Coordinates:
58.0047, 212.964
205.71, 69.3874
168.512, 191.933
22.2867, 122.3
Evaluation Time: 0.116181 seconds
Resulting Fitness: 0.984309
-------------
Particle: 3:
Relays Coordinates:
71.1946, 300
139.842, 49.1622
155.474, 210.768
33.2048, 184.561
Evaluation Time: 0.117939 seconds
Resulting Fitness: 0.970877
-------------
Particle: 4:
Relays Coordinates:
54.8345, 232.505
205.696, 67.197
169.081, 197.91
32.4829, 125.968
Evaluation Time: 0.0452833 seconds
Resulting Fitness: 0.982656
Current global best fitness: 1
Current global best relays: 54.822, 212.107
205.819, 69.3994
168.558, 198.4
22.2594, 122.619
Particle 1 new velocities: -48.3166, 101.149
-32.6476, 1.65994
-25.5103, -1.77092
1.19815, 0.644374
Particle 2 new velocities: -6.48594, -1.38619
0.240381, -0.406048
-0.300365, -6.07613
-0.0314986, 2.21283
Particle 3 new velocities: -29.3889, -142.483
-25.0261, 6.39664
-6.4274, -10.0549
-18.0219, -76.5731
Particle 4 new velocities: 0.0343502, 48.1841
-0.0857952, -0.481804
-0.265284, 1.29261
-22.9139, -2.7584
-- ITERATION 46 --
-------------
Particle: 1:
Relays Coordinates:
71.147, 251.941
191.831, 70.4045
229.559, 198.041
21.528, 123.554
Evaluation Time: 0.0486865 seconds
Resulting Fitness: 0.981453
-------------
Particle: 2:
Relays Coordinates:
51.5188, 211.578
205.95, 68.9813
168.211, 185.857
22.2552, 124.513
Evaluation Time: 0.0477229 seconds
Resulting Fitness: 0.983049
-------------
Particle: 3:
Relays Coordinates:
41.8057, 157.517
114.816, 55.5589
149.047, 200.713
15.183, 107.988
Evaluation Time: 0.0415118 seconds
Resulting Fitness: 0.969432
-------------
Particle: 4:
Relays Coordinates:
54.8689, 280.69
205.61, 66.7152
168.816, 199.203
9.56903, 123.21
Evaluation Time: 0.138335 seconds
Resulting Fitness: 0.980101
Current global best fitness: 1
Current global best relays: 54.822, 212.107
205.819, 69.3994
168.558, 198.4
22.2594, 122.619
Particle 1 new velocities: -43.6231, 37.0947
-20.9181, -0.653587
-100.731, -0.997663
0.585467, -1.45586
Particle 2 new velocities: 2.45484, 0.0446735
-0.0484237, -0.211194
0.157964, 10.0919
-0.0240696, -1.69506
Particle 3 new velocities: 7.30012, -44.6265
76.1185, 11.4769
6.55741, -0.396521
8.90604, 12.0011
Particle 4 new velocities: 0.261196, 2.81637
0.544772, 5.92126
0.180828, 1.74242
-0.878721, -1.93491
-- ITERATION 47 --
-------------
Particle: 1:
Relays Coordinates:
27.5239, 289.036
170.913, 69.7509
128.828, 197.044
22.1134, 122.099
Evaluation Time: 0.0855863 seconds
Resulting Fitness: 0.972437
-------------
Particle: 2:
Relays Coordinates:
53.9736, 211.623
205.902, 68.7701
168.369, 195.949
22.2312, 122.818
Evaluation Time: 0.0344944 seconds
Resulting Fitness: 0.98405
-------------
Particle: 3:
Relays Coordinates:
49.1059, 112.89
190.934, 67.0358
155.604, 200.316
24.089, 119.989
Evaluation Time: 0.0335814 seconds
Resulting Fitness: 0.979321
-------------
Particle: 4:
Relays Coordinates:
55.1301, 283.506
206.155, 72.6365
168.997, 200.945
8.69031, 121.275
Evaluation Time: 0.0320306 seconds
Resulting Fitness: 0.980537
Current global best fitness: 1
Current global best relays: 54.822, 212.107
205.819, 69.3994
168.558, 198.4
22.2594, 122.619
Particle 1 new velocities: 27.0468, -108.528
18.7343, -0.930078
-16.1238, -2.50803
-0.0930225, -0.362472
Particle 2 new velocities: 4.14593, 0.480793
-0.162707, 1.22448
0.392221, 14.3988
0.0314999, -1.40171
Particle 3 new velocities: 25.561, 89.1485
63.5493, 0.519771
-5.23228, 11.5502
15.1796, 35.5307
Particle 4 new velocities: 0.404577, -56.5213
0.310381, 2.2572
0.853553, -0.911724
18.275, 3.19457
-- ITERATION 48 --
-------------
Particle: 1:
Relays Coordinates:
54.5707, 180.509
189.647, 68.8208
112.704, 194.535
22.0204, 121.736
Evaluation Time: 0.0444167 seconds
Resulting Fitness: 0.971509
-------------
Particle: 2:
Relays Coordinates:
58.1195, 212.103
205.739, 69.9946
168.761, 210.348
22.2627, 121.416
Evaluation Time: 0.0474888 seconds
Resulting Fitness: 0.984109
-------------
Particle: 3:
Relays Coordinates:
74.6669, 202.039
254.484, 67.5556
150.372, 211.867
39.2686, 155.52
Evaluation Time: 8.4615e-05 seconds
Resulting Fitness: 0
-------------
Particle: 4:
Relays Coordinates:
55.5346, 226.985
206.465, 74.8937
169.85, 200.034
26.9653, 124.469
Evaluation Time: 0.0485945 seconds
Resulting Fitness: 0.982589
Current global best fitness: 1
Current global best relays: 54.822, 212.107
205.819, 69.3994
168.558, 198.4
22.2594, 122.619
Particle 1 new velocities: 47.6942, -18.5414
10.834, -0.0569911
139.829, 4.94746
-0.97683, 0.966036
Particle 2 new velocities: -2.80915, 0.39153
0.01369, -0.662716
0.118601, -8.46539
0.0230163, 0.905111
Particle 3 new velocities: -2.94231, 63.0084
-60.4822, -7.23149
-17.2455, 0.0683049
7.5794, 27.3361
Particle 4 new velocities: -0.752899, -85.7633
-0.47979, -7.57376
-0.50332, -1.05416
8.49006, 2.58718
-- ITERATION 49 --
-------------
Particle: 1:
Relays Coordinates:
102.265, 161.967
200.481, 68.7639
252.533, 199.483
21.0436, 122.702
Evaluation Time: 0.732867 seconds
Resulting Fitness: 0.966667
-------------
Particle: 2:
Relays Coordinates:
55.3104, 212.495
205.753, 69.3319
168.88, 201.883
22.2857, 122.322
Evaluation Time: 0.857377 seconds
Resulting Fitness: 0.983333
-------------
Particle: 3:
Relays Coordinates:
71.7246, 265.047
194.001, 60.3241
133.127, 211.935
46.848, 182.856
Evaluation Time: 0.804109 seconds
Resulting Fitness: 0.966667
-------------
Particle: 4:
Relays Coordinates:
54.7817, 141.221
205.985, 67.3199
169.347, 198.979
35.4554, 127.056
Evaluation Time: 0.774475 seconds
Resulting Fitness: 0.966667
Current global best fitness: 1
Current global best relays: 54.822, 212.107
205.819, 69.3994
168.558, 198.4
22.2594, 122.619
Particle 1 new velocities: -36.2215, 133.272
-0.957485, 1.12787
-5.101, 0.477456
-0.369733, 0.720359
Particle 2 new velocities: -2.81597, -0.124255
0.156446, -0.391177
-0.53428, -10.7757
-0.0230535, 1.20554
Particle 3 new velocities: -22.1844, -53.1906
-46.2187, 1.96539
5.37357, -4.08046
-40.0468, -27.1986
Particle 4 new velocities: -0.0162537, -19.9829
-0.363778, -1.26699
-0.420329, -0.294403
1.20766, 0.775007
-------------
Particle: 1:
Relays Coordinates:
66.0434, 295.239
199.524, 69.8917
247.432, 199.96
20.6739, 123.422
Evaluation Time: 0.000179168 seconds
Resulting Fitness: 0
-------------
Particle: 2:
Relays Coordinates:
52.4944, 212.371
205.909, 68.9407
168.346, 191.107
22.2626, 123.527
Evaluation Time: 0.0572338 seconds
Resulting Fitness: 0.983619
-------------
Particle: 3:
Relays Coordinates:
49.5402, 211.856
147.783, 62.2895
138.5, 207.854
6.80118, 155.658
Evaluation Time: 0.0646716 seconds
Resulting Fitness: 0.977259
-------------
Particle: 4:
Relays Coordinates:
54.7655, 121.238
205.621, 66.0529
168.927, 198.685
36.6631, 127.831
Evaluation Time: 0.0377598 seconds
Resulting Fitness: 0.980079
Final Evaluation Time: 25.3167 seconds
Final global best fitness: 1
Final global best relays:
54.822, 212.107
205.819, 69.3994
168.558, 198.4
22.2594, 122.619
