PSO EXECUTION
============================
Seed: 420693641
Particles: 4
Relays: 4
Iterations: 50
Backend: Simulation
Network Configuration: 1
Area: 300 x 300
Sink: 100, 50
Simulated Relay range: 155
w: 0.8
c1: 1.2
c2: 1.8

Relay Nodes Positions: 
PARTICLE 1: 
64.7258, 279.165
257.117, 44.1929
180.334, 97.9326
142.938, 200.162
PARTICLE 2: 
80.4768, 43.4067
170.478, 114.672
275.199, 227.052
54.0405, 165.267
PARTICLE 3: 
23.429, 15.4264
98.5543, 251.346
157.313, 191.808
256.453, 109.315
PARTICLE 4: 
65.5074, 225.581
216.671, 126.678
247.865, 18.1204
83.4096, 172.303
Nodes Positions: 
135.137, 73.6799
17.7063, 290.511
67.2879, 236.879
194.313, 14.5204
48.6546, 196.57
80.2301, 188.404
0.559221, 277.503
240.599, 66.9746
114.37, 166.86
22.9418, 204.648
102.535, 210.479
237.753, 121.175
32.1161, 226.511
294.972, 86.176
96.3236, 259.652
127.838, 133.865
267.193, 97.1681
70.4551, 4.23031
201.618, 172.696
256.172, 37.0642
162.948, 240.871
52.518, 47.475
273.474, 263.198
283.651, 59.0891
144.72, 150.65
220.362, 281.394
186.268, 148.227
173.418, 112.761
212.958, 109.292
158.492, 29.4675
All particles start with velocity zero
-- ITERATION 0 --
-------------
Particle: 1:
Relays Coordinates:
64.7258, 279.165
257.117, 44.1929
180.334, 97.9326
142.938, 200.162
Evaluation Time: 0.735851 seconds
Resulting Fitness: 0.938889
New local best!
New global best!
-------------
Particle: 2:
Relays Coordinates:
80.4768, 43.4067
170.478, 114.672
275.199, 227.052
54.0405, 165.267
Evaluation Time: 0.706529 seconds
Resulting Fitness: 0.988889
New local best!
New global best!
-------------
Particle: 3:
Relays Coordinates:
23.429, 15.4264
98.5543, 251.346
157.313, 191.808
256.453, 109.315
Evaluation Time: 0.762839 seconds
Resulting Fitness: 0.988889
New local best!
-------------
Particle: 4:
Relays Coordinates:
65.5074, 225.581
216.671, 126.678
247.865, 18.1204
83.4096, 172.303
Evaluation Time: 0.792294 seconds
Resulting Fitness: 0.988889
New local best!
Current global best fitness: 0.988889
Current global best relays: 80.4768, 43.4067
170.478, 114.672
275.199, 227.052
54.0405, 165.267
Particle 1 new velocities: 19.8578, -47.1099
-87.158, 26.6929
129.99, 221.953
-158.773, -39.0118
Particle 2 new velocities: 0, 0
0, 0
0, 0
0, 0
Particle 3 new velocities: 65.2432, 45.0229
122.116, -210.656
154.841, 40.7854
-52.374, 94.147
Particle 4 new velocities: 8.17202, -214.299
-63.1026, -21.5682
14.0318, 82.3539
-25.1254, -1.31646
-- ITERATION 1 --
-------------
Particle: 1:
Relays Coordinates:
84.5836, 232.055
169.959, 70.8858
300, 300
0, 161.15
Evaluation Time: 0.669458 seconds
Resulting Fitness: 0.95
New local best!
-------------
Particle: 2:
Relays Coordinates:
80.4768, 43.4067
170.478, 114.672
275.199, 227.052
54.0405, 165.267
Evaluation Time: 0.695681 seconds
Resulting Fitness: 0.988889
-------------
Particle: 3:
Relays Coordinates:
88.6722, 60.4493
220.67, 40.6901
300, 232.593
204.079, 203.462
Evaluation Time: 0.675868 seconds
Resulting Fitness: 0.794444
-------------
Particle: 4:
Relays Coordinates:
73.6794, 11.2823
153.568, 105.11
261.897, 100.474
58.2842, 170.987
Evaluation Time: 0.727347 seconds
Resulting Fitness: 0.955556
Current global best fitness: 0.988889
Current global best relays: 80.4768, 43.4067
170.478, 114.672
275.199, 227.052
54.0405, 165.267
Particle 1 new velocities: 11.0003, -365.579
-68.8654, 83.4769
-2.52692, -55.0325
93.6127, -29.4274
Particle 2 new velocities: 0, 0
0, 0
0, 0
0, 0
Particle 3 new velocities: 10.9075, 19.7407
-82.7467, 117.665
-169.177, 16.7039
-135.115, 3.67287
Particle 4 new velocities: 10.4123, -86.5412
46.007, 0.906458
16.2456, 211.15
-19.5401, -10.3625
-- ITERATION 2 --
-------------
Particle: 1:
Relays Coordinates:
95.584, 0
101.093, 154.363
297.473, 244.967
93.6127, 131.723
Evaluation Time: 0.687136 seconds
Resulting Fitness: 0.8
-------------
Particle: 2:
Relays Coordinates:
80.4768, 43.4067
170.478, 114.672
275.199, 227.052
54.0405, 165.267
Evaluation Time: 0.708933 seconds
Resulting Fitness: 0.988889
-------------
Particle: 3:
Relays Coordinates:
99.5797, 80.19
137.923, 158.355
130.823, 249.297
68.9643, 207.135
Evaluation Time: 0.823686 seconds
Resulting Fitness: 0.922222
-------------
Particle: 4:
Relays Coordinates:
84.0917, 0
199.575, 106.017
278.142, 300
38.7442, 160.625
Evaluation Time: 0.698824 seconds
Resulting Fitness: 0.922222
Current global best fitness: 0.988889
Current global best relays: 80.4768, 43.4067
170.478, 114.672
275.199, 227.052
54.0405, 165.267
Particle 1 new velocities: -6.25182, 62.6189
14.9935, -9.84601
-20.3369, -0.492928
-55.6027, 31.8017
Particle 2 new velocities: 0, 0
0, 0
0, 0
0, 0
Particle 3 new velocities: -55.8878, 11.203
-70.5054, 99.3707
16.7136, -46.423
-39.0981, -156.448
Particle 4 new velocities: 0.40524, 10.4232
28.6624, 28.2371
4.59065, -264.097
-10.7711, -0.546114
-- ITERATION 3 --
-------------
Particle: 1:
Relays Coordinates:
89.3322, 62.6189
116.087, 144.517
277.136, 244.475
38.0099, 163.525
Evaluation Time: 0.707291 seconds
Resulting Fitness: 0.855556
-------------
Particle: 2:
Relays Coordinates:
80.4768, 43.4067
170.478, 114.672
275.199, 227.052
54.0405, 165.267
Evaluation Time: 0.721862 seconds
Resulting Fitness: 0.988889
-------------
Particle: 3:
Relays Coordinates:
43.6919, 91.393
67.4179, 257.725
147.537, 202.874
29.8662, 50.687
Evaluation Time: 0.753095 seconds
Resulting Fitness: 0.905556
-------------
Particle: 4:
Relays Coordinates:
84.4969, 10.4232
228.238, 134.254
282.733, 35.9025
27.9731, 160.078
Evaluation Time: 0.674844 seconds
Resulting Fitness: 0.938889
Current global best fitness: 0.988889
Current global best relays: 80.4768, 43.4067
170.478, 114.672
275.199, 227.052
54.0405, 165.267
Particle 1 new velocities: -23.4072, 92.7777
109.049, -124.361
9.29059, -15.2074
-62.0211, 26.5225
Particle 2 new velocities: 0, 0
0, 0
0, 0
0, 0
Particle 3 new velocities: -34.6619, -32.1778
70.9225, -2.36618
166.589, -30.4142
-8.45299, -73.8779
Particle 4 new velocities: -21.7944, 151.676
-52.5664, -10.7541
-8.36675, -28.4878
27.5009, 16.5291
-- ITERATION 4 --
-------------
Particle: 1:
Relays Coordinates:
65.9249, 155.397
225.136, 20.1557
286.427, 229.267
0, 190.047
Evaluation Time: 0.683203 seconds
Resulting Fitness: 0.916667
-------------
Particle: 2:
Relays Coordinates:
80.4768, 43.4067
170.478, 114.672
275.199, 227.052
54.0405, 165.267
Evaluation Time: 0.692017 seconds
Resulting Fitness: 0.988889
-------------
Particle: 3:
Relays Coordinates:
9.03, 59.2153
138.34, 255.359
300, 172.46
21.4132, 0
Evaluation Time: 0.557241 seconds
Resulting Fitness: 0.622222
-------------
Particle: 4:
Relays Coordinates:
62.7026, 162.1
175.671, 123.5
274.366, 7.41474
55.474, 176.608
Evaluation Time: 0.712982 seconds
Resulting Fitness: 0.944444
Current global best fitness: 0.988889
Current global best relays: 80.4768, 43.4067
170.478, 114.672
275.199, 227.052
54.0405, 165.267
Particle 1 new velocities: -8.19972, 8.35087
-5.70704, -24.7274
15.326, -2.54085
25.8088, -10.5683
Particle 2 new velocities: 0, 0
0, 0
0, 0
0, 0
Particle 3 new velocities: 54.7226, -61.7318
94.1675, -158.708
-30.6805, 11.8422
77.9144, 208.561
Particle 4 new velocities: -2.50992, 90.8339
-24.9594, -22.3599
-21.5053, 321.065
45.2363, -8.11611
-- ITERATION 5 --
-------------
Particle: 1:
Relays Coordinates:
57.7252, 163.747
219.429, 0
300, 226.726
25.8088, 179.479
Evaluation Time: 0.765935 seconds
Resulting Fitness: 0.905556
-------------
Particle: 2:
Relays Coordinates:
80.4768, 43.4067
170.478, 114.672
275.199, 227.052
54.0405, 165.267
Evaluation Time: 0.761042 seconds
Resulting Fitness: 0.988889
-------------
Particle: 3:
Relays Coordinates:
63.7526, 0
232.508, 96.6517
269.32, 184.302
99.3276, 208.561
Evaluation Time: 0.743801 seconds
Resulting Fitness: 0.883333
-------------
Particle: 4:
Relays Coordinates:
60.1926, 252.933
150.712, 101.14
252.861, 300
100.71, 168.491
Evaluation Time: 0.696524 seconds
Resulting Fitness: 0.95
Current global best fitness: 0.988889
Current global best relays: 80.4768, 43.4067
170.478, 114.672
275.199, 227.052
54.0405, 165.267
Particle 1 new velocities: 34.9261, -173.578
-69.0251, 126.114
-34.4208, 73.3134
48.4307, -45.4256
Particle 2 new velocities: 0, 0
0, 0
0, 0
0, 0
Particle 3 new velocities: 31.9079, 7.9962
-48.728, -46.4684
-34.1668, 46.0922
101.406, 112.045
Particle 4 new velocities: 19.6991, -279.317
45.1002, 12.0025
17.4404, -133.915
15.1724, -5.56703
-- ITERATION 6 --
-------------
Particle: 1:
Relays Coordinates:
92.6513, 0
150.404, 126.114
265.579, 300
74.2395, 134.053
Evaluation Time: 0.787926 seconds
Resulting Fitness: 0.883333
-------------
Particle: 2:
Relays Coordinates:
80.4768, 43.4067
170.478, 114.672
275.199, 227.052
54.0405, 165.267
Evaluation Time: 0.809737 seconds
Resulting Fitness: 0.988889
-------------
Particle: 3:
Relays Coordinates:
95.6605, 7.9962
183.78, 50.1833
235.153, 230.394
200.733, 300
Evaluation Time: 0.630534 seconds
Resulting Fitness: 0.666667
-------------
Particle: 4:
Relays Coordinates:
79.8917, 0
195.812, 113.142
270.301, 166.085
115.883, 162.924
Evaluation Time: 0.857182 seconds
Resulting Fitness: 0.95
Current global best fitness: 0.988889
Current global best relays: 80.4768, 43.4067
170.478, 114.672
275.199, 227.052
54.0405, 165.267
Particle 1 new velocities: 12.3492, 172.689
-33.3318, 82.0099
7.17994, -3.98199
-41.6846, -6.44427
Particle 2 new velocities: 0, 0
0, 0
0, 0
0, 0
Particle 3 new velocities: -48.3832, 19.2578
-73.846, 114.81
-61.2791, 5.45369
-4.82369, -214.208
Particle 4 new velocities: 4.68216, 223.218
15.5009, 25.7472
2.87323, -55.3466
-33.5728, 6.65151
-- ITERATION 7 --
-------------
Particle: 1:
Relays Coordinates:
105, 172.689
117.072, 208.124
272.759, 296.018
32.5549, 127.609
Evaluation Time: 0.686441 seconds
Resulting Fitness: 0.866667
-------------
Particle: 2:
Relays Coordinates:
80.4768, 43.4067
170.478, 114.672
275.199, 227.052
54.0405, 165.267
Evaluation Time: 0.789664 seconds
Resulting Fitness: 0.988889
-------------
Particle: 3:
Relays Coordinates:
47.2773, 27.254
109.934, 164.993
173.874, 235.848
195.91, 85.7919
Evaluation Time: 0.749574 seconds
Resulting Fitness: 0.961111
-------------
Particle: 4:
Relays Coordinates:
84.5739, 223.218
211.313, 138.889
273.174, 110.738
82.31, 169.576
Evaluation Time: 0.874956 seconds
Resulting Fitness: 0.988889
Current global best fitness: 0.988889
Current global best relays: 80.4768, 43.4067
170.478, 114.672
275.199, 227.052
54.0405, 165.267
Particle 1 new velocities: -13.0155, 87.4698
69.3119, 7.44195
29.0528, -20.6544
-32.8476, 33.8977
Particle 2 new velocities: 0, 0
0, 0
0, 0
0, 0
Particle 3 new velocities: -13.1472, 27.1954
-45.3317, 56.1341
37.1146, -33.3389
7.6221, -132.841
Particle 4 new velocities: -8.55792, -136.941
-49.8197, -6.20783
5.08335, 25.5913
-66.8804, 5.21734
-- ITERATION 8 --
-------------
Particle: 1:
Relays Coordinates:
91.985, 260.159
186.384, 215.565
300, 275.364
0, 161.507
Evaluation Time: 0.774003 seconds
Resulting Fitness: 0.855556
-------------
Particle: 2:
Relays Coordinates:
80.4768, 43.4067
170.478, 114.672
275.199, 227.052
54.0405, 165.267
Evaluation Time: 0.689795 seconds
Resulting Fitness: 0.988889
-------------
Particle: 3:
Relays Coordinates:
34.13, 54.4494
64.6022, 221.127
210.988, 202.509
203.532, 0
Evaluation Time: 0.741553 seconds
Resulting Fitness: 0.744444
-------------
Particle: 4:
Relays Coordinates:
76.016, 86.2768
161.493, 132.682
278.258, 136.33
15.4296, 174.793
Evaluation Time: 0.793718 seconds
Resulting Fitness: 1
New local best!
New global best!
Current global best fitness: 1
Current global best relays: 76.016, 86.2768
161.493, 132.682
278.258, 136.33
15.4296, 174.793
Particle 1 new velocities: -22.9908, 38.366
18.9581, -226.557
-17.6148, -196.48
14.5501, 31.0996
Particle 2 new velocities: -1.96253, 43.8557
-6.2812, 19.1429
0.116071, -54.677
-43.6543, 15.8002
Particle 3 new velocities: 51.2543, 48.9968
-17.6369, -87.9717
78.1776, -57.3539
-24.9745, 278.321
Particle 4 new velocities: -6.84633, -109.553
-39.8558, -4.96626
4.06668, 20.4731
-53.5043, 4.17387
-- ITERATION 9 --
-------------
Particle: 1:
Relays Coordinates:
68.9942, 298.525
205.342, 0
282.385, 78.8834
14.5501, 192.606
Evaluation Time: 0.769732 seconds
Resulting Fitness: 0.733333
-------------
Particle: 2:
Relays Coordinates:
78.5142, 87.2624
164.197, 133.814
275.315, 172.375
10.3862, 181.067
Evaluation Time: 0.828312 seconds
Resulting Fitness: 0.994444
New local best!
-------------
Particle: 3:
Relays Coordinates:
85.3843, 103.446
46.9654, 133.155
289.166, 145.155
178.557, 278.321
Evaluation Time: 0.732589 seconds
Resulting Fitness: 0.8
-------------
Particle: 4:
Relays Coordinates:
69.1696, 0
121.637, 127.715
282.324, 156.803
0, 178.967
Evaluation Time: 0.806523 seconds
Resulting Fitness: 0.922222
Current global best fitness: 1
Current global best relays: 76.016, 86.2768
161.493, 132.682
278.258, 136.33
15.4296, 174.793
Particle 1 new velocities: -9.27371, -68.0547
-79.0754, 133.647
-16.9458, 124.612
8.14922, -8.70934
Particle 2 new velocities: -5.87873, 34.674
-7.18592, 13.6222
4.17181, -101.403
-33.6839, 8.44424
Particle 3 new velocities: 10.4731, -78.5524
157.742, -29.7983
40.0709, -44.0243
-183.84, 70.1674
Particle 4 new velocities: 6.64528, 201.357
13.2548, 3.99943
-5.24522, 3.11732
28.1154, 2.29844
-- ITERATION 10 --
-------------
Particle: 1:
Relays Coordinates:
59.7205, 230.47
126.267, 133.647
265.439, 203.495
22.6993, 183.897
Evaluation Time: 0.879592 seconds
Resulting Fitness: 0.955556
New local best!
-------------
Particle: 2:
Relays Coordinates:
72.6355, 121.936
157.011, 147.437
279.487, 70.9724
0, 189.512
Evaluation Time: 0.865051 seconds
Resulting Fitness: 0.966667
-------------
Particle: 3:
Relays Coordinates:
95.8575, 24.8939
204.708, 103.357
300, 101.131
0, 300
Evaluation Time: 0.676216 seconds
Resulting Fitness: 0.744444
-------------
Particle: 4:
Relays Coordinates:
75.8149, 201.357
134.892, 131.715
277.079, 159.92
28.1154, 181.266
Evaluation Time: 0.840799 seconds
Resulting Fitness: 0.994444
Current global best fitness: 1
Current global best relays: 76.016, 86.2768
161.493, 132.682
278.258, 136.33
15.4296, 174.793
Particle 1 new velocities: -3.70106, -234.112
-44.8564, 105.865
-8.00539, 76.7813
3.4214, -16.7222
Particle 2 new velocities: 1.34825, -7.38423
1.05789, -9.57655
0.0550356, -43.4135
12.6931, -20.9767
Particle 3 new velocities: -54.4065, 26.8063
24.0328, 54.3261
-70.1514, 40.3813
266.634, -226.393
Particle 4 new velocities: 5.4353, -66.5665
73.1216, 5.53652
-1.41834, -29.5927
4.51685, -11.2035
-- ITERATION 11 --
-------------
Particle: 1:
Relays Coordinates:
56.0194, 0
81.4103, 239.512
257.434, 280.276
26.1207, 167.175
Evaluation Time: 0.783184 seconds
Resulting Fitness: 0.811111
-------------
Particle: 2:
Relays Coordinates:
73.9837, 114.552
158.068, 137.86
279.542, 27.5588
12.6931, 168.535
Evaluation Time: 0.909418 seconds
Resulting Fitness: 0.927778
-------------
Particle: 3:
Relays Coordinates:
41.451, 51.7002
228.741, 157.683
229.849, 141.512
266.634, 73.6069
Evaluation Time: 0.79025 seconds
Resulting Fitness: 0.744444
-------------
Particle: 4:
Relays Coordinates:
81.2502, 134.79
208.014, 137.251
275.661, 130.327
32.6323, 170.062
Evaluation Time: 0.922881 seconds
Resulting Fitness: 0.988889
Current global best fitness: 1
Current global best relays: 76.016, 86.2768
161.493, 132.682
278.258, 136.33
15.4296, 174.793
Particle 1 new velocities: 8.11415, 274.034
35.5436, -122.906
8.09147, 30.4705
-10.0842, 11.4285
Particle 2 new velocities: 9.30798, -20.6443
12.0931, -16.9884
-6.20732, 271.821
8.34795, -4.28064
Particle 3 new velocities: 11.0619, 26.7855
-90.0124, 25.1638
-33.0936, 48.0445
165.743, -165.914
Particle 4 new velocities: -8.79914, -93.9479
2.9532, -1.69861
5.57458, -7.37362
-24.0122, -4.305
-- ITERATION 12 --
-------------
Particle: 1:
Relays Coordinates:
64.1336, 274.034
116.954, 116.605
265.525, 300
16.0365, 178.603
Evaluation Time: 0.757661 seconds
Resulting Fitness: 0.844444
-------------
Particle: 2:
Relays Coordinates:
83.2917, 93.9079
170.162, 120.872
273.334, 299.379
21.041, 164.254
Evaluation Time: 0.799189 seconds
Resulting Fitness: 0.933333
-------------
Particle: 3:
Relays Coordinates:
52.5129, 78.4857
138.728, 182.847
196.755, 189.557
300, 0
Evaluation Time: 0.850414 seconds
Resulting Fitness: 0.927778
-------------
Particle: 4:
Relays Coordinates:
72.4511, 40.8423
210.967, 135.553
281.236, 122.954
8.62007, 165.757
Evaluation Time: 0.875082 seconds
Resulting Fitness: 0.95
Current global best fitness: 1
Current global best relays: 76.016, 86.2768
161.493, 132.682
278.258, 136.33
15.4296, 174.793
Particle 1 new velocities: 11.9741, -38.1677
66.6343, -69.4749
23.3467, -308.875
-4.92106, 11.8234
Particle 2 new velocities: -7.3202, -24.2613
-5.37055, 6.00813
4.12986, -83.8704
-0.826698, 8.54918
Particle 3 new velocities: -1.47617, -22.0027
-62.3234, 2.91832
115.798, -17.0473
-313.53, 375.721
Particle 4 new velocities: -1.61944, 44.1958
-126.853, -7.30015
0.766753, 4.66655
-6.95103, 15.8015
-- ITERATION 13 --
-------------
Particle: 1:
Relays Coordinates:
76.1077, 235.866
183.588, 47.1305
288.872, 0
11.1155, 190.427
Evaluation Time: 0.681054 seconds
Resulting Fitness: 0.716667
-------------
Particle: 2:
Relays Coordinates:
75.9715, 69.6466
164.791, 126.88
277.464, 215.509
20.2143, 172.804
Evaluation Time: 0.789908 seconds
Resulting Fitness: 0.994444
-------------
Particle: 3:
Relays Coordinates:
51.0367, 56.483
76.4048, 185.765
300, 172.509
0, 300
Evaluation Time: 0.730964 seconds
Resulting Fitness: 0.772222
-------------
Particle: 4:
Relays Coordinates:
70.8316, 85.0381
84.1138, 128.253
282.002, 127.62
1.66905, 181.559
Evaluation Time: 0.695528 seconds
Resulting Fitness: 0.816667
Current global best fitness: 1
Current global best relays: 76.016, 86.2768
161.493, 132.682
278.258, 136.33
15.4296, 174.793
Particle 1 new velocities: 4.27593, -130.876
-11.8331, -29.3623
-5.12902, 193.378
6.47995, -5.12005
Particle 2 new velocities: -4.00781, -1.78079
-6.96595, 7.74655
4.4223, -190.905
-8.77491, 15.8745
Particle 3 new velocities: -25.375, -44.0253
29.2122, -12.5648
-124.522, -17.9139
85.8657, -349.478
Particle 4 new velocities: 4.94006, 38.1982
21.1863, 2.78148
-4.67688, 21.0583
9.81166, 4.71998
-- ITERATION 14 --
-------------
Particle: 1:
Relays Coordinates:
80.3836, 104.991
171.755, 17.7682
283.743, 193.378
17.5954, 185.307
Evaluation Time: 0.714001 seconds
Resulting Fitness: 0.9
-------------
Particle: 2:
Relays Coordinates:
71.9637, 67.8658
157.825, 134.626
281.886, 24.6044
11.4394, 188.678
Evaluation Time: 0.881041 seconds
Resulting Fitness: 0.944444
-------------
Particle: 3:
Relays Coordinates:
25.6617, 12.4577
105.617, 173.2
175.478, 154.595
85.8657, 0
Evaluation Time: 0.766396 seconds
Resulting Fitness: 0.983333
-------------
Particle: 4:
Relays Coordinates:
75.7717, 123.236
105.3, 131.034
277.325, 148.678
11.4807, 186.279
Evaluation Time: 0.737359 seconds
Resulting Fitness: 0.861111
Current global best fitness: 1
Current global best relays: 76.016, 86.2768
161.493, 132.682
278.258, 136.33
15.4296, 174.793
Particle 1 new velocities: 1.37698, -89.8718
-46.7094, 128.817
-16.7841, 158.142
6.13147, -7.04361
Particle 2 new velocities: 6.86718, 12.4037
3.39812, 4.1104
-3.64227, -66.0081
-2.55494, 1.96391
Particle 3 new velocities: 51.899, 87.0514
92.9971, 11.5533
10.5787, -20.3023
89.1656, 189.247
Particle 4 new velocities: 4.58386, -36.4998
135.569, 4.65334
-2.57411, -6.72639
13.6647, -12.5727
-- ITERATION 15 --
-------------
Particle: 1:
Relays Coordinates:
81.7606, 15.1187
125.046, 146.585
266.959, 300
23.7269, 178.263
Evaluation Time: 0.715169 seconds
Resulting Fitness: 0.855556
-------------
Particle: 2:
Relays Coordinates:
78.8309, 80.2695
161.223, 138.737
278.244, 0
8.88447, 190.642
Evaluation Time: 0.769207 seconds
Resulting Fitness: 0.955556
-------------
Particle: 3:
Relays Coordinates:
77.5607, 99.5091
198.614, 184.754
186.056, 134.293
175.031, 189.247
Evaluation Time: 0.879168 seconds
Resulting Fitness: 0.933333
-------------
Particle: 4:
Relays Coordinates:
80.3555, 86.7365
240.869, 135.687
274.751, 141.952
25.1455, 173.706
Evaluation Time: 0.835301 seconds
Resulting Fitness: 0.877778
Current global best fitness: 1
Current global best relays: 76.016, 86.2768
161.493, 132.682
278.258, 136.33
15.4296, 174.793
Particle 1 new velocities: -6.62362, 79.4996
0.75739, 78.7436
-12.9914, -261.487
-8.91555, -4.71806
Particle 2 new velocities: 5.11791, 14.8391
3.6731, -6.31965
-4.70038, 148.745
4.07549, -23.0862
Particle 3 new velocities: 8.22265, 32.77
-7.11194, -2.02896
68.582, 46.0013
-145.865, 93.924
Particle 4 new velocities: -5.45927, -29.7612
-54.2196, -2.02974
4.11097, -16.008
3.42436, -7.73941
-- ITERATION 16 --
-------------
Particle: 1:
Relays Coordinates:
75.137, 94.6183
125.803, 225.329
253.968, 38.5128
14.8114, 173.545
Evaluation Time: 0.815402 seconds
Resulting Fitness: 0.955556
-------------
Particle: 2:
Relays Coordinates:
83.9488, 95.1085
164.896, 132.417
273.544, 148.745
12.96, 167.556
Evaluation Time: 0.756837 seconds
Resulting Fitness: 1
New local best!
-------------
Particle: 3:
Relays Coordinates:
85.7834, 132.279
191.502, 182.725
254.638, 180.294
29.1662, 283.171
Evaluation Time: 0.804548 seconds
Resulting Fitness: 0.955556
-------------
Particle: 4:
Relays Coordinates:
74.8963, 56.9753
186.649, 133.658
278.862, 125.944
28.5698, 165.966
Evaluation Time: 0.897214 seconds
Resulting Fitness: 0.994444
Current global best fitness: 1
Current global best relays: 76.016, 86.2768
161.493, 132.682
278.258, 136.33
15.4296, 174.793
Particle 1 new velocities: -21.7265, 156.958
4.1429, -156.771
27.5278, 32.4882
-0.27607, 8.87381
Particle 2 new velocities: 1.30459, 4.16422
1.2108, -4.99657
-1.65761, 99.8543
4.43813, -8.82964
Particle 3 new velocities: 0.308436, -43.1701
-28.3515, -84.1972
24.0673, 16.6074
35.8469, 35.6397
Particle 4 new velocities: -2.83985, 20.135
-72.6295, -3.43579
2.39386, 10.1929
-17.2142, 4.3122
-- ITERATION 17 --
-------------
Particle: 1:
Relays Coordinates:
53.4105, 251.577
129.946, 68.5578
281.495, 71.001
14.5353, 182.419
Evaluation Time: 0.710767 seconds
Resulting Fitness: 0.844444
-------------
Particle: 2:
Relays Coordinates:
85.2534, 99.2727
166.107, 127.421
271.886, 248.599
17.3981, 158.726
Evaluation Time: 0.727095 seconds
Resulting Fitness: 0.955556
-------------
Particle: 3:
Relays Coordinates:
86.0918, 89.109
163.151, 98.5275
278.706, 196.902
65.0131, 300
Evaluation Time: 0.72226 seconds
Resulting Fitness: 0.9
-------------
Particle: 4:
Relays Coordinates:
72.0564, 77.1103
114.02, 130.222
281.256, 136.137
11.3556, 170.279
Evaluation Time: 0.759744 seconds
Resulting Fitness: 0.916667
Current global best fitness: 1
Current global best relays: 76.016, 86.2768
161.493, 132.682
278.258, 136.33
15.4296, 174.793
Particle 1 new velocities: -13.7403, -16.3306
40.5003, 41.8803
2.3245, 162.796
0.916424, 6.73685
Particle 2 new velocities: -1.12741, -19.8331
-2.17116, 0.375702
0.760358, -121.578
-2.05073, 15.7101
Particle 3 new velocities: -32.8399, -73.8602
-26.1462, 72.6003
-67.9175, -82.3584
130.353, -339.552
Particle 4 new velocities: 7.84729, 26.6816
3.57622, -0.100996
-2.53515, 8.50276
-10.6249, 14.4361
-- ITERATION 18 --
-------------
Particle: 1:
Relays Coordinates:
39.6702, 235.246
170.446, 110.438
283.82, 233.797
15.4517, 189.156
Evaluation Time: 0.900683 seconds
Resulting Fitness: 0.855556
-------------
Particle: 2:
Relays Coordinates:
84.126, 79.4396
163.936, 127.796
272.647, 127.021
15.3474, 174.436
Evaluation Time: 0.832238 seconds
Resulting Fitness: 0.972222
-------------
Particle: 3:
Relays Coordinates:
53.2519, 15.2488
137.004, 171.128
210.788, 114.543
195.366, 0
Evaluation Time: 0.725394 seconds
Resulting Fitness: 0.922222
-------------
Particle: 4:
Relays Coordinates:
79.9037, 103.792
117.596, 130.121
278.721, 144.64
0.730663, 184.715
Evaluation Time: 0.730796 seconds
Resulting Fitness: 0.894444
Current global best fitness: 1
Current global best relays: 76.016, 86.2768
161.493, 132.682
278.258, 136.33
15.4296, 174.793
Particle 1 new velocities: 56.7978, -258.165
8.37878, 61.6272
-18.3697, -30.2346
8.6337, -15.5138
Particle 2 new velocities: -5.36921, 5.29164
-1.82954, 7.51655
7.96872, -82.1688
-2.95882, 7.68345
Particle 3 new velocities: -19.7422, 37.2991
-17.9036, 34.0853
-4.8131, -28.7553
-71.6447, 254.136
Particle 4 new velocities: -2.27939, 2.06845
43.5235, 3.74509
-2.18039, -10.4452
16.3592, -7.55201
-- ITERATION 19 --
-------------
Particle: 1:
Relays Coordinates:
96.468, 0
178.825, 172.065
265.45, 203.562
24.0854, 173.642
Evaluation Time: 0.783591 seconds
Resulting Fitness: 0.938889
-------------
Particle: 2:
Relays Coordinates:
78.7568, 84.7313
162.106, 135.313
280.615, 44.8519
12.3885, 182.12
Evaluation Time: 0.750585 seconds
Resulting Fitness: 0.955556
-------------
Particle: 3:
Relays Coordinates:
33.5097, 52.5479
119.101, 205.213
205.975, 85.7881
123.721, 254.136
Evaluation Time: 0.816404 seconds
Resulting Fitness: 0.983333
-------------
Particle: 4:
Relays Coordinates:
77.6243, 105.86
161.119, 133.866
276.541, 134.194
17.0899, 177.163
Evaluation Time: 0.812115 seconds
Resulting Fitness: 1
Current global best fitness: 1
Current global best relays: 76.016, 86.2768
161.493, 132.682
278.258, 136.33
15.4296, 174.793
Particle 1 new velocities: -24.7724, 174.09
-24.5719, -7.32551
-12.5039, -117.323
-2.93778, -3.59046
Particle 2 new velocities: -4.24853, 10.8906
-1.14816, 3.47469
-0.131212, 100.701
-1.65623, -17.4453
Particle 3 new velocities: 23.5299, 45.694
26.3693, -64.5276
27.7931, 65.2727
-129.603, 81.4091
Particle 4 new velocities: -5.4715, -27.1774
35.1219, 1.76745
2.16926, -4.31326
10.0443, -10.2866
-- ITERATION 20 --
-------------
Particle: 1:
Relays Coordinates:
71.6956, 174.09
154.253, 164.74
252.946, 86.2386
21.1476, 170.051
Evaluation Time: 0.723235 seconds
Resulting Fitness: 0.983333
New local best!
-------------
Particle: 2:
Relays Coordinates:
74.5083, 95.6219
160.958, 138.787
280.484, 145.553
10.7323, 164.674
Evaluation Time: 0.715023 seconds
Resulting Fitness: 1
-------------
Particle: 3:
Relays Coordinates:
57.0396, 98.2418
145.47, 140.685
233.768, 151.061
0, 300
Evaluation Time: 0.70044 seconds
Resulting Fitness: 0.933333
-------------
Particle: 4:
Relays Coordinates:
72.1528, 78.683
196.241, 135.633
278.71, 129.881
27.1342, 166.876
Evaluation Time: 0.751939 seconds
Resulting Fitness: 1
Current global best fitness: 1
Current global best relays: 76.016, 86.2768
161.493, 132.682
278.258, 136.33
15.4296, 174.793
Particle 1 new velocities: -18.4144, 64.4104
-15.0554, -20.6564
-9.03626, -76.6729
-5.00226, 1.87891
Particle 2 new velocities: 2.47021, 1.74063
2.10065, -11.6467
-8.85224, 71.2977
2.68364, -7.79716
Particle 3 new velocities: 35.8901, -35.5483
-0.749709, -53.2329
16.5576, 85.2337
198.361, -231.213
Particle 4 new velocities: 0.80567, -17.2738
-9.43158, -3.71502
1.5348, -0.976432
-6.60741, -3.18845
-- ITERATION 21 --
-------------
Particle: 1:
Relays Coordinates:
53.2812, 238.5
139.198, 144.083
243.91, 9.56562
16.1454, 171.93
Evaluation Time: 0.797141 seconds
Resulting Fitness: 0.938889
-------------
Particle: 2:
Relays Coordinates:
76.9785, 97.3625
163.059, 127.141
271.632, 216.851
13.4159, 156.877
Evaluation Time: 0.817961 seconds
Resulting Fitness: 0.977778
-------------
Particle: 3:
Relays Coordinates:
92.9296, 62.6936
144.72, 87.4525
250.326, 236.295
198.361, 68.7873
Evaluation Time: 0.686124 seconds
Resulting Fitness: 0.777778
-------------
Particle: 4:
Relays Coordinates:
72.9585, 61.4092
186.81, 131.918
280.245, 128.905
20.5268, 163.688
Evaluation Time: 0.779992 seconds
Resulting Fitness: 1
Current global best fitness: 1
Current global best relays: 76.016, 86.2768
161.493, 132.682
278.258, 136.33
15.4296, 174.793
Particle 1 new velocities: -10.7011, -25.99
9.61665, -24.0069
46.7498, 31.0155
1.29158, 3.24119
Particle 2 new velocities: 6.9093, -12.0471
0.926223, -1.5723
5.7626, -87.6428
1.66333, 5.28429
Particle 3 new velocities: 2.89882, -47.3831
-11.038, 137.703
-21.2974, -86.1919
11.0787, -82.1968
Particle 4 new velocities: 2.50814, 18.3832
-53.4206, -1.08557
-2.56296, 12.9241
-14.5073, 26.0196
-- ITERATION 22 --
-------------
Particle: 1:
Relays Coordinates:
42.58, 212.51
148.814, 120.077
290.66, 40.5811
17.4369, 175.172
Evaluation Time: 0.830011 seconds
Resulting Fitness: 0.888889
-------------
Particle: 2:
Relays Coordinates:
83.8878, 85.3153
163.985, 125.568
277.394, 129.208
15.0793, 162.161
Evaluation Time: 0.938557 seconds
Resulting Fitness: 0.977778
-------------
Particle: 3:
Relays Coordinates:
95.8284, 15.3105
133.682, 225.156
229.028, 150.103
209.439, 0
Evaluation Time: 0.938028 seconds
Resulting Fitness: 0.972222
-------------
Particle: 4:
Relays Coordinates:
75.4666, 79.7924
133.389, 130.833
277.682, 141.829
6.01949, 189.707
Evaluation Time: 0.737638 seconds
Resulting Fitness: 1
Current global best fitness: 1
Current global best relays: 76.016, 86.2768
161.493, 132.682
278.258, 136.33
15.4296, 174.793
Particle 1 new velocities: 65.1358, -214.92
22.8495, 12.3259
-8.84396, 213.158
1.85251, 1.36998
Particle 2 new velocities: -7.45228, -4.34293
-2.6863, 12.429
5.17682, -46.3727
1.36817, 19.3144
Particle 3 new velocities: -97.3313, -34.7787
20.5227, 79.2104
-10.4097, -71.5207
10.7422, 304.825
Particle 4 new velocities: 2.85093, 22.7627
8.71007, 0.655057
-0.629889, -2.67166
4.10353, 12.7145
-- ITERATION 23 --
-------------
Particle: 1:
Relays Coordinates:
107.716, 0
171.664, 132.402
281.816, 253.739
19.2895, 176.541
Evaluation Time: 0.722112 seconds
Resulting Fitness: 0.961111
-------------
Particle: 2:
Relays Coordinates:
76.4355, 80.9724
161.299, 137.997
282.571, 82.8353
16.4474, 181.476
Evaluation Time: 0.742627 seconds
Resulting Fitness: 0.972222
-------------
Particle: 3:
Relays Coordinates:
0, 0
154.205, 300
218.619, 78.5819
220.182, 300
Evaluation Time: 0.633576 seconds
Resulting Fitness: 0.672222
-------------
Particle: 4:
Relays Coordinates:
78.3176, 102.555
142.099, 131.488
277.052, 139.157
10.123, 202.422
Evaluation Time: 0.74592 seconds
Resulting Fitness: 0.994444
Current global best fitness: 1
Current global best relays: 76.016, 86.2768
161.493, 132.682
278.258, 136.33
15.4296, 174.793
Particle 1 new velocities: 4.12693, 169.249
10.3574, 16.4787
-41.2115, 55.9373
-0.480869, -3.74218
Particle 2 new velocities: -6.22399, 5.03094
1.16615, -0.513463
-1.87245, 104.512
-0.553123, 3.12877
Particle 3 new velocities: 68.4221, 20.6531
-18.8877, -331.663
17.1185, 18.9784
-310.322, -320.502
Particle 4 new velocities: -1.01473, 5.24597
51.5132, 1.95176
0.883316, -6.43027
9.09303, -23.3095
-- ITERATION 24 --
-------------
Particle: 1:
Relays Coordinates:
111.843, 169.249
182.021, 148.881
240.604, 300
18.8086, 172.799
Evaluation Time: 0.747153 seconds
Resulting Fitness: 0.994444
New local best!
-------------
Particle: 2:
Relays Coordinates:
70.2115, 86.0034
162.465, 137.484
280.699, 187.348
15.8943, 184.605
Evaluation Time: 0.78489 seconds
Resulting Fitness: 1
-------------
Particle: 3:
Relays Coordinates:
68.4221, 20.6531
135.317, 0
235.737, 97.5603
0, 0
Evaluation Time: 0.647968 seconds
Resulting Fitness: 0.722222
-------------
Particle: 4:
Relays Coordinates:
77.3028, 107.801
193.612, 133.44
277.935, 132.727
19.2161, 179.112
Evaluation Time: 0.705858 seconds
Resulting Fitness: 0.994444
Current global best fitness: 1
Current global best relays: 76.016, 86.2768
161.493, 132.682
278.258, 136.33
15.4296, 174.793
Particle 1 new velocities: -1.7228, 118.615
-26.9102, 10.3681
-28.6164, -289.901
-3.23349, -1.26275
Particle 2 new velocities: 9.15334, 8.26376
1.01811, -1.254
-8.14547, 49.2858
-4.35107, -30.2084
Particle 3 new velocities: 40.2755, 38.1393
9.93661, 263.412
44.9441, 133.442
252.619, 76.4219
Particle 4 new velocities: -1.3163, -19.1163
-17.247, -0.478398
0.89971, -1.04987
2.37783, -22.7618
-- ITERATION 25 --
-------------
Particle: 1:
Relays Coordinates:
110.12, 287.864
155.111, 159.249
211.988, 10.0986
15.5751, 171.537
Evaluation Time: 0.773379 seconds
Resulting Fitness: 0.961111
-------------
Particle: 2:
Relays Coordinates:
79.3648, 94.2671
163.483, 136.23
272.553, 236.634
11.5432, 154.396
Evaluation Time: 0.747809 seconds
Resulting Fitness: 0.977778
-------------
Particle: 3:
Relays Coordinates:
108.698, 58.7924
145.254, 263.412
280.681, 231.002
252.619, 76.4219
Evaluation Time: 0.848905 seconds
Resulting Fitness: 0.872222
-------------
Particle: 4:
Relays Coordinates:
75.9865, 88.6847
176.365, 132.961
278.835, 131.677
21.5939, 156.35
Evaluation Time: 0.801371 seconds
Resulting Fitness: 0.988889
Current global best fitness: 1
Current global best relays: 76.016, 86.2768
161.493, 132.682
278.258, 136.33
15.4296, 174.793
Particle 1 new velocities: -42.878, 57.0144
3.46015, -2.40611
65.7812, 103.994
0.665172, 2.03597
Particle 2 new velocities: 5.84825, -0.998765
0.270551, -4.30778
1.84803, -144.806
1.88553, 25.523
Particle 3 new velocities: -31.8072, 24.8577
2.71325, 194.112
0.896364, 19.3301
-32.2573, 82.0036
Particle 4 new velocities: -1.02136, -16.2205
-42.8582, -0.502032
-0.0186958, 0.108054
-10.4777, 4.07687
-- ITERATION 26 --
-------------
Particle: 1:
Relays Coordinates:
67.2419, 300
158.571, 156.843
277.769, 114.093
16.2403, 173.573
Evaluation Time: 0.779886 seconds
Resulting Fitness: 0.961111
-------------
Particle: 2:
Relays Coordinates:
85.2131, 93.2684
163.754, 131.922
274.401, 91.8277
13.4288, 179.919
Evaluation Time: 0.827665 seconds
Resulting Fitness: 0.955556
-------------
Particle: 3:
Relays Coordinates:
76.8904, 83.6502
147.967, 300
281.578, 250.333
220.362, 158.425
Evaluation Time: 0.823084 seconds
Resulting Fitness: 0.811111
-------------
Particle: 4:
Relays Coordinates:
74.9652, 72.4642
133.507, 132.459
278.816, 131.785
11.1162, 160.427
Evaluation Time: 0.820526 seconds
Resulting Fitness: 0.977778
Current global best fitness: 1
Current global best relays: 76.016, 86.2768
161.493, 132.682
278.258, 136.33
15.4296, 174.793
Particle 1 new velocities: -15.6362, -58.6528
28.6724, -21.1563
17.9741, 125.969
0.0889167, 1.38822
Particle 2 new velocities: -10.0142, -2.62078
-0.280393, -2.41465
2.35844, 16.4358
2.60248, 17.6764
Particle 3 new velocities: -55.0423, -14.5445
-11.1016, -35.0751
-121.845, -18.6811
-247.783, 51.3979
Particle 4 new velocities: 1.11677, 1.34894
13, -0.238164
-1.10872, 10.4554
-1.89191, 37.9577
-- ITERATION 27 --
-------------
Particle: 1:
Relays Coordinates:
51.6057, 241.347
187.244, 135.687
295.743, 240.062
16.3292, 174.961
Evaluation Time: 0.748595 seconds
Resulting Fitness: 0.961111
-------------
Particle: 2:
Relays Coordinates:
75.1988, 90.6476
163.473, 129.508
276.76, 108.263
16.0313, 197.596
Evaluation Time: 0.746444 seconds
Resulting Fitness: 0.988889
-------------
Particle: 3:
Relays Coordinates:
21.8481, 69.1056
136.866, 264.925
159.732, 231.651
0, 209.823
Evaluation Time: 0.726229 seconds
Resulting Fitness: 0.872222
-------------
Particle: 4:
Relays Coordinates:
76.082, 73.8132
146.507, 132.221
277.707, 142.241
9.22428, 198.385
Evaluation Time: 0.734169 seconds
Resulting Fitness: 0.994444
Current global best fitness: 1
Current global best relays: 76.016, 86.2768
161.493, 132.682
278.258, 136.33
15.4296, 174.793
Particle 1 new velocities: 48.273, -259.429
13.7001, -14.6669
6.17145, -38.7849
1.36471, -0.155576
Particle 2 new velocities: -4.7178, -4.97926
-3.56503, 0.804092
0.632933, 62.8346
1.00777, -49.0968
Particle 3 new velocities: 34.967, -16.2968
-5.76964, -59.4673
-26.0806, -35.0018
13.4284, -75.827
Particle 4 new velocities: 0.746166, 30.5406
17.6908, -0.00946187
0.275937, 3.98251
4.49457, 10.1285
-- ITERATION 28 --
-------------
Particle: 1:
Relays Coordinates:
99.8787, 0
200.944, 121.02
300, 201.277
17.6939, 174.805
Evaluation Time: 0.700163 seconds
Resulting Fitness: 0.933333
-------------
Particle: 2:
Relays Coordinates:
70.481, 85.6683
159.908, 130.312
277.393, 171.098
17.039, 148.499
Evaluation Time: 0.739876 seconds
Resulting Fitness: 0.988889
-------------
Particle: 3:
Relays Coordinates:
56.8152, 52.8089
131.096, 205.458
133.652, 196.65
13.4284, 133.996
Evaluation Time: 0.729486 seconds
Resulting Fitness: 0.894444
-------------
Particle: 4:
Relays Coordinates:
76.8281, 104.354
164.198, 132.212
277.983, 146.223
13.7188, 208.513
Evaluation Time: 0.780049 seconds
Resulting Fitness: 1
Current global best fitness: 1
Current global best relays: 76.016, 86.2768
161.493, 132.682
278.258, 136.33
15.4296, 174.793
Particle 1 new velocities: 43.001, 100.05
-48.2606, -0.0520939
-96.6975, -67.1575
1.03075, -1.87402
Particle 2 new velocities: 11.8351, 5.563
0.503021, 4.55525
0.763373, -30.5206
-1.72796, -0.121417
Particle 3 new velocities: 25.5454, -2.41127
37.5654, -114.824
138.018, -125.792
102.951, -23.1767
Particle 4 new velocities: -1.10319, 14.3272
12.1755, 0.657379
0.552721, -11.7166
7.60774, -89.1448
-- ITERATION 29 --
-------------
Particle: 1:
Relays Coordinates:
142.88, 100.05
152.683, 120.968
203.302, 134.119
18.7246, 172.931
Evaluation Time: 0.761353 seconds
Resulting Fitness: 0.994444
-------------
Particle: 2:
Relays Coordinates:
82.3162, 91.2313
160.411, 134.867
278.156, 140.577
15.3111, 148.377
Evaluation Time: 0.820557 seconds
Resulting Fitness: 0.988889
-------------
Particle: 3:
Relays Coordinates:
82.3606, 50.3976
168.661, 90.6336
271.669, 70.8575
116.38, 110.82
Evaluation Time: 0.747106 seconds
Resulting Fitness: 0.861111
-------------
Particle: 4:
Relays Coordinates:
75.7249, 118.681
176.373, 132.869
278.536, 134.506
21.3266, 119.369
Evaluation Time: 0.717456 seconds
Resulting Fitness: 0.944444
Current global best fitness: 1
Current global best relays: 76.016, 86.2768
161.493, 132.682
278.258, 136.33
15.4296, 174.793
Particle 1 new velocities: -112.614, 84.6721
-5.40689, 31.0834
0.637668, -23.7852
-3.7731, 0.373334
Particle 2 new velocities: 7.60102, 3.78307
3.68422, 0.775356
0.15517, -17.3493
-1.98842, 53.91
Particle 3 new velocities: -38.2749, 50.7462
-1.49405, 102.331
97.4259, -8.91479
-14.7004, 49.2339
Particle 4 new velocities: -0.725043, -57.1416
-26.2777, 0.218698
-0.199281, -5.22552
-4.30129, -20.3422
-- ITERATION 30 --
-------------
Particle: 1:
Relays Coordinates:
30.2659, 184.722
147.276, 152.051
203.94, 110.334
14.9515, 173.304
Evaluation Time: 0.812201 seconds
Resulting Fitness: 0.961111
-------------
Particle: 2:
Relays Coordinates:
89.9172, 95.0144
164.095, 135.642
278.311, 123.228
13.3226, 202.287
Evaluation Time: 0.756575 seconds
Resulting Fitness: 1
-------------
Particle: 3:
Relays Coordinates:
44.0857, 101.144
167.167, 192.964
300, 61.9427
101.679, 160.053
Evaluation Time: 0.752268 seconds
Resulting Fitness: 0.922222
-------------
Particle: 4:
Relays Coordinates:
74.9999, 61.5394
150.096, 133.088
278.337, 129.281
17.0253, 99.0265
Evaluation Time: 0.797299 seconds
Resulting Fitness: 0.916667
Current global best fitness: 1
Current global best relays: 76.016, 86.2768
161.493, 132.682
278.258, 136.33
15.4296, 174.793
Particle 1 new velocities: 0.114148, -2.11803
33.0713, 6.21929
114.289, 52.0081
-1.31593, -0.176214
Particle 2 new velocities: -8.25793, 3.06074
2.58304, -3.83192
-4.2739, 17.2752
1.74261, 7.03222
Particle 3 new velocities: -24.1107, -26.5914
-88.7518, 94.7023
-65.444, 198.729
84.8415, 39.1924
Particle 4 new velocities: 1.03466, -13.7021
-2.6725, -0.459025
-0.222559, 0.985429
-5.66889, 74.6268
-- ITERATION 31 --
-------------
Particle: 1:
Relays Coordinates:
30.3801, 182.604
180.348, 158.271
300, 162.342
13.6356, 173.128
Evaluation Time: 0.71515 seconds
Resulting Fitness: 0.977778
-------------
Particle: 2:
Relays Coordinates:
81.6593, 98.0751
166.679, 131.81
274.037, 140.503
15.0653, 209.32
Evaluation Time: 0.737629 seconds
Resulting Fitness: 1
-------------
Particle: 3:
Relays Coordinates:
19.975, 74.5524
78.4155, 287.667
234.556, 260.672
186.521, 199.246
Evaluation Time: 0.733531 seconds
Resulting Fitness: 0.616667
-------------
Particle: 4:
Relays Coordinates:
76.0345, 47.8374
147.423, 132.629
278.114, 130.266
11.3564, 173.653
Evaluation Time: 0.772155 seconds
Resulting Fitness: 0.972222
Current global best fitness: 1
Current global best relays: 76.016, 86.2768
161.493, 132.682
278.258, 136.33
15.4296, 174.793
Particle 1 new velocities: 71.3017, -32.3174
2.44289, -13.4803
-77.5612, 83.7251
7.338, 0.699811
Particle 2 new velocities: -8.85561, -5.00591
-1.86837, -2.81516
0.867435, 11.5672
1.03984, -89.1196
Particle 3 new velocities: 64.7432, -44.3135
22.1236, -179.316
-120.132, -69.0382
-7.67954, -3.21585
Particle 4 new velocities: 0.803299, 86.4526
28.0643, -0.27803
0.0146878, 12.5542
1.44816, 62.6318
-- ITERATION 32 --
-------------
Particle: 1:
Relays Coordinates:
101.682, 150.287
182.791, 144.79
222.439, 246.067
20.9736, 173.828
Evaluation Time: 0.761497 seconds
Resulting Fitness: 0.988889
-------------
Particle: 2:
Relays Coordinates:
72.8036, 93.0692
164.81, 128.995
274.905, 152.071
16.1051, 120.2
Evaluation Time: 0.7847 seconds
Resulting Fitness: 0.966667
-------------
Particle: 3:
Relays Coordinates:
84.7183, 30.2389
100.539, 108.351
114.424, 191.633
178.841, 196.03
Evaluation Time: 0.899373 seconds
Resulting Fitness: 0.927778
-------------
Particle: 4:
Relays Coordinates:
76.8378, 134.29
175.488, 132.351
278.129, 142.82
12.8046, 236.285
Evaluation Time: 0.77662 seconds
Resulting Fitness: 0.983333
Current global best fitness: 1
Current global best relays: 76.016, 86.2768
161.493, 132.682
278.258, 136.33
15.4296, 174.793
Particle 1 new velocities: 17.5043, -67.9369
-34.7804, -10.5011
15.3841, -6.08233
4.01273, 2.01713
Particle 2 new velocities: 8.92753, -10.234
-5.11313, 5.5642
2.09238, -21.3167
-1.97244, 7.85645
Particle 3 new velocities: 32.6724, 50.7243
83.7007, -56.0012
140.435, -102.993
-155.137, -108.741
Particle 4 new velocities: -0.754323, -36.6276
-3.75617, 0.329941
0.0889649, -4.57332
5.56468, -22.4726
-- ITERATION 33 --
-------------
Particle: 1:
Relays Coordinates:
119.186, 82.3497
148.01, 134.289
237.823, 239.985
24.9863, 175.845
Evaluation Time: 0.784509 seconds
Resulting Fitness: 0.972222
-------------
Particle: 2:
Relays Coordinates:
81.7312, 82.8352
159.697, 134.559
276.997, 130.754
14.1327, 128.056
Evaluation Time: 0.728142 seconds
Resulting Fitness: 0.955556
-------------
Particle: 3:
Relays Coordinates:
117.391, 80.9632
184.24, 52.3501
254.859, 88.6408
23.7043, 87.289
Evaluation Time: 0.715252 seconds
Resulting Fitness: 0.8
-------------
Particle: 4:
Relays Coordinates:
76.0835, 97.6624
171.731, 132.68
278.218, 138.247
18.3693, 213.813
Evaluation Time: 0.803162 seconds
Resulting Fitness: 1
Current global best fitness: 1
Current global best relays: 76.016, 86.2768
161.493, 132.682
278.258, 136.33
15.4296, 174.793
Particle 1 new velocities: -55.2881, 49.3215
-20.0205, 2.37713
14.4713, 2.64608
-11.0583, -2.32947
Particle 2 new velocities: 4.38501, -5.31024
-0.412157, 0.827645
-0.783091, -10.2331
-1.72195, 40.2516
Particle 3 new velocities: -116.331, -23.4942
-0.97356, 101.855
38.5996, -16.3104
6.12403, -28.2341
Particle 4 new velocities: -0.758806, -52.1731
-19.2462, 0.265398
0.115607, -5.17564
-1.59428, -75.8161
-- ITERATION 34 --
-------------
Particle: 1:
Relays Coordinates:
63.898, 131.671
127.99, 136.666
252.294, 242.631
13.928, 173.516
Evaluation Time: 0.693259 seconds
Resulting Fitness: 0.883333
-------------
Particle: 2:
Relays Coordinates:
86.1162, 77.5249
159.285, 135.387
276.214, 120.521
12.4107, 168.308
Evaluation Time: 0.740677 seconds
Resulting Fitness: 1
-------------
Particle: 3:
Relays Coordinates:
1.05917, 57.469
183.266, 154.205
293.459, 72.3304
29.8283, 59.0549
Evaluation Time: 0.663535 seconds
Resulting Fitness: 0.922222
-------------
Particle: 4:
Relays Coordinates:
75.3247, 45.4892
152.485, 132.946
278.333, 133.072
16.775, 137.996
Evaluation Time: 0.701162 seconds
Resulting Fitness: 0.983333
Current global best fitness: 1
Current global best relays: 76.016, 86.2768
161.493, 132.682
278.258, 136.33
15.4296, 174.793
Particle 1 new velocities: 7.45584, 45.9944
47.4611, 11.7058
30.3908, -54.0336
-4.24055, -0.0577129
Particle 2 new velocities: 1.41204, 20.3814
2.60921, -1.83803
-2.55913, 40.1342
-1.03732, 41.4183
Particle 3 new velocities: -32.103, 11.1989
-94.9687, 142.269
-101.4, 188.581
26.9607, 189.22
Particle 4 new velocities: 0.420574, 15.5916
-4.98658, -0.029055
-0.0791364, 0.303362
-1.55528, 45.6131
-- ITERATION 35 --
-------------
Particle: 1:
Relays Coordinates:
71.3539, 177.666
175.451, 148.372
282.685, 188.597
9.68746, 173.458
Evaluation Time: 0.851995 seconds
Resulting Fitness: 0.994444
-------------
Particle: 2:
Relays Coordinates:
87.5282, 97.9063
161.894, 133.549
273.655, 160.655
11.3734, 209.726
Evaluation Time: 0.82603 seconds
Resulting Fitness: 1
-------------
Particle: 3:
Relays Coordinates:
0, 68.6678
88.2976, 296.474
192.058, 260.911
56.789, 248.275
Evaluation Time: 0.677745 seconds
Resulting Fitness: 0.644444
-------------
Particle: 4:
Relays Coordinates:
75.7453, 61.0809
147.499, 132.917
278.254, 133.375
15.2197, 183.61
Evaluation Time: 0.878868 seconds
Resulting Fitness: 1
Current global best fitness: 1
Current global best relays: 76.016, 86.2768
161.493, 132.682
278.258, 136.33
15.4296, 174.793
Particle 1 new velocities: 24.0181, -32.9347
20.0785, 9.06981
22.3691, 70.087
9.91134, 0.912106
Particle 2 new velocities: -23.3694, 5.68496
4.48204, -2.5855
0.0514274, -0.511158
1.78454, -69.8242
Particle 3 new velocities: 111.55, 26.8544
-35.0803, -136.692
-65.8562, 123.639
122.974, -95.7725
Particle 4 new velocities: 0.651139, 15.4153
11.3998, -0.221747
-0.0592503, 3.362
-0.892593, 27.3753
-- ITERATION 36 --
-------------
Particle: 1:
Relays Coordinates:
95.372, 144.731
195.529, 157.442
300, 258.684
19.5988, 174.37
Evaluation Time: 0.785203 seconds
Resulting Fitness: 1
New local best!
-------------
Particle: 2:
Relays Coordinates:
64.1589, 103.591
166.376, 130.964
273.706, 160.144
13.1579, 139.902
Evaluation Time: 0.742426 seconds
Resulting Fitness: 0.983333
-------------
Particle: 3:
Relays Coordinates:
111.55, 95.5222
53.2173, 159.782
126.202, 300
179.763, 152.502
Evaluation Time: 0.914815 seconds
Resulting Fitness: 0.983333
-------------
Particle: 4:
Relays Coordinates:
76.3964, 76.4962
158.898, 132.695
278.195, 136.737
14.3271, 210.985
Evaluation Time: 0.811668 seconds
Resulting Fitness: 0.988889
Current global best fitness: 1
Current global best relays: 76.016, 86.2768
161.493, 132.682
278.258, 136.33
15.4296, 174.793
Particle 1 new velocities: -9.38617, -53.418
7.69913, -10.5784
-32.417, -30.8594
1.82275, 1.25899
Particle 2 new velocities: -8.92138, -17.3115
-2.78598, 0.258444
7.47195, -47.5007
5.17145, -0.776069
Particle 3 new velocities: -37.3722, -64.6156
30.0931, -104.133
120.548, -303.236
37.6474, -95.8604
Particle 4 new velocities: 0.417003, 21.4473
15.9702, -0.191417
0.0313584, 2.14469
0.119952, -21.3368
-- ITERATION 37 --
-------------
Particle: 1:
Relays Coordinates:
85.9858, 91.3129
203.228, 146.864
267.583, 227.825
21.4216, 175.629
Evaluation Time: 0.899017 seconds
Resulting Fitness: 0.977778
-------------
Particle: 2:
Relays Coordinates:
55.2375, 86.2798
163.59, 131.222
281.178, 112.643
18.3294, 139.126
Evaluation Time: 0.805462 seconds
Resulting Fitness: 0.966667
-------------
Particle: 3:
Relays Coordinates:
74.1783, 30.9066
83.3104, 55.6494
246.75, 0
217.41, 56.6417
Evaluation Time: 0.616746 seconds
Resulting Fitness: 0.705556
-------------
Particle: 4:
Relays Coordinates:
76.8134, 97.9435
174.869, 132.504
278.226, 138.882
14.4471, 189.648
Evaluation Time: 0.816642 seconds
Resulting Fitness: 1
Current global best fitness: 1
Current global best relays: 76.016, 86.2768
161.493, 132.682
278.258, 136.33
15.4296, 174.793
Particle 1 new velocities: -9.14023, 0.231183
-55.3551, -4.55325
-7.41486, -102.106
-1.65288, 0.28796
Particle 2 new velocities: 58.7958, -13.4138
-2.87245, 3.11875
-5.41939, 7.96917
-0.0978105, 38.825
Particle 3 new velocities: -73.33, -43.9419
178.299, 152.52
87.8786, 182.729
-309.76, 108.823
Particle 4 new velocities: -1.61433, -2.11306
-2.23988, 0.232896
0.0452504, -3.82102
1.65646, -25.4806
-- ITERATION 38 --
-------------
Particle: 1:
Relays Coordinates:
76.8456, 91.5441
147.873, 142.31
260.168, 125.719
19.7687, 175.917
Evaluation Time: 0.865902 seconds
Resulting Fitness: 0.994444
-------------
Particle: 2:
Relays Coordinates:
114.033, 72.866
160.718, 134.341
275.759, 120.612
18.2316, 177.951
Evaluation Time: 0.806873 seconds
Resulting Fitness: 0.977778
-------------
Particle: 3:
Relays Coordinates:
0.848337, 0
261.609, 208.169
300, 182.729
0, 165.465
Evaluation Time: 0.677124 seconds
Resulting Fitness: 0.694444
-------------
Particle: 4:
Relays Coordinates:
75.1991, 95.8304
172.629, 132.737
278.272, 135.061
16.1035, 164.167
Evaluation Time: 0.76156 seconds
Resulting Fitness: 0.994444
Current global best fitness: 1
Current global best relays: 76.016, 86.2768
161.493, 132.682
278.258, 136.33
15.4296, 174.793
Particle 1 new velocities: 9.31278, 52.9325
-18.1236, 5.79841
44.0184, -63.8251
-6.40424, -1.25379
Particle 2 new velocities: -2.32945, 16.5313
0.837289, 0.190083
-4.57661, 45.8801
-5.4199, 24.0317
Particle 3 new velocities: 46.4298, 18.4486
29.2715, 110.723
-18.1581, 92.802
173.713, 76.766
Particle 4 new velocities: 0.765214, -18.8023
-8.29496, 0.0872319
0.0219632, -1.59165
-0.243728, -10.2984
-- ITERATION 39 --
-------------
Particle: 1:
Relays Coordinates:
86.1583, 144.477
129.75, 148.109
300, 61.8936
13.3644, 174.663
Evaluation Time: 0.700374 seconds
Resulting Fitness: 0.883333
-------------
Particle: 2:
Relays Coordinates:
111.704, 89.3973
161.555, 134.531
271.182, 166.492
12.8117, 201.983
Evaluation Time: 0.765076 seconds
Resulting Fitness: 0.966667
-------------
Particle: 3:
Relays Coordinates:
47.2781, 18.4486
290.881, 300
281.842, 275.531
173.713, 242.231
Evaluation Time: 0.600943 seconds
Resulting Fitness: 0.577778
-------------
Particle: 4:
Relays Coordinates:
75.9643, 77.0281
164.334, 132.824
278.294, 133.469
15.8598, 153.869
Evaluation Time: 0.787628 seconds
Resulting Fitness: 0.994444
Current global best fitness: 1
Current global best relays: 76.016, 86.2768
161.493, 132.682
278.258, 136.33
15.4296, 174.793
Particle 1 new velocities: 8.22833, -37.2751
77.3708, -13.3742
-28.1728, 118.225
-0.599513, -1.11339
Particle 2 new velocities: -35.684, 15.3084
2.46753, -2.38815
-2.00316, -32.2867
-0.589181, -31.2187
Particle 3 new velocities: 59.7426, 89.4178
-88.5787, -22.936
-33.6947, -108.031
-56.3488, -30.8464
Particle 4 new velocities: 0.700787, 5.53689
-10.4688, -0.193686
-0.0202601, 4.95225
-1.21582, 4.48472
-- ITERATION 40 --
-------------
Particle: 1:
Relays Coordinates:
94.3867, 107.202
207.12, 134.735
271.827, 180.118
12.7649, 173.55
Evaluation Time: 0.883602 seconds
Resulting Fitness: 0.961111
-------------
Particle: 2:
Relays Coordinates:
76.0198, 104.706
164.022, 132.143
269.179, 134.206
12.2225, 170.764
Evaluation Time: 0.832079 seconds
Resulting Fitness: 0.994444
-------------
Particle: 3:
Relays Coordinates:
107.021, 107.866
202.302, 277.064
248.147, 167.5
117.364, 211.385
Evaluation Time: 0.918973 seconds
Resulting Fitness: 0.994444
New local best!
-------------
Particle: 4:
Relays Coordinates:
76.6651, 82.565
153.865, 132.63
278.273, 138.421
14.644, 158.354
Evaluation Time: 0.807753 seconds
Resulting Fitness: 1
Current global best fitness: 1
Current global best relays: 76.016, 86.2768
161.493, 132.682
278.258, 136.33
15.4296, 174.793
Particle 1 new velocities: 6.29958, 8.54365
-24.0292, 4.72495
13.006, 96.4231
5.94746, 0.568999
Particle 2 new velocities: -23.3803, -16.4845
0.492824, -1.82403
13.1731, -6.80097
0.224, -24.7596
Particle 3 new velocities: -1.69424, 59.7428
-138.557, -106.399
19.8436, -130.072
-218.061, -31.4293
Particle 4 new velocities: -0.64295, 10.9894
-5.1582, -0.0374291
-0.0469428, 0.685931
0.858866, 19.6675
-- ITERATION 41 --
-------------
Particle: 1:
Relays Coordinates:
100.686, 115.745
183.091, 139.459
284.833, 276.542
18.7124, 174.119
Evaluation Time: 0.830074 seconds
Resulting Fitness: 1
-------------
Particle: 2:
Relays Coordinates:
52.6395, 88.2212
164.515, 130.319
282.352, 127.405
12.4465, 146.004
Evaluation Time: 0.720571 seconds
Resulting Fitness: 0.972222
-------------
Particle: 3:
Relays Coordinates:
105.326, 167.609
63.7453, 170.665
267.991, 37.4285
0, 179.955
Evaluation Time: 0.734082 seconds
Resulting Fitness: 0.838889
-------------
Particle: 4:
Relays Coordinates:
76.0222, 93.5544
148.707, 132.593
278.226, 139.107
15.5028, 178.021
Evaluation Time: 0.864414 seconds
Resulting Fitness: 0.994444
Current global best fitness: 1
Current global best relays: 76.016, 86.2768
161.493, 132.682
278.258, 136.33
15.4296, 174.793
Particle 1 new velocities: -28.7488, 4.2334
-32.0876, 2.21073
17.2789, -113.848
3.81505, 0.822516
Particle 2 new velocities: 27.1652, -11.6496
-1.38954, 1.10684
6.10156, 2.44176
3.54948, 2.03127
Particle 3 new velocities: -26.4976, -69.7807
32.0472, -25.0293
8.28082, 21.1526
101.086, -9.59677
Particle 4 new velocities: -0.52054, -4.34324
14.8881, 0.159328
-0.0017488, -1.60624
0.516712, 12.319
-- ITERATION 42 --
-------------
Particle: 1:
Relays Coordinates:
71.9375, 119.979
151.004, 141.67
300, 162.693
22.5274, 174.941
Evaluation Time: 0.786638 seconds
Resulting Fitness: 0.994444
-------------
Particle: 2:
Relays Coordinates:
79.8047, 76.5716
163.126, 131.425
288.454, 129.846
15.996, 148.036
Evaluation Time: 0.836523 seconds
Resulting Fitness: 0.994444
-------------
Particle: 3:
Relays Coordinates:
78.8288, 97.8285
95.7925, 145.636
276.272, 58.5811
101.086, 170.359
Evaluation Time: 0.718298 seconds
Resulting Fitness: 0.827778
-------------
Particle: 4:
Relays Coordinates:
75.5016, 89.2111
163.595, 132.752
278.225, 137.501
16.0195, 190.34
Evaluation Time: 0.878012 seconds
Resulting Fitness: 1
Current global best fitness: 1
Current global best relays: 76.016, 86.2768
161.493, 132.682
278.258, 136.33
15.4296, 174.793
Particle 1 new velocities: -11.4853, 21.0071
10.0611, 5.43873
-10.5963, -25.8752
-9.34598, 0.377328
Particle 2 new velocities: 18.1669, 14.6423
-3.13567, 1.79138
-15.2344, 21.9329
0.783309, 30.3127
Particle 3 new velocities: -20.8689, -58.5968
204.826, 8.29491
-8.90848, 192.606
-58.1431, 39.8109
Particle 4 new velocities: 0.480398, -9.19708
9.61316, -0.00261822
0.0420025, -2.13412
-0.70162, -21.3011
-- ITERATION 43 --
-------------
Particle: 1:
Relays Coordinates:
60.4521, 140.986
161.065, 147.109
289.404, 136.818
13.1814, 175.319
Evaluation Time: 0.710164 seconds
Resulting Fitness: 1
-------------
Particle: 2:
Relays Coordinates:
97.9715, 91.2139
159.99, 133.217
273.219, 151.779
16.7793, 178.348
Evaluation Time: 0.775433 seconds
Resulting Fitness: 1
-------------
Particle: 3:
Relays Coordinates:
57.9599, 39.2316
300, 153.931
267.363, 251.187
42.9429, 210.169
Evaluation Time: 0.72063 seconds
Resulting Fitness: 0.561111
-------------
Particle: 4:
Relays Coordinates:
75.982, 80.014
173.208, 132.749
278.267, 135.367
15.3179, 169.039
Evaluation Time: 0.945407 seconds
Resulting Fitness: 0.994444
Current global best fitness: 1
Current global best relays: 76.016, 86.2768
161.493, 132.682
278.258, 136.33
15.4296, 174.793
Particle 1 new velocities: 32.363, -50.0126
13.59, -11.5528
-13.7676, 71.303
0.458537, -0.871724
Particle 2 new velocities: -21.8493, 5.80918
-0.0782225, -0.17213
-9.90845, -0.465389
-1.00976, 7.77669
Particle 3 new velocities: -7.52775, 39.2887
-73.3671, 128.638
5.77062, -2.65411
-32.9558, 29.4524
Particle 4 new velocities: 0.436541, 1.45741
-8.08962, -0.0567182
0.0227609, -0.491767
-0.324206, -6.44283
-- ITERATION 44 --
-------------
Particle: 1:
Relays Coordinates:
92.8151, 90.973
174.655, 135.556
275.636, 208.121
13.64, 174.447
Evaluation Time: 0.739243 seconds
Resulting Fitness: 0.994444
-------------
Particle: 2:
Relays Coordinates:
76.1222, 97.023
159.912, 133.045
263.311, 151.314
15.7695, 186.125
Evaluation Time: 0.776169 seconds
Resulting Fitness: 1
-------------
Particle: 3:
Relays Coordinates:
50.4322, 78.5203
226.633, 282.569
273.134, 248.533
9.98717, 239.622
Evaluation Time: 0.683014 seconds
Resulting Fitness: 0.716667
-------------
Particle: 4:
Relays Coordinates:
76.4186, 81.4715
165.118, 132.693
278.289, 134.875
14.9937, 162.596
Evaluation Time: 0.826242 seconds
Resulting Fitness: 0.988889
Current global best fitness: 1
Current global best relays: 76.016, 86.2768
161.493, 132.682
278.258, 136.33
15.4296, 174.793
Particle 1 new velocities: 4.06095, -24.9392
15.5727, 4.32562
19.0482, 5.39604
4.49853, -0.316159
Particle 2 new velocities: -9.87281, 4.32102
2.48024, -0.730248
18.6536, -23.9005
-3.57761, -16.0048
Particle 3 new velocities: 52.4677, 48.589
-182.137, -18.602
5.34671, -79.0459
75.9836, -32.7284
Particle 4 new velocities: -0.193077, 11.2691
-13.7274, -0.0669985
-0.025241, 1.37084
0.00815999, 6.42007
-- ITERATION 45 --
-------------
Particle: 1:
Relays Coordinates:
96.876, 66.0338
190.227, 139.882
294.684, 213.517
18.1385, 174.131
Evaluation Time: 0.93428 seconds
Resulting Fitness: 0.994444
-------------
Particle: 2:
Relays Coordinates:
66.2494, 101.344
162.392, 132.314
281.965, 127.413
12.1919, 170.12
Evaluation Time: 0.8093 seconds
Resulting Fitness: 0.988889
-------------
Particle: 3:
Relays Coordinates:
102.9, 127.109
44.4963, 263.967
278.48, 169.487
85.9708, 206.894
Evaluation Time: 0.851928 seconds
Resulting Fitness: 0.855556
-------------
Particle: 4:
Relays Coordinates:
76.2255, 92.7406
151.391, 132.626
278.264, 136.246
15.0019, 169.016
Evaluation Time: 0.905143 seconds
Resulting Fitness: 0.994444
Current global best fitness: 1
Current global best relays: 76.016, 86.2768
161.493, 132.682
278.258, 136.33
15.4296, 174.793
Particle 1 new velocities: -14.4061, 68.7842
3.17289, 10.1614
6.75029, 7.13064
2.40714, -0.22501
Particle 2 new velocities: 28.4439, -21.9138
3.86844, 0.00562955
10.5604, -1.45599
-0.799668, -15.0858
Particle 3 new velocities: 19.7715, 14.5598
12.3961, -22.5274
-12.2531, -117.372
-28.6834, -78.5704
Particle 4 new velocities: -0.48574, 5.14248
3.0243, 0.0606259
-0.0308272, 1.21
1.03329, 12.9409
-- ITERATION 46 --
-------------
Particle: 1:
Relays Coordinates:
82.4699, 134.818
193.4, 150.043
300, 220.648
20.5456, 173.906
Evaluation Time: 0.794991 seconds
Resulting Fitness: 0.983333
-------------
Particle: 2:
Relays Coordinates:
94.6933, 79.4302
166.261, 132.32
292.525, 125.957
11.3922, 155.035
Evaluation Time: 0.788709 seconds
Resulting Fitness: 0.988889
-------------
Particle: 3:
Relays Coordinates:
122.671, 141.669
56.8924, 241.44
266.227, 52.1148
57.2874, 128.323
Evaluation Time: 0.729758 seconds
Resulting Fitness: 0.894444
-------------
Particle: 4:
Relays Coordinates:
75.7397, 97.8831
154.415, 132.686
278.233, 137.456
16.0352, 181.957
Evaluation Time: 0.768737 seconds
Resulting Fitness: 0.994444
Current global best fitness: 1
Current global best relays: 76.016, 86.2768
161.493, 132.682
278.258, 136.33
15.4296, 174.793
Particle 1 new velocities: -4.76245, 18.353
-18.9345, -12.6561
-29.665, -96.0343
0.282584, 0.881273
Particle 2 new velocities: -13.9277, 6.28972
-4.78118, 0.0498591
-8.01228, 24.4833
0.128832, 19.2406
Particle 3 new velocities: -11.4664, -68.8305
156.552, -45.1879
-5.50495, 18.0984
40.8104, 61.7539
Particle 4 new velocities: -0.041451, -0.156356
10.7045, 0.0414619
0.0145569, -2.07221
0.00722673, -0.550322
-- ITERATION 47 --
-------------
Particle: 1:
Relays Coordinates:
77.7075, 153.171
174.466, 137.387
270.335, 124.613
20.8282, 174.787
Evaluation Time: 0.746631 seconds
Resulting Fitness: 1
-------------
Particle: 2:
Relays Coordinates:
80.7657, 85.72
161.479, 132.37
284.513, 150.441
11.5211, 174.275
Evaluation Time: 0.801341 seconds
Resulting Fitness: 1
-------------
Particle: 3:
Relays Coordinates:
111.205, 72.8385
213.444, 196.252
260.722, 70.2132
98.0978, 190.077
Evaluation Time: 0.829203 seconds
Resulting Fitness: 0.977778
-------------
Particle: 4:
Relays Coordinates:
75.6983, 97.7267
165.12, 132.728
278.248, 135.384
16.0424, 181.407
Evaluation Time: 0.776174 seconds
Resulting Fitness: 1
Current global best fitness: 1
Current global best relays: 76.016, 86.2768
161.493, 132.682
278.258, 136.33
15.4296, 174.793
Particle 1 new velocities: 3.77759, -78.3931
-5.65546, 5.49423
-8.84896, 83.9788
-1.44989, 0.430355
Particle 2 new velocities: -16.9043, 12.9819
0.113783, 0.555403
-17.0499, -2.41719
5.82786, 14.227
Particle 3 new velocities: -19.9742, -10.5713
77.6545, -46.4518
7.47961, 188.804
-66.4427, 51.0543
Particle 4 new velocities: 0.311979, -9.50389
4.0311, -0.0175862
0.0249545, -0.0974013
-0.839833, -10.6087
-- ITERATION 48 --
-------------
Particle: 1:
Relays Coordinates:
81.4851, 74.7778
168.81, 142.881
261.486, 208.592
19.3783, 175.217
Evaluation Time: 0.882298 seconds
Resulting Fitness: 0.994444
-------------
Particle: 2:
Relays Coordinates:
63.8614, 98.7018
161.593, 132.925
267.463, 148.024
17.3489, 188.502
Evaluation Time: 0.840124 seconds
Resulting Fitness: 1
-------------
Particle: 3:
Relays Coordinates:
91.2306, 62.2672
291.099, 149.8
268.202, 259.017
31.6552, 241.131
Evaluation Time: 0.745329 seconds
Resulting Fitness: 0.622222
-------------
Particle: 4:
Relays Coordinates:
76.0103, 88.2228
169.151, 132.71
278.273, 135.286
15.2026, 170.798
Evaluation Time: 0.796992 seconds
Resulting Fitness: 1
Current global best fitness: 1
Current global best relays: 76.016, 86.2768
161.493, 132.682
278.258, 136.33
15.4296, 174.793
Particle 1 new velocities: 10.2368, 13.5985
23.2932, 15.4796
38.36, -44.6979
-4.44071, -0.886541
Particle 2 new velocities: 10.0253, -0.574716
3.91783, -0.490502
-4.46116, -6.69432
1.75612, -16.4058
Particle 3 new velocities: -26.5173, 12.3638
-117.651, 45.2929
-7.38727, -33.0615
-7.52262, 32.454
Particle 4 new velocities: 0.258991, -10.4302
-8.65213, -0.0773071
0.000857036, 2.08548
-0.366027, -6.59244
-- ITERATION 49 --
-------------
Particle: 1:
Relays Coordinates:
91.7218, 88.3763
192.104, 158.361
299.846, 163.894
14.9376, 174.331
Evaluation Time: 0.872037 seconds
Resulting Fitness: 0.994444
-------------
Particle: 2:
Relays Coordinates:
73.8867, 98.1271
165.511, 132.435
263.002, 141.329
19.1051, 172.096
Evaluation Time: 0.833561 seconds
Resulting Fitness: 1
-------------
Particle: 3:
Relays Coordinates:
64.7134, 74.631
173.448, 195.093
260.815, 225.955
24.1325, 273.585
Evaluation Time: 0.814606 seconds
Resulting Fitness: 0.777778
-------------
Particle: 4:
Relays Coordinates:
76.2693, 77.7926
160.499, 132.633
278.274, 137.372
14.8365, 164.206
Evaluation Time: 0.9345 seconds
Resulting Fitness: 1
Current global best fitness: 1
Current global best relays: 76.016, 86.2768
161.493, 132.682
278.258, 136.33
15.4296, 174.793
Particle 1 new velocities: -12.0302, 69.8729
-1.78667, -30.635
1.40632, -26.5358
-0.959404, -0.563857
Particle 2 new velocities: 18.1736, -12.8681
-1.89128, -0.138518
23.2352, -3.53543
-5.07328, -11.4137
Particle 3 new velocities: -1.26614, 45.2548
-90.2922, 28.2059
-4.03264, -79.8778
12.1926, -67.3102
Particle 4 new velocities: -0.150511, 2.41829
-4.68765, 0.00875347
-0.0126643, 0.332928
-0.0351527, 0.358114
-------------
Particle: 1:
Relays Coordinates:
79.6916, 158.249
190.317, 127.726
300, 137.358
13.9782, 173.767
Evaluation Time: 0.959418 seconds
Resulting Fitness: 1
-------------
Particle: 2:
Relays Coordinates:
92.0603, 85.259
163.62, 132.296
286.237, 137.794
14.0318, 160.683
Evaluation Time: 0.820138 seconds
Resulting Fitness: 0.988889
-------------
Particle: 3:
Relays Coordinates:
63.4472, 119.886
83.1555, 223.299
256.782, 146.078
36.3251, 206.275
Evaluation Time: 0.741778 seconds
Resulting Fitness: 0.844444
-------------
Particle: 4:
Relays Coordinates:
76.1187, 80.2109
155.811, 132.642
278.261, 137.705
14.8014, 164.564
Evaluation Time: 0.828756 seconds
Resulting Fitness: 1
Final Evaluation Time: 158.208 seconds
Final global best fitness: 1
Final global best relays:
76.016, 86.2768
161.493, 132.682
278.258, 136.33
15.4296, 174.793
